/out/sourcedata/freesurfer/sub-v2s16x51307_ses-1/mri
/opt/freesurfer/bin/talairach_avi
--i orig_nu.mgz --xfm transforms/talairach.auto.xfm
talairach_avi 7.3.2
Linux dna050 5.14.0-427.37.1.el9_4.x86_64 #1 SMP PREEMPT_DYNAMIC Fri Sep 13 12:41:50 EDT 2024 x86_64 x86_64 x86_64 GNU/Linux
Wed Mar 11 11:52:12 CET 2026
mri_convert orig_nu.mgz talsrcimg.img 
reading from orig_nu.mgz...
TR=0.00, TE=0.00, TI=0.00, flip angle=0.00
i_ras = (-1, 0, 0)
j_ras = (0, 0, -1)
k_ras = (0, 1, 0)
writing to talsrcimg.img...
Analyze Output Matrix
-1.00000   0.00000   0.00000   128.99452;
 0.00000   0.00000   1.00000  -122.55737;
 0.00000  -1.00000   0.00000   141.50121;
 0.00000   0.00000   0.00000   1.00000;
--------------------
INFO: set hdr.hist.orient to -1
mpr2mni305 talsrcimg
Wed Mar 11 11:52:12 CET 2026
/opt/freesurfer/bin/mpr2mni305 talsrcimg
mpr2mni305 7.3.2
target=711-2C_as_mni_average_305

---------------------------------------------------------------------
analyzeto4dfp talsrcimg -O0 -y
---------------------------------------------------------------------

freesurfer ifh2hdr.c
Wed Mar 11 11:52:13 2026
Writing: talsrcimg.4dfp.hdr
freesurfer analyzeto4dfp.c
Reading: talsrcimg.hdr
header size 348 bytes
hdr.dime.datatype	offset=70	value=2
hdr.dime.bitpix		offset=72	value=8
hdr.hist.orient		offset=252	value=-1
dimensionality     4
dimensions       256       256       256         1
Reading: talsrcimg.img
Writing: talsrcimg.4dfp.img
Writing: talsrcimg.4dfp.ifh
ifh2hdr talsrcimg -r0to198
ori=2

---------------------------------------------------------------------
gauss_4dfp talsrcimg 1.1
---------------------------------------------------------------------

freesurfer gauss_4dfp.c
Reading: talsrcimg.4dfp.img
Writing: talsrcimg_g11.4dfp.img
image dimensions 256 256 256 padded to 288 288 288
processing volume 1freesurfer ifh2hdr.c
Wed Mar 11 11:52:14 2026
Writing: talsrcimg_g11.4dfp.hdr

Writing: talsrcimg_g11.4dfp.ifh
including: talsrcimg.4dfp.img.rec in talsrcimg_g11.4dfp.img.rec

---------------------------------------------------------------------
imgreg_4dfp /opt/freesurfer/average/711-2C_as_mni_average_305 none talsrcimg_g11 none talsrcimg_to_711-2C_as_mni_average_305_t4 4355
---------------------------------------------------------------------

freesurfer imgreg_4dfp.c
/opt/freesurfer/average/711-2C_as_mni_average_305.4dfp.img
       256       256       256         1
  1.000000  1.000000  1.000000
orientation T byte_order littleendian
Reading image: /opt/freesurfer/average/711-2C_as_mni_average_305.4dfp.img
dimensions:      256       256       256
mmppix:       1.0000   -1.0000   -1.0000
center:     128.0000 -129.0000 -129.0000
talsrcimg_g11.4dfp.img
       256       256       256         1
  1.000000  1.000000  1.000000
orientation T byte_order littleendian
Reading image: talsrcimg_g11.4dfp.img
dimensions:      256       256       256
mmppix:       1.0000   -1.0000   -1.0000
center:     128.0000 -129.0000 -129.0000
t4_read: open error in t4_sub.f l:  41 t4_file(1:l)talsrcimg_to_711-2C_as_mni_average_305_t4 
t4_read: transform initialized to I4
rotation matrix determinant  1.000000
image alignment mode   4355 decimal     1103 hex
   -7.5000  -45.0000  -45.000010060.5859   11.0575
    0.0000  -45.0000  -45.000010560.7295   11.0980
    7.5000  -45.0000  -45.000010141.5537   11.0876
   -7.5000  -37.5000  -45.000010467.7871   11.0022
    0.0000  -37.5000  -45.000010977.4648   11.0420
    7.5000  -37.5000  -45.000010528.8037   11.0343
   -7.5000  -30.0000  -45.000011169.7402   10.7970
    0.0000  -30.0000  -45.000011699.6758   10.8359
    7.5000  -30.0000  -45.000011232.2412   10.8286
   -7.5000  -22.5000  -45.000011782.1074   10.5996
    0.0000  -22.5000  -45.000012362.2725   10.6383
    7.5000  -22.5000  -45.000011875.0703   10.6290
   -7.5000  -15.0000  -45.000012378.8994   10.4068
    0.0000  -15.0000  -45.000012993.0000   10.4458
    7.5000  -15.0000  -45.000012477.1904   10.4345
   -7.5000   -7.5000  -45.000012994.4629   10.2496
    0.0000   -7.5000  -45.000013619.0732   10.2891
    7.5000   -7.5000  -45.000013077.4951   10.2779
   -7.5000    0.0000  -45.000013638.3389   10.1704
    0.0000    0.0000  -45.000014300.9580   10.2109
    7.5000    0.0000  -45.000013697.8760   10.2020
   -7.5000    7.5000  -45.000013228.0312   10.2810
    0.0000    7.5000  -45.000013892.5264   10.3215
    7.5000    7.5000  -45.000013281.3564   10.3147
   -7.5000   15.0000  -45.000012615.1465   10.4572
    0.0000   15.0000  -45.000013254.4814   10.4970
    7.5000   15.0000  -45.000012689.0557   10.4901
   -7.5000   22.5000  -45.000011789.4131   10.6465
    0.0000   22.5000  -45.000012373.0693   10.6861
    7.5000   22.5000  -45.000011855.3975   10.6772
   -7.5000   30.0000  -45.000010933.3311   10.6957
    0.0000   30.0000  -45.000011467.1396   10.7348
    7.5000   30.0000  -45.000010992.8945   10.7235
   -7.5000   37.5000  -45.000010494.7148   10.8254
    0.0000   37.5000  -45.000011002.8574   10.8660
    7.5000   37.5000  -45.000010536.3379   10.8549
   -7.5000   45.0000  -45.0000 9712.6445   10.6977
    0.0000   45.0000  -45.000010157.1211   10.7387
    7.5000   45.0000  -45.0000 9737.6846   10.7301
   -7.5000  -45.0000  -37.500010581.5400   10.8873
    0.0000  -45.0000  -37.500011094.2812   10.9296
    7.5000  -45.0000  -37.500010649.2656   10.9186
   -7.5000  -37.5000  -37.500010994.2051   10.8278
    0.0000  -37.5000  -37.500011520.6318   10.8698
    7.5000  -37.5000  -37.500011056.9561   10.8613
   -7.5000  -30.0000  -37.500011736.2002   10.6223
    0.0000  -30.0000  -37.500012280.7070   10.6629
    7.5000  -30.0000  -37.500011801.5518   10.6555
   -7.5000  -22.5000  -37.500012400.1602   10.4250
    0.0000  -22.5000  -37.500012996.3418   10.4649
    7.5000  -22.5000  -37.500012480.3184   10.4564
   -7.5000  -15.0000  -37.500013026.5537   10.2334
    0.0000  -15.0000  -37.500013662.2188   10.2730
    7.5000  -15.0000  -37.500013111.4336   10.2625
   -7.5000   -7.5000  -37.500013661.4824   10.0769
    0.0000   -7.5000  -37.500014312.6709   10.1173
    7.5000   -7.5000  -37.500013722.7930   10.1062
   -7.5000    0.0000  -37.500014310.3291    9.9970
    0.0000    0.0000  -37.500014998.0840   10.0387
    7.5000    0.0000  -37.500014352.2275   10.0290
   -7.5000    7.5000  -37.500013861.4395   10.1041
    0.0000    7.5000  -37.500014540.9717   10.1460
    7.5000    7.5000  -37.500013908.5615   10.1383
   -7.5000   15.0000  -37.500013215.8115   10.2777
    0.0000   15.0000  -37.500013874.1045   10.3190
    7.5000   15.0000  -37.500013285.4961   10.3120
   -7.5000   22.5000  -37.500012348.0742   10.4666
    0.0000   22.5000  -37.500012938.9932   10.5078
    7.5000   22.5000  -37.500012412.9971   10.4998
   -7.5000   30.0000  -37.500011424.9297   10.5192
    0.0000   30.0000  -37.500011963.4668   10.5595
    7.5000   30.0000  -37.500011489.6504   10.5493
   -7.5000   37.5000  -37.500010961.9600   10.6494
    0.0000   37.5000  -37.500011474.4668   10.6910
    7.5000   37.5000  -37.500011006.5703   10.6800
   -7.5000   45.0000  -37.500010130.3691   10.5271
    0.0000   45.0000  -37.500010598.6729   10.5695
    7.5000   45.0000  -37.500010168.6768   10.5600
   -7.5000  -45.0000  -30.000011279.4590   11.1932
    0.0000  -45.0000  -30.000011825.8447   11.2380
    7.5000  -45.0000  -30.000011346.5762   11.2257
   -7.5000  -37.5000  -30.000011727.6846   11.1288
    0.0000  -37.5000  -30.000012272.7627   11.1728
    7.5000  -37.5000  -30.000011782.4619   11.1627
   -7.5000  -30.0000  -30.000012510.0166   10.9145
    0.0000  -30.0000  -30.000013079.8867   10.9570
    7.5000  -30.0000  -30.000012560.0352   10.9480
   -7.5000  -22.5000  -30.000013215.6582   10.7074
    0.0000  -22.5000  -30.000013849.0361   10.7493
    7.5000  -22.5000  -30.000013279.4648   10.7396
   -7.5000  -15.0000  -30.000013898.4307   10.5075
    0.0000  -15.0000  -30.000014563.1963   10.5494
    7.5000  -15.0000  -30.000013949.6074   10.5379
   -7.5000   -7.5000  -30.000014575.3311   10.3457
    0.0000   -7.5000  -30.000015269.4277   10.3884
    7.5000   -7.5000  -30.000014590.6816   10.3762
   -7.5000    0.0000  -30.000015229.9883   10.2631
    0.0000    0.0000  -30.000015946.8379   10.3066
    7.5000    0.0000  -30.000015238.6182   10.2958
   -7.5000    7.5000  -30.000014716.9912   10.3725
    0.0000    7.5000  -30.000015408.5146   10.4159
    7.5000    7.5000  -30.000014737.9131   10.4067
   -7.5000   15.0000  -30.000014029.2422   10.5496
    0.0000   15.0000  -30.000014689.0371   10.5927
    7.5000   15.0000  -30.000014066.7783   10.5843
   -7.5000   22.5000  -30.000013095.5059   10.7428
    0.0000   22.5000  -30.000013695.5752   10.7861
    7.5000   22.5000  -30.000013145.7441   10.7769
   -7.5000   30.0000  -30.000012119.2744   10.8014
    0.0000   30.0000  -30.000012664.4541   10.8442
    7.5000   30.0000  -30.000012168.8154   10.8328
   -7.5000   37.5000  -30.000011614.6406   10.9381
    0.0000   37.5000  -30.000012142.2002   10.9821
    7.5000   37.5000  -30.000011655.1484   10.9699
   -7.5000   45.0000  -30.000010715.9639   10.8243
    0.0000   45.0000  -30.000011206.3750   10.8687
    7.5000   45.0000  -30.000010753.7119   10.8580
   -7.5000  -45.0000  -22.500011996.1680   11.4108
    0.0000  -45.0000  -22.500012550.9561   11.4559
    7.5000  -45.0000  -22.500012035.4268   11.4435
   -7.5000  -37.5000  -22.500012464.4092   11.3423
    0.0000  -37.5000  -22.500013027.9580   11.3861
    7.5000  -37.5000  -22.500012489.4150   11.3754
   -7.5000  -30.0000  -22.500013279.9756   11.1217
    0.0000  -30.0000  -22.500013881.5986   11.1638
    7.5000  -30.0000  -22.500013317.3018   11.1535
   -7.5000  -22.5000  -22.500014043.1475   10.9060
    0.0000  -22.5000  -22.500014703.0781   10.9483
    7.5000  -22.5000  -22.500014061.3604   10.9369
   -7.5000  -15.0000  -22.500014789.9072   10.6985
    0.0000  -15.0000  -22.500015472.7998   10.7415
    7.5000  -15.0000  -22.500014774.5850   10.7287
   -7.5000   -7.5000  -22.500015519.7998   10.5323
    0.0000   -7.5000  -22.500016234.3574   10.5756
    7.5000   -7.5000  -22.500015444.1289   10.5629
   -7.5000    0.0000  -22.500016207.0547   10.4481
    0.0000    0.0000  -22.500016948.8730   10.4916
    7.5000    0.0000  -22.500016159.3057   10.4810
   -7.5000    7.5000  -22.500015620.3389   10.5596
    0.0000    7.5000  -22.500016322.3545   10.6026
    7.5000    7.5000  -22.500015580.6260   10.5931
   -7.5000   15.0000  -22.500014868.3076   10.7376
    0.0000   15.0000  -22.500015534.5820   10.7803
    7.5000   15.0000  -22.500014843.6748   10.7705
   -7.5000   22.5000  -22.500013878.1230   10.9303
    0.0000   22.5000  -22.500014498.6416   10.9736
    7.5000   22.5000  -22.500013879.3125   10.9624
   -7.5000   30.0000  -22.500012851.7998   10.9927
    0.0000   30.0000  -22.500013404.8965   11.0361
    7.5000   30.0000  -22.500012835.6572   11.0231
   -7.5000   37.5000  -22.500012302.3301   11.1346
    0.0000   37.5000  -22.500012820.7969   11.1792
    7.5000   37.5000  -22.500012276.1680   11.1666
   -7.5000   45.0000  -22.500011333.1025   11.0302
    0.0000   45.0000  -22.500011817.8008   11.0745
    7.5000   45.0000  -22.500011311.7969   11.0641
   -7.5000  -45.0000  -15.000012715.9277   11.5071
    0.0000  -45.0000  -15.000013276.3438   11.5517
    7.5000  -45.0000  -15.000012733.4785   11.5412
   -7.5000  -37.5000  -15.000013214.9463   11.4346
    0.0000  -37.5000  -15.000013787.9756   11.4774
    7.5000  -37.5000  -15.000013218.0342   11.4686
   -7.5000  -30.0000  -15.000014102.0146   11.2113
    0.0000  -30.0000  -15.000014728.2363   11.2530
    7.5000  -30.0000  -15.000014106.0557   11.2434
   -7.5000  -22.5000  -15.000014923.8506   10.9926
    0.0000  -22.5000  -15.000015591.6172   11.0349
    7.5000  -22.5000  -15.000014871.3535   11.0234
   -7.5000  -15.0000  -15.000015732.4004   10.7831
    0.0000  -15.0000  -15.000016420.0781   10.8264
    7.5000  -15.0000  -15.000015604.4697   10.8136
   -7.5000   -7.5000  -15.000016489.1328   10.6152
    0.0000   -7.5000  -15.000017198.2949   10.6585
    7.5000   -7.5000  -15.000016308.5879   10.6466
   -7.5000    0.0000  -15.000017235.1680   10.5302
    0.0000    0.0000  -15.000017975.0469   10.5734
    7.5000    0.0000  -15.000017074.0957   10.5644
   -7.5000    7.5000  -15.000016578.2324   10.6414
    0.0000    7.5000  -15.000017276.9160   10.6838
    7.5000    7.5000  -15.000016426.3105   10.6760
   -7.5000   15.0000  -15.000015763.8291   10.8192
    0.0000   15.0000  -15.000016416.8008   10.8614
    7.5000   15.0000  -15.000015629.0225   10.8523
   -7.5000   22.5000  -15.000014725.9551   11.0107
    0.0000   22.5000  -15.000015337.2393   11.0535
    7.5000   22.5000  -15.000014640.0742   11.0419
   -7.5000   30.0000  -15.000013643.8467   11.0737
    0.0000   30.0000  -15.000014202.3877   11.1170
    7.5000   30.0000  -15.000013558.9199   11.1038
   -7.5000   37.5000  -15.000013047.0332   11.2178
    0.0000   37.5000  -15.000013557.8018   11.2624
    7.5000   37.5000  -15.000012961.1885   11.2508
   -7.5000   45.0000  -15.000011997.9395   11.1209
    0.0000   45.0000  -15.000012474.2559   11.1649
    7.5000   45.0000  -15.000011917.7998   11.1564
   -7.5000  -45.0000   -7.500013470.5293   11.5127
    0.0000  -45.0000   -7.500014018.0068   11.5573
    7.5000  -45.0000   -7.500013444.1660   11.5481
   -7.5000  -37.5000   -7.500013995.1113   11.4357
    0.0000  -37.5000   -7.500014559.3965   11.4787
    7.5000  -37.5000   -7.500013971.0391   11.4717
   -7.5000  -30.0000   -7.500015004.6172   11.2126
    0.0000  -30.0000   -7.500015642.1064   11.2545
    7.5000  -30.0000   -7.500014965.2178   11.2471
   -7.5000  -22.5000   -7.500015952.4951   10.9972
    0.0000  -22.5000   -7.500016604.7852   11.0395
    7.5000  -22.5000   -7.500015779.6787   11.0297
   -7.5000  -15.0000   -7.500016808.2539   10.7908
    0.0000  -15.0000   -7.500017438.4375   10.8339
    7.5000  -15.0000   -7.500016484.8438   10.8223
   -7.5000   -7.5000   -7.500017570.7676   10.6229
    0.0000   -7.5000   -7.500018198.1191   10.6660
    7.5000   -7.5000   -7.500017200.5391   10.6550
   -7.5000    0.0000   -7.500018359.2012   10.5363
    0.0000    0.0000   -7.500019021.4043   10.5795
    7.5000    0.0000   -7.500018018.0195   10.5713
   -7.5000    7.5000   -7.500017644.8516   10.6444
    0.0000    7.5000   -7.500018269.4551   10.6872
    7.5000    7.5000   -7.500017327.0371   10.6809
   -7.5000   15.0000   -7.500016733.6250   10.8215
    0.0000   15.0000   -7.500017335.0527   10.8639
    7.5000   15.0000   -7.500016455.5996   10.8569
   -7.5000   22.5000   -7.500015657.1992   11.0131
    0.0000   22.5000   -7.500016232.2451   11.0559
    7.5000   22.5000   -7.500015426.3584   11.0462
   -7.5000   30.0000   -7.500014512.7559   11.0775
    0.0000   30.0000   -7.500015050.5781   11.1206
    7.5000   30.0000   -7.500014309.4756   11.1087
   -7.5000   37.5000   -7.500013883.0293   11.2201
    0.0000   37.5000   -7.500014392.1230   11.2647
    7.5000   37.5000   -7.500013712.9736   11.2540
   -7.5000   45.0000   -7.500012726.9561   11.1245
    0.0000   45.0000   -7.500013207.6514   11.1688
    7.5000   45.0000   -7.500012598.1924   11.1613
   -7.5000  -45.0000    0.000014080.2002   11.5324
    0.0000  -45.0000    0.000014657.7988   11.5777
    7.5000  -45.0000    0.000014048.2754   11.5682
   -7.5000  -37.5000    0.000014620.5088   11.4527
    0.0000  -37.5000    0.000015231.9648   11.4972
    7.5000  -37.5000    0.000014621.3604   11.4902
   -7.5000  -30.0000    0.000015771.8115   11.2284
    0.0000  -30.0000    0.000016496.2734   11.2716
    7.5000  -30.0000    0.000015731.5146   11.2651
   -7.5000  -22.5000    0.000016970.1562   11.0142
    0.0000  -22.5000    0.000017640.0391   11.0570
    7.5000  -22.5000    0.000016612.5742   11.0487
   -7.5000  -15.0000    0.000017849.9551   10.8085
    0.0000  -15.0000    0.000018389.7344   10.8512
    7.5000  -15.0000    0.000017258.7402   10.8409
   -7.5000   -7.5000    0.000018609.8848   10.6395
    0.0000   -7.5000    0.000019132.1855   10.6826
    7.5000   -7.5000    0.000017998.2773   10.6720
   -7.5000    0.0000    0.000019404.2812   10.5516
    0.0000    0.0000    0.000019995.3926   10.5956
    7.5000    0.0000    0.000018879.6406   10.5870
   -7.5000    7.5000    0.000018607.0840   10.6582
    0.0000    7.5000    0.000019223.0664   10.7024
    7.5000    7.5000    0.000018151.4082   10.6960
   -7.5000   15.0000    0.000017603.7129   10.8356
    0.0000   15.0000    0.000018231.6465   10.8793
    7.5000   15.0000    0.000017218.9746   10.8731
   -7.5000   22.5000    0.000016459.0820   11.0296
    0.0000   22.5000    0.000017080.2246   11.0731
    7.5000   22.5000    0.000016151.8604   11.0652
   -7.5000   30.0000    0.000015253.5049   11.0962
    0.0000   30.0000    0.000015849.6143   11.1392
    7.5000   30.0000    0.000015029.2021   11.1290
   -7.5000   37.5000    0.000014600.6016   11.2389
    0.0000   37.5000    0.000015182.4941   11.2836
    7.5000   37.5000    0.000014429.6641   11.2732
   -7.5000   45.0000    0.000013398.4023   11.1422
    0.0000   45.0000    0.000013938.4072   11.1875
    7.5000   45.0000    0.000013258.9209   11.1795
   -7.5000  -45.0000    7.500013610.9688   11.5686
    0.0000  -45.0000    7.500014157.3916   11.6154
    7.5000  -45.0000    7.500013592.8467   11.6048
   -7.5000  -37.5000    7.500014163.7178   11.4887
    0.0000  -37.5000    7.500014719.7012   11.5351
    7.5000  -37.5000    7.500014137.1494   11.5269
   -7.5000  -30.0000    7.500015332.1533   11.2630
    0.0000  -30.0000    7.500015995.3809   11.3078
    7.5000  -30.0000    7.500015228.0918   11.3006
   -7.5000  -22.5000    7.500016467.1660   11.0474
    0.0000  -22.5000    7.500017222.3906   11.0913
    7.5000  -22.5000    7.500016188.9912   11.0832
   -7.5000  -15.0000    7.500017262.5430   10.8409
    0.0000  -15.0000    7.500017992.0547   10.8842
    7.5000  -15.0000    7.500016878.2188   10.8742
   -7.5000   -7.5000    7.500018041.0586   10.6721
    0.0000   -7.5000    7.500018750.7656   10.7160
    7.5000   -7.5000    7.500017583.4688   10.7052
   -7.5000    0.0000    7.500018838.3047   10.5845
    0.0000    0.0000    7.500019598.5059   10.6297
    7.5000    0.0000    7.500018414.7969   10.6201
   -7.5000    7.5000    7.500018027.0078   10.6916
    0.0000    7.5000    7.500018783.6914   10.7370
    7.5000    7.5000    7.500017687.1406   10.7295
   -7.5000   15.0000    7.500017008.9219   10.8687
    0.0000   15.0000    7.500017745.3340   10.9138
    7.5000   15.0000    7.500016742.7129   10.9069
   -7.5000   22.5000    7.500015902.1445   11.0628
    0.0000   22.5000    7.500016577.7988   11.1076
    7.5000   22.5000    7.500015686.6338   11.1000
   -7.5000   30.0000    7.500014756.9170   11.1299
    0.0000   30.0000    7.500015370.8076   11.1739
    7.5000   30.0000    7.500014599.1436   11.1641
   -7.5000   37.5000    7.500014151.7266   11.2740
    0.0000   37.5000    7.500014737.7207   11.3195
    7.5000   37.5000    7.500014004.2812   11.3088
   -7.5000   45.0000    7.500012970.5117   11.1776
    0.0000   45.0000    7.500013517.3740   11.2243
    7.5000   45.0000    7.500012866.2422   11.2150
   -7.5000  -45.0000   15.000013064.1934   11.6790
    0.0000  -45.0000   15.000013621.6934   11.7268
    7.5000  -45.0000   15.000013043.3047   11.7146
   -7.5000  -37.5000   15.000013600.2568   11.6030
    0.0000  -37.5000   15.000014169.4707   11.6499
    7.5000  -37.5000   15.000013563.8057   11.6397
   -7.5000  -30.0000   15.000014661.7852   11.3767
    0.0000  -30.0000   15.000015362.7822   11.4218
    7.5000  -30.0000   15.000014606.0449   11.4126
   -7.5000  -22.5000   15.000015640.2852   11.1586
    0.0000  -22.5000   15.000016542.5156   11.2030
    7.5000  -22.5000   15.000015644.4277   11.1932
   -7.5000  -15.0000   15.000016389.8281   10.9496
    0.0000  -15.0000   15.000017401.6406   10.9941
    7.5000  -15.0000   15.000016528.9512   10.9828
   -7.5000   -7.5000   15.000017195.3125   10.7804
    0.0000   -7.5000   15.000018211.6973   10.8256
    7.5000   -7.5000   15.000017292.2754   10.8135
   -7.5000    0.0000   15.000018004.0820   10.6931
    0.0000    0.0000   15.000018996.9512   10.7392
    7.5000    0.0000   15.000017993.8594   10.7284
   -7.5000    7.5000   15.000017215.2227   10.8034
    0.0000    7.5000   15.000018105.5859   10.8492
    7.5000    7.5000   15.000017129.4199   10.8399
   -7.5000   15.0000   15.000016230.2588   10.9819
    0.0000   15.0000   15.000017031.9688   11.0272
    7.5000   15.0000   15.000016100.9854   11.0186
   -7.5000   22.5000   15.000015198.7285   11.1754
    0.0000   22.5000   15.000015919.8154   11.2210
    7.5000   22.5000   15.000015038.7432   11.2118
   -7.5000   30.0000   15.000014146.1572   11.2417
    0.0000   30.0000   15.000014793.4678   11.2870
    7.5000   30.0000   15.000013985.4004   11.2758
   -7.5000   37.5000   15.000013577.7168   11.3879
    0.0000   37.5000   15.000014178.1963   11.4345
    7.5000   37.5000   15.000013431.3193   11.4227
   -7.5000   45.0000   15.000012458.0371   11.2921
    0.0000   45.0000   15.000013001.7920   11.3393
    7.5000   45.0000   15.000012355.6064   11.3290
   -7.5000  -45.0000   22.500012413.5947   11.8501
    0.0000  -45.0000   22.500013007.5664   11.8974
    7.5000  -45.0000   22.500012473.6387   11.8858
   -7.5000  -37.5000   22.500012937.0791   11.7768
    0.0000  -37.5000   22.500013569.0000   11.8226
    7.5000  -37.5000   22.500012997.7266   11.8127
   -7.5000  -30.0000   22.500013926.7217   11.5514
    0.0000  -30.0000   22.500014684.1680   11.5953
    7.5000  -30.0000   22.500013968.5830   11.5854
   -7.5000  -22.5000   22.500014817.6230   11.3313
    0.0000  -22.5000   22.500015694.5801   11.3755
    7.5000  -22.5000   22.500014880.4893   11.3645
   -7.5000  -15.0000   22.500015544.4346   11.1202
    0.0000  -15.0000   22.500016491.5391   11.1651
    7.5000  -15.0000   22.500015687.7363   11.1529
   -7.5000   -7.5000   22.500016288.5332   10.9502
    0.0000   -7.5000   22.500017242.3066   10.9954
    7.5000   -7.5000   22.500016418.7910   10.9833
   -7.5000    0.0000   22.500017065.1543   10.8628
    0.0000    0.0000   22.500017982.1641   10.9083
    7.5000    0.0000   22.500017120.5957   10.8983
   -7.5000    7.5000   22.500016342.3330   10.9750
    0.0000    7.5000   22.500017157.4023   11.0200
    7.5000    7.5000   22.500016313.9775   11.0110
   -7.5000   15.0000   22.500015428.9189   11.1551
    0.0000   15.0000   22.500016142.9912   11.1995
    7.5000   15.0000   22.500015351.0537   11.1903
   -7.5000   22.5000   22.500014486.1865   11.3483
    0.0000   22.5000   22.500015120.6055   11.3932
    7.5000   22.5000   22.500014371.2588   11.3825
   -7.5000   30.0000   22.500013476.9639   11.4120
    0.0000   30.0000   22.500014052.3779   11.4572
    7.5000   30.0000   22.500013369.2178   11.4449
   -7.5000   37.5000   22.500012911.9795   11.5582
    0.0000   37.5000   22.500013455.6592   11.6046
    7.5000   37.5000   22.500012816.8789   11.5927
   -7.5000   45.0000   22.500011860.6133   11.4609
    0.0000   45.0000   22.500012362.4980   11.5071
    7.5000   45.0000   22.500011775.8623   11.4973
   -7.5000  -45.0000   30.000011715.6279   12.0690
    0.0000  -45.0000   30.000012266.0791   12.1152
    7.5000  -45.0000   30.000011732.1572   12.1052
   -7.5000  -37.5000   30.000012197.8145   11.9952
    0.0000  -37.5000   30.000012757.0225   12.0393
    7.5000  -37.5000   30.000012189.5391   12.0311
   -7.5000  -30.0000   30.000013107.0781   11.7702
    0.0000  -30.0000   30.000013712.7236   11.8129
    7.5000  -30.0000   30.000013043.7979   11.8037
   -7.5000  -22.5000   30.000013912.3164   11.5499
    0.0000  -22.5000   30.000014553.5410   11.5932
    7.5000  -22.5000   30.000013846.2646   11.5821
   -7.5000  -15.0000   30.000014594.7012   11.3367
    0.0000  -15.0000   30.000015249.3096   11.3814
    7.5000  -15.0000   30.000014580.3916   11.3689
   -7.5000   -7.5000   30.000015290.6299   11.1635
    0.0000   -7.5000   30.000015971.1963   11.2084
    7.5000   -7.5000   30.000015275.9521   11.1966
   -7.5000    0.0000   30.000015996.8672   11.0741
    0.0000    0.0000   30.000016689.1543   11.1190
    7.5000    0.0000   30.000015948.8262   11.1100
   -7.5000    7.5000   30.000015357.6748   11.1868
    0.0000    7.5000   30.000016024.5205   11.2307
    7.5000    7.5000   30.000015271.0449   11.2231
   -7.5000   15.0000   30.000014532.0811   11.3685
    0.0000   15.0000   30.000015145.4004   11.4117
    7.5000   15.0000   30.000014418.1475   11.4031
   -7.5000   22.5000   30.000013663.9502   11.5630
    0.0000   22.5000   30.000014233.1807   11.6067
    7.5000   22.5000   30.000013533.0742   11.5956
   -7.5000   30.0000   30.000012695.6758   11.6242
    0.0000   30.0000   30.000013219.1670   11.6688
    7.5000   30.0000   30.000012575.3428   11.6560
   -7.5000   37.5000   30.000012143.0020   11.7690
    0.0000   37.5000   30.000012643.3203   11.8149
    7.5000   37.5000   30.000012052.9893   11.8035
   -7.5000   45.0000   30.000011168.3848   11.6671
    0.0000   45.0000   30.000011624.8252   11.7123
    7.5000   45.0000   30.000011095.1660   11.7040
   -7.5000  -45.0000   37.500011396.7324   12.3728
    0.0000  -45.0000   37.500011859.3086   12.4192
    7.5000  -45.0000   37.500011386.4873   12.4102
   -7.5000  -37.5000   37.500011842.4219   12.2949
    0.0000  -37.5000   37.500012308.8906   12.3392
    7.5000  -37.5000   37.500011825.3965   12.3326
   -7.5000  -30.0000   37.500012712.5879   12.0676
    0.0000  -30.0000   37.500013197.4668   12.1105
    7.5000  -30.0000   37.500012641.4570   12.1034
   -7.5000  -22.5000   37.500013486.2803   11.8475
    0.0000  -22.5000   37.500014001.2344   11.8909
    7.5000  -22.5000   37.500013427.2744   11.8811
   -7.5000  -15.0000   37.500014154.6133   11.6323
    0.0000  -15.0000   37.500014689.4141   11.6770
    7.5000  -15.0000   37.500014132.0068   11.6651
   -7.5000   -7.5000   37.500014845.9785   11.4518
    0.0000   -7.5000   37.500015403.6250   11.4972
    7.5000   -7.5000   37.500014800.4229   11.4859
   -7.5000    0.0000   37.500015522.3623   11.3577
    0.0000    0.0000   37.500016112.5957   11.4032
    7.5000    0.0000   37.500015465.9590   11.3950
   -7.5000    7.5000   37.500014940.1465   11.4699
    0.0000    7.5000   37.500015510.8066   11.5144
    7.5000    7.5000   37.500014852.2910   11.5084
   -7.5000   15.0000   37.500014153.4111   11.6547
    0.0000   15.0000   37.500014688.9492   11.6983
    7.5000   15.0000   37.500014042.5859   11.6918
   -7.5000   22.5000   37.500013317.0791   11.8551
    0.0000   22.5000   37.500013823.3467   11.8991
    7.5000   22.5000   37.500013195.0742   11.8896
   -7.5000   30.0000   37.500012392.6416   11.9175
    0.0000   30.0000   37.500012860.5840   11.9621
    7.5000   30.0000   37.500012263.9023   11.9503
   -7.5000   37.5000   37.500011863.5928   12.0624
    0.0000   37.5000   37.500012315.9941   12.1086
    7.5000   37.5000   37.500011749.3027   12.0978
   -7.5000   45.0000   37.500010918.2256   11.9533
    0.0000   45.0000   37.500011338.8115   11.9991
    7.5000   45.0000   37.500010828.5713   11.9918
   -7.5000  -45.0000   45.000010601.5293   12.7055
    0.0000  -45.0000   45.000011034.0293   12.7537
    7.5000  -45.0000   45.000010584.8008   12.7437
   -7.5000  -37.5000   45.000010997.8926   12.6231
    0.0000  -37.5000   45.000011450.6807   12.6699
    7.5000  -37.5000   45.000010990.9600   12.6630
   -7.5000  -30.0000   45.000011786.5420   12.3913
    0.0000  -30.0000   45.000012266.4199   12.4366
    7.5000  -30.0000   45.000011763.4180   12.4304
   -7.5000  -22.5000   45.000012495.1943   12.1695
    0.0000  -22.5000   45.000013003.8574   12.2141
    7.5000  -22.5000   45.000012499.6279   12.2058
   -7.5000  -15.0000   45.000013130.1982   11.9506
    0.0000  -15.0000   45.000013644.5664   11.9954
    7.5000  -15.0000   45.000013142.5400   11.9848
   -7.5000   -7.5000   45.000013772.5088   11.7622
    0.0000   -7.5000   45.000014307.9189   11.8082
    7.5000   -7.5000   45.000013763.2236   11.7971
   -7.5000    0.0000   45.000014403.0596   11.6631
    0.0000    0.0000   45.000014972.4014   11.7102
    7.5000    0.0000   45.000014382.8174   11.7012
   -7.5000    7.5000   45.000013900.5869   11.7756
    0.0000    7.5000   45.000014435.0908   11.8223
    7.5000    7.5000   45.000013836.1348   11.8160
   -7.5000   15.0000   45.000013169.9023   11.9648
    0.0000   15.0000   45.000013676.3174   12.0106
    7.5000   15.0000   45.000013086.2217   12.0050
   -7.5000   22.5000   45.000012397.2129   12.1725
    0.0000   22.5000   45.000012872.0635   12.2177
    7.5000   22.5000   45.000012299.2920   12.2101
   -7.5000   30.0000   45.000011559.5098   12.2364
    0.0000   30.0000   45.000012003.5234   12.2813
    7.5000   30.0000   45.000011454.6064   12.2711
   -7.5000   37.5000   45.000011087.7588   12.3829
    0.0000   37.5000   45.000011518.8984   12.4296
    7.5000   37.5000   45.000010999.7510   12.4189
   -7.5000   45.0000   45.000010206.7490   12.2741
    0.0000   45.0000   45.000010607.9844   12.3217
    7.5000   45.0000   45.000010143.4395   12.3137

---------------------------------------------------------------------
imgreg_4dfp /opt/freesurfer/average/711-2C_as_mni_average_305 /opt/freesurfer/average/711-2B_as_mni_average_305_mask talsrcimg_g11 none talsrcimg_to_711-2C_as_mni_average_305_t4 4355
---------------------------------------------------------------------

freesurfer imgreg_4dfp.c
/opt/freesurfer/average/711-2C_as_mni_average_305.4dfp.img
       256       256       256         1
  1.000000  1.000000  1.000000
orientation T byte_order littleendian
Reading image: /opt/freesurfer/average/711-2C_as_mni_average_305.4dfp.img
dimensions:      256       256       256
mmppix:       1.0000   -1.0000   -1.0000
center:     128.0000 -129.0000 -129.0000
/opt/freesurfer/average/711-2B_as_mni_average_305_mask.4dfp.img
       256       256       256         1
  1.000000  1.000000  1.000000
orientation T byte_order littleendian
Reading mask: /opt/freesurfer/average/711-2B_as_mni_average_305_mask.4dfp.img (2306576 pixels)
talsrcimg_g11.4dfp.img
       256       256       256         1
  1.000000  1.000000  1.000000
orientation T byte_order littleendian
Reading image: talsrcimg_g11.4dfp.img
dimensions:      256       256       256
mmppix:       1.0000   -1.0000   -1.0000
center:     128.0000 -129.0000 -129.0000
rotation matrix determinant  1.000000
image alignment mode   4355 decimal     1103 hex
   -7.5000  -45.0000  -45.0000 2504.1323   16.8245
    0.0000  -45.0000  -45.0000 2520.4993   16.7173
    7.5000  -45.0000  -45.0000 2518.1477   16.6247
   -7.5000  -37.5000  -45.0000 2543.9219   16.1028
    0.0000  -37.5000  -45.0000 2560.3088   16.0418
    7.5000  -37.5000  -45.0000 2553.4990   15.9815
   -7.5000  -30.0000  -45.0000 2561.9702   15.6028
    0.0000  -30.0000  -45.0000 2573.4626   15.5178
    7.5000  -30.0000  -45.0000 2568.6934   15.4732
   -7.5000  -22.5000  -45.0000 2563.9292   15.2323
    0.0000  -22.5000  -45.0000 2579.1055   15.1544
    7.5000  -22.5000  -45.0000 2573.1052   15.1403
   -7.5000  -15.0000  -45.0000 2567.0420   15.1148
    0.0000  -15.0000  -45.0000 2578.9832   15.0395
    7.5000  -15.0000  -45.0000 2572.5413   15.0145
   -7.5000   -7.5000  -45.0000 2562.3528   15.1998
    0.0000   -7.5000  -45.0000 2574.9685   15.1043
    7.5000   -7.5000  -45.0000 2571.0276   15.0935
   -7.5000    0.0000  -45.0000 2560.9019   15.3788
    0.0000    0.0000  -45.0000 2575.4492   15.2865
    7.5000    0.0000  -45.0000 2568.2671   15.2984
   -7.5000    7.5000  -45.0000 2556.8752   15.7590
    0.0000    7.5000  -45.0000 2570.5627   15.6585
    7.5000    7.5000  -45.0000 2562.9788   15.6676
   -7.5000   15.0000  -45.0000 2540.6414   16.3135
    0.0000   15.0000  -45.0000 2550.9563   16.2042
    7.5000   15.0000  -45.0000 2546.0383   16.2141
   -7.5000   22.5000  -45.0000 2515.1689   17.0493
    0.0000   22.5000  -45.0000 2522.6187   16.9525
    7.5000   22.5000  -45.0000 2516.9492   16.9709
   -7.5000   30.0000  -45.0000 2480.4836   17.9794
    0.0000   30.0000  -45.0000 2486.5691   17.8746
    7.5000   30.0000  -45.0000 2478.4666   17.9027
   -7.5000   37.5000  -45.0000 2436.9490   19.0899
    0.0000   37.5000  -45.0000 2446.4326   19.0067
    7.5000   37.5000  -45.0000 2435.6155   19.0333
   -7.5000   45.0000  -45.0000 2390.1194   20.4733
    0.0000   45.0000  -45.0000 2392.2461   20.3894
    7.5000   45.0000  -45.0000 2387.1360   20.4468
   -7.5000  -45.0000  -37.5000 2570.6365   15.8732
    0.0000  -45.0000  -37.5000 2591.0430   15.7731
    7.5000  -45.0000  -37.5000 2591.2393   15.7106
   -7.5000  -37.5000  -37.5000 2608.4226   15.1761
    0.0000  -37.5000  -37.5000 2627.9033   15.0837
    7.5000  -37.5000  -37.5000 2627.5776   15.0426
   -7.5000  -30.0000  -37.5000 2626.4343   14.6639
    0.0000  -30.0000  -37.5000 2643.8411   14.5577
    7.5000  -30.0000  -37.5000 2644.9661   14.5500
   -7.5000  -22.5000  -37.5000 2639.4585   14.3121
    0.0000  -22.5000  -37.5000 2655.4897   14.2119
    7.5000  -22.5000  -37.5000 2653.2417   14.2306
   -7.5000  -15.0000  -37.5000 2646.9187   14.1808
    0.0000  -15.0000  -37.5000 2657.4768   14.0952
    7.5000  -15.0000  -37.5000 2654.8745   14.1056
   -7.5000   -7.5000  -37.5000 2644.0066   14.2347
    0.0000   -7.5000  -37.5000 2654.8323   14.1487
    7.5000   -7.5000  -37.5000 2653.5850   14.1665
   -7.5000    0.0000  -37.5000 2637.8501   14.3904
    0.0000    0.0000  -37.5000 2651.2559   14.3087
    7.5000    0.0000  -37.5000 2646.3438   14.3230
   -7.5000    7.5000  -37.5000 2633.3818   14.7300
    0.0000    7.5000  -37.5000 2648.3354   14.6455
    7.5000    7.5000  -37.5000 2643.1326   14.6723
   -7.5000   15.0000  -37.5000 2616.9353   15.2392
    0.0000   15.0000  -37.5000 2629.0029   15.1489
    7.5000   15.0000  -37.5000 2626.4438   15.2044
   -7.5000   22.5000  -37.5000 2590.1682   15.9503
    0.0000   22.5000  -37.5000 2599.2847   15.8838
    7.5000   22.5000  -37.5000 2595.4636   15.9497
   -7.5000   30.0000  -37.5000 2549.8701   16.8328
    0.0000   30.0000  -37.5000 2557.7126   16.7771
    7.5000   30.0000  -37.5000 2552.4541   16.8464
   -7.5000   37.5000  -37.5000 2505.5222   17.9263
    0.0000   37.5000  -37.5000 2512.8340   17.8785
    7.5000   37.5000  -37.5000 2505.7952   17.9319
   -7.5000   45.0000  -37.5000 2453.2942   19.2476
    0.0000   45.0000  -37.5000 2453.8840   19.1655
    7.5000   45.0000  -37.5000 2449.8291   19.2502
   -7.5000  -45.0000  -30.0000 2674.8872   15.5721
    0.0000  -45.0000  -30.0000 2699.0869   15.4632
    7.5000  -45.0000  -30.0000 2698.4570   15.3931
   -7.5000  -37.5000  -30.0000 2716.0347   14.8374
    0.0000  -37.5000  -30.0000 2736.3091   14.7286
    7.5000  -37.5000  -30.0000 2740.9944   14.7029
   -7.5000  -30.0000  -30.0000 2739.4033   14.3293
    0.0000  -30.0000  -30.0000 2753.5205   14.1877
    7.5000  -30.0000  -30.0000 2757.1545   14.1787
   -7.5000  -22.5000  -30.0000 2756.2974   13.9519
    0.0000  -22.5000  -30.0000 2768.7637   13.8167
    7.5000  -22.5000  -30.0000 2770.0886   13.8413
   -7.5000  -15.0000  -30.0000 2766.4216   13.7771
    0.0000  -15.0000  -30.0000 2775.4526   13.6631
    7.5000  -15.0000  -30.0000 2774.3765   13.7007
   -7.5000   -7.5000  -30.0000 2769.0557   13.8111
    0.0000   -7.5000  -30.0000 2780.7676   13.7100
    7.5000   -7.5000  -30.0000 2776.2686   13.7504
   -7.5000    0.0000  -30.0000 2761.5776   13.9671
    0.0000    0.0000  -30.0000 2775.8850   13.8985
    7.5000    0.0000  -30.0000 2770.6956   13.9406
   -7.5000    7.5000  -30.0000 2753.7847   14.3290
    0.0000    7.5000  -30.0000 2769.1042   14.2469
    7.5000    7.5000  -30.0000 2765.0898   14.3171
   -7.5000   15.0000  -30.0000 2733.9409   14.8354
    0.0000   15.0000  -30.0000 2748.1599   14.7502
    7.5000   15.0000  -30.0000 2748.0801   14.8377
   -7.5000   22.5000  -30.0000 2700.2383   15.5347
    0.0000   22.5000  -30.0000 2713.6951   15.4591
    7.5000   22.5000  -30.0000 2714.6433   15.5445
   -7.5000   30.0000  -30.0000 2655.0381   16.4176
    0.0000   30.0000  -30.0000 2665.3110   16.3442
    7.5000   30.0000  -30.0000 2661.7407   16.4289
   -7.5000   37.5000  -30.0000 2603.0901   17.4942
    0.0000   37.5000  -30.0000 2616.3269   17.4467
    7.5000   37.5000  -30.0000 2608.5720   17.5330
   -7.5000   45.0000  -30.0000 2542.6292   18.8067
    0.0000   45.0000  -30.0000 2554.4817   18.7565
    7.5000   45.0000  -30.0000 2546.8757   18.8217
   -7.5000  -45.0000  -22.5000 2750.1775   15.1303
    0.0000  -45.0000  -22.5000 2769.3352   14.9649
    7.5000  -45.0000  -22.5000 2769.7559   14.8800
   -7.5000  -37.5000  -22.5000 2794.5181   14.4148
    0.0000  -37.5000  -22.5000 2813.9558   14.2602
    7.5000  -37.5000  -22.5000 2816.1516   14.2112
   -7.5000  -30.0000  -22.5000 2819.8940   13.8737
    0.0000  -30.0000  -22.5000 2834.7188   13.7225
    7.5000  -30.0000  -22.5000 2835.6797   13.6855
   -7.5000  -22.5000  -22.5000 2840.2712   13.4642
    0.0000  -22.5000  -22.5000 2854.2100   13.3172
    7.5000  -22.5000  -22.5000 2853.1223   13.3140
   -7.5000  -15.0000  -22.5000 2853.9741   13.2493
    0.0000  -15.0000  -22.5000 2865.3989   13.1146
    7.5000  -15.0000  -22.5000 2860.2620   13.1536
   -7.5000   -7.5000  -22.5000 2861.9832   13.2430
    0.0000   -7.5000  -22.5000 2874.2910   13.1364
    7.5000   -7.5000  -22.5000 2864.0359   13.1937
   -7.5000    0.0000  -22.5000 2856.0630   13.4477
    0.0000    0.0000  -22.5000 2870.1038   13.3524
    7.5000    0.0000  -22.5000 2863.3484   13.4236
   -7.5000    7.5000  -22.5000 2850.0483   13.8294
    0.0000    7.5000  -22.5000 2862.6355   13.7232
    7.5000    7.5000  -22.5000 2855.9929   13.8030
   -7.5000   15.0000  -22.5000 2826.6702   14.3616
    0.0000   15.0000  -22.5000 2837.0420   14.2365
    7.5000   15.0000  -22.5000 2831.6104   14.3110
   -7.5000   22.5000  -22.5000 2788.9529   15.0348
    0.0000   22.5000  -22.5000 2798.3479   14.9184
    7.5000   22.5000  -22.5000 2795.4529   14.9975
   -7.5000   30.0000  -22.5000 2738.5769   15.9010
    0.0000   30.0000  -22.5000 2750.7361   15.8079
    7.5000   30.0000  -22.5000 2742.2959   15.8888
   -7.5000   37.5000  -22.5000 2679.6257   16.9579
    0.0000   37.5000  -22.5000 2689.0508   16.8826
    7.5000   37.5000  -22.5000 2677.0007   16.9686
   -7.5000   45.0000  -22.5000 2609.0442   18.2148
    0.0000   45.0000  -22.5000 2617.5427   18.1590
    7.5000   45.0000  -22.5000 2608.0569   18.2354
   -7.5000  -45.0000  -15.0000 2781.4497   14.7073
    0.0000  -45.0000  -15.0000 2797.2356   14.5114
    7.5000  -45.0000  -15.0000 2801.6655   14.4404
   -7.5000  -37.5000  -15.0000 2835.1787   13.9791
    0.0000  -37.5000  -15.0000 2850.8999   13.7915
    7.5000  -37.5000  -15.0000 2851.1516   13.7318
   -7.5000  -30.0000  -15.0000 2868.6155   13.4260
    0.0000  -30.0000  -15.0000 2884.0566   13.2623
    7.5000  -30.0000  -15.0000 2884.5076   13.2190
   -7.5000  -22.5000  -15.0000 2890.0574   13.0052
    0.0000  -22.5000  -15.0000 2904.0093   12.8540
    7.5000  -22.5000  -15.0000 2901.9167   12.8047
   -7.5000  -15.0000  -15.0000 2909.4834   12.7661
    0.0000  -15.0000  -15.0000 2917.5122   12.6002
    7.5000  -15.0000  -15.0000 2909.1064   12.6255
   -7.5000   -7.5000  -15.0000 2919.9431   12.7290
    0.0000   -7.5000  -15.0000 2925.5869   12.5813
    7.5000   -7.5000  -15.0000 2915.6741   12.6342
   -7.5000    0.0000  -15.0000 2921.9939   12.9645
    0.0000    0.0000  -15.0000 2928.7251   12.8238
    7.5000    0.0000  -15.0000 2919.8550   12.8871
   -7.5000    7.5000  -15.0000 2912.8296   13.3428
    0.0000    7.5000  -15.0000 2919.2354   13.2106
    7.5000    7.5000  -15.0000 2909.6775   13.2777
   -7.5000   15.0000  -15.0000 2885.2275   13.8644
    0.0000   15.0000  -15.0000 2890.3953   13.7271
    7.5000   15.0000  -15.0000 2884.4946   13.8104
   -7.5000   22.5000  -15.0000 2840.0159   14.5514
    0.0000   22.5000  -15.0000 2844.7581   14.4247
    7.5000   22.5000  -15.0000 2841.5898   14.5106
   -7.5000   30.0000  -15.0000 2786.3552   15.4357
    0.0000   30.0000  -15.0000 2794.1543   15.3291
    7.5000   30.0000  -15.0000 2785.4377   15.4139
   -7.5000   37.5000  -15.0000 2724.3689   16.4755
    0.0000   37.5000  -15.0000 2727.0659   16.3954
    7.5000   37.5000  -15.0000 2718.1218   16.4755
   -7.5000   45.0000  -15.0000 2649.4065   17.7034
    0.0000   45.0000  -15.0000 2653.4949   17.6410
    7.5000   45.0000  -15.0000 2642.5730   17.7077
   -7.5000  -45.0000   -7.5000 2791.4927   14.3879
    0.0000  -45.0000   -7.5000 2801.2163   14.1526
    7.5000  -45.0000   -7.5000 2806.8220   14.1290
   -7.5000  -37.5000   -7.5000 2850.9155   13.6382
    0.0000  -37.5000   -7.5000 2860.4871   13.4084
    7.5000  -37.5000   -7.5000 2864.4272   13.3927
   -7.5000  -30.0000   -7.5000 2897.7310   13.0913
    0.0000  -30.0000   -7.5000 2908.6235   12.8808
    7.5000  -30.0000   -7.5000 2910.2256   12.8433
   -7.5000  -22.5000   -7.5000 2927.9412   12.6879
    0.0000  -22.5000   -7.5000 2938.5291   12.4744
    7.5000  -22.5000   -7.5000 2933.1221   12.4013
   -7.5000  -15.0000   -7.5000 2954.3892   12.4131
    0.0000  -15.0000   -7.5000 2953.3223   12.1836
    7.5000  -15.0000   -7.5000 2940.8142   12.1597
   -7.5000   -7.5000   -7.5000 2970.4941   12.3567
    0.0000   -7.5000   -7.5000 2965.7053   12.1544
    7.5000   -7.5000   -7.5000 2950.3240   12.1690
   -7.5000    0.0000   -7.5000 2967.4849   12.5807
    0.0000    0.0000   -7.5000 2966.2034   12.3877
    7.5000    0.0000   -7.5000 2955.8579   12.4360
   -7.5000    7.5000   -7.5000 2954.5220   12.9484
    0.0000    7.5000   -7.5000 2950.9744   12.7523
    7.5000    7.5000   -7.5000 2943.4812   12.8386
   -7.5000   15.0000   -7.5000 2921.5962   13.4876
    0.0000   15.0000   -7.5000 2916.8479   13.2962
    7.5000   15.0000   -7.5000 2912.0884   13.3976
   -7.5000   22.5000   -7.5000 2874.4226   14.2183
    0.0000   22.5000   -7.5000 2868.8225   14.0412
    7.5000   22.5000   -7.5000 2864.5776   14.1309
   -7.5000   30.0000   -7.5000 2817.3157   15.1000
    0.0000   30.0000   -7.5000 2814.5337   14.9276
    7.5000   30.0000   -7.5000 2805.0115   15.0309
   -7.5000   37.5000   -7.5000 2751.4812   16.1308
    0.0000   37.5000   -7.5000 2749.2563   15.9863
    7.5000   37.5000   -7.5000 2742.3765   16.0790
   -7.5000   45.0000   -7.5000 2669.6609   17.3192
    0.0000   45.0000   -7.5000 2670.6978   17.1975
    7.5000   45.0000   -7.5000 2659.4644   17.2700
   -7.5000  -45.0000    0.0000 2790.5974   14.2353
    0.0000  -45.0000    0.0000 2800.1252   14.0179
    7.5000  -45.0000    0.0000 2806.5046   14.0173
   -7.5000  -37.5000    0.0000 2848.4409   13.4518
    0.0000  -37.5000    0.0000 2861.3555   13.2667
    7.5000  -37.5000    0.0000 2863.9460   13.2479
   -7.5000  -30.0000    0.0000 2905.2410   12.8853
    0.0000  -30.0000    0.0000 2914.2285   12.7319
    7.5000  -30.0000    0.0000 2913.4607   12.6650
   -7.5000  -22.5000    0.0000 2951.4680   12.5175
    0.0000  -22.5000    0.0000 2962.2498   12.3132
    7.5000  -22.5000    0.0000 2948.1965   12.2092
   -7.5000  -15.0000    0.0000 2986.3547   12.2394
    0.0000  -15.0000    0.0000 2982.8411   11.9681
    7.5000  -15.0000    0.0000 2961.3582   11.8784
   -7.5000   -7.5000    0.0000 3005.1990   12.1498
    0.0000   -7.5000    0.0000 2993.2820   11.9018
    7.5000   -7.5000    0.0000 2970.2517   11.8774
   -7.5000    0.0000    0.0000 2992.8660   12.3432
    0.0000    0.0000    0.0000 2984.9136   12.1424
    7.5000    0.0000    0.0000 2970.6907   12.1845
   -7.5000    7.5000    0.0000 2973.6147   12.7094
    0.0000    7.5000    0.0000 2969.8171   12.5166
    7.5000    7.5000    0.0000 2960.4727   12.5747
   -7.5000   15.0000    0.0000 2937.9153   13.2818
    0.0000   15.0000    0.0000 2936.1396   13.1018
    7.5000   15.0000    0.0000 2926.9648   13.1471
   -7.5000   22.5000    0.0000 2885.7668   14.0335
    0.0000   22.5000    0.0000 2885.4531   13.8707
    7.5000   22.5000    0.0000 2874.9866   13.9181
   -7.5000   30.0000    0.0000 2827.9792   14.9252
    0.0000   30.0000    0.0000 2832.1335   14.7717
    7.5000   30.0000    0.0000 2819.2190   14.8218
   -7.5000   37.5000    0.0000 2763.9473   15.9359
    0.0000   37.5000    0.0000 2767.0461   15.8026
    7.5000   37.5000    0.0000 2757.5535   15.8532
   -7.5000   45.0000    0.0000 2681.9993   17.0922
    0.0000   45.0000    0.0000 2684.7607   16.9838
    7.5000   45.0000    0.0000 2675.2144   17.0526
   -7.5000  -45.0000    7.5000 2781.1924   14.1966
    0.0000  -45.0000    7.5000 2787.9189   13.9991
    7.5000  -45.0000    7.5000 2802.3816   14.0629
   -7.5000  -37.5000    7.5000 2840.4204   13.4387
    0.0000  -37.5000    7.5000 2848.8459   13.2383
    7.5000  -37.5000    7.5000 2857.5310   13.2801
   -7.5000  -30.0000    7.5000 2901.8828   12.8787
    0.0000  -30.0000    7.5000 2905.1714   12.6985
    7.5000  -30.0000    7.5000 2907.6326   12.6790
   -7.5000  -22.5000    7.5000 2962.7456   12.4883
    0.0000  -22.5000    7.5000 2970.7146   12.3236
    7.5000  -22.5000    7.5000 2951.5493   12.2318
   -7.5000  -15.0000    7.5000 3007.0078   12.1576
    0.0000  -15.0000    7.5000 3015.2009   12.0201
    7.5000  -15.0000    7.5000 2982.6121   11.9513
   -7.5000   -7.5000    7.5000 3022.1418   12.0005
    0.0000   -7.5000    7.5000 3031.6772   11.8851
    7.5000   -7.5000    7.5000 2993.4734   11.8927
   -7.5000    0.0000    7.5000 3000.6348   12.2630
    0.0000    0.0000    7.5000 3010.8943   12.1613
    7.5000    0.0000    7.5000 2986.6384   12.1832
   -7.5000    7.5000    7.5000 2977.2620   12.6383
    0.0000    7.5000    7.5000 2985.6914   12.5171
    7.5000    7.5000    7.5000 2973.6089   12.5472
   -7.5000   15.0000    7.5000 2940.3945   13.2009
    0.0000   15.0000    7.5000 2946.2183   13.0661
    7.5000   15.0000    7.5000 2938.2988   13.1206
   -7.5000   22.5000    7.5000 2887.5540   13.9450
    0.0000   22.5000    7.5000 2890.6384   13.8091
    7.5000   22.5000    7.5000 2885.7642   13.8894
   -7.5000   30.0000    7.5000 2830.5610   14.8237
    0.0000   30.0000    7.5000 2834.5369   14.7072
    7.5000   30.0000    7.5000 2828.9429   14.7977
   -7.5000   37.5000    7.5000 2768.8281   15.8292
    0.0000   37.5000    7.5000 2776.1128   15.7364
    7.5000   37.5000    7.5000 2767.2234   15.8330
   -7.5000   45.0000    7.5000 2681.6396   16.9826
    0.0000   45.0000    7.5000 2692.0383   16.9084
    7.5000   45.0000    7.5000 2684.1208   16.9907
   -7.5000  -45.0000   15.0000 2777.5564   14.3449
    0.0000  -45.0000   15.0000 2782.5129   14.1609
    7.5000  -45.0000   15.0000 2786.0012   14.2369
   -7.5000  -37.5000   15.0000 2841.3987   13.5785
    0.0000  -37.5000   15.0000 2845.4192   13.4299
    7.5000  -37.5000   15.0000 2846.5203   13.4874
   -7.5000  -30.0000   15.0000 2900.5701   13.0161
    0.0000  -30.0000   15.0000 2906.5159   12.9082
    7.5000  -30.0000   15.0000 2901.6987   12.9047
   -7.5000  -22.5000   15.0000 2955.8381   12.5756
    0.0000  -22.5000   15.0000 2977.5024   12.5465
    7.5000  -22.5000   15.0000 2956.3901   12.5059
   -7.5000  -15.0000   15.0000 2988.0479   12.1751
    0.0000  -15.0000   15.0000 3017.4299   12.2223
    7.5000  -15.0000   15.0000 2992.1997   12.2887
   -7.5000   -7.5000   15.0000 3011.2363   12.0997
    0.0000   -7.5000   15.0000 3037.1655   12.1461
    7.5000   -7.5000   15.0000 3009.2166   12.2612
   -7.5000    0.0000   15.0000 3001.4917   12.3643
    0.0000    0.0000   15.0000 3020.5171   12.3344
    7.5000    0.0000   15.0000 2994.6582   12.4394
   -7.5000    7.5000   15.0000 2973.4504   12.7465
    0.0000    7.5000   15.0000 2987.3220   12.6709
    7.5000    7.5000   15.0000 2970.4224   12.7292
   -7.5000   15.0000   15.0000 2933.3738   13.3027
    0.0000   15.0000   15.0000 2941.4026   13.1919
    7.5000   15.0000   15.0000 2926.9231   13.2225
   -7.5000   22.5000   15.0000 2885.1006   14.0198
    0.0000   22.5000   15.0000 2890.1436   13.8913
    7.5000   22.5000   15.0000 2875.6479   13.9187
   -7.5000   30.0000   15.0000 2836.1741   14.8783
    0.0000   30.0000   15.0000 2836.7256   14.7782
    7.5000   30.0000   15.0000 2821.6631   14.8171
   -7.5000   37.5000   15.0000 2769.5085   15.8852
    0.0000   37.5000   15.0000 2772.9553   15.8089
    7.5000   37.5000   15.0000 2759.7214   15.8533
   -7.5000   45.0000   15.0000 2678.6494   17.0523
    0.0000   45.0000   15.0000 2686.2102   16.9933
    7.5000   45.0000   15.0000 2680.8103   17.0735
   -7.5000  -45.0000   22.5000 2773.8508   14.5900
    0.0000  -45.0000   22.5000 2787.2205   14.5367
    7.5000  -45.0000   22.5000 2789.1375   14.6890
   -7.5000  -37.5000   22.5000 2839.1460   13.8747
    0.0000  -37.5000   22.5000 2853.8340   13.8608
    7.5000  -37.5000   22.5000 2855.4543   13.9943
   -7.5000  -30.0000   22.5000 2899.7925   13.3438
    0.0000  -30.0000   22.5000 2913.4521   13.3267
    7.5000  -30.0000   22.5000 2910.1389   13.4091
   -7.5000  -22.5000   22.5000 2948.2195   12.8705
    0.0000  -22.5000   22.5000 2968.4233   12.8840
    7.5000  -22.5000   22.5000 2951.1528   12.9591
   -7.5000  -15.0000   22.5000 2976.0117   12.4999
    0.0000  -15.0000   22.5000 2999.2622   12.5594
    7.5000  -15.0000   22.5000 2980.7769   12.6881
   -7.5000   -7.5000   22.5000 2994.3335   12.4273
    0.0000   -7.5000   22.5000 3017.4272   12.5066
    7.5000   -7.5000   22.5000 2994.9211   12.6105
   -7.5000    0.0000   22.5000 2990.7605   12.6609
    0.0000    0.0000   22.5000 3005.3635   12.6840
    7.5000    0.0000   22.5000 2983.2014   12.7794
   -7.5000    7.5000   22.5000 2962.8679   13.0453
    0.0000    7.5000   22.5000 2971.3154   13.0204
    7.5000    7.5000   22.5000 2956.1121   13.1002
   -7.5000   15.0000   22.5000 2922.1191   13.5711
    0.0000   15.0000   22.5000 2925.2468   13.4872
    7.5000   15.0000   22.5000 2913.7998   13.5702
   -7.5000   22.5000   22.5000 2879.9021   14.2374
    0.0000   22.5000   22.5000 2879.1157   14.1368
    7.5000   22.5000   22.5000 2868.1108   14.1985
   -7.5000   30.0000   22.5000 2827.0952   15.0543
    0.0000   30.0000   22.5000 2822.2307   14.9539
    7.5000   30.0000   22.5000 2812.4170   15.0110
   -7.5000   37.5000   22.5000 2754.2327   16.0336
    0.0000   37.5000   22.5000 2752.9150   15.9540
    7.5000   37.5000   22.5000 2746.2014   16.0172
   -7.5000   45.0000   22.5000 2668.8577   17.2080
    0.0000   45.0000   22.5000 2673.9670   17.1419
    7.5000   45.0000   22.5000 2666.9744   17.2060
   -7.5000  -45.0000   30.0000 2772.3740   15.0731
    0.0000  -45.0000   30.0000 2792.5405   15.0882
    7.5000  -45.0000   30.0000 2788.4556   15.2645
   -7.5000  -37.5000   30.0000 2837.4827   14.3732
    0.0000  -37.5000   30.0000 2849.2974   14.3688
    7.5000  -37.5000   30.0000 2846.3643   14.5188
   -7.5000  -30.0000   30.0000 2892.2747   13.7854
    0.0000  -30.0000   30.0000 2900.3215   13.7519
    7.5000  -30.0000   30.0000 2894.8352   13.8868
   -7.5000  -22.5000   30.0000 2936.9346   13.2869
    0.0000  -22.5000   30.0000 2941.8970   13.2600
    7.5000  -22.5000   30.0000 2929.3020   13.4013
   -7.5000  -15.0000   30.0000 2957.9590   12.9644
    0.0000  -15.0000   30.0000 2961.1711   12.9454
    7.5000  -15.0000   30.0000 2951.0876   13.1171
   -7.5000   -7.5000   30.0000 2968.9624   12.9124
    0.0000   -7.5000   30.0000 2974.7886   12.9030
    7.5000   -7.5000   30.0000 2963.3706   13.0337
   -7.5000    0.0000   30.0000 2961.9739   13.0951
    0.0000    0.0000   30.0000 2965.2322   13.0723
    7.5000    0.0000   30.0000 2952.5227   13.1929
   -7.5000    7.5000   30.0000 2936.2100   13.4562
    0.0000    7.5000   30.0000 2939.3125   13.4008
    7.5000    7.5000   30.0000 2928.9722   13.5032
   -7.5000   15.0000   30.0000 2901.7881   13.9677
    0.0000   15.0000   30.0000 2902.0320   13.8878
    7.5000   15.0000   30.0000 2891.6418   13.9835
   -7.5000   22.5000   30.0000 2858.0320   14.6023
    0.0000   22.5000   30.0000 2860.1147   14.5386
    7.5000   22.5000   30.0000 2845.5618   14.6115
   -7.5000   30.0000   30.0000 2799.0857   15.3665
    0.0000   30.0000   30.0000 2802.0237   15.2938
    7.5000   30.0000   30.0000 2788.4778   15.3574
   -7.5000   37.5000   30.0000 2728.3594   16.2849
    0.0000   37.5000   30.0000 2732.3247   16.2257
    7.5000   37.5000   30.0000 2722.2783   16.3219
   -7.5000   45.0000   30.0000 2657.2263   17.4437
    0.0000   45.0000   30.0000 2657.8589   17.4095
    7.5000   45.0000   30.0000 2648.2944   17.5176
   -7.5000  -45.0000   37.5000 2764.1414   15.6492
    0.0000  -45.0000   37.5000 2773.0818   15.5871
    7.5000  -45.0000   37.5000 2770.3594   15.8004
   -7.5000  -37.5000   37.5000 2819.8691   14.9058
    0.0000  -37.5000   37.5000 2826.1877   14.8263
    7.5000  -37.5000   37.5000 2825.8269   15.0592
   -7.5000  -30.0000   37.5000 2869.1301   14.2982
    0.0000  -30.0000   37.5000 2873.1321   14.2066
    7.5000  -30.0000   37.5000 2865.1021   14.4306
   -7.5000  -22.5000   37.5000 2908.1475   13.8043
    0.0000  -22.5000   37.5000 2910.1528   13.7367
    7.5000  -22.5000   37.5000 2899.3892   13.9359
   -7.5000  -15.0000   37.5000 2924.6575   13.5120
    0.0000  -15.0000   37.5000 2922.5103   13.4389
    7.5000  -15.0000   37.5000 2916.3535   13.6492
   -7.5000   -7.5000   37.5000 2933.2195   13.4602
    0.0000   -7.5000   37.5000 2932.6472   13.4159
    7.5000   -7.5000   37.5000 2921.1953   13.5813
   -7.5000    0.0000   37.5000 2919.6960   13.6112
    0.0000    0.0000   37.5000 2919.5930   13.5810
    7.5000    0.0000   37.5000 2909.1143   13.7309
   -7.5000    7.5000   37.5000 2899.2507   13.9394
    0.0000    7.5000   37.5000 2901.4058   13.8821
    7.5000    7.5000   37.5000 2892.6226   14.0287
   -7.5000   15.0000   37.5000 2869.9929   14.4164
    0.0000   15.0000   37.5000 2868.0894   14.3374
    7.5000   15.0000   37.5000 2858.8037   14.4784
   -7.5000   22.5000   37.5000 2828.4993   15.0651
    0.0000   22.5000   37.5000 2826.9495   14.9936
    7.5000   22.5000   37.5000 2815.4897   15.0990
   -7.5000   30.0000   37.5000 2771.3232   15.8263
    0.0000   30.0000   37.5000 2770.1179   15.7585
    7.5000   30.0000   37.5000 2757.5381   15.8497
   -7.5000   37.5000   37.5000 2705.8477   16.6970
    0.0000   37.5000   37.5000 2705.3042   16.6685
    7.5000   37.5000   37.5000 2693.3591   16.7761
   -7.5000   45.0000   37.5000 2640.1042   17.8088
    0.0000   45.0000   37.5000 2638.8206   17.7935
    7.5000   45.0000   37.5000 2630.1929   17.8976
   -7.5000  -45.0000   45.0000 2745.0122   16.2370
    0.0000  -45.0000   45.0000 2748.9329   16.1600
    7.5000  -45.0000   45.0000 2741.9915   16.4126
   -7.5000  -37.5000   45.0000 2795.1357   15.4775
    0.0000  -37.5000   45.0000 2798.6064   15.4019
    7.5000  -37.5000   45.0000 2793.3008   15.6636
   -7.5000  -30.0000   45.0000 2838.2476   14.8781
    0.0000  -30.0000   45.0000 2840.7339   14.8010
    7.5000  -30.0000   45.0000 2831.6006   15.0473
   -7.5000  -22.5000   45.0000 2866.7610   14.4142
    0.0000  -22.5000   45.0000 2868.1799   14.3515
    7.5000  -22.5000   45.0000 2863.0125   14.5817
   -7.5000  -15.0000   45.0000 2877.6887   14.1446
    0.0000  -15.0000   45.0000 2876.6111   14.0769
    7.5000  -15.0000   45.0000 2873.0317   14.3027
   -7.5000   -7.5000   45.0000 2887.2178   14.1096
    0.0000   -7.5000   45.0000 2886.1311   14.0523
    7.5000   -7.5000   45.0000 2877.3252   14.2357
   -7.5000    0.0000   45.0000 2879.4382   14.2223
    0.0000    0.0000   45.0000 2877.2476   14.1984
    7.5000    0.0000   45.0000 2869.0181   14.3534
   -7.5000    7.5000   45.0000 2863.2136   14.5134
    0.0000    7.5000   45.0000 2860.4897   14.4821
    7.5000    7.5000   45.0000 2853.5049   14.6463
   -7.5000   15.0000   45.0000 2832.1152   14.9738
    0.0000   15.0000   45.0000 2827.9739   14.9118
    7.5000   15.0000   45.0000 2820.4871   15.0828
   -7.5000   22.5000   45.0000 2789.7097   15.5794
    0.0000   22.5000   45.0000 2787.9592   15.5161
    7.5000   22.5000   45.0000 2775.9646   15.6603
   -7.5000   30.0000   45.0000 2735.1975   16.3694
    0.0000   30.0000   45.0000 2734.3743   16.3187
    7.5000   30.0000   45.0000 2723.3062   16.4384
   -7.5000   37.5000   45.0000 2674.6687   17.2386
    0.0000   37.5000   45.0000 2676.0137   17.2202
    7.5000   37.5000   45.0000 2666.6233   17.3356
   -7.5000   45.0000   45.0000 2610.7097   18.3132
    0.0000   45.0000   45.0000 2611.8716   18.3255
    7.5000   45.0000   45.0000 2604.0623   18.4340

---------------------------------------------------------------------
imgreg_4dfp /opt/freesurfer/average/711-2C_as_mni_average_305 /opt/freesurfer/average/711-2B_as_mni_average_305_mask talsrcimg_g11 none talsrcimg_to_711-2C_as_mni_average_305_t4 1283
---------------------------------------------------------------------

freesurfer imgreg_4dfp.c
/opt/freesurfer/average/711-2C_as_mni_average_305.4dfp.img
       256       256       256         1
  1.000000  1.000000  1.000000
orientation T byte_order littleendian
Reading image: /opt/freesurfer/average/711-2C_as_mni_average_305.4dfp.img
dimensions:      256       256       256
mmppix:       1.0000   -1.0000   -1.0000
center:     128.0000 -129.0000 -129.0000
/opt/freesurfer/average/711-2B_as_mni_average_305_mask.4dfp.img
       256       256       256         1
  1.000000  1.000000  1.000000
orientation T byte_order littleendian
Reading mask: /opt/freesurfer/average/711-2B_as_mni_average_305_mask.4dfp.img (2306576 pixels)
talsrcimg_g11.4dfp.img
       256       256       256         1
  1.000000  1.000000  1.000000
orientation T byte_order littleendian
Reading image: talsrcimg_g11.4dfp.img
dimensions:      256       256       256
mmppix:       1.0000   -1.0000   -1.0000
center:     128.0000 -129.0000 -129.0000
rotation matrix determinant  1.000000
fimgreg.f
image alignment mode   1283 decimal      503 hex
parameters
    0.0000   -7.5000   15.0000    0.0000    0.0000    0.0000
eta,q 0.95118 12.16560
niter,ni,del,rscale     5    3   12.0000    1.2000
parameter  3  2.397617 ->  0.500000 qaram    1.1500
parameters
    0.4934   -7.4327   11.5500   -0.0617    0.6814   -2.2274
eta,q 0.95164 11.91614
  0.0561  0.0560  0.0481  0.0530  0.0534  0.0497
  0.0533  0.0540  0.0486  0.0505  0.0506  0.0486
  0.0510  0.0517  0.0497  0.0490  0.0490  0.0484
  0.0506  0.0505  0.0505  0.0487  0.0486  0.0489
  0.0513  0.0513  0.0508  0.0494  0.0494  0.0500
  0.0529  0.0533  0.0515  0.0510  0.0504  0.0515
  0.0540  0.0562  0.0535  0.0529  0.0510  0.0532
niter,ni,del,rscale     5    3   12.0000    1.2000
parameter  5 -0.661442 -> -0.500000 qaram    1.1500
parameters
   -1.6538   -8.4692   11.3722   -0.3075    4.1314   -3.1144
eta,q 0.95516 11.87125
  0.0517  0.0501  0.0526  0.0514  0.0569  0.0476
  0.0492  0.0492  0.0492  0.0485  0.0531  0.0461
  0.0473  0.0481  0.0474  0.0477  0.0499  0.0451
  0.0484  0.0473  0.0476  0.0476  0.0475  0.0449
  0.0527  0.0482  0.0488  0.0481  0.0454  0.0458
  0.0562  0.0511  0.0506  0.0496  0.0450  0.0475
  0.0563  0.0533  0.0519  0.0515  0.0463  0.0498
niter,ni,del,rscale     5    3   12.0000    1.2000
parameters
   -2.0828   -8.2914   11.7444    0.0367    4.3014   -3.0419
eta,q 0.95546 11.89949
  0.0545  0.0507  0.0527  0.0509  0.0528  0.0484
  0.0497  0.0482  0.0473  0.0473  0.0495  0.0467
  0.0454  0.0465  0.0439  0.0457  0.0464  0.0453
  0.0448  0.0444  0.0443  0.0446  0.0445  0.0446
  0.0491  0.0443  0.0464  0.0453  0.0456  0.0450
  0.0531  0.0471  0.0479  0.0471  0.0485  0.0464
  0.0550  0.0510  0.0492  0.0492  0.0526  0.0485
niter,ni,del,rscale     4    3   12.0000    1.2000
parameters
   -2.0758   -8.1935   11.9197    0.1664    4.3732   -3.0905
eta,q 0.95536 11.90942
  0.0553  0.0507  0.0518  0.0504  0.0525  0.0484
  0.0506  0.0488  0.0464  0.0472  0.0493  0.0468
  0.0459  0.0468  0.0437  0.0457  0.0462  0.0453
  0.0445  0.0445  0.0445  0.0446  0.0446  0.0446
  0.0479  0.0447  0.0463  0.0457  0.0457  0.0451
  0.0518  0.0476  0.0477  0.0474  0.0486  0.0466
  0.0538  0.0515  0.0491  0.0496  0.0526  0.0487
niter,ni,del,rscale     3    3   12.0000    1.2000
parameters
   -2.0138   -8.1228   12.0190    0.2332    4.3795   -3.1500
eta,q 0.95526 11.91448
  0.0552  0.0508  0.0515  0.0503  0.0523  0.0485
  0.0505  0.0491  0.0461  0.0473  0.0491  0.0468
  0.0459  0.0469  0.0437  0.0458  0.0461  0.0454
  0.0446  0.0447  0.0446  0.0447  0.0447  0.0447
  0.0478  0.0449  0.0463  0.0459  0.0459  0.0452
  0.0514  0.0479  0.0476  0.0475  0.0487  0.0468
  0.0534  0.0518  0.0490  0.0497  0.0526  0.0488
niter,ni,del,rscale     2    3   12.0000    1.2000
parameters
   -1.9607   -8.0733   12.0773    0.2662    4.3707   -3.1963
eta,q 0.95519 11.91733
  0.0551  0.0509  0.0513  0.0502  0.0522  0.0486
  0.0504  0.0493  0.0459  0.0474  0.0490  0.0469
  0.0458  0.0470  0.0437  0.0458  0.0461  0.0455
  0.0447  0.0448  0.0448  0.0448  0.0448  0.0448
  0.0479  0.0451  0.0463  0.0460  0.0459  0.0453
  0.0514  0.0481  0.0475  0.0476  0.0487  0.0468
  0.0532  0.0520  0.0490  0.0498  0.0526  0.0489
registration optimization eta report
parameter search radius
    6.0000    6.0000    6.9000    6.0000    6.9000    6.0000
100000*second partial in parameter space
       24.       18.       12.       14.       15.       11.
  0.0551  0.0509  0.0513  0.0502  0.0522  0.0486
  0.0504  0.0493  0.0459  0.0474  0.0490  0.0469
  0.0458  0.0470  0.0437  0.0458  0.0461  0.0455
  0.0447  0.0448  0.0448  0.0448  0.0448  0.0448
  0.0479  0.0451  0.0463  0.0460  0.0459  0.0453
  0.0514  0.0481  0.0475  0.0476  0.0487  0.0468
  0.0532  0.0520  0.0490  0.0498  0.0526  0.0489
   -1.9607   -8.0733   12.0773    0.2662    4.3707   -3.1963
eta,q 0.95519 11.91733

---------------------------------------------------------------------
imgreg_4dfp /opt/freesurfer/average/711-2C_as_mni_average_305 /opt/freesurfer/average/711-2B_as_mni_average_305_mask talsrcimg_g11 none talsrcimg_to_711-2C_as_mni_average_305_t4 3335
---------------------------------------------------------------------

freesurfer imgreg_4dfp.c
/opt/freesurfer/average/711-2C_as_mni_average_305.4dfp.img
       256       256       256         1
  1.000000  1.000000  1.000000
orientation T byte_order littleendian
Reading image: /opt/freesurfer/average/711-2C_as_mni_average_305.4dfp.img
dimensions:      256       256       256
mmppix:       1.0000   -1.0000   -1.0000
center:     128.0000 -129.0000 -129.0000
/opt/freesurfer/average/711-2B_as_mni_average_305_mask.4dfp.img
       256       256       256         1
  1.000000  1.000000  1.000000
orientation T byte_order littleendian
Reading mask: /opt/freesurfer/average/711-2B_as_mni_average_305_mask.4dfp.img (2306576 pixels)
talsrcimg_g11.4dfp.img
       256       256       256         1
  1.000000  1.000000  1.000000
orientation T byte_order littleendian
Reading image: talsrcimg_g11.4dfp.img
dimensions:      256       256       256
mmppix:       1.0000   -1.0000   -1.0000
center:     128.0000 -129.0000 -129.0000
fimgreg.f
image alignment mode   3335 decimal      D07 hex
parameters
   -1.9607   -8.0733   12.0773   -0.4459   -0.1547   -0.2919
    5.5404   -7.6349   -5.5596   -0.0389    7.6210    0.4632
eta,q 0.95582 12.01610
niter,ni,del,rscale     5    3    5.0000    1.2000
parameter  4  1.404478 ->  0.500000 qaram    1.1500
parameter  5 -4.050060 ->  0.500000 qaram    1.1500
parameter  6  2.383307 ->  0.500000 qaram    1.1500
parameter  7  0.542749 ->  0.500000 qaram    1.1500
parameter 11  0.668014 ->  0.500000 qaram    1.1500
parameters
   -1.3332   -7.9583   11.8634   -4.5859   -4.2947   -4.4319
    1.4004  -10.5436   -4.2678    1.2228    3.4810    1.4746
eta,q 0.96734 12.04075
  0.0467  0.0452  0.0446  0.0407  0.0360  0.0335  0.0348  0.0357  0.0349  0.0368  0.0328  0.0335
  0.0456  0.0447  0.0442  0.0413  0.0380  0.0345  0.0345  0.0339  0.0343  0.0352  0.0327  0.0332
  0.0447  0.0442  0.0440  0.0424  0.0399  0.0363  0.0346  0.0336  0.0338  0.0340  0.0329  0.0329
  0.0442  0.0440  0.0440  0.0440  0.0416  0.0385  0.0349  0.0345  0.0335  0.0335  0.0334  0.0327
  0.0440  0.0441  0.0442  0.0461  0.0433  0.0412  0.0356  0.0365  0.0335  0.0334  0.0344  0.0327
  0.0443  0.0445  0.0444  0.0486  0.0449  0.0439  0.0365  0.0388  0.0337  0.0339  0.0358  0.0328
  0.0450  0.0451  0.0448  0.0511  0.0460  0.0464  0.0376  0.0411  0.0342  0.0351  0.0376  0.0332
niter,ni,del,rscale     7    3    5.0000    1.2000
parameter  2  1.587499 ->  0.500000 qaram    1.1500
parameter  3  1.038000 ->  0.500000 qaram    1.1500
parameter  5  4.256920 ->  0.500000 qaram    1.3225
parameter 12  0.585356 ->  0.500000 qaram    1.1500
parameters
   -2.3148   -9.3383   10.4834   -8.1386   -9.0557   -7.4386
    1.0785   -9.5737   -5.0063   -0.1626    2.2440   -2.6654
eta,q 0.97636 12.00856
  0.0332  0.0300  0.0291  0.0299  0.0227  0.0259  0.0268  0.0288  0.0256  0.0258  0.0248  0.0238
  0.0324  0.0303  0.0292  0.0291  0.0239  0.0250  0.0254  0.0265  0.0247  0.0246  0.0244  0.0236
  0.0323  0.0311  0.0296  0.0288  0.0262  0.0242  0.0245  0.0250  0.0242  0.0240  0.0240  0.0237
  0.0327  0.0323  0.0305  0.0293  0.0288  0.0244  0.0242  0.0242  0.0241  0.0241  0.0240  0.0240
  0.0337  0.0336  0.0317  0.0311  0.0319  0.0264  0.0247  0.0242  0.0245  0.0248  0.0242  0.0244
  0.0353  0.0351  0.0331  0.0347  0.0350  0.0301  0.0257  0.0251  0.0252  0.0260  0.0248  0.0251
  0.0375  0.0367  0.0346  0.0391  0.0369  0.0348  0.0272  0.0269  0.0264  0.0277  0.0258  0.0260
niter,ni,del,rscale     7    3    5.0000    1.2000
parameter  2  0.566056 ->  0.500000 qaram    1.3225
parameter  3  0.850042 ->  0.500000 qaram    1.3225
parameters
   -2.0029  -10.9253    8.8964   -6.3997  -13.0431   -7.6606
    1.9220   -9.5943   -5.1304    0.0773    1.3944   -2.1589
eta,q 0.98022 12.00389
  0.0267  0.0233  0.0214  0.0259  0.0220  0.0239  0.0240  0.0247  0.0221  0.0231  0.0212  0.0213
  0.0252  0.0226  0.0214  0.0241  0.0203  0.0225  0.0221  0.0218  0.0209  0.0214  0.0204  0.0205
  0.0241  0.0227  0.0218  0.0226  0.0198  0.0211  0.0206  0.0202  0.0201  0.0203  0.0199  0.0201
  0.0236  0.0236  0.0226  0.0214  0.0210  0.0198  0.0199  0.0198  0.0198  0.0198  0.0198  0.0198
  0.0237  0.0252  0.0238  0.0208  0.0233  0.0197  0.0200  0.0204  0.0201  0.0201  0.0200  0.0198
  0.0243  0.0275  0.0254  0.0214  0.0271  0.0218  0.0211  0.0220  0.0210  0.0211  0.0208  0.0202
  0.0254  0.0301  0.0273  0.0238  0.0314  0.0258  0.0227  0.0246  0.0223  0.0227  0.0221  0.0211
niter,ni,del,rscale     7    3    5.0000    1.2000
parameters
   -1.8824  -10.5297    8.4754   -5.7382  -13.5131   -8.0920
    2.0364   -9.2501   -5.0931    0.4312    1.0118   -2.8120
eta,q 0.98039 11.98817
  0.0230  0.0254  0.0217  0.0244  0.0244  0.0236  0.0233  0.0254  0.0220  0.0229  0.0212  0.0208
  0.0214  0.0227  0.0204  0.0225  0.0221  0.0222  0.0214  0.0222  0.0207  0.0212  0.0203  0.0201
  0.0203  0.0207  0.0197  0.0209  0.0202  0.0208  0.0201  0.0202  0.0199  0.0201  0.0198  0.0197
  0.0198  0.0198  0.0197  0.0196  0.0194  0.0194  0.0196  0.0196  0.0196  0.0196  0.0196  0.0196
  0.0200  0.0199  0.0203  0.0193  0.0203  0.0194  0.0201  0.0201  0.0199  0.0198  0.0198  0.0198
  0.0209  0.0211  0.0214  0.0208  0.0225  0.0218  0.0213  0.0217  0.0207  0.0208  0.0204  0.0203
  0.0225  0.0232  0.0230  0.0238  0.0259  0.0262  0.0231  0.0243  0.0219  0.0223  0.0217  0.0213
niter,ni,del,rscale     6    3    5.0000    1.2000
parameters
   -1.8548  -10.3997    8.3737   -5.4392  -13.5498   -8.2342
    2.1218   -9.1232   -5.0328    0.7096    0.8078   -3.0841
eta,q 0.98042 11.98757
  0.0228  0.0244  0.0221  0.0242  0.0248  0.0237  0.0233  0.0251  0.0219  0.0227  0.0213  0.0208
  0.0211  0.0219  0.0206  0.0224  0.0224  0.0223  0.0214  0.0220  0.0207  0.0211  0.0204  0.0201
  0.0200  0.0203  0.0198  0.0208  0.0205  0.0209  0.0201  0.0201  0.0199  0.0200  0.0198  0.0197
  0.0196  0.0196  0.0196  0.0196  0.0195  0.0195  0.0196  0.0196  0.0196  0.0196  0.0196  0.0196
  0.0199  0.0201  0.0200  0.0195  0.0202  0.0193  0.0201  0.0202  0.0198  0.0198  0.0197  0.0197
  0.0209  0.0215  0.0209  0.0212  0.0221  0.0213  0.0213  0.0219  0.0207  0.0208  0.0204  0.0202
  0.0227  0.0237  0.0223  0.0244  0.0253  0.0255  0.0231  0.0246  0.0219  0.0223  0.0216  0.0211
niter,ni,del,rscale     5    3    5.0000    1.2000
parameters
   -1.8640  -10.3573    8.3272   -5.3503  -13.5379   -8.2889
    2.1597   -9.0777   -4.9752    0.8156    0.7085   -3.1769
eta,q 0.98042 11.98753
  0.0227  0.0242  0.0222  0.0241  0.0249  0.0238  0.0233  0.0250  0.0219  0.0226  0.0214  0.0209
  0.0211  0.0217  0.0206  0.0223  0.0225  0.0224  0.0214  0.0219  0.0207  0.0210  0.0204  0.0202
  0.0200  0.0201  0.0198  0.0207  0.0205  0.0210  0.0200  0.0201  0.0199  0.0200  0.0198  0.0197
  0.0196  0.0196  0.0196  0.0196  0.0196  0.0196  0.0196  0.0196  0.0196  0.0196  0.0196  0.0196
  0.0199  0.0201  0.0200  0.0196  0.0202  0.0193  0.0201  0.0203  0.0198  0.0199  0.0197  0.0197
  0.0210  0.0216  0.0208  0.0214  0.0221  0.0212  0.0214  0.0220  0.0206  0.0209  0.0203  0.0202
  0.0228  0.0238  0.0222  0.0247  0.0253  0.0253  0.0232  0.0247  0.0219  0.0224  0.0216  0.0210
niter,ni,del,rscale     4    3    5.0000    1.2000
parameters
   -1.8686  -10.3416    8.3049   -5.3208  -13.5297   -8.3118
    2.1635   -9.0563   -4.9447    0.8581    0.6574   -3.2072
eta,q 0.98042 11.98748
  0.0227  0.0241  0.0222  0.0240  0.0249  0.0238  0.0233  0.0250  0.0219  0.0225  0.0214  0.0209
  0.0211  0.0217  0.0206  0.0222  0.0226  0.0224  0.0213  0.0219  0.0207  0.0210  0.0204  0.0202
  0.0200  0.0201  0.0198  0.0207  0.0205  0.0210  0.0200  0.0201  0.0199  0.0200  0.0198  0.0197
  0.0196  0.0196  0.0196  0.0196  0.0196  0.0196  0.0196  0.0196  0.0196  0.0196  0.0196  0.0196
  0.0199  0.0202  0.0199  0.0196  0.0202  0.0192  0.0201  0.0203  0.0199  0.0199  0.0197  0.0197
  0.0210  0.0217  0.0208  0.0215  0.0221  0.0212  0.0214  0.0221  0.0207  0.0209  0.0203  0.0201
  0.0228  0.0239  0.0222  0.0248  0.0253  0.0253  0.0232  0.0247  0.0219  0.0224  0.0216  0.0210
registration optimization eta report
parameter search radius
    2.4000    3.1740    3.1740    8.2800    9.5220    8.2800
    8.2800    7.2000    7.2000    7.2000    8.2800    8.2800
100000*second partial in parameter space
       56.       43.       26.        7.        6.        7.
        5.       10.        4.        6.        3.        2.
  0.0227  0.0241  0.0222  0.0240  0.0249  0.0238  0.0233  0.0250  0.0219  0.0225  0.0214  0.0209
  0.0211  0.0217  0.0206  0.0222  0.0226  0.0224  0.0213  0.0219  0.0207  0.0210  0.0204  0.0202
  0.0200  0.0201  0.0198  0.0207  0.0205  0.0210  0.0200  0.0201  0.0199  0.0200  0.0198  0.0197
  0.0196  0.0196  0.0196  0.0196  0.0196  0.0196  0.0196  0.0196  0.0196  0.0196  0.0196  0.0196
  0.0199  0.0202  0.0199  0.0196  0.0202  0.0192  0.0201  0.0203  0.0199  0.0199  0.0197  0.0197
  0.0210  0.0217  0.0208  0.0215  0.0221  0.0212  0.0214  0.0221  0.0207  0.0209  0.0203  0.0201
  0.0228  0.0239  0.0222  0.0248  0.0253  0.0253  0.0232  0.0247  0.0219  0.0224  0.0216  0.0210
   -1.8686  -10.3416    8.3049   -5.3208  -13.5297   -8.3118
    2.1635   -9.0563   -4.9447    0.8581    0.6574   -3.2072
eta,q 0.98042 11.98748

---------------------------------------------------------------------
imgreg_4dfp /opt/freesurfer/average/711-2C_as_mni_average_305 /opt/freesurfer/average/711-2B_as_mni_average_305_mask talsrcimg_g11 none talsrcimg_to_711-2C_as_mni_average_305_t4 2311
---------------------------------------------------------------------

freesurfer imgreg_4dfp.c
/opt/freesurfer/average/711-2C_as_mni_average_305.4dfp.img
       256       256       256         1
  1.000000  1.000000  1.000000
orientation T byte_order littleendian
Reading image: /opt/freesurfer/average/711-2C_as_mni_average_305.4dfp.img
dimensions:      256       256       256
mmppix:       1.0000   -1.0000   -1.0000
center:     128.0000 -129.0000 -129.0000
/opt/freesurfer/average/711-2B_as_mni_average_305_mask.4dfp.img
       256       256       256         1
  1.000000  1.000000  1.000000
orientation T byte_order littleendian
Reading mask: /opt/freesurfer/average/711-2B_as_mni_average_305_mask.4dfp.img (2306576 pixels)
talsrcimg_g11.4dfp.img
       256       256       256         1
  1.000000  1.000000  1.000000
orientation T byte_order littleendian
Reading image: talsrcimg_g11.4dfp.img
dimensions:      256       256       256
mmppix:       1.0000   -1.0000   -1.0000
center:     128.0000 -129.0000 -129.0000
fimgreg.f
image alignment mode   2311 decimal      907 hex
parameters
   -1.8686  -10.3416    8.3049   -5.3208  -13.5297   -8.3118
    2.1635   -9.0563   -4.9447    0.8581    0.6574   -3.2072
eta,q 0.98042 11.98749
niter,ni,del,rscale     5    3    5.0000    0.8000
parameters
   -1.8414  -10.3812    8.1878   -4.5263  -13.3877   -7.3106
    2.2199   -9.2676   -4.8394    0.7163    0.3300   -3.9011
eta,q 0.98086 12.00300
  0.0211  0.0208  0.0201  0.0218  0.0212  0.0218  0.0207  0.0220  0.0203  0.0206  0.0199  0.0195
  0.0203  0.0201  0.0198  0.0209  0.0203  0.0210  0.0198  0.0203  0.0197  0.0198  0.0195  0.0193
  0.0198  0.0197  0.0196  0.0201  0.0197  0.0201  0.0193  0.0194  0.0193  0.0193  0.0192  0.0192
  0.0196  0.0196  0.0196  0.0196  0.0194  0.0194  0.0192  0.0192  0.0191  0.0192  0.0192  0.0192
  0.0197  0.0198  0.0197  0.0194  0.0196  0.0191  0.0193  0.0197  0.0193  0.0193  0.0193  0.0192
  0.0202  0.0202  0.0199  0.0198  0.0202  0.0195  0.0198  0.0208  0.0196  0.0199  0.0196  0.0195
  0.0210  0.0209  0.0203  0.0209  0.0210  0.0208  0.0206  0.0224  0.0202  0.0208  0.0201  0.0198
niter,ni,del,rscale     4    3    5.0000    0.7000
parameters
   -1.8854  -10.4426    8.4542   -4.6746  -13.4947   -6.7689
    2.2520   -9.3712   -4.7877    0.6369    0.2736   -3.9601
eta,q 0.98098 12.00974
  0.0203  0.0200  0.0200  0.0206  0.0204  0.0212  0.0202  0.0214  0.0199  0.0202  0.0197  0.0194
  0.0197  0.0195  0.0196  0.0199  0.0197  0.0204  0.0195  0.0200  0.0194  0.0196  0.0193  0.0192
  0.0193  0.0192  0.0193  0.0194  0.0193  0.0197  0.0192  0.0192  0.0191  0.0192  0.0191  0.0191
  0.0191  0.0191  0.0191  0.0191  0.0191  0.0191  0.0190  0.0190  0.0190  0.0190  0.0190  0.0190
  0.0193  0.0193  0.0191  0.0193  0.0193  0.0190  0.0192  0.0194  0.0191  0.0192  0.0191  0.0191
  0.0198  0.0196  0.0193  0.0199  0.0198  0.0195  0.0195  0.0203  0.0194  0.0196  0.0193  0.0192
  0.0205  0.0202  0.0195  0.0211  0.0206  0.0206  0.0201  0.0215  0.0199  0.0203  0.0197  0.0194
niter,ni,del,rscale     3    3    5.0000    0.6000
parameters
   -1.8930  -10.4733    8.5716   -4.7039  -13.5741   -6.5020
    2.2266   -9.4312   -4.7680    0.5685    0.2985   -3.9626
eta,q 0.98103 12.01192
  0.0200  0.0197  0.0196  0.0202  0.0200  0.0207  0.0198  0.0208  0.0197  0.0198  0.0195  0.0193
  0.0194  0.0193  0.0193  0.0197  0.0195  0.0200  0.0193  0.0197  0.0193  0.0194  0.0192  0.0191
  0.0191  0.0191  0.0191  0.0192  0.0191  0.0194  0.0191  0.0191  0.0191  0.0191  0.0190  0.0190
  0.0190  0.0190  0.0190  0.0190  0.0190  0.0190  0.0190  0.0190  0.0190  0.0190  0.0190  0.0190
  0.0191  0.0191  0.0190  0.0191  0.0191  0.0190  0.0191  0.0192  0.0190  0.0191  0.0190  0.0190
  0.0194  0.0194  0.0192  0.0196  0.0195  0.0195  0.0194  0.0199  0.0193  0.0194  0.0192  0.0191
  0.0200  0.0198  0.0194  0.0204  0.0201  0.0204  0.0198  0.0208  0.0196  0.0199  0.0195  0.0193
niter,ni,del,rscale     2    3    5.0000    0.5000
parameters
   -1.8950  -10.4892    8.6365   -4.6722  -13.6328   -6.3289
    2.2125   -9.4870   -4.7523    0.5255    0.3355   -4.0126
eta,q 0.98105 12.01298
  0.0196  0.0195  0.0194  0.0199  0.0197  0.0202  0.0195  0.0202  0.0194  0.0196  0.0193  0.0191
  0.0193  0.0192  0.0192  0.0195  0.0193  0.0196  0.0192  0.0195  0.0192  0.0192  0.0191  0.0190
  0.0191  0.0190  0.0190  0.0191  0.0190  0.0192  0.0190  0.0191  0.0190  0.0190  0.0190  0.0190
  0.0190  0.0190  0.0190  0.0190  0.0190  0.0190  0.0190  0.0190  0.0190  0.0190  0.0190  0.0190
  0.0191  0.0190  0.0190  0.0190  0.0191  0.0190  0.0190  0.0191  0.0190  0.0190  0.0190  0.0190
  0.0193  0.0192  0.0191  0.0193  0.0193  0.0193  0.0192  0.0196  0.0192  0.0192  0.0191  0.0190
  0.0197  0.0195  0.0193  0.0199  0.0197  0.0201  0.0195  0.0203  0.0194  0.0196  0.0193  0.0192
niter,ni,del,rscale     1    3    5.0000    0.4000
parameters
   -1.9006  -10.5036    8.6778   -4.6302  -13.6681   -6.1946
    2.2124   -9.5311   -4.7402    0.5208    0.3665   -4.0107
eta,q 0.98106 12.01423
  0.0194  0.0193  0.0192  0.0196  0.0194  0.0198  0.0193  0.0198  0.0192  0.0193  0.0192  0.0191
  0.0191  0.0191  0.0191  0.0193  0.0192  0.0194  0.0191  0.0193  0.0191  0.0191  0.0191  0.0190
  0.0190  0.0190  0.0190  0.0191  0.0190  0.0191  0.0190  0.0190  0.0190  0.0190  0.0190  0.0190
  0.0190  0.0190  0.0190  0.0190  0.0190  0.0190  0.0189  0.0189  0.0189  0.0189  0.0189  0.0189
  0.0190  0.0190  0.0190  0.0190  0.0190  0.0190  0.0190  0.0191  0.0190  0.0190  0.0190  0.0190
  0.0192  0.0191  0.0190  0.0192  0.0192  0.0192  0.0191  0.0194  0.0191  0.0191  0.0190  0.0190
  0.0194  0.0193  0.0192  0.0196  0.0194  0.0197  0.0193  0.0198  0.0192  0.0194  0.0192  0.0191
registration optimization eta report
parameter search radius
    0.8000    0.8000    0.8000    2.4000    2.4000    2.4000
    2.4000    2.4000    2.4000    2.4000    2.4000    2.4000
100000*second partial in parameter space
       68.       51.       35.       11.        8.       13.
        7.       15.        5.        7.        4.        2.
  0.0194  0.0193  0.0192  0.0196  0.0194  0.0198  0.0193  0.0198  0.0192  0.0193  0.0192  0.0191
  0.0191  0.0191  0.0191  0.0193  0.0192  0.0194  0.0191  0.0193  0.0191  0.0191  0.0191  0.0190
  0.0190  0.0190  0.0190  0.0191  0.0190  0.0191  0.0190  0.0190  0.0190  0.0190  0.0190  0.0190
  0.0190  0.0190  0.0190  0.0190  0.0190  0.0190  0.0189  0.0189  0.0189  0.0189  0.0189  0.0189
  0.0190  0.0190  0.0190  0.0190  0.0190  0.0190  0.0190  0.0191  0.0190  0.0190  0.0190  0.0190
  0.0192  0.0191  0.0190  0.0192  0.0192  0.0192  0.0191  0.0194  0.0191  0.0191  0.0190  0.0190
  0.0194  0.0193  0.0192  0.0196  0.0194  0.0197  0.0193  0.0198  0.0192  0.0194  0.0192  0.0191
   -1.9006  -10.5036    8.6778   -4.6302  -13.6681   -6.1946
    2.2124   -9.5311   -4.7402    0.5208    0.3665   -4.0107
eta,q 0.98106 12.01423

---------------------------------------------------------------------
imgreg_4dfp /opt/freesurfer/average/711-2C_as_mni_average_305 /opt/freesurfer/average/711-2B_as_mni_average_305_mask talsrcimg_g11 none talsrcimg_to_711-2C_as_mni_average_305_t4 2311
---------------------------------------------------------------------

freesurfer imgreg_4dfp.c
/opt/freesurfer/average/711-2C_as_mni_average_305.4dfp.img
       256       256       256         1
  1.000000  1.000000  1.000000
orientation T byte_order littleendian
Reading image: /opt/freesurfer/average/711-2C_as_mni_average_305.4dfp.img
dimensions:      256       256       256
mmppix:       1.0000   -1.0000   -1.0000
center:     128.0000 -129.0000 -129.0000
/opt/freesurfer/average/711-2B_as_mni_average_305_mask.4dfp.img
       256       256       256         1
  1.000000  1.000000  1.000000
orientation T byte_order littleendian
Reading mask: /opt/freesurfer/average/711-2B_as_mni_average_305_mask.4dfp.img (2306576 pixels)
talsrcimg_g11.4dfp.img
       256       256       256         1
  1.000000  1.000000  1.000000
orientation T byte_order littleendian
Reading image: talsrcimg_g11.4dfp.img
dimensions:      256       256       256
mmppix:       1.0000   -1.0000   -1.0000
center:     128.0000 -129.0000 -129.0000
fimgreg.f
image alignment mode   2311 decimal      907 hex
parameters
   -1.9006  -10.5036    8.6778   -4.6302  -13.6681   -6.1946
    2.2124   -9.5311   -4.7402    0.5208    0.3665   -4.0107
eta,q 0.98106 12.01423
niter,ni,del,rscale     5    3    5.0000    0.8000
parameters
   -1.9226  -10.4894    8.7565   -5.0357  -13.6441   -6.4909
    2.1841   -9.4387   -4.8139    0.4692    0.3691   -3.7402
eta,q 0.98099 12.01229
  0.0206  0.0203  0.0200  0.0207  0.0207  0.0212  0.0204  0.0222  0.0202  0.0205  0.0198  0.0196
  0.0197  0.0195  0.0194  0.0199  0.0198  0.0203  0.0197  0.0204  0.0195  0.0197  0.0194  0.0193
  0.0191  0.0191  0.0191  0.0192  0.0192  0.0194  0.0192  0.0193  0.0191  0.0192  0.0191  0.0191
  0.0189  0.0189  0.0189  0.0189  0.0190  0.0190  0.0190  0.0190  0.0190  0.0190  0.0190  0.0190
  0.0191  0.0191  0.0190  0.0192  0.0192  0.0192  0.0192  0.0194  0.0192  0.0192  0.0191  0.0190
  0.0197  0.0195  0.0193  0.0202  0.0198  0.0203  0.0197  0.0204  0.0196  0.0197  0.0194  0.0192
  0.0207  0.0202  0.0198  0.0218  0.0207  0.0222  0.0205  0.0218  0.0202  0.0206  0.0199  0.0195
niter,ni,del,rscale     4    3    5.0000    0.7000
parameters
   -1.8840  -10.4910    8.6461   -4.8949  -13.6033   -6.5224
    2.1945   -9.4278   -4.8194    0.4651    0.3741   -3.8164
eta,q 0.98100 12.01138
  0.0203  0.0200  0.0196  0.0207  0.0204  0.0209  0.0201  0.0214  0.0199  0.0202  0.0196  0.0194
  0.0196  0.0195  0.0192  0.0199  0.0197  0.0201  0.0195  0.0200  0.0194  0.0196  0.0193  0.0192
  0.0192  0.0191  0.0190  0.0194  0.0192  0.0194  0.0191  0.0192  0.0191  0.0192  0.0191  0.0190
  0.0190  0.0190  0.0190  0.0190  0.0190  0.0190  0.0190  0.0190  0.0190  0.0190  0.0190  0.0190
  0.0191  0.0191  0.0191  0.0190  0.0191  0.0191  0.0191  0.0193  0.0191  0.0191  0.0191  0.0190
  0.0195  0.0195  0.0194  0.0196  0.0196  0.0199  0.0195  0.0201  0.0194  0.0195  0.0193  0.0192
  0.0202  0.0200  0.0198  0.0207  0.0203  0.0213  0.0201  0.0213  0.0199  0.0202  0.0197  0.0194
niter,ni,del,rscale     3    3    5.0000    0.6000
parameters
   -1.8790  -10.4937    8.6353   -4.7812  -13.6116   -6.4252
    2.2072   -9.4630   -4.7928    0.4938    0.3657   -3.8970
eta,q 0.98103 12.01229
  0.0199  0.0197  0.0195  0.0203  0.0200  0.0206  0.0198  0.0208  0.0197  0.0199  0.0195  0.0192
  0.0194  0.0193  0.0192  0.0197  0.0195  0.0199  0.0194  0.0197  0.0193  0.0194  0.0192  0.0191
  0.0191  0.0191  0.0190  0.0192  0.0191  0.0193  0.0191  0.0191  0.0191  0.0191  0.0190  0.0190
  0.0190  0.0190  0.0190  0.0190  0.0190  0.0190  0.0190  0.0190  0.0190  0.0190  0.0190  0.0190
  0.0191  0.0191  0.0191  0.0190  0.0191  0.0190  0.0191  0.0192  0.0190  0.0191  0.0190  0.0190
  0.0194  0.0193  0.0192  0.0195  0.0195  0.0196  0.0194  0.0199  0.0193  0.0194  0.0192  0.0191
  0.0199  0.0197  0.0195  0.0203  0.0200  0.0206  0.0198  0.0208  0.0196  0.0199  0.0195  0.0193
niter,ni,del,rscale     2    3    5.0000    0.5000
parameters
   -1.8893  -10.4982    8.6522   -4.7022  -13.6452   -6.3058
    2.2099   -9.5048   -4.7779    0.4991    0.3648   -3.9760
eta,q 0.98105 12.01301
  0.0196  0.0195  0.0193  0.0199  0.0197  0.0202  0.0195  0.0202  0.0194  0.0196  0.0193  0.0191
  0.0193  0.0192  0.0191  0.0195  0.0193  0.0196  0.0192  0.0195  0.0192  0.0192  0.0191  0.0190
  0.0190  0.0190  0.0190  0.0191  0.0190  0.0192  0.0190  0.0191  0.0190  0.0190  0.0190  0.0190
  0.0190  0.0190  0.0190  0.0190  0.0190  0.0190  0.0190  0.0190  0.0190  0.0190  0.0190  0.0190
  0.0190  0.0190  0.0190  0.0190  0.0191  0.0190  0.0190  0.0191  0.0190  0.0190  0.0190  0.0190
  0.0193  0.0192  0.0191  0.0193  0.0193  0.0194  0.0192  0.0196  0.0192  0.0192  0.0191  0.0190
  0.0197  0.0195  0.0193  0.0199  0.0197  0.0201  0.0195  0.0203  0.0194  0.0196  0.0193  0.0192
niter,ni,del,rscale     1    3    5.0000    0.4000
parameters
   -1.8976  -10.5038    8.6854   -4.6429  -13.6708   -6.1895
    2.2129   -9.5385   -4.7582    0.5093    0.3807   -3.9852
eta,q 0.98106 12.01424
  0.0194  0.0193  0.0192  0.0196  0.0194  0.0198  0.0193  0.0198  0.0193  0.0194  0.0192  0.0191
  0.0191  0.0191  0.0191  0.0193  0.0192  0.0194  0.0191  0.0193  0.0191  0.0191  0.0191  0.0190
  0.0190  0.0190  0.0190  0.0191  0.0190  0.0191  0.0190  0.0190  0.0190  0.0190  0.0190  0.0190
  0.0190  0.0190  0.0190  0.0190  0.0189  0.0190  0.0189  0.0189  0.0189  0.0189  0.0189  0.0189
  0.0190  0.0190  0.0190  0.0190  0.0190  0.0190  0.0190  0.0191  0.0190  0.0190  0.0190  0.0190
  0.0192  0.0191  0.0190  0.0192  0.0192  0.0192  0.0191  0.0193  0.0191  0.0191  0.0190  0.0190
  0.0194  0.0193  0.0192  0.0196  0.0194  0.0197  0.0193  0.0198  0.0192  0.0194  0.0192  0.0191
registration optimization eta report
parameter search radius
    0.8000    0.8000    0.8000    2.4000    2.4000    2.4000
    2.4000    2.4000    2.4000    2.4000    2.4000    2.4000
100000*second partial in parameter space
       68.       51.       35.       11.        8.       14.
        7.       15.        5.        7.        4.        2.
  0.0194  0.0193  0.0192  0.0196  0.0194  0.0198  0.0193  0.0198  0.0193  0.0194  0.0192  0.0191
  0.0191  0.0191  0.0191  0.0193  0.0192  0.0194  0.0191  0.0193  0.0191  0.0191  0.0191  0.0190
  0.0190  0.0190  0.0190  0.0191  0.0190  0.0191  0.0190  0.0190  0.0190  0.0190  0.0190  0.0190
  0.0190  0.0190  0.0190  0.0190  0.0189  0.0190  0.0189  0.0189  0.0189  0.0189  0.0189  0.0189
  0.0190  0.0190  0.0190  0.0190  0.0190  0.0190  0.0190  0.0191  0.0190  0.0190  0.0190  0.0190
  0.0192  0.0191  0.0190  0.0192  0.0192  0.0192  0.0191  0.0193  0.0191  0.0191  0.0190  0.0190
  0.0194  0.0193  0.0192  0.0196  0.0194  0.0197  0.0193  0.0198  0.0192  0.0194  0.0192  0.0191
   -1.8976  -10.5038    8.6854   -4.6429  -13.6708   -6.1895
    2.2129   -9.5385   -4.7582    0.5093    0.3807   -3.9852
eta,q 0.98106 12.01424

---------------------------------------------------------------------
compute_vox2vox talsrcimg talsrcimg_to_711-2C_as_mni_average_305_t4 /opt/freesurfer/average/711-2C_as_mni_average_305
---------------------------------------------------------------------

freesurfer compute_vox2vox.c
Reading: talsrcimg.4dfp.ifh
Reading: talsrcimg_to_711-2C_as_mni_average_305_t4
Reading: /opt/freesurfer/average/711-2C_as_mni_average_305.4dfp.ifh
Writing: talsrcimg_to_711-2C_as_mni_average_305_t4_vox2vox.txt

start time Wed Mar 11 11:52:12 CET 2026
end		time Wed Mar 11 11:53:38 CET 2026

mpr2mni305 success

avi2talxfm orig_nu.mgz /opt/freesurfer/average/mni305.cor.mgz talsrcimg_to_711-2C_as_mni_average_305_t4_vox2vox.txt transforms/talairach.auto.xfm
avi2talxfm done
mv -f /out/sourcedata/freesurfer/sub-v2s16x51307_ses-1/mri/talsrcimg_to_711-2C_as_mni_average_305_t4_vox2vox.txt /out/sourcedata/freesurfer/sub-v2s16x51307_ses-1/mri/transforms/talsrcimg_to_711-2C_as_mni_average_305_t4_vox2vox.txt
lta_convert --src orig_nu.mgz --trg /opt/freesurfer/average/mni305.cor.mgz --inxfm transforms/talairach.auto.xfm --outlta transforms/talairach.auto.xfm.lta --subject fsaverage
7.3.2

--src: orig_nu.mgz src image (geometry).
--trg: /opt/freesurfer/average/mni305.cor.mgz trg image (geometry).
--inmni: transforms/talairach.auto.xfm input MNI/XFM transform.
--outlta: transforms/talairach.auto.xfm.lta output LTA.
--s: fsaverage subject name
 LTA read, type : 1
 1.04717   0.10659  -0.02192   0.53066;
-0.00180   1.06553   0.04923  -16.15556;
 0.05773  -0.00041   1.15686  -2.19511;
 0.00000   0.00000   0.00000   1.00000;
setting subject to fsaverage
Writing  LTA to file transforms/talairach.auto.xfm.lta...
lta_convert successful.
 
 
Started at Wed Mar 11 11:52:12 CET 2026
Ended   at Wed Mar 11 11:53:38 CET 2026
talairach_avi done
