/out/sourcedata/freesurfer/sub-v2s16x51315_ses-1/mri
/opt/freesurfer/bin/talairach_avi
--i orig_nu.mgz --xfm transforms/talairach.auto.xfm
talairach_avi 7.3.2
Linux dna060 5.14.0-427.37.1.el9_4.x86_64 #1 SMP PREEMPT_DYNAMIC Fri Sep 13 12:41:50 EDT 2024 x86_64 x86_64 x86_64 GNU/Linux
Wed Mar 11 12:35:13 CET 2026
mri_convert orig_nu.mgz talsrcimg.img 
reading from orig_nu.mgz...
TR=0.00, TE=0.00, TI=0.00, flip angle=0.00
i_ras = (-1, 0, 0)
j_ras = (0, 0, -1)
k_ras = (0, 1, 0)
writing to talsrcimg.img...
Analyze Output Matrix
-1.00000   0.00000   0.00000   122.37047;
 0.00000   0.00000   1.00000  -121.34673;
 0.00000  -1.00000   0.00000   139.66365;
 0.00000   0.00000   0.00000   1.00000;
--------------------
INFO: set hdr.hist.orient to -1
mpr2mni305 talsrcimg
Wed Mar 11 12:35:14 CET 2026
/opt/freesurfer/bin/mpr2mni305 talsrcimg
mpr2mni305 7.3.2
target=711-2C_as_mni_average_305

---------------------------------------------------------------------
analyzeto4dfp talsrcimg -O0 -y
---------------------------------------------------------------------

freesurfer ifh2hdr.c
Wed Mar 11 12:35:14 2026
Writing: talsrcimg.4dfp.hdr
freesurfer analyzeto4dfp.c
Reading: talsrcimg.hdr
header size 348 bytes
hdr.dime.datatype	offset=70	value=2
hdr.dime.bitpix		offset=72	value=8
hdr.hist.orient		offset=252	value=-1
dimensionality     4
dimensions       256       256       256         1
Reading: talsrcimg.img
Writing: talsrcimg.4dfp.img
Writing: talsrcimg.4dfp.ifh
ifh2hdr talsrcimg -r0to255
ori=2

---------------------------------------------------------------------
gauss_4dfp talsrcimg 1.1
---------------------------------------------------------------------

freesurfer gauss_4dfp.c
Reading: talsrcimg.4dfp.img
Writing: talsrcimg_g11.4dfp.img
image dimensions 256 256 256 padded to 288 288 288
processing volume 1freesurfer ifh2hdr.c
Wed Mar 11 12:35:15 2026
Writing: talsrcimg_g11.4dfp.hdr

Writing: talsrcimg_g11.4dfp.ifh
including: talsrcimg.4dfp.img.rec in talsrcimg_g11.4dfp.img.rec

---------------------------------------------------------------------
imgreg_4dfp /opt/freesurfer/average/711-2C_as_mni_average_305 none talsrcimg_g11 none talsrcimg_to_711-2C_as_mni_average_305_t4 4355
---------------------------------------------------------------------

freesurfer imgreg_4dfp.c
/opt/freesurfer/average/711-2C_as_mni_average_305.4dfp.img
       256       256       256         1
  1.000000  1.000000  1.000000
orientation T byte_order littleendian
Reading image: /opt/freesurfer/average/711-2C_as_mni_average_305.4dfp.img
dimensions:      256       256       256
mmppix:       1.0000   -1.0000   -1.0000
center:     128.0000 -129.0000 -129.0000
talsrcimg_g11.4dfp.img
       256       256       256         1
  1.000000  1.000000  1.000000
orientation T byte_order littleendian
Reading image: talsrcimg_g11.4dfp.img
dimensions:      256       256       256
mmppix:       1.0000   -1.0000   -1.0000
center:     128.0000 -129.0000 -129.0000
t4_read: open error in t4_sub.f l:  41 t4_file(1:l)talsrcimg_to_711-2C_as_mni_average_305_t4 
t4_read: transform initialized to I4
rotation matrix determinant  1.000000
image alignment mode   4355 decimal     1103 hex
   -7.5000  -45.0000  -45.0000 7881.9321   13.1295
    0.0000  -45.0000  -45.0000 8216.2520   13.1263
    7.5000  -45.0000  -45.0000 7857.0811   13.1241
   -7.5000  -37.5000  -45.0000 8418.1514   13.0901
    0.0000  -37.5000  -45.0000 8779.1289   13.0846
    7.5000  -37.5000  -45.0000 8402.6758   13.0840
   -7.5000  -30.0000  -45.0000 9241.7793   13.0800
    0.0000  -30.0000  -45.0000 9632.5938   13.0727
    7.5000  -30.0000  -45.0000 9213.5273   13.0732
   -7.5000  -22.5000  -45.0000 9974.5186   13.0646
    0.0000  -22.5000  -45.000010422.6328   13.0582
    7.5000  -22.5000  -45.0000 9967.2598   13.0568
   -7.5000  -15.0000  -45.000010662.1602   13.0525
    0.0000  -15.0000  -45.000011145.1475   13.0484
    7.5000  -15.0000  -45.000010641.7793   13.0447
   -7.5000   -7.5000  -45.000011377.9502   13.0568
    0.0000   -7.5000  -45.000011885.4346   13.0541
    7.5000   -7.5000  -45.000011332.7969   13.0506
   -7.5000    0.0000  -45.000011994.5605   13.0718
    0.0000    0.0000  -45.000012551.5791   13.0685
    7.5000    0.0000  -45.000011960.8418   13.0663
   -7.5000    7.5000  -45.000011686.8105   13.0829
    0.0000    7.5000  -45.000012240.4824   13.0772
    7.5000    7.5000  -45.000011676.0303   13.0768
   -7.5000   15.0000  -45.000011162.7188   13.0800
    0.0000   15.0000  -45.000011691.9551   13.0727
    7.5000   15.0000  -45.000011152.8164   13.0732
   -7.5000   22.5000  -45.000010479.7832   13.0628
    0.0000   22.5000  -45.000010950.2822   13.0564
    7.5000   22.5000  -45.000010424.3652   13.0550
   -7.5000   30.0000  -45.0000 9640.5430   12.8785
    0.0000   30.0000  -45.000010076.4307   12.8745
    7.5000   30.0000  -45.0000 9576.2812   12.8709
   -7.5000   37.5000  -45.0000 9153.2256   12.8828
    0.0000   37.5000  -45.0000 9577.5908   12.8802
    7.5000   37.5000  -45.0000 9091.2354   12.8767
   -7.5000   45.0000  -45.0000 8399.9834   12.5701
    0.0000   45.0000  -45.0000 8783.1807   12.5669
    7.5000   45.0000  -45.0000 8354.1475   12.5648
   -7.5000  -45.0000  -37.5000 8385.9639   12.9574
    0.0000  -45.0000  -37.5000 8730.6934   12.9562
    7.5000  -45.0000  -37.5000 8327.8838   12.9536
   -7.5000  -37.5000  -37.5000 8967.6592   12.9130
    0.0000  -37.5000  -37.5000 9333.5176   12.9091
    7.5000  -37.5000  -37.5000 8905.1016   12.9069
   -7.5000  -30.0000  -37.5000 9844.2197   12.9066
    0.0000  -30.0000  -37.500010243.7793   12.8990
    7.5000  -30.0000  -37.5000 9753.8096   12.8957
   -7.5000  -22.5000  -37.500010633.2715   12.8998
    0.0000  -22.5000  -37.500011081.1494   12.8914
    7.5000  -22.5000  -37.500010539.1396   12.8853
   -7.5000  -15.0000  -37.500011344.1172   12.8927
    0.0000  -15.0000  -37.500011860.5254   12.8869
    7.5000  -15.0000  -37.500011240.6016   12.8794
   -7.5000   -7.5000  -37.500012060.3906   12.8935
    0.0000   -7.5000  -37.500012601.1719   12.8912
    7.5000   -7.5000  -37.500011959.4668   12.8859
   -7.5000    0.0000  -37.500012692.4219   12.9000
    0.0000    0.0000  -37.500013279.5908   12.8986
    7.5000    0.0000  -37.500012626.1416   12.8960
   -7.5000    7.5000  -37.500012367.9102   12.9059
    0.0000    7.5000  -37.500012935.4014   12.9019
    7.5000    7.5000  -37.500012296.0479   12.8999
   -7.5000   15.0000  -37.500011832.8809   12.9066
    0.0000   15.0000  -37.500012362.6787   12.8990
    7.5000   15.0000  -37.500011721.4932   12.8957
   -7.5000   22.5000  -37.500011055.2168   12.8980
    0.0000   22.5000  -37.500011549.9062   12.8897
    7.5000   22.5000  -37.500010932.6074   12.8835
   -7.5000   30.0000  -37.500010137.8398   12.7209
    0.0000   30.0000  -37.500010616.1826   12.7152
    7.5000   30.0000  -37.500010038.2734   12.7078
   -7.5000   37.5000  -37.5000 9598.5723   12.7217
    0.0000   37.5000  -37.500010070.1895   12.7194
    7.5000   37.5000  -37.5000 9514.3242   12.7142
   -7.5000   45.0000  -37.5000 8772.4570   12.4049
    0.0000   45.0000  -37.5000 9198.3379   12.4036
    7.5000   45.0000  -37.5000 8723.9287   12.4011
   -7.5000  -45.0000  -30.0000 9059.7939   13.3979
    0.0000  -45.0000  -30.0000 9424.2236   13.3976
    7.5000  -45.0000  -30.0000 8982.0195   13.3936
   -7.5000  -37.5000  -30.0000 9691.0674   13.3454
    0.0000  -37.5000  -30.000010088.9551   13.3418
    7.5000  -37.5000  -30.0000 9598.2979   13.3390
   -7.5000  -30.0000  -30.000010645.7334   13.3333
    0.0000  -30.0000  -30.000011056.5146   13.3233
    7.5000  -30.0000  -30.000010497.8838   13.3189
   -7.5000  -22.5000  -30.000011496.2012   13.3279
    0.0000  -22.5000  -30.000011938.3477   13.3150
    7.5000  -22.5000  -30.000011315.5723   13.3066
   -7.5000  -15.0000  -30.000012267.9902   13.3265
    0.0000  -15.0000  -30.000012769.1445   13.3166
    7.5000  -15.0000  -30.000012087.0430   13.3060
   -7.5000   -7.5000  -30.000013014.9482   13.3328
    0.0000   -7.5000  -30.000013562.9316   13.3289
    7.5000   -7.5000  -30.000012845.5967   13.3211
   -7.5000    0.0000  -30.000013662.1182   13.3389
    0.0000    0.0000  -30.000014264.7422   13.3384
    7.5000    0.0000  -30.000013509.4521   13.3345
   -7.5000    7.5000  -30.000013267.0830   13.3381
    0.0000    7.5000  -30.000013850.6865   13.3344
    7.5000    7.5000  -30.000013089.2705   13.3317
   -7.5000   15.0000  -30.000012684.0146   13.3333
    0.0000   15.0000  -30.000013226.4434   13.3233
    7.5000   15.0000  -30.000012493.0762   13.3189
   -7.5000   22.5000  -30.000011827.1387   13.3247
    0.0000   22.5000  -30.000012357.3164   13.3118
    7.5000   22.5000  -30.000011655.9717   13.3034
   -7.5000   30.0000  -30.000010840.7842   13.1502
    0.0000   30.0000  -30.000011347.7275   13.1404
    7.5000   30.0000  -30.000010691.4561   13.1299
   -7.5000   37.5000  -30.000010251.2754   13.1563
    0.0000   37.5000  -30.000010761.1660   13.1525
    7.5000   37.5000  -30.000010139.0684   13.1448
   -7.5000   45.0000  -30.0000 9347.4600   12.8364
    0.0000   45.0000  -30.0000 9822.2637   12.8359
    7.5000   45.0000  -30.0000 9275.9316   12.8321
   -7.5000  -45.0000  -22.5000 9776.2666   13.8343
    0.0000  -45.0000  -22.500010162.4424   13.8328
    7.5000  -45.0000  -22.5000 9672.8945   13.8286
   -7.5000  -37.5000  -22.500010440.9854   13.7786
    0.0000  -37.5000  -22.500010848.0137   13.7733
    7.5000  -37.5000  -22.500010308.5801   13.7720
   -7.5000  -30.0000  -22.500011447.9893   13.7566
    0.0000  -30.0000  -22.500011899.9541   13.7444
    7.5000  -30.0000  -22.500011275.2979   13.7434
   -7.5000  -22.5000  -22.500012365.8848   13.7440
    0.0000  -22.5000  -22.500012839.5488   13.7290
    7.5000  -22.5000  -22.500012146.1719   13.7239
   -7.5000  -15.0000  -22.500013222.3633   13.7436
    0.0000  -15.0000  -22.500013724.0518   13.7319
    7.5000  -15.0000  -22.500012998.6016   13.7232
   -7.5000   -7.5000  -22.500014028.7666   13.7588
    0.0000   -7.5000  -22.500014578.5137   13.7535
    7.5000   -7.5000  -22.500013786.5703   13.7460
   -7.5000    0.0000  -22.500014716.8779   13.7736
    0.0000    0.0000  -22.500015303.8018   13.7720
    7.5000    0.0000  -22.500014457.5820   13.7679
   -7.5000    7.5000  -22.500014279.9268   13.7711
    0.0000    7.5000  -22.500014828.6426   13.7656
    7.5000    7.5000  -22.500014003.9258   13.7645
   -7.5000   15.0000  -22.500013612.6963   13.7566
    0.0000   15.0000  -22.500014145.3809   13.7444
    7.5000   15.0000  -22.500013325.1650   13.7434
   -7.5000   22.5000  -22.500012666.1416   13.7397
    0.0000   22.5000  -22.500013200.0898   13.7248
    7.5000   22.5000  -22.500012431.5576   13.7197
   -7.5000   30.0000  -22.500011587.4199   13.5638
    0.0000   30.0000  -22.500012137.0566   13.5522
    7.5000   30.0000  -22.500011419.7168   13.5437
   -7.5000   37.5000  -22.500010959.1074   13.5789
    0.0000   37.5000  -22.500011496.2051   13.5736
    7.5000   37.5000  -22.500010831.1602   13.5662
   -7.5000   45.0000  -22.5000 9956.1709   13.2647
    0.0000   45.0000  -22.500010463.0342   13.2631
    7.5000   45.0000  -22.5000 9866.3389   13.2591
   -7.5000  -45.0000  -15.000010508.2627   14.1565
    0.0000  -45.0000  -15.000010934.5186   14.1531
    7.5000  -45.0000  -15.000010377.0938   14.1499
   -7.5000  -37.5000  -15.000011196.4658   14.1044
    0.0000  -37.5000  -15.000011642.6943   14.0971
    7.5000  -37.5000  -15.000011041.4922   14.0981
   -7.5000  -30.0000  -15.000012263.9033   14.0775
    0.0000  -30.0000  -15.000012763.8848   14.0648
    7.5000  -30.0000  -15.000012069.6494   14.0681
   -7.5000  -22.5000  -15.000013246.0000   14.0561
    0.0000  -22.5000  -15.000013768.6240   14.0421
    7.5000  -22.5000  -15.000013022.8896   14.0422
   -7.5000  -15.0000  -15.000014179.5986   14.0510
    0.0000  -15.0000  -15.000014729.9033   14.0405
    7.5000  -15.0000  -15.000013932.4238   14.0360
   -7.5000   -7.5000  -15.000015047.7207   14.0706
    0.0000   -7.5000  -15.000015641.0342   14.0649
    7.5000   -7.5000  -15.000014742.8740   14.0594
   -7.5000    0.0000  -15.000015814.1787   14.0948
    0.0000    0.0000  -15.000016414.2871   14.0911
    7.5000    0.0000  -15.000015462.6504   14.0880
   -7.5000    7.5000  -15.000015338.7314   14.0967
    0.0000    7.5000  -15.000015893.9502   14.0893
    7.5000    7.5000  -15.000014981.5840   14.0904
   -7.5000   15.0000  -15.000014562.7305   14.0775
    0.0000   15.0000  -15.000015103.2939   14.0648
    7.5000   15.0000  -15.000014226.2871   14.0681
   -7.5000   22.5000  -15.000013511.8066   14.0511
    0.0000   22.5000  -15.000014067.7334   14.0372
    7.5000   22.5000  -15.000013246.6260   14.0372
   -7.5000   30.0000  -15.000012352.3682   13.8692
    0.0000   30.0000  -15.000012930.1855   13.8588
    7.5000   30.0000  -15.000012182.7510   13.8543
   -7.5000   37.5000  -15.000011709.2686   13.8885
    0.0000   37.5000  -15.000012263.0898   13.8829
    7.5000   37.5000  -15.000011544.9199   13.8774
   -7.5000   45.0000  -15.000010614.5850   13.5821
    0.0000   45.0000  -15.000011127.4834   13.5786
    7.5000   45.0000  -15.000010486.7100   13.5756
   -7.5000  -45.0000   -7.500011222.2939   14.3246
    0.0000  -45.0000   -7.500011687.3711   14.3205
    7.5000  -45.0000   -7.500011077.2227   14.3182
   -7.5000  -37.5000   -7.500011957.3076   14.2794
    0.0000  -37.5000   -7.500012447.5557   14.2722
    7.5000  -37.5000   -7.500011786.2725   14.2735
   -7.5000  -30.0000   -7.500013134.6221   14.2589
    0.0000  -30.0000   -7.500013664.8340   14.2487
    7.5000  -30.0000   -7.500012902.5898   14.2526
   -7.5000  -22.5000   -7.500014222.0449   14.2357
    0.0000  -22.5000   -7.500014803.1709   14.2260
    7.5000  -22.5000   -7.500013982.6357   14.2276
   -7.5000  -15.0000   -7.500015210.5068   14.2239
    0.0000  -15.0000   -7.500015818.4189   14.2173
    7.5000  -15.0000   -7.500014923.5605   14.2148
   -7.5000   -7.5000   -7.500016109.0225   14.2376
    0.0000   -7.5000   -7.500016739.7031   14.2335
    7.5000   -7.5000   -7.500015731.3604   14.2297
   -7.5000    0.0000   -7.500016942.6191   14.2621
    0.0000    0.0000   -7.500017563.8652   14.2579
    7.5000    0.0000   -7.500016515.8379   14.2556
   -7.5000    7.5000   -7.500016426.6016   14.2717
    0.0000    7.5000   -7.500017039.5801   14.2643
    7.5000    7.5000   -7.500016024.0889   14.2658
   -7.5000   15.0000   -7.500015589.6738   14.2589
    0.0000   15.0000   -7.500016162.0742   14.2487
    7.5000   15.0000   -7.500015230.6387   14.2526
   -7.5000   22.5000   -7.500014466.2119   14.2291
    0.0000   22.5000   -7.500015043.6709   14.2194
    7.5000   22.5000   -7.500014177.9287   14.2210
   -7.5000   30.0000   -7.500013227.9219   14.0395
    0.0000   30.0000   -7.500013830.0078   14.0329
    7.5000   30.0000   -7.500013020.8164   14.0305
   -7.5000   37.5000   -7.500012553.6533   14.0529
    0.0000   37.5000   -7.500013138.0850   14.0489
    7.5000   37.5000   -7.500012355.8447   14.0452
   -7.5000   45.0000   -7.500011384.4199   13.7460
    0.0000   45.0000   -7.500011921.7041   13.7419
    7.5000   45.0000   -7.500011230.0938   13.7397
   -7.5000  -45.0000    0.000011833.9736   14.3649
    0.0000  -45.0000    0.000012325.3535   14.3619
    7.5000  -45.0000    0.000011658.9053   14.3598
   -7.5000  -37.5000    0.000012635.4648   14.3223
    0.0000  -37.5000    0.000013157.1182   14.3167
    7.5000  -37.5000    0.000012442.6006   14.3162
   -7.5000  -30.0000    0.000013911.2646   14.3125
    0.0000  -30.0000    0.000014470.2822   14.3048
    7.5000  -30.0000    0.000013677.4395   14.3052
   -7.5000  -22.5000    0.000015178.9385   14.2963
    0.0000  -22.5000    0.000015790.9102   14.2896
    7.5000  -22.5000    0.000014909.6279   14.2879
   -7.5000  -15.0000    0.000016228.9365   14.2826
    0.0000  -15.0000    0.000016913.0176   14.2787
    7.5000  -15.0000    0.000015914.3467   14.2747
   -7.5000   -7.5000    0.000017119.0449   14.2863
    0.0000   -7.5000    0.000017728.9766   14.2839
    7.5000   -7.5000    0.000016696.9590   14.2804
   -7.5000    0.0000    0.000017948.5723   14.3020
    0.0000    0.0000    0.000018577.2578   14.2989
    7.5000    0.0000    0.000017492.2188   14.2968
   -7.5000    7.5000    0.000017427.3223   14.3146
    0.0000    7.5000    0.000018053.9609   14.3088
    7.5000    7.5000    0.000017014.1777   14.3084
   -7.5000   15.0000    0.000016577.3438   14.3125
    0.0000   15.0000    0.000017150.4121   14.3048
    7.5000   15.0000    0.000016168.6689   14.3052
   -7.5000   22.5000    0.000015405.8574   14.2897
    0.0000   22.5000    0.000015999.6426   14.2830
    7.5000   22.5000    0.000015057.1230   14.2814
   -7.5000   30.0000    0.000014133.7061   14.0978
    0.0000   30.0000    0.000014737.4971   14.0939
    7.5000   30.0000    0.000013840.7607   14.0900
   -7.5000   37.5000    0.000013442.1611   14.1014
    0.0000   37.5000    0.000014042.3252   14.0991
    7.5000   37.5000    0.000013171.8701   14.0955
   -7.5000   45.0000    0.000012186.1436   13.7855
    0.0000   45.0000    0.000012746.5234   13.7825
    7.5000   45.0000    0.000011948.9326   13.7805
   -7.5000  -45.0000    7.500011535.4658   14.3752
    0.0000  -45.0000    7.500011992.3809   14.3739
    7.5000  -45.0000    7.500011321.6045   14.3706
   -7.5000  -37.5000    7.500012282.1934   14.3267
    0.0000  -37.5000    7.500012763.5693   14.3224
    7.5000  -37.5000    7.500012057.6748   14.3195
   -7.5000  -30.0000    7.500013576.8574   14.3200
    0.0000  -30.0000    7.500014089.2881   14.3116
    7.5000  -30.0000    7.500013306.0859   14.3075
   -7.5000  -22.5000    7.500014998.2656   14.3125
    0.0000  -22.5000    7.500015604.0312   14.3032
    7.5000  -22.5000    7.500014662.2080   14.2960
   -7.5000  -15.0000    7.500016226.1348   14.3044
    0.0000  -15.0000    7.500016900.7344   14.2980
    7.5000  -15.0000    7.500015839.6377   14.2894
   -7.5000   -7.5000    7.500017053.9062   14.3050
    0.0000   -7.5000    7.500017549.0332   14.3025
    7.5000   -7.5000    7.500016609.1172   14.2963
   -7.5000    0.0000    7.500017764.6660   14.3121
    0.0000    0.0000    7.500018246.2852   14.3106
    7.5000    0.0000    7.500017286.2305   14.3073
   -7.5000    7.5000    7.500017246.8125   14.3189
    0.0000    7.5000    7.500017768.6895   14.3145
    7.5000    7.5000    7.500016741.5000   14.3117
   -7.5000   15.0000    7.500016433.5254   14.3200
    0.0000   15.0000    7.500016926.1992   14.3116
    7.5000   15.0000    7.500015830.2627   14.3075
   -7.5000   22.5000    7.500015269.5400   14.3059
    0.0000   22.5000    7.500015796.2529   14.2967
    7.5000   22.5000    7.500014703.9814   14.2894
   -7.5000   30.0000    7.500014018.9971   14.1193
    0.0000   30.0000    7.500014542.7969   14.1130
    7.5000   30.0000    7.500013501.0781   14.1044
   -7.5000   37.5000    7.500013307.1523   14.1199
    0.0000   37.5000    7.500013858.0332   14.1174
    7.5000   37.5000    7.500012881.6963   14.1113
   -7.5000   45.0000    7.500012046.2227   13.7952
    0.0000   45.0000    7.500012559.9160   13.7938
    7.5000   45.0000    7.500011698.4229   13.7906
   -7.5000  -45.0000   15.000011080.3164   14.3740
    0.0000  -45.0000   15.000011551.2930   14.3737
    7.5000  -45.0000   15.000010907.8115   14.3691
   -7.5000  -37.5000   15.000011772.8936   14.3177
    0.0000  -37.5000   15.000012238.3896   14.3140
    7.5000  -37.5000   15.000011587.8730   14.3105
   -7.5000  -30.0000   15.000013016.6689   14.3048
    0.0000  -30.0000   15.000013500.4785   14.2941
    7.5000  -30.0000   15.000012757.5547   14.2891
   -7.5000  -22.5000   15.000014491.5098   14.2990
    0.0000  -22.5000   15.000015234.6670   14.2853
    7.5000  -22.5000   15.000014083.2178   14.2759
   -7.5000  -15.0000   15.000016000.8604   14.2975
    0.0000  -15.0000   15.000016739.9160   14.2870
    7.5000  -15.0000   15.000015376.7500   14.2753
   -7.5000   -7.5000   15.000016978.4805   14.3042
    0.0000   -7.5000   15.000017474.8594   14.3001
    7.5000   -7.5000   15.000016247.3945   14.2914
   -7.5000    0.0000   15.000017718.2402   14.3108
    0.0000    0.0000   15.000018095.4766   14.3103
    7.5000    0.0000   15.000016872.4141   14.3057
   -7.5000    7.5000   15.000017065.7422   14.3099
    0.0000    7.5000   15.000017459.8086   14.3060
    7.5000    7.5000   15.000016231.6572   14.3028
   -7.5000   15.0000   15.000016075.9883   14.3048
    0.0000   15.0000   15.000016459.2578   14.2941
    7.5000   15.0000   15.000015271.8584   14.2891
   -7.5000   22.5000   15.000014813.1270   14.2924
    0.0000   22.5000   15.000015231.9844   14.2787
    7.5000   22.5000   15.000014129.5107   14.2694
   -7.5000   30.0000   15.000013544.0811   14.1125
    0.0000   30.0000   15.000014012.4141   14.1021
    7.5000   30.0000   15.000012998.1445   14.0906
   -7.5000   37.5000   15.000012840.3350   14.1190
    0.0000   37.5000   15.000013380.3936   14.1150
    7.5000   37.5000   15.000012398.7549   14.1064
   -7.5000   45.0000   15.000011646.7949   13.7939
    0.0000   45.0000   15.000012149.8066   13.7935
    7.5000   45.0000   15.000011276.2646   13.7891
   -7.5000  -45.0000   22.500010525.7139   14.3840
    0.0000  -45.0000   22.500010988.5352   14.3826
    7.5000  -45.0000   22.500010372.9521   14.3783
   -7.5000  -37.5000   22.500011207.1641   14.3260
    0.0000  -37.5000   22.500011676.6455   14.3206
    7.5000  -37.5000   22.500010996.5186   14.3193
   -7.5000  -30.0000   22.500012438.5488   14.3031
    0.0000  -30.0000   22.500012982.9326   14.2904
    7.5000  -30.0000   22.500012088.4912   14.2894
   -7.5000  -22.5000   22.500013752.2578   14.2900
    0.0000  -22.5000   22.500014511.8926   14.2744
    7.5000  -22.5000   22.500013269.3389   14.2691
   -7.5000  -15.0000   22.500014950.0850   14.2897
    0.0000  -15.0000   22.500015698.2188   14.2775
    7.5000  -15.0000   22.500014355.0273   14.2684
   -7.5000   -7.5000   22.500015951.7188   14.3056
    0.0000   -7.5000   22.500016523.5703   14.3001
    7.5000   -7.5000   22.500015203.4678   14.2922
   -7.5000    0.0000   22.500016804.0742   14.3209
    0.0000    0.0000   22.500017297.7363   14.3193
    7.5000    0.0000   22.500015935.0244   14.3150
   -7.5000    7.5000   22.500016170.6982   14.3182
    0.0000    7.5000   22.500016671.9238   14.3126
    7.5000    7.5000   22.500015373.5225   14.3115
   -7.5000   15.0000   22.500015133.0615   14.3031
    0.0000   15.0000   22.500015594.4893   14.2904
    7.5000   15.0000   22.500014442.8633   14.2894
   -7.5000   22.5000   22.500013924.7188   14.2835
    0.0000   22.5000   22.500014391.9531   14.2679
    7.5000   22.5000   22.500013377.0352   14.2626
   -7.5000   30.0000   22.500012805.6123   14.1047
    0.0000   30.0000   22.500013265.7979   14.0927
    7.5000   30.0000   22.500012328.0234   14.0837
   -7.5000   37.5000   22.500012191.0781   14.1204
    0.0000   37.5000   22.500012654.9209   14.1150
    7.5000   37.5000   22.500011786.5059   14.1072
   -7.5000   45.0000   22.500011060.5488   13.8037
    0.0000   45.0000   22.500011489.4463   13.8021
    7.5000   45.0000   22.500010738.8789   13.7980
   -7.5000  -45.0000   30.0000 9874.0742   14.4580
    0.0000  -45.0000   30.000010321.3994   14.4547
    7.5000  -45.0000   30.0000 9698.3164   14.4518
   -7.5000  -37.5000   30.000010526.2637   14.4042
    0.0000  -37.5000   30.000010983.0508   14.3970
    7.5000  -37.5000   30.000010318.6162   14.3984
   -7.5000  -30.0000   30.000011616.3721   14.3765
    0.0000  -30.0000   30.000012138.1963   14.3636
    7.5000  -30.0000   30.000011354.3203   14.3674
   -7.5000  -22.5000   30.000012670.4531   14.3545
    0.0000  -22.5000   30.000013302.8154   14.3403
    7.5000  -22.5000   30.000012394.0674   14.3407
   -7.5000  -15.0000   30.000013611.7754   14.3495
    0.0000  -15.0000   30.000014205.2080   14.3388
    7.5000  -15.0000   30.000013289.6553   14.3344
   -7.5000   -7.5000   30.000014474.0547   14.3696
    0.0000   -7.5000   30.000015044.1855   14.3640
    7.5000   -7.5000   30.000014092.5332   14.3586
   -7.5000    0.0000   30.000015317.1201   14.3944
    0.0000    0.0000   30.000015898.5322   14.3910
    7.5000    0.0000   30.000014860.0146   14.3881
   -7.5000    7.5000   30.000014887.1963   14.3963
    0.0000    7.5000   30.000015438.5400   14.3890
    7.5000    7.5000   30.000014387.8564   14.3905
   -7.5000   15.0000   30.000014028.1064   14.3765
    0.0000   15.0000   30.000014522.8672   14.3636
    7.5000   15.0000   30.000013523.0762   14.3674
   -7.5000   22.5000   30.000012969.0391   14.3479
    0.0000   22.5000   30.000013450.5615   14.3337
    7.5000   22.5000   30.000012521.1660   14.3341
   -7.5000   30.0000   30.000011968.6934   14.1638
    0.0000   30.0000   30.000012428.4258   14.1532
    7.5000   30.0000   30.000011539.3213   14.1489
   -7.5000   37.5000   30.000011376.5928   14.1837
    0.0000   37.5000   30.000011847.9404   14.1781
    7.5000   37.5000   30.000011029.9053   14.1728
   -7.5000   45.0000   30.000010309.0371   13.8745
    0.0000   45.0000   30.000010743.5039   13.8712
    7.5000   45.0000   30.000010053.7568   13.8685
   -7.5000  -45.0000   37.5000 9517.1016   14.6860
    0.0000  -45.0000   37.5000 9922.5850   14.6823
    7.5000  -45.0000   37.5000 9409.2158   14.6805
   -7.5000  -37.5000   37.500010152.7988   14.6387
    0.0000  -37.5000   37.500010592.5068   14.6315
    7.5000  -37.5000   37.500010039.9189   14.6336
   -7.5000  -30.0000   37.500011151.2178   14.6178
    0.0000  -30.0000   37.500011651.2500   14.6074
    7.5000  -30.0000   37.500011064.5703   14.6120
   -7.5000  -22.5000   37.500012101.4404   14.5941
    0.0000  -22.5000   37.500012661.8252   14.5843
    7.5000  -22.5000   37.500012040.1260   14.5863
   -7.5000  -15.0000   37.500012959.9473   14.5819
    0.0000  -15.0000   37.500013490.8555   14.5753
    7.5000  -15.0000   37.500012848.6123   14.5731
   -7.5000   -7.5000   37.500013777.6416   14.5956
    0.0000   -7.5000   37.500014332.1426   14.5917
    7.5000   -7.5000   37.500013620.3721   14.5883
   -7.5000    0.0000   37.500014609.0615   14.6206
    0.0000    0.0000   37.500015212.3701   14.6167
    7.5000    0.0000   37.500014386.2891   14.6150
   -7.5000    7.5000   37.500014251.7197   14.6306
    0.0000    7.5000   37.500014830.2881   14.6233
    7.5000    7.5000   37.500013987.7500   14.6255
   -7.5000   15.0000   37.500013487.9111   14.6178
    0.0000   15.0000   37.500014004.9170   14.6074
    7.5000   15.0000   37.500013176.1543   14.6120
   -7.5000   22.5000   37.500012546.2773   14.5874
    0.0000   22.5000   37.500013023.4658   14.5775
    7.5000   22.5000   37.500012220.4365   14.5795
   -7.5000   30.0000   37.500011617.1055   14.3932
    0.0000   30.0000   37.500012056.6621   14.3867
    7.5000   30.0000   37.500011294.0264   14.3845
   -7.5000   37.5000   37.500011010.3164   14.4067
    0.0000   37.5000   37.500011440.9951   14.4028
    7.5000   37.5000   37.500010756.0908   14.3995
   -7.5000   45.0000   37.5000 9951.6914   14.0926
    0.0000   45.0000   37.500010365.1865   14.0888
    7.5000   45.0000   37.5000 9758.0918   14.0871
   -7.5000  -45.0000   45.0000 8752.7715   14.9378
    0.0000  -45.0000   45.0000 9145.0293   14.9348
    7.5000  -45.0000   45.0000 8701.3047   14.9335
   -7.5000  -37.5000   45.0000 9329.1230   14.8921
    0.0000  -37.5000   45.0000 9749.6230   14.8861
    7.5000  -37.5000   45.0000 9297.0791   14.8864
   -7.5000  -30.0000   45.000010252.1152   14.8827
    0.0000  -30.0000   45.000010704.1738   14.8745
    7.5000  -30.0000   45.000010246.2285   14.8754
   -7.5000  -22.5000   45.000011131.1338   14.8661
    0.0000  -22.5000   45.000011614.9150   14.8589
    7.5000  -22.5000   45.000011118.6807   14.8575
   -7.5000  -15.0000   45.000011908.6543   14.8511
    0.0000  -15.0000   45.000012404.1670   14.8467
    7.5000  -15.0000   45.000011883.8740   14.8430
   -7.5000   -7.5000   45.000012649.2021   14.8535
    0.0000   -7.5000   45.000013168.4648   14.8511
    7.5000   -7.5000   45.000012586.5322   14.8480
   -7.5000    0.0000   45.000013384.3477   14.8696
    0.0000    0.0000   45.000013930.7822   14.8664
    7.5000    0.0000   45.000013251.5195   14.8651
   -7.5000    7.5000   45.000013074.8945   14.8836
    0.0000    7.5000   45.000013594.2051   14.8776
    7.5000    7.5000   45.000012921.4424   14.8780
   -7.5000   15.0000   45.000012387.6543   14.8827
    0.0000   15.0000   45.000012908.2139   14.8745
    7.5000   15.0000   45.000012201.5566   14.8754
   -7.5000   22.5000   45.000011538.6875   14.8593
    0.0000   22.5000   45.000012030.7783   14.8520
    7.5000   22.5000   45.000011349.7158   14.8506
   -7.5000   30.0000   45.000010713.5605   14.6576
    0.0000   30.0000   45.000011131.7363   14.6533
    7.5000   30.0000   45.000010500.7793   14.6496
   -7.5000   37.5000   45.000010165.4492   14.6600
    0.0000   37.5000   45.000010586.3955   14.6576
    7.5000   37.5000   45.0000 9983.5225   14.6546
   -7.5000   45.0000   45.0000 9190.3613   14.3390
    0.0000   45.0000   45.0000 9580.6934   14.3360
    7.5000   45.0000   45.0000 9043.9570   14.3348

---------------------------------------------------------------------
imgreg_4dfp /opt/freesurfer/average/711-2C_as_mni_average_305 /opt/freesurfer/average/711-2B_as_mni_average_305_mask talsrcimg_g11 none talsrcimg_to_711-2C_as_mni_average_305_t4 4355
---------------------------------------------------------------------

freesurfer imgreg_4dfp.c
/opt/freesurfer/average/711-2C_as_mni_average_305.4dfp.img
       256       256       256         1
  1.000000  1.000000  1.000000
orientation T byte_order littleendian
Reading image: /opt/freesurfer/average/711-2C_as_mni_average_305.4dfp.img
dimensions:      256       256       256
mmppix:       1.0000   -1.0000   -1.0000
center:     128.0000 -129.0000 -129.0000
/opt/freesurfer/average/711-2B_as_mni_average_305_mask.4dfp.img
       256       256       256         1
  1.000000  1.000000  1.000000
orientation T byte_order littleendian
Reading mask: /opt/freesurfer/average/711-2B_as_mni_average_305_mask.4dfp.img (2306576 pixels)
talsrcimg_g11.4dfp.img
       256       256       256         1
  1.000000  1.000000  1.000000
orientation T byte_order littleendian
Reading image: talsrcimg_g11.4dfp.img
dimensions:      256       256       256
mmppix:       1.0000   -1.0000   -1.0000
center:     128.0000 -129.0000 -129.0000
rotation matrix determinant  1.000000
image alignment mode   4355 decimal     1103 hex
   -7.5000  -45.0000  -45.0000 2150.4917   16.8480
    0.0000  -45.0000  -45.0000 2159.2708   16.7582
    7.5000  -45.0000  -45.0000 2151.9116   16.8836
   -7.5000  -37.5000  -45.0000 2233.7700   15.6453
    0.0000  -37.5000  -45.0000 2242.7651   15.5832
    7.5000  -37.5000  -45.0000 2237.8748   15.6643
   -7.5000  -30.0000  -45.0000 2289.8882   14.7663
    0.0000  -30.0000  -45.0000 2296.7822   14.7287
    7.5000  -30.0000  -45.0000 2291.6846   14.7922
   -7.5000  -22.5000  -45.0000 2317.3442   14.1130
    0.0000  -22.5000  -45.0000 2327.2354   14.0766
    7.5000  -22.5000  -45.0000 2322.7893   14.1580
   -7.5000  -15.0000  -45.0000 2327.0759   13.7100
    0.0000  -15.0000  -45.0000 2334.7791   13.6564
    7.5000  -15.0000  -45.0000 2332.6912   13.7849
   -7.5000   -7.5000  -45.0000 2327.9233   13.6190
    0.0000   -7.5000  -45.0000 2338.5322   13.5454
    7.5000   -7.5000  -45.0000 2330.0400   13.6782
   -7.5000    0.0000  -45.0000 2319.5066   13.7062
    0.0000    0.0000  -45.0000 2328.6455   13.6450
    7.5000    0.0000  -45.0000 2318.5432   13.7610
   -7.5000    7.5000  -45.0000 2300.3650   14.1255
    0.0000    7.5000  -45.0000 2312.2495   14.0506
    7.5000    7.5000  -45.0000 2297.4668   14.1448
   -7.5000   15.0000  -45.0000 2259.2632   14.7431
    0.0000   15.0000  -45.0000 2270.2268   14.6720
    7.5000   15.0000  -45.0000 2260.0520   14.8017
   -7.5000   22.5000  -45.0000 2206.6885   15.5652
    0.0000   22.5000  -45.0000 2217.2356   15.4956
    7.5000   22.5000  -45.0000 2207.5178   15.6464
   -7.5000   30.0000  -45.0000 2130.7329   16.6983
    0.0000   30.0000  -45.0000 2139.4692   16.5881
    7.5000   30.0000  -45.0000 2130.5776   16.8305
   -7.5000   37.5000  -45.0000 2039.0948   18.2392
    0.0000   37.5000  -45.0000 2051.9600   18.0964
    7.5000   37.5000  -45.0000 2041.6301   18.3909
   -7.5000   45.0000  -45.0000 1948.8495   20.3879
    0.0000   45.0000  -45.0000 1955.7803   20.1762
    7.5000   45.0000  -45.0000 1947.0360   20.5014
   -7.5000  -45.0000  -37.5000 2238.9941   15.7282
    0.0000  -45.0000  -37.5000 2250.5461   15.6715
    7.5000  -45.0000  -37.5000 2240.8003   15.7260
   -7.5000  -37.5000  -37.5000 2329.6582   14.5649
    0.0000  -37.5000  -37.5000 2336.9612   14.5407
    7.5000  -37.5000  -37.5000 2329.2336   14.5807
   -7.5000  -30.0000  -37.5000 2390.3767   13.7321
    0.0000  -30.0000  -37.5000 2393.9893   13.7135
    7.5000  -30.0000  -37.5000 2378.0400   13.7287
   -7.5000  -22.5000  -37.5000 2419.6660   13.1176
    0.0000  -22.5000  -37.5000 2429.5251   13.1071
    7.5000  -22.5000  -37.5000 2410.9255   13.1408
   -7.5000  -15.0000  -37.5000 2429.8533   12.7136
    0.0000  -15.0000  -37.5000 2442.4109   12.6945
    7.5000  -15.0000  -37.5000 2427.4583   12.7764
   -7.5000   -7.5000  -37.5000 2429.7168   12.5986
    0.0000   -7.5000  -37.5000 2442.5232   12.5708
    7.5000   -7.5000  -37.5000 2427.7222   12.6343
   -7.5000    0.0000  -37.5000 2415.0615   12.6625
    0.0000    0.0000  -37.5000 2430.5583   12.6556
    7.5000    0.0000  -37.5000 2418.7566   12.7204
   -7.5000    7.5000  -37.5000 2399.2786   13.0125
    0.0000    7.5000  -37.5000 2414.2664   12.9755
    7.5000    7.5000  -37.5000 2399.7617   13.0485
   -7.5000   15.0000  -37.5000 2367.1074   13.5977
    0.0000   15.0000  -37.5000 2377.2681   13.5297
    7.5000   15.0000  -37.5000 2363.8555   13.6216
   -7.5000   22.5000  -37.5000 2306.5674   14.4069
    0.0000   22.5000  -37.5000 2316.4565   14.3143
    7.5000   22.5000  -37.5000 2305.0723   14.4194
   -7.5000   30.0000  -37.5000 2228.2671   15.4751
    0.0000   30.0000  -37.5000 2238.2866   15.3872
    7.5000   30.0000  -37.5000 2223.3921   15.5585
   -7.5000   37.5000  -37.5000 2134.0374   16.9119
    0.0000   37.5000  -37.5000 2143.6965   16.8017
    7.5000   37.5000  -37.5000 2127.4849   17.0230
   -7.5000   45.0000  -37.5000 2025.9722   18.8300
    0.0000   45.0000  -37.5000 2031.3970   18.6786
    7.5000   45.0000  -37.5000 2025.8535   18.9715
   -7.5000  -45.0000  -30.0000 2359.9385   15.2518
    0.0000  -45.0000  -30.0000 2371.2683   15.2254
    7.5000  -45.0000  -30.0000 2355.9150   15.2151
   -7.5000  -37.5000  -30.0000 2456.8794   14.0676
    0.0000  -37.5000  -30.0000 2468.8860   14.0692
    7.5000  -37.5000  -30.0000 2449.1536   14.0593
   -7.5000  -30.0000  -30.0000 2522.8979   13.1854
    0.0000  -30.0000  -30.0000 2524.8145   13.1749
    7.5000  -30.0000  -30.0000 2503.5659   13.1986
   -7.5000  -22.5000  -30.0000 2558.0540   12.5916
    0.0000  -22.5000  -30.0000 2567.8909   12.5663
    7.5000  -22.5000  -30.0000 2543.2222   12.6051
   -7.5000  -15.0000  -30.0000 2573.0042   12.1857
    0.0000  -15.0000  -30.0000 2585.6995   12.1752
    7.5000  -15.0000  -30.0000 2563.0557   12.2236
   -7.5000   -7.5000  -30.0000 2576.7988   12.0696
    0.0000   -7.5000  -30.0000 2589.0647   12.0288
    7.5000   -7.5000  -30.0000 2572.6870   12.1168
   -7.5000    0.0000  -30.0000 2563.3108   12.1646
    0.0000    0.0000  -30.0000 2580.5728   12.1463
    7.5000    0.0000  -30.0000 2561.4670   12.1989
   -7.5000    7.5000  -30.0000 2544.4524   12.4687
    0.0000    7.5000  -30.0000 2558.1558   12.4322
    7.5000    7.5000  -30.0000 2533.0842   12.4902
   -7.5000   15.0000  -30.0000 2507.2632   12.9930
    0.0000   15.0000  -30.0000 2518.8291   12.9658
    7.5000   15.0000  -30.0000 2495.9202   13.0064
   -7.5000   22.5000  -30.0000 2443.8640   13.7653
    0.0000   22.5000  -30.0000 2457.5317   13.7368
    7.5000   22.5000  -30.0000 2436.5542   13.7704
   -7.5000   30.0000  -30.0000 2359.3293   14.8054
    0.0000   30.0000  -30.0000 2372.0229   14.7942
    7.5000   30.0000  -30.0000 2349.0623   14.8676
   -7.5000   37.5000  -30.0000 2260.8931   16.2013
    0.0000   37.5000  -30.0000 2272.9141   16.1675
    7.5000   37.5000  -30.0000 2248.0618   16.2973
   -7.5000   45.0000  -30.0000 2141.3586   18.0137
    0.0000   45.0000  -30.0000 2154.8579   17.9493
    7.5000   45.0000  -30.0000 2136.1738   18.1508
   -7.5000  -45.0000  -22.5000 2453.2454   14.6362
    0.0000  -45.0000  -22.5000 2464.1328   14.5898
    7.5000  -45.0000  -22.5000 2443.9324   14.5874
   -7.5000  -37.5000  -22.5000 2555.2205   13.4922
    0.0000  -37.5000  -22.5000 2567.1094   13.4595
    7.5000  -37.5000  -22.5000 2540.5869   13.4374
   -7.5000  -30.0000  -22.5000 2617.6455   12.5921
    0.0000  -30.0000  -22.5000 2625.5696   12.5555
    7.5000  -30.0000  -22.5000 2600.2361   12.5599
   -7.5000  -22.5000  -22.5000 2662.6311   11.9565
    0.0000  -22.5000  -22.5000 2671.8184   11.9119
    7.5000  -22.5000  -22.5000 2647.5024   11.9729
   -7.5000  -15.0000  -22.5000 2688.1829   11.5804
    0.0000  -15.0000  -22.5000 2696.3247   11.5327
    7.5000  -15.0000  -22.5000 2676.5945   11.6084
   -7.5000   -7.5000  -22.5000 2701.9380   11.4403
    0.0000   -7.5000  -22.5000 2704.5176   11.3896
    7.5000   -7.5000  -22.5000 2687.4690   11.4656
   -7.5000    0.0000  -22.5000 2689.4370   11.5447
    0.0000    0.0000  -22.5000 2705.7983   11.5123
    7.5000    0.0000  -22.5000 2678.5820   11.5676
   -7.5000    7.5000  -22.5000 2667.7573   11.8427
    0.0000    7.5000  -22.5000 2680.3191   11.8004
    7.5000    7.5000  -22.5000 2652.8542   11.8590
   -7.5000   15.0000  -22.5000 2623.2515   12.3301
    0.0000   15.0000  -22.5000 2636.4026   12.2833
    7.5000   15.0000  -22.5000 2607.3677   12.3432
   -7.5000   22.5000  -22.5000 2559.0654   13.0495
    0.0000   22.5000  -22.5000 2572.3477   13.0237
    7.5000   22.5000  -22.5000 2543.4778   13.0697
   -7.5000   30.0000  -22.5000 2468.2261   14.0369
    0.0000   30.0000  -22.5000 2484.6951   14.0292
    7.5000   30.0000  -22.5000 2452.6519   14.1095
   -7.5000   37.5000  -22.5000 2363.1775   15.3931
    0.0000   37.5000  -22.5000 2375.3752   15.3666
    7.5000   37.5000  -22.5000 2350.8840   15.4554
   -7.5000   45.0000  -22.5000 2235.0239   17.1046
    0.0000   45.0000  -22.5000 2245.1843   17.0949
    7.5000   45.0000  -22.5000 2223.1584   17.2396
   -7.5000  -45.0000  -15.0000 2509.4016   14.0799
    0.0000  -45.0000  -15.0000 2519.6035   13.9921
    7.5000  -45.0000  -15.0000 2493.4365   14.0368
   -7.5000  -37.5000  -15.0000 2611.3552   12.9081
    0.0000  -37.5000  -15.0000 2618.4316   12.8142
    7.5000  -37.5000  -15.0000 2594.0452   12.8454
   -7.5000  -30.0000  -15.0000 2680.6565   12.0390
    0.0000  -30.0000  -15.0000 2690.3911   11.9935
    7.5000  -30.0000  -15.0000 2665.1477   12.0073
   -7.5000  -22.5000  -15.0000 2728.2607   11.3845
    0.0000  -22.5000  -15.0000 2738.5178   11.3346
    7.5000  -22.5000  -15.0000 2718.5957   11.3784
   -7.5000  -15.0000  -15.0000 2764.3438   10.9764
    0.0000  -15.0000  -15.0000 2774.3015   10.9209
    7.5000  -15.0000  -15.0000 2752.0386   10.9951
   -7.5000   -7.5000  -15.0000 2781.5981   10.8083
    0.0000   -7.5000  -15.0000 2787.9221   10.7601
    7.5000   -7.5000  -15.0000 2768.4207   10.8313
   -7.5000    0.0000  -15.0000 2778.3347   10.9164
    0.0000    0.0000  -15.0000 2792.7649   10.8699
    7.5000    0.0000  -15.0000 2768.1089   10.9514
   -7.5000    7.5000  -15.0000 2761.0190   11.2399
    0.0000    7.5000  -15.0000 2772.0376   11.1727
    7.5000    7.5000  -15.0000 2746.5303   11.2802
   -7.5000   15.0000  -15.0000 2713.7285   11.7297
    0.0000   15.0000  -15.0000 2725.0408   11.6421
    7.5000   15.0000  -15.0000 2698.5488   11.7457
   -7.5000   22.5000  -15.0000 2637.9341   12.4008
    0.0000   22.5000  -15.0000 2650.0764   12.3467
    7.5000   22.5000  -15.0000 2624.8137   12.4314
   -7.5000   30.0000  -15.0000 2537.0015   13.3462
    0.0000   30.0000  -15.0000 2553.8984   13.3116
    7.5000   30.0000  -15.0000 2525.6838   13.4050
   -7.5000   37.5000  -15.0000 2433.8215   14.6346
    0.0000   37.5000  -15.0000 2451.2183   14.6193
    7.5000   37.5000  -15.0000 2421.1877   14.7031
   -7.5000   45.0000  -15.0000 2297.2783   16.2865
    0.0000   45.0000  -15.0000 2307.4165   16.3066
    7.5000   45.0000  -15.0000 2282.2590   16.3817
   -7.5000  -45.0000   -7.5000 2528.6013   13.6267
    0.0000  -45.0000   -7.5000 2543.6541   13.5294
    7.5000  -45.0000   -7.5000 2527.9309   13.5946
   -7.5000  -37.5000   -7.5000 2634.4937   12.4422
    0.0000  -37.5000   -7.5000 2646.5784   12.3299
    7.5000  -37.5000   -7.5000 2633.3611   12.4102
   -7.5000  -30.0000   -7.5000 2717.1619   11.5509
    0.0000  -30.0000   -7.5000 2731.5752   11.4637
    7.5000  -30.0000   -7.5000 2709.5857   11.5328
   -7.5000  -22.5000   -7.5000 2779.8826   10.9011
    0.0000  -22.5000   -7.5000 2796.1624   10.8504
    7.5000  -22.5000   -7.5000 2778.3354   10.9175
   -7.5000  -15.0000   -7.5000 2818.6743   10.4732
    0.0000  -15.0000   -7.5000 2831.1138   10.4151
    7.5000  -15.0000   -7.5000 2810.1528   10.5043
   -7.5000   -7.5000   -7.5000 2846.4814   10.2472
    0.0000   -7.5000   -7.5000 2850.8989   10.1943
    7.5000   -7.5000   -7.5000 2830.6006   10.2942
   -7.5000    0.0000   -7.5000 2848.3213   10.3554
    0.0000    0.0000   -7.5000 2856.6536   10.2977
    7.5000    0.0000   -7.5000 2838.6238   10.4044
   -7.5000    7.5000   -7.5000 2831.4824   10.6922
    0.0000    7.5000   -7.5000 2841.9807   10.6103
    7.5000    7.5000   -7.5000 2820.7009   10.7399
   -7.5000   15.0000   -7.5000 2779.0989   11.1965
    0.0000   15.0000   -7.5000 2789.3271   11.1064
    7.5000   15.0000   -7.5000 2771.5850   11.2307
   -7.5000   22.5000   -7.5000 2699.4346   11.8745
    0.0000   22.5000   -7.5000 2708.1050   11.8056
    7.5000   22.5000   -7.5000 2692.8630   11.9200
   -7.5000   30.0000   -7.5000 2589.9792   12.8127
    0.0000   30.0000   -7.5000 2603.1145   12.7621
    7.5000   30.0000   -7.5000 2583.0239   12.8773
   -7.5000   37.5000   -7.5000 2483.4478   14.0535
    0.0000   37.5000   -7.5000 2499.0005   14.0345
    7.5000   37.5000   -7.5000 2472.1655   14.1525
   -7.5000   45.0000   -7.5000 2346.4917   15.6542
    0.0000   45.0000   -7.5000 2355.1794   15.6460
    7.5000   45.0000   -7.5000 2333.4719   15.7544
   -7.5000  -45.0000    0.0000 2534.3843   13.3283
    0.0000  -45.0000    0.0000 2550.8904   13.2657
    7.5000  -45.0000    0.0000 2539.0723   13.3517
   -7.5000  -37.5000    0.0000 2641.5713   12.1411
    0.0000  -37.5000    0.0000 2661.3191   12.0735
    7.5000  -37.5000    0.0000 2647.5703   12.1765
   -7.5000  -30.0000    0.0000 2732.6230   11.2545
    0.0000  -30.0000    0.0000 2753.4170   11.1646
    7.5000  -30.0000    0.0000 2738.1184   11.2884
   -7.5000  -22.5000    0.0000 2812.9836   10.6075
    0.0000  -22.5000    0.0000 2833.5576   10.5101
    7.5000  -22.5000    0.0000 2822.0974   10.6495
   -7.5000  -15.0000    0.0000 2862.0022   10.1571
    0.0000  -15.0000    0.0000 2881.4985   10.0712
    7.5000  -15.0000    0.0000 2866.8816   10.2280
   -7.5000   -7.5000    0.0000 2888.9961    9.8837
    0.0000   -7.5000    0.0000 2896.5227    9.8073
    7.5000   -7.5000    0.0000 2879.9316    9.9735
   -7.5000    0.0000    0.0000 2891.9548    9.9631
    0.0000    0.0000    0.0000 2899.3169    9.8955
    7.5000    0.0000    0.0000 2884.8445   10.0679
   -7.5000    7.5000    0.0000 2871.5334   10.3017
    0.0000    7.5000    0.0000 2884.3162   10.2098
    7.5000    7.5000    0.0000 2871.9353   10.4031
   -7.5000   15.0000    0.0000 2821.1880   10.8077
    0.0000   15.0000    0.0000 2832.2434   10.7099
    7.5000   15.0000    0.0000 2823.9265   10.9200
   -7.5000   22.5000    0.0000 2738.4651   11.5243
    0.0000   22.5000    0.0000 2751.9502   11.4521
    7.5000   22.5000    0.0000 2744.5967   11.6698
   -7.5000   30.0000    0.0000 2626.7476   12.4838
    0.0000   30.0000    0.0000 2642.3364   12.4410
    7.5000   30.0000    0.0000 2629.3638   12.6532
   -7.5000   37.5000    0.0000 2516.8582   13.6810
    0.0000   37.5000    0.0000 2534.0764   13.6623
    7.5000   37.5000    0.0000 2512.7234   13.8477
   -7.5000   45.0000    0.0000 2375.2080   15.1877
    0.0000   45.0000    0.0000 2388.6406   15.2000
    7.5000   45.0000    0.0000 2365.6338   15.3391
   -7.5000  -45.0000    7.5000 2529.6841   13.2095
    0.0000  -45.0000    7.5000 2544.2075   13.0821
    7.5000  -45.0000    7.5000 2534.0613   13.2460
   -7.5000  -37.5000    7.5000 2640.3772   12.0151
    0.0000  -37.5000    7.5000 2657.0151   11.9111
    7.5000  -37.5000    7.5000 2644.4062   12.0683
   -7.5000  -30.0000    7.5000 2741.7703   11.1143
    0.0000  -30.0000    7.5000 2761.3228   11.0124
    7.5000  -30.0000    7.5000 2743.9126   11.1776
   -7.5000  -22.5000    7.5000 2836.2903   10.5011
    0.0000  -22.5000    7.5000 2853.1489   10.3876
    7.5000  -22.5000    7.5000 2839.8562   10.5407
   -7.5000  -15.0000    7.5000 2905.6680   10.1286
    0.0000  -15.0000    7.5000 2932.6460   10.0046
    7.5000  -15.0000    7.5000 2910.4658   10.1940
   -7.5000   -7.5000    7.5000 2937.2231    9.8004
    0.0000   -7.5000    7.5000 2947.3384    9.6436
    7.5000   -7.5000    7.5000 2937.1987    9.9743
   -7.5000    0.0000    7.5000 2932.0854    9.7948
    0.0000    0.0000    7.5000 2934.7864    9.6582
    7.5000    0.0000    7.5000 2922.7117    9.9769
   -7.5000    7.5000    7.5000 2903.0149   10.1261
    0.0000    7.5000    7.5000 2913.2175   10.0007
    7.5000    7.5000    7.5000 2899.2698   10.2529
   -7.5000   15.0000    7.5000 2854.4185   10.6459
    0.0000   15.0000    7.5000 2863.2056   10.5200
    7.5000   15.0000    7.5000 2847.9031   10.7344
   -7.5000   22.5000    7.5000 2770.1799   11.3972
    0.0000   22.5000    7.5000 2779.4480   11.2853
    7.5000   22.5000    7.5000 2763.1504   11.4835
   -7.5000   30.0000    7.5000 2656.7087   12.3791
    0.0000   30.0000    7.5000 2665.9604   12.2759
    7.5000   30.0000    7.5000 2648.3530   12.4701
   -7.5000   37.5000    7.5000 2536.8428   13.5495
    0.0000   37.5000    7.5000 2551.9106   13.4849
    7.5000   37.5000    7.5000 2533.3032   13.6596
   -7.5000   45.0000    7.5000 2396.5188   15.0019
    0.0000   45.0000    7.5000 2409.4204   14.9643
    7.5000   45.0000    7.5000 2391.5952   15.1433
   -7.5000  -45.0000   15.0000 2514.4854   13.2245
    0.0000  -45.0000   15.0000 2533.6050   13.1376
    7.5000  -45.0000   15.0000 2524.2739   13.3725
   -7.5000  -37.5000   15.0000 2624.3745   12.0151
    0.0000  -37.5000   15.0000 2643.9971   11.9043
    7.5000  -37.5000   15.0000 2639.2820   12.1513
   -7.5000  -30.0000   15.0000 2731.5146   11.1145
    0.0000  -30.0000   15.0000 2752.9382   11.0038
    7.5000  -30.0000   15.0000 2747.7495   11.2325
   -7.5000  -22.5000   15.0000 2833.3003   10.5342
    0.0000  -22.5000   15.0000 2861.2830   10.4240
    7.5000  -22.5000   15.0000 2850.7966   10.5998
   -7.5000  -15.0000   15.0000 2930.8601   10.2606
    0.0000  -15.0000   15.0000 2966.8079   10.1936
    7.5000  -15.0000   15.0000 2927.7400   10.2613
   -7.5000   -7.5000   15.0000 2986.1101   10.0445
    0.0000   -7.5000   15.0000 3008.7039    9.8961
    7.5000   -7.5000   15.0000 2954.3123   10.0601
   -7.5000    0.0000   15.0000 2972.0574    9.9473
    0.0000    0.0000   15.0000 2972.1172    9.7890
    7.5000    0.0000   15.0000 2936.4761   10.0667
   -7.5000    7.5000   15.0000 2925.4612   10.1659
    0.0000    7.5000   15.0000 2925.5686   10.0215
    7.5000    7.5000   15.0000 2905.3611   10.2627
   -7.5000   15.0000   15.0000 2863.2615   10.6279
    0.0000   15.0000   15.0000 2862.1277   10.4766
    7.5000   15.0000   15.0000 2849.2275   10.6926
   -7.5000   22.5000   15.0000 2777.9116   11.3448
    0.0000   22.5000   15.0000 2775.5420   11.2005
    7.5000   22.5000   15.0000 2761.2014   11.3928
   -7.5000   30.0000   15.0000 2664.0752   12.3067
    0.0000   30.0000   15.0000 2667.2532   12.2097
    7.5000   30.0000   15.0000 2650.1331   12.3707
   -7.5000   37.5000   15.0000 2543.0918   13.5337
    0.0000   37.5000   15.0000 2561.4216   13.4742
    7.5000   37.5000   15.0000 2534.6089   13.6060
   -7.5000   45.0000   15.0000 2404.3223   14.9805
    0.0000   45.0000   15.0000 2419.4758   15.0082
    7.5000   45.0000   15.0000 2398.3601   15.1146
   -7.5000  -45.0000   22.5000 2493.2820   13.4109
    0.0000  -45.0000   22.5000 2518.6326   13.3289
    7.5000  -45.0000   22.5000 2516.7664   13.6155
   -7.5000  -37.5000   22.5000 2604.4360   12.2461
    0.0000  -37.5000   22.5000 2632.3213   12.1649
    7.5000  -37.5000   22.5000 2630.7556   12.4068
   -7.5000  -30.0000   22.5000 2723.2017   11.3998
    0.0000  -30.0000   22.5000 2750.7390   11.3293
    7.5000  -30.0000   22.5000 2737.5522   11.4853
   -7.5000  -22.5000   22.5000 2836.2520   10.8183
    0.0000  -22.5000   22.5000 2868.0442   10.7778
    7.5000  -22.5000   22.5000 2843.1838   10.8373
   -7.5000  -15.0000   22.5000 2927.5273   10.4230
    0.0000  -15.0000   22.5000 2967.3975   10.4209
    7.5000  -15.0000   22.5000 2914.1995   10.4176
   -7.5000   -7.5000   22.5000 2973.1250   10.1522
    0.0000   -7.5000   22.5000 2994.9758   10.0777
    7.5000   -7.5000   22.5000 2936.7275   10.2042
   -7.5000    0.0000   22.5000 2971.4128   10.1752
    0.0000    0.0000   22.5000 2981.7510   10.1087
    7.5000    0.0000   22.5000 2931.6626   10.2489
   -7.5000    7.5000   22.5000 2917.0044   10.4125
    0.0000    7.5000   22.5000 2933.3101   10.3652
    7.5000    7.5000   22.5000 2899.3875   10.4887
   -7.5000   15.0000   22.5000 2841.5923   10.8245
    0.0000   15.0000   22.5000 2851.7947   10.7413
    7.5000   15.0000   22.5000 2833.2424   10.8963
   -7.5000   22.5000   22.5000 2755.9404   11.4894
    0.0000   22.5000   22.5000 2756.9822   11.3756
    7.5000   22.5000   22.5000 2745.5984   11.5301
   -7.5000   30.0000   22.5000 2648.2781   12.4175
    0.0000   30.0000   22.5000 2651.8340   12.2975
    7.5000   30.0000   22.5000 2637.0679   12.4345
   -7.5000   37.5000   22.5000 2537.9832   13.5986
    0.0000   37.5000   22.5000 2547.5586   13.5077
    7.5000   37.5000   22.5000 2529.5630   13.6548
   -7.5000   45.0000   22.5000 2395.9309   15.0840
    0.0000   45.0000   22.5000 2406.6938   15.0415
    7.5000   45.0000   22.5000 2390.5908   15.1754
   -7.5000  -45.0000   30.0000 2473.4873   13.9058
    0.0000  -45.0000   30.0000 2496.4763   13.8552
    7.5000  -45.0000   30.0000 2486.7209   14.1160
   -7.5000  -37.5000   30.0000 2590.0142   12.7244
    0.0000  -37.5000   30.0000 2614.6726   12.6605
    7.5000  -37.5000   30.0000 2605.5020   12.8790
   -7.5000  -30.0000   30.0000 2705.8276   11.8068
    0.0000  -30.0000   30.0000 2729.5886   11.7525
    7.5000  -30.0000   30.0000 2715.4324   11.9252
   -7.5000  -22.5000   30.0000 2811.9902   11.1555
    0.0000  -22.5000   30.0000 2839.4409   11.1064
    7.5000  -22.5000   30.0000 2820.8311   11.2112
   -7.5000  -15.0000   30.0000 2884.5583   10.6905
    0.0000  -15.0000   30.0000 2914.8938   10.5860
    7.5000  -15.0000   30.0000 2883.4761   10.7586
   -7.5000   -7.5000   30.0000 2925.8452   10.4240
    0.0000   -7.5000   30.0000 2950.9944   10.3186
    7.5000   -7.5000   30.0000 2912.1494   10.5101
   -7.5000    0.0000   30.0000 2934.9875   10.4880
    0.0000    0.0000   30.0000 2952.2991   10.4155
    7.5000    0.0000   30.0000 2910.0659   10.5496
   -7.5000    7.5000   30.0000 2889.0359   10.7752
    0.0000    7.5000   30.0000 2906.3635   10.7188
    7.5000    7.5000   30.0000 2872.1980   10.8244
   -7.5000   15.0000   30.0000 2812.2778   11.2397
    0.0000   15.0000   30.0000 2827.5161   11.1679
    7.5000   15.0000   30.0000 2803.2073   11.2646
   -7.5000   22.5000   30.0000 2722.0059   11.8737
    0.0000   22.5000   30.0000 2731.8750   11.7984
    7.5000   22.5000   30.0000 2712.1887   11.8797
   -7.5000   30.0000   30.0000 2620.8352   12.6909
    0.0000   30.0000   30.0000 2624.7703   12.6120
    7.5000   30.0000   30.0000 2603.7964   12.7062
   -7.5000   37.5000   30.0000 2510.1277   13.7952
    0.0000   37.5000   30.0000 2518.3364   13.7368
    7.5000   37.5000   30.0000 2497.2393   13.8434
   -7.5000   45.0000   30.0000 2366.5264   15.2889
    0.0000   45.0000   30.0000 2377.4851   15.2422
    7.5000   45.0000   30.0000 2362.4529   15.3439
   -7.5000  -45.0000   37.5000 2438.9546   14.4753
    0.0000  -45.0000   37.5000 2459.5459   14.4161
    7.5000  -45.0000   37.5000 2456.2266   14.7754
   -7.5000  -37.5000   37.5000 2560.7734   13.2413
    0.0000  -37.5000   37.5000 2583.5557   13.1666
    7.5000  -37.5000   37.5000 2575.5154   13.4798
   -7.5000  -30.0000   37.5000 2675.1860   12.2837
    0.0000  -30.0000   37.5000 2696.4324   12.2117
    7.5000  -30.0000   37.5000 2689.1907   12.4789
   -7.5000  -22.5000   37.5000 2772.3716   11.5702
    0.0000  -22.5000   37.5000 2794.3630   11.4609
    7.5000  -22.5000   37.5000 2787.0842   11.7282
   -7.5000  -15.0000   37.5000 2836.3462   11.0785
    0.0000  -15.0000   37.5000 2857.9431   10.9261
    7.5000  -15.0000   37.5000 2842.5632   11.2217
   -7.5000   -7.5000   37.5000 2869.3660   10.8535
    0.0000   -7.5000   37.5000 2888.7690   10.7310
    7.5000   -7.5000   37.5000 2872.9224   10.9712
   -7.5000    0.0000   37.5000 2876.9094   10.9444
    0.0000    0.0000   37.5000 2898.5193   10.8440
    7.5000    0.0000   37.5000 2865.5767   11.0262
   -7.5000    7.5000   37.5000 2837.4263   11.2380
    0.0000    7.5000   37.5000 2854.2351   11.1603
    7.5000    7.5000   37.5000 2828.6953   11.3135
   -7.5000   15.0000   37.5000 2766.4563   11.7162
    0.0000   15.0000   37.5000 2778.0642   11.6168
    7.5000   15.0000   37.5000 2760.4836   11.7561
   -7.5000   22.5000   37.5000 2685.0264   12.3871
    0.0000   22.5000   37.5000 2695.6848   12.3157
    7.5000   22.5000   37.5000 2675.3193   12.4047
   -7.5000   30.0000   37.5000 2582.8508   13.2442
    0.0000   30.0000   37.5000 2594.4805   13.1732
    7.5000   30.0000   37.5000 2576.0181   13.2302
   -7.5000   37.5000   37.5000 2465.1333   14.2757
    0.0000   37.5000   37.5000 2473.9263   14.2171
    7.5000   37.5000   37.5000 2460.1296   14.2888
   -7.5000   45.0000   37.5000 2323.6404   15.6732
    0.0000   45.0000   37.5000 2335.6506   15.6647
    7.5000   45.0000   37.5000 2314.2744   15.7376
   -7.5000  -45.0000   45.0000 2397.1382   15.1416
    0.0000  -45.0000   45.0000 2417.9219   15.0771
    7.5000  -45.0000   45.0000 2417.8965   15.5230
   -7.5000  -37.5000   45.0000 2515.8420   13.8596
    0.0000  -37.5000   45.0000 2536.3633   13.7943
    7.5000  -37.5000   45.0000 2532.1575   14.1975
   -7.5000  -30.0000   45.0000 2624.2957   12.8401
    0.0000  -30.0000   45.0000 2640.1497   12.7523
    7.5000  -30.0000   45.0000 2642.1521   13.1404
   -7.5000  -22.5000   45.0000 2717.1350   12.1351
    0.0000  -22.5000   45.0000 2734.8630   11.9814
    7.5000  -22.5000   45.0000 2729.4395   12.3433
   -7.5000  -15.0000   45.0000 2776.2085   11.6661
    0.0000  -15.0000   45.0000 2792.8794   11.5173
    7.5000  -15.0000   45.0000 2782.6738   11.8270
   -7.5000   -7.5000   45.0000 2804.5247   11.4539
    0.0000   -7.5000   45.0000 2818.1240   11.3330
    7.5000   -7.5000   45.0000 2810.5642   11.5969
   -7.5000    0.0000   45.0000 2802.1116   11.5267
    0.0000    0.0000   45.0000 2820.4329   11.4246
    7.5000    0.0000   45.0000 2798.7417   11.6423
   -7.5000    7.5000   45.0000 2763.4338   11.8211
    0.0000    7.5000   45.0000 2778.7441   11.7388
    7.5000    7.5000   45.0000 2763.7234   11.9271
   -7.5000   15.0000   45.0000 2698.0715   12.3028
    0.0000   15.0000   45.0000 2715.6606   12.2234
    7.5000   15.0000   45.0000 2698.0486   12.4007
   -7.5000   22.5000   45.0000 2624.3599   12.9482
    0.0000   22.5000   45.0000 2638.8203   12.8758
    7.5000   22.5000   45.0000 2619.4189   13.0099
   -7.5000   30.0000   45.0000 2531.3833   13.8685
    0.0000   30.0000   45.0000 2540.1523   13.8037
    7.5000   30.0000   45.0000 2523.6140   13.9048
   -7.5000   37.5000   45.0000 2406.0684   14.9386
    0.0000   37.5000   45.0000 2422.4724   14.9166
    7.5000   37.5000   45.0000 2400.3105   15.0077
   -7.5000   45.0000   45.0000 2269.9775   16.3053
    0.0000   45.0000   45.0000 2283.8506   16.3351
    7.5000   45.0000   45.0000 2259.4802   16.4227

---------------------------------------------------------------------
imgreg_4dfp /opt/freesurfer/average/711-2C_as_mni_average_305 /opt/freesurfer/average/711-2B_as_mni_average_305_mask talsrcimg_g11 none talsrcimg_to_711-2C_as_mni_average_305_t4 1283
---------------------------------------------------------------------

freesurfer imgreg_4dfp.c
/opt/freesurfer/average/711-2C_as_mni_average_305.4dfp.img
       256       256       256         1
  1.000000  1.000000  1.000000
orientation T byte_order littleendian
Reading image: /opt/freesurfer/average/711-2C_as_mni_average_305.4dfp.img
dimensions:      256       256       256
mmppix:       1.0000   -1.0000   -1.0000
center:     128.0000 -129.0000 -129.0000
/opt/freesurfer/average/711-2B_as_mni_average_305_mask.4dfp.img
       256       256       256         1
  1.000000  1.000000  1.000000
orientation T byte_order littleendian
Reading mask: /opt/freesurfer/average/711-2B_as_mni_average_305_mask.4dfp.img (2306576 pixels)
talsrcimg_g11.4dfp.img
       256       256       256         1
  1.000000  1.000000  1.000000
orientation T byte_order littleendian
Reading image: talsrcimg_g11.4dfp.img
dimensions:      256       256       256
mmppix:       1.0000   -1.0000   -1.0000
center:     128.0000 -129.0000 -129.0000
rotation matrix determinant  1.000000
fimgreg.f
image alignment mode   1283 decimal      503 hex
parameters
    0.0000   -7.5000   15.0000    0.0000    0.0000    0.0000
eta,q 0.94648  9.95334
niter,ni,del,rscale     5    3   12.0000    1.2000
parameter  6  0.933556 ->  0.500000 qaram    1.1500
parameters
   -1.6812   -7.4089   16.6225    0.2987    1.5745   -3.4500
eta,q 0.95411  9.94314
  0.0585  0.0619  0.0704  0.0541  0.0570  0.0465
  0.0528  0.0557  0.0627  0.0524  0.0536  0.0459
  0.0510  0.0523  0.0552  0.0506  0.0514  0.0467
  0.0520  0.0505  0.0505  0.0497  0.0498  0.0493
  0.0567  0.0510  0.0502  0.0501  0.0492  0.0530
  0.0638  0.0552  0.0533  0.0514  0.0501  0.0566
  0.0700  0.0615  0.0570  0.0537  0.0522  0.0600
niter,ni,del,rscale     5    3   12.0000    1.2000
parameters
   -2.7523   -7.4008   17.3748   -0.0173    2.4496   -4.9854
eta,q 0.95433  9.98177
  0.0561  0.0593  0.0636  0.0512  0.0538  0.0502
  0.0495  0.0516  0.0553  0.0482  0.0504  0.0472
  0.0465  0.0470  0.0485  0.0462  0.0476  0.0459
  0.0459  0.0458  0.0458  0.0460  0.0459  0.0458
  0.0498  0.0473  0.0475  0.0472  0.0461  0.0479
  0.0578  0.0519  0.0516  0.0493  0.0476  0.0521
  0.0660  0.0589  0.0559  0.0520  0.0506  0.0565
niter,ni,del,rscale     4    3   12.0000    1.2000
parameters
   -3.2487   -7.2577   17.6072   -0.4096    2.8227   -5.2617
eta,q 0.95438  9.99371
  0.0590  0.0585  0.0604  0.0506  0.0535  0.0525
  0.0501  0.0508  0.0524  0.0477  0.0497  0.0488
  0.0464  0.0467  0.0469  0.0457  0.0469  0.0464
  0.0457  0.0456  0.0457  0.0458  0.0456  0.0456
  0.0478  0.0469  0.0478  0.0470  0.0459  0.0463
  0.0548  0.0505  0.0519  0.0489  0.0481  0.0494
  0.0635  0.0568  0.0573  0.0515  0.0521  0.0541
niter,ni,del,rscale     3    3   12.0000    1.2000
parameters
   -3.3578   -7.0531   17.5554   -0.7476    2.9108   -5.2779
eta,q 0.95458  9.99094
  0.0614  0.0582  0.0590  0.0505  0.0528  0.0529
  0.0516  0.0509  0.0511  0.0477  0.0492  0.0490
  0.0466  0.0469  0.0462  0.0455  0.0467  0.0465
  0.0456  0.0456  0.0456  0.0456  0.0454  0.0454
  0.0472  0.0467  0.0482  0.0469  0.0459  0.0459
  0.0533  0.0501  0.0524  0.0486  0.0486  0.0487
  0.0618  0.0563  0.0581  0.0512  0.0528  0.0534
niter,ni,del,rscale     2    3   12.0000    1.2000
parameters
   -3.3550   -6.8709   17.4896   -0.9929    2.9066   -5.2718
eta,q 0.95469  9.98682
  0.0620  0.0579  0.0588  0.0507  0.0524  0.0529
  0.0519  0.0510  0.0509  0.0478  0.0489  0.0490
  0.0465  0.0468  0.0460  0.0454  0.0466  0.0464
  0.0454  0.0454  0.0454  0.0454  0.0453  0.0453
  0.0470  0.0465  0.0481  0.0468  0.0458  0.0458
  0.0529  0.0500  0.0523  0.0485  0.0487  0.0486
  0.0612  0.0564  0.0580  0.0511  0.0529  0.0533
niter,ni,del,rscale     1    3   12.0000    1.2000
parameters
   -3.3303   -6.7409   17.4450   -1.1498    2.8791   -5.2645
eta,q 0.95477  9.98343
  0.0620  0.0576  0.0588  0.0509  0.0522  0.0529
  0.0519  0.0510  0.0509  0.0479  0.0488  0.0489
  0.0464  0.0467  0.0460  0.0454  0.0465  0.0463
  0.0453  0.0453  0.0453  0.0453  0.0452  0.0452
  0.0469  0.0465  0.0479  0.0466  0.0457  0.0457
  0.0527  0.0501  0.0522  0.0484  0.0486  0.0485
  0.0609  0.0566  0.0579  0.0510  0.0529  0.0533
registration optimization eta report
parameter search radius
    6.0000    6.0000    6.0000    6.0000    6.0000    6.9000
100000*second partial in parameter space
       46.       33.       36.       16.       20.       17.
  0.0620  0.0576  0.0588  0.0509  0.0522  0.0529
  0.0519  0.0510  0.0509  0.0479  0.0488  0.0489
  0.0464  0.0467  0.0460  0.0454  0.0465  0.0463
  0.0453  0.0453  0.0453  0.0453  0.0452  0.0452
  0.0469  0.0465  0.0479  0.0466  0.0457  0.0457
  0.0527  0.0501  0.0522  0.0484  0.0486  0.0485
  0.0609  0.0566  0.0579  0.0510  0.0529  0.0533
   -3.3303   -6.7409   17.4450   -1.1498    2.8791   -5.2645
eta,q 0.95477  9.98343

---------------------------------------------------------------------
imgreg_4dfp /opt/freesurfer/average/711-2C_as_mni_average_305 /opt/freesurfer/average/711-2B_as_mni_average_305_mask talsrcimg_g11 none talsrcimg_to_711-2C_as_mni_average_305_t4 3335
---------------------------------------------------------------------

freesurfer imgreg_4dfp.c
/opt/freesurfer/average/711-2C_as_mni_average_305.4dfp.img
       256       256       256         1
  1.000000  1.000000  1.000000
orientation T byte_order littleendian
Reading image: /opt/freesurfer/average/711-2C_as_mni_average_305.4dfp.img
dimensions:      256       256       256
mmppix:       1.0000   -1.0000   -1.0000
center:     128.0000 -129.0000 -129.0000
/opt/freesurfer/average/711-2B_as_mni_average_305_mask.4dfp.img
       256       256       256         1
  1.000000  1.000000  1.000000
orientation T byte_order littleendian
Reading mask: /opt/freesurfer/average/711-2B_as_mni_average_305_mask.4dfp.img (2306576 pixels)
talsrcimg_g11.4dfp.img
       256       256       256         1
  1.000000  1.000000  1.000000
orientation T byte_order littleendian
Reading image: talsrcimg_g11.4dfp.img
dimensions:      256       256       256
mmppix:       1.0000   -1.0000   -1.0000
center:     128.0000 -129.0000 -129.0000
fimgreg.f
image alignment mode   3335 decimal      D07 hex
parameters
   -3.3303   -6.7409   17.4450   -0.5475   -0.4511   -0.1463
    9.2739   -4.8165   -9.1638    2.4589    5.0228   -2.0041
eta,q 0.95480 10.02650
niter,ni,del,rscale     5    3    5.0000    1.2000
parameter  4  2.031471 ->  0.500000 qaram    1.1500
parameter  5  4.397301 ->  0.500000 qaram    1.1500
parameters
   -3.1508   -7.1554   17.2611   -4.6875   -4.5911   -3.2404
    7.9642   -4.1848   -6.5452    0.5671    5.7710   -2.9602
eta,q 0.97325 10.14528
  0.0491  0.0462  0.0472  0.0350  0.0248  0.0297  0.0303  0.0368  0.0322  0.0293  0.0292  0.0278
  0.0471  0.0454  0.0459  0.0362  0.0275  0.0284  0.0286  0.0324  0.0301  0.0276  0.0279  0.0271
  0.0458  0.0450  0.0451  0.0397  0.0317  0.0276  0.0277  0.0291  0.0286  0.0268  0.0271  0.0268
  0.0452  0.0452  0.0450  0.0450  0.0369  0.0285  0.0277  0.0276  0.0276  0.0272  0.0268  0.0268
  0.0454  0.0456  0.0455  0.0512  0.0426  0.0323  0.0287  0.0281  0.0272  0.0286  0.0268  0.0270
  0.0464  0.0463  0.0465  0.0572  0.0478  0.0382  0.0306  0.0304  0.0274  0.0307  0.0273  0.0276
  0.0482  0.0470  0.0478  0.0622  0.0524  0.0462  0.0331  0.0342  0.0283  0.0336  0.0284  0.0286
niter,ni,del,rscale     6    3    5.0000    1.2000
parameter  3  0.767925 ->  0.500000 qaram    1.1500
parameter  5  0.780579 ->  0.500000 qaram    1.3225
parameters
   -3.1589   -6.2874   15.8811   -8.0868   -9.3521   -2.7495
    7.6661   -4.4304   -6.2607    1.0477    7.7296   -4.0038
eta,q 0.97874  9.99122
  0.0313  0.0323  0.0253  0.0267  0.0221  0.0259  0.0243  0.0275  0.0240  0.0254  0.0232  0.0220
  0.0288  0.0299  0.0252  0.0255  0.0217  0.0246  0.0227  0.0239  0.0226  0.0234  0.0224  0.0216
  0.0273  0.0280  0.0255  0.0246  0.0224  0.0233  0.0218  0.0219  0.0218  0.0221  0.0218  0.0213
  0.0267  0.0267  0.0262  0.0252  0.0248  0.0218  0.0215  0.0215  0.0215  0.0215  0.0214  0.0213
  0.0273  0.0262  0.0274  0.0286  0.0297  0.0206  0.0219  0.0223  0.0217  0.0216  0.0213  0.0215
  0.0289  0.0266  0.0288  0.0342  0.0361  0.0219  0.0230  0.0245  0.0224  0.0226  0.0214  0.0219
  0.0314  0.0277  0.0307  0.0408  0.0407  0.0266  0.0249  0.0283  0.0236  0.0247  0.0220  0.0228
niter,ni,del,rscale     7    3    5.0000    1.2000
parameter  2 -0.514065 -> -0.500000 qaram    1.1500
parameters
   -2.9138   -4.9074   15.2268   -8.5037  -11.9186   -3.2639
    7.7754   -4.6264   -6.7068    2.5694    8.8198   -6.4085
eta,q 0.97952  9.88079
  0.0255  0.0271  0.0216  0.0250  0.0242  0.0244  0.0239  0.0266  0.0227  0.0250  0.0220  0.0209
  0.0234  0.0246  0.0205  0.0232  0.0222  0.0231  0.0223  0.0233  0.0216  0.0229  0.0214  0.0206
  0.0220  0.0227  0.0201  0.0215  0.0207  0.0219  0.0212  0.0213  0.0210  0.0216  0.0209  0.0205
  0.0213  0.0212  0.0203  0.0201  0.0203  0.0205  0.0208  0.0208  0.0208  0.0208  0.0206  0.0206
  0.0214  0.0204  0.0210  0.0201  0.0224  0.0199  0.0211  0.0215  0.0212  0.0206  0.0206  0.0209
  0.0223  0.0204  0.0220  0.0227  0.0280  0.0222  0.0221  0.0237  0.0220  0.0212  0.0208  0.0215
  0.0242  0.0212  0.0234  0.0277  0.0352  0.0283  0.0238  0.0273  0.0232  0.0225  0.0215  0.0223
niter,ni,del,rscale     7    3    5.0000    1.2000
parameters
   -2.8813   -4.6530   14.9433   -7.9794  -12.6472   -3.5805
    7.9862   -4.7920   -7.0365    3.4764    9.0457   -6.6280
eta,q 0.97948  9.86747
  0.0241  0.0248  0.0221  0.0254  0.0255  0.0245  0.0238  0.0268  0.0225  0.0242  0.0220  0.0215
  0.0222  0.0226  0.0209  0.0236  0.0234  0.0231  0.0221  0.0234  0.0214  0.0222  0.0213  0.0209
  0.0209  0.0211  0.0204  0.0219  0.0215  0.0218  0.0210  0.0212  0.0208  0.0211  0.0208  0.0206
  0.0205  0.0205  0.0205  0.0204  0.0202  0.0204  0.0206  0.0206  0.0206  0.0206  0.0205  0.0205
  0.0208  0.0207  0.0209  0.0199  0.0202  0.0197  0.0209  0.0214  0.0209  0.0206  0.0206  0.0206
  0.0220  0.0217  0.0217  0.0215  0.0231  0.0218  0.0218  0.0237  0.0217  0.0214  0.0210  0.0210
  0.0240  0.0234  0.0227  0.0255  0.0296  0.0277  0.0235  0.0275  0.0228  0.0227  0.0220  0.0216
niter,ni,del,rscale     6    3    5.0000    1.2000
parameters
   -2.9249   -4.4664   14.8596   -7.8289  -12.8170   -3.7295
    8.1177   -4.8768   -7.1792    3.8599    9.1722   -6.7038
eta,q 0.97943  9.86604
  0.0240  0.0244  0.0225  0.0253  0.0257  0.0246  0.0237  0.0269  0.0225  0.0235  0.0220  0.0216
  0.0221  0.0223  0.0212  0.0236  0.0237  0.0232  0.0220  0.0235  0.0214  0.0219  0.0213  0.0210
  0.0209  0.0210  0.0206  0.0220  0.0218  0.0219  0.0210  0.0213  0.0208  0.0210  0.0208  0.0207
  0.0205  0.0205  0.0205  0.0205  0.0204  0.0205  0.0206  0.0206  0.0206  0.0206  0.0206  0.0206
  0.0210  0.0208  0.0209  0.0202  0.0201  0.0198  0.0209  0.0213  0.0209  0.0208  0.0206  0.0207
  0.0222  0.0218  0.0216  0.0222  0.0223  0.0216  0.0219  0.0236  0.0216  0.0216  0.0211  0.0210
  0.0244  0.0234  0.0226  0.0263  0.0280  0.0271  0.0235  0.0273  0.0226  0.0230  0.0221  0.0216
niter,ni,del,rscale     5    3    5.0000    1.2000
parameters
   -2.9465   -4.3765   14.7896   -7.7929  -12.8996   -3.8357
    8.1808   -4.9226   -7.2379    4.0639    9.2534   -6.7513
eta,q 0.97936  9.86282
  0.0242  0.0241  0.0226  0.0253  0.0258  0.0246  0.0237  0.0270  0.0226  0.0234  0.0221  0.0216
  0.0222  0.0222  0.0213  0.0236  0.0237  0.0233  0.0220  0.0236  0.0215  0.0218  0.0214  0.0210
  0.0210  0.0210  0.0206  0.0220  0.0219  0.0220  0.0210  0.0214  0.0208  0.0210  0.0209  0.0207
  0.0206  0.0206  0.0206  0.0206  0.0206  0.0206  0.0206  0.0206  0.0206  0.0206  0.0206  0.0206
  0.0210  0.0209  0.0209  0.0203  0.0201  0.0198  0.0210  0.0214  0.0209  0.0209  0.0207  0.0207
  0.0223  0.0220  0.0216  0.0224  0.0222  0.0216  0.0219  0.0236  0.0216  0.0217  0.0212  0.0211
  0.0244  0.0236  0.0226  0.0265  0.0277  0.0270  0.0236  0.0273  0.0226  0.0231  0.0222  0.0217
niter,ni,del,rscale     4    3    5.0000    1.2000
parameters
   -2.9560   -4.3224   14.7345   -7.7781  -12.9493   -3.9122
    8.2150   -4.9488   -7.2719    4.1904    9.3139   -6.7919
eta,q 0.97932  9.86008
  0.0243  0.0240  0.0227  0.0253  0.0258  0.0247  0.0237  0.0271  0.0226  0.0233  0.0221  0.0217
  0.0223  0.0221  0.0214  0.0237  0.0238  0.0233  0.0221  0.0236  0.0215  0.0218  0.0214  0.0211
  0.0211  0.0210  0.0207  0.0221  0.0220  0.0221  0.0210  0.0214  0.0209  0.0210  0.0209  0.0208
  0.0206  0.0206  0.0206  0.0206  0.0206  0.0206  0.0207  0.0207  0.0207  0.0207  0.0207  0.0207
  0.0210  0.0210  0.0210  0.0204  0.0202  0.0199  0.0210  0.0214  0.0209  0.0209  0.0207  0.0208
  0.0223  0.0221  0.0217  0.0225  0.0222  0.0216  0.0220  0.0236  0.0216  0.0217  0.0212  0.0211
  0.0244  0.0237  0.0227  0.0266  0.0276  0.0269  0.0236  0.0273  0.0226  0.0231  0.0223  0.0217
niter,ni,del,rscale     3    3    5.0000    1.2000
parameters
   -2.9591   -4.2842   14.6947   -7.7725  -12.9877   -3.9646
    8.2382   -4.9628   -7.2971    4.2865    9.3528   -6.8189
eta,q 0.97928  9.85787
  0.0243  0.0240  0.0228  0.0254  0.0258  0.0247  0.0237  0.0271  0.0227  0.0233  0.0222  0.0217
  0.0224  0.0221  0.0214  0.0237  0.0238  0.0233  0.0221  0.0237  0.0216  0.0218  0.0215  0.0211
  0.0211  0.0210  0.0208  0.0221  0.0220  0.0221  0.0211  0.0215  0.0209  0.0210  0.0210  0.0208
  0.0207  0.0207  0.0207  0.0207  0.0207  0.0207  0.0207  0.0207  0.0207  0.0207  0.0207  0.0207
  0.0211  0.0211  0.0210  0.0205  0.0202  0.0199  0.0210  0.0214  0.0210  0.0210  0.0208  0.0208
  0.0223  0.0221  0.0217  0.0225  0.0222  0.0216  0.0220  0.0236  0.0216  0.0217  0.0213  0.0211
  0.0244  0.0237  0.0227  0.0267  0.0276  0.0268  0.0237  0.0273  0.0226  0.0232  0.0223  0.0217
niter,ni,del,rscale     2    3    5.0000    1.2000
parameters
   -2.9621   -4.2559   14.6633   -7.7705  -13.0148   -4.0076
    8.2562   -4.9742   -7.3243    4.3589    9.3929   -6.8215
eta,q 0.97925  9.85617
  0.0244  0.0240  0.0228  0.0254  0.0258  0.0247  0.0237  0.0272  0.0227  0.0233  0.0222  0.0217
  0.0224  0.0221  0.0215  0.0237  0.0238  0.0234  0.0221  0.0237  0.0216  0.0218  0.0215  0.0212
  0.0212  0.0210  0.0208  0.0221  0.0221  0.0222  0.0211  0.0215  0.0209  0.0211  0.0210  0.0208
  0.0207  0.0207  0.0207  0.0207  0.0207  0.0207  0.0207  0.0207  0.0207  0.0208  0.0208  0.0207
  0.0211  0.0211  0.0211  0.0205  0.0203  0.0199  0.0211  0.0214  0.0210  0.0210  0.0208  0.0208
  0.0224  0.0221  0.0217  0.0226  0.0222  0.0216  0.0221  0.0236  0.0217  0.0218  0.0213  0.0212
  0.0245  0.0238  0.0227  0.0267  0.0276  0.0268  0.0237  0.0273  0.0226  0.0232  0.0223  0.0218
niter,ni,del,rscale     1    3    5.0000    1.2000
parameters
   -2.9632   -4.2347   14.6391   -7.7672  -13.0365   -4.0432
    8.2687   -4.9842   -7.3341    4.4134    9.4094   -6.8524
eta,q 0.97923  9.85466
  0.0244  0.0240  0.0229  0.0254  0.0258  0.0248  0.0237  0.0272  0.0227  0.0232  0.0222  0.0218
  0.0224  0.0221  0.0215  0.0238  0.0238  0.0234  0.0221  0.0237  0.0216  0.0219  0.0215  0.0212
  0.0212  0.0211  0.0208  0.0222  0.0221  0.0222  0.0211  0.0215  0.0210  0.0211  0.0210  0.0209
  0.0207  0.0207  0.0208  0.0207  0.0207  0.0208  0.0208  0.0208  0.0208  0.0208  0.0208  0.0208
  0.0211  0.0211  0.0211  0.0205  0.0203  0.0200  0.0211  0.0215  0.0210  0.0210  0.0208  0.0209
  0.0224  0.0222  0.0218  0.0226  0.0222  0.0217  0.0221  0.0237  0.0217  0.0218  0.0213  0.0212
  0.0245  0.0238  0.0227  0.0267  0.0276  0.0268  0.0237  0.0273  0.0226  0.0232  0.0224  0.0218
registration optimization eta report
parameter search radius
    2.4000    2.7600    2.7600    8.2800    9.5220    7.2000
    7.2000    7.2000    7.2000    7.2000    7.2000    7.2000
100000*second partial in parameter space
       64.       41.       27.        8.        7.       10.
        6.       12.        4.        5.        3.        2.
  0.0244  0.0240  0.0229  0.0254  0.0258  0.0248  0.0237  0.0272  0.0227  0.0232  0.0222  0.0218
  0.0224  0.0221  0.0215  0.0238  0.0238  0.0234  0.0221  0.0237  0.0216  0.0219  0.0215  0.0212
  0.0212  0.0211  0.0208  0.0222  0.0221  0.0222  0.0211  0.0215  0.0210  0.0211  0.0210  0.0209
  0.0207  0.0207  0.0208  0.0207  0.0207  0.0208  0.0208  0.0208  0.0208  0.0208  0.0208  0.0208
  0.0211  0.0211  0.0211  0.0205  0.0203  0.0200  0.0211  0.0215  0.0210  0.0210  0.0208  0.0209
  0.0224  0.0222  0.0218  0.0226  0.0222  0.0217  0.0221  0.0237  0.0217  0.0218  0.0213  0.0212
  0.0245  0.0238  0.0227  0.0267  0.0276  0.0268  0.0237  0.0273  0.0226  0.0232  0.0224  0.0218
   -2.9632   -4.2347   14.6391   -7.7672  -13.0365   -4.0432
    8.2687   -4.9842   -7.3341    4.4134    9.4094   -6.8524
eta,q 0.97923  9.85466

---------------------------------------------------------------------
imgreg_4dfp /opt/freesurfer/average/711-2C_as_mni_average_305 /opt/freesurfer/average/711-2B_as_mni_average_305_mask talsrcimg_g11 none talsrcimg_to_711-2C_as_mni_average_305_t4 2311
---------------------------------------------------------------------

freesurfer imgreg_4dfp.c
/opt/freesurfer/average/711-2C_as_mni_average_305.4dfp.img
       256       256       256         1
  1.000000  1.000000  1.000000
orientation T byte_order littleendian
Reading image: /opt/freesurfer/average/711-2C_as_mni_average_305.4dfp.img
dimensions:      256       256       256
mmppix:       1.0000   -1.0000   -1.0000
center:     128.0000 -129.0000 -129.0000
/opt/freesurfer/average/711-2B_as_mni_average_305_mask.4dfp.img
       256       256       256         1
  1.000000  1.000000  1.000000
orientation T byte_order littleendian
Reading mask: /opt/freesurfer/average/711-2B_as_mni_average_305_mask.4dfp.img (2306576 pixels)
talsrcimg_g11.4dfp.img
       256       256       256         1
  1.000000  1.000000  1.000000
orientation T byte_order littleendian
Reading image: talsrcimg_g11.4dfp.img
dimensions:      256       256       256
mmppix:       1.0000   -1.0000   -1.0000
center:     128.0000 -129.0000 -129.0000
fimgreg.f
image alignment mode   2311 decimal      907 hex
parameters
   -2.9632   -4.2347   14.6391   -7.7672  -13.0365   -4.0432
    8.2687   -4.9842   -7.3341    4.4134    9.4094   -6.8524
eta,q 0.97923  9.85466
niter,ni,del,rscale     5    3    5.0000    0.8000
parameters
   -2.9408   -4.2751   14.4492   -6.5916  -10.9783   -3.5751
    8.1752   -5.0205   -7.0693    4.2996    9.1459   -6.7377
eta,q 0.98021  9.96704
  0.0225  0.0218  0.0213  0.0233  0.0226  0.0226  0.0215  0.0238  0.0212  0.0214  0.0207  0.0204
  0.0216  0.0212  0.0209  0.0224  0.0218  0.0218  0.0205  0.0216  0.0204  0.0205  0.0202  0.0201
  0.0210  0.0209  0.0208  0.0215  0.0211  0.0209  0.0200  0.0202  0.0200  0.0199  0.0199  0.0199
  0.0208  0.0208  0.0208  0.0207  0.0204  0.0200  0.0198  0.0198  0.0198  0.0198  0.0198  0.0198
  0.0209  0.0209  0.0209  0.0204  0.0201  0.0196  0.0200  0.0203  0.0199  0.0201  0.0199  0.0198
  0.0215  0.0213  0.0212  0.0208  0.0201  0.0203  0.0206  0.0217  0.0203  0.0206  0.0203  0.0200
  0.0224  0.0219  0.0216  0.0219  0.0208  0.0225  0.0217  0.0239  0.0209  0.0215  0.0210  0.0204
niter,ni,del,rscale     4    3    5.0000    0.7000
parameters
   -2.9413   -4.4483   14.7778   -6.7317  -11.1795   -2.7292
    7.9767   -4.9777   -6.9706    3.7940    8.8939   -6.7345
eta,q 0.98059  9.97502
  0.0214  0.0206  0.0208  0.0216  0.0211  0.0222  0.0207  0.0228  0.0204  0.0205  0.0202  0.0199
  0.0205  0.0201  0.0203  0.0208  0.0205  0.0215  0.0200  0.0210  0.0199  0.0198  0.0198  0.0196
  0.0200  0.0198  0.0200  0.0201  0.0200  0.0206  0.0195  0.0198  0.0196  0.0195  0.0195  0.0194
  0.0198  0.0198  0.0198  0.0198  0.0198  0.0198  0.0194  0.0194  0.0194  0.0194  0.0194  0.0194
  0.0200  0.0200  0.0198  0.0199  0.0199  0.0193  0.0196  0.0198  0.0195  0.0197  0.0195  0.0195
  0.0205  0.0205  0.0199  0.0207  0.0205  0.0198  0.0201  0.0209  0.0198  0.0203  0.0199  0.0196
  0.0214  0.0212  0.0201  0.0222  0.0217  0.0213  0.0209  0.0227  0.0203  0.0211  0.0204  0.0199
niter,ni,del,rscale     3    3    5.0000    0.6000
parameters
   -2.9403   -4.5539   15.1117   -6.7601  -11.0444   -2.1861
    7.8765   -4.9367   -6.8627    3.4881    8.6588   -6.6781
eta,q 0.98084  9.98991
  0.0206  0.0201  0.0203  0.0209  0.0205  0.0215  0.0201  0.0218  0.0200  0.0201  0.0198  0.0195
  0.0200  0.0197  0.0199  0.0202  0.0200  0.0208  0.0196  0.0204  0.0195  0.0195  0.0194  0.0193
  0.0196  0.0195  0.0196  0.0197  0.0196  0.0200  0.0193  0.0195  0.0193  0.0192  0.0192  0.0192
  0.0194  0.0194  0.0194  0.0194  0.0194  0.0194  0.0192  0.0192  0.0192  0.0192  0.0192  0.0192
  0.0195  0.0196  0.0194  0.0195  0.0194  0.0191  0.0193  0.0195  0.0192  0.0194  0.0193  0.0192
  0.0199  0.0199  0.0195  0.0200  0.0197  0.0196  0.0197  0.0203  0.0195  0.0198  0.0195  0.0193
  0.0206  0.0204  0.0197  0.0211  0.0205  0.0209  0.0203  0.0217  0.0199  0.0204  0.0199  0.0195
niter,ni,del,rscale     2    3    5.0000    0.5000
parameters
   -2.9547   -4.6393   15.3469   -6.7633  -10.9418   -1.7673
    7.7913   -4.9071   -6.7928    3.2661    8.4384   -6.6059
eta,q 0.98098 10.00043
  0.0200  0.0197  0.0198  0.0203  0.0200  0.0209  0.0197  0.0209  0.0196  0.0197  0.0194  0.0193
  0.0195  0.0194  0.0195  0.0197  0.0196  0.0202  0.0193  0.0199  0.0193  0.0193  0.0192  0.0191
  0.0193  0.0192  0.0193  0.0193  0.0193  0.0196  0.0191  0.0192  0.0191  0.0191  0.0191  0.0191
  0.0192  0.0192  0.0192  0.0191  0.0191  0.0191  0.0190  0.0190  0.0190  0.0190  0.0190  0.0190
  0.0193  0.0193  0.0192  0.0192  0.0192  0.0190  0.0191  0.0192  0.0191  0.0192  0.0191  0.0190
  0.0196  0.0195  0.0192  0.0196  0.0194  0.0194  0.0194  0.0199  0.0193  0.0195  0.0193  0.0191
  0.0200  0.0199  0.0194  0.0204  0.0200  0.0204  0.0198  0.0208  0.0195  0.0199  0.0196  0.0193
niter,ni,del,rscale     1    3    5.0000    0.4000
parameters
   -2.9708   -4.6924   15.5308   -6.7552  -10.8865   -1.4346
    7.7237   -4.8828   -6.7397    3.1152    8.2452   -6.5591
eta,q 0.98107 10.00741
  0.0196  0.0194  0.0195  0.0198  0.0196  0.0203  0.0194  0.0202  0.0193  0.0194  0.0192  0.0191
  0.0193  0.0192  0.0192  0.0194  0.0193  0.0198  0.0191  0.0195  0.0191  0.0191  0.0190  0.0190
  0.0191  0.0190  0.0191  0.0191  0.0191  0.0193  0.0190  0.0191  0.0190  0.0190  0.0190  0.0190
  0.0190  0.0190  0.0190  0.0190  0.0190  0.0190  0.0189  0.0189  0.0189  0.0189  0.0189  0.0189
  0.0191  0.0191  0.0190  0.0191  0.0190  0.0189  0.0190  0.0191  0.0190  0.0190  0.0190  0.0189
  0.0193  0.0192  0.0191  0.0193  0.0192  0.0192  0.0192  0.0195  0.0191  0.0192  0.0191  0.0190
  0.0196  0.0195  0.0192  0.0198  0.0196  0.0199  0.0194  0.0202  0.0193  0.0195  0.0193  0.0191
registration optimization eta report
parameter search radius
    0.8000    0.8000    0.8000    2.4000    2.4000    2.4000
    2.4000    2.4000    2.4000    2.4000    2.4000    2.4000
100000*second partial in parameter space
       87.       61.       46.       14.       10.       19.
        8.       21.        6.        9.        6.        3.
  0.0196  0.0194  0.0195  0.0198  0.0196  0.0203  0.0194  0.0202  0.0193  0.0194  0.0192  0.0191
  0.0193  0.0192  0.0192  0.0194  0.0193  0.0198  0.0191  0.0195  0.0191  0.0191  0.0190  0.0190
  0.0191  0.0190  0.0191  0.0191  0.0191  0.0193  0.0190  0.0191  0.0190  0.0190  0.0190  0.0190
  0.0190  0.0190  0.0190  0.0190  0.0190  0.0190  0.0189  0.0189  0.0189  0.0189  0.0189  0.0189
  0.0191  0.0191  0.0190  0.0191  0.0190  0.0189  0.0190  0.0191  0.0190  0.0190  0.0190  0.0189
  0.0193  0.0192  0.0191  0.0193  0.0192  0.0192  0.0192  0.0195  0.0191  0.0192  0.0191  0.0190
  0.0196  0.0195  0.0192  0.0198  0.0196  0.0199  0.0194  0.0202  0.0193  0.0195  0.0193  0.0191
   -2.9708   -4.6924   15.5308   -6.7552  -10.8865   -1.4346
    7.7237   -4.8828   -6.7397    3.1152    8.2452   -6.5591
eta,q 0.98107 10.00741

---------------------------------------------------------------------
imgreg_4dfp /opt/freesurfer/average/711-2C_as_mni_average_305 /opt/freesurfer/average/711-2B_as_mni_average_305_mask talsrcimg_g11 none talsrcimg_to_711-2C_as_mni_average_305_t4 2311
---------------------------------------------------------------------

freesurfer imgreg_4dfp.c
/opt/freesurfer/average/711-2C_as_mni_average_305.4dfp.img
       256       256       256         1
  1.000000  1.000000  1.000000
orientation T byte_order littleendian
Reading image: /opt/freesurfer/average/711-2C_as_mni_average_305.4dfp.img
dimensions:      256       256       256
mmppix:       1.0000   -1.0000   -1.0000
center:     128.0000 -129.0000 -129.0000
/opt/freesurfer/average/711-2B_as_mni_average_305_mask.4dfp.img
       256       256       256         1
  1.000000  1.000000  1.000000
orientation T byte_order littleendian
Reading mask: /opt/freesurfer/average/711-2B_as_mni_average_305_mask.4dfp.img (2306576 pixels)
talsrcimg_g11.4dfp.img
       256       256       256         1
  1.000000  1.000000  1.000000
orientation T byte_order littleendian
Reading image: talsrcimg_g11.4dfp.img
dimensions:      256       256       256
mmppix:       1.0000   -1.0000   -1.0000
center:     128.0000 -129.0000 -129.0000
fimgreg.f
image alignment mode   2311 decimal      907 hex
parameters
   -2.9708   -4.6924   15.5308   -6.7552  -10.8865   -1.4346
    7.7237   -4.8828   -6.7397    3.1152    8.2452   -6.5591
eta,q 0.98107 10.00741
niter,ni,del,rscale     5    3    5.0000    0.8000
parameters
   -3.0020   -4.7567   15.7302   -7.2397  -11.3461   -1.8111
    7.7748   -4.8287   -6.7400    2.9835    8.2638   -6.3362
eta,q 0.98084  9.98199
  0.0211  0.0204  0.0205  0.0211  0.0206  0.0219  0.0208  0.0232  0.0204  0.0208  0.0202  0.0198
  0.0199  0.0196  0.0197  0.0201  0.0199  0.0209  0.0199  0.0210  0.0197  0.0199  0.0196  0.0194
  0.0192  0.0191  0.0191  0.0193  0.0193  0.0199  0.0194  0.0197  0.0193  0.0193  0.0193  0.0192
  0.0189  0.0189  0.0189  0.0189  0.0190  0.0190  0.0192  0.0192  0.0192  0.0192  0.0192  0.0192
  0.0192  0.0191  0.0190  0.0193  0.0192  0.0192  0.0193  0.0196  0.0193  0.0194  0.0193  0.0192
  0.0200  0.0197  0.0193  0.0205  0.0201  0.0208  0.0199  0.0209  0.0197  0.0200  0.0196  0.0194
  0.0213  0.0206  0.0198  0.0227  0.0219  0.0241  0.0208  0.0230  0.0204  0.0210  0.0202  0.0197
niter,ni,del,rscale     4    3    5.0000    0.7000
parameters
   -2.9808   -4.7458   15.4990   -7.0213  -11.1631   -1.8971
    7.7716   -4.8029   -6.7106    3.0364    8.3064   -6.4343
eta,q 0.98091  9.98817
  0.0207  0.0203  0.0197  0.0212  0.0207  0.0215  0.0204  0.0224  0.0201  0.0206  0.0199  0.0195
  0.0199  0.0197  0.0193  0.0203  0.0200  0.0207  0.0197  0.0206  0.0195  0.0198  0.0195  0.0193
  0.0194  0.0193  0.0191  0.0196  0.0194  0.0198  0.0192  0.0195  0.0192  0.0193  0.0192  0.0191
  0.0192  0.0192  0.0192  0.0191  0.0191  0.0191  0.0191  0.0191  0.0191  0.0191  0.0191  0.0191
  0.0193  0.0193  0.0193  0.0191  0.0191  0.0191  0.0192  0.0195  0.0192  0.0192  0.0192  0.0191
  0.0198  0.0196  0.0197  0.0197  0.0196  0.0202  0.0197  0.0206  0.0195  0.0197  0.0194  0.0193
  0.0207  0.0203  0.0202  0.0211  0.0206  0.0225  0.0204  0.0223  0.0200  0.0205  0.0199  0.0196
niter,ni,del,rscale     3    3    5.0000    0.6000
parameters
   -2.9618   -4.7260   15.4742   -6.9034  -11.0348   -1.7606
    7.7415   -4.8011   -6.7057    3.0717    8.2757   -6.4870
eta,q 0.98098  9.99587
  0.0203  0.0200  0.0197  0.0207  0.0203  0.0212  0.0200  0.0216  0.0198  0.0201  0.0197  0.0194
  0.0197  0.0195  0.0193  0.0200  0.0197  0.0204  0.0195  0.0202  0.0194  0.0195  0.0193  0.0192
  0.0192  0.0192  0.0191  0.0194  0.0193  0.0197  0.0191  0.0193  0.0191  0.0192  0.0191  0.0191
  0.0191  0.0191  0.0191  0.0191  0.0191  0.0191  0.0190  0.0190  0.0190  0.0190  0.0190  0.0190
  0.0192  0.0192  0.0192  0.0191  0.0191  0.0190  0.0191  0.0193  0.0191  0.0191  0.0191  0.0191
  0.0196  0.0194  0.0194  0.0196  0.0195  0.0197  0.0195  0.0202  0.0194  0.0195  0.0193  0.0192
  0.0202  0.0199  0.0197  0.0207  0.0203  0.0213  0.0201  0.0215  0.0198  0.0201  0.0197  0.0194
niter,ni,del,rscale     2    3    5.0000    0.5000
parameters
   -2.9615   -4.7247   15.5354   -6.8340  -10.9530   -1.5429
    7.7105   -4.8058   -6.6939    3.0528    8.1979   -6.5013
eta,q 0.98104 10.00270
  0.0199  0.0196  0.0195  0.0202  0.0199  0.0207  0.0197  0.0208  0.0195  0.0197  0.0194  0.0192
  0.0194  0.0193  0.0192  0.0196  0.0195  0.0201  0.0193  0.0198  0.0192  0.0193  0.0192  0.0191
  0.0191  0.0191  0.0191  0.0192  0.0192  0.0195  0.0190  0.0192  0.0190  0.0190  0.0190  0.0190
  0.0190  0.0190  0.0190  0.0190  0.0190  0.0190  0.0190  0.0190  0.0190  0.0190  0.0190  0.0190
  0.0191  0.0191  0.0191  0.0191  0.0190  0.0189  0.0190  0.0192  0.0190  0.0190  0.0190  0.0190
  0.0194  0.0193  0.0192  0.0195  0.0193  0.0195  0.0193  0.0198  0.0192  0.0193  0.0192  0.0191
  0.0199  0.0196  0.0194  0.0202  0.0199  0.0205  0.0197  0.0208  0.0195  0.0198  0.0195  0.0192
niter,ni,del,rscale     1    3    5.0000    0.4000
parameters
   -2.9711   -4.7363   15.6282   -6.7947  -10.8937   -1.3188
    7.6735   -4.8096   -6.6849    3.0086    8.1036   -6.4903
eta,q 0.98110 10.00842
  0.0195  0.0193  0.0193  0.0197  0.0195  0.0202  0.0194  0.0201  0.0193  0.0194  0.0192  0.0191
  0.0192  0.0191  0.0191  0.0194  0.0193  0.0197  0.0191  0.0195  0.0191  0.0191  0.0190  0.0190
  0.0190  0.0190  0.0190  0.0191  0.0191  0.0192  0.0190  0.0190  0.0189  0.0190  0.0189  0.0189
  0.0190  0.0190  0.0190  0.0189  0.0189  0.0189  0.0189  0.0189  0.0189  0.0189  0.0189  0.0189
  0.0190  0.0190  0.0190  0.0190  0.0190  0.0189  0.0190  0.0191  0.0189  0.0190  0.0189  0.0189
  0.0192  0.0191  0.0190  0.0193  0.0192  0.0193  0.0191  0.0195  0.0191  0.0192  0.0191  0.0190
  0.0195  0.0194  0.0192  0.0197  0.0195  0.0200  0.0194  0.0201  0.0192  0.0195  0.0193  0.0191
registration optimization eta report
parameter search radius
    0.8000    0.8000    0.8000    2.4000    2.4000    2.4000
    2.4000    2.4000    2.4000    2.4000    2.4000    2.4000
100000*second partial in parameter space
       87.       62.       46.       13.       10.       20.
        8.       21.        6.        9.        6.        3.
  0.0195  0.0193  0.0193  0.0197  0.0195  0.0202  0.0194  0.0201  0.0193  0.0194  0.0192  0.0191
  0.0192  0.0191  0.0191  0.0194  0.0193  0.0197  0.0191  0.0195  0.0191  0.0191  0.0190  0.0190
  0.0190  0.0190  0.0190  0.0191  0.0191  0.0192  0.0190  0.0190  0.0189  0.0190  0.0189  0.0189
  0.0190  0.0190  0.0190  0.0189  0.0189  0.0189  0.0189  0.0189  0.0189  0.0189  0.0189  0.0189
  0.0190  0.0190  0.0190  0.0190  0.0190  0.0189  0.0190  0.0191  0.0189  0.0190  0.0189  0.0189
  0.0192  0.0191  0.0190  0.0193  0.0192  0.0193  0.0191  0.0195  0.0191  0.0192  0.0191  0.0190
  0.0195  0.0194  0.0192  0.0197  0.0195  0.0200  0.0194  0.0201  0.0192  0.0195  0.0193  0.0191
   -2.9711   -4.7363   15.6282   -6.7947  -10.8937   -1.3188
    7.6735   -4.8096   -6.6849    3.0086    8.1036   -6.4903
eta,q 0.98110 10.00842

---------------------------------------------------------------------
compute_vox2vox talsrcimg talsrcimg_to_711-2C_as_mni_average_305_t4 /opt/freesurfer/average/711-2C_as_mni_average_305
---------------------------------------------------------------------

freesurfer compute_vox2vox.c
Reading: talsrcimg.4dfp.ifh
Reading: talsrcimg_to_711-2C_as_mni_average_305_t4
Reading: /opt/freesurfer/average/711-2C_as_mni_average_305.4dfp.ifh
Writing: talsrcimg_to_711-2C_as_mni_average_305_t4_vox2vox.txt

start time Wed Mar 11 12:35:14 CET 2026
end		time Wed Mar 11 12:36:40 CET 2026

mpr2mni305 success

avi2talxfm orig_nu.mgz /opt/freesurfer/average/mni305.cor.mgz talsrcimg_to_711-2C_as_mni_average_305_t4_vox2vox.txt transforms/talairach.auto.xfm
avi2talxfm done
mv -f /out/sourcedata/freesurfer/sub-v2s16x51315_ses-1/mri/talsrcimg_to_711-2C_as_mni_average_305_t4_vox2vox.txt /out/sourcedata/freesurfer/sub-v2s16x51315_ses-1/mri/transforms/talsrcimg_to_711-2C_as_mni_average_305_t4_vox2vox.txt
lta_convert --src orig_nu.mgz --trg /opt/freesurfer/average/mni305.cor.mgz --inxfm transforms/talairach.auto.xfm --outlta transforms/talairach.auto.xfm.lta --subject fsaverage
7.3.2

--src: orig_nu.mgz src image (geometry).
--trg: /opt/freesurfer/average/mni305.cor.mgz trg image (geometry).
--inmni: transforms/talairach.auto.xfm input MNI/XFM transform.
--outlta: transforms/talairach.auto.xfm.lta output LTA.
--s: fsaverage subject name
 LTA read, type : 1
 1.06189   0.05442  -0.08748   9.50072;
-0.08178   1.00693   0.08038  -24.69742;
 0.08243  -0.02991   1.11298  -5.13910;
 0.00000   0.00000   0.00000   1.00000;
setting subject to fsaverage
Writing  LTA to file transforms/talairach.auto.xfm.lta...
lta_convert successful.
 
 
Started at Wed Mar 11 12:35:13 CET 2026
Ended   at Wed Mar 11 12:36:41 CET 2026
talairach_avi done
