/out/sourcedata/freesurfer/sub-v2s16x51312_ses-1/mri
/opt/freesurfer/bin/talairach_avi
--i orig_nu.mgz --xfm transforms/talairach.auto.xfm
talairach_avi 7.3.2
Linux dna043 5.14.0-427.37.1.el9_4.x86_64 #1 SMP PREEMPT_DYNAMIC Fri Sep 13 12:41:50 EDT 2024 x86_64 x86_64 x86_64 GNU/Linux
Wed Mar 11 12:09:32 CET 2026
mri_convert orig_nu.mgz talsrcimg.img 
reading from orig_nu.mgz...
TR=0.00, TE=0.00, TI=0.00, flip angle=0.00
i_ras = (-1, 0, -7.45058e-09)
j_ras = (0, 0, -1)
k_ras = (0, 1, 0)
writing to talsrcimg.img...
Analyze Output Matrix
-1.00000   0.00000   0.00000   132.70149;
 0.00000   0.00000   1.00000  -120.74137;
-0.00000  -1.00000   0.00000   113.00189;
 0.00000   0.00000   0.00000   1.00000;
--------------------
INFO: set hdr.hist.orient to -1
mpr2mni305 talsrcimg
Wed Mar 11 12:09:32 CET 2026
/opt/freesurfer/bin/mpr2mni305 talsrcimg
mpr2mni305 7.3.2
target=711-2C_as_mni_average_305

---------------------------------------------------------------------
analyzeto4dfp talsrcimg -O0 -y
---------------------------------------------------------------------

freesurfer ifh2hdr.c
Wed Mar 11 12:09:32 2026
Writing: talsrcimg.4dfp.hdr
freesurfer analyzeto4dfp.c
Reading: talsrcimg.hdr
header size 348 bytes
hdr.dime.datatype	offset=70	value=2
hdr.dime.bitpix		offset=72	value=8
hdr.hist.orient		offset=252	value=-1
dimensionality     4
dimensions       256       256       256         1
Reading: talsrcimg.img
Writing: talsrcimg.4dfp.img
Writing: talsrcimg.4dfp.ifh
ifh2hdr talsrcimg -r0to187
ori=2

---------------------------------------------------------------------
gauss_4dfp talsrcimg 1.1
---------------------------------------------------------------------

freesurfer gauss_4dfp.c
Reading: talsrcimg.4dfp.img
Writing: talsrcimg_g11.4dfp.img
image dimensions 256 256 256 padded to 288 288 288
processing volume 1freesurfer ifh2hdr.c
Wed Mar 11 12:09:34 2026
Writing: talsrcimg_g11.4dfp.hdr

Writing: talsrcimg_g11.4dfp.ifh
including: talsrcimg.4dfp.img.rec in talsrcimg_g11.4dfp.img.rec

---------------------------------------------------------------------
imgreg_4dfp /opt/freesurfer/average/711-2C_as_mni_average_305 none talsrcimg_g11 none talsrcimg_to_711-2C_as_mni_average_305_t4 4355
---------------------------------------------------------------------

freesurfer imgreg_4dfp.c
/opt/freesurfer/average/711-2C_as_mni_average_305.4dfp.img
       256       256       256         1
  1.000000  1.000000  1.000000
orientation T byte_order littleendian
Reading image: /opt/freesurfer/average/711-2C_as_mni_average_305.4dfp.img
dimensions:      256       256       256
mmppix:       1.0000   -1.0000   -1.0000
center:     128.0000 -129.0000 -129.0000
talsrcimg_g11.4dfp.img
       256       256       256         1
  1.000000  1.000000  1.000000
orientation T byte_order littleendian
Reading image: talsrcimg_g11.4dfp.img
dimensions:      256       256       256
mmppix:       1.0000   -1.0000   -1.0000
center:     128.0000 -129.0000 -129.0000
t4_read: open error in t4_sub.f l:  41 t4_file(1:l)talsrcimg_to_711-2C_as_mni_average_305_t4 
t4_read: transform initialized to I4
rotation matrix determinant  1.000000
image alignment mode   4355 decimal     1103 hex
   -7.5000  -45.0000  -45.0000 9617.0479   11.2439
    0.0000  -45.0000  -45.000010026.6172   11.2395
    7.5000  -45.0000  -45.0000 9596.8291   11.2508
   -7.5000  -37.5000  -45.0000 9992.6504   11.1160
    0.0000  -37.5000  -45.000010407.5010   11.1155
    7.5000  -37.5000  -45.0000 9949.9375   11.1257
   -7.5000  -30.0000  -45.000010701.5742   10.9109
    0.0000  -30.0000  -45.000011151.4619   10.9121
    7.5000  -30.0000  -45.000010655.0586   10.9212
   -7.5000  -22.5000  -45.000011421.0732   10.7266
    0.0000  -22.5000  -45.000011902.5322   10.7268
    7.5000  -22.5000  -45.000011380.5762   10.7363
   -7.5000  -15.0000  -45.000012125.8770   10.5550
    0.0000  -15.0000  -45.000012612.4980   10.5542
    7.5000  -15.0000  -45.000012075.0908   10.5658
   -7.5000   -7.5000  -45.000012741.6094   10.3979
    0.0000   -7.5000  -45.000013275.8896   10.3991
    7.5000   -7.5000  -45.000012691.4434   10.4124
   -7.5000    0.0000  -45.000013267.2607   10.3263
    0.0000    0.0000  -45.000013828.2842   10.3305
    7.5000    0.0000  -45.000013235.6104   10.3432
   -7.5000    7.5000  -45.000012738.6182   10.4000
    0.0000    7.5000  -45.000013284.4873   10.4061
    7.5000    7.5000  -45.000012721.8896   10.4164
   -7.5000   15.0000  -45.000012194.3984   10.5513
    0.0000   15.0000  -45.000012716.4678   10.5558
    7.5000   15.0000  -45.000012166.6777   10.5641
   -7.5000   22.5000  -45.000011539.9053   10.7115
    0.0000   22.5000  -45.000012022.7715   10.7119
    7.5000   22.5000  -45.000011483.1299   10.7209
   -7.5000   30.0000  -45.000010766.9434   10.7374
    0.0000   30.0000  -45.000011223.1084   10.7344
    7.5000   30.0000  -45.000010723.9053   10.7470
   -7.5000   37.5000  -45.000010390.1416   10.8421
    0.0000   37.5000  -45.000010854.8799   10.8400
    7.5000   37.5000  -45.000010358.6846   10.8567
   -7.5000   45.0000  -45.0000 9680.0537   10.7361
    0.0000   45.0000  -45.000010127.8994   10.7379
    7.5000   45.0000  -45.0000 9656.2070   10.7571
   -7.5000  -45.0000  -37.500010104.4248   11.0732
    0.0000  -45.0000  -37.500010531.8730   11.0710
    7.5000  -45.0000  -37.500010073.9775   11.0831
   -7.5000  -37.5000  -37.500010501.5840   10.9427
    0.0000  -37.5000  -37.500010940.2920   10.9436
    7.5000  -37.5000  -37.500010447.2637   10.9543
   -7.5000  -30.0000  -37.500011249.6113   10.7379
    0.0000  -30.0000  -37.500011709.7617   10.7404
    7.5000  -30.0000  -37.500011183.8418   10.7495
   -7.5000  -22.5000  -37.500011992.0635   10.5541
    0.0000  -22.5000  -37.500012483.2158   10.5557
    7.5000  -22.5000  -37.500011924.5049   10.5654
   -7.5000  -15.0000  -37.500012739.2500   10.3831
    0.0000  -15.0000  -37.500013230.6680   10.3842
    7.5000  -15.0000  -37.500012645.2109   10.3962
   -7.5000   -7.5000  -37.500013378.4180   10.2267
    0.0000   -7.5000  -37.500013921.6025   10.2298
    7.5000   -7.5000  -37.500013304.5859   10.2439
   -7.5000    0.0000  -37.500013892.8027   10.1552
    0.0000    0.0000  -37.500014468.3887   10.1611
    7.5000    0.0000  -37.500013855.2939   10.1745
   -7.5000    7.5000  -37.500013366.6621   10.2261
    0.0000    7.5000  -37.500013924.1357   10.2334
    7.5000    7.5000  -37.500013320.6602   10.2441
   -7.5000   15.0000  -37.500012793.2842   10.3721
    0.0000   15.0000  -37.500013333.9258   10.3779
    7.5000   15.0000  -37.500012734.7607   10.3861
   -7.5000   22.5000  -37.500012115.8291   10.5283
    0.0000   22.5000  -37.500012604.4932   10.5303
    7.5000   22.5000  -37.500012021.0303   10.5393
   -7.5000   30.0000  -37.500011271.7705   10.5540
    0.0000   30.0000  -37.500011742.2549   10.5531
    7.5000   30.0000  -37.500011205.0371   10.5659
   -7.5000   37.5000  -37.500010864.6201   10.6573
    0.0000   37.5000  -37.500011342.2725   10.6575
    7.5000   37.5000  -37.500010822.4229   10.6748
   -7.5000   45.0000  -37.500010109.4590   10.5546
    0.0000   45.0000  -37.500010573.3428   10.5584
    7.5000   45.0000  -37.500010081.4951   10.5780
   -7.5000  -45.0000  -30.000010775.7734   11.4189
    0.0000  -45.0000  -30.000011215.5273   11.4183
    7.5000  -45.0000  -30.000010717.5117   11.4280
   -7.5000  -37.5000  -30.000011195.1562   11.2811
    0.0000  -37.5000  -30.000011635.4150   11.2831
    7.5000  -37.5000  -30.000011105.0840   11.2908
   -7.5000  -30.0000  -30.000011982.8848   11.0654
    0.0000  -30.0000  -30.000012465.7637   11.0687
    7.5000  -30.0000  -30.000011892.0186   11.0755
   -7.5000  -22.5000  -30.000012777.1367   10.8700
    0.0000  -22.5000  -30.000013278.0342   10.8732
    7.5000  -22.5000  -30.000012671.5693   10.8816
   -7.5000  -15.0000  -30.000013568.2207   10.6901
    0.0000  -15.0000  -30.000014081.8701   10.6934
    7.5000  -15.0000  -30.000013444.5469   10.7048
   -7.5000   -7.5000  -30.000014248.4521   10.5289
    0.0000   -7.5000  -30.000014807.8984   10.5343
    7.5000   -7.5000  -30.000014148.2529   10.5474
   -7.5000    0.0000  -30.000014815.6162   10.4574
    0.0000    0.0000  -30.000015385.9365   10.4651
    7.5000    0.0000  -30.000014695.4961   10.4766
   -7.5000    7.5000  -30.000014252.4795   10.5301
    0.0000    7.5000  -30.000014812.9473   10.5386
    7.5000    7.5000  -30.000014129.9570   10.5468
   -7.5000   15.0000  -30.000013624.3682   10.6757
    0.0000   15.0000  -30.000014164.8506   10.6824
    7.5000   15.0000  -30.000013509.8438   10.6886
   -7.5000   22.5000  -30.000012897.1162   10.8299
    0.0000   22.5000  -30.000013399.0752   10.8334
    7.5000   22.5000  -30.000012791.6475   10.8412
   -7.5000   30.0000  -30.000011991.2246   10.8559
    0.0000   30.0000  -30.000012467.1260   10.8572
    7.5000   30.0000  -30.000011914.2129   10.8695
   -7.5000   37.5000  -30.000011532.8779   10.9636
    0.0000   37.5000  -30.000012022.4365   10.9662
    7.5000   37.5000  -30.000011495.7686   10.9824
   -7.5000   45.0000  -30.000010722.1133   10.8685
    0.0000   45.0000  -30.000011195.2002   10.8744
    7.5000   45.0000  -30.000010689.4551   10.8919
   -7.5000  -45.0000  -22.500011471.4277   11.6866
    0.0000  -45.0000  -22.500011917.7734   11.6853
    7.5000  -45.0000  -22.500011358.4365   11.6913
   -7.5000  -37.5000  -22.500011906.4404   11.5428
    0.0000  -37.5000  -22.500012355.6055   11.5439
    7.5000  -37.5000  -22.500011771.5117   11.5482
   -7.5000  -30.0000  -22.500012747.4473   11.3172
    0.0000  -30.0000  -22.500013251.5332   11.3199
    7.5000  -30.0000  -22.500012624.0381   11.3245
   -7.5000  -22.5000  -22.500013622.2705   11.1108
    0.0000  -22.5000  -22.500014128.7080   11.1138
    7.5000  -22.5000  -22.500013476.8926   11.1210
   -7.5000  -15.0000  -22.500014432.1367   10.9226
    0.0000  -15.0000  -22.500014997.1914   10.9259
    7.5000  -15.0000  -22.500014306.9707   10.9360
   -7.5000   -7.5000  -22.500015158.0068   10.7574
    0.0000   -7.5000  -22.500015757.8594   10.7626
    7.5000   -7.5000  -22.500015050.6113   10.7735
   -7.5000    0.0000  -22.500015758.6699   10.6880
    0.0000    0.0000  -22.500016361.3828   10.6954
    7.5000    0.0000  -22.500015593.4590   10.7040
   -7.5000    7.5000  -22.500015162.6094   10.7624
    0.0000    7.5000  -22.500015743.9033   10.7704
    7.5000    7.5000  -22.500014982.4473   10.7758
   -7.5000   15.0000  -22.500014463.7207   10.9069
    0.0000   15.0000  -22.500015020.8984   10.9132
    7.5000   15.0000  -22.500014314.7773   10.9174
   -7.5000   22.5000  -22.500013670.5459   11.0573
    0.0000   22.5000  -22.500014207.6104   11.0608
    7.5000   22.5000  -22.500013560.5625   11.0674
   -7.5000   30.0000  -22.500012731.0977   11.0832
    0.0000   30.0000  -22.500013223.9443   11.0846
    7.5000   30.0000  -22.500012639.5205   11.0954
   -7.5000   37.5000  -22.500012271.2207   11.1953
    0.0000   37.5000  -22.500012742.4473   11.1978
    7.5000   37.5000  -22.500012183.5918   11.2115
   -7.5000   45.0000  -22.500011383.1035   11.1080
    0.0000   45.0000  -22.500011845.2656   11.1137
    7.5000   45.0000  -22.500011321.4609   11.1280
   -7.5000  -45.0000  -15.000012179.9033   11.8176
    0.0000  -45.0000  -15.000012644.6289   11.8142
    7.5000  -45.0000  -15.000012028.5439   11.8194
   -7.5000  -37.5000  -15.000012641.4258   11.6681
    0.0000  -37.5000  -15.000013113.1924   11.6677
    7.5000  -37.5000  -15.000012472.4688   11.6717
   -7.5000  -30.0000  -15.000013558.3994   11.4371
    0.0000  -30.0000  -15.000014076.2686   11.4385
    7.5000  -30.0000  -15.000013378.1768   11.4434
   -7.5000  -22.5000  -15.000014487.0752   11.2250
    0.0000  -22.5000  -15.000015039.3018   11.2266
    7.5000  -22.5000  -15.000014311.2275   11.2341
   -7.5000  -15.0000  -15.000015344.6758   11.0314
    0.0000  -15.0000  -15.000015982.3457   11.0331
    7.5000  -15.0000  -15.000015217.1572   11.0430
   -7.5000   -7.5000  -15.000016141.2402   10.8631
    0.0000   -7.5000  -15.000016806.1855   10.8665
    7.5000   -7.5000  -15.000016004.0283   10.8767
   -7.5000    0.0000  -15.000016792.6074   10.7936
    0.0000    0.0000  -15.000017456.3008   10.7994
    7.5000    0.0000  -15.000016548.8867   10.8073
   -7.5000    7.5000  -15.000016156.5410   10.8684
    0.0000    7.5000  -15.000016764.2266   10.8753
    7.5000    7.5000  -15.000015876.2930   10.8804
   -7.5000   15.0000  -15.000015366.9863   11.0135
    0.0000   15.0000  -15.000015945.8184   11.0187
    7.5000   15.0000  -15.000015148.8086   11.0231
   -7.5000   22.5000  -15.000014504.3193   11.1631
    0.0000   22.5000  -15.000015052.2070   11.1652
    7.5000   22.5000  -15.000014325.2988   11.1721
   -7.5000   30.0000  -15.000013508.7773   11.1888
    0.0000   30.0000  -15.000014018.0488   11.1885
    7.5000   30.0000  -15.000013368.1201   11.1992
   -7.5000   37.5000  -15.000013041.6816   11.3012
    0.0000   37.5000  -15.000013533.8770   11.3016
    7.5000   37.5000  -15.000012913.0127   11.3147
   -7.5000   45.0000  -15.000012122.8047   11.2177
    0.0000   45.0000  -15.000012581.8506   11.2215
    7.5000   45.0000  -15.000012004.9932   11.2352
   -7.5000  -45.0000   -7.500012885.2451   11.8157
    0.0000  -45.0000   -7.500013359.3438   11.8107
    7.5000  -45.0000   -7.500012709.9902   11.8186
   -7.5000  -37.5000   -7.500013405.7607   11.6611
    0.0000  -37.5000   -7.500013875.0850   11.6597
    7.5000  -37.5000   -7.500013191.3174   11.6670
   -7.5000  -30.0000   -7.500014406.4795   11.4292
    0.0000  -30.0000   -7.500014915.0059   11.4299
    7.5000  -30.0000   -7.500014166.6357   11.4374
   -7.5000  -22.5000   -7.500015409.7227   11.2181
    0.0000  -22.5000   -7.500015977.6738   11.2184
    7.5000  -22.5000   -7.500015172.8730   11.2276
   -7.5000  -15.0000   -7.500016372.0469   11.0245
    0.0000  -15.0000   -7.500017049.5781   11.0243
    7.5000  -15.0000   -7.500016173.8252   11.0354
   -7.5000   -7.5000   -7.500017291.0098   10.8546
    0.0000   -7.5000   -7.500017986.9648   10.8562
    7.5000   -7.5000   -7.500017003.0273   10.8682
   -7.5000    0.0000   -7.500017980.4512   10.7825
    0.0000    0.0000   -7.500018648.6445   10.7869
    7.5000    0.0000   -7.500017553.6016   10.7973
   -7.5000    7.5000   -7.500017237.2148   10.8559
    0.0000    7.5000   -7.500017848.2324   10.8619
    7.5000    7.5000   -7.500016828.5586   10.8699
   -7.5000   15.0000   -7.500016373.3438   11.0022
    0.0000   15.0000   -7.500016946.6992   11.0067
    7.5000   15.0000   -7.500016042.2568   11.0136
   -7.5000   22.5000   -7.500015429.6582   11.1530
    0.0000   22.5000   -7.500015972.4131   11.1539
    7.5000   22.5000   -7.500015171.7988   11.1624
   -7.5000   30.0000   -7.500014377.2705   11.1798
    0.0000   30.0000   -7.500014897.3994   11.1775
    7.5000   30.0000   -7.500014171.3721   11.1895
   -7.5000   37.5000   -7.500013872.8184   11.2886
    0.0000   37.5000   -7.500014389.0654   11.2870
    7.5000   37.5000   -7.500013693.3477   11.3020
   -7.5000   45.0000   -7.500012892.6543   11.2035
    0.0000   45.0000   -7.500013381.7666   11.2057
    7.5000   45.0000   -7.500012741.2930   11.2222
   -7.5000  -45.0000    0.000013498.1973   11.8209
    0.0000  -45.0000    0.000013958.9854   11.8161
    7.5000  -45.0000    0.000013267.4355   11.8281
   -7.5000  -37.5000    0.000014070.1934   11.6649
    0.0000  -37.5000    0.000014527.3359   11.6640
    7.5000  -37.5000    0.000013778.4756   11.6752
   -7.5000  -30.0000    0.000015172.5146   11.4345
    0.0000  -30.0000    0.000015667.3760   11.4356
    7.5000  -30.0000    0.000014838.2842   11.4459
   -7.5000  -22.5000    0.000016309.4092   11.2267
    0.0000  -22.5000    0.000016887.7031   11.2270
    7.5000  -22.5000    0.000015945.8828   11.2379
   -7.5000  -15.0000    0.000017466.7598   11.0339
    0.0000  -15.0000    0.000018168.0137   11.0335
    7.5000  -15.0000    0.000017060.0039   11.0462
   -7.5000   -7.5000    0.000018494.0664   10.8617
    0.0000   -7.5000    0.000019190.8047   10.8633
    7.5000   -7.5000    0.000017932.8965   10.8777
   -7.5000    0.0000    0.000019107.3027   10.7865
    0.0000    0.0000    0.000019699.5996   10.7911
    7.5000    0.0000    0.000018436.0020   10.8049
   -7.5000    7.5000    0.000018207.1426   10.8586
    0.0000    7.5000    0.000018747.1523   10.8651
    7.5000    7.5000    0.000017657.1797   10.8765
   -7.5000   15.0000    0.000017306.5625   11.0069
    0.0000   15.0000    0.000017835.9141   11.0118
    7.5000   15.0000    0.000016848.1133   11.0213
   -7.5000   22.5000    0.000016307.3916   11.1618
    0.0000   22.5000    0.000016827.6543   11.1628
    7.5000   22.5000    0.000015945.9912   11.1729
   -7.5000   30.0000    0.000015198.1650   11.1910
    0.0000   30.0000    0.000015720.3242   11.1885
    7.5000   30.0000    0.000014914.2354   11.2022
   -7.5000   37.5000    0.000014641.1064   11.2983
    0.0000   37.5000    0.000015188.6699   11.2968
    7.5000   37.5000    0.000014424.8564   11.3145
   -7.5000   45.0000    0.000013590.6787   11.2110
    0.0000   45.0000    0.000014113.9512   11.2134
    7.5000   45.0000    0.000013419.0410   11.2335
   -7.5000  -45.0000    7.500013049.3779   11.8506
    0.0000  -45.0000    7.500013451.0986   11.8477
    7.5000  -45.0000    7.500012770.7812   11.8605
   -7.5000  -37.5000    7.500013598.5654   11.6944
    0.0000  -37.5000    7.500014006.8633   11.6950
    7.5000  -37.5000    7.500013287.9453   11.7065
   -7.5000  -30.0000    7.500014714.5479   11.4637
    0.0000  -30.0000    7.500015161.3066   11.4660
    7.5000  -30.0000    7.500014341.1943   11.4761
   -7.5000  -22.5000    7.500015988.4746   11.2558
    0.0000  -22.5000    7.500016517.2832   11.2575
    7.5000  -22.5000    7.500015498.7217   11.2682
   -7.5000  -15.0000    7.500017270.0156   11.0629
    0.0000  -15.0000    7.500017952.7988   11.0643
    7.5000  -15.0000    7.500016660.7285   11.0773
   -7.5000   -7.5000    7.500018230.1895   10.8908
    0.0000   -7.5000    7.500018891.7441   10.8942
    7.5000   -7.5000    7.500017532.2598   10.9094
   -7.5000    0.0000    7.500018619.9668   10.8157
    0.0000    0.0000    7.500019138.0645   10.8220
    7.5000    0.0000    7.500017945.6699   10.8365
   -7.5000    7.5000    7.500017704.9414   10.8876
    0.0000    7.5000    7.500018174.6719   10.8953
    7.5000    7.5000    7.500017132.8418   10.9070
   -7.5000   15.0000    7.500016898.5391   11.0355
    0.0000   15.0000    7.500017377.9668   11.0416
    7.5000   15.0000    7.500016348.5703   11.0508
   -7.5000   22.5000    7.500015955.3623   11.1907
    0.0000   22.5000    7.500016420.8047   11.1929
    7.5000   22.5000    7.500015439.1182   11.2029
   -7.5000   30.0000    7.500014873.8252   11.2203
    0.0000   30.0000    7.500015342.4814   11.2197
    7.5000   30.0000    7.500014429.6260   11.2336
   -7.5000   37.5000    7.500014314.4961   11.3287
    0.0000   37.5000    7.500014807.5967   11.3293
    7.5000   37.5000    7.500013952.3779   11.3478
   -7.5000   45.0000    7.500013279.7627   11.2417
    0.0000   45.0000    7.500013768.0361   11.2459
    7.5000   45.0000    7.500012990.1934   11.2668
   -7.5000  -45.0000   15.000012485.8154   11.9894
    0.0000  -45.0000   15.000012873.6748   11.9883
    7.5000  -45.0000   15.000012242.0918   11.9984
   -7.5000  -37.5000   15.000012991.1465   11.8339
    0.0000  -37.5000   15.000013385.0459   11.8355
    7.5000  -37.5000   15.000012748.2871   11.8437
   -7.5000  -30.0000   15.000014093.1562   11.6010
    0.0000  -30.0000   15.000014523.3486   11.6041
    7.5000  -30.0000   15.000013762.1182   11.6114
   -7.5000  -22.5000   15.000015417.2607   11.3894
    0.0000  -22.5000   15.000015957.4219   11.3925
    7.5000  -22.5000   15.000014871.7656   11.4016
   -7.5000  -15.0000   15.000016775.0410   11.1946
    0.0000  -15.0000   15.000017455.5820   11.1979
    7.5000  -15.0000   15.000016005.0723   11.2100
   -7.5000   -7.5000   15.000017779.3672   11.0233
    0.0000   -7.5000   15.000018396.0566   11.0287
    7.5000   -7.5000   15.000016834.4668   11.0425
   -7.5000    0.0000   15.000018144.4473   10.9508
    0.0000    0.0000   15.000018605.5938   10.9586
    7.5000    0.0000   15.000017220.8750   10.9709
   -7.5000    7.5000   15.000017193.2598   11.0238
    0.0000    7.5000   15.000017624.2168   11.0324
    7.5000    7.5000   15.000016409.6914   11.0412
   -7.5000   15.0000   15.000016339.1201   11.1695
    0.0000   15.0000   15.000016785.1387   11.1763
    7.5000   15.0000   15.000015639.5508   11.1831
   -7.5000   22.5000   15.000015370.6338   11.3210
    0.0000   22.5000   15.000015814.2783   11.3247
    7.5000   22.5000   15.000014771.3447   11.3330
   -7.5000   30.0000   15.000014317.4570   11.3476
    0.0000   30.0000   15.000014757.1094   11.3491
    7.5000   30.0000   15.000013814.9824   11.3620
   -7.5000   37.5000   15.000013808.0312   11.4583
    0.0000   37.5000   15.000014262.6582   11.4611
    7.5000   37.5000   15.000013379.7617   11.4780
   -7.5000   45.0000   15.000012814.8770   11.3719
    0.0000   45.0000   15.000013271.2402   11.3781
    7.5000   45.0000   15.000012471.6484   11.3963
   -7.5000  -45.0000   22.500011900.0752   12.1850
    0.0000  -45.0000   22.500012280.8447   12.1838
    7.5000  -45.0000   22.500011666.6768   12.1903
   -7.5000  -37.5000   22.500012439.7383   12.0291
    0.0000  -37.5000   22.500012793.5996   12.0304
    7.5000  -37.5000   22.500012124.7861   12.0353
   -7.5000  -30.0000   22.500013510.5391   11.7936
    0.0000  -30.0000   22.500013883.6748   11.7966
    7.5000  -30.0000   22.500013079.2627   11.8017
   -7.5000  -22.5000   22.500014715.8965   11.5777
    0.0000  -22.5000   22.500015169.7686   11.5810
    7.5000  -22.5000   22.500014111.7354   11.5888
   -7.5000  -15.0000   22.500015899.3848   11.3809
    0.0000  -15.0000   22.500016485.0469   11.3845
    7.5000  -15.0000   22.500015143.6689   11.3953
   -7.5000   -7.5000   22.500016818.7520   11.2105
    0.0000   -7.5000   22.500017361.7012   11.2160
    7.5000   -7.5000   22.500015954.2803   11.2276
   -7.5000    0.0000   22.500017270.6035   11.1412
    0.0000    0.0000   22.500017713.2832   11.1489
    7.5000    0.0000   22.500016382.8457   11.1582
   -7.5000    7.5000   22.500016435.9824   11.2152
    0.0000    7.5000   22.500016864.4512   11.2237
    7.5000    7.5000   22.500015644.9297   11.2296
   -7.5000   15.0000   22.500015579.8115   11.3582
    0.0000   15.0000   22.500016013.3770   11.3649
    7.5000   15.0000   22.500014912.4150   11.3697
   -7.5000   22.5000   22.500014615.8350   11.5048
    0.0000   22.5000   22.500015061.6172   11.5087
    7.5000   22.5000   22.500014069.9688   11.5158
   -7.5000   30.0000   22.500013612.3203   11.5265
    0.0000   30.0000   22.500014036.7012   11.5282
    7.5000   30.0000   22.500013144.7393   11.5397
   -7.5000   37.5000   22.500013142.2656   11.6387
    0.0000   37.5000   22.500013575.3018   11.6415
    7.5000   37.5000   22.500012742.0439   11.6560
   -7.5000   45.0000   22.500012183.2773   11.5515
    0.0000   45.0000   22.500012605.7168   11.5576
    7.5000   45.0000   22.500011874.7783   11.5726
   -7.5000  -45.0000   30.000011279.9199   12.3788
    0.0000  -45.0000   30.000011621.4326   12.3757
    7.5000  -45.0000   30.000010978.7832   12.3817
   -7.5000  -37.5000   30.000011760.5781   12.2208
    0.0000  -37.5000   30.000012084.8916   12.2208
    7.5000  -37.5000   30.000011413.7100   12.2255
   -7.5000  -30.0000   30.000012709.0684   11.9846
    0.0000  -30.0000   30.000013048.2559   11.9865
    7.5000  -30.0000   30.000012289.7920   11.9920
   -7.5000  -22.5000   30.000013705.8438   11.7675
    0.0000  -22.5000   30.000014116.4014   11.7695
    7.5000  -22.5000   30.000013253.6523   11.7777
   -7.5000  -15.0000   30.000014634.1309   11.5698
    0.0000  -15.0000   30.000015146.9043   11.5717
    7.5000  -15.0000   30.000014180.9365   11.5825
   -7.5000   -7.5000   30.000015409.5381   11.3986
    0.0000   -7.5000   30.000015925.0879   11.4023
    7.5000   -7.5000   30.000014947.0654   11.4136
   -7.5000    0.0000   30.000015910.5400   11.3297
    0.0000    0.0000   30.000016407.4492   11.3360
    7.5000    0.0000   30.000015444.9697   11.3448
   -7.5000    7.5000   30.000015274.1064   11.4038
    0.0000    7.5000   30.000015757.2217   11.4113
    7.5000    7.5000   30.000014808.4688   11.4172
   -7.5000   15.0000   30.000014570.1494   11.5459
    0.0000   15.0000   30.000015026.1924   11.5518
    7.5000   15.0000   30.000014111.7793   11.5569
   -7.5000   22.5000   30.000013734.3145   11.6907
    0.0000   22.5000   30.000014149.3809   11.6933
    7.5000   22.5000   30.000013306.0000   11.7009
   -7.5000   30.0000   30.000012820.9863   11.7081
    0.0000   30.0000   30.000013217.8184   11.7080
    7.5000   30.0000   30.000012422.2510   11.7195
   -7.5000   37.5000   30.000012374.8232   11.8191
    0.0000   37.5000   30.000012790.8848   11.8199
    7.5000   37.5000   30.000012031.8975   11.8338
   -7.5000   45.0000   30.000011435.6455   11.7275
    0.0000   45.0000   30.000011848.1484   11.7320
    7.5000   45.0000   30.000011182.3496   11.7464
   -7.5000  -45.0000   37.500010899.1318   12.6364
    0.0000  -45.0000   37.500011271.0977   12.6317
    7.5000  -45.0000   37.500010677.7744   12.6414
   -7.5000  -37.5000   37.500011328.7607   12.4735
    0.0000  -37.5000   37.500011719.5752   12.4727
    7.5000  -37.5000   37.500011109.5537   12.4814
   -7.5000  -30.0000   37.500012225.8340   12.2374
    0.0000  -30.0000   37.500012657.4736   12.2386
    7.5000  -30.0000   37.500011982.4980   12.2473
   -7.5000  -22.5000   37.500013150.4814   12.0219
    0.0000  -22.5000   37.500013617.3662   12.0225
    7.5000  -22.5000   37.500012893.3496   12.0331
   -7.5000  -15.0000   37.500014007.3545   11.8232
    0.0000  -15.0000   37.500014521.7861   11.8230
    7.5000  -15.0000   37.500013739.5039   11.8358
   -7.5000   -7.5000   37.500014733.2715   11.6476
    0.0000   -7.5000   37.500015260.4727   11.6494
    7.5000   -7.5000   37.500014475.4424   11.6632
   -7.5000    0.0000   37.500015279.1777   11.5750
    0.0000    0.0000   37.500015789.6865   11.5800
    7.5000    0.0000   37.500014980.8896   11.5921
   -7.5000    7.5000   37.500014723.2217   11.6483
    0.0000    7.5000   37.500015212.5615   11.6551
    7.5000    7.5000   37.500014404.4980   11.6645
   -7.5000   15.0000   37.500014090.2285   11.7923
    0.0000   15.0000   37.500014543.2070   11.7976
    7.5000   15.0000   37.500013758.7979   11.8058
   -7.5000   22.5000   37.500013326.1182   11.9405
    0.0000   22.5000   37.500013739.4111   11.9419
    7.5000   22.5000   37.500012986.8232   11.9517
   -7.5000   30.0000   37.500012447.3330   11.9559
    0.0000   30.0000   37.500012852.2422   11.9538
    7.5000   30.0000   37.500012143.1875   11.9673
   -7.5000   37.5000   37.500012009.5059   12.0642
    0.0000   37.5000   37.500012427.9033   12.0629
    7.5000   37.5000   37.500011758.6992   12.0795
   -7.5000   45.0000   37.500011090.5469   11.9647
    0.0000   45.0000   37.500011489.9268   11.9675
    7.5000   45.0000   37.500010898.2969   11.9855
   -7.5000  -45.0000   45.000010038.2402   12.9404
    0.0000  -45.0000   45.000010426.0674   12.9359
    7.5000  -45.0000   45.0000 9917.9541   12.9516
   -7.5000  -37.5000   45.000010451.4795   12.7706
    0.0000  -37.5000   45.000010864.6748   12.7707
    7.5000  -37.5000   45.000010339.2480   12.7852
   -7.5000  -30.0000   45.000011274.4629   12.5326
    0.0000  -30.0000   45.000011740.1387   12.5347
    7.5000  -30.0000   45.000011171.5527   12.5479
   -7.5000  -22.5000   45.000012125.9160   12.3179
    0.0000  -22.5000   45.000012596.4717   12.3187
    7.5000  -22.5000   45.000011998.3311   12.3324
   -7.5000  -15.0000   45.000012903.3457   12.1171
    0.0000  -15.0000   45.000013370.2891   12.1166
    7.5000  -15.0000   45.000012744.3359   12.1324
   -7.5000   -7.5000   45.000013583.6084   11.9359
    0.0000   -7.5000   45.000014073.0391   11.9375
    7.5000   -7.5000   45.000013425.3701   11.9554
   -7.5000    0.0000   45.000014134.8926   11.8583
    0.0000    0.0000   45.000014620.2959   11.8638
    7.5000    0.0000   45.000013929.7588   11.8810
   -7.5000    7.5000   45.000013635.1328   11.9306
    0.0000    7.5000   45.000014093.7002   11.9384
    7.5000    7.5000   45.000013405.3027   11.9529
   -7.5000   15.0000   45.000013061.7451   12.0776
    0.0000   15.0000   45.000013484.3955   12.0839
    7.5000   15.0000   45.000012803.2334   12.0961
   -7.5000   22.5000   45.000012366.5195   12.2313
    0.0000   22.5000   45.000012757.9316   12.2330
    7.5000   22.5000   45.000012113.2139   12.2458
   -7.5000   30.0000   45.000011551.4043   12.2458
    0.0000   30.0000   45.000011933.5293   12.2435
    7.5000   30.0000   45.000011333.7422   12.2601
   -7.5000   37.5000   45.000011155.9473   12.3529
    0.0000   37.5000   45.000011545.1328   12.3516
    7.5000   37.5000   45.000010965.1719   12.3727
   -7.5000   45.0000   45.000010300.5283   12.2525
    0.0000   45.0000   45.000010666.7705   12.2557
    7.5000   45.0000   45.000010158.5908   12.2792

---------------------------------------------------------------------
imgreg_4dfp /opt/freesurfer/average/711-2C_as_mni_average_305 /opt/freesurfer/average/711-2B_as_mni_average_305_mask talsrcimg_g11 none talsrcimg_to_711-2C_as_mni_average_305_t4 4355
---------------------------------------------------------------------

freesurfer imgreg_4dfp.c
/opt/freesurfer/average/711-2C_as_mni_average_305.4dfp.img
       256       256       256         1
  1.000000  1.000000  1.000000
orientation T byte_order littleendian
Reading image: /opt/freesurfer/average/711-2C_as_mni_average_305.4dfp.img
dimensions:      256       256       256
mmppix:       1.0000   -1.0000   -1.0000
center:     128.0000 -129.0000 -129.0000
/opt/freesurfer/average/711-2B_as_mni_average_305_mask.4dfp.img
       256       256       256         1
  1.000000  1.000000  1.000000
orientation T byte_order littleendian
Reading mask: /opt/freesurfer/average/711-2B_as_mni_average_305_mask.4dfp.img (2306576 pixels)
talsrcimg_g11.4dfp.img
       256       256       256         1
  1.000000  1.000000  1.000000
orientation T byte_order littleendian
Reading image: talsrcimg_g11.4dfp.img
dimensions:      256       256       256
mmppix:       1.0000   -1.0000   -1.0000
center:     128.0000 -129.0000 -129.0000
rotation matrix determinant  1.000000
image alignment mode   4355 decimal     1103 hex
   -7.5000  -45.0000  -45.0000 2495.6328   17.4185
    0.0000  -45.0000  -45.0000 2498.8618   17.4150
    7.5000  -45.0000  -45.0000 2488.4001   17.4545
   -7.5000  -37.5000  -45.0000 2520.4309   16.7234
    0.0000  -37.5000  -45.0000 2520.6221   16.7139
    7.5000  -37.5000  -45.0000 2510.4851   16.7732
   -7.5000  -30.0000  -45.0000 2533.0601   16.2635
    0.0000  -30.0000  -45.0000 2538.0183   16.2638
    7.5000  -30.0000  -45.0000 2525.6931   16.3347
   -7.5000  -22.5000  -45.0000 2548.9854   16.0562
    0.0000  -22.5000  -45.0000 2554.4705   16.0620
    7.5000  -22.5000  -45.0000 2543.9229   16.1274
   -7.5000  -15.0000  -45.0000 2554.1799   15.9744
    0.0000  -15.0000  -45.0000 2558.7932   15.9388
    7.5000  -15.0000  -45.0000 2553.7056   16.0210
   -7.5000   -7.5000  -45.0000 2554.3118   15.9580
    0.0000   -7.5000  -45.0000 2563.0254   15.9309
    7.5000   -7.5000  -45.0000 2554.8618   15.9965
   -7.5000    0.0000  -45.0000 2555.4126   16.1044
    0.0000    0.0000  -45.0000 2561.0281   16.0721
    7.5000    0.0000  -45.0000 2547.6592   16.1551
   -7.5000    7.5000  -45.0000 2544.3811   16.3630
    0.0000    7.5000  -45.0000 2551.2900   16.3358
    7.5000    7.5000  -45.0000 2536.9775   16.3992
   -7.5000   15.0000  -45.0000 2532.8027   16.7916
    0.0000   15.0000  -45.0000 2539.0566   16.7678
    7.5000   15.0000  -45.0000 2519.1975   16.8335
   -7.5000   22.5000  -45.0000 2504.7769   17.3550
    0.0000   22.5000  -45.0000 2508.5591   17.3321
    7.5000   22.5000  -45.0000 2492.0107   17.3907
   -7.5000   30.0000  -45.0000 2468.1631   18.1092
    0.0000   30.0000  -45.0000 2466.1367   18.0220
    7.5000   30.0000  -45.0000 2455.8076   18.0975
   -7.5000   37.5000  -45.0000 2424.3967   19.0686
    0.0000   37.5000  -45.0000 2424.3398   18.9358
    7.5000   37.5000  -45.0000 2417.4197   19.0573
   -7.5000   45.0000  -45.0000 2382.9360   20.2767
    0.0000   45.0000  -45.0000 2379.5508   20.1672
    7.5000   45.0000  -45.0000 2370.8906   20.3173
   -7.5000  -45.0000  -37.5000 2565.1541   16.4317
    0.0000  -45.0000  -37.5000 2567.5779   16.4531
    7.5000  -45.0000  -37.5000 2557.8027   16.4378
   -7.5000  -37.5000  -37.5000 2594.4775   15.7244
    0.0000  -37.5000  -37.5000 2593.0923   15.7448
    7.5000  -37.5000  -37.5000 2581.5503   15.7684
   -7.5000  -30.0000  -37.5000 2613.4414   15.2628
    0.0000  -30.0000  -37.5000 2609.9570   15.2821
    7.5000  -30.0000  -37.5000 2597.1013   15.3447
   -7.5000  -22.5000  -37.5000 2621.3767   15.0298
    0.0000  -22.5000  -37.5000 2623.4785   15.0236
    7.5000  -22.5000  -37.5000 2609.4419   15.0797
   -7.5000  -15.0000  -37.5000 2627.5969   14.9096
    0.0000  -15.0000  -37.5000 2630.8147   14.8843
    7.5000  -15.0000  -37.5000 2620.5544   14.9625
   -7.5000   -7.5000  -37.5000 2631.3467   14.8572
    0.0000   -7.5000  -37.5000 2635.3577   14.8283
    7.5000   -7.5000  -37.5000 2624.5918   14.9128
   -7.5000    0.0000  -37.5000 2629.4846   14.9895
    0.0000    0.0000  -37.5000 2632.6970   14.9551
    7.5000    0.0000  -37.5000 2625.0952   15.0625
   -7.5000    7.5000  -37.5000 2621.8567   15.2352
    0.0000    7.5000  -37.5000 2627.4780   15.2048
    7.5000    7.5000  -37.5000 2617.2573   15.2880
   -7.5000   15.0000  -37.5000 2607.8362   15.6553
    0.0000   15.0000  -37.5000 2615.3062   15.6201
    7.5000   15.0000  -37.5000 2597.7507   15.6804
   -7.5000   22.5000  -37.5000 2583.4084   16.2007
    0.0000   22.5000  -37.5000 2584.6340   16.1387
    7.5000   22.5000  -37.5000 2565.2686   16.2006
   -7.5000   30.0000  -37.5000 2543.6941   16.9049
    0.0000   30.0000  -37.5000 2543.7292   16.8316
    7.5000   30.0000  -37.5000 2526.7966   16.9004
   -7.5000   37.5000  -37.5000 2501.0120   17.8298
    0.0000   37.5000  -37.5000 2500.4019   17.7411
    7.5000   37.5000  -37.5000 2488.6755   17.8229
   -7.5000   45.0000  -37.5000 2452.4612   18.9647
    0.0000   45.0000  -37.5000 2450.4277   18.8912
    7.5000   45.0000  -37.5000 2440.9805   18.9896
   -7.5000  -45.0000  -30.0000 2673.6016   16.1686
    0.0000  -45.0000  -30.0000 2677.1548   16.1599
    7.5000  -45.0000  -30.0000 2666.8716   16.1328
   -7.5000  -37.5000  -30.0000 2706.6392   15.4161
    0.0000  -37.5000  -30.0000 2703.6458   15.4295
    7.5000  -37.5000  -30.0000 2692.3611   15.4225
   -7.5000  -30.0000  -30.0000 2724.3081   14.8906
    0.0000  -30.0000  -30.0000 2720.0317   14.8898
    7.5000  -30.0000  -30.0000 2709.8462   14.9360
   -7.5000  -22.5000  -30.0000 2732.8906   14.5866
    0.0000  -22.5000  -30.0000 2733.9907   14.5976
    7.5000  -22.5000  -30.0000 2723.4707   14.6640
   -7.5000  -15.0000  -30.0000 2744.5007   14.4695
    0.0000  -15.0000  -30.0000 2746.8740   14.4540
    7.5000  -15.0000  -30.0000 2737.4397   14.5284
   -7.5000   -7.5000  -30.0000 2747.1062   14.4275
    0.0000   -7.5000  -30.0000 2750.0605   14.4109
    7.5000   -7.5000  -30.0000 2738.7136   14.4975
   -7.5000    0.0000  -30.0000 2751.7749   14.5504
    0.0000    0.0000  -30.0000 2751.6223   14.4859
    7.5000    0.0000  -30.0000 2740.0059   14.6113
   -7.5000    7.5000  -30.0000 2743.0049   14.7949
    0.0000    7.5000  -30.0000 2748.2144   14.7413
    7.5000    7.5000  -30.0000 2728.7898   14.8287
   -7.5000   15.0000  -30.0000 2728.8684   15.2006
    0.0000   15.0000  -30.0000 2729.5974   15.1458
    7.5000   15.0000  -30.0000 2706.2861   15.1869
   -7.5000   22.5000  -30.0000 2704.1870   15.7276
    0.0000   22.5000  -30.0000 2699.6750   15.6408
    7.5000   22.5000  -30.0000 2678.8442   15.6823
   -7.5000   30.0000  -30.0000 2661.4170   16.3850
    0.0000   30.0000  -30.0000 2658.4067   16.3188
    7.5000   30.0000  -30.0000 2637.7000   16.3945
   -7.5000   37.5000  -30.0000 2606.9316   17.2802
    0.0000   37.5000  -30.0000 2614.6162   17.2310
    7.5000   37.5000  -30.0000 2596.5894   17.3154
   -7.5000   45.0000  -30.0000 2556.9136   18.4075
    0.0000   45.0000  -30.0000 2563.1411   18.3975
    7.5000   45.0000  -30.0000 2545.4880   18.4743
   -7.5000  -45.0000  -22.5000 2750.7837   15.7768
    0.0000  -45.0000  -22.5000 2752.8096   15.7486
    7.5000  -45.0000  -22.5000 2740.3491   15.7256
   -7.5000  -37.5000  -22.5000 2784.8215   15.0221
    0.0000  -37.5000  -22.5000 2782.8333   14.9881
    7.5000  -37.5000  -22.5000 2772.9009   14.9855
   -7.5000  -30.0000  -22.5000 2805.6650   14.4615
    0.0000  -30.0000  -22.5000 2804.8875   14.4544
    7.5000  -30.0000  -22.5000 2798.3184   14.4812
   -7.5000  -22.5000  -22.5000 2820.4211   14.1006
    0.0000  -22.5000  -22.5000 2820.2754   14.0955
    7.5000  -22.5000  -22.5000 2811.7739   14.1600
   -7.5000  -15.0000  -22.5000 2833.9395   13.9087
    0.0000  -15.0000  -22.5000 2831.8418   13.9254
    7.5000  -15.0000  -22.5000 2823.6782   14.0024
   -7.5000   -7.5000  -22.5000 2838.9209   13.8929
    0.0000   -7.5000  -22.5000 2836.1394   13.8916
    7.5000   -7.5000  -22.5000 2830.3735   13.9857
   -7.5000    0.0000  -22.5000 2842.6819   14.0246
    0.0000    0.0000  -22.5000 2835.7346   13.9744
    7.5000    0.0000  -22.5000 2826.8584   14.0791
   -7.5000    7.5000  -22.5000 2831.8796   14.2555
    0.0000    7.5000  -22.5000 2832.2527   14.1873
    7.5000    7.5000  -22.5000 2815.0520   14.2831
   -7.5000   15.0000  -22.5000 2816.7446   14.6392
    0.0000   15.0000  -22.5000 2809.8147   14.5510
    7.5000   15.0000  -22.5000 2795.4580   14.6163
   -7.5000   22.5000  -22.5000 2789.6941   15.1202
    0.0000   22.5000  -22.5000 2783.4995   15.0273
    7.5000   22.5000  -22.5000 2767.0906   15.1209
   -7.5000   30.0000  -22.5000 2749.6965   15.7811
    0.0000   30.0000  -22.5000 2746.1755   15.6992
    7.5000   30.0000  -22.5000 2729.1243   15.8069
   -7.5000   37.5000  -22.5000 2700.3311   16.6538
    0.0000   37.5000  -22.5000 2699.7961   16.5866
    7.5000   37.5000  -22.5000 2685.0332   16.6990
   -7.5000   45.0000  -22.5000 2637.5378   17.7517
    0.0000   45.0000  -22.5000 2641.6833   17.7171
    7.5000   45.0000  -22.5000 2626.6768   17.8425
   -7.5000  -45.0000  -15.0000 2787.7664   15.4133
    0.0000  -45.0000  -15.0000 2792.7910   15.3295
    7.5000  -45.0000  -15.0000 2784.2859   15.3392
   -7.5000  -37.5000  -15.0000 2825.9084   14.6498
    0.0000  -37.5000  -15.0000 2827.6340   14.5784
    7.5000  -37.5000  -15.0000 2820.4194   14.5879
   -7.5000  -30.0000  -15.0000 2853.2925   14.0447
    0.0000  -30.0000  -15.0000 2854.1821   14.0216
    7.5000  -30.0000  -15.0000 2850.7666   14.0303
   -7.5000  -22.5000  -15.0000 2873.9619   13.6471
    0.0000  -22.5000  -15.0000 2874.7227   13.6247
    7.5000  -22.5000  -15.0000 2869.7964   13.6832
   -7.5000  -15.0000  -15.0000 2884.9641   13.4121
    0.0000  -15.0000  -15.0000 2886.4851   13.4292
    7.5000  -15.0000  -15.0000 2881.3804   13.5293
   -7.5000   -7.5000  -15.0000 2893.3176   13.3664
    0.0000   -7.5000  -15.0000 2892.8823   13.3606
    7.5000   -7.5000  -15.0000 2886.2773   13.4950
   -7.5000    0.0000  -15.0000 2898.2969   13.4970
    0.0000    0.0000  -15.0000 2892.8467   13.4532
    7.5000    0.0000  -15.0000 2880.8813   13.5840
   -7.5000    7.5000  -15.0000 2893.0479   13.7359
    0.0000    7.5000  -15.0000 2885.5066   13.6419
    7.5000    7.5000  -15.0000 2869.4592   13.7551
   -7.5000   15.0000  -15.0000 2872.7703   14.0675
    0.0000   15.0000  -15.0000 2863.3926   13.9765
    7.5000   15.0000  -15.0000 2852.4995   14.0693
   -7.5000   22.5000  -15.0000 2844.3333   14.5503
    0.0000   22.5000  -15.0000 2835.2971   14.4475
    7.5000   22.5000  -15.0000 2824.0222   14.5791
   -7.5000   30.0000  -15.0000 2803.1797   15.2140
    0.0000   30.0000  -15.0000 2798.7563   15.1080
    7.5000   30.0000  -15.0000 2786.5576   15.2451
   -7.5000   37.5000  -15.0000 2755.8313   16.0761
    0.0000   37.5000  -15.0000 2753.0476   15.9914
    7.5000   37.5000  -15.0000 2738.8557   16.1336
   -7.5000   45.0000  -15.0000 2698.2805   17.1735
    0.0000   45.0000  -15.0000 2694.5508   17.1150
    7.5000   45.0000  -15.0000 2676.9490   17.2583
   -7.5000  -45.0000   -7.5000 2799.6965   15.0966
    0.0000  -45.0000   -7.5000 2806.5278   14.9761
    7.5000  -45.0000   -7.5000 2803.6799   14.9877
   -7.5000  -37.5000   -7.5000 2846.7842   14.3084
    0.0000  -37.5000   -7.5000 2847.8267   14.2073
    7.5000  -37.5000   -7.5000 2845.2815   14.2298
   -7.5000  -30.0000   -7.5000 2882.1631   13.6830
    0.0000  -30.0000   -7.5000 2882.1807   13.6200
    7.5000  -30.0000   -7.5000 2880.7090   13.6452
   -7.5000  -22.5000   -7.5000 2906.6414   13.2666
    0.0000  -22.5000   -7.5000 2907.9236   13.2340
    7.5000  -22.5000   -7.5000 2904.8296   13.2904
   -7.5000  -15.0000   -7.5000 2918.6138   13.0069
    0.0000  -15.0000   -7.5000 2924.4819   13.0142
    7.5000  -15.0000   -7.5000 2920.1035   13.1299
   -7.5000   -7.5000   -7.5000 2929.5720   12.9271
    0.0000   -7.5000   -7.5000 2928.1943   12.9114
    7.5000   -7.5000   -7.5000 2923.3696   13.0857
   -7.5000    0.0000   -7.5000 2933.5762   13.0219
    0.0000    0.0000   -7.5000 2925.4634   12.9558
    7.5000    0.0000   -7.5000 2914.1565   13.1205
   -7.5000    7.5000   -7.5000 2924.6379   13.2422
    0.0000    7.5000   -7.5000 2915.0439   13.1354
    7.5000    7.5000   -7.5000 2907.0166   13.2620
   -7.5000   15.0000   -7.5000 2906.2300   13.5416
    0.0000   15.0000   -7.5000 2896.1228   13.4332
    7.5000   15.0000   -7.5000 2894.7446   13.5724
   -7.5000   22.5000   -7.5000 2881.4265   14.0296
    0.0000   22.5000   -7.5000 2871.2239   13.9166
    7.5000   22.5000   -7.5000 2868.1506   14.1028
   -7.5000   30.0000   -7.5000 2839.3728   14.7139
    0.0000   30.0000   -7.5000 2833.7014   14.6152
    7.5000   30.0000   -7.5000 2826.3179   14.8126
   -7.5000   37.5000   -7.5000 2790.3608   15.5878
    0.0000   37.5000   -7.5000 2785.4822   15.5069
    7.5000   37.5000   -7.5000 2773.9399   15.6993
   -7.5000   45.0000   -7.5000 2728.3523   16.6598
    0.0000   45.0000   -7.5000 2723.7405   16.6073
    7.5000   45.0000   -7.5000 2712.8452   16.7836
   -7.5000  -45.0000    0.0000 2791.9653   14.9346
    0.0000  -45.0000    0.0000 2796.6707   14.7726
    7.5000  -45.0000    0.0000 2803.3193   14.8203
   -7.5000  -37.5000    0.0000 2846.4985   14.1234
    0.0000  -37.5000    0.0000 2847.1904   13.9978
    7.5000  -37.5000    0.0000 2853.7229   14.0475
   -7.5000  -30.0000    0.0000 2888.5359   13.5025
    0.0000  -30.0000    0.0000 2892.0129   13.4080
    7.5000  -30.0000    0.0000 2897.4150   13.4552
   -7.5000  -22.5000    0.0000 2921.5613   13.0878
    0.0000  -22.5000    0.0000 2926.0781   13.0234
    7.5000  -22.5000    0.0000 2928.7161   13.0852
   -7.5000  -15.0000    0.0000 2938.2510   12.8266
    0.0000  -15.0000    0.0000 2949.0493   12.8341
    7.5000  -15.0000    0.0000 2943.9443   12.9136
   -7.5000   -7.5000    0.0000 2950.5012   12.7190
    0.0000   -7.5000    0.0000 2949.9460   12.6903
    7.5000   -7.5000    0.0000 2944.4106   12.8501
   -7.5000    0.0000    0.0000 2944.8955   12.6936
    0.0000    0.0000    0.0000 2933.4521   12.6174
    7.5000    0.0000    0.0000 2926.6902   12.8238
   -7.5000    7.5000    0.0000 2929.8428   12.8649
    0.0000    7.5000    0.0000 2917.0610   12.7341
    7.5000    7.5000    0.0000 2923.8208   12.9543
   -7.5000   15.0000    0.0000 2918.4724   13.1766
    0.0000   15.0000    0.0000 2907.4639   13.0471
    7.5000   15.0000    0.0000 2914.6284   13.2998
   -7.5000   22.5000    0.0000 2897.3135   13.6884
    0.0000   22.5000    0.0000 2887.0388   13.5895
    7.5000   22.5000    0.0000 2893.2422   13.8462
   -7.5000   30.0000    0.0000 2856.3560   14.4047
    0.0000   30.0000    0.0000 2849.3572   14.3248
    7.5000   30.0000    0.0000 2853.0530   14.5750
   -7.5000   37.5000    0.0000 2803.4373   15.2653
    0.0000   37.5000    0.0000 2802.4053   15.2033
    7.5000   37.5000    0.0000 2803.2883   15.4514
   -7.5000   45.0000    0.0000 2739.1782   16.3145
    0.0000   45.0000    0.0000 2737.2126   16.2840
    7.5000   45.0000    0.0000 2737.5911   16.5250
   -7.5000  -45.0000    7.5000 2774.4309   14.8888
    0.0000  -45.0000    7.5000 2777.8228   14.7097
    7.5000  -45.0000    7.5000 2789.0574   14.7869
   -7.5000  -37.5000    7.5000 2828.4775   14.0634
    0.0000  -37.5000    7.5000 2833.5715   13.9294
    7.5000  -37.5000    7.5000 2849.2168   13.9981
   -7.5000  -30.0000    7.5000 2879.1504   13.4718
    0.0000  -30.0000    7.5000 2884.2632   13.3601
    7.5000  -30.0000    7.5000 2899.3079   13.4097
   -7.5000  -22.5000    7.5000 2925.0376   13.1052
    0.0000  -22.5000    7.5000 2929.0510   13.0404
    7.5000  -22.5000    7.5000 2941.1401   13.0550
   -7.5000  -15.0000    7.5000 2953.5166   12.9020
    0.0000  -15.0000    7.5000 2969.7046   12.9013
    7.5000  -15.0000    7.5000 2966.7656   12.8801
   -7.5000   -7.5000    7.5000 2971.4895   12.7430
    0.0000   -7.5000    7.5000 2974.0457   12.7326
    7.5000   -7.5000    7.5000 2966.3604   12.7854
   -7.5000    0.0000    7.5000 2946.8296   12.5314
    0.0000    0.0000    7.5000 2933.8032   12.4980
    7.5000    0.0000    7.5000 2935.6646   12.7177
   -7.5000    7.5000    7.5000 2926.3618   12.6233
    0.0000    7.5000    7.5000 2909.7983   12.5502
    7.5000    7.5000    7.5000 2924.3623   12.8357
   -7.5000   15.0000    7.5000 2920.8979   13.0278
    0.0000   15.0000    7.5000 2911.1743   12.9282
    7.5000   15.0000    7.5000 2917.4705   13.1738
   -7.5000   22.5000    7.5000 2907.6702   13.6054
    0.0000   22.5000    7.5000 2896.7314   13.5069
    7.5000   22.5000    7.5000 2897.8386   13.7077
   -7.5000   30.0000    7.5000 2872.3118   14.3549
    0.0000   30.0000    7.5000 2861.1648   14.2504
    7.5000   30.0000    7.5000 2859.7742   14.4381
   -7.5000   37.5000    7.5000 2818.8853   15.2182
    0.0000   37.5000    7.5000 2813.9412   15.1290
    7.5000   37.5000    7.5000 2810.7336   15.3159
   -7.5000   45.0000    7.5000 2756.8579   16.2596
    0.0000   45.0000    7.5000 2755.1062   16.2100
    7.5000   45.0000    7.5000 2747.6162   16.3845
   -7.5000  -45.0000   15.0000 2744.4480   15.0037
    0.0000  -45.0000   15.0000 2757.6816   14.8743
    7.5000  -45.0000   15.0000 2773.0259   14.9778
   -7.5000  -37.5000   15.0000 2797.1392   14.1700
    0.0000  -37.5000   15.0000 2810.3777   14.0969
    7.5000  -37.5000   15.0000 2837.8682   14.1844
   -7.5000  -30.0000   15.0000 2859.4470   13.6222
    0.0000  -30.0000   15.0000 2869.5732   13.5627
    7.5000  -30.0000   15.0000 2894.8245   13.5981
   -7.5000  -22.5000   15.0000 2920.7263   13.3152
    0.0000  -22.5000   15.0000 2934.4255   13.2916
    7.5000  -22.5000   15.0000 2942.5012   13.2018
   -7.5000  -15.0000   15.0000 2970.0198   13.1906
    0.0000  -15.0000   15.0000 2990.4424   13.2074
    7.5000  -15.0000   15.0000 2971.1467   12.9804
   -7.5000   -7.5000   15.0000 2990.7893   13.0161
    0.0000   -7.5000   15.0000 2997.8728   13.0201
    7.5000   -7.5000   15.0000 2971.1858   12.8683
   -7.5000    0.0000   15.0000 2952.8464   12.7218
    0.0000    0.0000   15.0000 2946.9380   12.6870
    7.5000    0.0000   15.0000 2936.7063   12.7555
   -7.5000    7.5000   15.0000 2926.8320   12.7185
    0.0000    7.5000   15.0000 2921.4460   12.6773
    7.5000    7.5000   15.0000 2921.3320   12.8733
   -7.5000   15.0000   15.0000 2916.8406   13.0660
    0.0000   15.0000   15.0000 2915.4390   13.0413
    7.5000   15.0000   15.0000 2910.4355   13.2010
   -7.5000   22.5000   15.0000 2903.8486   13.6522
    0.0000   22.5000   15.0000 2898.2822   13.6112
    7.5000   22.5000   15.0000 2890.7825   13.7454
   -7.5000   30.0000   15.0000 2871.6809   14.4202
    0.0000   30.0000   15.0000 2864.3696   14.3595
    7.5000   30.0000   15.0000 2853.3525   14.4814
   -7.5000   37.5000   15.0000 2822.8464   15.3141
    0.0000   37.5000   15.0000 2818.8167   15.2730
    7.5000   37.5000   15.0000 2804.1956   15.3898
   -7.5000   45.0000   15.0000 2767.6033   16.3907
    0.0000   45.0000   15.0000 2764.9170   16.3551
    7.5000   45.0000   15.0000 2743.8970   16.4624
   -7.5000  -45.0000   22.5000 2723.9797   15.3934
    0.0000  -45.0000   22.5000 2747.4341   15.2916
    7.5000  -45.0000   22.5000 2772.2891   15.3859
   -7.5000  -37.5000   22.5000 2793.7241   14.6417
    0.0000  -37.5000   22.5000 2809.8721   14.5478
    7.5000  -37.5000   22.5000 2833.6787   14.5885
   -7.5000  -30.0000   22.5000 2867.2888   14.1295
    0.0000  -30.0000   22.5000 2876.7197   14.0453
    7.5000  -30.0000   22.5000 2884.5049   13.9865
   -7.5000  -22.5000   22.5000 2935.1780   13.7897
    0.0000  -22.5000   22.5000 2940.6130   13.7568
    7.5000  -22.5000   22.5000 2928.4148   13.5726
   -7.5000  -15.0000   22.5000 2980.1316   13.5657
    0.0000  -15.0000   22.5000 2988.4133   13.5929
    7.5000  -15.0000   22.5000 2958.4216   13.3275
   -7.5000   -7.5000   22.5000 2989.8042   13.3522
    0.0000   -7.5000   22.5000 2997.2871   13.3572
    7.5000   -7.5000   22.5000 2963.7104   13.1758
   -7.5000    0.0000   22.5000 2962.1497   13.1291
    0.0000    0.0000   22.5000 2961.6829   13.0672
    7.5000    0.0000   22.5000 2937.0518   13.0616
   -7.5000    7.5000   22.5000 2943.1848   13.1870
    0.0000    7.5000   22.5000 2940.4402   13.1277
    7.5000    7.5000   22.5000 2921.4971   13.1827
   -7.5000   15.0000   22.5000 2919.4412   13.4955
    0.0000   15.0000   22.5000 2915.9902   13.4514
    7.5000   15.0000   22.5000 2905.6431   13.5153
   -7.5000   22.5000   22.5000 2890.5845   13.9829
    0.0000   22.5000   22.5000 2885.6345   13.9297
    7.5000   22.5000   22.5000 2880.6448   14.0297
   -7.5000   30.0000   22.5000 2856.2705   14.6423
    0.0000   30.0000   22.5000 2847.0608   14.5821
    7.5000   30.0000   22.5000 2840.0647   14.7026
   -7.5000   37.5000   22.5000 2810.1072   15.4858
    0.0000   37.5000   22.5000 2803.7959   15.4320
    7.5000   37.5000   22.5000 2795.4521   15.5804
   -7.5000   45.0000   22.5000 2751.9092   16.5552
    0.0000   45.0000   22.5000 2747.8142   16.5039
    7.5000   45.0000   22.5000 2736.6899   16.6620
   -7.5000  -45.0000   30.0000 2729.3774   16.0528
    0.0000  -45.0000   30.0000 2745.6909   15.9370
    7.5000  -45.0000   30.0000 2759.8889   15.9697
   -7.5000  -37.5000   30.0000 2794.8503   15.2589
    0.0000  -37.5000   30.0000 2804.0659   15.1354
    7.5000  -37.5000   30.0000 2817.1746   15.1321
   -7.5000  -30.0000   30.0000 2861.4719   14.6738
    0.0000  -30.0000   30.0000 2867.2263   14.5705
    7.5000  -30.0000   30.0000 2866.0320   14.4911
   -7.5000  -22.5000   30.0000 2913.9656   14.2067
    0.0000  -22.5000   30.0000 2920.8618   14.1565
    7.5000  -22.5000   30.0000 2910.1255   14.0297
   -7.5000  -15.0000   30.0000 2950.4321   13.8448
    0.0000  -15.0000   30.0000 2958.1277   13.8417
    7.5000  -15.0000   30.0000 2939.1804   13.7378
   -7.5000   -7.5000   30.0000 2956.6367   13.5849
    0.0000   -7.5000   30.0000 2963.1931   13.5625
    7.5000   -7.5000   30.0000 2946.1934   13.5691
   -7.5000    0.0000   30.0000 2942.5754   13.4682
    0.0000    0.0000   30.0000 2946.9556   13.3933
    7.5000    0.0000   30.0000 2931.7246   13.4756
   -7.5000    7.5000   30.0000 2932.2681   13.6309
    0.0000    7.5000   30.0000 2933.7107   13.5549
    7.5000    7.5000   30.0000 2918.0918   13.6279
   -7.5000   15.0000   30.0000 2906.6431   13.9893
    0.0000   15.0000   30.0000 2909.2209   13.9293
    7.5000   15.0000   30.0000 2900.2371   13.9829
   -7.5000   22.5000   30.0000 2873.5364   14.4795
    0.0000   22.5000   30.0000 2871.5061   14.4086
    7.5000   22.5000   30.0000 2870.2190   14.4787
   -7.5000   30.0000   30.0000 2835.7971   15.1031
    0.0000   30.0000   30.0000 2828.7717   15.0223
    7.5000   30.0000   30.0000 2824.5696   15.1139
   -7.5000   37.5000   30.0000 2783.7173   15.8866
    0.0000   37.5000   30.0000 2783.1125   15.7907
    7.5000   37.5000   30.0000 2777.6458   15.9082
   -7.5000   45.0000   30.0000 2721.3215   16.8743
    0.0000   45.0000   30.0000 2719.8130   16.8005
    7.5000   45.0000   30.0000 2714.7363   16.9292
   -7.5000  -45.0000   37.5000 2717.6638   16.6642
    0.0000  -45.0000   37.5000 2734.9333   16.6093
    7.5000  -45.0000   37.5000 2743.2937   16.6587
   -7.5000  -37.5000   37.5000 2774.5007   15.8072
    0.0000  -37.5000   37.5000 2790.7124   15.7503
    7.5000  -37.5000   37.5000 2797.8245   15.7913
   -7.5000  -30.0000   37.5000 2834.2661   15.1506
    0.0000  -30.0000   37.5000 2849.7385   15.1095
    7.5000  -30.0000   37.5000 2846.0237   15.1077
   -7.5000  -22.5000   37.5000 2880.7507   14.6256
    0.0000  -22.5000   37.5000 2893.3271   14.5886
    7.5000  -22.5000   37.5000 2886.7656   14.5976
   -7.5000  -15.0000   37.5000 2910.9519   14.2250
    0.0000  -15.0000   37.5000 2919.2820   14.2121
    7.5000  -15.0000   37.5000 2908.9175   14.2478
   -7.5000   -7.5000   37.5000 2917.2302   13.9621
    0.0000   -7.5000   37.5000 2925.2168   13.9234
    7.5000   -7.5000   37.5000 2914.8845   14.0502
   -7.5000    0.0000   37.5000 2910.8813   13.9194
    0.0000    0.0000   37.5000 2914.3518   13.8363
    7.5000    0.0000   37.5000 2904.7539   13.9760
   -7.5000    7.5000   37.5000 2899.8259   14.1191
    0.0000    7.5000   37.5000 2905.8481   14.0250
    7.5000    7.5000   37.5000 2891.9238   14.1292
   -7.5000   15.0000   37.5000 2880.6792   14.4879
    0.0000   15.0000   37.5000 2886.2971   14.4185
    7.5000   15.0000   37.5000 2878.7566   14.4978
   -7.5000   22.5000   37.5000 2852.9924   15.0125
    0.0000   22.5000   37.5000 2851.4075   14.9321
    7.5000   22.5000   37.5000 2847.4688   15.0217
   -7.5000   30.0000   37.5000 2810.8936   15.6379
    0.0000   30.0000   37.5000 2810.0339   15.5770
    7.5000   30.0000   37.5000 2805.1562   15.6556
   -7.5000   37.5000   37.5000 2755.2905   16.4138
    0.0000   37.5000   37.5000 2758.5706   16.3442
    7.5000   37.5000   37.5000 2757.1838   16.4309
   -7.5000   45.0000   37.5000 2686.3616   17.3268
    0.0000   45.0000   37.5000 2688.0388   17.2746
    7.5000   45.0000   37.5000 2687.6189   17.3893
   -7.5000  -45.0000   45.0000 2695.2341   17.2676
    0.0000  -45.0000   45.0000 2715.9871   17.2898
    7.5000  -45.0000   45.0000 2721.0266   17.4331
   -7.5000  -37.5000   45.0000 2746.9563   16.3813
    0.0000  -37.5000   45.0000 2768.2925   16.4102
    7.5000  -37.5000   45.0000 2772.4719   16.5534
   -7.5000  -30.0000   45.0000 2797.0977   15.6842
    0.0000  -30.0000   45.0000 2815.7100   15.6957
    7.5000  -30.0000   45.0000 2821.4016   15.8295
   -7.5000  -22.5000   45.0000 2837.2012   15.1561
    0.0000  -22.5000   45.0000 2852.0332   15.1332
    7.5000  -22.5000   45.0000 2853.8494   15.2951
   -7.5000  -15.0000   45.0000 2864.4060   14.7500
    0.0000  -15.0000   45.0000 2871.4202   14.7334
    7.5000  -15.0000   45.0000 2868.2354   14.8821
   -7.5000   -7.5000   45.0000 2870.8967   14.5111
    0.0000   -7.5000   45.0000 2879.5420   14.4821
    7.5000   -7.5000   45.0000 2873.7771   14.6738
   -7.5000    0.0000   45.0000 2868.2698   14.5117
    0.0000    0.0000   45.0000 2873.7798   14.4495
    7.5000    0.0000   45.0000 2869.1177   14.6155
   -7.5000    7.5000   45.0000 2857.1821   14.7145
    0.0000    7.5000   45.0000 2865.1121   14.6349
    7.5000    7.5000   45.0000 2857.8013   14.7507
   -7.5000   15.0000   45.0000 2844.1006   15.0538
    0.0000   15.0000   45.0000 2850.8152   14.9788
    7.5000   15.0000   45.0000 2845.6978   15.0722
   -7.5000   22.5000   45.0000 2819.9888   15.5655
    0.0000   22.5000   45.0000 2822.3655   15.4876
    7.5000   22.5000   45.0000 2818.3120   15.5906
   -7.5000   30.0000   45.0000 2774.8750   16.2043
    0.0000   30.0000   45.0000 2778.6348   16.1501
    7.5000   30.0000   45.0000 2777.4207   16.2512
   -7.5000   37.5000   45.0000 2721.1138   17.0427
    0.0000   37.5000   45.0000 2726.0662   16.9958
    7.5000   37.5000   45.0000 2725.2415   17.0639
   -7.5000   45.0000   45.0000 2648.6494   17.9662
    0.0000   45.0000   45.0000 2650.5474   17.9158
    7.5000   45.0000   45.0000 2657.1938   18.0118

---------------------------------------------------------------------
imgreg_4dfp /opt/freesurfer/average/711-2C_as_mni_average_305 /opt/freesurfer/average/711-2B_as_mni_average_305_mask talsrcimg_g11 none talsrcimg_to_711-2C_as_mni_average_305_t4 1283
---------------------------------------------------------------------

freesurfer imgreg_4dfp.c
/opt/freesurfer/average/711-2C_as_mni_average_305.4dfp.img
       256       256       256         1
  1.000000  1.000000  1.000000
orientation T byte_order littleendian
Reading image: /opt/freesurfer/average/711-2C_as_mni_average_305.4dfp.img
dimensions:      256       256       256
mmppix:       1.0000   -1.0000   -1.0000
center:     128.0000 -129.0000 -129.0000
/opt/freesurfer/average/711-2B_as_mni_average_305_mask.4dfp.img
       256       256       256         1
  1.000000  1.000000  1.000000
orientation T byte_order littleendian
Reading mask: /opt/freesurfer/average/711-2B_as_mni_average_305_mask.4dfp.img (2306576 pixels)
talsrcimg_g11.4dfp.img
       256       256       256         1
  1.000000  1.000000  1.000000
orientation T byte_order littleendian
Reading image: talsrcimg_g11.4dfp.img
dimensions:      256       256       256
mmppix:       1.0000   -1.0000   -1.0000
center:     128.0000 -129.0000 -129.0000
rotation matrix determinant  1.000000
fimgreg.f
image alignment mode   1283 decimal      503 hex
parameters
    0.0000   -7.5000   15.0000    0.0000    0.0000    0.0000
eta,q 0.94298 13.12726
niter,ni,del,rscale     5    3   12.0000    1.2000
parameter  1  5.281920 ->  0.500000 qaram    1.1500
parameter  3 -0.512646 -> -0.500000 qaram    1.1500
parameter  5 -0.973048 -> -0.500000 qaram    1.1500
parameter  6  0.542221 ->  0.500000 qaram    1.1500
parameters
   -3.4500   -9.4588   18.4500   -2.7710    3.4500   -3.4500
eta,q 0.95226 13.32626
  0.0572  0.0581  0.0675  0.0520  0.0601  0.0486
  0.0544  0.0552  0.0628  0.0516  0.0568  0.0478
  0.0566  0.0537  0.0579  0.0516  0.0538  0.0479
  0.0619  0.0544  0.0537  0.0520  0.0515  0.0488
  0.0667  0.0583  0.0519  0.0528  0.0498  0.0505
  0.0674  0.0634  0.0525  0.0542  0.0486  0.0531
  0.0675  0.0681  0.0542  0.0564  0.0488  0.0563
niter,ni,del,rscale     7    3   12.0000    1.2000
parameters
   -4.0606   -8.6488   17.3306   -5.2356    5.8051   -4.0348
eta,q 0.95492 13.17467
  0.0621  0.0566  0.0541  0.0470  0.0576  0.0491
  0.0551  0.0516  0.0499  0.0460  0.0533  0.0469
  0.0484  0.0485  0.0468  0.0462  0.0492  0.0457
  0.0477  0.0470  0.0469  0.0464  0.0461  0.0450
  0.0545  0.0472  0.0498  0.0474  0.0450  0.0455
  0.0604  0.0491  0.0548  0.0493  0.0461  0.0478
  0.0643  0.0524  0.0597  0.0514  0.0489  0.0513
niter,ni,del,rscale     6    3   12.0000    1.2000
parameters
   -4.9089   -7.5833   16.7107   -6.4832    7.1477   -5.3294
eta,q 0.95759 13.18409
  0.0589  0.0556  0.0524  0.0457  0.0547  0.0459
  0.0507  0.0494  0.0481  0.0433  0.0497  0.0435
  0.0442  0.0455  0.0444  0.0426  0.0454  0.0425
  0.0451  0.0437  0.0434  0.0433  0.0427  0.0425
  0.0520  0.0436  0.0460  0.0446  0.0428  0.0436
  0.0581  0.0454  0.0507  0.0460  0.0449  0.0464
  0.0627  0.0492  0.0560  0.0479  0.0484  0.0501
niter,ni,del,rscale     5    3   12.0000    1.2000
parameters
   -5.6375   -7.1209   16.2533   -6.9528    8.2401   -6.1347
eta,q 0.95935 13.21308
  0.0573  0.0533  0.0508  0.0459  0.0537  0.0454
  0.0491  0.0471  0.0463  0.0424  0.0484  0.0423
  0.0422  0.0432  0.0425  0.0410  0.0435  0.0407
  0.0424  0.0413  0.0412  0.0412  0.0410  0.0408
  0.0488  0.0420  0.0437  0.0427  0.0412  0.0421
  0.0556  0.0450  0.0483  0.0445  0.0439  0.0445
  0.0614  0.0501  0.0533  0.0464  0.0479  0.0477
niter,ni,del,rscale     4    3   12.0000    1.2000
parameters
   -6.1429   -6.8947   15.9627   -7.1743    8.9428   -6.5006
eta,q 0.96018 13.22640
  0.0575  0.0523  0.0498  0.0457  0.0528  0.0456
  0.0487  0.0458  0.0455  0.0421  0.0470  0.0422
  0.0414  0.0416  0.0418  0.0402  0.0420  0.0400
  0.0407  0.0400  0.0400  0.0400  0.0400  0.0399
  0.0466  0.0413  0.0422  0.0413  0.0406  0.0411
  0.0538  0.0450  0.0466  0.0433  0.0441  0.0434
  0.0603  0.0503  0.0517  0.0459  0.0485  0.0465
niter,ni,del,rscale     3    3   12.0000    1.2000
parameters
   -6.4383   -6.7704   15.7717   -7.3077    9.3745   -6.6915
eta,q 0.96055 13.22993
  0.0582  0.0518  0.0494  0.0453  0.0521  0.0456
  0.0490  0.0452  0.0453  0.0420  0.0459  0.0422
  0.0413  0.0409  0.0415  0.0399  0.0412  0.0399
  0.0398  0.0395  0.0395  0.0395  0.0395  0.0395
  0.0452  0.0410  0.0415  0.0406  0.0406  0.0406
  0.0525  0.0451  0.0458  0.0426  0.0445  0.0429
  0.0593  0.0504  0.0508  0.0455  0.0490  0.0460
niter,ni,del,rscale     2    3   12.0000    1.2000
parameters
   -6.6030   -6.6985   15.6355   -7.3947    9.6284   -6.8014
eta,q 0.96070 13.22931
  0.0586  0.0516  0.0493  0.0451  0.0515  0.0456
  0.0492  0.0449  0.0452  0.0419  0.0453  0.0422
  0.0414  0.0406  0.0415  0.0398  0.0408  0.0398
  0.0394  0.0393  0.0393  0.0393  0.0393  0.0393
  0.0445  0.0409  0.0413  0.0402  0.0407  0.0404
  0.0517  0.0451  0.0455  0.0422  0.0448  0.0426
  0.0586  0.0505  0.0504  0.0452  0.0494  0.0457
niter,ni,del,rscale     1    3   12.0000    1.2000
parameters
   -6.6961   -6.6542   15.5478   -7.4486    9.7768   -6.8612
eta,q 0.96077 13.22766
  0.0588  0.0515  0.0492  0.0449  0.0511  0.0456
  0.0493  0.0448  0.0452  0.0418  0.0449  0.0422
  0.0414  0.0405  0.0415  0.0398  0.0406  0.0398
  0.0393  0.0392  0.0392  0.0392  0.0392  0.0392
  0.0441  0.0409  0.0411  0.0401  0.0407  0.0403
  0.0512  0.0451  0.0452  0.0420  0.0449  0.0424
  0.0582  0.0506  0.0501  0.0450  0.0496  0.0456
registration optimization eta report
parameter search radius
    6.9000    6.0000    6.9000    6.0000    6.9000    6.9000
100000*second partial in parameter space
       39.       32.       21.       16.       23.       13.
  0.0588  0.0515  0.0492  0.0449  0.0511  0.0456
  0.0493  0.0448  0.0452  0.0418  0.0449  0.0422
  0.0414  0.0405  0.0415  0.0398  0.0406  0.0398
  0.0393  0.0392  0.0392  0.0392  0.0392  0.0392
  0.0441  0.0409  0.0411  0.0401  0.0407  0.0403
  0.0512  0.0451  0.0452  0.0420  0.0449  0.0424
  0.0582  0.0506  0.0501  0.0450  0.0496  0.0456
   -6.6961   -6.6542   15.5478   -7.4486    9.7768   -6.8612
eta,q 0.96077 13.22766

---------------------------------------------------------------------
imgreg_4dfp /opt/freesurfer/average/711-2C_as_mni_average_305 /opt/freesurfer/average/711-2B_as_mni_average_305_mask talsrcimg_g11 none talsrcimg_to_711-2C_as_mni_average_305_t4 3335
---------------------------------------------------------------------

freesurfer imgreg_4dfp.c
/opt/freesurfer/average/711-2C_as_mni_average_305.4dfp.img
       256       256       256         1
  1.000000  1.000000  1.000000
orientation T byte_order littleendian
Reading image: /opt/freesurfer/average/711-2C_as_mni_average_305.4dfp.img
dimensions:      256       256       256
mmppix:       1.0000   -1.0000   -1.0000
center:     128.0000 -129.0000 -129.0000
/opt/freesurfer/average/711-2B_as_mni_average_305_mask.4dfp.img
       256       256       256         1
  1.000000  1.000000  1.000000
orientation T byte_order littleendian
Reading mask: /opt/freesurfer/average/711-2B_as_mni_average_305_mask.4dfp.img (2306576 pixels)
talsrcimg_g11.4dfp.img
       256       256       256         1
  1.000000  1.000000  1.000000
orientation T byte_order littleendian
Reading image: talsrcimg_g11.4dfp.img
dimensions:      256       256       256
mmppix:       1.0000   -1.0000   -1.0000
center:     128.0000 -129.0000 -129.0000
fimgreg.f
image alignment mode   3335 decimal      D07 hex
parameters
   -6.6961   -6.6542   15.5478   -2.1581   -1.8169   -2.2839
   14.0312  -15.1684  -11.7729   14.8823   16.9810  -12.7754
eta,q 0.96087 13.25687
niter,ni,del,rscale     5    3    5.0000    1.2000
parameter  4  1.391838 ->  0.500000 qaram    1.1500
parameter  5  1.368571 ->  0.500000 qaram    1.1500
parameter  6  0.770678 ->  0.500000 qaram    1.1500
parameter 11 -0.520942 -> -0.500000 qaram    1.1500
parameters
   -7.1100   -5.6266   15.6268   -6.2981   -5.9569   -6.4239
   13.7921  -14.7429   -8.4841   11.5679   21.1210  -12.1022
eta,q 0.97449 13.34161
  0.0413  0.0420  0.0400  0.0312  0.0275  0.0267  0.0297  0.0333  0.0306  0.0266  0.0279  0.0270
  0.0397  0.0407  0.0393  0.0324  0.0285  0.0267  0.0283  0.0296  0.0290  0.0259  0.0269  0.0262
  0.0390  0.0397  0.0388  0.0348  0.0304  0.0273  0.0272  0.0273  0.0278  0.0258  0.0262  0.0257
  0.0391  0.0390  0.0386  0.0386  0.0329  0.0290  0.0268  0.0268  0.0269  0.0264  0.0258  0.0255
  0.0400  0.0386  0.0387  0.0438  0.0361  0.0322  0.0272  0.0277  0.0264  0.0277  0.0256  0.0256
  0.0414  0.0387  0.0391  0.0497  0.0401  0.0368  0.0284  0.0292  0.0265  0.0298  0.0255  0.0259
  0.0432  0.0393  0.0399  0.0551  0.0446  0.0411  0.0303  0.0314  0.0271  0.0325  0.0257  0.0265
niter,ni,del,rscale     7    3    5.0000    1.2000
parameter  3  2.213070 ->  0.500000 qaram    1.1500
parameters
   -6.1477   -6.2814   14.2468   -9.3092   -8.6432   -8.6996
   12.0635  -16.4297   -9.1722   11.3125   22.7106  -11.4216
eta,q 0.97907 13.25847
  0.0311  0.0260  0.0207  0.0237  0.0231  0.0236  0.0230  0.0238  0.0226  0.0234  0.0226  0.0222
  0.0287  0.0251  0.0216  0.0224  0.0219  0.0224  0.0220  0.0215  0.0216  0.0220  0.0218  0.0216
  0.0268  0.0247  0.0230  0.0216  0.0214  0.0217  0.0215  0.0209  0.0211  0.0212  0.0212  0.0212
  0.0255  0.0249  0.0247  0.0220  0.0217  0.0214  0.0216  0.0214  0.0210  0.0210  0.0210  0.0210
  0.0249  0.0256  0.0268  0.0243  0.0231  0.0223  0.0223  0.0227  0.0213  0.0213  0.0210  0.0210
  0.0251  0.0269  0.0290  0.0290  0.0255  0.0262  0.0237  0.0246  0.0222  0.0222  0.0212  0.0213
  0.0262  0.0286  0.0312  0.0352  0.0291  0.0315  0.0255  0.0269  0.0234  0.0239  0.0217  0.0219
niter,ni,del,rscale     7    3    5.0000    1.2000
parameter  3  1.550332 ->  0.500000 qaram    1.3225
parameters
   -6.1789   -5.7935   12.6598   -9.2409   -8.2464  -10.2652
   12.2724  -16.3138   -9.4037   12.4179   23.3932  -12.8017
eta,q 0.98148 13.28708
  0.0240  0.0241  0.0177  0.0236  0.0226  0.0222  0.0219  0.0243  0.0208  0.0224  0.0201  0.0193
  0.0223  0.0226  0.0183  0.0216  0.0209  0.0204  0.0202  0.0206  0.0196  0.0206  0.0193  0.0188
  0.0213  0.0215  0.0194  0.0198  0.0194  0.0190  0.0191  0.0189  0.0189  0.0193  0.0188  0.0185
  0.0209  0.0209  0.0208  0.0185  0.0185  0.0185  0.0187  0.0187  0.0187  0.0187  0.0186  0.0186
  0.0213  0.0208  0.0226  0.0184  0.0186  0.0192  0.0190  0.0195  0.0190  0.0186  0.0186  0.0188
  0.0224  0.0213  0.0245  0.0204  0.0199  0.0227  0.0200  0.0211  0.0198  0.0193  0.0190  0.0193
  0.0242  0.0223  0.0268  0.0246  0.0223  0.0292  0.0215  0.0233  0.0210  0.0207  0.0197  0.0201
niter,ni,del,rscale     7    3    5.0000    1.2000
parameter  3  0.676916 ->  0.500000 qaram    1.5209
parameters
   -6.0614   -5.5562   10.8347   -9.0103   -8.1628  -11.5640
   12.7363  -16.0729   -9.3171   13.8896   24.7835  -14.6397
eta,q 0.98281 13.29933
  0.0222  0.0214  0.0177  0.0228  0.0213  0.0219  0.0211  0.0239  0.0200  0.0218  0.0193  0.0180
  0.0203  0.0200  0.0172  0.0206  0.0195  0.0199  0.0193  0.0198  0.0187  0.0198  0.0184  0.0174
  0.0190  0.0190  0.0175  0.0187  0.0180  0.0182  0.0181  0.0178  0.0178  0.0183  0.0178  0.0172
  0.0185  0.0185  0.0185  0.0172  0.0171  0.0171  0.0175  0.0175  0.0175  0.0175  0.0174  0.0173
  0.0188  0.0186  0.0201  0.0171  0.0175  0.0178  0.0178  0.0183  0.0178  0.0174  0.0173  0.0177
  0.0198  0.0193  0.0222  0.0190  0.0190  0.0220  0.0188  0.0200  0.0186  0.0180  0.0176  0.0183
  0.0216  0.0205  0.0246  0.0234  0.0215  0.0286  0.0204  0.0224  0.0199  0.0194  0.0185  0.0192
niter,ni,del,rscale     7    3    5.0000    1.2000
parameters
   -5.9366   -5.3428   10.2888   -8.8307   -8.4304  -12.2003
   12.9397  -16.0727   -9.2702   14.8874   25.2298  -15.3443
eta,q 0.98292 13.29873
  0.0211  0.0202  0.0201  0.0226  0.0209  0.0225  0.0207  0.0232  0.0197  0.0211  0.0190  0.0183
  0.0191  0.0187  0.0180  0.0205  0.0191  0.0204  0.0189  0.0192  0.0184  0.0192  0.0181  0.0175
  0.0177  0.0177  0.0171  0.0184  0.0176  0.0184  0.0177  0.0174  0.0175  0.0179  0.0175  0.0171
  0.0172  0.0172  0.0171  0.0170  0.0169  0.0170  0.0172  0.0172  0.0172  0.0172  0.0171  0.0171
  0.0175  0.0173  0.0181  0.0169  0.0174  0.0169  0.0175  0.0181  0.0175  0.0172  0.0172  0.0174
  0.0185  0.0180  0.0199  0.0190  0.0191  0.0204  0.0186  0.0199  0.0184  0.0180  0.0177  0.0179
  0.0204  0.0194  0.0223  0.0233  0.0218  0.0267  0.0203  0.0225  0.0196  0.0195  0.0188  0.0188
niter,ni,del,rscale     6    3    5.0000    1.2000
parameters
   -5.8838   -5.1725   10.0545   -8.7327   -8.6346  -12.5211
   13.0453  -16.0314   -9.2673   15.4051   25.4054  -15.6660
eta,q 0.98291 13.29672
  0.0208  0.0200  0.0208  0.0227  0.0209  0.0228  0.0205  0.0232  0.0196  0.0206  0.0189  0.0185
  0.0188  0.0185  0.0184  0.0205  0.0192  0.0206  0.0188  0.0193  0.0183  0.0189  0.0180  0.0176
  0.0176  0.0175  0.0172  0.0184  0.0177  0.0186  0.0176  0.0174  0.0174  0.0177  0.0174  0.0172
  0.0171  0.0171  0.0171  0.0170  0.0170  0.0170  0.0171  0.0171  0.0171  0.0171  0.0171  0.0171
  0.0174  0.0172  0.0178  0.0170  0.0174  0.0167  0.0175  0.0180  0.0175  0.0173  0.0172  0.0174
  0.0186  0.0180  0.0193  0.0191  0.0191  0.0197  0.0186  0.0198  0.0183  0.0182  0.0178  0.0179
  0.0206  0.0193  0.0216  0.0236  0.0217  0.0259  0.0204  0.0224  0.0196  0.0198  0.0190  0.0187
niter,ni,del,rscale     5    3    5.0000    1.2000
parameters
   -5.8526   -5.0665    9.9277   -8.6669   -8.7682  -12.6951
   13.1044  -15.9950   -9.2734   15.7005   25.4871  -15.8444
eta,q 0.98288 13.29509
  0.0208  0.0199  0.0210  0.0227  0.0210  0.0230  0.0205  0.0232  0.0196  0.0204  0.0190  0.0186
  0.0188  0.0185  0.0186  0.0205  0.0192  0.0208  0.0188  0.0193  0.0183  0.0187  0.0181  0.0177
  0.0176  0.0175  0.0173  0.0185  0.0178  0.0187  0.0176  0.0174  0.0174  0.0176  0.0174  0.0172
  0.0171  0.0171  0.0171  0.0171  0.0170  0.0170  0.0171  0.0171  0.0171  0.0171  0.0171  0.0171
  0.0175  0.0173  0.0177  0.0170  0.0174  0.0166  0.0175  0.0180  0.0175  0.0173  0.0172  0.0174
  0.0187  0.0181  0.0192  0.0193  0.0191  0.0195  0.0187  0.0199  0.0183  0.0183  0.0178  0.0179
  0.0207  0.0195  0.0214  0.0237  0.0217  0.0255  0.0204  0.0225  0.0196  0.0200  0.0191  0.0187
niter,ni,del,rscale     4    3    5.0000    1.2000
parameters
   -5.8328   -5.0036    9.8589   -8.6267   -8.8483  -12.7896
   13.1419  -15.9664   -9.2822   15.8723   25.5212  -15.9441
eta,q 0.98286 13.29420
  0.0208  0.0198  0.0212  0.0227  0.0211  0.0231  0.0205  0.0233  0.0197  0.0203  0.0190  0.0186
  0.0188  0.0184  0.0187  0.0206  0.0193  0.0209  0.0188  0.0193  0.0183  0.0187  0.0181  0.0178
  0.0176  0.0175  0.0174  0.0185  0.0179  0.0188  0.0176  0.0174  0.0174  0.0176  0.0174  0.0172
  0.0171  0.0171  0.0171  0.0171  0.0171  0.0171  0.0171  0.0171  0.0171  0.0172  0.0171  0.0171
  0.0175  0.0173  0.0177  0.0171  0.0175  0.0166  0.0175  0.0181  0.0175  0.0174  0.0172  0.0174
  0.0187  0.0182  0.0192  0.0193  0.0190  0.0194  0.0187  0.0199  0.0183  0.0184  0.0179  0.0179
  0.0207  0.0196  0.0213  0.0238  0.0216  0.0254  0.0205  0.0225  0.0196  0.0201  0.0191  0.0187
niter,ni,del,rscale     3    3    5.0000    1.2000
parameters
   -5.8213   -4.9649    9.8176   -8.6044   -8.8981  -12.8445
   13.1642  -15.9468   -9.2879   15.9729   25.5385  -15.9961
eta,q 0.98285 13.29354
  0.0208  0.0198  0.0213  0.0228  0.0211  0.0232  0.0205  0.0233  0.0197  0.0203  0.0190  0.0187
  0.0189  0.0184  0.0188  0.0206  0.0194  0.0209  0.0188  0.0193  0.0183  0.0186  0.0181  0.0178
  0.0176  0.0175  0.0174  0.0186  0.0179  0.0188  0.0176  0.0174  0.0174  0.0176  0.0175  0.0173
  0.0171  0.0171  0.0171  0.0171  0.0171  0.0171  0.0172  0.0172  0.0172  0.0172  0.0172  0.0172
  0.0175  0.0174  0.0177  0.0172  0.0175  0.0166  0.0175  0.0181  0.0175  0.0174  0.0173  0.0174
  0.0187  0.0182  0.0191  0.0194  0.0190  0.0193  0.0187  0.0199  0.0184  0.0184  0.0179  0.0179
  0.0208  0.0197  0.0212  0.0239  0.0216  0.0253  0.0205  0.0225  0.0196  0.0202  0.0191  0.0187
niter,ni,del,rscale     2    3    5.0000    1.2000
parameters
   -5.8138   -4.9415    9.7952   -8.5919   -8.9274  -12.8754
   13.1758  -15.9319   -9.2915   16.0333   25.5458  -16.0338
eta,q 0.98284 13.29319
  0.0208  0.0197  0.0213  0.0228  0.0211  0.0232  0.0205  0.0233  0.0197  0.0202  0.0190  0.0187
  0.0189  0.0184  0.0188  0.0206  0.0194  0.0210  0.0188  0.0193  0.0183  0.0186  0.0181  0.0178
  0.0176  0.0175  0.0174  0.0186  0.0179  0.0189  0.0176  0.0174  0.0174  0.0176  0.0175  0.0173
  0.0172  0.0171  0.0172  0.0171  0.0171  0.0171  0.0172  0.0172  0.0172  0.0172  0.0172  0.0172
  0.0175  0.0174  0.0177  0.0172  0.0175  0.0166  0.0175  0.0181  0.0175  0.0174  0.0173  0.0174
  0.0188  0.0183  0.0191  0.0194  0.0190  0.0193  0.0187  0.0199  0.0184  0.0185  0.0179  0.0179
  0.0208  0.0197  0.0212  0.0240  0.0216  0.0252  0.0205  0.0225  0.0196  0.0202  0.0192  0.0187
registration optimization eta report
parameter search radius
    2.4000    2.4000    3.6501    8.2800    8.2800    8.2800
    7.2000    7.2000    7.2000    7.2000    8.2800    7.2000
100000*second partial in parameter space
       64.       44.       31.        9.        6.       10.
        6.       11.        5.        6.        3.        3.
  0.0208  0.0197  0.0213  0.0228  0.0211  0.0232  0.0205  0.0233  0.0197  0.0202  0.0190  0.0187
  0.0189  0.0184  0.0188  0.0206  0.0194  0.0210  0.0188  0.0193  0.0183  0.0186  0.0181  0.0178
  0.0176  0.0175  0.0174  0.0186  0.0179  0.0189  0.0176  0.0174  0.0174  0.0176  0.0175  0.0173
  0.0172  0.0171  0.0172  0.0171  0.0171  0.0171  0.0172  0.0172  0.0172  0.0172  0.0172  0.0172
  0.0175  0.0174  0.0177  0.0172  0.0175  0.0166  0.0175  0.0181  0.0175  0.0174  0.0173  0.0174
  0.0188  0.0183  0.0191  0.0194  0.0190  0.0193  0.0187  0.0199  0.0184  0.0185  0.0179  0.0179
  0.0208  0.0197  0.0212  0.0240  0.0216  0.0252  0.0205  0.0225  0.0196  0.0202  0.0192  0.0187
   -5.8138   -4.9415    9.7952   -8.5919   -8.9274  -12.8754
   13.1758  -15.9319   -9.2915   16.0333   25.5458  -16.0338
eta,q 0.98284 13.29319

---------------------------------------------------------------------
imgreg_4dfp /opt/freesurfer/average/711-2C_as_mni_average_305 /opt/freesurfer/average/711-2B_as_mni_average_305_mask talsrcimg_g11 none talsrcimg_to_711-2C_as_mni_average_305_t4 2311
---------------------------------------------------------------------

freesurfer imgreg_4dfp.c
/opt/freesurfer/average/711-2C_as_mni_average_305.4dfp.img
       256       256       256         1
  1.000000  1.000000  1.000000
orientation T byte_order littleendian
Reading image: /opt/freesurfer/average/711-2C_as_mni_average_305.4dfp.img
dimensions:      256       256       256
mmppix:       1.0000   -1.0000   -1.0000
center:     128.0000 -129.0000 -129.0000
/opt/freesurfer/average/711-2B_as_mni_average_305_mask.4dfp.img
       256       256       256         1
  1.000000  1.000000  1.000000
orientation T byte_order littleendian
Reading mask: /opt/freesurfer/average/711-2B_as_mni_average_305_mask.4dfp.img (2306576 pixels)
talsrcimg_g11.4dfp.img
       256       256       256         1
  1.000000  1.000000  1.000000
orientation T byte_order littleendian
Reading image: talsrcimg_g11.4dfp.img
dimensions:      256       256       256
mmppix:       1.0000   -1.0000   -1.0000
center:     128.0000 -129.0000 -129.0000
fimgreg.f
image alignment mode   2311 decimal      907 hex
parameters
   -5.8138   -4.9415    9.7952   -8.5919   -8.9274  -12.8754
   13.1758  -15.9319   -9.2915   16.0333   25.5458  -16.0338
eta,q 0.98284 13.29319
niter,ni,del,rscale     5    3    5.0000    0.8000
parameters
   -5.7910   -4.8964    9.6141   -7.6765   -8.8670  -11.8941
   13.1478  -16.0567   -9.1322   16.1479   25.2559  -16.3510
eta,q 0.98341 13.31033
  0.0189  0.0184  0.0178  0.0200  0.0186  0.0200  0.0184  0.0198  0.0180  0.0183  0.0174  0.0173
  0.0179  0.0177  0.0174  0.0189  0.0178  0.0189  0.0174  0.0178  0.0172  0.0174  0.0169  0.0169
  0.0174  0.0173  0.0172  0.0179  0.0172  0.0178  0.0168  0.0168  0.0168  0.0168  0.0167  0.0166
  0.0172  0.0172  0.0172  0.0171  0.0169  0.0169  0.0166  0.0166  0.0166  0.0166  0.0166  0.0166
  0.0173  0.0173  0.0173  0.0169  0.0171  0.0165  0.0168  0.0172  0.0167  0.0167  0.0167  0.0167
  0.0179  0.0176  0.0176  0.0174  0.0177  0.0169  0.0174  0.0183  0.0171  0.0173  0.0170  0.0171
  0.0188  0.0183  0.0181  0.0187  0.0186  0.0186  0.0184  0.0199  0.0178  0.0182  0.0176  0.0175
niter,ni,del,rscale     4    3    5.0000    0.7000
parameters
   -5.8511   -4.9923    9.8862   -7.7710   -8.9243  -11.5074
   13.1170  -16.1602   -9.0606   16.0093   25.2309  -16.4085
eta,q 0.98354 13.31232
  0.0179  0.0174  0.0176  0.0185  0.0178  0.0190  0.0178  0.0190  0.0175  0.0177  0.0171  0.0171
  0.0172  0.0169  0.0171  0.0176  0.0172  0.0180  0.0171  0.0174  0.0169  0.0170  0.0168  0.0167
  0.0167  0.0167  0.0167  0.0169  0.0167  0.0172  0.0166  0.0166  0.0166  0.0166  0.0165  0.0165
  0.0166  0.0166  0.0166  0.0166  0.0166  0.0166  0.0165  0.0165  0.0165  0.0165  0.0165  0.0165
  0.0168  0.0167  0.0166  0.0167  0.0167  0.0164  0.0166  0.0169  0.0166  0.0166  0.0165  0.0166
  0.0173  0.0171  0.0167  0.0175  0.0172  0.0170  0.0171  0.0177  0.0169  0.0171  0.0168  0.0168
  0.0182  0.0177  0.0170  0.0189  0.0180  0.0187  0.0179  0.0190  0.0174  0.0179  0.0172  0.0171
niter,ni,del,rscale     3    3    5.0000    0.6000
parameters
   -5.8869   -5.0186    9.9930   -7.7332   -8.9534  -11.2339
   13.0893  -16.2696   -9.0150   15.9284   25.2091  -16.4237
eta,q 0.98361 13.31317
  0.0175  0.0171  0.0171  0.0180  0.0174  0.0184  0.0174  0.0182  0.0171  0.0173  0.0169  0.0169
  0.0169  0.0168  0.0168  0.0173  0.0169  0.0176  0.0169  0.0171  0.0167  0.0168  0.0166  0.0166
  0.0166  0.0165  0.0165  0.0167  0.0166  0.0169  0.0165  0.0165  0.0165  0.0165  0.0164  0.0164
  0.0165  0.0165  0.0165  0.0165  0.0165  0.0165  0.0164  0.0164  0.0164  0.0164  0.0164  0.0164
  0.0166  0.0165  0.0165  0.0165  0.0166  0.0164  0.0165  0.0167  0.0165  0.0165  0.0164  0.0165
  0.0170  0.0168  0.0166  0.0171  0.0169  0.0169  0.0169  0.0174  0.0167  0.0169  0.0166  0.0166
  0.0176  0.0172  0.0169  0.0181  0.0175  0.0181  0.0174  0.0183  0.0171  0.0174  0.0169  0.0169
niter,ni,del,rscale     2    3    5.0000    0.5000
parameters
   -5.9162   -5.0380   10.0730   -7.7066   -8.9807  -11.0005
   13.0702  -16.3626   -8.9832   15.8539   25.2022  -16.4451
eta,q 0.98366 13.31310
  0.0171  0.0169  0.0169  0.0175  0.0171  0.0178  0.0170  0.0177  0.0169  0.0170  0.0167  0.0167
  0.0167  0.0166  0.0166  0.0170  0.0167  0.0172  0.0167  0.0168  0.0166  0.0166  0.0165  0.0165
  0.0165  0.0164  0.0164  0.0166  0.0165  0.0167  0.0164  0.0164  0.0164  0.0164  0.0164  0.0164
  0.0164  0.0164  0.0164  0.0164  0.0164  0.0164  0.0163  0.0163  0.0163  0.0163  0.0163  0.0163
  0.0165  0.0164  0.0164  0.0165  0.0165  0.0163  0.0164  0.0166  0.0164  0.0164  0.0164  0.0164
  0.0168  0.0166  0.0165  0.0168  0.0167  0.0167  0.0167  0.0170  0.0166  0.0167  0.0165  0.0165
  0.0172  0.0169  0.0167  0.0175  0.0171  0.0176  0.0171  0.0177  0.0168  0.0171  0.0167  0.0167
niter,ni,del,rscale     1    3    5.0000    0.4000
parameters
   -5.9411   -5.0581   10.1390   -7.6783   -9.0140  -10.7917
   13.0535  -16.4394   -8.9614   15.7833   25.1911  -16.4826
eta,q 0.98370 13.31233
  0.0168  0.0166  0.0167  0.0171  0.0168  0.0173  0.0168  0.0172  0.0166  0.0167  0.0165  0.0165
  0.0165  0.0165  0.0165  0.0167  0.0165  0.0169  0.0165  0.0166  0.0165  0.0165  0.0164  0.0164
  0.0164  0.0164  0.0164  0.0164  0.0164  0.0165  0.0164  0.0164  0.0163  0.0163  0.0163  0.0163
  0.0163  0.0163  0.0163  0.0163  0.0163  0.0163  0.0163  0.0163  0.0163  0.0163  0.0163  0.0163
  0.0164  0.0164  0.0163  0.0164  0.0164  0.0163  0.0164  0.0164  0.0163  0.0164  0.0163  0.0163
  0.0166  0.0165  0.0164  0.0166  0.0165  0.0165  0.0165  0.0168  0.0164  0.0165  0.0164  0.0164
  0.0169  0.0167  0.0166  0.0171  0.0168  0.0171  0.0168  0.0172  0.0166  0.0168  0.0166  0.0165
registration optimization eta report
parameter search radius
    0.8000    0.8000    0.8000    2.4000    2.4000    2.4000
    2.4000    2.4000    2.4000    2.4000    2.4000    2.4000
100000*second partial in parameter space
       77.       52.       42.       13.        8.       15.
        8.       15.        6.        8.        4.        4.
  0.0168  0.0166  0.0167  0.0171  0.0168  0.0173  0.0168  0.0172  0.0166  0.0167  0.0165  0.0165
  0.0165  0.0165  0.0165  0.0167  0.0165  0.0169  0.0165  0.0166  0.0165  0.0165  0.0164  0.0164
  0.0164  0.0164  0.0164  0.0164  0.0164  0.0165  0.0164  0.0164  0.0163  0.0163  0.0163  0.0163
  0.0163  0.0163  0.0163  0.0163  0.0163  0.0163  0.0163  0.0163  0.0163  0.0163  0.0163  0.0163
  0.0164  0.0164  0.0163  0.0164  0.0164  0.0163  0.0164  0.0164  0.0163  0.0164  0.0163  0.0163
  0.0166  0.0165  0.0164  0.0166  0.0165  0.0165  0.0165  0.0168  0.0164  0.0165  0.0164  0.0164
  0.0169  0.0167  0.0166  0.0171  0.0168  0.0171  0.0168  0.0172  0.0166  0.0168  0.0166  0.0165
   -5.9411   -5.0581   10.1390   -7.6783   -9.0140  -10.7917
   13.0535  -16.4394   -8.9614   15.7833   25.1911  -16.4826
eta,q 0.98370 13.31233

---------------------------------------------------------------------
imgreg_4dfp /opt/freesurfer/average/711-2C_as_mni_average_305 /opt/freesurfer/average/711-2B_as_mni_average_305_mask talsrcimg_g11 none talsrcimg_to_711-2C_as_mni_average_305_t4 2311
---------------------------------------------------------------------

freesurfer imgreg_4dfp.c
/opt/freesurfer/average/711-2C_as_mni_average_305.4dfp.img
       256       256       256         1
  1.000000  1.000000  1.000000
orientation T byte_order littleendian
Reading image: /opt/freesurfer/average/711-2C_as_mni_average_305.4dfp.img
dimensions:      256       256       256
mmppix:       1.0000   -1.0000   -1.0000
center:     128.0000 -129.0000 -129.0000
/opt/freesurfer/average/711-2B_as_mni_average_305_mask.4dfp.img
       256       256       256         1
  1.000000  1.000000  1.000000
orientation T byte_order littleendian
Reading mask: /opt/freesurfer/average/711-2B_as_mni_average_305_mask.4dfp.img (2306576 pixels)
talsrcimg_g11.4dfp.img
       256       256       256         1
  1.000000  1.000000  1.000000
orientation T byte_order littleendian
Reading image: talsrcimg_g11.4dfp.img
dimensions:      256       256       256
mmppix:       1.0000   -1.0000   -1.0000
center:     128.0000 -129.0000 -129.0000
fimgreg.f
image alignment mode   2311 decimal      907 hex
parameters
   -5.9411   -5.0581   10.1390   -7.6783   -9.0140  -10.7917
   13.0535  -16.4394   -8.9614   15.7833   25.1911  -16.4826
eta,q 0.98370 13.31234
niter,ni,del,rscale     5    3    5.0000    0.8000
parameters
   -5.9848   -5.0967   10.2515   -8.0737   -9.0441  -11.2318
   13.0763  -16.3121   -9.0033   15.7519   25.2031  -16.2847
eta,q 0.98356 13.31115
  0.0181  0.0175  0.0176  0.0185  0.0180  0.0189  0.0181  0.0199  0.0177  0.0181  0.0173  0.0173
  0.0171  0.0169  0.0169  0.0175  0.0172  0.0178  0.0172  0.0178  0.0170  0.0172  0.0168  0.0168
  0.0165  0.0164  0.0165  0.0167  0.0166  0.0169  0.0166  0.0167  0.0166  0.0166  0.0166  0.0165
  0.0163  0.0163  0.0163  0.0163  0.0163  0.0163  0.0164  0.0164  0.0164  0.0164  0.0164  0.0164
  0.0165  0.0165  0.0164  0.0166  0.0165  0.0166  0.0166  0.0169  0.0166  0.0166  0.0165  0.0165
  0.0172  0.0169  0.0167  0.0178  0.0171  0.0181  0.0172  0.0179  0.0170  0.0172  0.0168  0.0168
  0.0184  0.0177  0.0172  0.0198  0.0181  0.0209  0.0181  0.0193  0.0177  0.0182  0.0173  0.0172
niter,ni,del,rscale     4    3    5.0000    0.7000
parameters
   -5.9306   -5.0547   10.0803   -7.8754   -8.9688  -11.2856
   13.0590  -16.2895   -9.0084   15.8171   25.2214  -16.3353
eta,q 0.98359 13.31231
  0.0180  0.0174  0.0170  0.0185  0.0178  0.0187  0.0177  0.0190  0.0174  0.0178  0.0171  0.0170
  0.0172  0.0169  0.0166  0.0176  0.0171  0.0177  0.0170  0.0174  0.0168  0.0170  0.0167  0.0167
  0.0166  0.0166  0.0164  0.0169  0.0166  0.0169  0.0166  0.0166  0.0165  0.0166  0.0165  0.0165
  0.0164  0.0164  0.0164  0.0164  0.0164  0.0164  0.0164  0.0164  0.0164  0.0164  0.0164  0.0164
  0.0166  0.0165  0.0166  0.0165  0.0165  0.0164  0.0166  0.0168  0.0165  0.0165  0.0165  0.0165
  0.0170  0.0168  0.0169  0.0171  0.0170  0.0173  0.0170  0.0176  0.0169  0.0170  0.0167  0.0167
  0.0178  0.0174  0.0173  0.0184  0.0177  0.0193  0.0178  0.0188  0.0174  0.0177  0.0171  0.0171
niter,ni,del,rscale     3    3    5.0000    0.6000
parameters
   -5.9183   -5.0539   10.0650   -7.7770   -8.9554  -11.1510
   13.0571  -16.3254   -8.9954   15.8264   25.2065  -16.3851
eta,q 0.98363 13.31301
  0.0175  0.0171  0.0170  0.0180  0.0174  0.0182  0.0174  0.0183  0.0171  0.0174  0.0169  0.0169
  0.0169  0.0167  0.0166  0.0173  0.0169  0.0175  0.0168  0.0171  0.0167  0.0168  0.0166  0.0166
  0.0165  0.0165  0.0165  0.0167  0.0165  0.0168  0.0165  0.0165  0.0164  0.0165  0.0164  0.0164
  0.0164  0.0164  0.0164  0.0164  0.0164  0.0164  0.0164  0.0164  0.0164  0.0164  0.0164  0.0164
  0.0165  0.0165  0.0165  0.0165  0.0165  0.0164  0.0165  0.0167  0.0165  0.0165  0.0164  0.0164
  0.0169  0.0167  0.0167  0.0170  0.0168  0.0169  0.0168  0.0173  0.0167  0.0168  0.0166  0.0166
  0.0175  0.0171  0.0170  0.0180  0.0174  0.0183  0.0174  0.0182  0.0171  0.0174  0.0169  0.0169
niter,ni,del,rscale     2    3    5.0000    0.5000
parameters
   -5.9278   -5.0606   10.0985   -7.7193   -8.9716  -10.9690
   13.0557  -16.3824   -8.9806   15.8035   25.1898  -16.4287
eta,q 0.98367 13.31309
  0.0171  0.0169  0.0168  0.0175  0.0171  0.0178  0.0170  0.0177  0.0169  0.0170  0.0167  0.0167
  0.0167  0.0166  0.0166  0.0170  0.0167  0.0172  0.0167  0.0169  0.0166  0.0166  0.0165  0.0165
  0.0164  0.0164  0.0164  0.0166  0.0165  0.0167  0.0164  0.0164  0.0164  0.0164  0.0164  0.0164
  0.0164  0.0164  0.0164  0.0164  0.0164  0.0164  0.0163  0.0163  0.0163  0.0163  0.0163  0.0163
  0.0165  0.0164  0.0164  0.0164  0.0164  0.0163  0.0164  0.0165  0.0164  0.0164  0.0164  0.0164
  0.0167  0.0166  0.0165  0.0168  0.0167  0.0167  0.0166  0.0170  0.0166  0.0166  0.0165  0.0165
  0.0171  0.0169  0.0167  0.0175  0.0171  0.0176  0.0171  0.0177  0.0168  0.0171  0.0167  0.0167
niter,ni,del,rscale     1    3    5.0000    0.4000
parameters
   -5.9447   -5.0685   10.1508   -7.6929   -9.0018  -10.7740
   13.0508  -16.4466   -8.9545   15.7618   25.1863  -16.4539
eta,q 0.98370 13.31248
  0.0168  0.0166  0.0166  0.0171  0.0168  0.0173  0.0168  0.0172  0.0166  0.0168  0.0165  0.0165
  0.0165  0.0165  0.0165  0.0167  0.0165  0.0169  0.0165  0.0166  0.0165  0.0165  0.0164  0.0164
  0.0164  0.0164  0.0164  0.0164  0.0164  0.0165  0.0164  0.0164  0.0163  0.0163  0.0163  0.0163
  0.0163  0.0163  0.0163  0.0163  0.0163  0.0163  0.0163  0.0163  0.0163  0.0163  0.0163  0.0163
  0.0164  0.0164  0.0164  0.0164  0.0164  0.0163  0.0164  0.0164  0.0163  0.0164  0.0163  0.0163
  0.0166  0.0165  0.0164  0.0166  0.0165  0.0166  0.0165  0.0168  0.0164  0.0165  0.0164  0.0164
  0.0168  0.0167  0.0166  0.0171  0.0168  0.0171  0.0168  0.0172  0.0166  0.0168  0.0165  0.0165
registration optimization eta report
parameter search radius
    0.8000    0.8000    0.8000    2.4000    2.4000    2.4000
    2.4000    2.4000    2.4000    2.4000    2.4000    2.4000
100000*second partial in parameter space
       77.       51.       41.       13.        8.       15.
        8.       15.        6.        8.        4.        4.
  0.0168  0.0166  0.0166  0.0171  0.0168  0.0173  0.0168  0.0172  0.0166  0.0168  0.0165  0.0165
  0.0165  0.0165  0.0165  0.0167  0.0165  0.0169  0.0165  0.0166  0.0165  0.0165  0.0164  0.0164
  0.0164  0.0164  0.0164  0.0164  0.0164  0.0165  0.0164  0.0164  0.0163  0.0163  0.0163  0.0163
  0.0163  0.0163  0.0163  0.0163  0.0163  0.0163  0.0163  0.0163  0.0163  0.0163  0.0163  0.0163
  0.0164  0.0164  0.0164  0.0164  0.0164  0.0163  0.0164  0.0164  0.0163  0.0164  0.0163  0.0163
  0.0166  0.0165  0.0164  0.0166  0.0165  0.0166  0.0165  0.0168  0.0164  0.0165  0.0164  0.0164
  0.0168  0.0167  0.0166  0.0171  0.0168  0.0171  0.0168  0.0172  0.0166  0.0168  0.0165  0.0165
   -5.9447   -5.0685   10.1508   -7.6929   -9.0018  -10.7740
   13.0508  -16.4466   -8.9545   15.7618   25.1863  -16.4539
eta,q 0.98370 13.31248

---------------------------------------------------------------------
compute_vox2vox talsrcimg talsrcimg_to_711-2C_as_mni_average_305_t4 /opt/freesurfer/average/711-2C_as_mni_average_305
---------------------------------------------------------------------

freesurfer compute_vox2vox.c
Reading: talsrcimg.4dfp.ifh
Reading: talsrcimg_to_711-2C_as_mni_average_305_t4
Reading: /opt/freesurfer/average/711-2C_as_mni_average_305.4dfp.ifh
Writing: talsrcimg_to_711-2C_as_mni_average_305_t4_vox2vox.txt

start time Wed Mar 11 12:09:32 CET 2026
end		time Wed Mar 11 12:11:00 CET 2026

mpr2mni305 success

avi2talxfm orig_nu.mgz /opt/freesurfer/average/mni305.cor.mgz talsrcimg_to_711-2C_as_mni_average_305_t4_vox2vox.txt transforms/talairach.auto.xfm
avi2talxfm done
mv -f /out/sourcedata/freesurfer/sub-v2s16x51312_ses-1/mri/talsrcimg_to_711-2C_as_mni_average_305_t4_vox2vox.txt /out/sourcedata/freesurfer/sub-v2s16x51312_ses-1/mri/transforms/talsrcimg_to_711-2C_as_mni_average_305_t4_vox2vox.txt
lta_convert --src orig_nu.mgz --trg /opt/freesurfer/average/mni305.cor.mgz --inxfm transforms/talairach.auto.xfm --outlta transforms/talairach.auto.xfm.lta --subject fsaverage
7.3.2

--src: orig_nu.mgz src image (geometry).
--trg: /opt/freesurfer/average/mni305.cor.mgz trg image (geometry).
--inmni: transforms/talairach.auto.xfm input MNI/XFM transform.
--outlta: transforms/talairach.auto.xfm.lta output LTA.
--s: fsaverage subject name
 LTA read, type : 1
 1.01647   0.20652  -0.10844  -3.59963;
-0.26017   1.03320   0.22413  -14.84930;
 0.14509  -0.15864   1.04943   25.19516;
 0.00000   0.00000   0.00000   1.00000;
setting subject to fsaverage
Writing  LTA to file transforms/talairach.auto.xfm.lta...
lta_convert successful.
 
 
Started at Wed Mar 11 12:09:31 CET 2026
Ended   at Wed Mar 11 12:11:01 CET 2026
talairach_avi done
