status file for recon-all
Wed Mar 11 10:06:52 CET 2026
#@# MotionCor Wed Mar 11 10:06:54 CET 2026
#@# Talairach Wed Mar 11 10:07:02 CET 2026
#@# Talairach Failure Detection Wed Mar 11 10:11:27 CET 2026
#@# Nu Intensity Correction Wed Mar 11 10:11:27 CET 2026
#@# Intensity Normalization Wed Mar 11 10:14:42 CET 2026
recon-all -s sub-v2s16x51231_ses-1 finished without error at Wed Mar 11 10:16:20 CET 2026



#New# invocation of recon-all 



status file for recon-all
Wed Mar 11 10:22:48 CET 2026
#@# EM Registration Wed Mar 11 10:22:48 CET 2026
recon-all -s sub-v2s16x51231_ses-1 finished without error at Wed Mar 11 10:24:43 CET 2026



#New# invocation of recon-all 



status file for recon-all
Wed Mar 11 10:24:46 CET 2026
#@# CA Normalize Wed Mar 11 10:24:46 CET 2026
#@# CA Reg Wed Mar 11 10:26:05 CET 2026
#@# SubCort Seg Wed Mar 11 11:15:18 CET 2026
#@# CC Seg Wed Mar 11 11:41:57 CET 2026
#@# Merge ASeg Wed Mar 11 11:42:36 CET 2026
#@# Intensity Normalization2 Wed Mar 11 11:42:36 CET 2026
#@# Mask BFS Wed Mar 11 11:45:06 CET 2026
#@# WM Segmentation Wed Mar 11 11:45:07 CET 2026
#@# Fill Wed Mar 11 11:47:02 CET 2026
recon-all -s sub-v2s16x51231_ses-1 finished without error at Wed Mar 11 11:48:05 CET 2026



#New# invocation of recon-all 



status file for recon-all
Wed Mar 11 12:34:33 CET 2026
#@# white curv lh Wed Mar 11 12:34:33 CET 2026
#@# white area lh Wed Mar 11 12:34:33 CET 2026
#@# pial curv lh Wed Mar 11 12:34:33 CET 2026
#@# pial area lh Wed Mar 11 12:34:33 CET 2026
#@# thickness lh Wed Mar 11 12:34:33 CET 2026
#@# area and vertex vol lh Wed Mar 11 12:34:33 CET 2026
#@# white curv rh Wed Mar 11 12:34:33 CET 2026
#@# white area rh Wed Mar 11 12:34:33 CET 2026
#@# pial curv rh Wed Mar 11 12:34:33 CET 2026
#@# pial area rh Wed Mar 11 12:34:33 CET 2026
#@# thickness rh Wed Mar 11 12:34:33 CET 2026
#@# area and vertex vol rh Wed Mar 11 12:34:33 CET 2026
#@# Cortical ribbon mask Wed Mar 11 12:34:33 CET 2026
recon-all -s sub-v2s16x51231_ses-1 finished without error at Wed Mar 11 12:39:59 CET 2026



#New# invocation of recon-all 



status file for recon-all
Wed Mar 11 12:46:43 CET 2026
#@# white curv lh Wed Mar 11 12:46:43 CET 2026
#@# white area lh Wed Mar 11 12:46:43 CET 2026
#@# pial curv lh Wed Mar 11 12:46:43 CET 2026
#@# pial area lh Wed Mar 11 12:46:43 CET 2026
#@# thickness lh Wed Mar 11 12:46:43 CET 2026
#@# area and vertex vol lh Wed Mar 11 12:46:43 CET 2026
#@# white curv rh Wed Mar 11 12:46:43 CET 2026
#@# white area rh Wed Mar 11 12:46:43 CET 2026
#@# pial curv rh Wed Mar 11 12:46:43 CET 2026
#@# pial area rh Wed Mar 11 12:46:43 CET 2026
#@# thickness rh Wed Mar 11 12:46:43 CET 2026
#@# area and vertex vol rh Wed Mar 11 12:46:43 CET 2026
#@# Curvature Stats lh Wed Mar 11 12:46:43 CET 2026
#@# Curvature Stats rh Wed Mar 11 12:46:45 CET 2026
#@# Relabel Hypointensities Wed Mar 11 12:46:48 CET 2026
#@# APas-to-ASeg Wed Mar 11 12:47:03 CET 2026
#@# AParc-to-ASeg aparc Wed Mar 11 12:47:11 CET 2026
#@# AParc-to-ASeg aparc.a2009s Wed Mar 11 12:47:53 CET 2026
#@# AParc-to-ASeg aparc.DKTatlas Wed Mar 11 12:48:37 CET 2026
#@# WMParc Wed Mar 11 12:49:18 CET 2026
#@# ASeg Stats Wed Mar 11 12:53:30 CET 2026
recon-all -s sub-v2s16x51231_ses-1 finished without error at Wed Mar 11 12:54:12 CET 2026
