status file for recon-all
Wed Mar 11 12:11:28 CET 2026
#@# Tessellate rh Wed Mar 11 12:11:28 CET 2026
#@# Smooth1 rh Wed Mar 11 12:11:32 CET 2026
#@# Inflation1 rh Wed Mar 11 12:11:35 CET 2026
#@# QSphere rh Wed Mar 11 12:11:49 CET 2026
#@# Fix Topology rh Wed Mar 11 12:13:07 CET 2026
#@# Smooth2 rh Wed Mar 11 12:18:15 CET 2026
#@# Inflation2 rh Wed Mar 11 12:18:18 CET 2026
#@# Curv .H and .K rh Wed Mar 11 12:18:33 CET 2026
#@# Sphere rh Wed Mar 11 12:19:20 CET 2026
#@# Surf Reg rh Wed Mar 11 12:22:27 CET 2026
#@# Jacobian white rh Wed Mar 11 12:26:40 CET 2026
#@# AvgCurv rh Wed Mar 11 12:26:41 CET 2026
#@# Cortical Parc rh Wed Mar 11 12:26:42 CET 2026
#@# white curv rh Wed Mar 11 12:33:22 CET 2026
#@# white area rh Wed Mar 11 12:33:24 CET 2026
#@# pial curv rh Wed Mar 11 12:33:24 CET 2026
#@# pial area rh Wed Mar 11 12:33:26 CET 2026
#@# thickness rh Wed Mar 11 12:33:27 CET 2026
#@# area and vertex vol rh Wed Mar 11 12:33:56 CET 2026
#@# Curvature Stats rh Wed Mar 11 12:33:58 CET 2026
#@# Cortical Parc 2 rh Wed Mar 11 12:34:00 CET 2026
#@# Cortical Parc 3 rh Wed Mar 11 12:34:13 CET 2026
#@# WM/GM Contrast rh Wed Mar 11 12:34:23 CET 2026
recon-all -s sub-v2s16x51231_ses-1 finished without error at Wed Mar 11 12:34:26 CET 2026



#New# invocation of recon-all 



status file for recon-all
Wed Mar 11 12:43:25 CET 2026
#@# white curv rh Wed Mar 11 12:43:25 CET 2026
#@# white area rh Wed Mar 11 12:43:25 CET 2026
#@# pial curv rh Wed Mar 11 12:43:25 CET 2026
#@# pial area rh Wed Mar 11 12:43:25 CET 2026
#@# thickness rh Wed Mar 11 12:43:25 CET 2026
#@# area and vertex vol rh Wed Mar 11 12:43:25 CET 2026
#@# Parcellation Stats rh Wed Mar 11 12:43:25 CET 2026
#@# Parcellation Stats 2 rh Wed Mar 11 12:43:44 CET 2026
#@# Parcellation Stats 3 rh Wed Mar 11 12:43:54 CET 2026
#@# BA_exvivo Labels rh Wed Mar 11 12:44:03 CET 2026
recon-all -s sub-v2s16x51231_ses-1 finished without error at Wed Mar 11 12:46:38 CET 2026
