status file for recon-all
Wed Mar 11 11:48:08 CET 2026
#@# Tessellate lh Wed Mar 11 11:48:08 CET 2026
#@# Smooth1 lh Wed Mar 11 11:48:12 CET 2026
#@# Inflation1 lh Wed Mar 11 11:48:15 CET 2026
#@# QSphere lh Wed Mar 11 11:48:27 CET 2026
#@# Fix Topology lh Wed Mar 11 11:49:35 CET 2026
#@# Smooth2 lh Wed Mar 11 11:55:04 CET 2026
#@# Inflation2 lh Wed Mar 11 11:55:07 CET 2026
#@# Curv .H and .K lh Wed Mar 11 11:55:21 CET 2026
#@# Sphere lh Wed Mar 11 11:56:09 CET 2026
#@# Surf Reg lh Wed Mar 11 11:59:31 CET 2026
#@# Jacobian white lh Wed Mar 11 12:03:52 CET 2026
#@# AvgCurv lh Wed Mar 11 12:03:53 CET 2026
#@# Cortical Parc lh Wed Mar 11 12:03:54 CET 2026
#@# white curv lh Wed Mar 11 12:10:21 CET 2026
#@# white area lh Wed Mar 11 12:10:23 CET 2026
#@# pial curv lh Wed Mar 11 12:10:24 CET 2026
#@# pial area lh Wed Mar 11 12:10:25 CET 2026
#@# thickness lh Wed Mar 11 12:10:26 CET 2026
#@# area and vertex vol lh Wed Mar 11 12:10:56 CET 2026
#@# Curvature Stats lh Wed Mar 11 12:10:57 CET 2026
#@# Cortical Parc 2 lh Wed Mar 11 12:11:00 CET 2026
#@# Cortical Parc 3 lh Wed Mar 11 12:11:13 CET 2026
#@# WM/GM Contrast lh Wed Mar 11 12:11:23 CET 2026
recon-all -s sub-v2s16x51231_ses-1 finished without error at Wed Mar 11 12:11:26 CET 2026



#New# invocation of recon-all 



status file for recon-all
Wed Mar 11 12:40:03 CET 2026
#@# white curv lh Wed Mar 11 12:40:03 CET 2026
#@# white area lh Wed Mar 11 12:40:03 CET 2026
#@# pial curv lh Wed Mar 11 12:40:03 CET 2026
#@# pial area lh Wed Mar 11 12:40:03 CET 2026
#@# thickness lh Wed Mar 11 12:40:03 CET 2026
#@# area and vertex vol lh Wed Mar 11 12:40:03 CET 2026
#@# Parcellation Stats lh Wed Mar 11 12:40:03 CET 2026
#@# Parcellation Stats 2 lh Wed Mar 11 12:40:22 CET 2026
#@# Parcellation Stats 3 lh Wed Mar 11 12:40:32 CET 2026
#@# BA_exvivo Labels lh Wed Mar 11 12:40:42 CET 2026
recon-all -s sub-v2s16x51231_ses-1 finished without error at Wed Mar 11 12:43:23 CET 2026
