/out/sourcedata/freesurfer/sub-v2s16x51215_ses-1/mri
/opt/freesurfer/bin/talairach_avi
--i orig_nu.mgz --xfm transforms/talairach.auto.xfm
talairach_avi 7.3.2
Linux dna059 5.14.0-427.37.1.el9_4.x86_64 #1 SMP PREEMPT_DYNAMIC Fri Sep 13 12:41:50 EDT 2024 x86_64 x86_64 x86_64 GNU/Linux
Wed Mar 11 10:04:56 CET 2026
mri_convert orig_nu.mgz talsrcimg.img 
reading from orig_nu.mgz...
TR=0.00, TE=0.00, TI=0.00, flip angle=0.00
i_ras = (-1, 0, 0)
j_ras = (9.31323e-10, 0, -1)
k_ras = (0, 1, 0)
writing to talsrcimg.img...
Analyze Output Matrix
-1.00000   0.00000   0.00000   133.82491;
 0.00000   0.00000   1.00000  -125.58400;
 0.00000  -1.00000   0.00000   103.97824;
 0.00000   0.00000   0.00000   1.00000;
--------------------
INFO: set hdr.hist.orient to -1
mpr2mni305 talsrcimg
Wed Mar 11 10:04:57 CET 2026
/opt/freesurfer/bin/mpr2mni305 talsrcimg
mpr2mni305 7.3.2
target=711-2C_as_mni_average_305

---------------------------------------------------------------------
analyzeto4dfp talsrcimg -O0 -y
---------------------------------------------------------------------

freesurfer ifh2hdr.c
Wed Mar 11 10:04:57 2026
Writing: talsrcimg.4dfp.hdr
freesurfer analyzeto4dfp.c
Reading: talsrcimg.hdr
header size 348 bytes
hdr.dime.datatype	offset=70	value=2
hdr.dime.bitpix		offset=72	value=8
hdr.hist.orient		offset=252	value=-1
dimensionality     4
dimensions       256       256       256         1
Reading: talsrcimg.img
Writing: talsrcimg.4dfp.img
Writing: talsrcimg.4dfp.ifh
ifh2hdr talsrcimg -r0to221
ori=2

---------------------------------------------------------------------
gauss_4dfp talsrcimg 1.1
---------------------------------------------------------------------

freesurfer gauss_4dfp.c
Reading: talsrcimg.4dfp.img
Writing: talsrcimg_g11.4dfp.img
image dimensions 256 256 256 padded to 288 288 288
processing volume 1freesurfer ifh2hdr.c
Wed Mar 11 10:04:58 2026
Writing: talsrcimg_g11.4dfp.hdr

Writing: talsrcimg_g11.4dfp.ifh
including: talsrcimg.4dfp.img.rec in talsrcimg_g11.4dfp.img.rec

---------------------------------------------------------------------
imgreg_4dfp /opt/freesurfer/average/711-2C_as_mni_average_305 none talsrcimg_g11 none talsrcimg_to_711-2C_as_mni_average_305_t4 4355
---------------------------------------------------------------------

freesurfer imgreg_4dfp.c
/opt/freesurfer/average/711-2C_as_mni_average_305.4dfp.img
       256       256       256         1
  1.000000  1.000000  1.000000
orientation T byte_order littleendian
Reading image: /opt/freesurfer/average/711-2C_as_mni_average_305.4dfp.img
dimensions:      256       256       256
mmppix:       1.0000   -1.0000   -1.0000
center:     128.0000 -129.0000 -129.0000
talsrcimg_g11.4dfp.img
       256       256       256         1
  1.000000  1.000000  1.000000
orientation T byte_order littleendian
Reading image: talsrcimg_g11.4dfp.img
dimensions:      256       256       256
mmppix:       1.0000   -1.0000   -1.0000
center:     128.0000 -129.0000 -129.0000
t4_read: open error in t4_sub.f l:  41 t4_file(1:l)talsrcimg_to_711-2C_as_mni_average_305_t4 
t4_read: transform initialized to I4
rotation matrix determinant  1.000000
image alignment mode   4355 decimal     1103 hex
   -7.5000  -45.0000  -45.0000 7424.9341   13.9139
    0.0000  -45.0000  -45.0000 7757.7632   13.9099
    7.5000  -45.0000  -45.0000 7392.2026   13.8913
   -7.5000  -37.5000  -45.0000 7863.3120   13.8390
    0.0000  -37.5000  -45.0000 8251.6357   13.8324
    7.5000  -37.5000  -45.0000 7819.4668   13.8143
   -7.5000  -30.0000  -45.0000 8567.3076   13.8023
    0.0000  -30.0000  -45.0000 9018.8311   13.8000
    7.5000  -30.0000  -45.0000 8523.0752   13.7822
   -7.5000  -22.5000  -45.0000 9270.6826   13.8137
    0.0000  -22.5000  -45.0000 9752.3887   13.8183
    7.5000  -22.5000  -45.0000 9209.8877   13.8003
   -7.5000  -15.0000  -45.0000 9962.6367   13.8384
    0.0000  -15.0000  -45.000010494.3740   13.8458
    7.5000  -15.0000  -45.0000 9892.9297   13.8270
   -7.5000   -7.5000  -45.000010646.8008   13.8405
    0.0000   -7.5000  -45.000011201.8711   13.8433
    7.5000   -7.5000  -45.000010577.9404   13.8241
   -7.5000    0.0000  -45.000011260.3633   13.8203
    0.0000    0.0000  -45.000011835.7939   13.8159
    7.5000    0.0000  -45.000011138.8730   13.7972
   -7.5000    7.5000  -45.000010864.1299   13.7982
    0.0000    7.5000  -45.000011402.4863   13.7914
    7.5000    7.5000  -45.000010731.4062   13.7733
   -7.5000   15.0000  -45.000010280.6416   13.7936
    0.0000   15.0000  -45.000010791.5107   13.7912
    7.5000   15.0000  -45.000010162.6689   13.7733
   -7.5000   22.5000  -45.0000 9571.6982   13.8117
    0.0000   22.5000  -45.000010048.0645   13.8163
    7.5000   22.5000  -45.0000 9443.2422   13.7983
   -7.5000   30.0000  -45.0000 8757.3330   13.6540
    0.0000   30.0000  -45.0000 9194.9072   13.6613
    7.5000   30.0000  -45.0000 8631.5918   13.6427
   -7.5000   37.5000  -45.0000 8224.2314   13.6560
    0.0000   37.5000  -45.0000 8661.6191   13.6588
    7.5000   37.5000  -45.0000 8118.3125   13.6399
   -7.5000   45.0000  -45.0000 7521.6909   13.2898
    0.0000   45.0000  -45.0000 7912.0649   13.2857
    7.5000   45.0000  -45.0000 7406.6660   13.2677
   -7.5000  -45.0000  -37.5000 7818.0420   13.7578
    0.0000  -45.0000  -37.5000 8175.8423   13.7570
    7.5000  -45.0000  -37.5000 7784.9985   13.7387
   -7.5000  -37.5000  -37.5000 8263.0674   13.6858
    0.0000  -37.5000  -37.5000 8674.6406   13.6829
    7.5000  -37.5000  -37.5000 8223.8018   13.6665
   -7.5000  -30.0000  -37.5000 9012.3164   13.6468
    0.0000  -30.0000  -37.5000 9469.1562   13.6461
    7.5000  -30.0000  -37.5000 8970.2334   13.6304
   -7.5000  -22.5000  -37.5000 9739.6230   13.6527
    0.0000  -22.5000  -37.500010235.2070   13.6565
    7.5000  -22.5000  -37.5000 9687.4658   13.6395
   -7.5000  -15.0000  -37.500010452.9629   13.6746
    0.0000  -15.0000  -37.500011002.3740   13.6806
    7.5000  -15.0000  -37.500010401.7715   13.6615
   -7.5000   -7.5000  -37.500011153.8350   13.6801
    0.0000   -7.5000  -37.500011732.5518   13.6836
    7.5000   -7.5000  -37.500011077.6904   13.6638
   -7.5000    0.0000  -37.500011840.5410   13.6655
    0.0000    0.0000  -37.500012450.4092   13.6644
    7.5000    0.0000  -37.500011719.1289   13.6459
   -7.5000    7.5000  -37.500011413.9404   13.6455
    0.0000    7.5000  -37.500011987.3701   13.6425
    7.5000    7.5000  -37.500011273.1963   13.6258
   -7.5000   15.0000  -37.500010791.0186   13.6382
    0.0000   15.0000  -37.500011346.3340   13.6375
    7.5000   15.0000  -37.500010668.3525   13.6217
   -7.5000   22.5000  -37.500010066.4424   13.6507
    0.0000   22.5000  -37.500010606.5898   13.6546
    7.5000   22.5000  -37.5000 9948.7568   13.6375
   -7.5000   30.0000  -37.5000 9240.9824   13.4924
    0.0000   30.0000  -37.5000 9740.7432   13.4982
    7.5000   30.0000  -37.5000 9117.9453   13.4794
   -7.5000   37.5000  -37.5000 8685.3018   13.4978
    0.0000   37.5000  -37.5000 9175.2871   13.5012
    7.5000   37.5000  -37.5000 8571.5586   13.4817
   -7.5000   45.0000  -37.5000 7908.7734   13.1410
    0.0000   45.0000  -37.5000 8353.2500   13.1400
    7.5000   45.0000  -37.5000 7795.8975   13.1222
   -7.5000  -45.0000  -30.0000 8403.2969   14.2042
    0.0000  -45.0000  -30.0000 8822.0176   14.2067
    7.5000  -45.0000  -30.0000 8369.2471   14.1890
   -7.5000  -37.5000  -30.0000 8888.8477   14.1343
    0.0000  -37.5000  -30.0000 9342.5791   14.1350
    7.5000  -37.5000  -30.0000 8845.7812   14.1193
   -7.5000  -30.0000  -30.0000 9692.6816   14.0902
    0.0000  -30.0000  -30.000010185.1650   14.0907
    7.5000  -30.0000  -30.0000 9632.5059   14.0750
   -7.5000  -22.5000  -30.000010480.8857   14.0880
    0.0000  -22.5000  -30.000011014.0186   14.0901
    7.5000  -22.5000  -30.000010401.9541   14.0721
   -7.5000  -15.0000  -30.000011233.3398   14.1064
    0.0000  -15.0000  -30.000011798.5352   14.1100
    7.5000  -15.0000  -30.000011153.7080   14.0898
   -7.5000   -7.5000  -30.000011956.0928   14.1167
    0.0000   -7.5000  -30.000012565.1621   14.1204
    7.5000   -7.5000  -30.000011855.0898   14.1002
   -7.5000    0.0000  -30.000012665.1797   14.1096
    0.0000    0.0000  -30.000013303.5742   14.1117
    7.5000    0.0000  -30.000012538.5615   14.0938
   -7.5000    7.5000  -30.000012187.0381   14.0926
    0.0000    7.5000  -30.000012779.0225   14.0931
    7.5000    7.5000  -30.000012061.3076   14.0773
   -7.5000   15.0000  -30.000011518.6934   14.0814
    0.0000   15.0000  -30.000012104.8262   14.0818
    7.5000   15.0000  -30.000011393.1045   14.0660
   -7.5000   22.5000  -30.000010765.5049   14.0845
    0.0000   22.5000  -30.000011349.0244   14.0867
    7.5000   22.5000  -30.000010656.3311   14.0686
   -7.5000   30.0000  -30.0000 9904.2061   13.9197
    0.0000   30.0000  -30.000010450.8887   13.9233
    7.5000   30.0000  -30.0000 9788.5449   13.9034
   -7.5000   37.5000  -30.0000 9309.6719   13.9299
    0.0000   37.5000  -30.0000 9827.1035   13.9335
    7.5000   37.5000  -30.0000 9208.4443   13.9136
   -7.5000   45.0000  -30.0000 8447.7559   13.5780
    0.0000   45.0000  -30.0000 8922.2734   13.5801
    7.5000   45.0000  -30.0000 8361.8564   13.5628
   -7.5000  -45.0000  -22.5000 9034.2129   14.6349
    0.0000  -45.0000  -22.5000 9487.9375   14.6379
    7.5000  -45.0000  -22.5000 8999.3203   14.6219
   -7.5000  -37.5000  -22.5000 9561.8252   14.5684
    0.0000  -37.5000  -22.500010035.6211   14.5699
    7.5000  -37.5000  -22.5000 9517.7480   14.5540
   -7.5000  -30.0000  -22.500010425.9453   14.5253
    0.0000  -30.0000  -22.500010944.6846   14.5260
    7.5000  -30.0000  -22.500010373.3369   14.5083
   -7.5000  -22.5000  -22.500011272.7168   14.5198
    0.0000  -22.5000  -22.500011842.7305   14.5214
    7.5000  -22.5000  -22.500011210.3711   14.5013
   -7.5000  -15.0000  -22.500012046.1338   14.5343
    0.0000  -15.0000  -22.500012639.5791   14.5373
    7.5000  -15.0000  -22.500011984.2227   14.5165
   -7.5000   -7.5000  -22.500012811.9961   14.5434
    0.0000   -7.5000  -22.500013455.5830   14.5469
    7.5000   -7.5000  -22.500012722.5713   14.5280
   -7.5000    0.0000  -22.500013561.0068   14.5384
    0.0000    0.0000  -22.500014230.7363   14.5410
    7.5000    0.0000  -22.500013450.0664   14.5247
   -7.5000    7.5000  -22.500013050.8369   14.5257
    0.0000    7.5000  -22.500013663.9395   14.5270
    7.5000    7.5000  -22.500012916.0908   14.5109
   -7.5000   15.0000  -22.500012357.9287   14.5161
    0.0000   15.0000  -22.500012944.4404   14.5168
    7.5000   15.0000  -22.500012208.9326   14.4989
   -7.5000   22.5000  -22.500011567.3594   14.5152
    0.0000   22.5000  -22.500012150.9756   14.5168
    7.5000   22.5000  -22.500011442.0303   14.4967
   -7.5000   30.0000  -22.500010647.1709   14.3442
    0.0000   30.0000  -22.500011215.5371   14.3472
    7.5000   30.0000  -22.500010548.8916   14.3266
   -7.5000   37.5000  -22.500010010.6631   14.3531
    0.0000   37.5000  -22.500010536.6416   14.3566
    7.5000   37.5000  -22.5000 9916.6855   14.3379
   -7.5000   45.0000  -22.5000 9048.2197   14.0012
    0.0000   45.0000  -22.5000 9530.0859   14.0037
    7.5000   45.0000  -22.5000 8978.5078   13.9880
   -7.5000  -45.0000  -15.0000 9663.2549   14.9693
    0.0000  -45.0000  -15.000010139.2061   14.9693
    7.5000  -45.0000  -15.0000 9634.1006   14.9535
   -7.5000  -37.5000  -15.000010254.4883   14.9028
    0.0000  -37.5000  -15.000010735.1299   14.9008
    7.5000  -37.5000  -15.000010206.3701   14.8833
   -7.5000  -30.0000  -15.000011174.4688   14.8635
    0.0000  -30.0000  -15.000011697.5938   14.8630
    7.5000  -30.0000  -15.000011124.1602   14.8426
   -7.5000  -22.5000  -15.000012094.7617   14.8618
    0.0000  -22.5000  -15.000012673.3115   14.8645
    7.5000  -22.5000  -15.000012023.7910   14.8428
   -7.5000  -15.0000  -15.000012905.5908   14.8762
    0.0000  -15.0000  -15.000013504.2725   14.8810
    7.5000  -15.0000  -15.000012830.3213   14.8604
   -7.5000   -7.5000  -15.000013717.9766   14.8805
    0.0000   -7.5000  -15.000014380.9033   14.8838
    7.5000   -7.5000  -15.000013632.7402   14.8660
   -7.5000    0.0000  -15.000014506.7832   14.8714
    0.0000    0.0000  -15.000015199.8525   14.8711
    7.5000    0.0000  -15.000014381.8271   14.8550
   -7.5000    7.5000  -15.000013972.1768   14.8596
    0.0000    7.5000  -15.000014625.4434   14.8574
    7.5000    7.5000  -15.000013826.5293   14.8398
   -7.5000   15.0000  -15.000013210.3203   14.8542
    0.0000   15.0000  -15.000013819.1104   14.8536
    7.5000   15.0000  -15.000013037.8027   14.8331
   -7.5000   22.5000  -15.000012380.9873   14.8564
    0.0000   22.5000  -15.000012983.9785   14.8592
    7.5000   22.5000  -15.000012251.1797   14.8374
   -7.5000   30.0000  -15.000011432.0791   14.6837
    0.0000   30.0000  -15.000011994.4014   14.6884
    7.5000   30.0000  -15.000011314.7598   14.6680
   -7.5000   37.5000  -15.000010740.6055   14.6879
    0.0000   37.5000  -15.000011279.2344   14.6912
    7.5000   37.5000  -15.000010648.4453   14.6736
   -7.5000   45.0000  -15.0000 9684.0684   14.3305
    0.0000   45.0000  -15.000010168.2637   14.3302
    7.5000   45.0000  -15.0000 9608.6680   14.3147
   -7.5000  -45.0000   -7.500010337.0947   15.1470
    0.0000  -45.0000   -7.500010833.2402   15.1433
    7.5000  -45.0000   -7.500010318.6777   15.1252
   -7.5000  -37.5000   -7.500011005.4688   15.0753
    0.0000  -37.5000   -7.500011527.3975   15.0688
    7.5000  -37.5000   -7.500010967.7949   15.0492
   -7.5000  -30.0000   -7.500011994.9922   15.0387
    0.0000  -30.0000   -7.500012562.0830   15.0359
    7.5000  -30.0000   -7.500011955.0205   15.0145
   -7.5000  -22.5000   -7.500012996.6699   15.0450
    0.0000  -22.5000   -7.500013621.7256   15.0487
    7.5000  -22.5000   -7.500012948.2305   15.0271
   -7.5000  -15.0000   -7.500013878.0010   15.0642
    0.0000  -15.0000   -7.500014531.7930   15.0709
    7.5000  -15.0000   -7.500013790.1533   15.0504
   -7.5000   -7.5000   -7.500014750.5371   15.0648
    0.0000   -7.5000   -7.500015460.0898   15.0676
    7.5000   -7.5000   -7.500014626.9717   15.0488
   -7.5000    0.0000   -7.500015612.1133   15.0481
    0.0000    0.0000   -7.500016363.2656   15.0441
    7.5000    0.0000   -7.500015453.0176   15.0258
   -7.5000    7.5000   -7.500015079.0869   15.0319
    0.0000    7.5000   -7.500015797.5762   15.0253
    7.5000    7.5000   -7.500014889.3770   15.0055
   -7.5000   15.0000   -7.500014231.4619   15.0294
    0.0000   15.0000   -7.500014902.8877   15.0265
    7.5000   15.0000   -7.500014036.2803   15.0050
   -7.5000   22.5000   -7.500013303.9736   15.0380
    0.0000   22.5000   -7.500013956.8193   15.0417
    7.5000   22.5000   -7.500013160.9346   15.0200
   -7.5000   30.0000   -7.500012280.0957   14.8688
    0.0000   30.0000   -7.500012863.6787   14.8755
    7.5000   30.0000   -7.500012156.1592   14.8552
   -7.5000   37.5000   -7.500011580.7764   14.8694
    0.0000   37.5000   -7.500012128.4346   14.8722
    7.5000   37.5000   -7.500011464.0576   14.8536
   -7.5000   45.0000   -7.500010452.1738   14.5036
    0.0000   45.0000   -7.500010948.7012   14.4997
    7.5000   45.0000   -7.500010344.4346   14.4821
   -7.5000  -45.0000    0.000010937.2490   15.1950
    0.0000  -45.0000    0.000011457.1484   15.1906
    7.5000  -45.0000    0.000010923.2881   15.1700
   -7.5000  -37.5000    0.000011659.0215   15.1178
    0.0000  -37.5000    0.000012223.0410   15.1104
    7.5000  -37.5000    0.000011618.7363   15.0900
   -7.5000  -30.0000    0.000012773.7119   15.0797
    0.0000  -30.0000    0.000013401.1514   15.0765
    7.5000  -30.0000    0.000012728.9961   15.0562
   -7.5000  -22.5000    0.000013888.0703   15.0901
    0.0000  -22.5000    0.000014578.6670   15.0941
    7.5000  -22.5000    0.000013816.9512   15.0737
   -7.5000  -15.0000    0.000014860.9785   15.1138
    0.0000  -15.0000    0.000015587.1309   15.1210
    7.5000  -15.0000    0.000014727.6104   15.1002
   -7.5000   -7.5000    0.000015783.4775   15.1151
    0.0000   -7.5000    0.000016524.4512   15.1179
    7.5000   -7.5000    0.000015607.0078   15.0968
   -7.5000    0.0000    0.000016759.1582   15.0952
    0.0000    0.0000    0.000017525.6230   15.0905
    7.5000    0.0000    0.000016519.6309   15.0697
   -7.5000    7.5000    0.000016210.4551   15.0743
    0.0000    7.5000    0.000016968.1895   15.0667
    7.5000    7.5000    0.000015939.8691   15.0462
   -7.5000   15.0000    0.000015271.5859   15.0704
    0.0000   15.0000    0.000016009.9316   15.0671
    7.5000   15.0000    0.000015028.1045   15.0467
   -7.5000   22.5000    0.000014277.7461   15.0831
    0.0000   22.5000    0.000014953.8057   15.0871
    7.5000   22.5000    0.000014079.8125   15.0667
   -7.5000   30.0000    0.000013179.7139   14.9182
    0.0000   30.0000    0.000013788.0664   14.9253
    7.5000   30.0000    0.000013003.9092   14.9048
   -7.5000   37.5000    0.000012465.5654   14.9195
    0.0000   37.5000    0.000013063.7559   14.9222
    7.5000   37.5000    0.000012291.2148   14.9014
   -7.5000   45.0000    0.000011262.2402   14.5500
    0.0000   45.0000    0.000011816.5273   14.5455
    7.5000   45.0000    0.000011100.4277   14.5255
   -7.5000  -45.0000    7.500010724.0566   15.2103
    0.0000  -45.0000    7.500011246.3760   15.2091
    7.5000  -45.0000    7.500010665.8008   15.1880
   -7.5000  -37.5000    7.500011429.5752   15.1323
    0.0000  -37.5000    7.500011973.2188   15.1286
    7.5000  -37.5000    7.500011363.4844   15.1095
   -7.5000  -30.0000    7.500012553.7578   15.0894
    0.0000  -30.0000    7.500013176.1465   15.0880
    7.5000  -30.0000    7.500012476.3320   15.0698
   -7.5000  -22.5000    7.500013787.9902   15.0950
    0.0000  -22.5000    7.500014483.2119   15.0986
    7.5000  -22.5000    7.500013641.4316   15.0791
   -7.5000  -15.0000    7.500014862.7070   15.1183
    0.0000  -15.0000    7.500015591.8701   15.1244
    7.5000  -15.0000    7.500014611.0566   15.1028
   -7.5000   -7.5000    7.500015779.0371   15.1245
    0.0000   -7.5000    7.500016491.4258   15.1280
    7.5000   -7.5000    7.500015488.5273   15.1056
   -7.5000    0.0000    7.500016719.9629   15.1095
    0.0000    0.0000    7.500017446.7148   15.1080
    7.5000    0.0000    7.500016384.4648   15.0867
   -7.5000    7.5000    7.500016179.9639   15.0883
    0.0000    7.5000    7.500016928.7871   15.0844
    7.5000    7.5000    7.500015856.6123   15.0651
   -7.5000   15.0000    7.500015266.3438   15.0801
    0.0000   15.0000    7.500016009.7432   15.0786
    7.5000   15.0000    7.500014995.2080   15.0603
   -7.5000   22.5000    7.500014269.9990   15.0879
    0.0000   22.5000    7.500014968.5400   15.0916
    7.5000   22.5000    7.500014019.0352   15.0721
   -7.5000   30.0000    7.500013183.9561   14.9227
    0.0000   30.0000    7.500013834.6523   14.9286
    7.5000   30.0000    7.500012944.8604   14.9073
   -7.5000   37.5000    7.500012487.6875   14.9288
    0.0000   37.5000    7.500013138.1436   14.9322
    7.5000   37.5000    7.500012262.8906   14.9101
   -7.5000   45.0000    7.500011283.9355   14.5638
    0.0000   45.0000    7.500011888.9316   14.5623
    7.5000   45.0000    7.500011059.9541   14.5418
   -7.5000  -45.0000   15.000010349.2686   15.2103
    0.0000  -45.0000   15.000010873.4482   15.2130
    7.5000  -45.0000   15.000010243.6426   15.1936
   -7.5000  -37.5000   15.000011036.1904   15.1360
    0.0000  -37.5000   15.000011577.8857   15.1368
    7.5000  -37.5000   15.000010911.3184   15.1197
   -7.5000  -30.0000   15.000012164.2188   15.0895
    0.0000  -30.0000   15.000012754.4590   15.0900
    7.5000  -30.0000   15.000012019.6943   15.0728
   -7.5000  -22.5000   15.000013490.1357   15.0871
    0.0000  -22.5000   15.000014247.6113   15.0894
    7.5000  -22.5000   15.000013266.2627   15.0697
   -7.5000  -15.0000   15.000014846.4258   15.1064
    0.0000  -15.0000   15.000015748.3125   15.1103
    7.5000  -15.0000   15.000014487.5371   15.0883
   -7.5000   -7.5000   15.000015885.0752   15.1170
    0.0000   -7.5000   15.000016805.3203   15.1209
    7.5000   -7.5000   15.000015451.7305   15.0990
   -7.5000    0.0000   15.000016717.3496   15.1093
    0.0000    0.0000   15.000017523.4238   15.1115
    7.5000    0.0000   15.000016233.4482   15.0920
   -7.5000    7.5000   15.000016050.2988   15.0916
    0.0000    7.5000   15.000016843.7402   15.0921
    7.5000    7.5000   15.000015611.6260   15.0748
   -7.5000   15.0000   15.000015079.6689   15.0800
    0.0000   15.0000   15.000015905.3164   15.0804
    7.5000   15.0000   15.000014708.6455   15.0631
   -7.5000   22.5000   15.000014041.8057   15.0801
    0.0000   22.5000   15.000014861.4961   15.0823
    7.5000   22.5000   15.000013699.1953   15.0627
   -7.5000   30.0000   15.000012943.5732   14.9109
    0.0000   30.0000   15.000013706.7207   14.9148
    7.5000   30.0000   15.000012617.1221   14.8930
   -7.5000   37.5000   15.000012266.7939   14.9214
    0.0000   37.5000   15.000013001.7900   14.9252
    7.5000   37.5000   15.000011959.3506   14.9036
   -7.5000   45.0000   15.000011093.6650   14.5636
    0.0000   45.0000   15.000011759.8105   14.5658
    7.5000   45.0000   15.000010827.3232   14.5469
   -7.5000  -45.0000   22.5000 9907.6445   15.1922
    0.0000  -45.0000   22.500010405.7939   15.1953
    7.5000  -45.0000   22.5000 9779.3701   15.1786
   -7.5000  -37.5000   22.500010596.1797   15.1231
    0.0000  -37.5000   22.500011123.4482   15.1246
    7.5000  -37.5000   22.500010443.3291   15.1081
   -7.5000  -30.0000   22.500011680.8506   15.0784
    0.0000  -30.0000   22.500012266.0762   15.0791
    7.5000  -30.0000   22.500011522.2334   15.0607
   -7.5000  -22.5000   22.500012955.1182   15.0726
    0.0000  -22.5000   22.500013728.7002   15.0742
    7.5000  -22.5000   22.500012773.1777   15.0534
   -7.5000  -15.0000   22.500014451.3789   15.0876
    0.0000  -15.0000   22.500015631.4727   15.0908
    7.5000  -15.0000   22.500014070.5459   15.0692
   -7.5000   -7.5000   22.500015670.9131   15.0971
    0.0000   -7.5000   22.500016936.4941   15.1008
    7.5000   -7.5000   22.500015150.2305   15.0811
   -7.5000    0.0000   22.500016318.7246   15.0919
    0.0000    0.0000   22.500017439.6582   15.0947
    7.5000    0.0000   22.500015812.3506   15.0777
   -7.5000    7.5000   22.500015470.1816   15.0788
    0.0000    7.5000   22.500016488.2832   15.0801
    7.5000    7.5000   22.500015022.7773   15.0634
   -7.5000   15.0000   22.500014453.4883   15.0688
    0.0000   15.0000   22.500015437.7705   15.0695
    7.5000   15.0000   22.500014076.4258   15.0509
   -7.5000   22.5000   22.500013430.7822   15.0655
    0.0000   22.5000   22.500014331.6357   15.0672
    7.5000   22.5000   22.500013099.1943   15.0464
   -7.5000   30.0000   22.500012390.7900   14.8924
    0.0000   30.0000   22.500013181.4443   14.8955
    7.5000   30.0000   22.500012113.0381   14.8742
   -7.5000   37.5000   22.500011766.2197   14.9017
    0.0000   37.5000   22.500012472.5332   14.9053
    7.5000   37.5000   22.500011508.4512   14.8859
   -7.5000   45.0000   22.500010645.6992   14.5469
    0.0000   45.0000   22.500011272.6904   14.5495
    7.5000   45.0000   22.500010420.1943   14.5332
   -7.5000  -45.0000   30.0000 9265.8965   15.1986
    0.0000  -45.0000   30.0000 9743.8252   15.1986
    7.5000  -45.0000   30.0000 9129.4238   15.1824
   -7.5000  -37.5000   30.0000 9933.2139   15.1311
    0.0000  -37.5000   30.000010443.3232   15.1290
    7.5000  -37.5000   30.0000 9767.7627   15.1111
   -7.5000  -30.0000   30.000010948.4219   15.0912
    0.0000  -30.0000   30.000011521.1494   15.0906
    7.5000  -30.0000   30.000010761.9561   15.0698
   -7.5000  -22.5000   30.000012070.6582   15.0895
    0.0000  -22.5000   30.000012818.4414   15.0922
    7.5000  -22.5000   30.000011862.5430   15.0699
   -7.5000  -15.0000   30.000013325.4697   15.1042
    0.0000  -15.0000   30.000014292.4756   15.1089
    7.5000  -15.0000   30.000012980.7646   15.0879
   -7.5000   -7.5000   30.000014283.0605   15.1085
    0.0000   -7.5000   30.000015232.8008   15.1117
    7.5000   -7.5000   30.000013917.7461   15.0935
   -7.5000    0.0000   30.000014945.8496   15.0991
    0.0000    0.0000   30.000015854.1113   15.0987
    7.5000    0.0000   30.000014637.6611   15.0823
   -7.5000    7.5000   30.000014295.5371   15.0871
    0.0000    7.5000   30.000015204.8838   15.0849
    7.5000    7.5000   30.000014026.3027   15.0668
   -7.5000   15.0000   30.000013444.9736   15.0817
    0.0000   15.0000   30.000014366.2705   15.0810
    7.5000   15.0000   30.000013217.3018   15.0600
   -7.5000   22.5000   30.000012512.8701   15.0824
    0.0000   22.5000   30.000013346.8779   15.0851
    7.5000   22.5000   30.000012303.8438   15.0629
   -7.5000   30.0000   30.000011552.3125   14.9087
    0.0000   30.0000   30.000012282.9463   14.9134
    7.5000   30.0000   30.000011380.1602   14.8926
   -7.5000   37.5000   30.000011000.9297   14.9130
    0.0000   37.5000   30.000011635.5146   14.9162
    7.5000   37.5000   30.000010826.1533   14.8982
   -7.5000   45.0000   30.0000 9986.3057   14.5538
    0.0000   45.0000   30.000010544.3877   14.5535
    7.5000   45.0000   30.0000 9829.7881   14.5376
   -7.5000  -45.0000   37.5000 8836.8350   15.2554
    0.0000  -45.0000   37.5000 9316.1865   15.2516
    7.5000  -45.0000   37.5000 8707.9209   15.2332
   -7.5000  -37.5000   37.5000 9466.2705   15.1831
    0.0000  -37.5000   37.5000 9951.0527   15.1765
    7.5000  -37.5000   37.5000 9306.4951   15.1565
   -7.5000  -30.0000   37.500010430.7559   15.1465
    0.0000  -30.0000   37.500010945.4912   15.1436
    7.5000  -30.0000   37.500010262.6211   15.1218
   -7.5000  -22.5000   37.500011484.4580   15.1531
    0.0000  -22.5000   37.500012103.6387   15.1567
    7.5000  -22.5000   37.500011301.1689   15.1346
   -7.5000  -15.0000   37.500012520.8730   15.1722
    0.0000  -15.0000   37.500013208.3438   15.1789
    7.5000  -15.0000   37.500012319.2168   15.1580
   -7.5000   -7.5000   37.500013284.8262   15.1724
    0.0000   -7.5000   37.500013901.1748   15.1752
    7.5000   -7.5000   37.500013122.5664   15.1560
   -7.5000    0.0000   37.500013935.0430   15.1553
    0.0000    0.0000   37.500014531.3477   15.1512
    7.5000    0.0000   37.500013799.8535   15.1326
   -7.5000    7.5000   37.500013523.3975   15.1392
    0.0000    7.5000   37.500014189.5879   15.1325
    7.5000    7.5000   37.500013375.1807   15.1123
   -7.5000   15.0000   37.500012851.4395   15.1371
    0.0000   15.0000   37.500013563.2559   15.1341
    7.5000   15.0000   37.500012714.8496   15.1121
   -7.5000   22.5000   37.500012044.5371   15.1460
    0.0000   22.5000   37.500012694.2725   15.1496
    7.5000   22.5000   37.500011893.4873   15.1276
   -7.5000   30.0000   37.500011146.4521   14.9759
    0.0000   30.0000   37.500011760.2539   14.9825
    7.5000   30.0000   37.500011017.7598   14.9619
   -7.5000   37.5000   37.500010615.3281   14.9761
    0.0000   37.5000   37.500011170.9561   14.9788
    7.5000   37.5000   37.500010487.7725   14.9598
   -7.5000   45.0000   37.5000 9647.4785   14.6080
    0.0000   45.0000   37.500010142.5693   14.6040
    7.5000   45.0000   37.5000 9528.0830   14.5860
   -7.5000  -45.0000   45.0000 8048.1963   15.4520
    0.0000  -45.0000   45.0000 8471.1738   15.4473
    7.5000  -45.0000   45.0000 7933.4473   15.4256
   -7.5000  -37.5000   45.0000 8597.9961   15.3725
    0.0000  -37.5000   45.0000 9025.1650   15.3647
    7.5000  -37.5000   45.0000 8505.4053   15.3432
   -7.5000  -30.0000   45.0000 9461.3477   15.3334
    0.0000  -30.0000   45.0000 9912.7354   15.3299
    7.5000  -30.0000   45.0000 9381.1562   15.3087
   -7.5000  -22.5000   45.000010422.5020   15.3437
    0.0000  -22.5000   45.000010959.3799   15.3478
    7.5000  -22.5000   45.000010345.4326   15.3266
   -7.5000  -15.0000   45.000011341.6016   15.3675
    0.0000  -15.0000   45.000011870.3262   15.3749
    7.5000  -15.0000   45.000011262.8896   15.3533
   -7.5000   -7.5000   45.000012026.8086   15.3685
    0.0000   -7.5000   45.000012509.0498   15.3712
    7.5000   -7.5000   45.000011954.1436   15.3492
   -7.5000    0.0000   45.000012640.4453   15.3481
    0.0000    0.0000   45.000013146.6777   15.3431
    7.5000    0.0000   45.000012547.5234   15.3212
   -7.5000    7.5000   45.000012325.2754   15.3273
    0.0000    7.5000   45.000012873.1709   15.3193
    7.5000    7.5000   45.000012215.4590   15.2976
   -7.5000   15.0000   45.000011770.6338   15.3237
    0.0000   15.0000   45.000012341.0234   15.3202
    7.5000   15.0000   45.000011659.2695   15.2988
   -7.5000   22.5000   45.000011100.2256   15.3365
    0.0000   22.5000   45.000011641.6465   15.3406
    7.5000   22.5000   45.000010983.4346   15.3194
   -7.5000   30.0000   45.000010316.4971   15.1672
    0.0000   30.0000   45.000010827.2461   15.1746
    7.5000   30.0000   45.000010197.6006   15.1533
   -7.5000   37.5000   45.0000 9831.7969   15.1683
    0.0000   37.5000   45.000010326.5986   15.1710
    7.5000   37.5000   45.0000 9722.1201   15.1492
   -7.5000   45.0000   45.0000 8922.9629   14.8006
    0.0000   45.0000   45.0000 9360.7520   14.7957
    7.5000   45.0000   45.0000 8831.8252   14.7746

---------------------------------------------------------------------
imgreg_4dfp /opt/freesurfer/average/711-2C_as_mni_average_305 /opt/freesurfer/average/711-2B_as_mni_average_305_mask talsrcimg_g11 none talsrcimg_to_711-2C_as_mni_average_305_t4 4355
---------------------------------------------------------------------

freesurfer imgreg_4dfp.c
/opt/freesurfer/average/711-2C_as_mni_average_305.4dfp.img
       256       256       256         1
  1.000000  1.000000  1.000000
orientation T byte_order littleendian
Reading image: /opt/freesurfer/average/711-2C_as_mni_average_305.4dfp.img
dimensions:      256       256       256
mmppix:       1.0000   -1.0000   -1.0000
center:     128.0000 -129.0000 -129.0000
/opt/freesurfer/average/711-2B_as_mni_average_305_mask.4dfp.img
       256       256       256         1
  1.000000  1.000000  1.000000
orientation T byte_order littleendian
Reading mask: /opt/freesurfer/average/711-2B_as_mni_average_305_mask.4dfp.img (2306576 pixels)
talsrcimg_g11.4dfp.img
       256       256       256         1
  1.000000  1.000000  1.000000
orientation T byte_order littleendian
Reading image: talsrcimg_g11.4dfp.img
dimensions:      256       256       256
mmppix:       1.0000   -1.0000   -1.0000
center:     128.0000 -129.0000 -129.0000
rotation matrix determinant  1.000000
image alignment mode   4355 decimal     1103 hex
   -7.5000  -45.0000  -45.0000 2053.0540   18.1370
    0.0000  -45.0000  -45.0000 2057.1301   18.1181
    7.5000  -45.0000  -45.0000 2050.1892   18.2620
   -7.5000  -37.5000  -45.0000 2121.4651   16.8707
    0.0000  -37.5000  -45.0000 2129.3608   16.8852
    7.5000  -37.5000  -45.0000 2116.3750   17.0163
   -7.5000  -30.0000  -45.0000 2157.4287   16.0405
    0.0000  -30.0000  -45.0000 2167.1970   16.0848
    7.5000  -30.0000  -45.0000 2156.4558   16.1912
   -7.5000  -22.5000  -45.0000 2180.3252   15.6781
    0.0000  -22.5000  -45.0000 2191.0359   15.7363
    7.5000  -22.5000  -45.0000 2179.4148   15.8346
   -7.5000  -15.0000  -45.0000 2196.4966   15.5936
    0.0000  -15.0000  -45.0000 2203.8792   15.6171
    7.5000  -15.0000  -45.0000 2194.8220   15.7588
   -7.5000   -7.5000  -45.0000 2194.7148   15.8256
    0.0000   -7.5000  -45.0000 2205.7100   15.8468
    7.5000   -7.5000  -45.0000 2192.5005   15.9706
   -7.5000    0.0000  -45.0000 2174.5354   16.2196
    0.0000    0.0000  -45.0000 2186.1909   16.2682
    7.5000    0.0000  -45.0000 2168.8347   16.3841
   -7.5000    7.5000  -45.0000 2154.5667   16.8723
    0.0000    7.5000  -45.0000 2164.3667   16.9040
    7.5000    7.5000  -45.0000 2145.9888   16.9826
   -7.5000   15.0000  -45.0000 2114.9084   17.7575
    0.0000   15.0000  -45.0000 2128.4238   17.7596
    7.5000   15.0000  -45.0000 2108.4082   17.8044
   -7.5000   22.5000  -45.0000 2070.0383   18.8527
    0.0000   22.5000  -45.0000 2080.2078   18.8489
    7.5000   22.5000  -45.0000 2056.4126   18.9101
   -7.5000   30.0000  -45.0000 2009.2911   20.4077
    0.0000   30.0000  -45.0000 2015.8717   20.3532
    7.5000   30.0000  -45.0000 1993.0298   20.4014
   -7.5000   37.5000  -45.0000 1923.0186   22.3441
    0.0000   37.5000  -45.0000 1928.0989   22.2749
    7.5000   37.5000  -45.0000 1910.3296   22.4364
   -7.5000   45.0000  -45.0000 1831.7397   24.8889
    0.0000   45.0000  -45.0000 1829.6400   24.6877
    7.5000   45.0000  -45.0000 1818.8024   24.9313
   -7.5000  -45.0000  -37.5000 2135.0674   16.9778
    0.0000  -45.0000  -37.5000 2136.0024   16.9911
    7.5000  -45.0000  -37.5000 2127.4937   17.0658
   -7.5000  -37.5000  -37.5000 2204.2905   15.7678
    0.0000  -37.5000  -37.5000 2210.5483   15.8364
    7.5000  -37.5000  -37.5000 2198.2747   15.8774
   -7.5000  -30.0000  -37.5000 2252.1140   14.9618
    0.0000  -30.0000  -37.5000 2256.6614   15.0340
    7.5000  -30.0000  -37.5000 2249.8511   15.1036
   -7.5000  -22.5000  -37.5000 2274.4409   14.5049
    0.0000  -22.5000  -37.5000 2281.2295   14.5841
    7.5000  -22.5000  -37.5000 2272.6602   14.6553
   -7.5000  -15.0000  -37.5000 2294.7961   14.3597
    0.0000  -15.0000  -37.5000 2302.9434   14.4209
    7.5000  -15.0000  -37.5000 2295.3210   14.4829
   -7.5000   -7.5000  -37.5000 2299.7673   14.4889
    0.0000   -7.5000  -37.5000 2309.2439   14.4997
    7.5000   -7.5000  -37.5000 2297.0830   14.5846
   -7.5000    0.0000  -37.5000 2289.6350   14.7749
    0.0000    0.0000  -37.5000 2302.9868   14.8280
    7.5000    0.0000  -37.5000 2280.5779   14.8827
   -7.5000    7.5000  -37.5000 2272.3398   15.3178
    0.0000    7.5000  -37.5000 2283.0791   15.3538
    7.5000    7.5000  -37.5000 2254.7646   15.4127
   -7.5000   15.0000  -37.5000 2228.8464   16.0900
    0.0000   15.0000  -37.5000 2244.4680   16.1336
    7.5000   15.0000  -37.5000 2218.9014   16.1366
   -7.5000   22.5000  -37.5000 2183.8408   17.1018
    0.0000   22.5000  -37.5000 2195.9878   17.1634
    7.5000   22.5000  -37.5000 2169.0698   17.1699
   -7.5000   30.0000  -37.5000 2121.0649   18.5459
    0.0000   30.0000  -37.5000 2128.4915   18.5795
    7.5000   30.0000  -37.5000 2102.0945   18.5515
   -7.5000   37.5000  -37.5000 2037.8905   20.3578
    0.0000   37.5000  -37.5000 2040.9133   20.3638
    7.5000   37.5000  -37.5000 2016.4360   20.4201
   -7.5000   45.0000  -37.5000 1935.6697   22.7108
    0.0000   45.0000  -37.5000 1933.4857   22.6050
    7.5000   45.0000  -37.5000 1916.2037   22.7274
   -7.5000  -45.0000  -30.0000 2249.3391   16.5358
    0.0000  -45.0000  -30.0000 2262.5872   16.5538
    7.5000  -45.0000  -30.0000 2245.2388   16.5469
   -7.5000  -37.5000  -30.0000 2329.3728   15.2997
    0.0000  -37.5000  -30.0000 2344.8843   15.3668
    7.5000  -37.5000  -30.0000 2326.6802   15.3711
   -7.5000  -30.0000  -30.0000 2385.3445   14.4783
    0.0000  -30.0000  -30.0000 2397.7502   14.5438
    7.5000  -30.0000  -30.0000 2384.1230   14.5703
   -7.5000  -22.5000  -30.0000 2420.1719   13.9599
    0.0000  -22.5000  -30.0000 2433.5508   14.0101
    7.5000  -22.5000  -30.0000 2414.8540   14.0679
   -7.5000  -15.0000  -30.0000 2439.8613   13.7142
    0.0000  -15.0000  -30.0000 2453.8494   13.7604
    7.5000  -15.0000  -30.0000 2434.9607   13.8089
   -7.5000   -7.5000  -30.0000 2445.8081   13.7367
    0.0000   -7.5000  -30.0000 2459.7415   13.7481
    7.5000   -7.5000  -30.0000 2439.2273   13.8419
   -7.5000    0.0000  -30.0000 2439.4846   13.9910
    0.0000    0.0000  -30.0000 2454.9402   14.0052
    7.5000    0.0000  -30.0000 2429.5615   14.1057
   -7.5000    7.5000  -30.0000 2421.9453   14.4922
    0.0000    7.5000  -30.0000 2433.7659   14.5129
    7.5000    7.5000  -30.0000 2411.6731   14.6101
   -7.5000   15.0000  -30.0000 2379.9214   15.2341
    0.0000   15.0000  -30.0000 2397.8301   15.2264
    7.5000   15.0000  -30.0000 2371.0154   15.3064
   -7.5000   22.5000  -30.0000 2327.0645   16.1875
    0.0000   22.5000  -30.0000 2344.5303   16.2258
    7.5000   22.5000  -30.0000 2319.1980   16.2666
   -7.5000   30.0000  -30.0000 2257.4397   17.5125
    0.0000   30.0000  -30.0000 2272.8992   17.5589
    7.5000   30.0000  -30.0000 2242.4185   17.5803
   -7.5000   37.5000  -30.0000 2170.0044   19.1851
    0.0000   37.5000  -30.0000 2179.9795   19.2761
    7.5000   37.5000  -30.0000 2153.1038   19.3301
   -7.5000   45.0000  -30.0000 2060.4390   21.4031
    0.0000   45.0000  -30.0000 2066.6372   21.4144
    7.5000   45.0000  -30.0000 2048.0393   21.4597
   -7.5000  -45.0000  -22.5000 2342.1660   16.0476
    0.0000  -45.0000  -22.5000 2360.8816   16.0245
    7.5000  -45.0000  -22.5000 2339.2175   16.0244
   -7.5000  -37.5000  -22.5000 2426.3311   14.8157
    0.0000  -37.5000  -22.5000 2443.1318   14.8088
    7.5000  -37.5000  -22.5000 2426.0212   14.8313
   -7.5000  -30.0000  -22.5000 2492.6350   13.9049
    0.0000  -30.0000  -22.5000 2511.0972   13.9151
    7.5000  -30.0000  -22.5000 2492.7305   13.9302
   -7.5000  -22.5000  -22.5000 2535.8892   13.3107
    0.0000  -22.5000  -22.5000 2550.2617   13.3218
    7.5000  -22.5000  -22.5000 2531.6687   13.3842
   -7.5000  -15.0000  -22.5000 2548.1377   13.0366
    0.0000  -15.0000  -22.5000 2565.2883   13.0164
    7.5000  -15.0000  -22.5000 2547.4934   13.1124
   -7.5000   -7.5000  -22.5000 2558.3496   12.9671
    0.0000   -7.5000  -22.5000 2573.6521   12.9617
    7.5000   -7.5000  -22.5000 2556.2234   13.0904
   -7.5000    0.0000  -22.5000 2559.3503   13.2190
    0.0000    0.0000  -22.5000 2572.6345   13.2007
    7.5000    0.0000  -22.5000 2556.0935   13.3432
   -7.5000    7.5000  -22.5000 2538.3772   13.6703
    0.0000    7.5000  -22.5000 2550.5493   13.6190
    7.5000    7.5000  -22.5000 2532.5452   13.7728
   -7.5000   15.0000  -22.5000 2498.6724   14.3501
    0.0000   15.0000  -22.5000 2516.2632   14.3017
    7.5000   15.0000  -22.5000 2491.4265   14.4453
   -7.5000   22.5000  -22.5000 2440.5508   15.2578
    0.0000   22.5000  -22.5000 2462.3445   15.2492
    7.5000   22.5000  -22.5000 2436.2986   15.3534
   -7.5000   30.0000  -22.5000 2366.9504   16.4457
    0.0000   30.0000  -22.5000 2387.3479   16.4601
    7.5000   30.0000  -22.5000 2363.0842   16.5635
   -7.5000   37.5000  -22.5000 2274.2451   17.9900
    0.0000   37.5000  -22.5000 2290.2822   18.0439
    7.5000   37.5000  -22.5000 2263.0229   18.1205
   -7.5000   45.0000  -22.5000 2154.2727   20.0278
    0.0000   45.0000  -22.5000 2170.6189   20.0353
    7.5000   45.0000  -22.5000 2149.3713   20.1000
   -7.5000  -45.0000  -15.0000 2394.6277   15.5538
    0.0000  -45.0000  -15.0000 2410.9268   15.4638
    7.5000  -45.0000  -15.0000 2395.8457   15.5742
   -7.5000  -37.5000  -15.0000 2488.7998   14.3301
    0.0000  -37.5000  -15.0000 2502.8318   14.2486
    7.5000  -37.5000  -15.0000 2489.1575   14.3476
   -7.5000  -30.0000  -15.0000 2559.0935   13.3802
    0.0000  -30.0000  -15.0000 2573.8362   13.3060
    7.5000  -30.0000  -15.0000 2561.3855   13.3916
   -7.5000  -22.5000  -15.0000 2607.0942   12.7380
    0.0000  -22.5000  -15.0000 2620.8577   12.6665
    7.5000  -22.5000  -15.0000 2609.6843   12.7662
   -7.5000  -15.0000  -15.0000 2624.5977   12.3887
    0.0000  -15.0000  -15.0000 2638.6248   12.3304
    7.5000  -15.0000  -15.0000 2627.6914   12.4707
   -7.5000   -7.5000  -15.0000 2636.8967   12.2692
    0.0000   -7.5000  -15.0000 2649.4399   12.2427
    7.5000   -7.5000  -15.0000 2641.8613   12.3930
   -7.5000    0.0000  -15.0000 2640.0332   12.5261
    0.0000    0.0000  -15.0000 2646.4749   12.4767
    7.5000    0.0000  -15.0000 2641.4583   12.6258
   -7.5000    7.5000  -15.0000 2625.1194   12.9268
    0.0000    7.5000  -15.0000 2634.8005   12.8555
    7.5000    7.5000  -15.0000 2624.7390   13.0215
   -7.5000   15.0000  -15.0000 2586.8477   13.5661
    0.0000   15.0000  -15.0000 2601.8967   13.4655
    7.5000   15.0000  -15.0000 2584.1462   13.6338
   -7.5000   22.5000  -15.0000 2528.0144   14.4297
    0.0000   22.5000  -15.0000 2544.4897   14.3696
    7.5000   22.5000  -15.0000 2529.9424   14.4932
   -7.5000   30.0000  -15.0000 2450.8311   15.5293
    0.0000   30.0000  -15.0000 2465.1750   15.4928
    7.5000   30.0000  -15.0000 2449.5479   15.6276
   -7.5000   37.5000  -15.0000 2353.4084   16.9612
    0.0000   37.5000  -15.0000 2366.9160   16.9277
    7.5000   37.5000  -15.0000 2347.1592   17.0553
   -7.5000   45.0000  -15.0000 2224.7427   18.8359
    0.0000   45.0000  -15.0000 2240.3118   18.8106
    7.5000   45.0000  -15.0000 2219.7292   18.8761
   -7.5000  -45.0000   -7.5000 2426.6211   15.1637
    0.0000  -45.0000   -7.5000 2439.7808   15.0638
    7.5000  -45.0000   -7.5000 2432.4397   15.2061
   -7.5000  -37.5000   -7.5000 2525.8254   13.9140
    0.0000  -37.5000   -7.5000 2538.9619   13.7964
    7.5000  -37.5000   -7.5000 2535.0920   13.9433
   -7.5000  -30.0000   -7.5000 2595.2932   12.9189
    0.0000  -30.0000   -7.5000 2609.9209   12.8057
    7.5000  -30.0000   -7.5000 2610.0330   12.9451
   -7.5000  -22.5000   -7.5000 2652.1367   12.2493
    0.0000  -22.5000   -7.5000 2669.3984   12.1447
    7.5000  -22.5000   -7.5000 2670.9836   12.2697
   -7.5000  -15.0000   -7.5000 2679.1355   11.8508
    0.0000  -15.0000   -7.5000 2692.5591   11.7420
    7.5000  -15.0000   -7.5000 2694.0259   11.9061
   -7.5000   -7.5000   -7.5000 2700.3672   11.6722
    0.0000   -7.5000   -7.5000 2711.4246   11.6052
    7.5000   -7.5000   -7.5000 2708.4802   11.7726
   -7.5000    0.0000   -7.5000 2706.7563   11.8927
    0.0000    0.0000   -7.5000 2715.2871   11.8307
    7.5000    0.0000   -7.5000 2713.4875   11.9875
   -7.5000    7.5000   -7.5000 2698.8660   12.2975
    0.0000    7.5000   -7.5000 2707.7183   12.2069
    7.5000    7.5000   -7.5000 2704.6523   12.3666
   -7.5000   15.0000   -7.5000 2665.4165   12.9144
    0.0000   15.0000   -7.5000 2676.2742   12.8008
    7.5000   15.0000   -7.5000 2668.7759   12.9721
   -7.5000   22.5000   -7.5000 2608.3174   13.7130
    0.0000   22.5000   -7.5000 2616.8828   13.6134
    7.5000   22.5000   -7.5000 2612.2708   13.7945
   -7.5000   30.0000   -7.5000 2525.2168   14.7558
    0.0000   30.0000   -7.5000 2526.9270   14.6865
    7.5000   30.0000   -7.5000 2523.9355   14.8572
   -7.5000   37.5000   -7.5000 2425.1702   16.1580
    0.0000   37.5000   -7.5000 2427.9456   16.0497
    7.5000   37.5000   -7.5000 2419.2268   16.2124
   -7.5000   45.0000   -7.5000 2297.5417   17.9075
    0.0000   45.0000   -7.5000 2305.1638   17.8173
    7.5000   45.0000   -7.5000 2287.9272   17.9193
   -7.5000  -45.0000    0.0000 2426.8860   14.9402
    0.0000  -45.0000    0.0000 2436.9553   14.8236
    7.5000  -45.0000    0.0000 2442.6633   15.0047
   -7.5000  -37.5000    0.0000 2531.4617   13.6644
    0.0000  -37.5000    0.0000 2545.8318   13.5403
    7.5000  -37.5000    0.0000 2549.8711   13.7113
   -7.5000  -30.0000    0.0000 2608.1328   12.6564
    0.0000  -30.0000    0.0000 2625.9739   12.5460
    7.5000  -30.0000    0.0000 2633.3860   12.7021
   -7.5000  -22.5000    0.0000 2669.8728   11.9642
    0.0000  -22.5000    0.0000 2689.7456   11.8454
    7.5000  -22.5000    0.0000 2699.7227   11.9870
   -7.5000  -15.0000    0.0000 2709.7285   11.5070
    0.0000  -15.0000    0.0000 2726.7510   11.3865
    7.5000  -15.0000    0.0000 2734.1956   11.5462
   -7.5000   -7.5000    0.0000 2740.8582   11.2750
    0.0000   -7.5000    0.0000 2752.7295   11.1748
    7.5000   -7.5000    0.0000 2753.6411   11.3628
   -7.5000    0.0000    0.0000 2761.2642   11.4653
    0.0000    0.0000    0.0000 2764.8381   11.3593
    7.5000    0.0000    0.0000 2765.5974   11.5592
   -7.5000    7.5000    0.0000 2755.6846   11.8968
    0.0000    7.5000    0.0000 2762.1372   11.7518
    7.5000    7.5000    0.0000 2761.8977   11.9553
   -7.5000   15.0000    0.0000 2724.5012   12.4835
    0.0000   15.0000    0.0000 2730.2839   12.3235
    7.5000   15.0000    0.0000 2732.0740   12.5241
   -7.5000   22.5000    0.0000 2671.7058   13.2215
    0.0000   22.5000    0.0000 2676.0952   13.0899
    7.5000   22.5000    0.0000 2681.2112   13.3041
   -7.5000   30.0000    0.0000 2591.7217   14.2016
    0.0000   30.0000    0.0000 2591.2878   14.1016
    7.5000   30.0000    0.0000 2592.3486   14.3230
   -7.5000   37.5000    0.0000 2489.3789   15.5222
    0.0000   37.5000    0.0000 2493.3147   15.3967
    7.5000   37.5000    0.0000 2484.7097   15.6235
   -7.5000   45.0000    0.0000 2356.8667   17.1899
    0.0000   45.0000    0.0000 2364.5054   17.0913
    7.5000   45.0000    0.0000 2348.2158   17.2777
   -7.5000  -45.0000    7.5000 2415.2048   14.9705
    0.0000  -45.0000    7.5000 2428.3115   14.8560
    7.5000  -45.0000    7.5000 2440.1067   15.0065
   -7.5000  -37.5000    7.5000 2518.6865   13.6571
    0.0000  -37.5000    7.5000 2531.5112   13.5355
    7.5000  -37.5000    7.5000 2548.0210   13.6873
   -7.5000  -30.0000    7.5000 2603.7192   12.6654
    0.0000  -30.0000    7.5000 2617.0562   12.5230
    7.5000  -30.0000    7.5000 2635.7585   12.6711
   -7.5000  -22.5000    7.5000 2676.7466   11.9694
    0.0000  -22.5000    7.5000 2688.4165   11.8515
    7.5000  -22.5000    7.5000 2711.5828   11.9626
   -7.5000  -15.0000    7.5000 2732.9875   11.5059
    0.0000  -15.0000    7.5000 2742.4219   11.4044
    7.5000  -15.0000    7.5000 2758.5510   11.4848
   -7.5000   -7.5000    7.5000 2774.0645   11.1861
    0.0000   -7.5000    7.5000 2777.5583   11.0687
    7.5000   -7.5000    7.5000 2786.2227   11.2325
   -7.5000    0.0000    7.5000 2807.6892   11.2756
    0.0000    0.0000    7.5000 2799.8054   11.1379
    7.5000    0.0000    7.5000 2806.6660   11.3632
   -7.5000    7.5000    7.5000 2810.1699   11.7045
    0.0000    7.5000    7.5000 2803.4839   11.5376
    7.5000    7.5000    7.5000 2812.0806   11.7548
   -7.5000   15.0000    7.5000 2782.3162   12.2514
    0.0000   15.0000    7.5000 2776.9429   12.0785
    7.5000   15.0000    7.5000 2790.6531   12.2847
   -7.5000   22.5000    7.5000 2733.3533   12.9239
    0.0000   22.5000    7.5000 2725.5815   12.7821
    7.5000   22.5000    7.5000 2740.8997   12.9998
   -7.5000   30.0000    7.5000 2653.5183   13.8605
    0.0000   30.0000    7.5000 2645.4646   13.7220
    7.5000   30.0000    7.5000 2651.6533   13.9632
   -7.5000   37.5000    7.5000 2547.2058   15.1662
    0.0000   37.5000    7.5000 2543.9021   15.0152
    7.5000   37.5000    7.5000 2541.1792   15.2711
   -7.5000   45.0000    7.5000 2411.1011   16.7646
    0.0000   45.0000    7.5000 2414.2190   16.6413
    7.5000   45.0000    7.5000 2399.0220   16.8738
   -7.5000  -45.0000   15.0000 2379.3997   15.2836
    0.0000  -45.0000   15.0000 2395.8342   15.1714
    7.5000  -45.0000   15.0000 2401.2581   15.2171
   -7.5000  -37.5000   15.0000 2489.3945   13.9546
    0.0000  -37.5000   15.0000 2505.7356   13.8456
    7.5000  -37.5000   15.0000 2513.2634   13.8797
   -7.5000  -30.0000   15.0000 2587.9294   12.9625
    0.0000  -30.0000   15.0000 2602.6357   12.8491
    7.5000  -30.0000   15.0000 2612.5952   12.8785
   -7.5000  -22.5000   15.0000 2681.3591   12.3224
    0.0000  -22.5000   15.0000 2698.1184   12.2124
    7.5000  -22.5000   15.0000 2707.5537   12.2085
   -7.5000  -15.0000   15.0000 2758.3054   11.9281
    0.0000  -15.0000   15.0000 2778.5654   11.8832
    7.5000  -15.0000   15.0000 2780.7720   11.7583
   -7.5000   -7.5000   15.0000 2811.8142   11.5335
    0.0000   -7.5000   15.0000 2834.6006   11.5093
    7.5000   -7.5000   15.0000 2822.1938   11.4691
   -7.5000    0.0000   15.0000 2844.2881   11.3793
    0.0000    0.0000   15.0000 2850.7253   11.3180
    7.5000    0.0000   15.0000 2836.1118   11.4363
   -7.5000    7.5000   15.0000 2838.9307   11.6590
    0.0000    7.5000   15.0000 2851.3230   11.5875
    7.5000    7.5000   15.0000 2832.3428   11.7106
   -7.5000   15.0000   15.0000 2802.3606   12.1135
    0.0000   15.0000   15.0000 2823.4243   12.0490
    7.5000   15.0000   15.0000 2803.7576   12.1573
   -7.5000   22.5000   15.0000 2756.6667   12.7308
    0.0000   22.5000   15.0000 2775.9871   12.6710
    7.5000   22.5000   15.0000 2757.4087   12.7703
   -7.5000   30.0000   15.0000 2675.6111   13.6625
    0.0000   30.0000   15.0000 2692.5918   13.6230
    7.5000   30.0000   15.0000 2668.8638   13.7337
   -7.5000   37.5000   15.0000 2574.5239   14.9626
    0.0000   37.5000   15.0000 2593.0039   14.9536
    7.5000   37.5000   15.0000 2562.2532   15.0220
   -7.5000   45.0000   15.0000 2443.8254   16.5799
    0.0000   45.0000   15.0000 2464.1965   16.6215
    7.5000   45.0000   15.0000 2431.6455   16.6508
   -7.5000  -45.0000   22.5000 2356.7625   15.9583
    0.0000  -45.0000   22.5000 2368.1587   15.8667
    7.5000  -45.0000   22.5000 2372.5835   15.8398
   -7.5000  -37.5000   22.5000 2477.0796   14.5635
    0.0000  -37.5000   22.5000 2486.6663   14.4658
    7.5000  -37.5000   22.5000 2490.0955   14.4498
   -7.5000  -30.0000   22.5000 2587.7419   13.5347
    0.0000  -30.0000   22.5000 2600.6433   13.4609
    7.5000  -30.0000   22.5000 2602.6335   13.4058
   -7.5000  -22.5000   22.5000 2691.2925   12.8285
    0.0000  -22.5000   22.5000 2716.0232   12.7948
    7.5000  -22.5000   22.5000 2708.9536   12.7111
   -7.5000  -15.0000   22.5000 2791.2603   12.4172
    0.0000  -15.0000   22.5000 2832.4841   12.4908
    7.5000  -15.0000   22.5000 2802.6638   12.2760
   -7.5000   -7.5000   22.5000 2862.4375   12.1067
    0.0000   -7.5000   22.5000 2930.4175   12.2847
    7.5000   -7.5000   22.5000 2857.9248   11.9463
   -7.5000    0.0000   22.5000 2884.5527   11.7667
    0.0000    0.0000   22.5000 2936.9768   11.8656
    7.5000    0.0000   22.5000 2866.7019   11.7344
   -7.5000    7.5000   22.5000 2856.2803   11.7345
    0.0000    7.5000   22.5000 2897.8135   11.7851
    7.5000    7.5000   22.5000 2842.8433   11.7883
   -7.5000   15.0000   22.5000 2814.8364   12.0558
    0.0000   15.0000   22.5000 2844.9746   12.0619
    7.5000   15.0000   22.5000 2811.0608   12.1266
   -7.5000   22.5000   22.5000 2768.2944   12.6774
    0.0000   22.5000   22.5000 2785.4707   12.6777
    7.5000   22.5000   22.5000 2766.1353   12.7421
   -7.5000   30.0000   22.5000 2691.7417   13.6424
    0.0000   30.0000   22.5000 2704.3538   13.6299
    7.5000   30.0000   22.5000 2685.3933   13.7085
   -7.5000   37.5000   22.5000 2596.5364   14.9355
    0.0000   37.5000   22.5000 2608.0525   14.9429
    7.5000   37.5000   22.5000 2586.3835   15.0076
   -7.5000   45.0000   22.5000 2466.6953   16.5929
    0.0000   45.0000   22.5000 2477.4885   16.6115
    7.5000   45.0000   22.5000 2455.9631   16.6947
   -7.5000  -45.0000   30.0000 2329.8477   16.9041
    0.0000  -45.0000   30.0000 2353.3616   16.8572
    7.5000  -45.0000   30.0000 2348.3765   16.8200
   -7.5000  -37.5000   30.0000 2459.0854   15.4184
    0.0000  -37.5000   30.0000 2479.9097   15.3863
    7.5000  -37.5000   30.0000 2472.3257   15.3344
   -7.5000  -30.0000   30.0000 2580.3577   14.2989
    0.0000  -30.0000   30.0000 2605.0762   14.3086
    7.5000  -30.0000   30.0000 2591.1111   14.2168
   -7.5000  -22.5000   30.0000 2690.4756   13.4474
    0.0000  -22.5000   30.0000 2720.0344   13.5156
    7.5000  -22.5000   30.0000 2701.0413   13.3924
   -7.5000  -15.0000   30.0000 2793.1841   12.9168
    0.0000  -15.0000   30.0000 2836.2341   13.0134
    7.5000  -15.0000   30.0000 2797.0745   12.8307
   -7.5000   -7.5000   30.0000 2862.8752   12.4420
    0.0000   -7.5000   30.0000 2917.0425   12.5578
    7.5000   -7.5000   30.0000 2854.2239   12.3884
   -7.5000    0.0000   30.0000 2896.1443   12.0576
    0.0000    0.0000   30.0000 2922.9382   12.0482
    7.5000    0.0000   30.0000 2878.2351   12.1551
   -7.5000    7.5000   30.0000 2875.7312   12.0338
    0.0000    7.5000   30.0000 2897.4470   12.0208
    7.5000    7.5000   30.0000 2865.3086   12.1657
   -7.5000   15.0000   30.0000 2828.2214   12.3287
    0.0000   15.0000   30.0000 2860.6655   12.3675
    7.5000   15.0000   30.0000 2826.3601   12.4577
   -7.5000   22.5000   30.0000 2763.4312   12.9499
    0.0000   22.5000   30.0000 2776.8347   12.9759
    7.5000   22.5000   30.0000 2760.1025   13.0544
   -7.5000   30.0000   30.0000 2680.2571   13.8859
    0.0000   30.0000   30.0000 2688.2183   13.8517
    7.5000   30.0000   30.0000 2674.6506   13.9593
   -7.5000   37.5000   30.0000 2584.3455   15.1136
    0.0000   37.5000   30.0000 2593.7546   15.0902
    7.5000   37.5000   30.0000 2575.0693   15.1994
   -7.5000   45.0000   30.0000 2458.8635   16.7104
    0.0000   45.0000   30.0000 2469.3699   16.7049
    7.5000   45.0000   30.0000 2448.5720   16.8109
   -7.5000  -45.0000   37.5000 2304.4766   17.8715
    0.0000  -45.0000   37.5000 2332.0198   17.8874
    7.5000  -45.0000   37.5000 2321.7939   17.8458
   -7.5000  -37.5000   37.5000 2436.2246   16.2181
    0.0000  -37.5000   37.5000 2456.4941   16.2109
    7.5000  -37.5000   37.5000 2444.9358   16.2023
   -7.5000  -30.0000   37.5000 2551.9438   14.9882
    0.0000  -30.0000   37.5000 2573.0056   14.9473
    7.5000  -30.0000   37.5000 2561.7600   14.9512
   -7.5000  -22.5000   37.5000 2655.8738   14.0083
    0.0000  -22.5000   37.5000 2672.4102   13.9644
    7.5000  -22.5000   37.5000 2669.9792   13.9873
   -7.5000  -15.0000   37.5000 2753.0879   13.3420
    0.0000  -15.0000   37.5000 2773.4185   13.2927
    7.5000  -15.0000   37.5000 2765.7720   13.2952
   -7.5000   -7.5000   37.5000 2822.0068   12.7102
    0.0000   -7.5000   37.5000 2845.9167   12.6251
    7.5000   -7.5000   37.5000 2824.0732   12.7853
   -7.5000    0.0000   37.5000 2866.0269   12.3195
    0.0000    0.0000   37.5000 2869.0864   12.1493
    7.5000    0.0000   37.5000 2864.4771   12.4957
   -7.5000    7.5000   37.5000 2860.3528   12.3865
    0.0000    7.5000   37.5000 2881.1133   12.2699
    7.5000    7.5000   37.5000 2856.6587   12.5029
   -7.5000   15.0000   37.5000 2819.4531   12.7591
    0.0000   15.0000   37.5000 2850.4438   12.6689
    7.5000   15.0000   37.5000 2822.0286   12.8519
   -7.5000   22.5000   37.5000 2751.7214   13.4120
    0.0000   22.5000   37.5000 2770.6484   13.3753
    7.5000   22.5000   37.5000 2754.9753   13.5170
   -7.5000   30.0000   37.5000 2662.0857   14.3289
    0.0000   30.0000   37.5000 2675.0396   14.3024
    7.5000   30.0000   37.5000 2655.8718   14.4356
   -7.5000   37.5000   37.5000 2561.8003   15.5192
    0.0000   37.5000   37.5000 2568.8777   15.4988
    7.5000   37.5000   37.5000 2549.9766   15.6390
   -7.5000   45.0000   37.5000 2432.4097   17.0486
    0.0000   45.0000   37.5000 2439.6313   17.0458
    7.5000   45.0000   37.5000 2420.9302   17.1677
   -7.5000  -45.0000   45.0000 2261.5544   18.9274
    0.0000  -45.0000   45.0000 2280.2429   18.8712
    7.5000  -45.0000   45.0000 2277.7532   18.9222
   -7.5000  -37.5000   45.0000 2389.7900   17.0596
    0.0000  -37.5000   45.0000 2402.2817   16.9625
    7.5000  -37.5000   45.0000 2401.0935   17.0967
   -7.5000  -30.0000   45.0000 2496.6243   15.6555
    0.0000  -30.0000   45.0000 2507.3816   15.5121
    7.5000  -30.0000   45.0000 2511.9041   15.7280
   -7.5000  -22.5000   45.0000 2600.2090   14.6329
    0.0000  -22.5000   45.0000 2606.5891   14.4647
    7.5000  -22.5000   45.0000 2620.2820   14.6680
   -7.5000  -15.0000   45.0000 2693.5088   13.8629
    0.0000  -15.0000   45.0000 2702.6140   13.6995
    7.5000  -15.0000   45.0000 2709.4604   13.8713
   -7.5000   -7.5000   45.0000 2759.9666   13.1309
    0.0000   -7.5000   45.0000 2760.8823   12.9169
    7.5000   -7.5000   45.0000 2765.4348   13.2886
   -7.5000    0.0000   45.0000 2799.3665   12.7857
    0.0000    0.0000   45.0000 2794.4399   12.6183
    7.5000    0.0000   45.0000 2798.0474   12.9491
   -7.5000    7.5000   45.0000 2808.8398   12.8836
    0.0000    7.5000   45.0000 2819.3818   12.7450
    7.5000    7.5000   45.0000 2808.4045   12.9755
   -7.5000   15.0000   45.0000 2773.9331   13.2449
    0.0000   15.0000   45.0000 2796.1562   13.1350
    7.5000   15.0000   45.0000 2774.6067   13.3265
   -7.5000   22.5000   45.0000 2711.7617   13.8868
    0.0000   22.5000   45.0000 2734.3032   13.8150
    7.5000   22.5000   45.0000 2716.3569   14.0049
   -7.5000   30.0000   45.0000 2625.3193   14.8736
    0.0000   30.0000   45.0000 2641.4858   14.8254
    7.5000   30.0000   45.0000 2621.6172   14.9803
   -7.5000   37.5000   45.0000 2524.2339   16.1037
    0.0000   37.5000   45.0000 2539.3022   16.0559
    7.5000   37.5000   45.0000 2516.9001   16.1887
   -7.5000   45.0000   45.0000 2384.4104   17.5833
    0.0000   45.0000   45.0000 2391.6013   17.5472
    7.5000   45.0000   45.0000 2380.9434   17.6633

---------------------------------------------------------------------
imgreg_4dfp /opt/freesurfer/average/711-2C_as_mni_average_305 /opt/freesurfer/average/711-2B_as_mni_average_305_mask talsrcimg_g11 none talsrcimg_to_711-2C_as_mni_average_305_t4 1283
---------------------------------------------------------------------

freesurfer imgreg_4dfp.c
/opt/freesurfer/average/711-2C_as_mni_average_305.4dfp.img
       256       256       256         1
  1.000000  1.000000  1.000000
orientation T byte_order littleendian
Reading image: /opt/freesurfer/average/711-2C_as_mni_average_305.4dfp.img
dimensions:      256       256       256
mmppix:       1.0000   -1.0000   -1.0000
center:     128.0000 -129.0000 -129.0000
/opt/freesurfer/average/711-2B_as_mni_average_305_mask.4dfp.img
       256       256       256         1
  1.000000  1.000000  1.000000
orientation T byte_order littleendian
Reading mask: /opt/freesurfer/average/711-2B_as_mni_average_305_mask.4dfp.img (2306576 pixels)
talsrcimg_g11.4dfp.img
       256       256       256         1
  1.000000  1.000000  1.000000
orientation T byte_order littleendian
Reading image: talsrcimg_g11.4dfp.img
dimensions:      256       256       256
mmppix:       1.0000   -1.0000   -1.0000
center:     128.0000 -129.0000 -129.0000
rotation matrix determinant  1.000000
fimgreg.f
image alignment mode   1283 decimal      503 hex
parameters
    0.0000    0.0000   22.5000    0.0000    0.0000    0.0000
eta,q 0.92262 11.97386
niter,ni,del,rscale     5    3   12.0000    1.2000
parameter  2  0.682021 ->  0.500000 qaram    1.1500
parameter  4  0.637308 ->  0.500000 qaram    1.1500
parameters
   -0.8206   -3.4500   25.3193   -3.4500   -0.3731   -2.1314
eta,q 0.93378 12.20914
  0.0917  0.0768  0.1023  0.0667  0.0720  0.0686
  0.0848  0.0717  0.0907  0.0669  0.0689  0.0669
  0.0800  0.0719  0.0790  0.0668  0.0675  0.0662
  0.0796  0.0787  0.0707  0.0680  0.0668  0.0670
  0.0850  0.0825  0.0678  0.0715  0.0665  0.0689
  0.0916  0.0843  0.0690  0.0764  0.0695  0.0718
  0.0977  0.0898  0.0728  0.0812  0.0745  0.0745
niter,ni,del,rscale     6    3   12.0000    1.2000
parameters
   -1.0359   -2.1946   25.1723   -6.2227   -0.2179   -1.6248
eta,q 0.93464 12.25245
  0.0815  0.0909  0.0825  0.0661  0.0723  0.0700
  0.0740  0.0797  0.0709  0.0660  0.0694  0.0682
  0.0687  0.0715  0.0655  0.0654  0.0670  0.0667
  0.0662  0.0663  0.0654  0.0653  0.0655  0.0655
  0.0693  0.0659  0.0681  0.0674  0.0657  0.0655
  0.0769  0.0711  0.0740  0.0707  0.0679  0.0666
  0.0827  0.0781  0.0822  0.0762  0.0726  0.0693
niter,ni,del,rscale     5    3   12.0000    1.2000
parameters
   -1.2248   -1.3852   24.7230   -9.2085    0.1208   -1.5849
eta,q 0.93423 12.37911
  0.0807  0.0848  0.0789  0.0642  0.0742  0.0683
  0.0729  0.0759  0.0686  0.0662  0.0705  0.0672
  0.0683  0.0687  0.0649  0.0654  0.0674  0.0664
  0.0654  0.0655  0.0651  0.0648  0.0658  0.0658
  0.0676  0.0650  0.0683  0.0651  0.0662  0.0658
  0.0753  0.0694  0.0736  0.0680  0.0687  0.0667
  0.0825  0.0784  0.0815  0.0720  0.0731  0.0688
niter,ni,del,rscale     4    3   12.0000    1.2000
parameter  4  0.731540 ->  0.500000 qaram    1.3225
parameters
   -1.1124   -0.7519   23.9012  -13.1761    0.0234   -2.3028
eta,q 0.93552 12.38602
  0.0853  0.0824  0.0783  0.0637  0.0737  0.0673
  0.0763  0.0718  0.0676  0.0639  0.0696  0.0657
  0.0700  0.0662  0.0642  0.0656  0.0659  0.0648
  0.0658  0.0657  0.0657  0.0646  0.0643  0.0643
  0.0678  0.0656  0.0708  0.0642  0.0654  0.0652
  0.0757  0.0682  0.0766  0.0647  0.0690  0.0669
  0.0843  0.0767  0.0827  0.0676  0.0752  0.0692
niter,ni,del,rscale     4    3   12.0000    1.2000
parameters
   -0.9443   -0.0870   23.7435   -9.8122   -0.2433   -1.2963
eta,q 0.93521 12.28392
  0.0882  0.0838  0.0838  0.0713  0.0720  0.0687
  0.0771  0.0720  0.0709  0.0661  0.0687  0.0678
  0.0685  0.0649  0.0655  0.0645  0.0661  0.0665
  0.0645  0.0644  0.0655  0.0654  0.0651  0.0652
  0.0676  0.0682  0.0691  0.0657  0.0658  0.0649
  0.0762  0.0704  0.0757  0.0642  0.0691  0.0657
  0.0853  0.0750  0.0822  0.0645  0.0741  0.0676
niter,ni,del,rscale     3    3   12.0000    1.2000
parameters
   -1.0248   -0.5341   23.7722  -12.6141   -0.1153   -2.1051
eta,q 0.93486 12.38865
  0.0839  0.0764  0.0842  0.0646  0.0746  0.0674
  0.0734  0.0676  0.0715  0.0637  0.0703  0.0662
  0.0670  0.0648  0.0647  0.0653  0.0670  0.0654
  0.0648  0.0648  0.0649  0.0649  0.0651  0.0651
  0.0679  0.0646  0.0686  0.0641  0.0658  0.0658
  0.0755  0.0712  0.0747  0.0648  0.0690  0.0671
  0.0838  0.0798  0.0802  0.0692  0.0747  0.0694
niter,ni,del,rscale     2    3   12.0000    1.2000
parameters
   -0.9360   -0.1421   23.7220   -9.7779   -0.2632   -1.2779
eta,q 0.93525 12.28714
  0.0880  0.0812  0.0848  0.0700  0.0722  0.0686
  0.0770  0.0706  0.0717  0.0654  0.0688  0.0677
  0.0687  0.0642  0.0658  0.0643  0.0661  0.0664
  0.0651  0.0652  0.0657  0.0657  0.0650  0.0651
  0.0685  0.0676  0.0692  0.0651  0.0655  0.0649
  0.0771  0.0693  0.0756  0.0640  0.0687  0.0658
  0.0860  0.0760  0.0819  0.0650  0.0737  0.0678
niter,ni,del,rscale     1    3   12.0000    1.2000
parameters
   -1.0220   -0.5374   23.7758  -12.6264   -0.1202   -2.1043
eta,q 0.93487 12.38889
  0.0839  0.0766  0.0843  0.0645  0.0746  0.0674
  0.0734  0.0677  0.0716  0.0637  0.0704  0.0662
  0.0670  0.0648  0.0647  0.0653  0.0670  0.0654
  0.0647  0.0647  0.0648  0.0649  0.0651  0.0651
  0.0679  0.0645  0.0685  0.0641  0.0657  0.0658
  0.0755  0.0710  0.0745  0.0648  0.0689  0.0671
  0.0838  0.0797  0.0801  0.0693  0.0746  0.0695
registration optimization eta report
parameter search radius
    6.0000    6.9000    6.0000    7.9350    6.0000    6.0000
100000*second partial in parameter space
       52.       30.       49.        4.       26.        9.
  0.0839  0.0766  0.0843  0.0645  0.0746  0.0674
  0.0734  0.0677  0.0716  0.0637  0.0704  0.0662
  0.0670  0.0648  0.0647  0.0653  0.0670  0.0654
  0.0647  0.0647  0.0648  0.0649  0.0651  0.0651
  0.0679  0.0645  0.0685  0.0641  0.0657  0.0658
  0.0755  0.0710  0.0745  0.0648  0.0689  0.0671
  0.0838  0.0797  0.0801  0.0693  0.0746  0.0695
   -1.0220   -0.5374   23.7758  -12.6264   -0.1202   -2.1043
eta,q 0.93487 12.38889

---------------------------------------------------------------------
imgreg_4dfp /opt/freesurfer/average/711-2C_as_mni_average_305 /opt/freesurfer/average/711-2B_as_mni_average_305_mask talsrcimg_g11 none talsrcimg_to_711-2C_as_mni_average_305_t4 3335
---------------------------------------------------------------------

freesurfer imgreg_4dfp.c
/opt/freesurfer/average/711-2C_as_mni_average_305.4dfp.img
       256       256       256         1
  1.000000  1.000000  1.000000
orientation T byte_order littleendian
Reading image: /opt/freesurfer/average/711-2C_as_mni_average_305.4dfp.img
dimensions:      256       256       256
mmppix:       1.0000   -1.0000   -1.0000
center:     128.0000 -129.0000 -129.0000
/opt/freesurfer/average/711-2B_as_mni_average_305_mask.4dfp.img
       256       256       256         1
  1.000000  1.000000  1.000000
orientation T byte_order littleendian
Reading mask: /opt/freesurfer/average/711-2B_as_mni_average_305_mask.4dfp.img (2306576 pixels)
talsrcimg_g11.4dfp.img
       256       256       256         1
  1.000000  1.000000  1.000000
orientation T byte_order littleendian
Reading image: talsrcimg_g11.4dfp.img
dimensions:      256       256       256
mmppix:       1.0000   -1.0000   -1.0000
center:     128.0000 -129.0000 -129.0000
fimgreg.f
image alignment mode   3335 decimal      D07 hex
parameters
   -1.0220   -0.5374   23.7758   -0.0677   -2.4825   -2.4186
    3.5372    1.0072   -3.6718   21.8370   -0.2097  -21.8592
eta,q 0.93969 12.44788
niter,ni,del,rscale     5    3    5.0000    1.2000
parameter  4  1.723026 ->  0.500000 qaram    1.1500
parameter  5  2.071288 ->  0.500000 qaram    1.1500
parameter  6  0.516371 ->  0.500000 qaram    1.1500
parameter 10  0.974115 ->  0.500000 qaram    1.1500
parameter 12 -0.511508 -> -0.500000 qaram    1.1500
parameters
   -0.8323   -0.3186   23.3086   -4.2077   -6.6225   -6.5586
    1.4766    1.0152   -2.3684   17.6970   -0.0877  -17.7192
eta,q 0.96618 12.45738
  0.0674  0.0642  0.0626  0.0445  0.0354  0.0378  0.0392  0.0449  0.0404  0.0338  0.0357  0.0368
  0.0637  0.0621  0.0609  0.0468  0.0375  0.0373  0.0376  0.0405  0.0386  0.0340  0.0349  0.0355
  0.0613  0.0608  0.0602  0.0517  0.0416  0.0372  0.0369  0.0378  0.0375  0.0350  0.0344  0.0346
  0.0603  0.0603  0.0603  0.0601  0.0478  0.0384  0.0373  0.0369  0.0369  0.0368  0.0341  0.0341
  0.0608  0.0606  0.0613  0.0709  0.0556  0.0435  0.0387  0.0377  0.0368  0.0387  0.0342  0.0339
  0.0626  0.0615  0.0630  0.0813  0.0634  0.0517  0.0410  0.0404  0.0373  0.0413  0.0348  0.0338
  0.0653  0.0628  0.0652  0.0901  0.0692  0.0624  0.0441  0.0450  0.0385  0.0453  0.0357  0.0340
niter,ni,del,rscale     7    3    5.0000    1.2000
parameter  2 -0.714523 -> -0.500000 qaram    1.1500
parameter  3  0.590202 ->  0.500000 qaram    1.1500
parameter  4  0.502384 ->  0.500000 qaram    1.3225
parameter  5  0.814395 ->  0.500000 qaram    1.3225
parameters
   -0.7438    1.0614   21.9286   -8.9687  -11.3835   -8.0218
    1.4992    1.2297   -2.3766   14.6876   -2.3739  -19.6332
eta,q 0.97473 12.06194
  0.0393  0.0422  0.0319  0.0310  0.0258  0.0285  0.0285  0.0302  0.0282  0.0277  0.0257  0.0261
  0.0363  0.0388  0.0316  0.0302  0.0259  0.0271  0.0272  0.0281  0.0270  0.0260  0.0254  0.0255
  0.0345  0.0359  0.0317  0.0302  0.0269  0.0263  0.0264  0.0267  0.0264  0.0254  0.0254  0.0253
  0.0338  0.0338  0.0321  0.0316  0.0301  0.0260  0.0261  0.0261  0.0261  0.0261  0.0254  0.0254
  0.0343  0.0325  0.0328  0.0364  0.0360  0.0259  0.0264  0.0264  0.0263  0.0281  0.0257  0.0257
  0.0358  0.0321  0.0337  0.0457  0.0441  0.0280  0.0271  0.0276  0.0270  0.0309  0.0261  0.0263
  0.0385  0.0324  0.0350  0.0574  0.0509  0.0344  0.0285  0.0299  0.0282  0.0337  0.0267  0.0272
niter,ni,del,rscale     7    3    5.0000    1.2000
parameter  2 -0.514593 -> -0.500000 qaram    1.3225
parameters
   -0.5301    2.6484   22.4632   -9.9753  -14.6942   -6.6379
    1.4600    1.5056   -2.4612   16.8379   -2.6690  -22.0428
eta,q 0.97616 11.99036
  0.0289  0.0333  0.0262  0.0287  0.0272  0.0277  0.0266  0.0281  0.0263  0.0304  0.0245  0.0245
  0.0270  0.0300  0.0252  0.0267  0.0256  0.0261  0.0253  0.0262  0.0252  0.0278  0.0242  0.0240
  0.0258  0.0272  0.0244  0.0250  0.0244  0.0250  0.0246  0.0249  0.0246  0.0257  0.0240  0.0238
  0.0253  0.0252  0.0240  0.0240  0.0242  0.0244  0.0244  0.0244  0.0244  0.0244  0.0240  0.0240
  0.0254  0.0242  0.0240  0.0239  0.0272  0.0244  0.0246  0.0247  0.0246  0.0240  0.0240  0.0243
  0.0263  0.0241  0.0243  0.0265  0.0348  0.0240  0.0253  0.0258  0.0253  0.0247  0.0243  0.0250
  0.0278  0.0253  0.0250  0.0342  0.0425  0.0265  0.0266  0.0276  0.0264  0.0265  0.0247  0.0258
niter,ni,del,rscale     7    3    5.0000    1.2000
parameters
   -0.5135    2.9447   22.4810   -8.9789  -16.0258   -7.0539
    1.4611    1.4183   -2.4613   17.5501   -2.4411  -22.5731
eta,q 0.97618 11.95787
  0.0269  0.0295  0.0252  0.0295  0.0283  0.0269  0.0260  0.0273  0.0259  0.0283  0.0246  0.0248
  0.0253  0.0266  0.0245  0.0272  0.0264  0.0254  0.0248  0.0254  0.0248  0.0262  0.0242  0.0243
  0.0242  0.0247  0.0240  0.0253  0.0246  0.0243  0.0241  0.0243  0.0241  0.0247  0.0240  0.0239
  0.0238  0.0238  0.0238  0.0238  0.0235  0.0238  0.0239  0.0239  0.0239  0.0239  0.0238  0.0238
  0.0242  0.0241  0.0239  0.0230  0.0235  0.0234  0.0241  0.0243  0.0241  0.0240  0.0239  0.0240
  0.0252  0.0254  0.0244  0.0237  0.0273  0.0238  0.0248  0.0255  0.0248  0.0251  0.0241  0.0245
  0.0269  0.0277  0.0252  0.0289  0.0358  0.0299  0.0260  0.0274  0.0259  0.0272  0.0245  0.0252
niter,ni,del,rscale     6    3    5.0000    1.2000
parameters
   -0.5187    3.0858   22.3311   -9.1247  -16.2581   -7.0786
    1.5023    1.3991   -2.4908   17.8707   -2.4210  -22.9076
eta,q 0.97607 11.94785
  0.0269  0.0286  0.0251  0.0290  0.0292  0.0272  0.0261  0.0273  0.0259  0.0279  0.0246  0.0250
  0.0252  0.0260  0.0244  0.0268  0.0272  0.0256  0.0249  0.0255  0.0248  0.0259  0.0243  0.0244
  0.0242  0.0244  0.0240  0.0251  0.0253  0.0245  0.0242  0.0244  0.0242  0.0246  0.0240  0.0241
  0.0238  0.0238  0.0238  0.0238  0.0239  0.0239  0.0239  0.0240  0.0239  0.0239  0.0239  0.0239
  0.0242  0.0243  0.0240  0.0234  0.0233  0.0235  0.0242  0.0243  0.0242  0.0242  0.0240  0.0241
  0.0252  0.0256  0.0246  0.0248  0.0252  0.0236  0.0249  0.0255  0.0248  0.0254  0.0243  0.0245
  0.0269  0.0277  0.0255  0.0315  0.0322  0.0290  0.0260  0.0274  0.0259  0.0275  0.0247  0.0252
niter,ni,del,rscale     5    3    5.0000    1.2000
parameters
   -0.5337    3.1410   22.2848   -9.0837  -16.3253   -7.1353
    1.5145    1.3757   -2.4942   17.9865   -2.3919  -23.0062
eta,q 0.97605 11.94702
  0.0269  0.0284  0.0253  0.0291  0.0293  0.0272  0.0260  0.0273  0.0259  0.0277  0.0247  0.0251
  0.0253  0.0259  0.0246  0.0270  0.0273  0.0256  0.0249  0.0255  0.0248  0.0258  0.0243  0.0245
  0.0243  0.0244  0.0241  0.0252  0.0254  0.0245  0.0242  0.0243  0.0242  0.0245  0.0241  0.0241
  0.0239  0.0239  0.0239  0.0239  0.0239  0.0239  0.0239  0.0239  0.0240  0.0240  0.0240  0.0240
  0.0243  0.0245  0.0241  0.0234  0.0233  0.0234  0.0242  0.0243  0.0242  0.0243  0.0240  0.0241
  0.0253  0.0259  0.0246  0.0247  0.0250  0.0236  0.0249  0.0255  0.0248  0.0255  0.0243  0.0245
  0.0270  0.0279  0.0255  0.0311  0.0318  0.0292  0.0260  0.0274  0.0259  0.0276  0.0247  0.0252
niter,ni,del,rscale     4    3    5.0000    1.2000
parameters
   -0.5387    3.1647   22.2544   -9.0844  -16.3490   -7.1581
    1.5222    1.3670   -2.4931   18.0374   -2.3944  -23.0588
eta,q 0.97603 11.94633
  0.0269  0.0283  0.0254  0.0291  0.0293  0.0272  0.0261  0.0273  0.0259  0.0276  0.0247  0.0251
  0.0253  0.0258  0.0247  0.0270  0.0273  0.0257  0.0249  0.0255  0.0249  0.0257  0.0243  0.0245
  0.0243  0.0244  0.0242  0.0252  0.0254  0.0245  0.0242  0.0244  0.0242  0.0245  0.0241  0.0241
  0.0239  0.0240  0.0240  0.0240  0.0240  0.0240  0.0240  0.0240  0.0240  0.0240  0.0240  0.0240
  0.0243  0.0245  0.0241  0.0235  0.0233  0.0235  0.0242  0.0243  0.0242  0.0243  0.0240  0.0241
  0.0253  0.0259  0.0246  0.0248  0.0250  0.0235  0.0249  0.0255  0.0248  0.0255  0.0243  0.0245
  0.0270  0.0280  0.0255  0.0312  0.0317  0.0291  0.0261  0.0273  0.0259  0.0277  0.0247  0.0252
niter,ni,del,rscale     3    3    5.0000    1.2000
parameters
   -0.5406    3.1764   22.2411   -9.0816  -16.3618   -7.1707
    1.5247    1.3666   -2.4878   18.0611   -2.3764  -23.0713
eta,q 0.97603 11.94581
  0.0269  0.0283  0.0254  0.0291  0.0293  0.0272  0.0261  0.0273  0.0259  0.0276  0.0247  0.0251
  0.0253  0.0258  0.0247  0.0270  0.0273  0.0257  0.0249  0.0255  0.0249  0.0257  0.0243  0.0245
  0.0243  0.0244  0.0242  0.0252  0.0254  0.0245  0.0242  0.0244  0.0242  0.0245  0.0241  0.0241
  0.0240  0.0240  0.0240  0.0240  0.0240  0.0240  0.0240  0.0240  0.0240  0.0240  0.0240  0.0240
  0.0243  0.0246  0.0241  0.0235  0.0233  0.0235  0.0242  0.0243  0.0242  0.0243  0.0240  0.0241
  0.0253  0.0259  0.0246  0.0248  0.0250  0.0235  0.0249  0.0255  0.0248  0.0255  0.0243  0.0245
  0.0270  0.0280  0.0255  0.0312  0.0316  0.0291  0.0261  0.0273  0.0259  0.0277  0.0247  0.0251
registration optimization eta report
parameter search radius
    2.4000    3.1740    2.7600    9.5220    9.5220    8.2800
    7.2000    7.2000    7.2000    8.2800    7.2000    8.2800
100000*second partial in parameter space
       52.       41.       19.        7.        7.        7.
        4.        6.        4.        5.        1.        2.
  0.0269  0.0283  0.0254  0.0291  0.0293  0.0272  0.0261  0.0273  0.0259  0.0276  0.0247  0.0251
  0.0253  0.0258  0.0247  0.0270  0.0273  0.0257  0.0249  0.0255  0.0249  0.0257  0.0243  0.0245
  0.0243  0.0244  0.0242  0.0252  0.0254  0.0245  0.0242  0.0244  0.0242  0.0245  0.0241  0.0241
  0.0240  0.0240  0.0240  0.0240  0.0240  0.0240  0.0240  0.0240  0.0240  0.0240  0.0240  0.0240
  0.0243  0.0246  0.0241  0.0235  0.0233  0.0235  0.0242  0.0243  0.0242  0.0243  0.0240  0.0241
  0.0253  0.0259  0.0246  0.0248  0.0250  0.0235  0.0249  0.0255  0.0248  0.0255  0.0243  0.0245
  0.0270  0.0280  0.0255  0.0312  0.0316  0.0291  0.0261  0.0273  0.0259  0.0277  0.0247  0.0251
   -0.5406    3.1764   22.2411   -9.0816  -16.3618   -7.1707
    1.5247    1.3666   -2.4878   18.0611   -2.3764  -23.0713
eta,q 0.97603 11.94581

---------------------------------------------------------------------
imgreg_4dfp /opt/freesurfer/average/711-2C_as_mni_average_305 /opt/freesurfer/average/711-2B_as_mni_average_305_mask talsrcimg_g11 none talsrcimg_to_711-2C_as_mni_average_305_t4 2311
---------------------------------------------------------------------

freesurfer imgreg_4dfp.c
/opt/freesurfer/average/711-2C_as_mni_average_305.4dfp.img
       256       256       256         1
  1.000000  1.000000  1.000000
orientation T byte_order littleendian
Reading image: /opt/freesurfer/average/711-2C_as_mni_average_305.4dfp.img
dimensions:      256       256       256
mmppix:       1.0000   -1.0000   -1.0000
center:     128.0000 -129.0000 -129.0000
/opt/freesurfer/average/711-2B_as_mni_average_305_mask.4dfp.img
       256       256       256         1
  1.000000  1.000000  1.000000
orientation T byte_order littleendian
Reading mask: /opt/freesurfer/average/711-2B_as_mni_average_305_mask.4dfp.img (2306576 pixels)
talsrcimg_g11.4dfp.img
       256       256       256         1
  1.000000  1.000000  1.000000
orientation T byte_order littleendian
Reading image: talsrcimg_g11.4dfp.img
dimensions:      256       256       256
mmppix:       1.0000   -1.0000   -1.0000
center:     128.0000 -129.0000 -129.0000
fimgreg.f
image alignment mode   2311 decimal      907 hex
parameters
   -0.5406    3.1764   22.2411   -9.0816  -16.3618   -7.1707
    1.5247    1.3666   -2.4878   18.0611   -2.3764  -23.0713
eta,q 0.97603 11.94580
niter,ni,del,rscale     5    3    5.0000    0.8000
parameter  4 -0.618874 -> -0.500000 qaram    1.1500
parameter  5 -0.564382 -> -0.500000 qaram    1.1500
parameter  6 -1.214935 -> -0.500000 qaram    1.1500
parameters
   -0.5344    3.0825   22.3152   -6.3216  -13.6018   -4.4107
    1.3463    1.4482   -2.4169   17.9596   -2.3370  -23.0570
eta,q 0.97775 12.35697
  0.0253  0.0250  0.0245  0.0261  0.0259  0.0245  0.0238  0.0252  0.0237  0.0243  0.0229  0.0230
  0.0246  0.0244  0.0243  0.0252  0.0250  0.0237  0.0229  0.0234  0.0229  0.0231  0.0225  0.0225
  0.0241  0.0240  0.0240  0.0245  0.0242  0.0232  0.0224  0.0225  0.0224  0.0225  0.0223  0.0223
  0.0240  0.0240  0.0240  0.0240  0.0235  0.0229  0.0222  0.0222  0.0222  0.0222  0.0223  0.0223
  0.0241  0.0242  0.0240  0.0236  0.0230  0.0226  0.0224  0.0225  0.0224  0.0225  0.0223  0.0224
  0.0246  0.0246  0.0242  0.0235  0.0229  0.0221  0.0231  0.0234  0.0229  0.0233  0.0225  0.0226
  0.0253  0.0252  0.0245  0.0238  0.0234  0.0222  0.0241  0.0249  0.0237  0.0244  0.0228  0.0229
niter,ni,del,rscale     7    3    5.0000    1.0000
parameters
   -0.6181    3.0066   22.1209   -7.9322  -15.0831   -6.2682
    1.5517    1.3220   -2.2963   17.8989   -2.0518  -23.1191
eta,q 0.97685 12.12943
  0.0249  0.0246  0.0232  0.0249  0.0253  0.0244  0.0249  0.0257  0.0248  0.0255  0.0237  0.0238
  0.0234  0.0233  0.0225  0.0236  0.0239  0.0237  0.0240  0.0242  0.0239  0.0242  0.0234  0.0235
  0.0225  0.0225  0.0222  0.0227  0.0229  0.0232  0.0234  0.0234  0.0234  0.0234  0.0232  0.0232
  0.0223  0.0222  0.0223  0.0222  0.0225  0.0227  0.0232  0.0232  0.0232  0.0231  0.0232  0.0231
  0.0226  0.0225  0.0225  0.0229  0.0231  0.0227  0.0233  0.0234  0.0233  0.0234  0.0232  0.0232
  0.0237  0.0235  0.0229  0.0262  0.0262  0.0266  0.0238  0.0243  0.0238  0.0242  0.0233  0.0235
  0.0255  0.0251  0.0235  0.0335  0.0323  0.0347  0.0247  0.0260  0.0247  0.0256  0.0236  0.0239
niter,ni,del,rscale     6    3    5.0000    0.9000
parameters
   -0.5300    3.0842   22.1185   -7.4908  -14.9650   -6.2315
    1.5135    1.3507   -2.3162   17.9788   -2.1226  -23.1863
eta,q 0.97700 12.16015
  0.0251  0.0248  0.0237  0.0259  0.0261  0.0249  0.0244  0.0252  0.0243  0.0250  0.0234  0.0236
  0.0241  0.0239  0.0234  0.0248  0.0248  0.0239  0.0236  0.0239  0.0236  0.0239  0.0232  0.0232
  0.0234  0.0234  0.0232  0.0238  0.0238  0.0234  0.0232  0.0232  0.0232  0.0233  0.0231  0.0231
  0.0231  0.0231  0.0231  0.0231  0.0230  0.0230  0.0230  0.0230  0.0230  0.0230  0.0230  0.0230
  0.0233  0.0233  0.0232  0.0229  0.0228  0.0225  0.0231  0.0232  0.0231  0.0232  0.0230  0.0231
  0.0238  0.0237  0.0234  0.0234  0.0237  0.0226  0.0236  0.0239  0.0236  0.0238  0.0232  0.0233
  0.0248  0.0246  0.0238  0.0259  0.0267  0.0260  0.0245  0.0252  0.0243  0.0249  0.0235  0.0236
niter,ni,del,rscale     5    3    5.0000    0.8000
parameters
   -0.5339    3.1074   22.0420   -7.2361  -14.7310   -5.7617
    1.5305    1.3542   -2.2795   18.0366   -2.1160  -23.4492
eta,q 0.97722 12.21390
  0.0245  0.0243  0.0234  0.0253  0.0255  0.0244  0.0240  0.0247  0.0239  0.0245  0.0232  0.0232
  0.0237  0.0236  0.0232  0.0243  0.0244  0.0237  0.0233  0.0235  0.0233  0.0236  0.0230  0.0230
  0.0232  0.0232  0.0230  0.0235  0.0236  0.0232  0.0230  0.0230  0.0229  0.0230  0.0228  0.0228
  0.0230  0.0230  0.0230  0.0230  0.0229  0.0229  0.0228  0.0228  0.0228  0.0228  0.0228  0.0228
  0.0232  0.0231  0.0231  0.0228  0.0227  0.0224  0.0229  0.0230  0.0229  0.0230  0.0228  0.0229
  0.0237  0.0235  0.0232  0.0234  0.0234  0.0223  0.0233  0.0235  0.0232  0.0235  0.0230  0.0230
  0.0245  0.0242  0.0235  0.0254  0.0257  0.0246  0.0240  0.0247  0.0239  0.0244  0.0232  0.0233
niter,ni,del,rscale     4    3    5.0000    0.7000
parameters
   -0.5453    3.1132   21.9277   -6.9688  -14.5716   -5.6402
    1.5112    1.3648   -2.2616   18.0801   -2.0228  -23.6310
eta,q 0.97733 12.24255
  0.0239  0.0238  0.0231  0.0247  0.0248  0.0238  0.0236  0.0241  0.0236  0.0240  0.0230  0.0230
  0.0233  0.0233  0.0229  0.0239  0.0239  0.0233  0.0231  0.0233  0.0231  0.0233  0.0228  0.0228
  0.0229  0.0229  0.0228  0.0232  0.0232  0.0230  0.0228  0.0228  0.0228  0.0228  0.0227  0.0227
  0.0228  0.0228  0.0228  0.0228  0.0227  0.0227  0.0227  0.0227  0.0227  0.0227  0.0227  0.0227
  0.0229  0.0229  0.0228  0.0227  0.0226  0.0222  0.0228  0.0228  0.0228  0.0228  0.0227  0.0227
  0.0233  0.0232  0.0230  0.0231  0.0232  0.0224  0.0231  0.0233  0.0231  0.0233  0.0228  0.0229
  0.0240  0.0238  0.0232  0.0247  0.0251  0.0245  0.0237  0.0241  0.0236  0.0240  0.0230  0.0231
niter,ni,del,rscale     3    3    5.0000    0.6000
parameters
   -0.5571    3.1233   21.8420   -6.7113  -14.4040   -5.1930
    1.4910    1.3519   -2.2866   18.1310   -1.9923  -23.8407
eta,q 0.97753 12.28517
  0.0235  0.0235  0.0229  0.0241  0.0243  0.0235  0.0232  0.0237  0.0232  0.0236  0.0227  0.0228
  0.0231  0.0230  0.0228  0.0235  0.0236  0.0232  0.0228  0.0230  0.0228  0.0230  0.0226  0.0226
  0.0228  0.0228  0.0227  0.0230  0.0230  0.0229  0.0226  0.0226  0.0226  0.0226  0.0225  0.0225
  0.0227  0.0227  0.0227  0.0227  0.0226  0.0226  0.0225  0.0225  0.0225  0.0225  0.0225  0.0225
  0.0228  0.0228  0.0227  0.0226  0.0226  0.0222  0.0225  0.0226  0.0226  0.0226  0.0225  0.0225
  0.0231  0.0230  0.0228  0.0229  0.0230  0.0222  0.0228  0.0230  0.0228  0.0229  0.0226  0.0226
  0.0236  0.0234  0.0230  0.0241  0.0244  0.0236  0.0233  0.0237  0.0232  0.0235  0.0227  0.0228
niter,ni,del,rscale     2    3    5.0000    0.5000
parameters
   -0.5748    3.1303   21.7701   -6.5104  -14.2806   -4.9468
    1.4711    1.3495   -2.3148   18.1749   -1.9850  -23.9586
eta,q 0.97764 12.31014
  0.0231  0.0230  0.0227  0.0236  0.0237  0.0232  0.0229  0.0233  0.0229  0.0232  0.0226  0.0226
  0.0227  0.0227  0.0225  0.0231  0.0231  0.0230  0.0226  0.0227  0.0226  0.0227  0.0224  0.0224
  0.0225  0.0225  0.0225  0.0227  0.0227  0.0227  0.0224  0.0224  0.0224  0.0225  0.0224  0.0224
  0.0225  0.0225  0.0225  0.0225  0.0224  0.0224  0.0224  0.0224  0.0224  0.0224  0.0224  0.0224
  0.0226  0.0225  0.0225  0.0224  0.0224  0.0221  0.0224  0.0224  0.0224  0.0224  0.0224  0.0224
  0.0228  0.0227  0.0226  0.0227  0.0228  0.0223  0.0226  0.0227  0.0226  0.0227  0.0225  0.0225
  0.0231  0.0230  0.0227  0.0235  0.0237  0.0234  0.0230  0.0233  0.0229  0.0231  0.0226  0.0226
niter,ni,del,rscale     1    3    5.0000    0.4000
parameters
   -0.5904    3.1345   21.7525   -6.3417  -14.1611   -4.4878
    1.4409    1.3196   -2.3618   18.2063   -2.0682  -24.0397
eta,q 0.97780 12.33788
  0.0228  0.0227  0.0225  0.0231  0.0232  0.0230  0.0226  0.0228  0.0225  0.0228  0.0224  0.0224
  0.0225  0.0225  0.0224  0.0228  0.0228  0.0228  0.0224  0.0225  0.0224  0.0225  0.0223  0.0223
  0.0224  0.0224  0.0224  0.0225  0.0225  0.0226  0.0222  0.0223  0.0222  0.0223  0.0222  0.0222
  0.0224  0.0224  0.0224  0.0224  0.0223  0.0223  0.0222  0.0222  0.0222  0.0222  0.0222  0.0222
  0.0224  0.0224  0.0224  0.0223  0.0223  0.0221  0.0222  0.0223  0.0222  0.0223  0.0222  0.0222
  0.0226  0.0225  0.0224  0.0225  0.0226  0.0222  0.0224  0.0225  0.0224  0.0224  0.0223  0.0223
  0.0228  0.0227  0.0225  0.0231  0.0232  0.0229  0.0226  0.0229  0.0226  0.0227  0.0224  0.0224
registration optimization eta report
parameter search radius
    0.8000    0.8000    0.8000    2.7600    2.7600    2.7600
    2.4000    2.4000    2.4000    2.4000    2.4000    2.4000
100000*second partial in parameter space
       67.       59.       25.       10.       11.        9.
        7.       11.        6.       10.        3.        3.
  0.0228  0.0227  0.0225  0.0231  0.0232  0.0230  0.0226  0.0228  0.0225  0.0228  0.0224  0.0224
  0.0225  0.0225  0.0224  0.0228  0.0228  0.0228  0.0224  0.0225  0.0224  0.0225  0.0223  0.0223
  0.0224  0.0224  0.0224  0.0225  0.0225  0.0226  0.0222  0.0223  0.0222  0.0223  0.0222  0.0222
  0.0224  0.0224  0.0224  0.0224  0.0223  0.0223  0.0222  0.0222  0.0222  0.0222  0.0222  0.0222
  0.0224  0.0224  0.0224  0.0223  0.0223  0.0221  0.0222  0.0223  0.0222  0.0223  0.0222  0.0222
  0.0226  0.0225  0.0224  0.0225  0.0226  0.0222  0.0224  0.0225  0.0224  0.0224  0.0223  0.0223
  0.0228  0.0227  0.0225  0.0231  0.0232  0.0229  0.0226  0.0229  0.0226  0.0227  0.0224  0.0224
   -0.5904    3.1345   21.7525   -6.3417  -14.1611   -4.4878
    1.4409    1.3196   -2.3618   18.2063   -2.0682  -24.0397
eta,q 0.97780 12.33788

---------------------------------------------------------------------
imgreg_4dfp /opt/freesurfer/average/711-2C_as_mni_average_305 /opt/freesurfer/average/711-2B_as_mni_average_305_mask talsrcimg_g11 none talsrcimg_to_711-2C_as_mni_average_305_t4 2311
---------------------------------------------------------------------

freesurfer imgreg_4dfp.c
/opt/freesurfer/average/711-2C_as_mni_average_305.4dfp.img
       256       256       256         1
  1.000000  1.000000  1.000000
orientation T byte_order littleendian
Reading image: /opt/freesurfer/average/711-2C_as_mni_average_305.4dfp.img
dimensions:      256       256       256
mmppix:       1.0000   -1.0000   -1.0000
center:     128.0000 -129.0000 -129.0000
/opt/freesurfer/average/711-2B_as_mni_average_305_mask.4dfp.img
       256       256       256         1
  1.000000  1.000000  1.000000
orientation T byte_order littleendian
Reading mask: /opt/freesurfer/average/711-2B_as_mni_average_305_mask.4dfp.img (2306576 pixels)
talsrcimg_g11.4dfp.img
       256       256       256         1
  1.000000  1.000000  1.000000
orientation T byte_order littleendian
Reading image: talsrcimg_g11.4dfp.img
dimensions:      256       256       256
mmppix:       1.0000   -1.0000   -1.0000
center:     128.0000 -129.0000 -129.0000
fimgreg.f
image alignment mode   2311 decimal      907 hex
parameters
   -0.5904    3.1345   21.7525   -6.3417  -14.1611   -4.4878
    1.4409    1.3196   -2.3618   18.2063   -2.0682  -24.0397
eta,q 0.97780 12.33788
niter,ni,del,rscale     5    3    5.0000    0.8000
parameters
   -0.6257    3.0938   21.9569   -7.1057  -14.7043   -5.5161
    1.5244    1.2993   -2.2859   18.1836   -1.9627  -23.6609
eta,q 0.97730 12.23883
  0.0240  0.0237  0.0233  0.0238  0.0241  0.0235  0.0240  0.0247  0.0239  0.0244  0.0231  0.0233
  0.0230  0.0229  0.0227  0.0231  0.0233  0.0232  0.0233  0.0235  0.0232  0.0235  0.0229  0.0230
  0.0224  0.0224  0.0223  0.0225  0.0227  0.0228  0.0229  0.0229  0.0228  0.0229  0.0228  0.0228
  0.0222  0.0222  0.0222  0.0222  0.0223  0.0224  0.0227  0.0227  0.0227  0.0227  0.0227  0.0227
  0.0224  0.0224  0.0223  0.0224  0.0224  0.0222  0.0228  0.0229  0.0228  0.0229  0.0227  0.0227
  0.0231  0.0229  0.0225  0.0236  0.0235  0.0238  0.0232  0.0235  0.0232  0.0235  0.0229  0.0229
  0.0242  0.0239  0.0228  0.0264  0.0260  0.0280  0.0239  0.0247  0.0238  0.0244  0.0231  0.0231
niter,ni,del,rscale     4    3    5.0000    0.7000
parameters
   -0.5622    3.1320   21.8569   -6.6930  -14.4326   -5.3214
    1.4657    1.3492   -2.2979   18.1488   -1.9727  -23.7587
eta,q 0.97748 12.27847
  0.0240  0.0238  0.0230  0.0242  0.0243  0.0235  0.0235  0.0242  0.0234  0.0239  0.0229  0.0229
  0.0233  0.0232  0.0228  0.0236  0.0236  0.0232  0.0230  0.0232  0.0229  0.0231  0.0227  0.0227
  0.0229  0.0228  0.0227  0.0231  0.0230  0.0229  0.0226  0.0227  0.0226  0.0227  0.0226  0.0225
  0.0227  0.0227  0.0227  0.0227  0.0226  0.0226  0.0225  0.0225  0.0225  0.0225  0.0225  0.0225
  0.0228  0.0228  0.0228  0.0226  0.0225  0.0222  0.0226  0.0227  0.0226  0.0227  0.0226  0.0226
  0.0231  0.0231  0.0229  0.0229  0.0230  0.0223  0.0230  0.0232  0.0229  0.0232  0.0227  0.0227
  0.0238  0.0237  0.0231  0.0240  0.0243  0.0239  0.0236  0.0241  0.0235  0.0239  0.0229  0.0230
niter,ni,del,rscale     3    3    5.0000    0.6000
parameters
   -0.5794    3.1295   21.7864   -6.5488  -14.2906   -4.9743
    1.4559    1.3368   -2.3140   18.1621   -1.9852  -23.8837
eta,q 0.97763 12.30671
  0.0234  0.0233  0.0228  0.0237  0.0238  0.0232  0.0232  0.0237  0.0231  0.0235  0.0227  0.0227
  0.0229  0.0229  0.0226  0.0232  0.0232  0.0230  0.0228  0.0229  0.0227  0.0229  0.0225  0.0225
  0.0226  0.0226  0.0225  0.0228  0.0228  0.0228  0.0225  0.0225  0.0225  0.0225  0.0224  0.0224
  0.0225  0.0225  0.0225  0.0225  0.0225  0.0225  0.0224  0.0224  0.0224  0.0224  0.0224  0.0224
  0.0226  0.0226  0.0226  0.0225  0.0225  0.0222  0.0224  0.0225  0.0225  0.0225  0.0224  0.0224
  0.0229  0.0229  0.0227  0.0228  0.0228  0.0222  0.0227  0.0229  0.0227  0.0229  0.0225  0.0226
  0.0235  0.0233  0.0229  0.0237  0.0239  0.0234  0.0232  0.0237  0.0231  0.0235  0.0227  0.0227
niter,ni,del,rscale     2    3    5.0000    0.5000
parameters
   -0.5886    3.1271   21.7756   -6.4059  -14.1969   -4.6401
    1.4389    1.3279   -2.3511   18.1863   -2.0351  -23.9669
eta,q 0.97775 12.32895
  0.0230  0.0229  0.0226  0.0232  0.0233  0.0230  0.0228  0.0232  0.0228  0.0231  0.0225  0.0225
  0.0227  0.0226  0.0225  0.0229  0.0229  0.0229  0.0225  0.0227  0.0225  0.0226  0.0224  0.0223
  0.0224  0.0224  0.0224  0.0225  0.0226  0.0226  0.0223  0.0224  0.0223  0.0224  0.0223  0.0223
  0.0224  0.0224  0.0224  0.0224  0.0224  0.0223  0.0223  0.0223  0.0223  0.0222  0.0222  0.0222
  0.0224  0.0224  0.0224  0.0224  0.0224  0.0221  0.0223  0.0224  0.0223  0.0223  0.0223  0.0223
  0.0227  0.0226  0.0225  0.0226  0.0226  0.0222  0.0225  0.0227  0.0225  0.0226  0.0224  0.0224
  0.0231  0.0230  0.0226  0.0232  0.0234  0.0231  0.0229  0.0233  0.0228  0.0231  0.0225  0.0225
niter,ni,del,rscale     1    3    5.0000    0.4000
parameters
   -0.5998    3.1288   21.8171   -6.2959  -14.1123   -4.2557
    1.4320    1.3052   -2.3782   18.2038   -2.1115  -23.9783
eta,q 0.97786 12.34822
  0.0227  0.0226  0.0225  0.0228  0.0229  0.0229  0.0225  0.0228  0.0225  0.0227  0.0223  0.0223
  0.0224  0.0224  0.0223  0.0226  0.0226  0.0227  0.0223  0.0224  0.0223  0.0224  0.0222  0.0222
  0.0223  0.0223  0.0223  0.0224  0.0224  0.0225  0.0222  0.0222  0.0222  0.0222  0.0221  0.0222
  0.0222  0.0222  0.0222  0.0222  0.0222  0.0222  0.0221  0.0221  0.0221  0.0221  0.0221  0.0221
  0.0223  0.0223  0.0223  0.0222  0.0222  0.0221  0.0222  0.0222  0.0222  0.0222  0.0222  0.0222
  0.0225  0.0224  0.0223  0.0224  0.0224  0.0222  0.0223  0.0225  0.0223  0.0224  0.0222  0.0222
  0.0227  0.0226  0.0224  0.0228  0.0229  0.0227  0.0226  0.0229  0.0225  0.0227  0.0223  0.0223
registration optimization eta report
parameter search radius
    0.8000    0.8000    0.8000    2.4000    2.4000    2.4000
    2.4000    2.4000    2.4000    2.4000    2.4000    2.4000
100000*second partial in parameter space
       70.       62.       29.       10.       11.       10.
        7.       12.        6.       10.        3.        4.
  0.0227  0.0226  0.0225  0.0228  0.0229  0.0229  0.0225  0.0228  0.0225  0.0227  0.0223  0.0223
  0.0224  0.0224  0.0223  0.0226  0.0226  0.0227  0.0223  0.0224  0.0223  0.0224  0.0222  0.0222
  0.0223  0.0223  0.0223  0.0224  0.0224  0.0225  0.0222  0.0222  0.0222  0.0222  0.0221  0.0222
  0.0222  0.0222  0.0222  0.0222  0.0222  0.0222  0.0221  0.0221  0.0221  0.0221  0.0221  0.0221
  0.0223  0.0223  0.0223  0.0222  0.0222  0.0221  0.0222  0.0222  0.0222  0.0222  0.0222  0.0222
  0.0225  0.0224  0.0223  0.0224  0.0224  0.0222  0.0223  0.0225  0.0223  0.0224  0.0222  0.0222
  0.0227  0.0226  0.0224  0.0228  0.0229  0.0227  0.0226  0.0229  0.0225  0.0227  0.0223  0.0223
   -0.5998    3.1288   21.8171   -6.2959  -14.1123   -4.2557
    1.4320    1.3052   -2.3782   18.2038   -2.1115  -23.9783
eta,q 0.97786 12.34822

---------------------------------------------------------------------
compute_vox2vox talsrcimg talsrcimg_to_711-2C_as_mni_average_305_t4 /opt/freesurfer/average/711-2C_as_mni_average_305
---------------------------------------------------------------------

freesurfer compute_vox2vox.c
Reading: talsrcimg.4dfp.ifh
Reading: talsrcimg_to_711-2C_as_mni_average_305_t4
Reading: /opt/freesurfer/average/711-2C_as_mni_average_305.4dfp.ifh
Writing: talsrcimg_to_711-2C_as_mni_average_305_t4_vox2vox.txt

start time Wed Mar 11 10:04:57 CET 2026
end		time Wed Mar 11 10:06:23 CET 2026

mpr2mni305 success

avi2talxfm orig_nu.mgz /opt/freesurfer/average/mni305.cor.mgz talsrcimg_to_711-2C_as_mni_average_305_t4_vox2vox.txt transforms/talairach.auto.xfm
avi2talxfm done
mv -f /out/sourcedata/freesurfer/sub-v2s16x51215_ses-1/mri/talsrcimg_to_711-2C_as_mni_average_305_t4_vox2vox.txt /out/sourcedata/freesurfer/sub-v2s16x51215_ses-1/mri/transforms/talsrcimg_to_711-2C_as_mni_average_305_t4_vox2vox.txt
lta_convert --src orig_nu.mgz --trg /opt/freesurfer/average/mni305.cor.mgz --inxfm transforms/talairach.auto.xfm --outlta transforms/talairach.auto.xfm.lta --subject fsaverage
7.3.2

--src: orig_nu.mgz src image (geometry).
--trg: /opt/freesurfer/average/mni305.cor.mgz trg image (geometry).
--inmni: transforms/talairach.auto.xfm input MNI/XFM transform.
--outlta: transforms/talairach.auto.xfm.lta output LTA.
--s: fsaverage subject name
 LTA read, type : 1
 1.06642  -0.01060  -0.02074  -4.70305;
 0.02936   0.99151   0.27632  -19.10188;
 0.02331  -0.21044   1.10517   29.19670;
 0.00000   0.00000   0.00000   1.00000;
setting subject to fsaverage
Writing  LTA to file transforms/talairach.auto.xfm.lta...
lta_convert successful.
 
 
Started at Wed Mar 11 10:04:56 CET 2026
Ended   at Wed Mar 11 10:06:23 CET 2026
talairach_avi done
