/out/sourcedata/freesurfer/sub-v2s16x51235_ses-1/mri
/opt/freesurfer/bin/talairach_avi
--i orig_nu.mgz --xfm transforms/talairach.auto.xfm
talairach_avi 7.3.2
Linux dna023 5.14.0-427.37.1.el9_4.x86_64 #1 SMP PREEMPT_DYNAMIC Fri Sep 13 12:41:50 EDT 2024 x86_64 x86_64 x86_64 GNU/Linux
Wed Mar 11 10:15:30 CET 2026
mri_convert orig_nu.mgz talsrcimg.img 
reading from orig_nu.mgz...
TR=0.00, TE=0.00, TI=0.00, flip angle=0.00
i_ras = (-1, 0, 7.45058e-09)
j_ras = (0, 0, -1)
k_ras = (0, 1, 0)
writing to talsrcimg.img...
Analyze Output Matrix
-1.00000   0.00000   0.00000   128.48392;
 0.00000   0.00000   1.00000  -119.53072;
 0.00000  -1.00000   0.00000   115.40881;
 0.00000   0.00000   0.00000   1.00000;
--------------------
INFO: set hdr.hist.orient to -1
mpr2mni305 talsrcimg
Wed Mar 11 10:15:31 CET 2026
/opt/freesurfer/bin/mpr2mni305 talsrcimg
mpr2mni305 7.3.2
target=711-2C_as_mni_average_305

---------------------------------------------------------------------
analyzeto4dfp talsrcimg -O0 -y
---------------------------------------------------------------------

freesurfer ifh2hdr.c
Wed Mar 11 10:15:31 2026
Writing: talsrcimg.4dfp.hdr
freesurfer analyzeto4dfp.c
Reading: talsrcimg.hdr
header size 348 bytes
hdr.dime.datatype	offset=70	value=2
hdr.dime.bitpix		offset=72	value=8
hdr.hist.orient		offset=252	value=-1
dimensionality     4
dimensions       256       256       256         1
Reading: talsrcimg.img
Writing: talsrcimg.4dfp.img
Writing: talsrcimg.4dfp.ifh
ifh2hdr talsrcimg -r0to182
ori=2

---------------------------------------------------------------------
gauss_4dfp talsrcimg 1.1
---------------------------------------------------------------------

freesurfer gauss_4dfp.c
Reading: talsrcimg.4dfp.img
Writing: talsrcimg_g11.4dfp.img
image dimensions 256 256 256 padded to 288 288 288
processing volume 1freesurfer ifh2hdr.c
Wed Mar 11 10:15:33 2026
Writing: talsrcimg_g11.4dfp.hdr

Writing: talsrcimg_g11.4dfp.ifh
including: talsrcimg.4dfp.img.rec in talsrcimg_g11.4dfp.img.rec

---------------------------------------------------------------------
imgreg_4dfp /opt/freesurfer/average/711-2C_as_mni_average_305 none talsrcimg_g11 none talsrcimg_to_711-2C_as_mni_average_305_t4 4355
---------------------------------------------------------------------

freesurfer imgreg_4dfp.c
/opt/freesurfer/average/711-2C_as_mni_average_305.4dfp.img
       256       256       256         1
  1.000000  1.000000  1.000000
orientation T byte_order littleendian
Reading image: /opt/freesurfer/average/711-2C_as_mni_average_305.4dfp.img
dimensions:      256       256       256
mmppix:       1.0000   -1.0000   -1.0000
center:     128.0000 -129.0000 -129.0000
talsrcimg_g11.4dfp.img
       256       256       256         1
  1.000000  1.000000  1.000000
orientation T byte_order littleendian
Reading image: talsrcimg_g11.4dfp.img
dimensions:      256       256       256
mmppix:       1.0000   -1.0000   -1.0000
center:     128.0000 -129.0000 -129.0000
t4_read: open error in t4_sub.f l:  41 t4_file(1:l)talsrcimg_to_711-2C_as_mni_average_305_t4 
t4_read: transform initialized to I4
rotation matrix determinant  1.000000
image alignment mode   4355 decimal     1103 hex
   -7.5000  -45.0000  -45.0000 9144.0820   11.7618
    0.0000  -45.0000  -45.0000 9449.8301   11.7660
    7.5000  -45.0000  -45.0000 9020.3096   11.7797
   -7.5000  -37.5000  -45.0000 9572.3984   11.5622
    0.0000  -37.5000  -45.0000 9885.1299   11.5703
    7.5000  -37.5000  -45.0000 9429.0762   11.5829
   -7.5000  -30.0000  -45.000010376.8457   11.3393
    0.0000  -30.0000  -45.000010715.9951   11.3496
    7.5000  -30.0000  -45.000010211.6602   11.3601
   -7.5000  -22.5000  -45.000011157.1533   11.1555
    0.0000  -22.5000  -45.000011531.8926   11.1658
    7.5000  -22.5000  -45.000010977.4951   11.1746
   -7.5000  -15.0000  -45.000011876.9053   10.9877
    0.0000  -15.0000  -45.000012271.2305   10.9963
    7.5000  -15.0000  -45.000011683.5078   11.0035
   -7.5000   -7.5000  -45.000012586.2227   10.8351
    0.0000   -7.5000  -45.000012994.7070   10.8414
    7.5000   -7.5000  -45.000012350.4863   10.8475
   -7.5000    0.0000  -45.000013260.6494   10.7562
    0.0000    0.0000  -45.000013686.1543   10.7609
    7.5000    0.0000  -45.000013001.5625   10.7660
   -7.5000    7.5000  -45.000012996.9668   10.8174
    0.0000    7.5000  -45.000013415.1221   10.8237
    7.5000    7.5000  -45.000012753.2520   10.8283
   -7.5000   15.0000  -45.000012592.3916   10.9564
    0.0000   15.0000  -45.000013011.9658   10.9648
    7.5000   15.0000  -45.000012373.1982   10.9689
   -7.5000   22.5000  -45.000012070.6895   11.1194
    0.0000   22.5000  -45.000012448.1504   11.1275
    7.5000   22.5000  -45.000011846.9902   11.1313
   -7.5000   30.0000  -45.000011373.1084   11.1556
    0.0000   30.0000  -45.000011697.2568   11.1620
    7.5000   30.0000  -45.000011140.3750   11.1658
   -7.5000   37.5000  -45.000011049.1035   11.2669
    0.0000   37.5000  -45.000011346.0625   11.2697
    7.5000   37.5000  -45.000010791.8184   11.2729
   -7.5000   45.0000  -45.000010298.9912   11.1335
    0.0000   45.0000  -45.000010561.2920   11.1340
    7.5000   45.0000  -45.000010039.7783   11.1374
   -7.5000  -45.0000  -37.5000 9596.0938   11.5193
    0.0000  -45.0000  -37.5000 9919.9736   11.5232
    7.5000  -45.0000  -37.5000 9465.8506   11.5343
   -7.5000  -37.5000  -37.500010059.4492   11.3235
    0.0000  -37.5000  -37.500010386.7354   11.3317
    7.5000  -37.5000  -37.5000 9899.1260   11.3417
   -7.5000  -30.0000  -37.500010918.8516   11.1035
    0.0000  -30.0000  -37.500011274.8291   11.1143
    7.5000  -30.0000  -37.500010734.3838   11.1233
   -7.5000  -22.5000  -37.500011731.4570   10.9188
    0.0000  -22.5000  -37.500012106.1836   10.9300
    7.5000  -22.5000  -37.500011526.0771   10.9384
   -7.5000  -15.0000  -37.500012472.5439   10.7505
    0.0000  -15.0000  -37.500012867.4180   10.7598
    7.5000  -15.0000  -37.500012254.4580   10.7667
   -7.5000   -7.5000  -37.500013192.2764   10.6006
    0.0000   -7.5000  -37.500013628.7949   10.6069
    7.5000   -7.5000  -37.500012950.0146   10.6119
   -7.5000    0.0000  -37.500013897.7783   10.5253
    0.0000    0.0000  -37.500014332.6016   10.5297
    7.5000    0.0000  -37.500013623.1973   10.5327
   -7.5000    7.5000  -37.500013591.2861   10.5859
    0.0000    7.5000  -37.500014035.6934   10.5923
    7.5000    7.5000  -37.500013359.0234   10.5948
   -7.5000   15.0000  -37.500013152.7656   10.7188
    0.0000   15.0000  -37.500013599.8975   10.7277
    7.5000   15.0000  -37.500012940.7158   10.7304
   -7.5000   22.5000  -37.500012620.8379   10.8719
    0.0000   22.5000  -37.500013028.6035   10.8811
    7.5000   22.5000  -37.500012386.3623   10.8845
   -7.5000   30.0000  -37.500011905.6250   10.9060
    0.0000   30.0000  -37.500012265.0986   10.9131
    7.5000   30.0000  -37.500011648.7061   10.9168
   -7.5000   37.5000  -37.500011534.8271   11.0171
    0.0000   37.5000  -37.500011845.4209   11.0200
    7.5000   37.5000  -37.500011249.9854   11.0221
   -7.5000   45.0000  -37.500010720.4053   10.8912
    0.0000   45.0000  -37.500011007.9453   10.8915
    7.5000   45.0000  -37.500010448.9209   10.8926
   -7.5000  -45.0000  -30.000010237.8320   11.8331
    0.0000  -45.0000  -30.000010567.8203   11.8366
    7.5000  -45.0000  -30.000010104.3311   11.8466
   -7.5000  -37.5000  -30.000010747.1455   11.6337
    0.0000  -37.5000  -30.000011094.1406   11.6426
    7.5000  -37.5000  -30.000010584.8926   11.6506
   -7.5000  -30.0000  -30.000011662.3857   11.4065
    0.0000  -30.0000  -30.000012041.4668   11.4190
    7.5000  -30.0000  -30.000011481.3330   11.4258
   -7.5000  -22.5000  -30.000012533.2617   11.2115
    0.0000  -22.5000  -30.000012922.9561   11.2242
    7.5000  -22.5000  -30.000012315.5420   11.2311
   -7.5000  -15.0000  -30.000013316.0996   11.0334
    0.0000  -15.0000  -30.000013741.0430   11.0430
    7.5000  -15.0000  -30.000013080.6807   11.0492
   -7.5000   -7.5000  -30.000014080.9258   10.8777
    0.0000   -7.5000  -30.000014542.8008   10.8835
    7.5000   -7.5000  -30.000013812.9229   10.8878
   -7.5000    0.0000  -30.000014818.0605   10.8026
    0.0000    0.0000  -30.000015294.1865   10.8066
    7.5000    0.0000  -30.000014533.9980   10.8084
   -7.5000    7.5000  -30.000014472.5908   10.8674
    0.0000    7.5000  -30.000014963.7891   10.8743
    7.5000    7.5000  -30.000014233.5830   10.8748
   -7.5000   15.0000  -30.000013994.9980   11.0020
    0.0000   15.0000  -30.000014469.3057   11.0125
    7.5000   15.0000  -30.000013757.6641   11.0129
   -7.5000   22.5000  -30.000013407.7070   11.1519
    0.0000   22.5000  -30.000013839.3516   11.1624
    7.5000   22.5000  -30.000013159.8926   11.1641
   -7.5000   30.0000  -30.000012641.6670   11.1851
    0.0000   30.0000  -30.000013030.3662   11.1925
    7.5000   30.0000  -30.000012393.7246   11.1953
   -7.5000   37.5000  -30.000012235.4688   11.2999
    0.0000   37.5000  -30.000012588.2354   11.3021
    7.5000   37.5000  -30.000011976.9160   11.3034
   -7.5000   45.0000  -30.000011351.9316   11.1830
    0.0000   45.0000  -30.000011682.5762   11.1828
    7.5000   45.0000  -30.000011114.9033   11.1826
   -7.5000  -45.0000  -22.500010913.1436   12.0810
    0.0000  -45.0000  -22.500011258.0586   12.0839
    7.5000  -45.0000  -22.500010767.2305   12.0950
   -7.5000  -37.5000  -22.500011470.0586   11.8764
    0.0000  -37.5000  -22.500011823.0254   11.8854
    7.5000  -37.5000  -22.500011281.5771   11.8937
   -7.5000  -30.0000  -22.500012434.6641   11.6434
    0.0000  -30.0000  -22.500012821.6816   11.6561
    7.5000  -30.0000  -22.500012230.3164   11.6620
   -7.5000  -22.5000  -22.500013359.0635   11.4417
    0.0000  -22.5000  -22.500013785.7588   11.4539
    7.5000  -22.5000  -22.500013135.2822   11.4595
   -7.5000  -15.0000  -22.500014211.0039   11.2560
    0.0000  -15.0000  -22.500014664.7100   11.2646
    7.5000  -15.0000  -22.500013952.3711   11.2698
   -7.5000   -7.5000  -22.500015037.1660   11.0936
    0.0000   -7.5000  -22.500015518.7764   11.0984
    7.5000   -7.5000  -22.500014737.8125   11.1029
   -7.5000    0.0000  -22.500015795.2715   11.0159
    0.0000    0.0000  -22.500016320.0977   11.0195
    7.5000    0.0000  -22.500015524.6914   11.0220
   -7.5000    7.5000  -22.500015384.5107   11.0830
    0.0000    7.5000  -22.500015913.8174   11.0900
    7.5000    7.5000  -22.500015163.5859   11.0906
   -7.5000   15.0000  -22.500014850.2998   11.2200
    0.0000   15.0000  -22.500015357.0293   11.2306
    7.5000   15.0000  -22.500014620.8926   11.2301
   -7.5000   22.5000  -22.500014212.2803   11.3699
    0.0000   22.5000  -22.500014703.5303   11.3799
    7.5000   22.5000  -22.500014007.3252   11.3801
   -7.5000   30.0000  -22.500013406.6113   11.4029
    0.0000   30.0000  -22.500013843.7920   11.4090
    7.5000   30.0000  -22.500013189.6152   11.4107
   -7.5000   37.5000  -22.500012976.0371   11.5190
    0.0000   37.5000  -22.500013382.8135   11.5199
    7.5000   37.5000  -22.500012754.9590   11.5214
   -7.5000   45.0000  -22.500012027.6484   11.4090
    0.0000   45.0000  -22.500012413.9619   11.4081
    7.5000   45.0000  -22.500011828.8604   11.4086
   -7.5000  -45.0000  -15.000011621.8867   12.1986
    0.0000  -45.0000  -15.000011987.3525   12.2012
    7.5000  -45.0000  -15.000011440.5771   12.2147
   -7.5000  -37.5000  -15.000012210.4512   11.9869
    0.0000  -37.5000  -15.000012586.1309   11.9954
    7.5000  -37.5000  -15.000011990.0850   12.0062
   -7.5000  -30.0000  -15.000013241.2764   11.7494
    0.0000  -30.0000  -15.000013658.4824   11.7609
    7.5000  -30.0000  -15.000013005.0674   11.7682
   -7.5000  -22.5000  -15.000014228.5957   11.5450
    0.0000  -22.5000  -15.000014686.0254   11.5557
    7.5000  -22.5000  -15.000013978.3984   11.5612
   -7.5000  -15.0000  -15.000015156.9131   11.3561
    0.0000  -15.0000  -15.000015623.0020   11.3634
    7.5000  -15.0000  -15.000014856.4004   11.3682
   -7.5000   -7.5000  -15.000016043.8438   11.1885
    0.0000   -7.5000  -15.000016554.1953   11.1927
    7.5000   -7.5000  -15.000015715.6670   11.1977
   -7.5000    0.0000  -15.000016804.7891   11.1064
    0.0000    0.0000  -15.000017381.7656   11.1098
    7.5000    0.0000  -15.000016536.2305   11.1141
   -7.5000    7.5000  -15.000016359.5107   11.1722
    0.0000    7.5000  -15.000016925.5918   11.1788
    7.5000    7.5000  -15.000016132.1143   11.1813
   -7.5000   15.0000  -15.000015780.9229   11.3097
    0.0000   15.0000  -15.000016315.3809   11.3192
    7.5000   15.0000  -15.000015547.0010   11.3197
   -7.5000   22.5000  -15.000015084.4922   11.4613
    0.0000   22.5000  -15.000015612.4727   11.4697
    7.5000   22.5000  -15.000014897.7080   11.4697
   -7.5000   30.0000  -15.000014219.3467   11.4964
    0.0000   30.0000  -15.000014696.9814   11.5010
    7.5000   30.0000  -15.000014038.6650   11.5022
   -7.5000   37.5000  -15.000013735.1299   11.6106
    0.0000   37.5000  -15.000014193.8369   11.6108
    7.5000   37.5000  -15.000013561.6855   11.6128
   -7.5000   45.0000  -15.000012745.4092   11.5047
    0.0000   45.0000  -15.000013184.1484   11.5036
    7.5000   45.0000  -15.000012567.3525   11.5062
   -7.5000  -45.0000   -7.500012349.8984   12.1971
    0.0000  -45.0000   -7.500012752.5117   12.2005
    7.5000  -45.0000   -7.500012147.6436   12.2150
   -7.5000  -37.5000   -7.500012956.9072   11.9787
    0.0000  -37.5000   -7.500013372.4316   11.9868
    7.5000  -37.5000   -7.500012728.6748   11.9997
   -7.5000  -30.0000   -7.500014052.6406   11.7379
    0.0000  -30.0000   -7.500014504.5605   11.7484
    7.5000  -30.0000   -7.500013807.2451   11.7579
   -7.5000  -22.5000   -7.500015136.0840   11.5333
    0.0000  -22.5000   -7.500015614.0732   11.5431
    7.5000  -22.5000   -7.500014848.3555   11.5502
   -7.5000  -15.0000   -7.500016165.8760   11.3449
    0.0000  -15.0000   -7.500016669.3809   11.3523
    7.5000  -15.0000   -7.500015805.3213   11.3579
   -7.5000   -7.5000   -7.500017127.1660   11.1755
    0.0000   -7.5000   -7.500017694.4648   11.1806
    7.5000   -7.5000   -7.500016731.7051   11.1861
   -7.5000    0.0000   -7.500017873.2266   11.0898
    0.0000    0.0000   -7.500018527.1367   11.0939
    7.5000    0.0000   -7.500017605.4434   11.0990
   -7.5000    7.5000   -7.500017384.6133   11.1523
    0.0000    7.5000   -7.500018038.3066   11.1585
    7.5000    7.5000   -7.500017195.4902   11.1628
   -7.5000   15.0000   -7.500016756.7305   11.2881
    0.0000   15.0000   -7.500017394.5273   11.2965
    7.5000   15.0000   -7.500016564.9316   11.2991
   -7.5000   22.5000   -7.500016008.9316   11.4399
    0.0000   22.5000   -7.500016599.3438   11.4473
    7.5000   22.5000   -7.500015839.5420   11.4490
   -7.5000   30.0000   -7.500015090.1611   11.4779
    0.0000   30.0000   -7.500015640.0498   11.4826
    7.5000   30.0000   -7.500014928.2695   11.4848
   -7.5000   37.5000   -7.500014591.2305   11.5900
    0.0000   37.5000   -7.500015131.5176   11.5912
    7.5000   37.5000   -7.500014434.5791   11.5938
   -7.5000   45.0000   -7.500013557.3242   11.4841
    0.0000   45.0000   -7.500014060.8936   11.4837
    7.5000   45.0000   -7.500013381.1582   11.4873
   -7.5000  -45.0000    0.000013002.1230   12.2219
    0.0000  -45.0000    0.000013429.1807   12.2259
    7.5000  -45.0000    0.000012763.0273   12.2395
   -7.5000  -37.5000    0.000013610.0371   12.0010
    0.0000  -37.5000    0.000014066.7695   12.0091
    7.5000  -37.5000    0.000013368.5742   12.0217
   -7.5000  -30.0000    0.000014759.9443   11.7586
    0.0000  -30.0000    0.000015259.2129   11.7689
    7.5000  -30.0000    0.000014492.5264   11.7793
   -7.5000  -22.5000    0.000015938.7461   11.5538
    0.0000  -22.5000    0.000016463.9355   11.5639
    7.5000  -22.5000    0.000015600.8828   11.5726
   -7.5000  -15.0000    0.000017146.3145   11.3659
    0.0000  -15.0000    0.000017685.1250   11.3744
    7.5000  -15.0000    0.000016666.3574   11.3810
   -7.5000   -7.5000    0.000018215.2617   11.1965
    0.0000   -7.5000    0.000018862.1602   11.2027
    7.5000   -7.5000    0.000017710.9473   11.2081
   -7.5000    0.0000    0.000018895.9336   11.1101
    0.0000    0.0000    0.000019710.4180   11.1147
    7.5000    0.0000    0.000018647.4297   11.1190
   -7.5000    7.5000    0.000018305.0801   11.1713
    0.0000    7.5000    0.000019144.6895   11.1775
    7.5000    7.5000    0.000018202.5898   11.1815
   -7.5000   15.0000    0.000017641.7930   11.3067
    0.0000   15.0000    0.000018435.8086   11.3149
    7.5000   15.0000    0.000017508.2598   11.3184
   -7.5000   22.5000    0.000016882.9102   11.4595
    0.0000   22.5000    0.000017594.5000   11.4674
    7.5000   22.5000    0.000016690.0664   11.4706
   -7.5000   30.0000    0.000015932.7832   11.5001
    0.0000   30.0000    0.000016581.0469   11.5060
    7.5000   30.0000    0.000015733.1035   11.5093
   -7.5000   37.5000    0.000015443.9668   11.6143
    0.0000   37.5000    0.000016067.0986   11.6167
    7.5000   37.5000    0.000015214.2002   11.6192
   -7.5000   45.0000    0.000014375.9648   11.5097
    0.0000   45.0000    0.000014921.0430   11.5099
    7.5000   45.0000    0.000014130.1084   11.5125
   -7.5000  -45.0000    7.500012647.7773   12.2595
    0.0000  -45.0000    7.500013061.5127   12.2633
    7.5000  -45.0000    7.500012420.2256   12.2749
   -7.5000  -37.5000    7.500013226.9326   12.0400
    0.0000  -37.5000    7.500013665.3535   12.0484
    7.5000  -37.5000    7.500013004.4678   12.0588
   -7.5000  -30.0000    7.500014317.0498   11.7970
    0.0000  -30.0000    7.500014799.4863   11.8083
    7.5000  -30.0000    7.500014076.6104   11.8175
   -7.5000  -22.5000    7.500015490.0752   11.5899
    0.0000  -22.5000    7.500016009.7949   11.6015
    7.5000  -22.5000    7.500015181.5771   11.6101
   -7.5000  -15.0000    7.500016813.4277   11.4002
    0.0000  -15.0000    7.500017376.3652   11.4097
    7.5000  -15.0000    7.500016305.5684   11.4166
   -7.5000   -7.5000    7.500018010.5898   11.2315
    0.0000   -7.5000    7.500018777.8086   11.2378
    7.5000   -7.5000    7.500017416.8516   11.2427
   -7.5000    0.0000    7.500018669.7500   11.1469
    0.0000    0.0000    7.500019654.1250   11.1514
    7.5000    0.0000    7.500018379.5059   11.1541
   -7.5000    7.5000    7.500017979.9238   11.2097
    0.0000    7.5000    7.500018968.1543   11.2162
    7.5000    7.5000    7.500017895.9863   11.2183
   -7.5000   15.0000    7.500017315.3789   11.3451
    0.0000   15.0000    7.500018166.5547   11.3543
    7.5000   15.0000    7.500017142.4023   11.3566
   -7.5000   22.5000    7.500016601.9199   11.4963
    0.0000   22.5000    7.500017295.3984   11.5056
    7.5000   22.5000    7.500016298.0215   11.5087
   -7.5000   30.0000    7.500015680.9883   11.5355
    0.0000   30.0000    7.500016276.0518   11.5426
    7.5000   30.0000    7.500015339.6641   11.5462
   -7.5000   37.5000    7.500015181.6221   11.6515
    0.0000   37.5000    7.500015729.4248   11.6542
    7.5000   37.5000    7.500014848.0000   11.6561
   -7.5000   45.0000    7.500014107.4121   11.5497
    0.0000   45.0000    7.500014582.8926   11.5498
    7.5000   45.0000    7.500013780.7891   11.5505
   -7.5000  -45.0000   15.000012155.8408   12.3874
    0.0000  -45.0000   15.000012599.6787   12.3908
    7.5000  -45.0000   15.000011986.7910   12.4016
   -7.5000  -37.5000   15.000012727.0352   12.1707
    0.0000  -37.5000   15.000013214.3271   12.1799
    7.5000  -37.5000   15.000012561.1426   12.1885
   -7.5000  -30.0000   15.000013784.5488   11.9272
    0.0000  -30.0000   15.000014314.1182   11.9401
    7.5000  -30.0000   15.000013606.6406   11.9474
   -7.5000  -22.5000   15.000014912.1201   11.7174
    0.0000  -22.5000   15.000015510.7334   11.7304
    7.5000  -22.5000   15.000014696.8330   11.7378
   -7.5000  -15.0000   15.000016229.9248   11.5253
    0.0000  -15.0000   15.000016898.9512   11.5352
    7.5000  -15.0000   15.000015806.7910   11.5417
   -7.5000   -7.5000   15.000017536.3887   11.3570
    0.0000   -7.5000   15.000018175.5898   11.3629
    7.5000   -7.5000   15.000016850.9199   11.3674
   -7.5000    0.0000   15.000018439.9688   11.2751
    0.0000    0.0000   15.000019041.7676   11.2793
    7.5000    0.0000   15.000017764.3828   11.2812
   -7.5000    7.5000   15.000017856.1934   11.3412
    0.0000    7.5000   15.000018434.5879   11.3483
    7.5000    7.5000   15.000017330.1211   11.3488
   -7.5000   15.0000   15.000017057.3984   11.4779
    0.0000   15.0000   15.000017602.9180   11.4886
    7.5000   15.0000   15.000016569.6250   11.4891
   -7.5000   22.5000   15.000016177.3740   11.6268
    0.0000   22.5000   15.000016690.6250   11.6375
    7.5000   22.5000   15.000015708.3848   11.6393
   -7.5000   30.0000   15.000015151.5361   11.6617
    0.0000   30.0000   15.000015663.3574   11.6692
    7.5000   30.0000   15.000014733.0049   11.6722
   -7.5000   37.5000   15.000014645.8789   11.7779
    0.0000   37.5000   15.000015164.8506   11.7801
    7.5000   37.5000   15.000014277.2822   11.7815
   -7.5000   45.0000   15.000013611.9033   11.6760
    0.0000   45.0000   15.000014098.5967   11.6757
    7.5000   45.0000   15.000013273.2432   11.6755
   -7.5000  -45.0000   22.500011609.9209   12.5674
    0.0000  -45.0000   22.500012072.5342   12.5704
    7.5000  -45.0000   22.500011480.6982   12.5823
   -7.5000  -37.5000   22.500012144.5508   12.3496
    0.0000  -37.5000   22.500012641.2393   12.3590
    7.5000  -37.5000   22.500012024.8975   12.3681
   -7.5000  -30.0000   22.500013176.4502   12.1062
    0.0000  -30.0000   22.500013696.4658   12.1195
    7.5000  -30.0000   22.500013040.5615   12.1260
   -7.5000  -22.5000   22.500014291.4443   11.8959
    0.0000  -22.5000   22.500014860.8730   11.9087
    7.5000  -22.5000   22.500014069.8438   11.9148
   -7.5000  -15.0000   22.500015496.0869   11.7029
    0.0000  -15.0000   22.500016090.0703   11.7119
    7.5000  -15.0000   22.500015085.8037   11.7176
   -7.5000   -7.5000   22.500016628.4766   11.5340
    0.0000   -7.5000   22.500017114.8574   11.5389
    7.5000   -7.5000   22.500016015.3291   11.5438
   -7.5000    0.0000   22.500017559.7539   11.4526
    0.0000    0.0000   22.500017981.1914   11.4563
    7.5000    0.0000   22.500016873.9238   11.4591
   -7.5000    7.5000   22.500017187.8594   11.5197
    0.0000    7.5000   22.500017621.9492   11.5269
    7.5000    7.5000   22.500016560.9902   11.5278
   -7.5000   15.0000   22.500016444.3789   11.6572
    0.0000   15.0000   22.500016898.1055   11.6682
    7.5000   15.0000   22.500015896.9912   11.6679
   -7.5000   22.5000   22.500015528.7178   11.8047
    0.0000   22.5000   22.500015997.6650   11.8150
    7.5000   22.5000   22.500015066.5391   11.8155
   -7.5000   30.0000   22.500014479.2578   11.8350
    0.0000   30.0000   22.500014962.3164   11.8412
    7.5000   30.0000   22.500014103.6309   11.8433
   -7.5000   37.5000   22.500013996.9795   11.9490
    0.0000   37.5000   22.500014493.5859   11.9500
    7.5000   37.5000   22.500013671.6191   11.9519
   -7.5000   45.0000   22.500013022.6699   11.8421
    0.0000   45.0000   22.500013505.3340   11.8413
    7.5000   45.0000   22.500012721.7871   11.8422
   -7.5000  -45.0000   30.000010983.9199   12.7609
    0.0000  -45.0000   30.000011408.3877   12.7638
    7.5000  -45.0000   30.000010858.7100   12.7782
   -7.5000  -37.5000   30.000011498.9961   12.5387
    0.0000  -37.5000   30.000011928.8994   12.5475
    7.5000  -37.5000   30.000011364.2637   12.5592
   -7.5000  -30.0000   30.000012494.3857   12.2950
    0.0000  -30.0000   30.000012954.3740   12.3071
    7.5000  -30.0000   30.000012342.6006   12.3151
   -7.5000  -22.5000   30.000013553.4766   12.0863
    0.0000  -22.5000   30.000014082.8623   12.0975
    7.5000  -22.5000   30.000013341.3076   12.1036
   -7.5000  -15.0000   30.000014586.7666   11.8940
    0.0000  -15.0000   30.000015109.2256   11.9015
    7.5000  -15.0000   30.000014260.5967   11.9070
   -7.5000   -7.5000   30.000015470.0010   11.7231
    0.0000   -7.5000   30.000015956.2949   11.7274
    7.5000   -7.5000   30.000015074.2109   11.7331
   -7.5000    0.0000   30.000016272.3564   11.6390
    0.0000    0.0000   30.000016785.7852   11.6425
    7.5000    0.0000   30.000015873.9932   11.6475
   -7.5000    7.5000   30.000015980.5273   11.7047
    0.0000    7.5000   30.000016562.3926   11.7115
    7.5000    7.5000   30.000015638.3076   11.7145
   -7.5000   15.0000   30.000015362.0547   11.8420
    0.0000   15.0000   30.000015935.8096   11.8518
    7.5000   15.0000   30.000015051.9355   11.8528
   -7.5000   22.5000   30.000014551.2490   11.9902
    0.0000   22.5000   30.000015100.1533   11.9989
    7.5000   22.5000   30.000014274.8857   11.9994
   -7.5000   30.0000   30.000013622.2744   12.0183
    0.0000   30.0000   30.000014143.4395   12.0230
    7.5000   30.0000   30.000013373.5176   12.0249
   -7.5000   37.5000   30.000013212.1074   12.1296
    0.0000   37.5000   30.000013714.6924   12.1298
    7.5000   37.5000   30.000012965.5742   12.1327
   -7.5000   45.0000   30.000012277.7793   12.0144
    0.0000   45.0000   30.000012751.5156   12.0134
    7.5000   45.0000   30.000012054.2852   12.0167
   -7.5000  -45.0000   37.500010755.9961   13.0450
    0.0000  -45.0000   37.500011159.9424   13.0488
    7.5000  -45.0000   37.500010616.2549   13.0651
   -7.5000  -37.5000   37.500011252.7031   12.8139
    0.0000  -37.5000   37.500011666.3145   12.8227
    7.5000  -37.5000   37.500011114.5723   12.8371
   -7.5000  -30.0000   37.500012210.6484   12.5661
    0.0000  -30.0000   37.500012683.0361   12.5773
    7.5000  -30.0000   37.500012091.3184   12.5882
   -7.5000  -22.5000   37.500013226.3203   12.3577
    0.0000  -22.5000   37.500013746.6631   12.3681
    7.5000  -22.5000   37.500013079.1514   12.3764
   -7.5000  -15.0000   37.500014159.4121   12.1663
    0.0000  -15.0000   37.500014657.6191   12.1740
    7.5000  -15.0000   37.500013945.4922   12.1807
   -7.5000   -7.5000   37.500014962.4160   11.9930
    0.0000   -7.5000   37.500015447.3809   11.9983
    7.5000   -7.5000   37.500014720.0527   12.0050
   -7.5000    0.0000   37.500015714.1748   11.9048
    0.0000    0.0000   37.500016252.5000   11.9092
    7.5000    0.0000   37.500015493.5420   11.9156
   -7.5000    7.5000   37.500015431.2412   11.9674
    0.0000    7.5000   37.500016019.3438   11.9740
    7.5000    7.5000   37.500015257.3760   11.9795
   -7.5000   15.0000   37.500014911.0752   12.1042
    0.0000   15.0000   37.500015470.9834   12.1131
    7.5000   15.0000   37.500014725.1611   12.1168
   -7.5000   22.5000   37.500014179.0732   12.2556
    0.0000   22.5000   37.500014718.3799   12.2634
    7.5000   22.5000   37.500013990.6045   12.2661
   -7.5000   30.0000   37.500013285.3047   12.2847
    0.0000   30.0000   37.500013821.6094   12.2897
    7.5000   30.0000   37.500013130.6865   12.2929
   -7.5000   37.5000   37.500012893.2080   12.3967
    0.0000   37.5000   37.500013411.0273   12.3980
    7.5000   37.5000   37.500012731.4609   12.4019
   -7.5000   45.0000   37.500011974.8418   12.2732
    0.0000   45.0000   37.500012434.8975   12.2730
    7.5000   45.0000   37.500011832.0977   12.2781
   -7.5000  -45.0000   45.000010028.5654   13.3538
    0.0000  -45.0000   45.000010420.5654   13.3584
    7.5000  -45.0000   45.0000 9944.7168   13.3734
   -7.5000  -37.5000   45.000010485.1465   13.1148
    0.0000  -37.5000   45.000010889.0439   13.1236
    7.5000  -37.5000   45.000010404.8965   13.1376
   -7.5000  -30.0000   45.000011369.9688   12.8613
    0.0000  -30.0000   45.000011831.5322   12.8723
    7.5000  -30.0000   45.000011310.7832   12.8839
   -7.5000  -22.5000   45.000012308.8193   12.6499
    0.0000  -22.5000   45.000012788.9854   12.6608
    7.5000  -22.5000   45.000012227.2910   12.6705
   -7.5000  -15.0000   45.000013140.0635   12.4569
    0.0000  -15.0000   45.000013606.4727   12.4659
    7.5000  -15.0000   45.000013029.3643   12.4736
   -7.5000   -7.5000   45.000013870.1660   12.2816
    0.0000   -7.5000   45.000014350.0107   12.2883
    7.5000   -7.5000   45.000013752.0732   12.2947
   -7.5000    0.0000   45.000014571.2412   12.1915
    0.0000    0.0000   45.000015094.1426   12.1965
    7.5000    0.0000   45.000014444.6943   12.2019
   -7.5000    7.5000   45.000014291.1914   12.2527
    0.0000    7.5000   45.000014828.4141   12.2594
    7.5000    7.5000   45.000014189.5781   12.2643
   -7.5000   15.0000   45.000013831.1621   12.3894
    0.0000   15.0000   45.000014346.7178   12.3982
    7.5000   15.0000   45.000013718.4570   12.4025
   -7.5000   22.5000   45.000013182.1279   12.5421
    0.0000   22.5000   45.000013689.7197   12.5504
    7.5000   22.5000   45.000013056.0381   12.5545
   -7.5000   30.0000   45.000012394.4785   12.5705
    0.0000   30.0000   45.000012885.8770   12.5769
    7.5000   30.0000   45.000012268.5215   12.5813
   -7.5000   37.5000   45.000012034.4248   12.6853
    0.0000   37.5000   45.000012504.1406   12.6881
    7.5000   37.5000   45.000011905.2266   12.6918
   -7.5000   45.0000   45.000011160.5605   12.5648
    0.0000   45.0000   45.000011587.8037   12.5653
    7.5000   45.0000   45.000011045.5840   12.5691

---------------------------------------------------------------------
imgreg_4dfp /opt/freesurfer/average/711-2C_as_mni_average_305 /opt/freesurfer/average/711-2B_as_mni_average_305_mask talsrcimg_g11 none talsrcimg_to_711-2C_as_mni_average_305_t4 4355
---------------------------------------------------------------------

freesurfer imgreg_4dfp.c
/opt/freesurfer/average/711-2C_as_mni_average_305.4dfp.img
       256       256       256         1
  1.000000  1.000000  1.000000
orientation T byte_order littleendian
Reading image: /opt/freesurfer/average/711-2C_as_mni_average_305.4dfp.img
dimensions:      256       256       256
mmppix:       1.0000   -1.0000   -1.0000
center:     128.0000 -129.0000 -129.0000
/opt/freesurfer/average/711-2B_as_mni_average_305_mask.4dfp.img
       256       256       256         1
  1.000000  1.000000  1.000000
orientation T byte_order littleendian
Reading mask: /opt/freesurfer/average/711-2B_as_mni_average_305_mask.4dfp.img (2306576 pixels)
talsrcimg_g11.4dfp.img
       256       256       256         1
  1.000000  1.000000  1.000000
orientation T byte_order littleendian
Reading image: talsrcimg_g11.4dfp.img
dimensions:      256       256       256
mmppix:       1.0000   -1.0000   -1.0000
center:     128.0000 -129.0000 -129.0000
rotation matrix determinant  1.000000
image alignment mode   4355 decimal     1103 hex
   -7.5000  -45.0000  -45.0000 2420.6599   19.2755
    0.0000  -45.0000  -45.0000 2417.8020   19.3340
    7.5000  -45.0000  -45.0000 2414.0139   19.5000
   -7.5000  -37.5000  -45.0000 2468.0078   18.1246
    0.0000  -37.5000  -45.0000 2465.0620   18.1697
    7.5000  -37.5000  -45.0000 2458.1438   18.3402
   -7.5000  -30.0000  -45.0000 2511.8474   17.2411
    0.0000  -30.0000  -45.0000 2507.7656   17.2819
    7.5000  -30.0000  -45.0000 2493.5720   17.4532
   -7.5000  -22.5000  -45.0000 2541.9692   16.5794
    0.0000  -22.5000  -45.0000 2535.0676   16.6228
    7.5000  -22.5000  -45.0000 2517.0408   16.8020
   -7.5000  -15.0000  -45.0000 2554.7349   16.1185
    0.0000  -15.0000  -45.0000 2546.1663   16.1409
    7.5000  -15.0000  -45.0000 2526.7883   16.3252
   -7.5000   -7.5000  -45.0000 2559.5027   15.8103
    0.0000   -7.5000  -45.0000 2552.9685   15.8172
    7.5000   -7.5000  -45.0000 2532.9929   16.0459
   -7.5000    0.0000  -45.0000 2560.9844   15.7050
    0.0000    0.0000  -45.0000 2555.6624   15.7360
    7.5000    0.0000  -45.0000 2534.5903   15.9963
   -7.5000    7.5000  -45.0000 2561.5618   15.7622
    0.0000    7.5000  -45.0000 2554.7695   15.7996
    7.5000    7.5000  -45.0000 2531.2297   16.0790
   -7.5000   15.0000  -45.0000 2549.3823   16.0020
    0.0000   15.0000  -45.0000 2543.8386   16.0115
    7.5000   15.0000  -45.0000 2521.3132   16.3013
   -7.5000   22.5000  -45.0000 2536.0168   16.4498
    0.0000   22.5000  -45.0000 2528.3286   16.4373
    7.5000   22.5000  -45.0000 2508.6814   16.7370
   -7.5000   30.0000  -45.0000 2510.7300   17.0788
    0.0000   30.0000  -45.0000 2502.2791   17.0814
    7.5000   30.0000  -45.0000 2487.1338   17.3696
   -7.5000   37.5000  -45.0000 2484.1355   17.9115
    0.0000   37.5000  -45.0000 2475.9255   17.9552
    7.5000   37.5000  -45.0000 2458.6838   18.2564
   -7.5000   45.0000  -45.0000 2437.6377   18.9455
    0.0000   45.0000  -45.0000 2432.4583   19.0454
    7.5000   45.0000  -45.0000 2418.0750   19.3731
   -7.5000  -45.0000  -37.5000 2482.7666   18.2114
    0.0000  -45.0000  -37.5000 2485.7207   18.2436
    7.5000  -45.0000  -37.5000 2477.9397   18.3724
   -7.5000  -37.5000  -37.5000 2540.7681   17.0909
    0.0000  -37.5000  -37.5000 2537.0679   17.1105
    7.5000  -37.5000  -37.5000 2525.4011   17.2399
   -7.5000  -30.0000  -37.5000 2588.9585   16.2223
    0.0000  -30.0000  -37.5000 2583.5881   16.2503
    7.5000  -30.0000  -37.5000 2569.9023   16.4079
   -7.5000  -22.5000  -37.5000 2618.6101   15.5681
    0.0000  -22.5000  -37.5000 2608.8918   15.6063
    7.5000  -22.5000  -37.5000 2590.3682   15.7355
   -7.5000  -15.0000  -37.5000 2633.6616   15.0957
    0.0000  -15.0000  -37.5000 2620.7183   15.1306
    7.5000  -15.0000  -37.5000 2604.5225   15.2823
   -7.5000   -7.5000  -37.5000 2638.6902   14.8060
    0.0000   -7.5000  -37.5000 2631.1602   14.8323
    7.5000   -7.5000  -37.5000 2613.0806   15.0150
   -7.5000    0.0000  -37.5000 2638.6370   14.6662
    0.0000    0.0000  -37.5000 2628.9441   14.7076
    7.5000    0.0000  -37.5000 2612.1909   14.9352
   -7.5000    7.5000  -37.5000 2637.8184   14.6829
    0.0000    7.5000  -37.5000 2630.3723   14.7185
    7.5000    7.5000  -37.5000 2613.7893   14.9647
   -7.5000   15.0000  -37.5000 2627.9719   14.8895
    0.0000   15.0000  -37.5000 2623.6130   14.9249
    7.5000   15.0000  -37.5000 2606.3022   15.1885
   -7.5000   22.5000  -37.5000 2618.7476   15.3193
    0.0000   22.5000  -37.5000 2615.0972   15.3436
    7.5000   22.5000  -37.5000 2593.9175   15.6082
   -7.5000   30.0000  -37.5000 2590.9617   15.9582
    0.0000   30.0000  -37.5000 2588.7295   15.9591
    7.5000   30.0000  -37.5000 2564.6143   16.2054
   -7.5000   37.5000  -37.5000 2560.2378   16.7879
    0.0000   37.5000  -37.5000 2551.5964   16.7956
    7.5000   37.5000  -37.5000 2527.7009   17.0689
   -7.5000   45.0000  -37.5000 2508.9692   17.7979
    0.0000   45.0000  -37.5000 2506.5955   17.8368
    7.5000   45.0000  -37.5000 2485.3574   18.1263
   -7.5000  -45.0000  -30.0000 2584.0745   17.8560
    0.0000  -45.0000  -30.0000 2584.8018   17.8437
    7.5000  -45.0000  -30.0000 2579.0022   17.9961
   -7.5000  -37.5000  -30.0000 2650.2368   16.7223
    0.0000  -37.5000  -30.0000 2647.8696   16.7501
    7.5000  -37.5000  -30.0000 2633.3660   16.8725
   -7.5000  -30.0000  -30.0000 2704.5671   15.8427
    0.0000  -30.0000  -30.0000 2698.8030   15.8692
    7.5000  -30.0000  -30.0000 2679.6230   15.9887
   -7.5000  -22.5000  -30.0000 2735.8203   15.1346
    0.0000  -22.5000  -30.0000 2722.8833   15.1544
    7.5000  -22.5000  -30.0000 2703.4055   15.2970
   -7.5000  -15.0000  -30.0000 2751.6577   14.6325
    0.0000  -15.0000  -30.0000 2740.2749   14.6712
    7.5000  -15.0000  -30.0000 2719.2283   14.8024
   -7.5000   -7.5000  -30.0000 2758.6936   14.3321
    0.0000   -7.5000  -30.0000 2751.8955   14.3692
    7.5000   -7.5000  -30.0000 2732.3188   14.5316
   -7.5000    0.0000  -30.0000 2753.7944   14.1858
    0.0000    0.0000  -30.0000 2745.8098   14.2321
    7.5000    0.0000  -30.0000 2731.9553   14.4184
   -7.5000    7.5000  -30.0000 2756.0977   14.1944
    0.0000    7.5000  -30.0000 2754.2380   14.2611
    7.5000    7.5000  -30.0000 2734.7598   14.4607
   -7.5000   15.0000  -30.0000 2751.0393   14.4142
    0.0000   15.0000  -30.0000 2748.8884   14.4738
    7.5000   15.0000  -30.0000 2726.5479   14.6831
   -7.5000   22.5000  -30.0000 2738.3660   14.8360
    0.0000   22.5000  -30.0000 2732.8301   14.8544
    7.5000   22.5000  -30.0000 2708.5845   15.0779
   -7.5000   30.0000  -30.0000 2711.6184   15.4684
    0.0000   30.0000  -30.0000 2703.9448   15.4607
    7.5000   30.0000  -30.0000 2684.0173   15.6968
   -7.5000   37.5000  -30.0000 2676.3179   16.2845
    0.0000   37.5000  -30.0000 2664.6223   16.3008
    7.5000   37.5000  -30.0000 2644.9910   16.5439
   -7.5000   45.0000  -30.0000 2617.8425   17.3001
    0.0000   45.0000  -30.0000 2610.5237   17.3069
    7.5000   45.0000  -30.0000 2595.4673   17.5752
   -7.5000  -45.0000  -22.5000 2657.0942   17.3697
    0.0000  -45.0000  -22.5000 2659.7727   17.3856
    7.5000  -45.0000  -22.5000 2648.8882   17.5166
   -7.5000  -37.5000  -22.5000 2727.5659   16.2252
    0.0000  -37.5000  -22.5000 2722.9697   16.2478
    7.5000  -37.5000  -22.5000 2703.4792   16.3688
   -7.5000  -30.0000  -22.5000 2782.0618   15.3142
    0.0000  -30.0000  -22.5000 2774.7336   15.3426
    7.5000  -30.0000  -22.5000 2752.9106   15.4644
   -7.5000  -22.5000  -22.5000 2815.5024   14.6183
    0.0000  -22.5000  -22.5000 2807.3103   14.6487
    7.5000  -22.5000  -22.5000 2785.5037   14.7720
   -7.5000  -15.0000  -22.5000 2837.0930   14.0778
    0.0000  -15.0000  -22.5000 2829.5103   14.1177
    7.5000  -15.0000  -22.5000 2808.8403   14.2721
   -7.5000   -7.5000  -22.5000 2850.4646   13.7412
    0.0000   -7.5000  -22.5000 2845.8813   13.7888
    7.5000   -7.5000  -22.5000 2824.8701   13.9520
   -7.5000    0.0000  -22.5000 2848.4963   13.5854
    0.0000    0.0000  -22.5000 2843.9077   13.6349
    7.5000    0.0000  -22.5000 2830.8787   13.8014
   -7.5000    7.5000  -22.5000 2846.8264   13.6018
    0.0000    7.5000  -22.5000 2847.4219   13.6556
    7.5000    7.5000  -22.5000 2826.4910   13.8541
   -7.5000   15.0000  -22.5000 2841.9050   13.8287
    0.0000   15.0000  -22.5000 2841.6445   13.8937
    7.5000   15.0000  -22.5000 2817.0710   14.0939
   -7.5000   22.5000  -22.5000 2826.3601   14.2465
    0.0000   22.5000  -22.5000 2826.0706   14.2730
    7.5000   22.5000  -22.5000 2802.9915   14.4881
   -7.5000   30.0000  -22.5000 2795.6650   14.8577
    0.0000   30.0000  -22.5000 2792.2991   14.8658
    7.5000   30.0000  -22.5000 2771.5229   15.0833
   -7.5000   37.5000  -22.5000 2757.4695   15.6472
    0.0000   37.5000  -22.5000 2749.7493   15.6697
    7.5000   37.5000  -22.5000 2730.1094   15.8853
   -7.5000   45.0000  -22.5000 2699.5679   16.6536
    0.0000   45.0000  -22.5000 2696.4409   16.6722
    7.5000   45.0000  -22.5000 2676.1978   16.9210
   -7.5000  -45.0000  -15.0000 2701.1890   16.9153
    0.0000  -45.0000  -15.0000 2697.1335   16.9339
    7.5000  -45.0000  -15.0000 2685.2437   17.0958
   -7.5000  -37.5000  -15.0000 2767.9370   15.7542
    0.0000  -37.5000  -15.0000 2762.2810   15.7905
    7.5000  -37.5000  -15.0000 2743.0613   15.9279
   -7.5000  -30.0000  -15.0000 2824.1602   14.8316
    0.0000  -30.0000  -15.0000 2817.2048   14.8689
    7.5000  -30.0000  -15.0000 2796.7703   14.9895
   -7.5000  -22.5000  -15.0000 2861.5786   14.1145
    0.0000  -22.5000  -15.0000 2856.6382   14.1581
    7.5000  -22.5000  -15.0000 2834.9324   14.2837
   -7.5000  -15.0000  -15.0000 2887.4043   13.5808
    0.0000  -15.0000  -15.0000 2882.5725   13.6286
    7.5000  -15.0000  -15.0000 2862.6074   13.7998
   -7.5000   -7.5000  -15.0000 2906.1877   13.2017
    0.0000   -7.5000  -15.0000 2903.8445   13.2563
    7.5000   -7.5000  -15.0000 2880.1062   13.4450
   -7.5000    0.0000  -15.0000 2907.3066   13.0049
    0.0000    0.0000  -15.0000 2906.2688   13.0552
    7.5000    0.0000  -15.0000 2883.3079   13.2740
   -7.5000    7.5000  -15.0000 2908.6423   13.0210
    0.0000    7.5000  -15.0000 2909.1545   13.0807
    7.5000    7.5000  -15.0000 2885.6643   13.3256
   -7.5000   15.0000  -15.0000 2905.1675   13.2789
    0.0000   15.0000  -15.0000 2906.2971   13.3296
    7.5000   15.0000  -15.0000 2878.7239   13.5631
   -7.5000   22.5000  -15.0000 2888.0444   13.7123
    0.0000   22.5000  -15.0000 2890.8752   13.7472
    7.5000   22.5000  -15.0000 2869.1284   13.9622
   -7.5000   30.0000  -15.0000 2850.5200   14.3055
    0.0000   30.0000  -15.0000 2849.0779   14.3431
    7.5000   30.0000  -15.0000 2834.6643   14.5580
   -7.5000   37.5000  -15.0000 2801.4102   15.0888
    0.0000   37.5000  -15.0000 2799.7483   15.1028
    7.5000   37.5000  -15.0000 2782.6226   15.3443
   -7.5000   45.0000  -15.0000 2743.7256   16.0674
    0.0000   45.0000  -15.0000 2743.1709   16.0888
    7.5000   45.0000  -15.0000 2724.5205   16.3420
   -7.5000  -45.0000   -7.5000 2718.4819   16.5440
    0.0000  -45.0000   -7.5000 2717.3059   16.5720
    7.5000  -45.0000   -7.5000 2703.8840   16.7368
   -7.5000  -37.5000   -7.5000 2785.1643   15.3551
    0.0000  -37.5000   -7.5000 2779.0618   15.3928
    7.5000  -37.5000   -7.5000 2764.2756   15.5635
   -7.5000  -30.0000   -7.5000 2845.8147   14.3983
    0.0000  -30.0000   -7.5000 2839.6677   14.4393
    7.5000  -30.0000   -7.5000 2825.2163   14.6178
   -7.5000  -22.5000   -7.5000 2890.7236   13.6725
    0.0000  -22.5000   -7.5000 2886.6982   13.7207
    7.5000  -22.5000   -7.5000 2870.6331   13.9091
   -7.5000  -15.0000   -7.5000 2919.8250   13.1504
    0.0000  -15.0000   -7.5000 2916.7803   13.2187
    7.5000  -15.0000   -7.5000 2900.0500   13.4089
   -7.5000   -7.5000   -7.5000 2947.2263   12.7783
    0.0000   -7.5000   -7.5000 2944.2900   12.8650
    7.5000   -7.5000   -7.5000 2917.0637   13.0538
   -7.5000    0.0000   -7.5000 2948.1233   12.4821
    0.0000    0.0000   -7.5000 2946.8899   12.6059
    7.5000    0.0000   -7.5000 2923.2190   12.8764
   -7.5000    7.5000   -7.5000 2949.2527   12.4837
    0.0000    7.5000   -7.5000 2951.5342   12.5911
    7.5000    7.5000   -7.5000 2933.2183   12.9158
   -7.5000   15.0000   -7.5000 2943.9041   12.7814
    0.0000   15.0000   -7.5000 2954.0764   12.8497
    7.5000   15.0000   -7.5000 2928.9868   13.1448
   -7.5000   22.5000   -7.5000 2923.5352   13.2386
    0.0000   22.5000   -7.5000 2931.3767   13.3050
    7.5000   22.5000   -7.5000 2914.5029   13.5574
   -7.5000   30.0000   -7.5000 2883.7307   13.8478
    0.0000   30.0000   -7.5000 2889.3560   13.9173
    7.5000   30.0000   -7.5000 2877.6921   14.1632
   -7.5000   37.5000   -7.5000 2831.2327   14.6428
    0.0000   37.5000   -7.5000 2836.8384   14.7167
    7.5000   37.5000   -7.5000 2822.1350   14.9538
   -7.5000   45.0000   -7.5000 2774.2285   15.6075
    0.0000   45.0000   -7.5000 2778.7642   15.6889
    7.5000   45.0000   -7.5000 2754.9548   15.9440
   -7.5000  -45.0000    0.0000 2719.5698   16.3047
    0.0000  -45.0000    0.0000 2716.4094   16.3576
    7.5000  -45.0000    0.0000 2707.5872   16.5187
   -7.5000  -37.5000    0.0000 2782.2722   15.1155
    0.0000  -37.5000    0.0000 2781.3682   15.1770
    7.5000  -37.5000    0.0000 2768.6873   15.3438
   -7.5000  -30.0000    0.0000 2845.6638   14.1396
    0.0000  -30.0000    0.0000 2845.2976   14.2045
    7.5000  -30.0000    0.0000 2830.5562   14.3764
   -7.5000  -22.5000    0.0000 2897.1719   13.4147
    0.0000  -22.5000    0.0000 2900.3547   13.4840
    7.5000  -22.5000    0.0000 2885.4717   13.6604
   -7.5000  -15.0000    0.0000 2939.9646   12.8901
    0.0000  -15.0000    0.0000 2944.3271   12.9719
    7.5000  -15.0000    0.0000 2925.0142   13.1462
   -7.5000   -7.5000    0.0000 2974.4897   12.5297
    0.0000   -7.5000    0.0000 2976.5779   12.6384
    7.5000   -7.5000    0.0000 2945.7021   12.7994
   -7.5000    0.0000    0.0000 2972.6819   12.1328
    0.0000    0.0000    0.0000 2982.6624   12.3545
    7.5000    0.0000    0.0000 2957.6846   12.6316
   -7.5000    7.5000    0.0000 2965.3208   12.0972
    0.0000    7.5000    0.0000 2978.7661   12.3173
    7.5000    7.5000    0.0000 2961.6001   12.6575
   -7.5000   15.0000    0.0000 2958.7917   12.4087
    0.0000   15.0000    0.0000 2977.6230   12.5737
    7.5000   15.0000    0.0000 2956.5208   12.8856
   -7.5000   22.5000    0.0000 2941.3218   12.9045
    0.0000   22.5000    0.0000 2957.4270   13.0427
    7.5000   22.5000    0.0000 2937.3940   13.3056
   -7.5000   30.0000    0.0000 2904.5664   13.5668
    0.0000   30.0000    0.0000 2916.8669   13.6890
    7.5000   30.0000    0.0000 2899.5996   13.9168
   -7.5000   37.5000    0.0000 2849.9661   14.3773
    0.0000   37.5000    0.0000 2860.8984   14.4729
    7.5000   37.5000    0.0000 2840.4377   14.7007
   -7.5000   45.0000    0.0000 2794.3298   15.3594
    0.0000   45.0000    0.0000 2799.9019   15.4545
    7.5000   45.0000    0.0000 2774.5352   15.6841
   -7.5000  -45.0000    7.5000 2709.8252   16.1571
    0.0000  -45.0000    7.5000 2714.7363   16.2190
    7.5000  -45.0000    7.5000 2707.7891   16.3932
   -7.5000  -37.5000    7.5000 2771.6199   14.9702
    0.0000  -37.5000    7.5000 2774.8105   15.0231
    7.5000  -37.5000    7.5000 2769.5417   15.2159
   -7.5000  -30.0000    7.5000 2831.5791   13.9903
    0.0000  -30.0000    7.5000 2839.1221   14.0490
    7.5000  -30.0000    7.5000 2831.7986   14.2420
   -7.5000  -22.5000    7.5000 2892.9231   13.2774
    0.0000  -22.5000    7.5000 2901.1204   13.3502
    7.5000  -22.5000    7.5000 2892.1118   13.5109
   -7.5000  -15.0000    7.5000 2945.5461   12.7641
    0.0000  -15.0000    7.5000 2957.8035   12.8587
    7.5000  -15.0000    7.5000 2944.4795   12.9944
   -7.5000   -7.5000    7.5000 2991.7170   12.4388
    0.0000   -7.5000    7.5000 3004.7656   12.5561
    7.5000   -7.5000    7.5000 2978.1257   12.6903
   -7.5000    0.0000    7.5000 3000.6570   12.0872
    0.0000    0.0000    7.5000 3022.9329   12.3233
    7.5000    0.0000    7.5000 2993.4177   12.5272
   -7.5000    7.5000    7.5000 2977.5723   11.9629
    0.0000    7.5000    7.5000 3006.8811   12.2715
    7.5000    7.5000    7.5000 2989.1807   12.5524
   -7.5000   15.0000    7.5000 2970.0671   12.2516
    0.0000   15.0000    7.5000 2991.5593   12.4339
    7.5000   15.0000    7.5000 2974.0994   12.7204
   -7.5000   22.5000    7.5000 2952.9741   12.7646
    0.0000   22.5000    7.5000 2964.9597   12.8418
    7.5000   22.5000    7.5000 2950.9753   13.1000
   -7.5000   30.0000    7.5000 2913.9155   13.4105
    0.0000   30.0000    7.5000 2923.5925   13.4562
    7.5000   30.0000    7.5000 2907.7432   13.7149
   -7.5000   37.5000    7.5000 2861.2852   14.2425
    0.0000   37.5000    7.5000 2867.0811   14.2766
    7.5000   37.5000    7.5000 2850.3135   14.5231
   -7.5000   45.0000    7.5000 2802.7310   15.2352
    0.0000   45.0000    7.5000 2802.3899   15.2661
    7.5000   45.0000    7.5000 2782.1294   15.5011
   -7.5000  -45.0000   15.0000 2695.6702   16.2011
    0.0000  -45.0000   15.0000 2702.3748   16.2482
    7.5000  -45.0000   15.0000 2704.7588   16.4470
   -7.5000  -37.5000   15.0000 2756.8684   14.9710
    0.0000  -37.5000   15.0000 2765.7764   15.0431
    7.5000  -37.5000   15.0000 2766.7310   15.2363
   -7.5000  -30.0000   15.0000 2812.4446   13.9764
    0.0000  -30.0000   15.0000 2827.6348   14.0375
    7.5000  -30.0000   15.0000 2829.0452   14.2143
   -7.5000  -22.5000   15.0000 2873.9612   13.2348
    0.0000  -22.5000   15.0000 2894.3896   13.3126
    7.5000  -22.5000   15.0000 2895.1006   13.4714
   -7.5000  -15.0000   15.0000 2937.3169   12.7548
    0.0000  -15.0000   15.0000 2957.8474   12.8227
    7.5000  -15.0000   15.0000 2952.7810   12.9437
   -7.5000   -7.5000   15.0000 3001.3035   12.4922
    0.0000   -7.5000   15.0000 3013.0728   12.5609
    7.5000   -7.5000   15.0000 2990.2808   12.6328
   -7.5000    0.0000   15.0000 3031.2722   12.2771
    0.0000    0.0000   15.0000 3040.4097   12.3490
    7.5000    0.0000   15.0000 3006.8987   12.4704
   -7.5000    7.5000   15.0000 3015.7429   12.2657
    0.0000    7.5000   15.0000 3016.7791   12.2838
    7.5000    7.5000   15.0000 2997.2434   12.5145
   -7.5000   15.0000   15.0000 2986.9875   12.3797
    0.0000   15.0000   15.0000 2987.8481   12.3907
    7.5000   15.0000   15.0000 2975.9856   12.6595
   -7.5000   22.5000   15.0000 2951.9646   12.7348
    0.0000   22.5000   15.0000 2955.6235   12.7473
    7.5000   22.5000   15.0000 2948.9331   13.0018
   -7.5000   30.0000   15.0000 2904.8201   13.3411
    0.0000   30.0000   15.0000 2912.6450   13.3580
    7.5000   30.0000   15.0000 2902.5210   13.6076
   -7.5000   37.5000   15.0000 2855.3179   14.1809
    0.0000   37.5000   15.0000 2860.6692   14.1952
    7.5000   37.5000   15.0000 2848.8689   14.4214
   -7.5000   45.0000   15.0000 2796.9619   15.2167
    0.0000   45.0000   15.0000 2798.6196   15.2241
    7.5000   45.0000   15.0000 2779.6282   15.4292
   -7.5000  -45.0000   22.5000 2681.1853   16.3352
    0.0000  -45.0000   22.5000 2692.0659   16.3758
    7.5000  -45.0000   22.5000 2698.7729   16.5837
   -7.5000  -37.5000   22.5000 2737.7668   15.0978
    0.0000  -37.5000   22.5000 2751.4590   15.1484
    7.5000  -37.5000   22.5000 2761.5667   15.3471
   -7.5000  -30.0000   22.5000 2796.0732   14.1646
    0.0000  -30.0000   22.5000 2811.3323   14.1892
    7.5000  -30.0000   22.5000 2823.9941   14.3591
   -7.5000  -22.5000   22.5000 2864.3997   13.4592
    0.0000  -22.5000   22.5000 2877.1367   13.4686
    7.5000  -22.5000   22.5000 2884.1294   13.6000
   -7.5000  -15.0000   22.5000 2933.2412   13.0020
    0.0000  -15.0000   22.5000 2940.1953   12.9916
    7.5000  -15.0000   22.5000 2943.8022   13.0650
   -7.5000   -7.5000   22.5000 2994.3606   12.6875
    0.0000   -7.5000   22.5000 2999.7681   12.6623
    7.5000   -7.5000   22.5000 2981.0095   12.7109
   -7.5000    0.0000   22.5000 3023.3342   12.4794
    0.0000    0.0000   22.5000 3016.9497   12.3809
    7.5000    0.0000   22.5000 2993.7227   12.5084
   -7.5000    7.5000   22.5000 3023.3809   12.5413
    0.0000    7.5000   22.5000 3017.5537   12.4672
    7.5000    7.5000   22.5000 2996.7017   12.6128
   -7.5000   15.0000   22.5000 2989.8162   12.7077
    0.0000   15.0000   22.5000 2988.3164   12.6884
    7.5000   15.0000   22.5000 2973.0635   12.8390
   -7.5000   22.5000   22.5000 2949.6685   13.0516
    0.0000   22.5000   22.5000 2946.8147   13.0277
    7.5000   22.5000   22.5000 2939.1162   13.1980
   -7.5000   30.0000   22.5000 2893.5212   13.5614
    0.0000   30.0000   22.5000 2894.7949   13.5450
    7.5000   30.0000   22.5000 2887.5105   13.7523
   -7.5000   37.5000   22.5000 2840.7390   14.3070
    0.0000   37.5000   22.5000 2842.1013   14.2931
    7.5000   37.5000   22.5000 2834.5137   14.5034
   -7.5000   45.0000   22.5000 2785.6545   15.2672
    0.0000   45.0000   22.5000 2787.4070   15.2776
    7.5000   45.0000   22.5000 2769.3186   15.4779
   -7.5000  -45.0000   30.0000 2670.2385   16.6734
    0.0000  -45.0000   30.0000 2678.7456   16.6361
    7.5000  -45.0000   30.0000 2688.5359   16.8439
   -7.5000  -37.5000   30.0000 2725.7363   15.4836
    0.0000  -37.5000   30.0000 2733.4526   15.4296
    7.5000  -37.5000   30.0000 2748.2310   15.6357
   -7.5000  -30.0000   30.0000 2787.4800   14.5836
    0.0000  -30.0000   30.0000 2796.5884   14.5151
    7.5000  -30.0000   30.0000 2811.7510   14.6672
   -7.5000  -22.5000   30.0000 2856.0552   13.8713
    0.0000  -22.5000   30.0000 2863.2488   13.8194
    7.5000  -22.5000   30.0000 2873.2905   13.9287
   -7.5000  -15.0000   30.0000 2918.9978   13.3369
    0.0000  -15.0000   30.0000 2924.5466   13.3188
    7.5000  -15.0000   30.0000 2927.9172   13.3702
   -7.5000   -7.5000   30.0000 2966.9084   12.9154
    0.0000   -7.5000   30.0000 2972.8672   12.8581
    7.5000   -7.5000   30.0000 2957.9338   12.9651
   -7.5000    0.0000   30.0000 2993.3550   12.6848
    0.0000    0.0000   30.0000 2993.5413   12.6108
    7.5000    0.0000   30.0000 2977.0317   12.7578
   -7.5000    7.5000   30.0000 2998.7288   12.7958
    0.0000    7.5000   30.0000 3009.5642   12.7653
    7.5000    7.5000   30.0000 2987.1580   12.8826
   -7.5000   15.0000   30.0000 2971.5227   13.0428
    0.0000   15.0000   30.0000 2976.0718   13.0653
    7.5000   15.0000   30.0000 2956.7991   13.1698
   -7.5000   22.5000   30.0000 2927.4067   13.4178
    0.0000   22.5000   30.0000 2929.0022   13.4369
    7.5000   22.5000   30.0000 2916.2991   13.5522
   -7.5000   30.0000   30.0000 2873.3967   13.9514
    0.0000   30.0000   30.0000 2876.4956   13.9565
    7.5000   30.0000   30.0000 2864.8120   14.0942
   -7.5000   37.5000   30.0000 2822.8455   14.6439
    0.0000   37.5000   30.0000 2824.7083   14.6309
    7.5000   37.5000   30.0000 2810.9390   14.7923
   -7.5000   45.0000   30.0000 2759.3958   15.5186
    0.0000   45.0000   30.0000 2764.2810   15.5419
    7.5000   45.0000   30.0000 2747.0073   15.7376
   -7.5000  -45.0000   37.5000 2658.4050   17.1686
    0.0000  -45.0000   37.5000 2666.0488   17.0921
    7.5000  -45.0000   37.5000 2674.7749   17.2567
   -7.5000  -37.5000   37.5000 2716.3838   16.0041
    0.0000  -37.5000   37.5000 2725.0022   15.8968
    7.5000  -37.5000   37.5000 2734.3887   16.0615
   -7.5000  -30.0000   37.5000 2777.7834   15.0926
    0.0000  -30.0000   37.5000 2787.5696   14.9823
    7.5000  -30.0000   37.5000 2797.1333   15.1402
   -7.5000  -22.5000   37.5000 2843.8694   14.3557
    0.0000  -22.5000   37.5000 2850.3279   14.2746
    7.5000  -22.5000   37.5000 2859.6025   14.3854
   -7.5000  -15.0000   37.5000 2897.4951   13.7619
    0.0000  -15.0000   37.5000 2902.4961   13.6739
    7.5000  -15.0000   37.5000 2907.9524   13.7732
   -7.5000   -7.5000   37.5000 2936.6316   13.3103
    0.0000   -7.5000   37.5000 2939.2930   13.1883
    7.5000   -7.5000   37.5000 2934.8279   13.3519
   -7.5000    0.0000   37.5000 2958.2104   13.0700
    0.0000    0.0000   37.5000 2962.2278   13.0220
    7.5000    0.0000   37.5000 2954.2783   13.1750
   -7.5000    7.5000   37.5000 2961.3337   13.1864
    0.0000    7.5000   37.5000 2976.3635   13.1726
    7.5000    7.5000   37.5000 2962.9255   13.2993
   -7.5000   15.0000   37.5000 2939.7747   13.4661
    0.0000   15.0000   37.5000 2946.6562   13.4690
    7.5000   15.0000   37.5000 2933.8027   13.5824
   -7.5000   22.5000   37.5000 2899.6267   13.8914
    0.0000   22.5000   37.5000 2901.5244   13.8914
    7.5000   22.5000   37.5000 2890.5930   14.0047
   -7.5000   30.0000   37.5000 2847.7041   14.4360
    0.0000   30.0000   37.5000 2855.0774   14.4299
    7.5000   30.0000   37.5000 2843.2747   14.5507
   -7.5000   37.5000   37.5000 2796.7642   15.1249
    0.0000   37.5000   37.5000 2802.8523   15.1232
    7.5000   37.5000   37.5000 2788.0046   15.2545
   -7.5000   45.0000   37.5000 2727.7637   15.9760
    0.0000   45.0000   37.5000 2729.3274   15.9965
    7.5000   45.0000   37.5000 2718.4629   16.1427
   -7.5000  -45.0000   45.0000 2638.7715   17.7485
    0.0000  -45.0000   45.0000 2649.1411   17.6202
    7.5000  -45.0000   45.0000 2657.3442   17.8189
   -7.5000  -37.5000   45.0000 2697.8596   16.5904
    0.0000  -37.5000   45.0000 2709.3428   16.4377
    7.5000  -37.5000   45.0000 2718.0229   16.6284
   -7.5000  -30.0000   45.0000 2759.5898   15.6504
    0.0000  -30.0000   45.0000 2770.9456   15.5197
    7.5000  -30.0000   45.0000 2778.4248   15.6949
   -7.5000  -22.5000   45.0000 2821.8289   14.8851
    0.0000  -22.5000   45.0000 2827.8142   14.7676
    7.5000  -22.5000   45.0000 2836.6023   14.8952
   -7.5000  -15.0000   45.0000 2867.9495   14.2834
    0.0000  -15.0000   45.0000 2871.4329   14.1286
    7.5000  -15.0000   45.0000 2878.7722   14.2843
   -7.5000   -7.5000   45.0000 2900.5271   13.8239
    0.0000   -7.5000   45.0000 2904.5881   13.6952
    7.5000   -7.5000   45.0000 2905.0178   13.8898
   -7.5000    0.0000   45.0000 2918.6438   13.6191
    0.0000    0.0000   45.0000 2920.8826   13.5493
    7.5000    0.0000   45.0000 2918.1086   13.7256
   -7.5000    7.5000   45.0000 2915.4788   13.7191
    0.0000    7.5000   45.0000 2926.0210   13.6844
    7.5000    7.5000   45.0000 2920.7134   13.8367
   -7.5000   15.0000   45.0000 2894.6677   13.9986
    0.0000   15.0000   45.0000 2901.9148   13.9779
    7.5000   15.0000   45.0000 2897.1260   14.1105
   -7.5000   22.5000   45.0000 2860.1187   14.4258
    0.0000   22.5000   45.0000 2867.2983   14.3996
    7.5000   22.5000   45.0000 2856.4863   14.5388
   -7.5000   30.0000   45.0000 2814.4573   14.9679
    0.0000   30.0000   45.0000 2826.3713   14.9495
    7.5000   30.0000   45.0000 2807.5471   15.0944
   -7.5000   37.5000   45.0000 2764.2168   15.6732
    0.0000   37.5000   45.0000 2768.2070   15.6808
    7.5000   37.5000   45.0000 2750.9436   15.8299
   -7.5000   45.0000   45.0000 2691.5359   16.5509
    0.0000   45.0000   45.0000 2692.8379   16.5657
    7.5000   45.0000   45.0000 2677.8816   16.6968

---------------------------------------------------------------------
imgreg_4dfp /opt/freesurfer/average/711-2C_as_mni_average_305 /opt/freesurfer/average/711-2B_as_mni_average_305_mask talsrcimg_g11 none talsrcimg_to_711-2C_as_mni_average_305_t4 1283
---------------------------------------------------------------------

freesurfer imgreg_4dfp.c
/opt/freesurfer/average/711-2C_as_mni_average_305.4dfp.img
       256       256       256         1
  1.000000  1.000000  1.000000
orientation T byte_order littleendian
Reading image: /opt/freesurfer/average/711-2C_as_mni_average_305.4dfp.img
dimensions:      256       256       256
mmppix:       1.0000   -1.0000   -1.0000
center:     128.0000 -129.0000 -129.0000
/opt/freesurfer/average/711-2B_as_mni_average_305_mask.4dfp.img
       256       256       256         1
  1.000000  1.000000  1.000000
orientation T byte_order littleendian
Reading mask: /opt/freesurfer/average/711-2B_as_mni_average_305_mask.4dfp.img (2306576 pixels)
talsrcimg_g11.4dfp.img
       256       256       256         1
  1.000000  1.000000  1.000000
orientation T byte_order littleendian
Reading image: talsrcimg_g11.4dfp.img
dimensions:      256       256       256
mmppix:       1.0000   -1.0000   -1.0000
center:     128.0000 -129.0000 -129.0000
rotation matrix determinant  1.000000
fimgreg.f
image alignment mode   1283 decimal      503 hex
parameters
    0.0000    0.0000   15.0000    0.0000    0.0000    0.0000
eta,q 0.95488 12.39690
niter,ni,del,rscale     5    3   12.0000    1.2000
parameter  5 10.848936 ->  0.500000 qaram    1.1500
parameter  6  0.657466 ->  0.500000 qaram    1.1500
parameters
   -1.3359   -1.3516   14.0297   -2.8483   -3.4500   -3.4500
eta,q 0.96054 12.30996
  0.0507  0.0519  0.0495  0.0477  0.0390  0.0403
  0.0485  0.0487  0.0470  0.0466  0.0405  0.0395
  0.0487  0.0474  0.0469  0.0460  0.0428  0.0397
  0.0494  0.0487  0.0474  0.0472  0.0462  0.0410
  0.0496  0.0509  0.0478  0.0487  0.0488  0.0428
  0.0503  0.0524  0.0489  0.0499  0.0507  0.0448
  0.0530  0.0548  0.0511  0.0510  0.0536  0.0472
niter,ni,del,rscale     6    3   12.0000    1.2000
parameter  5  0.752013 ->  0.500000 qaram    1.3225
parameters
   -1.7599    0.0485   15.4975   -2.9698   -7.4175   -4.3426
eta,q 0.96585 12.35334
  0.0483  0.0523  0.0461  0.0433  0.0357  0.0384
  0.0433  0.0470  0.0428  0.0397  0.0343  0.0357
  0.0400  0.0421  0.0408  0.0378  0.0349  0.0343
  0.0395  0.0393  0.0388  0.0378  0.0378  0.0343
  0.0420  0.0391  0.0377  0.0386  0.0422  0.0354
  0.0458  0.0415  0.0389  0.0407  0.0471  0.0377
  0.0501  0.0442  0.0418  0.0430  0.0513  0.0411
niter,ni,del,rscale     6    3   12.0000    1.2000
parameters
   -1.5639    0.4461   15.9391   -3.5470   -7.8105   -4.3248
eta,q 0.96596 12.35495
  0.0490  0.0466  0.0434  0.0392  0.0436  0.0394
  0.0411  0.0407  0.0404  0.0357  0.0391  0.0365
  0.0359  0.0360  0.0365  0.0342  0.0352  0.0346
  0.0341  0.0342  0.0341  0.0341  0.0340  0.0340
  0.0356  0.0354  0.0351  0.0353  0.0356  0.0346
  0.0404  0.0392  0.0379  0.0381  0.0402  0.0363
  0.0467  0.0434  0.0418  0.0409  0.0460  0.0394
niter,ni,del,rscale     5    3   12.0000    1.2000
parameters
   -1.4199    0.6906   15.9761   -3.7364   -7.9035   -4.2091
eta,q 0.96591 12.35057
  0.0489  0.0462  0.0426  0.0400  0.0443  0.0395
  0.0410  0.0401  0.0393  0.0364  0.0396  0.0366
  0.0357  0.0354  0.0357  0.0344  0.0357  0.0347
  0.0340  0.0341  0.0341  0.0341  0.0341  0.0341
  0.0356  0.0357  0.0355  0.0349  0.0352  0.0345
  0.0405  0.0397  0.0387  0.0374  0.0396  0.0362
  0.0472  0.0436  0.0428  0.0404  0.0453  0.0393
niter,ni,del,rscale     4    3   12.0000    1.2000
parameters
   -1.3548    0.8149   15.9758   -3.8022   -7.9341   -4.1446
eta,q 0.96586 12.34681
  0.0486  0.0458  0.0426  0.0402  0.0445  0.0394
  0.0409  0.0396  0.0392  0.0367  0.0398  0.0366
  0.0356  0.0351  0.0356  0.0345  0.0358  0.0347
  0.0341  0.0341  0.0341  0.0341  0.0341  0.0341
  0.0359  0.0360  0.0356  0.0348  0.0352  0.0345
  0.0408  0.0400  0.0388  0.0371  0.0395  0.0362
  0.0476  0.0439  0.0429  0.0402  0.0452  0.0394
niter,ni,del,rscale     3    3   12.0000    1.2000
parameters
   -1.3277    0.8688   15.9713   -3.8274   -7.9448   -4.1168
eta,q 0.96584 12.34507
  0.0485  0.0456  0.0426  0.0403  0.0446  0.0393
  0.0408  0.0393  0.0392  0.0367  0.0399  0.0365
  0.0356  0.0350  0.0356  0.0345  0.0358  0.0347
  0.0341  0.0341  0.0342  0.0342  0.0342  0.0342
  0.0360  0.0362  0.0356  0.0348  0.0352  0.0345
  0.0410  0.0402  0.0388  0.0371  0.0395  0.0363
  0.0478  0.0440  0.0429  0.0401  0.0451  0.0394
registration optimization eta report
parameter search radius
    6.0000    6.0000    6.0000    6.0000    7.9350    6.9000
100000*second partial in parameter space
       39.       29.       23.       17.       17.       11.
  0.0485  0.0456  0.0426  0.0403  0.0446  0.0393
  0.0408  0.0393  0.0392  0.0367  0.0399  0.0365
  0.0356  0.0350  0.0356  0.0345  0.0358  0.0347
  0.0341  0.0341  0.0342  0.0342  0.0342  0.0342
  0.0360  0.0362  0.0356  0.0348  0.0352  0.0345
  0.0410  0.0402  0.0388  0.0371  0.0395  0.0363
  0.0478  0.0440  0.0429  0.0401  0.0451  0.0394
   -1.3277    0.8688   15.9713   -3.8274   -7.9448   -4.1168
eta,q 0.96584 12.34507

---------------------------------------------------------------------
imgreg_4dfp /opt/freesurfer/average/711-2C_as_mni_average_305 /opt/freesurfer/average/711-2B_as_mni_average_305_mask talsrcimg_g11 none talsrcimg_to_711-2C_as_mni_average_305_t4 3335
---------------------------------------------------------------------

freesurfer imgreg_4dfp.c
/opt/freesurfer/average/711-2C_as_mni_average_305.4dfp.img
       256       256       256         1
  1.000000  1.000000  1.000000
orientation T byte_order littleendian
Reading image: /opt/freesurfer/average/711-2C_as_mni_average_305.4dfp.img
dimensions:      256       256       256
mmppix:       1.0000   -1.0000   -1.0000
center:     128.0000 -129.0000 -129.0000
/opt/freesurfer/average/711-2B_as_mni_average_305_mask.4dfp.img
       256       256       256         1
  1.000000  1.000000  1.000000
orientation T byte_order littleendian
Reading mask: /opt/freesurfer/average/711-2B_as_mni_average_305_mask.4dfp.img (2306576 pixels)
talsrcimg_g11.4dfp.img
       256       256       256         1
  1.000000  1.000000  1.000000
orientation T byte_order littleendian
Reading image: talsrcimg_g11.4dfp.img
dimensions:      256       256       256
mmppix:       1.0000   -1.0000   -1.0000
center:     128.0000 -129.0000 -129.0000
fimgreg.f
image alignment mode   3335 decimal      D07 hex
parameters
   -1.3277    0.8688   15.9713   -1.2154   -0.4142   -1.1807
    6.2427   14.2347   -7.1101    5.6678  -13.8219   -6.6110
eta,q 0.96631 12.43146
niter,ni,del,rscale     5    3    5.0000    1.2000
parameter  4  1.554907 ->  0.500000 qaram    1.1500
parameter  5  3.776144 ->  0.500000 qaram    1.1500
parameter  6  0.602631 ->  0.500000 qaram    1.1500
parameter 10  0.587042 ->  0.500000 qaram    1.1500
parameter 12  1.071729 ->  0.500000 qaram    1.1500
parameters
   -1.1380    1.3722   15.7669   -5.3554   -4.5542   -5.3207
    3.9157   13.9260   -6.4609    1.5278  -10.5763  -10.7510
eta,q 0.97996 12.48036
  0.0371  0.0357  0.0350  0.0287  0.0225  0.0235  0.0239  0.0270  0.0249  0.0218  0.0238  0.0199
  0.0353  0.0347  0.0341  0.0291  0.0238  0.0228  0.0228  0.0244  0.0237  0.0212  0.0226  0.0200
  0.0342  0.0340  0.0337  0.0307  0.0261  0.0229  0.0224  0.0228  0.0228  0.0214  0.0217  0.0203
  0.0337  0.0337  0.0336  0.0336  0.0294  0.0243  0.0227  0.0224  0.0224  0.0224  0.0212  0.0210
  0.0339  0.0336  0.0339  0.0370  0.0328  0.0274  0.0238  0.0232  0.0225  0.0241  0.0210  0.0219
  0.0347  0.0338  0.0345  0.0405  0.0357  0.0315  0.0255  0.0250  0.0231  0.0267  0.0211  0.0230
  0.0362  0.0345  0.0355  0.0435  0.0385  0.0359  0.0276  0.0278  0.0242  0.0298  0.0213  0.0242
niter,ni,del,rscale     7    3    5.0000    1.2000
parameters
   -0.8637    1.4498   15.0854   -6.5614   -7.8327   -3.8149
    3.3524   13.8905   -7.1554    2.0941  -10.1810  -14.2985
eta,q 0.98162 12.43730
  0.0243  0.0232  0.0206  0.0233  0.0214  0.0237  0.0213  0.0233  0.0207  0.0233  0.0200  0.0189
  0.0222  0.0215  0.0201  0.0218  0.0199  0.0221  0.0199  0.0207  0.0195  0.0211  0.0192  0.0185
  0.0207  0.0204  0.0199  0.0205  0.0193  0.0205  0.0190  0.0192  0.0189  0.0195  0.0188  0.0184
  0.0200  0.0200  0.0200  0.0199  0.0200  0.0193  0.0188  0.0187  0.0187  0.0187  0.0187  0.0187
  0.0202  0.0203  0.0204  0.0208  0.0224  0.0184  0.0193  0.0193  0.0192  0.0189  0.0188  0.0193
  0.0211  0.0212  0.0212  0.0233  0.0260  0.0190  0.0205  0.0207  0.0202  0.0202  0.0191  0.0202
  0.0228  0.0228  0.0223  0.0267  0.0300  0.0222  0.0223  0.0234  0.0216  0.0223  0.0196  0.0214
niter,ni,del,rscale     6    3    5.0000    1.2000
parameters
   -0.8578    2.0705   15.0775   -6.1418   -8.7069   -3.9573
    3.1796   13.9139   -7.2982    3.2125   -9.9484  -15.0612
eta,q 0.98191 12.42868
  0.0217  0.0226  0.0197  0.0229  0.0223  0.0223  0.0211  0.0228  0.0205  0.0230  0.0194  0.0194
  0.0199  0.0207  0.0189  0.0211  0.0203  0.0206  0.0196  0.0203  0.0192  0.0206  0.0186  0.0186
  0.0188  0.0192  0.0183  0.0194  0.0187  0.0192  0.0185  0.0187  0.0184  0.0190  0.0182  0.0182
  0.0184  0.0184  0.0182  0.0182  0.0181  0.0181  0.0182  0.0182  0.0182  0.0182  0.0181  0.0181
  0.0187  0.0182  0.0183  0.0180  0.0188  0.0178  0.0186  0.0187  0.0185  0.0182  0.0183  0.0184
  0.0198  0.0187  0.0189  0.0197  0.0214  0.0197  0.0197  0.0201  0.0193  0.0192  0.0186  0.0190
  0.0217  0.0198  0.0197  0.0228  0.0253  0.0240  0.0215  0.0228  0.0207  0.0210  0.0191  0.0199
niter,ni,del,rscale     5    3    5.0000    1.2000
parameters
   -0.8679    2.3041   14.9740   -5.8160   -8.8949   -4.0491
    3.1124   13.9060   -7.3364    3.6355   -9.6788  -15.3188
eta,q 0.98199 12.42972
  0.0214  0.0213  0.0194  0.0228  0.0227  0.0223  0.0211  0.0228  0.0203  0.0222  0.0194  0.0195
  0.0196  0.0197  0.0187  0.0210  0.0207  0.0206  0.0195  0.0201  0.0191  0.0200  0.0186  0.0186
  0.0185  0.0186  0.0182  0.0193  0.0189  0.0191  0.0184  0.0185  0.0183  0.0186  0.0181  0.0182
  0.0181  0.0181  0.0181  0.0181  0.0180  0.0180  0.0180  0.0180  0.0180  0.0180  0.0180  0.0180
  0.0185  0.0182  0.0183  0.0180  0.0183  0.0176  0.0184  0.0185  0.0183  0.0183  0.0182  0.0182
  0.0196  0.0190  0.0188  0.0198  0.0203  0.0195  0.0195  0.0201  0.0191  0.0195  0.0185  0.0188
  0.0215  0.0203  0.0197  0.0229  0.0239  0.0239  0.0212  0.0228  0.0204  0.0214  0.0191  0.0196
niter,ni,del,rscale     4    3    5.0000    1.2000
parameters
   -0.8930    2.3831   14.9140   -5.6929   -8.9378   -4.0939
    3.1067   13.8467   -7.3801    3.7967   -9.5162  -15.4036
eta,q 0.98200 12.43042
  0.0214  0.0209  0.0194  0.0227  0.0228  0.0224  0.0211  0.0227  0.0203  0.0219  0.0193  0.0195
  0.0195  0.0194  0.0186  0.0209  0.0208  0.0206  0.0195  0.0201  0.0191  0.0198  0.0185  0.0187
  0.0184  0.0184  0.0182  0.0192  0.0190  0.0191  0.0184  0.0185  0.0183  0.0185  0.0181  0.0182
  0.0180  0.0180  0.0180  0.0180  0.0180  0.0180  0.0180  0.0180  0.0180  0.0180  0.0180  0.0180
  0.0184  0.0183  0.0182  0.0181  0.0182  0.0175  0.0184  0.0185  0.0183  0.0183  0.0182  0.0182
  0.0196  0.0191  0.0187  0.0200  0.0201  0.0194  0.0195  0.0201  0.0191  0.0196  0.0186  0.0187
  0.0215  0.0206  0.0196  0.0232  0.0237  0.0239  0.0212  0.0229  0.0204  0.0216  0.0191  0.0195
niter,ni,del,rscale     3    3    5.0000    1.2000
parameters
   -0.9108    2.4146   14.8887   -5.6410   -8.9543   -4.1165
    3.1179   13.8050   -7.4162    3.8579   -9.4438  -15.4321
eta,q 0.98200 12.43070
  0.0214  0.0208  0.0195  0.0227  0.0228  0.0224  0.0211  0.0227  0.0203  0.0218  0.0193  0.0195
  0.0195  0.0193  0.0187  0.0209  0.0208  0.0206  0.0195  0.0201  0.0191  0.0197  0.0185  0.0187
  0.0184  0.0183  0.0182  0.0192  0.0190  0.0192  0.0184  0.0185  0.0183  0.0184  0.0181  0.0182
  0.0180  0.0180  0.0180  0.0180  0.0180  0.0180  0.0180  0.0180  0.0180  0.0180  0.0180  0.0180
  0.0184  0.0183  0.0182  0.0182  0.0182  0.0175  0.0184  0.0185  0.0183  0.0184  0.0182  0.0182
  0.0196  0.0192  0.0187  0.0201  0.0201  0.0194  0.0194  0.0201  0.0191  0.0196  0.0186  0.0187
  0.0215  0.0206  0.0196  0.0234  0.0236  0.0239  0.0212  0.0229  0.0204  0.0217  0.0191  0.0195
niter,ni,del,rscale     2    3    5.0000    1.2000
parameters
   -0.9200    2.4248   14.8811   -5.6228   -8.9587   -4.1265
    3.1262   13.7824   -7.4318    3.8765   -9.4009  -15.4477
eta,q 0.98200 12.43062
  0.0214  0.0207  0.0195  0.0227  0.0228  0.0224  0.0211  0.0227  0.0203  0.0217  0.0193  0.0195
  0.0196  0.0192  0.0187  0.0209  0.0208  0.0207  0.0195  0.0202  0.0191  0.0197  0.0185  0.0187
  0.0184  0.0183  0.0182  0.0192  0.0191  0.0192  0.0184  0.0185  0.0183  0.0184  0.0181  0.0182
  0.0180  0.0180  0.0180  0.0180  0.0180  0.0180  0.0180  0.0180  0.0180  0.0180  0.0180  0.0180
  0.0184  0.0183  0.0182  0.0182  0.0182  0.0175  0.0184  0.0185  0.0183  0.0184  0.0182  0.0182
  0.0196  0.0192  0.0187  0.0202  0.0201  0.0194  0.0194  0.0201  0.0191  0.0197  0.0186  0.0187
  0.0215  0.0207  0.0195  0.0234  0.0236  0.0238  0.0212  0.0229  0.0204  0.0217  0.0191  0.0195
registration optimization eta report
parameter search radius
    2.4000    2.4000    2.4000    8.2800    8.2800    8.2800
    7.2000    7.2000    7.2000    8.2800    7.2000    8.2800
100000*second partial in parameter space
       60.       47.       26.        7.        8.        8.
        6.        9.        4.        5.        2.        2.
  0.0214  0.0207  0.0195  0.0227  0.0228  0.0224  0.0211  0.0227  0.0203  0.0217  0.0193  0.0195
  0.0196  0.0192  0.0187  0.0209  0.0208  0.0207  0.0195  0.0202  0.0191  0.0197  0.0185  0.0187
  0.0184  0.0183  0.0182  0.0192  0.0191  0.0192  0.0184  0.0185  0.0183  0.0184  0.0181  0.0182
  0.0180  0.0180  0.0180  0.0180  0.0180  0.0180  0.0180  0.0180  0.0180  0.0180  0.0180  0.0180
  0.0184  0.0183  0.0182  0.0182  0.0182  0.0175  0.0184  0.0185  0.0183  0.0184  0.0182  0.0182
  0.0196  0.0192  0.0187  0.0202  0.0201  0.0194  0.0194  0.0201  0.0191  0.0197  0.0186  0.0187
  0.0215  0.0207  0.0195  0.0234  0.0236  0.0238  0.0212  0.0229  0.0204  0.0217  0.0191  0.0195
   -0.9200    2.4248   14.8811   -5.6228   -8.9587   -4.1265
    3.1262   13.7824   -7.4318    3.8765   -9.4009  -15.4477
eta,q 0.98200 12.43062

---------------------------------------------------------------------
imgreg_4dfp /opt/freesurfer/average/711-2C_as_mni_average_305 /opt/freesurfer/average/711-2B_as_mni_average_305_mask talsrcimg_g11 none talsrcimg_to_711-2C_as_mni_average_305_t4 2311
---------------------------------------------------------------------

freesurfer imgreg_4dfp.c
/opt/freesurfer/average/711-2C_as_mni_average_305.4dfp.img
       256       256       256         1
  1.000000  1.000000  1.000000
orientation T byte_order littleendian
Reading image: /opt/freesurfer/average/711-2C_as_mni_average_305.4dfp.img
dimensions:      256       256       256
mmppix:       1.0000   -1.0000   -1.0000
center:     128.0000 -129.0000 -129.0000
/opt/freesurfer/average/711-2B_as_mni_average_305_mask.4dfp.img
       256       256       256         1
  1.000000  1.000000  1.000000
orientation T byte_order littleendian
Reading mask: /opt/freesurfer/average/711-2B_as_mni_average_305_mask.4dfp.img (2306576 pixels)
talsrcimg_g11.4dfp.img
       256       256       256         1
  1.000000  1.000000  1.000000
orientation T byte_order littleendian
Reading image: talsrcimg_g11.4dfp.img
dimensions:      256       256       256
mmppix:       1.0000   -1.0000   -1.0000
center:     128.0000 -129.0000 -129.0000
fimgreg.f
image alignment mode   2311 decimal      907 hex
parameters
   -0.9200    2.4248   14.8811   -5.6228   -8.9587   -4.1265
    3.1262   13.7824   -7.4318    3.8765   -9.4009  -15.4477
eta,q 0.98200 12.43062
niter,ni,del,rscale     5    3    5.0000    0.8000
parameters
   -0.9242    2.4329   14.8920   -4.8884   -8.4776   -2.7967
    2.9957   14.0406   -7.3376    4.1060   -8.8818  -15.4190
eta,q 0.98258 12.47206
  0.0196  0.0192  0.0187  0.0204  0.0201  0.0200  0.0190  0.0204  0.0186  0.0191  0.0183  0.0181
  0.0187  0.0186  0.0183  0.0195  0.0191  0.0192  0.0181  0.0189  0.0180  0.0182  0.0178  0.0177
  0.0182  0.0182  0.0181  0.0186  0.0183  0.0184  0.0176  0.0179  0.0176  0.0177  0.0175  0.0175
  0.0180  0.0180  0.0180  0.0180  0.0179  0.0178  0.0174  0.0174  0.0174  0.0174  0.0174  0.0174
  0.0182  0.0181  0.0181  0.0179  0.0179  0.0174  0.0177  0.0176  0.0175  0.0175  0.0175  0.0175
  0.0187  0.0185  0.0183  0.0184  0.0184  0.0175  0.0182  0.0184  0.0179  0.0180  0.0177  0.0177
  0.0196  0.0192  0.0187  0.0195  0.0195  0.0187  0.0191  0.0199  0.0186  0.0188  0.0180  0.0181
niter,ni,del,rscale     4    3    5.0000    0.7000
parameters
   -0.9827    2.3071   14.8246   -5.0372   -8.3535   -2.7571
    3.0877   13.9201   -7.4376    3.9952   -8.8281  -15.3275
eta,q 0.98260 12.47387
  0.0187  0.0182  0.0180  0.0191  0.0190  0.0191  0.0187  0.0194  0.0183  0.0185  0.0180  0.0179
  0.0180  0.0177  0.0177  0.0183  0.0183  0.0184  0.0180  0.0183  0.0178  0.0179  0.0176  0.0176
  0.0175  0.0175  0.0175  0.0177  0.0177  0.0179  0.0176  0.0176  0.0175  0.0175  0.0175  0.0175
  0.0174  0.0174  0.0174  0.0174  0.0174  0.0174  0.0174  0.0174  0.0174  0.0174  0.0174  0.0174
  0.0176  0.0176  0.0175  0.0176  0.0175  0.0173  0.0175  0.0176  0.0175  0.0175  0.0175  0.0175
  0.0181  0.0180  0.0178  0.0183  0.0180  0.0180  0.0179  0.0184  0.0178  0.0180  0.0177  0.0176
  0.0189  0.0186  0.0181  0.0195  0.0190  0.0195  0.0186  0.0197  0.0184  0.0187  0.0179  0.0179
niter,ni,del,rscale     3    3    5.0000    0.6000
parameters
   -1.0021    2.2894   14.8197   -4.9868   -8.2942   -2.5602
    3.1019   13.9439   -7.4189    3.9847   -8.7863  -15.3060
eta,q 0.98265 12.47726
  0.0184  0.0181  0.0179  0.0188  0.0186  0.0188  0.0183  0.0190  0.0180  0.0182  0.0178  0.0177
  0.0178  0.0177  0.0176  0.0182  0.0180  0.0182  0.0178  0.0181  0.0177  0.0178  0.0175  0.0175
  0.0175  0.0175  0.0175  0.0177  0.0176  0.0178  0.0175  0.0176  0.0174  0.0175  0.0174  0.0174
  0.0174  0.0174  0.0174  0.0174  0.0174  0.0174  0.0174  0.0174  0.0174  0.0174  0.0174  0.0174
  0.0175  0.0175  0.0175  0.0175  0.0175  0.0173  0.0175  0.0175  0.0174  0.0174  0.0174  0.0174
  0.0179  0.0178  0.0176  0.0180  0.0179  0.0177  0.0178  0.0180  0.0176  0.0178  0.0175  0.0175
  0.0184  0.0182  0.0179  0.0189  0.0186  0.0188  0.0183  0.0190  0.0180  0.0183  0.0178  0.0177
niter,ni,del,rscale     2    3    5.0000    0.5000
parameters
   -1.0109    2.2730   14.8289   -4.9457   -8.2655   -2.3626
    3.0908   13.9693   -7.4088    3.9832   -8.7395  -15.3176
eta,q 0.98268 12.47972
  0.0181  0.0179  0.0177  0.0184  0.0182  0.0184  0.0180  0.0185  0.0178  0.0180  0.0176  0.0176
  0.0177  0.0176  0.0175  0.0179  0.0178  0.0180  0.0176  0.0179  0.0175  0.0176  0.0175  0.0174
  0.0174  0.0174  0.0174  0.0175  0.0175  0.0176  0.0174  0.0175  0.0174  0.0174  0.0173  0.0174
  0.0174  0.0174  0.0174  0.0174  0.0174  0.0173  0.0173  0.0173  0.0173  0.0173  0.0173  0.0173
  0.0174  0.0174  0.0174  0.0174  0.0174  0.0173  0.0174  0.0174  0.0174  0.0174  0.0174  0.0173
  0.0177  0.0176  0.0175  0.0178  0.0177  0.0176  0.0176  0.0178  0.0175  0.0176  0.0175  0.0174
  0.0181  0.0179  0.0177  0.0184  0.0182  0.0184  0.0180  0.0185  0.0178  0.0180  0.0176  0.0176
niter,ni,del,rscale     1    3    5.0000    0.4000
parameters
   -1.0158    2.2603   14.8448   -4.9137   -8.2519   -2.1837
    3.0767   13.9959   -7.3868    3.9728   -8.7164  -15.3274
eta,q 0.98271 12.48119
  0.0178  0.0176  0.0176  0.0180  0.0179  0.0181  0.0177  0.0181  0.0176  0.0177  0.0175  0.0175
  0.0175  0.0175  0.0174  0.0177  0.0176  0.0178  0.0175  0.0177  0.0174  0.0175  0.0174  0.0174
  0.0174  0.0174  0.0173  0.0174  0.0174  0.0175  0.0173  0.0174  0.0173  0.0173  0.0173  0.0173
  0.0173  0.0173  0.0173  0.0173  0.0173  0.0173  0.0173  0.0173  0.0173  0.0173  0.0173  0.0173
  0.0174  0.0174  0.0173  0.0174  0.0174  0.0173  0.0173  0.0174  0.0173  0.0173  0.0173  0.0173
  0.0175  0.0175  0.0174  0.0176  0.0175  0.0175  0.0175  0.0176  0.0174  0.0175  0.0174  0.0174
  0.0178  0.0177  0.0175  0.0180  0.0179  0.0180  0.0177  0.0181  0.0176  0.0177  0.0175  0.0175
registration optimization eta report
parameter search radius
    0.8000    0.8000    0.8000    2.4000    2.4000    2.4000
    2.4000    2.4000    2.4000    2.4000    2.4000    2.4000
100000*second partial in parameter space
       73.       53.       38.       12.        9.       13.
        7.       13.        5.        8.        4.        3.
  0.0178  0.0176  0.0176  0.0180  0.0179  0.0181  0.0177  0.0181  0.0176  0.0177  0.0175  0.0175
  0.0175  0.0175  0.0174  0.0177  0.0176  0.0178  0.0175  0.0177  0.0174  0.0175  0.0174  0.0174
  0.0174  0.0174  0.0173  0.0174  0.0174  0.0175  0.0173  0.0174  0.0173  0.0173  0.0173  0.0173
  0.0173  0.0173  0.0173  0.0173  0.0173  0.0173  0.0173  0.0173  0.0173  0.0173  0.0173  0.0173
  0.0174  0.0174  0.0173  0.0174  0.0174  0.0173  0.0173  0.0174  0.0173  0.0173  0.0173  0.0173
  0.0175  0.0175  0.0174  0.0176  0.0175  0.0175  0.0175  0.0176  0.0174  0.0175  0.0174  0.0174
  0.0178  0.0177  0.0175  0.0180  0.0179  0.0180  0.0177  0.0181  0.0176  0.0177  0.0175  0.0175
   -1.0158    2.2603   14.8448   -4.9137   -8.2519   -2.1837
    3.0767   13.9959   -7.3868    3.9728   -8.7164  -15.3274
eta,q 0.98271 12.48119

---------------------------------------------------------------------
imgreg_4dfp /opt/freesurfer/average/711-2C_as_mni_average_305 /opt/freesurfer/average/711-2B_as_mni_average_305_mask talsrcimg_g11 none talsrcimg_to_711-2C_as_mni_average_305_t4 2311
---------------------------------------------------------------------

freesurfer imgreg_4dfp.c
/opt/freesurfer/average/711-2C_as_mni_average_305.4dfp.img
       256       256       256         1
  1.000000  1.000000  1.000000
orientation T byte_order littleendian
Reading image: /opt/freesurfer/average/711-2C_as_mni_average_305.4dfp.img
dimensions:      256       256       256
mmppix:       1.0000   -1.0000   -1.0000
center:     128.0000 -129.0000 -129.0000
/opt/freesurfer/average/711-2B_as_mni_average_305_mask.4dfp.img
       256       256       256         1
  1.000000  1.000000  1.000000
orientation T byte_order littleendian
Reading mask: /opt/freesurfer/average/711-2B_as_mni_average_305_mask.4dfp.img (2306576 pixels)
talsrcimg_g11.4dfp.img
       256       256       256         1
  1.000000  1.000000  1.000000
orientation T byte_order littleendian
Reading image: talsrcimg_g11.4dfp.img
dimensions:      256       256       256
mmppix:       1.0000   -1.0000   -1.0000
center:     128.0000 -129.0000 -129.0000
fimgreg.f
image alignment mode   2311 decimal      907 hex
parameters
   -1.0158    2.2603   14.8448   -4.9137   -8.2519   -2.1837
    3.0767   13.9959   -7.3868    3.9728   -8.7164  -15.3274
eta,q 0.98271 12.48118
niter,ni,del,rscale     5    3    5.0000    0.8000
parameters
   -1.0104    2.2413   14.9010   -5.2935   -8.4072   -2.7825
    3.1822   13.8108   -7.4983    3.8393   -8.8937  -15.2720
eta,q 0.98255 12.46997
  0.0192  0.0186  0.0184  0.0193  0.0192  0.0192  0.0191  0.0199  0.0185  0.0189  0.0181  0.0181
  0.0181  0.0179  0.0178  0.0184  0.0183  0.0184  0.0182  0.0185  0.0179  0.0181  0.0177  0.0178
  0.0175  0.0174  0.0174  0.0176  0.0176  0.0178  0.0177  0.0177  0.0176  0.0176  0.0175  0.0175
  0.0173  0.0173  0.0173  0.0173  0.0173  0.0173  0.0175  0.0175  0.0175  0.0175  0.0175  0.0175
  0.0175  0.0174  0.0174  0.0176  0.0175  0.0175  0.0176  0.0178  0.0176  0.0176  0.0176  0.0175
  0.0181  0.0179  0.0177  0.0187  0.0183  0.0188  0.0181  0.0187  0.0180  0.0182  0.0178  0.0177
  0.0191  0.0187  0.0182  0.0203  0.0197  0.0212  0.0190  0.0204  0.0187  0.0191  0.0182  0.0181
niter,ni,del,rscale     4    3    5.0000    0.7000
parameters
   -0.9963    2.2740   14.8413   -5.0897   -8.3326   -2.7558
    3.1436   13.9036   -7.4387    3.9186   -8.8680  -15.2798
eta,q 0.98259 12.47370
  0.0188  0.0185  0.0181  0.0193  0.0190  0.0191  0.0186  0.0196  0.0183  0.0186  0.0180  0.0179
  0.0181  0.0179  0.0177  0.0185  0.0182  0.0184  0.0180  0.0184  0.0178  0.0180  0.0176  0.0176
  0.0176  0.0176  0.0175  0.0178  0.0177  0.0179  0.0175  0.0177  0.0175  0.0176  0.0175  0.0175
  0.0175  0.0175  0.0175  0.0175  0.0174  0.0174  0.0174  0.0174  0.0174  0.0174  0.0174  0.0174
  0.0176  0.0175  0.0176  0.0175  0.0175  0.0173  0.0176  0.0176  0.0175  0.0175  0.0175  0.0175
  0.0180  0.0179  0.0178  0.0181  0.0181  0.0180  0.0180  0.0182  0.0178  0.0179  0.0177  0.0176
  0.0187  0.0184  0.0182  0.0192  0.0190  0.0195  0.0187  0.0194  0.0183  0.0186  0.0179  0.0179
niter,ni,del,rscale     3    3    5.0000    0.6000
parameters
   -1.0041    2.2735   14.8319   -4.9974   -8.2882   -2.5555
    3.1118   13.9479   -7.4149    3.9593   -8.8071  -15.2875
eta,q 0.98265 12.47752
  0.0184  0.0182  0.0179  0.0188  0.0186  0.0188  0.0183  0.0190  0.0180  0.0183  0.0178  0.0177
  0.0178  0.0177  0.0176  0.0182  0.0180  0.0182  0.0178  0.0181  0.0177  0.0178  0.0175  0.0175
  0.0175  0.0175  0.0175  0.0177  0.0176  0.0178  0.0175  0.0176  0.0174  0.0175  0.0174  0.0174
  0.0174  0.0174  0.0174  0.0174  0.0174  0.0174  0.0174  0.0174  0.0174  0.0174  0.0174  0.0174
  0.0175  0.0175  0.0175  0.0175  0.0175  0.0173  0.0175  0.0175  0.0174  0.0174  0.0174  0.0174
  0.0179  0.0177  0.0176  0.0179  0.0179  0.0177  0.0178  0.0180  0.0176  0.0177  0.0175  0.0175
  0.0184  0.0182  0.0179  0.0188  0.0186  0.0188  0.0183  0.0189  0.0180  0.0183  0.0178  0.0177
niter,ni,del,rscale     2    3    5.0000    0.5000
parameters
   -1.0098    2.2664   14.8358   -4.9529   -8.2620   -2.3606
    3.0934   13.9746   -7.3957    3.9631   -8.7584  -15.3077
eta,q 0.98268 12.47965
  0.0181  0.0179  0.0177  0.0184  0.0182  0.0184  0.0180  0.0185  0.0178  0.0180  0.0176  0.0176
  0.0177  0.0176  0.0175  0.0179  0.0178  0.0180  0.0176  0.0179  0.0175  0.0176  0.0175  0.0174
  0.0174  0.0174  0.0174  0.0175  0.0175  0.0176  0.0174  0.0175  0.0174  0.0174  0.0173  0.0174
  0.0174  0.0174  0.0174  0.0174  0.0174  0.0173  0.0173  0.0173  0.0173  0.0173  0.0173  0.0173
  0.0174  0.0174  0.0174  0.0174  0.0174  0.0173  0.0174  0.0174  0.0174  0.0174  0.0174  0.0174
  0.0177  0.0176  0.0175  0.0178  0.0177  0.0176  0.0176  0.0178  0.0175  0.0176  0.0175  0.0174
  0.0181  0.0179  0.0177  0.0184  0.0182  0.0184  0.0180  0.0185  0.0178  0.0180  0.0176  0.0176
niter,ni,del,rscale     1    3    5.0000    0.4000
parameters
   -1.0151    2.2538   14.8470   -4.9201   -8.2441   -2.1798
    3.0650   14.0037   -7.3720    3.9652   -8.7399  -15.3092
eta,q 0.98271 12.48145
  0.0178  0.0176  0.0176  0.0180  0.0179  0.0181  0.0177  0.0181  0.0176  0.0177  0.0175  0.0175
  0.0175  0.0175  0.0174  0.0177  0.0176  0.0178  0.0175  0.0177  0.0174  0.0175  0.0174  0.0174
  0.0174  0.0174  0.0173  0.0174  0.0174  0.0175  0.0173  0.0174  0.0173  0.0173  0.0173  0.0173
  0.0173  0.0173  0.0173  0.0173  0.0173  0.0173  0.0173  0.0173  0.0173  0.0173  0.0173  0.0173
  0.0174  0.0174  0.0173  0.0174  0.0174  0.0173  0.0173  0.0174  0.0173  0.0173  0.0173  0.0173
  0.0175  0.0175  0.0174  0.0176  0.0175  0.0175  0.0175  0.0176  0.0174  0.0175  0.0174  0.0174
  0.0178  0.0177  0.0175  0.0180  0.0179  0.0180  0.0177  0.0181  0.0176  0.0177  0.0175  0.0175
registration optimization eta report
parameter search radius
    0.8000    0.8000    0.8000    2.4000    2.4000    2.4000
    2.4000    2.4000    2.4000    2.4000    2.4000    2.4000
100000*second partial in parameter space
       72.       53.       38.       12.        9.       12.
        7.       13.        5.        7.        4.        3.
  0.0178  0.0176  0.0176  0.0180  0.0179  0.0181  0.0177  0.0181  0.0176  0.0177  0.0175  0.0175
  0.0175  0.0175  0.0174  0.0177  0.0176  0.0178  0.0175  0.0177  0.0174  0.0175  0.0174  0.0174
  0.0174  0.0174  0.0173  0.0174  0.0174  0.0175  0.0173  0.0174  0.0173  0.0173  0.0173  0.0173
  0.0173  0.0173  0.0173  0.0173  0.0173  0.0173  0.0173  0.0173  0.0173  0.0173  0.0173  0.0173
  0.0174  0.0174  0.0173  0.0174  0.0174  0.0173  0.0173  0.0174  0.0173  0.0173  0.0173  0.0173
  0.0175  0.0175  0.0174  0.0176  0.0175  0.0175  0.0175  0.0176  0.0174  0.0175  0.0174  0.0174
  0.0178  0.0177  0.0175  0.0180  0.0179  0.0180  0.0177  0.0181  0.0176  0.0177  0.0175  0.0175
   -1.0151    2.2538   14.8470   -4.9201   -8.2441   -2.1798
    3.0650   14.0037   -7.3720    3.9652   -8.7399  -15.3092
eta,q 0.98271 12.48145

---------------------------------------------------------------------
compute_vox2vox talsrcimg talsrcimg_to_711-2C_as_mni_average_305_t4 /opt/freesurfer/average/711-2C_as_mni_average_305
---------------------------------------------------------------------

freesurfer compute_vox2vox.c
Reading: talsrcimg.4dfp.ifh
Reading: talsrcimg_to_711-2C_as_mni_average_305_t4
Reading: /opt/freesurfer/average/711-2C_as_mni_average_305.4dfp.ifh
Writing: talsrcimg_to_711-2C_as_mni_average_305_t4_vox2vox.txt

start time Wed Mar 11 10:15:31 CET 2026
end		time Wed Mar 11 10:16:57 CET 2026

mpr2mni305 success

avi2talxfm orig_nu.mgz /opt/freesurfer/average/mni305.cor.mgz talsrcimg_to_711-2C_as_mni_average_305_t4_vox2vox.txt transforms/talairach.auto.xfm
avi2talxfm done
mv -f /out/sourcedata/freesurfer/sub-v2s16x51235_ses-1/mri/talsrcimg_to_711-2C_as_mni_average_305_t4_vox2vox.txt /out/sourcedata/freesurfer/sub-v2s16x51235_ses-1/mri/transforms/talsrcimg_to_711-2C_as_mni_average_305_t4_vox2vox.txt
lta_convert --src orig_nu.mgz --trg /opt/freesurfer/average/mni305.cor.mgz --inxfm transforms/talairach.auto.xfm --outlta transforms/talairach.auto.xfm.lta --subject fsaverage
7.3.2

--src: orig_nu.mgz src image (geometry).
--trg: /opt/freesurfer/average/mni305.cor.mgz trg image (geometry).
--inmni: transforms/talairach.auto.xfm input MNI/XFM transform.
--outlta: transforms/talairach.auto.xfm.lta output LTA.
--s: fsaverage subject name
 LTA read, type : 1
 1.03380  -0.14561  -0.05883   4.31110;
 0.10466   1.00067   0.16346  -22.31854;
 0.07854  -0.05494   1.07806   13.62367;
 0.00000   0.00000   0.00000   1.00000;
setting subject to fsaverage
Writing  LTA to file transforms/talairach.auto.xfm.lta...
lta_convert successful.
 
 
Started at Wed Mar 11 10:15:30 CET 2026
Ended   at Wed Mar 11 10:16:57 CET 2026
talairach_avi done
