status file for recon-all
Wed Mar 11 11:43:02 CET 2026
#@# MotionCor Wed Mar 11 11:43:04 CET 2026
#@# Talairach Wed Mar 11 11:43:12 CET 2026
#@# Talairach Failure Detection Wed Mar 11 11:47:38 CET 2026
#@# Nu Intensity Correction Wed Mar 11 11:47:38 CET 2026
#@# Intensity Normalization Wed Mar 11 11:50:55 CET 2026
recon-all -s sub-v2s16x51298_ses-1 finished without error at Wed Mar 11 11:52:28 CET 2026



#New# invocation of recon-all 



status file for recon-all
Wed Mar 11 11:59:08 CET 2026
#@# EM Registration Wed Mar 11 11:59:08 CET 2026
recon-all -s sub-v2s16x51298_ses-1 finished without error at Wed Mar 11 12:01:40 CET 2026



#New# invocation of recon-all 



status file for recon-all
Wed Mar 11 12:01:43 CET 2026
#@# CA Normalize Wed Mar 11 12:01:43 CET 2026
#@# CA Reg Wed Mar 11 12:03:04 CET 2026
#@# SubCort Seg Wed Mar 11 12:54:14 CET 2026
#@# CC Seg Wed Mar 11 13:25:28 CET 2026
#@# Merge ASeg Wed Mar 11 13:26:08 CET 2026
#@# Intensity Normalization2 Wed Mar 11 13:26:08 CET 2026
#@# Mask BFS Wed Mar 11 13:28:25 CET 2026
#@# WM Segmentation Wed Mar 11 13:28:26 CET 2026
#@# Fill Wed Mar 11 13:30:25 CET 2026
recon-all -s sub-v2s16x51298_ses-1 finished without error at Wed Mar 11 13:31:26 CET 2026



#New# invocation of recon-all 



status file for recon-all
Wed Mar 11 14:34:51 CET 2026
#@# white curv lh Wed Mar 11 14:34:51 CET 2026
#@# white area lh Wed Mar 11 14:34:51 CET 2026
#@# pial curv lh Wed Mar 11 14:34:51 CET 2026
#@# pial area lh Wed Mar 11 14:34:51 CET 2026
#@# thickness lh Wed Mar 11 14:34:51 CET 2026
#@# area and vertex vol lh Wed Mar 11 14:34:51 CET 2026
#@# white curv rh Wed Mar 11 14:34:51 CET 2026
#@# white area rh Wed Mar 11 14:34:51 CET 2026
#@# pial curv rh Wed Mar 11 14:34:51 CET 2026
#@# pial area rh Wed Mar 11 14:34:51 CET 2026
#@# thickness rh Wed Mar 11 14:34:51 CET 2026
#@# area and vertex vol rh Wed Mar 11 14:34:51 CET 2026
#@# Cortical ribbon mask Wed Mar 11 14:34:51 CET 2026
recon-all -s sub-v2s16x51298_ses-1 finished without error at Wed Mar 11 14:40:53 CET 2026



#New# invocation of recon-all 



status file for recon-all
Wed Mar 11 14:49:12 CET 2026
#@# white curv lh Wed Mar 11 14:49:12 CET 2026
#@# white area lh Wed Mar 11 14:49:12 CET 2026
#@# pial curv lh Wed Mar 11 14:49:12 CET 2026
#@# pial area lh Wed Mar 11 14:49:12 CET 2026
#@# thickness lh Wed Mar 11 14:49:12 CET 2026
#@# area and vertex vol lh Wed Mar 11 14:49:12 CET 2026
#@# white curv rh Wed Mar 11 14:49:12 CET 2026
#@# white area rh Wed Mar 11 14:49:12 CET 2026
#@# pial curv rh Wed Mar 11 14:49:12 CET 2026
#@# pial area rh Wed Mar 11 14:49:12 CET 2026
#@# thickness rh Wed Mar 11 14:49:12 CET 2026
#@# area and vertex vol rh Wed Mar 11 14:49:12 CET 2026
#@# Curvature Stats lh Wed Mar 11 14:49:12 CET 2026
#@# Curvature Stats rh Wed Mar 11 14:49:15 CET 2026
#@# Relabel Hypointensities Wed Mar 11 14:49:18 CET 2026
#@# APas-to-ASeg Wed Mar 11 14:49:36 CET 2026
#@# AParc-to-ASeg aparc Wed Mar 11 14:49:48 CET 2026
#@# AParc-to-ASeg aparc.a2009s Wed Mar 11 14:50:43 CET 2026
#@# AParc-to-ASeg aparc.DKTatlas Wed Mar 11 14:51:48 CET 2026
#@# WMParc Wed Mar 11 14:52:50 CET 2026
#@# ASeg Stats Wed Mar 11 14:56:42 CET 2026
recon-all -s sub-v2s16x51298_ses-1 finished without error at Wed Mar 11 14:57:24 CET 2026
