status file for recon-all
Wed Mar 11 13:31:31 CET 2026
#@# Tessellate lh Wed Mar 11 13:31:31 CET 2026
#@# Smooth1 lh Wed Mar 11 13:31:35 CET 2026
#@# Inflation1 lh Wed Mar 11 13:31:39 CET 2026
#@# QSphere lh Wed Mar 11 13:31:55 CET 2026
#@# Fix Topology lh Wed Mar 11 13:33:26 CET 2026
#@# Smooth2 lh Wed Mar 11 13:41:02 CET 2026
#@# Inflation2 lh Wed Mar 11 13:41:06 CET 2026
#@# Curv .H and .K lh Wed Mar 11 13:41:26 CET 2026
#@# Sphere lh Wed Mar 11 13:42:20 CET 2026
#@# Surf Reg lh Wed Mar 11 13:46:09 CET 2026
#@# Jacobian white lh Wed Mar 11 13:51:55 CET 2026
#@# AvgCurv lh Wed Mar 11 13:51:56 CET 2026
#@# Cortical Parc lh Wed Mar 11 13:51:57 CET 2026
#@# white curv lh Wed Mar 11 14:00:55 CET 2026
#@# white area lh Wed Mar 11 14:00:58 CET 2026
#@# pial curv lh Wed Mar 11 14:00:59 CET 2026
#@# pial area lh Wed Mar 11 14:01:01 CET 2026
#@# thickness lh Wed Mar 11 14:01:02 CET 2026
#@# area and vertex vol lh Wed Mar 11 14:01:41 CET 2026
#@# Curvature Stats lh Wed Mar 11 14:01:43 CET 2026
#@# Cortical Parc 2 lh Wed Mar 11 14:01:46 CET 2026
#@# Cortical Parc 3 lh Wed Mar 11 14:02:01 CET 2026
#@# WM/GM Contrast lh Wed Mar 11 14:02:14 CET 2026
recon-all -s sub-v2s16x51298_ses-1 finished without error at Wed Mar 11 14:02:18 CET 2026



#New# invocation of recon-all 



status file for recon-all
Wed Mar 11 14:40:57 CET 2026
#@# white curv lh Wed Mar 11 14:40:58 CET 2026
#@# white area lh Wed Mar 11 14:40:58 CET 2026
#@# pial curv lh Wed Mar 11 14:40:58 CET 2026
#@# pial area lh Wed Mar 11 14:40:58 CET 2026
#@# thickness lh Wed Mar 11 14:40:58 CET 2026
#@# area and vertex vol lh Wed Mar 11 14:40:58 CET 2026
#@# Parcellation Stats lh Wed Mar 11 14:40:58 CET 2026
#@# Parcellation Stats 2 lh Wed Mar 11 14:41:23 CET 2026
#@# Parcellation Stats 3 lh Wed Mar 11 14:41:35 CET 2026
#@# BA_exvivo Labels lh Wed Mar 11 14:41:47 CET 2026
recon-all -s sub-v2s16x51298_ses-1 finished without error at Wed Mar 11 14:44:58 CET 2026
