status file for recon-all
Wed Mar 11 14:02:19 CET 2026
#@# Tessellate rh Wed Mar 11 14:02:19 CET 2026
#@# Smooth1 rh Wed Mar 11 14:02:23 CET 2026
#@# Inflation1 rh Wed Mar 11 14:02:27 CET 2026
#@# QSphere rh Wed Mar 11 14:02:46 CET 2026
#@# Fix Topology rh Wed Mar 11 14:05:00 CET 2026
#@# Smooth2 rh Wed Mar 11 14:12:42 CET 2026
#@# Inflation2 rh Wed Mar 11 14:12:46 CET 2026
#@# Curv .H and .K rh Wed Mar 11 14:13:03 CET 2026
#@# Sphere rh Wed Mar 11 14:13:56 CET 2026
#@# Surf Reg rh Wed Mar 11 14:18:39 CET 2026
#@# Jacobian white rh Wed Mar 11 14:24:45 CET 2026
#@# AvgCurv rh Wed Mar 11 14:24:47 CET 2026
#@# Cortical Parc rh Wed Mar 11 14:24:48 CET 2026
#@# white curv rh Wed Mar 11 14:33:26 CET 2026
#@# white area rh Wed Mar 11 14:33:28 CET 2026
#@# pial curv rh Wed Mar 11 14:33:30 CET 2026
#@# pial area rh Wed Mar 11 14:33:32 CET 2026
#@# thickness rh Wed Mar 11 14:33:33 CET 2026
#@# area and vertex vol rh Wed Mar 11 14:34:08 CET 2026
#@# Curvature Stats rh Wed Mar 11 14:34:10 CET 2026
#@# Cortical Parc 2 rh Wed Mar 11 14:34:14 CET 2026
#@# Cortical Parc 3 rh Wed Mar 11 14:34:29 CET 2026
#@# WM/GM Contrast rh Wed Mar 11 14:34:41 CET 2026
recon-all -s sub-v2s16x51298_ses-1 finished without error at Wed Mar 11 14:34:45 CET 2026



#New# invocation of recon-all 



status file for recon-all
Wed Mar 11 14:45:00 CET 2026
#@# white curv rh Wed Mar 11 14:45:00 CET 2026
#@# white area rh Wed Mar 11 14:45:00 CET 2026
#@# pial curv rh Wed Mar 11 14:45:00 CET 2026
#@# pial area rh Wed Mar 11 14:45:00 CET 2026
#@# thickness rh Wed Mar 11 14:45:00 CET 2026
#@# area and vertex vol rh Wed Mar 11 14:45:00 CET 2026
#@# Parcellation Stats rh Wed Mar 11 14:45:00 CET 2026
#@# Parcellation Stats 2 rh Wed Mar 11 14:45:24 CET 2026
#@# Parcellation Stats 3 rh Wed Mar 11 14:45:37 CET 2026
#@# BA_exvivo Labels rh Wed Mar 11 14:45:50 CET 2026
recon-all -s sub-v2s16x51298_ses-1 finished without error at Wed Mar 11 14:49:08 CET 2026
