status file for recon-all
Wed Mar 11 13:57:34 CET 2026
#@# Tessellate rh Wed Mar 11 13:57:34 CET 2026
#@# Smooth1 rh Wed Mar 11 13:57:37 CET 2026
#@# Inflation1 rh Wed Mar 11 13:57:39 CET 2026
#@# QSphere rh Wed Mar 11 13:57:48 CET 2026
#@# Fix Topology rh Wed Mar 11 13:58:35 CET 2026
#@# Smooth2 rh Wed Mar 11 14:02:54 CET 2026
#@# Inflation2 rh Wed Mar 11 14:02:56 CET 2026
#@# Curv .H and .K rh Wed Mar 11 14:03:06 CET 2026
#@# Sphere rh Wed Mar 11 14:03:44 CET 2026
#@# Surf Reg rh Wed Mar 11 14:05:54 CET 2026
#@# Jacobian white rh Wed Mar 11 14:08:24 CET 2026
#@# AvgCurv rh Wed Mar 11 14:08:24 CET 2026
#@# Cortical Parc rh Wed Mar 11 14:08:25 CET 2026
#@# white curv rh Wed Mar 11 14:13:04 CET 2026
#@# white area rh Wed Mar 11 14:13:05 CET 2026
#@# pial curv rh Wed Mar 11 14:13:05 CET 2026
#@# pial area rh Wed Mar 11 14:13:07 CET 2026
#@# thickness rh Wed Mar 11 14:13:07 CET 2026
#@# area and vertex vol rh Wed Mar 11 14:13:31 CET 2026
#@# Curvature Stats rh Wed Mar 11 14:13:32 CET 2026
#@# Cortical Parc 2 rh Wed Mar 11 14:13:33 CET 2026
#@# Cortical Parc 3 rh Wed Mar 11 14:13:44 CET 2026
#@# WM/GM Contrast rh Wed Mar 11 14:13:52 CET 2026
recon-all -s sub-v2s16x51312_ses-1 finished without error at Wed Mar 11 14:13:54 CET 2026



#New# invocation of recon-all 



status file for recon-all
Wed Mar 11 14:20:54 CET 2026
#@# white curv rh Wed Mar 11 14:20:54 CET 2026
#@# white area rh Wed Mar 11 14:20:54 CET 2026
#@# pial curv rh Wed Mar 11 14:20:54 CET 2026
#@# pial area rh Wed Mar 11 14:20:54 CET 2026
#@# thickness rh Wed Mar 11 14:20:54 CET 2026
#@# area and vertex vol rh Wed Mar 11 14:20:54 CET 2026
#@# Parcellation Stats rh Wed Mar 11 14:20:54 CET 2026
#@# Parcellation Stats 2 rh Wed Mar 11 14:21:07 CET 2026
#@# Parcellation Stats 3 rh Wed Mar 11 14:21:14 CET 2026
#@# BA_exvivo Labels rh Wed Mar 11 14:21:20 CET 2026
recon-all -s sub-v2s16x51312_ses-1 finished without error at Wed Mar 11 14:23:17 CET 2026
