status file for recon-all
Wed Mar 11 12:06:25 CET 2026
#@# MotionCor Wed Mar 11 12:06:28 CET 2026
#@# Talairach Wed Mar 11 12:06:35 CET 2026
#@# Talairach Failure Detection Wed Mar 11 12:11:03 CET 2026
#@# Nu Intensity Correction Wed Mar 11 12:11:03 CET 2026
#@# Intensity Normalization Wed Mar 11 12:14:18 CET 2026
recon-all -s sub-v2s16x51312_ses-1 finished without error at Wed Mar 11 12:16:05 CET 2026



#New# invocation of recon-all 



status file for recon-all
Wed Mar 11 12:22:15 CET 2026
#@# EM Registration Wed Mar 11 12:22:15 CET 2026
recon-all -s sub-v2s16x51312_ses-1 finished without error at Wed Mar 11 12:24:05 CET 2026



#New# invocation of recon-all 



status file for recon-all
Wed Mar 11 12:24:07 CET 2026
#@# CA Normalize Wed Mar 11 12:24:07 CET 2026
#@# CA Reg Wed Mar 11 12:25:28 CET 2026
#@# SubCort Seg Wed Mar 11 13:07:08 CET 2026
#@# CC Seg Wed Mar 11 13:33:29 CET 2026
#@# Merge ASeg Wed Mar 11 13:34:49 CET 2026
#@# Intensity Normalization2 Wed Mar 11 13:34:49 CET 2026
#@# Mask BFS Wed Mar 11 13:36:57 CET 2026
#@# WM Segmentation Wed Mar 11 13:36:58 CET 2026
#@# Fill Wed Mar 11 13:38:46 CET 2026
recon-all -s sub-v2s16x51312_ses-1 finished without error at Wed Mar 11 13:39:46 CET 2026



#New# invocation of recon-all 



status file for recon-all
Wed Mar 11 14:13:59 CET 2026
#@# white curv lh Wed Mar 11 14:13:59 CET 2026
#@# white area lh Wed Mar 11 14:13:59 CET 2026
#@# pial curv lh Wed Mar 11 14:13:59 CET 2026
#@# pial area lh Wed Mar 11 14:13:59 CET 2026
#@# thickness lh Wed Mar 11 14:13:59 CET 2026
#@# area and vertex vol lh Wed Mar 11 14:13:59 CET 2026
#@# white curv rh Wed Mar 11 14:13:59 CET 2026
#@# white area rh Wed Mar 11 14:13:59 CET 2026
#@# pial curv rh Wed Mar 11 14:13:59 CET 2026
#@# pial area rh Wed Mar 11 14:13:59 CET 2026
#@# thickness rh Wed Mar 11 14:13:59 CET 2026
#@# area and vertex vol rh Wed Mar 11 14:13:59 CET 2026
#@# Cortical ribbon mask Wed Mar 11 14:13:59 CET 2026
recon-all -s sub-v2s16x51312_ses-1 finished without error at Wed Mar 11 14:18:17 CET 2026



#New# invocation of recon-all 



status file for recon-all
Wed Mar 11 14:23:22 CET 2026
#@# white curv lh Wed Mar 11 14:23:22 CET 2026
#@# white area lh Wed Mar 11 14:23:22 CET 2026
#@# pial curv lh Wed Mar 11 14:23:22 CET 2026
#@# pial area lh Wed Mar 11 14:23:22 CET 2026
#@# thickness lh Wed Mar 11 14:23:22 CET 2026
#@# area and vertex vol lh Wed Mar 11 14:23:22 CET 2026
#@# white curv rh Wed Mar 11 14:23:22 CET 2026
#@# white area rh Wed Mar 11 14:23:22 CET 2026
#@# pial curv rh Wed Mar 11 14:23:22 CET 2026
#@# pial area rh Wed Mar 11 14:23:22 CET 2026
#@# thickness rh Wed Mar 11 14:23:22 CET 2026
#@# area and vertex vol rh Wed Mar 11 14:23:22 CET 2026
#@# Curvature Stats lh Wed Mar 11 14:23:22 CET 2026
#@# Curvature Stats rh Wed Mar 11 14:23:24 CET 2026
#@# Relabel Hypointensities Wed Mar 11 14:23:25 CET 2026
#@# APas-to-ASeg Wed Mar 11 14:23:39 CET 2026
#@# AParc-to-ASeg aparc Wed Mar 11 14:23:45 CET 2026
#@# AParc-to-ASeg aparc.a2009s Wed Mar 11 14:24:04 CET 2026
#@# AParc-to-ASeg aparc.DKTatlas Wed Mar 11 14:24:23 CET 2026
#@# WMParc Wed Mar 11 14:24:42 CET 2026
#@# ASeg Stats Wed Mar 11 14:28:05 CET 2026
recon-all -s sub-v2s16x51312_ses-1 finished without error at Wed Mar 11 14:28:35 CET 2026
