status file for recon-all
Wed Mar 11 13:39:50 CET 2026
#@# Tessellate lh Wed Mar 11 13:39:50 CET 2026
#@# Smooth1 lh Wed Mar 11 13:39:53 CET 2026
#@# Inflation1 lh Wed Mar 11 13:39:55 CET 2026
#@# QSphere lh Wed Mar 11 13:40:03 CET 2026
#@# Fix Topology lh Wed Mar 11 13:40:51 CET 2026
#@# Smooth2 lh Wed Mar 11 13:46:29 CET 2026
#@# Inflation2 lh Wed Mar 11 13:46:32 CET 2026
#@# Curv .H and .K lh Wed Mar 11 13:46:41 CET 2026
#@# Sphere lh Wed Mar 11 13:47:21 CET 2026
#@# Surf Reg lh Wed Mar 11 13:48:54 CET 2026
#@# Jacobian white lh Wed Mar 11 13:51:27 CET 2026
#@# AvgCurv lh Wed Mar 11 13:51:28 CET 2026
#@# Cortical Parc lh Wed Mar 11 13:51:28 CET 2026
#@# white curv lh Wed Mar 11 13:56:39 CET 2026
#@# white area lh Wed Mar 11 13:56:40 CET 2026
#@# pial curv lh Wed Mar 11 13:56:41 CET 2026
#@# pial area lh Wed Mar 11 13:56:42 CET 2026
#@# thickness lh Wed Mar 11 13:56:43 CET 2026
#@# area and vertex vol lh Wed Mar 11 13:57:07 CET 2026
#@# Curvature Stats lh Wed Mar 11 13:57:08 CET 2026
#@# Cortical Parc 2 lh Wed Mar 11 13:57:10 CET 2026
#@# Cortical Parc 3 lh Wed Mar 11 13:57:21 CET 2026
#@# WM/GM Contrast lh Wed Mar 11 13:57:29 CET 2026
recon-all -s sub-v2s16x51312_ses-1 finished without error at Wed Mar 11 13:57:32 CET 2026



#New# invocation of recon-all 



status file for recon-all
Wed Mar 11 14:18:22 CET 2026
#@# white curv lh Wed Mar 11 14:18:22 CET 2026
#@# white area lh Wed Mar 11 14:18:22 CET 2026
#@# pial curv lh Wed Mar 11 14:18:22 CET 2026
#@# pial area lh Wed Mar 11 14:18:22 CET 2026
#@# thickness lh Wed Mar 11 14:18:22 CET 2026
#@# area and vertex vol lh Wed Mar 11 14:18:22 CET 2026
#@# Parcellation Stats lh Wed Mar 11 14:18:22 CET 2026
#@# Parcellation Stats 2 lh Wed Mar 11 14:18:36 CET 2026
#@# Parcellation Stats 3 lh Wed Mar 11 14:18:43 CET 2026
#@# BA_exvivo Labels lh Wed Mar 11 14:18:50 CET 2026
recon-all -s sub-v2s16x51312_ses-1 finished without error at Wed Mar 11 14:20:51 CET 2026
