/out/sourcedata/freesurfer/sub-v2s16x51313_ses-1/mri
/opt/freesurfer/bin/talairach_avi
--i orig_nu.mgz --xfm transforms/talairach.auto.xfm
talairach_avi 7.3.2
Linux dna020 5.14.0-427.37.1.el9_4.x86_64 #1 SMP PREEMPT_DYNAMIC Fri Sep 13 12:41:50 EDT 2024 x86_64 x86_64 x86_64 GNU/Linux
Wed Mar 11 12:28:44 CET 2026
mri_convert orig_nu.mgz talsrcimg.img 
reading from orig_nu.mgz...
TR=0.00, TE=0.00, TI=0.00, flip angle=0.00
i_ras = (-1, 0, 1.86265e-09)
j_ras = (0, 0, -1)
k_ras = (0, 1, 0)
writing to talsrcimg.img...
Analyze Output Matrix
-1.00000   0.00000   0.00000   132.03854;
 0.00000   0.00000   1.00000  -113.47746;
 0.00000  -1.00000   0.00000   142.09595;
 0.00000   0.00000   0.00000   1.00000;
--------------------
INFO: set hdr.hist.orient to -1
mpr2mni305 talsrcimg
Wed Mar 11 12:28:45 CET 2026
/opt/freesurfer/bin/mpr2mni305 talsrcimg
mpr2mni305 7.3.2
target=711-2C_as_mni_average_305

---------------------------------------------------------------------
analyzeto4dfp talsrcimg -O0 -y
---------------------------------------------------------------------

freesurfer ifh2hdr.c
Wed Mar 11 12:28:45 2026
Writing: talsrcimg.4dfp.hdr
freesurfer analyzeto4dfp.c
Reading: talsrcimg.hdr
header size 348 bytes
hdr.dime.datatype	offset=70	value=2
hdr.dime.bitpix		offset=72	value=8
hdr.hist.orient		offset=252	value=-1
dimensionality     4
dimensions       256       256       256         1
Reading: talsrcimg.img
Writing: talsrcimg.4dfp.img
Writing: talsrcimg.4dfp.ifh
ifh2hdr talsrcimg -r0to203
ori=2

---------------------------------------------------------------------
gauss_4dfp talsrcimg 1.1
---------------------------------------------------------------------

freesurfer gauss_4dfp.c
Reading: talsrcimg.4dfp.img
Writing: talsrcimg_g11.4dfp.img
image dimensions 256 256 256 padded to 288 288 288
processing volume 1freesurfer ifh2hdr.c
Wed Mar 11 12:28:47 2026
Writing: talsrcimg_g11.4dfp.hdr

Writing: talsrcimg_g11.4dfp.ifh
including: talsrcimg.4dfp.img.rec in talsrcimg_g11.4dfp.img.rec

---------------------------------------------------------------------
imgreg_4dfp /opt/freesurfer/average/711-2C_as_mni_average_305 none talsrcimg_g11 none talsrcimg_to_711-2C_as_mni_average_305_t4 4355
---------------------------------------------------------------------

freesurfer imgreg_4dfp.c
/opt/freesurfer/average/711-2C_as_mni_average_305.4dfp.img
       256       256       256         1
  1.000000  1.000000  1.000000
orientation T byte_order littleendian
Reading image: /opt/freesurfer/average/711-2C_as_mni_average_305.4dfp.img
dimensions:      256       256       256
mmppix:       1.0000   -1.0000   -1.0000
center:     128.0000 -129.0000 -129.0000
talsrcimg_g11.4dfp.img
       256       256       256         1
  1.000000  1.000000  1.000000
orientation T byte_order littleendian
Reading image: talsrcimg_g11.4dfp.img
dimensions:      256       256       256
mmppix:       1.0000   -1.0000   -1.0000
center:     128.0000 -129.0000 -129.0000
t4_read: open error in t4_sub.f l:  41 t4_file(1:l)talsrcimg_to_711-2C_as_mni_average_305_t4 
t4_read: transform initialized to I4
rotation matrix determinant  1.000000
image alignment mode   4355 decimal     1103 hex
   -7.5000  -45.0000  -45.0000 9236.9424   10.6591
    0.0000  -45.0000  -45.0000 9610.4824   10.6915
    7.5000  -45.0000  -45.0000 9220.7383   10.6959
   -7.5000  -37.5000  -45.0000 9705.6182   10.5845
    0.0000  -37.5000  -45.000010078.2217   10.6145
    7.5000  -37.5000  -45.0000 9649.9736   10.6149
   -7.5000  -30.0000  -45.000010483.6963   10.4305
    0.0000  -30.0000  -45.000010885.9688   10.4610
    7.5000  -30.0000  -45.000010398.0186   10.4605
   -7.5000  -22.5000  -45.000011210.2236   10.2890
    0.0000  -22.5000  -45.000011653.7227   10.3213
    7.5000  -22.5000  -45.000011137.5605   10.3222
   -7.5000  -15.0000  -45.000011913.2764   10.1564
    0.0000  -15.0000  -45.000012393.5176   10.1889
    7.5000  -15.0000  -45.000011827.6553   10.1907
   -7.5000   -7.5000  -45.000012646.2129   10.0330
    0.0000   -7.5000  -45.000013153.5381   10.0627
    7.5000   -7.5000  -45.000012528.4043   10.0628
   -7.5000    0.0000  -45.000013301.6035    9.9532
    0.0000    0.0000  -45.000013863.6680    9.9793
    7.5000    0.0000  -45.000013178.3877    9.9761
   -7.5000    7.5000  -45.000012845.6689   10.0223
    0.0000    7.5000  -45.000013393.2617   10.0474
    7.5000    7.5000  -45.000012701.7764   10.0419
   -7.5000   15.0000  -45.000012275.5693   10.1353
    0.0000   15.0000  -45.000012815.4521   10.1619
    7.5000   15.0000  -45.000012140.9844   10.1561
   -7.5000   22.5000  -45.000011545.8877   10.2681
    0.0000   22.5000  -45.000012071.8643   10.2973
    7.5000   22.5000  -45.000011427.3281   10.2931
   -7.5000   30.0000  -45.000010721.3037   10.2780
    0.0000   30.0000  -45.000011210.5449   10.3081
    7.5000   30.0000  -45.000010630.5850   10.3052
   -7.5000   37.5000  -45.000010296.9785   10.3605
    0.0000   37.5000  -45.000010764.1338   10.3876
    7.5000   37.5000  -45.000010217.7900   10.3827
   -7.5000   45.0000  -45.0000 9519.1826   10.2048
    0.0000   45.0000  -45.0000 9930.1885   10.2275
    7.5000   45.0000  -45.0000 9452.7959   10.2188
   -7.5000  -45.0000  -37.5000 9734.8984   10.5400
    0.0000  -45.0000  -37.500010123.7217   10.5715
    7.5000  -45.0000  -37.5000 9688.4453   10.5748
   -7.5000  -37.5000  -37.500010220.7256   10.4612
    0.0000  -37.5000  -37.500010615.3789   10.4901
    7.5000  -37.5000  -37.500010152.1621   10.4887
   -7.5000  -30.0000  -37.500011047.7910   10.3050
    0.0000  -30.0000  -37.500011457.7363   10.3338
    7.5000  -30.0000  -37.500010944.0146   10.3314
   -7.5000  -22.5000  -37.500011815.7510   10.1620
    0.0000  -22.5000  -37.500012253.8926   10.1923
    7.5000  -22.5000  -37.500011706.1104   10.1918
   -7.5000  -15.0000  -37.500012567.2041   10.0296
    0.0000  -15.0000  -37.500013024.5332   10.0604
    7.5000  -15.0000  -37.500012435.5557   10.0614
   -7.5000   -7.5000  -37.500013323.1221    9.9075
    0.0000   -7.5000  -37.500013808.6426    9.9362
    7.5000   -7.5000  -37.500013146.8291    9.9355
   -7.5000    0.0000  -37.500013980.8145    9.8281
    0.0000    0.0000  -37.500014516.9893    9.8534
    7.5000    0.0000  -37.500013784.7764    9.8492
   -7.5000    7.5000  -37.500013465.7832    9.8941
    0.0000    7.5000  -37.500014005.2891    9.9181
    7.5000    7.5000  -37.500013267.4834    9.9110
   -7.5000   15.0000  -37.500012872.4648   10.0027
    0.0000   15.0000  -37.500013418.0801   10.0277
    7.5000   15.0000  -37.500012699.5928   10.0200
   -7.5000   22.5000  -37.500012112.4346   10.1319
    0.0000   22.5000  -37.500012638.1611   10.1592
    7.5000   22.5000  -37.500011966.5547   10.1537
   -7.5000   30.0000  -37.500011220.2148   10.1430
    0.0000   30.0000  -37.500011724.4531   10.1714
    7.5000   30.0000  -37.500011128.2178   10.1678
   -7.5000   37.5000  -37.500010773.2158   10.2269
    0.0000   37.5000  -37.500011252.3281   10.2530
    7.5000   37.5000  -37.500010679.6982   10.2474
   -7.5000   45.0000  -37.5000 9938.2207   10.0761
    0.0000   45.0000  -37.500010378.5664   10.0982
    7.5000   45.0000  -37.5000 9855.2744   10.0884
   -7.5000  -45.0000  -30.000010386.9590   10.9002
    0.0000  -45.0000  -30.000010799.0381   10.9327
    7.5000  -45.0000  -30.000010305.2422   10.9372
   -7.5000  -37.5000  -30.000010900.9141   10.8146
    0.0000  -37.5000  -30.000011316.4180   10.8436
    7.5000  -37.5000  -30.000010797.7549   10.8433
   -7.5000  -30.0000  -30.000011778.2900   10.6477
    0.0000  -30.0000  -30.000012199.3779   10.6757
    7.5000  -30.0000  -30.000011656.8213   10.6746
   -7.5000  -22.5000  -30.000012605.4297   10.4949
    0.0000  -22.5000  -30.000013061.5508   10.5244
    7.5000  -22.5000  -30.000012482.9844   10.5256
   -7.5000  -15.0000  -30.000013440.2266   10.3566
    0.0000  -15.0000  -30.000013901.7686   10.3872
    7.5000  -15.0000  -30.000013285.1807   10.3898
   -7.5000   -7.5000  -30.000014231.2773   10.2316
    0.0000   -7.5000  -30.000014722.0439   10.2609
    7.5000   -7.5000  -30.000014013.4053   10.2613
   -7.5000    0.0000  -30.000014911.2383   10.1515
    0.0000    0.0000  -30.000015427.0771   10.1774
    7.5000    0.0000  -30.000014646.1230   10.1739
   -7.5000    7.5000  -30.000014326.9502   10.2177
    0.0000    7.5000  -30.000014854.7285   10.2417
    7.5000    7.5000  -30.000014087.8984   10.2353
   -7.5000   15.0000  -30.000013664.4883   10.3249
    0.0000   15.0000  -30.000014218.4531   10.3490
    7.5000   15.0000  -30.000013480.9814   10.3425
   -7.5000   22.5000  -30.000012872.8545   10.4528
    0.0000   22.5000  -30.000013406.2842   10.4792
    7.5000   22.5000  -30.000012720.2451   10.4751
   -7.5000   30.0000  -30.000011920.4746   10.4659
    0.0000   30.0000  -30.000012431.7656   10.4939
    7.5000   30.0000  -30.000011817.0176   10.4919
   -7.5000   37.5000  -30.000011443.7637   10.5558
    0.0000   37.5000  -30.000011938.1963   10.5824
    7.5000   37.5000  -30.000011347.4395   10.5778
   -7.5000   45.0000  -30.000010545.8193   10.4105
    0.0000   45.0000  -30.000011006.9551   10.4333
    7.5000   45.0000  -30.000010439.9072   10.4241
   -7.5000  -45.0000  -22.500011044.1758   11.1774
    0.0000  -45.0000  -22.500011480.0518   11.2113
    7.5000  -45.0000  -22.500010950.3447   11.2182
   -7.5000  -37.5000  -22.500011584.6318   11.0865
    0.0000  -37.5000  -22.500012023.7900   11.1165
    7.5000  -37.5000  -22.500011458.3359   11.1194
   -7.5000  -30.0000  -22.500012530.9785   10.9117
    0.0000  -30.0000  -22.500012975.4199   10.9403
    7.5000  -30.0000  -22.500012390.0732   10.9430
   -7.5000  -22.5000  -22.500013425.1230   10.7515
    0.0000  -22.5000  -22.500013903.4941   10.7817
    7.5000  -22.5000  -22.500013282.1162   10.7863
   -7.5000  -15.0000  -22.500014329.1768   10.6074
    0.0000  -15.0000  -22.500014814.0674   10.6391
    7.5000  -15.0000  -22.500014124.4648   10.6441
   -7.5000   -7.5000  -22.500015167.5723   10.4782
    0.0000   -7.5000  -22.500015671.2354   10.5086
    7.5000   -7.5000  -22.500014895.4199   10.5107
   -7.5000    0.0000  -22.500015891.8105   10.3982
    0.0000    0.0000  -22.500016401.0938   10.4252
    7.5000    0.0000  -22.500015561.6367   10.4235
   -7.5000    7.5000  -22.500015248.6006   10.4649
    0.0000    7.5000  -22.500015761.3906   10.4897
    7.5000    7.5000  -22.500014954.7412   10.4859
   -7.5000   15.0000  -22.500014511.3730   10.5713
    0.0000   15.0000  -22.500015042.4209   10.5959
    7.5000   15.0000  -22.500014292.8877   10.5928
   -7.5000   22.5000  -22.500013650.4355   10.6983
    0.0000   22.5000  -22.500014166.6123   10.7253
    7.5000   22.5000  -22.500013496.9463   10.7245
   -7.5000   30.0000  -22.500012656.6982   10.7124
    0.0000   30.0000  -22.500013155.8789   10.7415
    7.5000   30.0000  -22.500012535.3164   10.7418
   -7.5000   37.5000  -22.500012163.8906   10.8061
    0.0000   37.5000  -22.500012637.0762   10.8338
    7.5000   37.5000  -22.500012023.1143   10.8311
   -7.5000   45.0000  -22.500011186.0352   10.6661
    0.0000   45.0000  -22.500011643.8193   10.6900
    7.5000   45.0000  -22.500011057.6777   10.6828
   -7.5000  -45.0000  -15.000011680.7100   11.3221
    0.0000  -45.0000  -15.000012131.1123   11.3575
    7.5000  -45.0000  -15.000011576.3027   11.3657
   -7.5000  -37.5000  -15.000012258.6035   11.2271
    0.0000  -37.5000  -15.000012712.2021   11.2590
    7.5000  -37.5000  -15.000012116.0801   11.2639
   -7.5000  -30.0000  -15.000013280.1035   11.0486
    0.0000  -30.0000  -15.000013754.1465   11.0794
    7.5000  -30.0000  -15.000013126.6074   11.0843
   -7.5000  -22.5000  -15.000014272.5811   10.8848
    0.0000  -22.5000  -15.000014794.6904   10.9172
    7.5000  -22.5000  -15.000014099.1602   10.9232
   -7.5000  -15.0000  -15.000015251.9023   10.7360
    0.0000  -15.0000  -15.000015771.5420   10.7696
    7.5000  -15.0000  -15.000014997.4697   10.7751
   -7.5000   -7.5000  -15.000016124.8672   10.6008
    0.0000   -7.5000  -15.000016635.9199   10.6326
    7.5000   -7.5000  -15.000015785.3701   10.6351
   -7.5000    0.0000  -15.000016885.4004   10.5199
    0.0000    0.0000  -15.000017378.2207   10.5481
    7.5000    0.0000  -15.000016506.5430   10.5475
   -7.5000    7.5000  -15.000016206.6641   10.5877
    0.0000    7.5000  -15.000016708.1934   10.6140
    7.5000    7.5000  -15.000015869.6924   10.6120
   -7.5000   15.0000  -15.000015384.6582   10.6956
    0.0000   15.0000  -15.000015906.7666   10.7220
    7.5000   15.0000  -15.000015141.6758   10.7209
   -7.5000   22.5000  -15.000014462.0947   10.8228
    0.0000   22.5000  -15.000014987.4160   10.8518
    7.5000   22.5000  -15.000014299.1699   10.8523
   -7.5000   30.0000  -15.000013433.3428   10.8370
    0.0000   30.0000  -15.000013926.9307   10.8680
    7.5000   30.0000  -15.000013292.4443   10.8688
   -7.5000   37.5000  -15.000012933.1318   10.9297
    0.0000   37.5000  -15.000013398.6123   10.9588
    7.5000   37.5000  -15.000012752.0801   10.9565
   -7.5000   45.0000  -15.000011912.2783   10.7928
    0.0000   45.0000  -15.000012351.0303   10.8178
    7.5000   45.0000  -15.000011718.2842   10.8118
   -7.5000  -45.0000   -7.500012332.9932   11.3405
    0.0000  -45.0000   -7.500012766.3867   11.3768
    7.5000  -45.0000   -7.500012189.0674   11.3833
   -7.5000  -37.5000   -7.500012961.7842   11.2429
    0.0000  -37.5000   -7.500013399.0166   11.2763
    7.5000  -37.5000   -7.500012783.9131   11.2794
   -7.5000  -30.0000   -7.500014075.0029   11.0646
    0.0000  -30.0000   -7.500014531.3535   11.0978
    7.5000  -30.0000   -7.500013880.3262   11.1005
   -7.5000  -22.5000   -7.500015235.4775   10.9005
    0.0000  -22.5000   -7.500015754.0049   10.9353
    7.5000  -22.5000   -7.500015006.2080   10.9389
   -7.5000  -15.0000   -7.500016318.9502   10.7483
    0.0000  -15.0000   -7.500016849.0352   10.7834
    7.5000  -15.0000   -7.500015984.4541   10.7867
   -7.5000   -7.5000   -7.500017201.5273   10.6073
    0.0000   -7.5000   -7.500017673.2383   10.6399
    7.5000   -7.5000   -7.500016755.8945   10.6408
   -7.5000    0.0000   -7.500017993.0449   10.5248
    0.0000    0.0000   -7.500018423.6562   10.5535
    7.5000    0.0000   -7.500017503.8340   10.5515
   -7.5000    7.5000   -7.500017250.5820   10.5935
    0.0000    7.5000   -7.500017723.8496   10.6211
    7.5000    7.5000   -7.500016833.5684   10.6175
   -7.5000   15.0000   -7.500016378.5000   10.7045
    0.0000   15.0000   -7.500016894.8457   10.7331
    7.5000   15.0000   -7.500016059.8652   10.7300
   -7.5000   22.5000   -7.500015399.3213   10.8322
    0.0000   22.5000   -7.500015918.8672   10.8635
    7.5000   22.5000   -7.500015147.7197   10.8617
   -7.5000   30.0000   -7.500014338.6543   10.8454
    0.0000   30.0000   -7.500014837.2061   10.8779
    7.5000   30.0000   -7.500014095.0654   10.8765
   -7.5000   37.5000   -7.500013794.0518   10.9341
    0.0000   37.5000   -7.500014276.0957   10.9639
    7.5000   37.5000   -7.500013530.1387   10.9599
   -7.5000   45.0000   -7.500012692.3145   10.7969
    0.0000   45.0000   -7.500013154.5986   10.8226
    7.5000   45.0000   -7.500012437.7686   10.8151
   -7.5000  -45.0000    0.000012875.6328   11.3518
    0.0000  -45.0000    0.000013314.7539   11.3878
    7.5000  -45.0000    0.000012658.5586   11.3916
   -7.5000  -37.5000    0.000013537.9863   11.2538
    0.0000  -37.5000    0.000013960.7451   11.2873
    7.5000  -37.5000    0.000013290.8164   11.2868
   -7.5000  -30.0000    0.000014749.7314   11.0767
    0.0000  -30.0000    0.000015214.9072   11.1106
    7.5000  -30.0000    0.000014490.6143   11.1091
   -7.5000  -22.5000    0.000016188.6602   10.9137
    0.0000  -22.5000    0.000016702.0039   10.9492
    7.5000  -22.5000    0.000015783.6387   10.9490
   -7.5000  -15.0000    0.000017579.6602   10.7609
    0.0000  -15.0000    0.000018100.8125   10.7962
    7.5000  -15.0000    0.000016923.5000   10.7969
   -7.5000   -7.5000    0.000018480.2754   10.6186
    0.0000   -7.5000    0.000018867.4297   10.6509
    7.5000   -7.5000    0.000017708.1895   10.6497
   -7.5000    0.0000    0.000019199.7773   10.5345
    0.0000    0.0000    0.000019516.6426   10.5630
    7.5000    0.0000    0.000018412.6250   10.5586
   -7.5000    7.5000    0.000018355.0645   10.6033
    0.0000    7.5000    0.000018764.0273   10.6310
    7.5000    7.5000    0.000017683.3965   10.6243
   -7.5000   15.0000    0.000017419.2344   10.7161
    0.0000   15.0000    0.000017907.3379   10.7454
    7.5000   15.0000    0.000016845.0195   10.7384
   -7.5000   22.5000    0.000016370.6348   10.8459
    0.0000   22.5000    0.000016863.8340   10.8779
    7.5000   22.5000    0.000015872.8408   10.8724
   -7.5000   30.0000    0.000015221.9688   10.8598
    0.0000   30.0000    0.000015699.7422   10.8925
    7.5000   30.0000    0.000014782.0244   10.8884
   -7.5000   37.5000    0.000014630.8555   10.9475
    0.0000   37.5000    0.000015099.6836   10.9772
    7.5000   37.5000    0.000014221.6865   10.9709
   -7.5000   45.0000    0.000013459.4668   10.8098
    0.0000   45.0000    0.000013916.9268   10.8352
    7.5000   45.0000    0.000013102.4775   10.8251
   -7.5000  -45.0000    7.500012424.9863   11.3811
    0.0000  -45.0000    7.500012835.5371   11.4164
    7.5000  -45.0000    7.500012185.8955   11.4190
   -7.5000  -37.5000    7.500013073.2012   11.2824
    0.0000  -37.5000    7.500013492.5410   11.3148
    7.5000  -37.5000    7.500012804.4609   11.3123
   -7.5000  -30.0000    7.500014367.2236   11.1037
    0.0000  -30.0000    7.500014819.0752   11.1359
    7.5000  -30.0000    7.500013982.7041   11.1323
   -7.5000  -22.5000    7.500016002.3613   10.9395
    0.0000  -22.5000    7.500016518.1074   10.9732
    7.5000  -22.5000    7.500015256.8682   10.9715
   -7.5000  -15.0000    7.500017586.4551   10.7875
    0.0000  -15.0000    7.500018100.5254   10.8214
    7.5000  -15.0000    7.500016403.8008   10.8213
   -7.5000   -7.5000    7.500018455.2695   10.6474
    0.0000   -7.5000    7.500018882.0781   10.6790
    7.5000   -7.5000    7.500017242.3320   10.6772
   -7.5000    0.0000    7.500019014.5273   10.5643
    0.0000    0.0000    7.500019358.4941   10.5922
    7.5000    0.0000    7.500017908.8965   10.5867
   -7.5000    7.5000    7.500018038.2949   10.6325
    0.0000    7.5000    7.500018412.3105   10.6593
    7.5000    7.5000    7.500017102.3418   10.6508
   -7.5000   15.0000    7.500017021.9473   10.7437
    0.0000   15.0000    7.500017454.5293   10.7715
    7.5000   15.0000    7.500016245.7529   10.7624
   -7.5000   22.5000    7.500015952.0459   10.8725
    0.0000   22.5000    7.500016378.1768   10.9027
    7.5000   22.5000    7.500015303.1904   10.8958
   -7.5000   30.0000    7.500014809.6143   10.8871
    0.0000   30.0000    7.500015237.8848   10.9183
    7.5000   30.0000    7.500014261.1484   10.9135
   -7.5000   37.5000    7.500014222.5898   10.9773
    0.0000   37.5000    7.500014672.9795   11.0062
    7.5000   37.5000    7.500013726.3750   10.9992
   -7.5000   45.0000    7.500013085.9004   10.8406
    0.0000   45.0000    7.500013512.7900   10.8655
    7.5000   45.0000    7.500012646.1377   10.8541
   -7.5000  -45.0000   15.000011911.6426   11.4898
    0.0000  -45.0000   15.000012313.9219   11.5246
    7.5000  -45.0000   15.000011615.9316   11.5287
   -7.5000  -37.5000   15.000012576.3828   11.3904
    0.0000  -37.5000   15.000012975.3887   11.4216
    7.5000  -37.5000   15.000012192.4053   11.4205
   -7.5000  -30.0000   15.000013877.2373   11.2092
    0.0000  -30.0000   15.000014299.3213   11.2393
    7.5000  -30.0000   15.000013272.5283   11.2375
   -7.5000  -22.5000   15.000015382.2285   11.0432
    0.0000  -22.5000   15.000015873.0352   11.0747
    7.5000  -22.5000   15.000014390.9580   11.0752
   -7.5000  -15.0000   15.000016694.3809   10.8925
    0.0000  -15.0000   15.000017273.1875   10.9250
    7.5000  -15.0000   15.000015432.9561   10.9270
   -7.5000   -7.5000   15.000017586.7734   10.7560
    0.0000   -7.5000   15.000018157.2734   10.7870
    7.5000   -7.5000   15.000016320.4717   10.7867
   -7.5000    0.0000   15.000018271.1465   10.6752
    0.0000    0.0000   15.000018781.0859   10.7028
    7.5000    0.0000   15.000017079.2246   10.6985
   -7.5000    7.5000   15.000017346.5938   10.7421
    0.0000    7.5000   15.000017813.2129   10.7678
    7.5000    7.5000   15.000016323.9873   10.7604
   -7.5000   15.0000   15.000016283.7705   10.8496
    0.0000   15.0000   15.000016732.8008   10.8754
    7.5000   15.0000   15.000015451.5107   10.8678
   -7.5000   22.5000   15.000015232.7197   10.9752
    0.0000   22.5000   15.000015651.4775   11.0033
    7.5000   22.5000   15.000014557.5537   10.9984
   -7.5000   30.0000   15.000014187.2783   10.9887
    0.0000   30.0000   15.000014571.9844   11.0185
    7.5000   30.0000   15.000013576.4570   11.0156
   -7.5000   37.5000   15.000013666.0723   11.0817
    0.0000   37.5000   15.000014058.1865   11.1099
    7.5000   37.5000   15.000013119.8154   11.1045
   -7.5000   45.0000   15.000012567.6719   10.9447
    0.0000   45.0000   15.000012950.3643   10.9691
    7.5000   45.0000   15.000012108.1602   10.9590
   -7.5000  -45.0000   22.500011299.0410   11.6369
    0.0000  -45.0000   22.500011685.1211   11.6716
    7.5000  -45.0000   22.500010971.1807   11.6783
   -7.5000  -37.5000   22.500011922.3711   11.5362
    0.0000  -37.5000   22.500012297.2861   11.5668
    7.5000  -37.5000   22.500011532.7646   11.5694
   -7.5000  -30.0000   22.500013092.5186   11.3543
    0.0000  -30.0000   22.500013483.1885   11.3835
    7.5000  -30.0000   22.500012543.2051   11.3859
   -7.5000  -22.5000   22.500014285.9082   11.1879
    0.0000  -22.5000   22.500014756.6426   11.2186
    7.5000  -22.5000   22.500013535.5244   11.2231
   -7.5000  -15.0000   22.500015282.1475   11.0384
    0.0000  -15.0000   22.500015805.8320   11.0706
    7.5000  -15.0000   22.500014462.2021   11.0755
   -7.5000   -7.5000   22.500016100.4590   10.9043
    0.0000   -7.5000   22.500016647.7598   10.9352
    7.5000   -7.5000   22.500015345.8584   10.9371
   -7.5000    0.0000   22.500016936.3711   10.8247
    0.0000    0.0000   22.500017439.4668   10.8522
    7.5000    0.0000   22.500016145.2842   10.8502
   -7.5000    7.5000   22.500016278.1982   10.8906
    0.0000    7.5000   22.500016741.0508   10.9158
    7.5000    7.5000   22.500015506.7344   10.9116
   -7.5000   15.0000   22.500015367.6367   10.9950
    0.0000   15.0000   22.500015800.3066   11.0198
    7.5000   15.0000   22.500014671.7109   11.0163
   -7.5000   22.5000   22.500014405.4365   11.1176
    0.0000   22.5000   22.500014836.4180   11.1448
    7.5000   22.5000   22.500013801.2217   11.1437
   -7.5000   30.0000   22.500013449.5918   11.1278
    0.0000   30.0000   22.500013843.9854   11.1573
    7.5000   30.0000   22.500012862.7217   11.1574
   -7.5000   37.5000   22.500012959.9268   11.2212
    0.0000   37.5000   22.500013356.2363   11.2493
    7.5000   37.5000   22.500012414.0605   11.2463
   -7.5000   45.0000   22.500011888.6934   11.0809
    0.0000   45.0000   22.500012273.9199   11.1052
    7.5000   45.0000   22.500011458.4219   11.0977
   -7.5000  -45.0000   30.000010457.4570   11.8050
    0.0000  -45.0000   30.000010807.7236   11.8400
    7.5000  -45.0000   30.000010225.8926   11.8483
   -7.5000  -37.5000   30.000011016.6943   11.7027
    0.0000  -37.5000   30.000011383.6943   11.7340
    7.5000  -37.5000   30.000010759.4355   11.7389
   -7.5000  -30.0000   30.000012050.7129   11.5224
    0.0000  -30.0000   30.000012459.2598   11.5526
    7.5000  -30.0000   30.000011702.7734   11.5577
   -7.5000  -22.5000   30.000013051.6953   11.3572
    0.0000  -22.5000   30.000013528.9404   11.3893
    7.5000  -22.5000   30.000012607.8584   11.3956
   -7.5000  -15.0000   30.000013905.2920   11.2073
    0.0000  -15.0000   30.000014397.6855   11.2407
    7.5000  -15.0000   30.000013436.0469   11.2466
   -7.5000   -7.5000   30.000014688.3535   11.0713
    0.0000   -7.5000   30.000015181.9971   11.1029
    7.5000   -7.5000   30.000014243.9199   11.1057
   -7.5000    0.0000   30.000015515.5762   10.9909
    0.0000    0.0000   30.000016009.6523   11.0187
    7.5000    0.0000   30.000015014.7354   11.0181
   -7.5000    7.5000   30.000015019.7852   11.0564
    0.0000    7.5000   30.000015437.6650   11.0822
    7.5000    7.5000   30.000014474.7471   11.0800
   -7.5000   15.0000   30.000014253.1738   11.1609
    0.0000   15.0000   30.000014642.8330   11.1867
    7.5000   15.0000   30.000013733.3535   11.1856
   -7.5000   22.5000   30.000013421.0439   11.2831
    0.0000   22.5000   30.000013807.9961   11.3116
    7.5000   22.5000   30.000012942.6855   11.3124
   -7.5000   30.0000   30.000012552.4902   11.2894
    0.0000   30.0000   30.000012911.3682   11.3200
    7.5000   30.0000   30.000012082.4873   11.3213
   -7.5000   37.5000   30.000012073.1768   11.3799
    0.0000   37.5000   30.000012440.0117   11.4086
    7.5000   37.5000   30.000011646.1748   11.4067
   -7.5000   45.0000   30.000011073.7793   11.2338
    0.0000   45.0000   30.000011432.8652   11.2584
    7.5000   45.0000   30.000010719.0801   11.2525
   -7.5000  -45.0000   37.500010079.5225   12.1268
    0.0000  -45.0000   37.500010459.4736   12.1629
    7.5000  -45.0000   37.5000 9936.3809   12.1696
   -7.5000  -37.5000   37.500010625.5889   12.0204
    0.0000  -37.5000   37.500011021.5527   12.0532
    7.5000  -37.5000   37.500010444.4922   12.0563
   -7.5000  -30.0000   37.500011603.6826   11.8397
    0.0000  -30.0000   37.500012045.1084   11.8725
    7.5000  -30.0000   37.500011379.2734   11.8753
   -7.5000  -22.5000   37.500012526.8535   11.6740
    0.0000  -22.5000   37.500013011.7539   11.7089
    7.5000  -22.5000   37.500012248.1943   11.7129
   -7.5000  -15.0000   37.500013338.5752   11.5204
    0.0000  -15.0000   37.500013813.8379   11.5560
    7.5000  -15.0000   37.500013031.8896   11.5598
   -7.5000   -7.5000   37.500014106.9541   11.3779
    0.0000   -7.5000   37.500014580.5352   11.4106
    7.5000   -7.5000   37.500013779.2695   11.4118
   -7.5000    0.0000   37.500014905.8994   11.2933
    0.0000    0.0000   37.500015381.8018   11.3219
    7.5000    0.0000   37.500014509.0264   11.3197
   -7.5000    7.5000   37.500014478.3594   11.3597
    0.0000    7.5000   37.500014899.1562   11.3868
    7.5000    7.5000   37.500014045.4229   11.3829
   -7.5000   15.0000   37.500013791.2598   11.4684
    0.0000   15.0000   37.500014180.8701   11.4965
    7.5000   15.0000   37.500013368.1719   11.4933
   -7.5000   22.5000   37.500013022.4951   11.5947
    0.0000   22.5000   37.500013386.0215   11.6259
    7.5000   22.5000   37.500012617.2451   11.6244
   -7.5000   30.0000   37.500012189.7178   11.5986
    0.0000   30.0000   37.500012537.5908   11.6313
    7.5000   30.0000   37.500011797.8994   11.6305
   -7.5000   37.5000   37.500011714.4277   11.6866
    0.0000   37.5000   37.500012067.8945   11.7165
    7.5000   37.5000   37.500011364.5986   11.7129
   -7.5000   45.0000   37.500010748.1953   11.5324
    0.0000   45.0000   37.500011079.4316   11.5578
    7.5000   45.0000   37.500010451.9111   11.5503
   -7.5000  -45.0000   45.0000 9401.5322   12.5040
    0.0000  -45.0000   45.0000 9757.8418   12.5404
    7.5000  -45.0000   45.0000 9277.9707   12.5429
   -7.5000  -37.5000   45.0000 9891.3252   12.3918
    0.0000  -37.5000   45.000010271.5391   12.4254
    7.5000  -37.5000   45.0000 9751.6338   12.4231
   -7.5000  -30.0000   45.000010777.6260   12.2091
    0.0000  -30.0000   45.000011202.3467   12.2436
    7.5000  -30.0000   45.000010614.4307   12.2405
   -7.5000  -22.5000   45.000011601.7715   12.0417
    0.0000  -22.5000   45.000012041.8311   12.0784
    7.5000  -22.5000   45.000011415.5713   12.0773
   -7.5000  -15.0000   45.000012348.5293   11.8833
    0.0000  -15.0000   45.000012780.9941   11.9201
    7.5000  -15.0000   45.000012144.3545   11.9203
   -7.5000   -7.5000   45.000013059.5723   11.7335
    0.0000   -7.5000   45.000013494.3398   11.7668
    7.5000   -7.5000   45.000012818.7188   11.7648
   -7.5000    0.0000   45.000013775.7480   11.6438
    0.0000    0.0000   45.000014223.4434   11.6725
    7.5000    0.0000   45.000013480.7871   11.6665
   -7.5000    7.5000   45.000013412.0430   11.7113
    0.0000    7.5000   45.000013818.5049   11.7391
    7.5000    7.5000   45.000013075.8584   11.7302
   -7.5000   15.0000   45.000012816.8135   11.8251
    0.0000   15.0000   45.000013195.7432   11.8548
    7.5000   15.0000   45.000012463.0645   11.8459
   -7.5000   22.5000   45.000012115.6807   11.9571
    0.0000   22.5000   45.000012489.7705   11.9901
    7.5000   22.5000   45.000011782.0518   11.9834
   -7.5000   30.0000   45.000011343.3633   11.9592
    0.0000   30.0000   45.000011677.4102   11.9930
    7.5000   30.0000   45.000011002.6084   11.9883
   -7.5000   37.5000   45.000010905.4834   12.0463
    0.0000   37.5000   45.000011223.0801   12.0767
    7.5000   37.5000   45.000010588.2021   12.0695
   -7.5000   45.0000   45.000010026.4160   11.8909
    0.0000   45.0000   45.000010334.8154   11.9163
    7.5000   45.0000   45.0000 9751.1885   11.9046

---------------------------------------------------------------------
imgreg_4dfp /opt/freesurfer/average/711-2C_as_mni_average_305 /opt/freesurfer/average/711-2B_as_mni_average_305_mask talsrcimg_g11 none talsrcimg_to_711-2C_as_mni_average_305_t4 4355
---------------------------------------------------------------------

freesurfer imgreg_4dfp.c
/opt/freesurfer/average/711-2C_as_mni_average_305.4dfp.img
       256       256       256         1
  1.000000  1.000000  1.000000
orientation T byte_order littleendian
Reading image: /opt/freesurfer/average/711-2C_as_mni_average_305.4dfp.img
dimensions:      256       256       256
mmppix:       1.0000   -1.0000   -1.0000
center:     128.0000 -129.0000 -129.0000
/opt/freesurfer/average/711-2B_as_mni_average_305_mask.4dfp.img
       256       256       256         1
  1.000000  1.000000  1.000000
orientation T byte_order littleendian
Reading mask: /opt/freesurfer/average/711-2B_as_mni_average_305_mask.4dfp.img (2306576 pixels)
talsrcimg_g11.4dfp.img
       256       256       256         1
  1.000000  1.000000  1.000000
orientation T byte_order littleendian
Reading image: talsrcimg_g11.4dfp.img
dimensions:      256       256       256
mmppix:       1.0000   -1.0000   -1.0000
center:     128.0000 -129.0000 -129.0000
rotation matrix determinant  1.000000
image alignment mode   4355 decimal     1103 hex
   -7.5000  -45.0000  -45.0000 2418.2056   15.7171
    0.0000  -45.0000  -45.0000 2422.0811   15.6766
    7.5000  -45.0000  -45.0000 2413.6841   15.6976
   -7.5000  -37.5000  -45.0000 2467.3105   14.8865
    0.0000  -37.5000  -45.0000 2466.7888   14.8817
    7.5000  -37.5000  -45.0000 2455.2227   14.8846
   -7.5000  -30.0000  -45.0000 2493.4719   14.3211
    0.0000  -30.0000  -45.0000 2494.6062   14.2908
    7.5000  -30.0000  -45.0000 2476.0381   14.2944
   -7.5000  -22.5000  -45.0000 2504.8259   13.9181
    0.0000  -22.5000  -45.0000 2509.3367   13.8834
    7.5000  -22.5000  -45.0000 2486.6179   13.9066
   -7.5000  -15.0000  -45.0000 2508.5083   13.6798
    0.0000  -15.0000  -45.0000 2510.7671   13.6551
    7.5000  -15.0000  -45.0000 2487.3931   13.6606
   -7.5000   -7.5000  -45.0000 2506.9341   13.6350
    0.0000   -7.5000  -45.0000 2508.9109   13.5838
    7.5000   -7.5000  -45.0000 2488.0742   13.5812
   -7.5000    0.0000  -45.0000 2501.2878   13.7059
    0.0000    0.0000  -45.0000 2511.1592   13.6870
    7.5000    0.0000  -45.0000 2487.2375   13.6793
   -7.5000    7.5000  -45.0000 2494.4441   13.9867
    0.0000    7.5000  -45.0000 2499.4446   13.9515
    7.5000    7.5000  -45.0000 2483.5632   13.9382
   -7.5000   15.0000  -45.0000 2479.9617   14.4181
    0.0000   15.0000  -45.0000 2481.3989   14.3475
    7.5000   15.0000  -45.0000 2466.1245   14.3827
   -7.5000   22.5000  -45.0000 2445.5364   14.9782
    0.0000   22.5000  -45.0000 2450.8916   14.9091
    7.5000   22.5000  -45.0000 2433.4236   14.9701
   -7.5000   30.0000  -45.0000 2406.1545   15.6947
    0.0000   30.0000  -45.0000 2407.5015   15.6563
    7.5000   30.0000  -45.0000 2392.7578   15.7879
   -7.5000   37.5000  -45.0000 2358.8528   16.6743
    0.0000   37.5000  -45.0000 2355.2100   16.6393
    7.5000   37.5000  -45.0000 2343.4636   16.8088
   -7.5000   45.0000  -45.0000 2297.7190   17.9442
    0.0000   45.0000  -45.0000 2288.3933   17.8628
    7.5000   45.0000  -45.0000 2283.8940   18.0414
   -7.5000  -45.0000  -37.5000 2494.9956   14.9232
    0.0000  -45.0000  -37.5000 2500.6765   14.8846
    7.5000  -45.0000  -37.5000 2485.4043   14.8617
   -7.5000  -37.5000  -37.5000 2543.2395   14.0619
    0.0000  -37.5000  -37.5000 2548.1323   14.0313
    7.5000  -37.5000  -37.5000 2531.5745   14.0371
   -7.5000  -30.0000  -37.5000 2576.5745   13.4603
    0.0000  -30.0000  -37.5000 2575.8115   13.4211
    7.5000  -30.0000  -37.5000 2553.6460   13.4470
   -7.5000  -22.5000  -37.5000 2593.9797   13.0553
    0.0000  -22.5000  -37.5000 2592.3372   13.0111
    7.5000  -22.5000  -37.5000 2566.7156   13.0532
   -7.5000  -15.0000  -37.5000 2596.9263   12.8129
    0.0000  -15.0000  -37.5000 2594.7590   12.7649
    7.5000  -15.0000  -37.5000 2569.2722   12.7936
   -7.5000   -7.5000  -37.5000 2593.2861   12.7248
    0.0000   -7.5000  -37.5000 2591.6426   12.6767
    7.5000   -7.5000  -37.5000 2568.2795   12.7098
   -7.5000    0.0000  -37.5000 2588.4092   12.7852
    0.0000    0.0000  -37.5000 2594.8135   12.7693
    7.5000    0.0000  -37.5000 2564.8528   12.7763
   -7.5000    7.5000  -37.5000 2582.7632   13.0306
    0.0000    7.5000  -37.5000 2586.0083   12.9955
    7.5000    7.5000  -37.5000 2558.4727   12.9974
   -7.5000   15.0000  -37.5000 2566.1052   13.4145
    0.0000   15.0000  -37.5000 2573.8167   13.3820
    7.5000   15.0000  -37.5000 2544.4585   13.3885
   -7.5000   22.5000  -37.5000 2533.0469   13.9541
    0.0000   22.5000  -37.5000 2541.8950   13.9408
    7.5000   22.5000  -37.5000 2516.7212   13.9684
   -7.5000   30.0000  -37.5000 2485.0898   14.6697
    0.0000   30.0000  -37.5000 2493.1960   14.6649
    7.5000   30.0000  -37.5000 2472.9966   14.7389
   -7.5000   37.5000  -37.5000 2438.4700   15.6112
    0.0000   37.5000  -37.5000 2438.8533   15.5954
    7.5000   37.5000  -37.5000 2418.5798   15.6857
   -7.5000   45.0000  -37.5000 2367.4734   16.7883
    0.0000   45.0000  -37.5000 2368.6365   16.7556
    7.5000   45.0000  -37.5000 2351.3713   16.8796
   -7.5000  -45.0000  -30.0000 2606.0361   14.7212
    0.0000  -45.0000  -30.0000 2613.1223   14.6554
    7.5000  -45.0000  -30.0000 2593.4919   14.6419
   -7.5000  -37.5000  -30.0000 2660.0027   13.8498
    0.0000  -37.5000  -30.0000 2664.6555   13.7786
    7.5000  -37.5000  -30.0000 2644.9089   13.7962
   -7.5000  -30.0000  -30.0000 2692.2390   13.1856
    0.0000  -30.0000  -30.0000 2688.6865   13.1170
    7.5000  -30.0000  -30.0000 2670.3774   13.1469
   -7.5000  -22.5000  -30.0000 2712.2046   12.7142
    0.0000  -22.5000  -30.0000 2706.9014   12.6542
    7.5000  -22.5000  -30.0000 2687.6064   12.7026
   -7.5000  -15.0000  -30.0000 2725.1187   12.4546
    0.0000  -15.0000  -30.0000 2719.7112   12.3991
    7.5000  -15.0000  -30.0000 2699.2903   12.4456
   -7.5000   -7.5000  -30.0000 2719.8472   12.3260
    0.0000   -7.5000  -30.0000 2713.6799   12.2961
    7.5000   -7.5000  -30.0000 2690.9648   12.3404
   -7.5000    0.0000  -30.0000 2716.8435   12.3790
    0.0000    0.0000  -30.0000 2715.4814   12.3549
    7.5000    0.0000  -30.0000 2685.8689   12.3853
   -7.5000    7.5000  -30.0000 2709.5256   12.6144
    0.0000    7.5000  -30.0000 2712.3496   12.5817
    7.5000    7.5000  -30.0000 2679.5703   12.6098
   -7.5000   15.0000  -30.0000 2688.4883   12.9901
    0.0000   15.0000  -30.0000 2699.6809   12.9549
    7.5000   15.0000  -30.0000 2666.0642   12.9988
   -7.5000   22.5000  -30.0000 2658.8250   13.5170
    0.0000   22.5000  -30.0000 2670.5098   13.5161
    7.5000   22.5000  -30.0000 2639.0269   13.5751
   -7.5000   30.0000  -30.0000 2607.0620   14.2337
    0.0000   30.0000  -30.0000 2619.8401   14.2602
    7.5000   30.0000  -30.0000 2592.1836   14.3320
   -7.5000   37.5000  -30.0000 2555.1907   15.1827
    0.0000   37.5000  -30.0000 2561.5588   15.1873
    7.5000   37.5000  -30.0000 2538.3691   15.2678
   -7.5000   45.0000  -30.0000 2479.2717   16.3492
    0.0000   45.0000  -30.0000 2480.8816   16.3438
    7.5000   45.0000  -30.0000 2456.1484   16.4453
   -7.5000  -45.0000  -22.5000 2675.8655   14.4143
    0.0000  -45.0000  -22.5000 2682.6787   14.3052
    7.5000  -45.0000  -22.5000 2666.5708   14.3317
   -7.5000  -37.5000  -22.5000 2729.8164   13.5173
    0.0000  -37.5000  -22.5000 2734.3042   13.3978
    7.5000  -37.5000  -22.5000 2717.8943   13.4521
   -7.5000  -30.0000  -22.5000 2767.3762   12.8324
    0.0000  -30.0000  -22.5000 2767.5020   12.7324
    7.5000  -30.0000  -22.5000 2756.0281   12.7920
   -7.5000  -22.5000  -22.5000 2791.7488   12.3172
    0.0000  -22.5000  -22.5000 2788.4011   12.2385
    7.5000  -22.5000  -22.5000 2775.5295   12.2857
   -7.5000  -15.0000  -22.5000 2806.9768   12.0034
    0.0000  -15.0000  -22.5000 2804.9399   11.9313
    7.5000  -15.0000  -22.5000 2788.5610   11.9901
   -7.5000   -7.5000  -22.5000 2807.5398   11.8367
    0.0000   -7.5000  -22.5000 2802.6116   11.7968
    7.5000   -7.5000  -22.5000 2784.0994   11.8724
   -7.5000    0.0000  -22.5000 2810.7107   11.8877
    0.0000    0.0000  -22.5000 2806.1968   11.8494
    7.5000    0.0000  -22.5000 2781.7251   11.9247
   -7.5000    7.5000  -22.5000 2808.9927   12.1412
    0.0000    7.5000  -22.5000 2807.0054   12.0837
    7.5000    7.5000  -22.5000 2781.6482   12.1624
   -7.5000   15.0000  -22.5000 2788.7395   12.5142
    0.0000   15.0000  -22.5000 2793.0398   12.4532
    7.5000   15.0000  -22.5000 2768.7280   12.5447
   -7.5000   22.5000  -22.5000 2749.5876   13.0151
    0.0000   22.5000  -22.5000 2759.5408   12.9961
    7.5000   22.5000  -22.5000 2736.5549   13.0946
   -7.5000   30.0000  -22.5000 2697.4385   13.7403
    0.0000   30.0000  -22.5000 2708.4373   13.7298
    7.5000   30.0000  -22.5000 2684.3489   13.8227
   -7.5000   37.5000  -22.5000 2646.1882   14.6625
    0.0000   37.5000  -22.5000 2652.8174   14.6562
    7.5000   37.5000  -22.5000 2628.2236   14.7477
   -7.5000   45.0000  -22.5000 2558.5972   15.8159
    0.0000   45.0000  -22.5000 2566.4348   15.8263
    7.5000   45.0000  -22.5000 2538.3774   15.9039
   -7.5000  -45.0000  -15.0000 2701.1116   14.0706
    0.0000  -45.0000  -15.0000 2709.3125   13.9655
    7.5000  -45.0000  -15.0000 2700.3167   13.9897
   -7.5000  -37.5000  -15.0000 2759.6191   13.1743
    0.0000  -37.5000  -15.0000 2765.0054   13.0441
    7.5000  -37.5000  -15.0000 2755.1921   13.1116
   -7.5000  -30.0000  -15.0000 2801.9534   12.4767
    0.0000  -30.0000  -15.0000 2807.1257   12.3582
    7.5000  -30.0000  -15.0000 2797.9758   12.4322
   -7.5000  -22.5000  -15.0000 2834.6819   11.9561
    0.0000  -22.5000  -15.0000 2837.2366   11.8568
    7.5000  -22.5000  -15.0000 2823.0374   11.9280
   -7.5000  -15.0000  -15.0000 2852.9097   11.6068
    0.0000  -15.0000  -15.0000 2849.0588   11.4927
    7.5000  -15.0000  -15.0000 2835.5781   11.6008
   -7.5000   -7.5000  -15.0000 2857.7949   11.3708
    0.0000   -7.5000  -15.0000 2850.9690   11.3048
    7.5000   -7.5000  -15.0000 2834.9539   11.4175
   -7.5000    0.0000  -15.0000 2866.3887   11.4336
    0.0000    0.0000  -15.0000 2854.7041   11.3634
    7.5000    0.0000  -15.0000 2840.1682   11.4773
   -7.5000    7.5000  -15.0000 2868.3501   11.6847
    0.0000    7.5000  -15.0000 2861.7070   11.6099
    7.5000    7.5000  -15.0000 2847.2334   11.7267
   -7.5000   15.0000  -15.0000 2848.3306   12.0561
    0.0000   15.0000  -15.0000 2845.3806   11.9971
    7.5000   15.0000  -15.0000 2834.3062   12.1156
   -7.5000   22.5000  -15.0000 2809.1167   12.5607
    0.0000   22.5000  -15.0000 2811.9783   12.5271
    7.5000   22.5000  -15.0000 2801.6545   12.6541
   -7.5000   30.0000  -15.0000 2756.4302   13.2924
    0.0000   30.0000  -15.0000 2760.0623   13.2523
    7.5000   30.0000  -15.0000 2746.1504   13.3783
   -7.5000   37.5000  -15.0000 2700.6538   14.2080
    0.0000   37.5000  -15.0000 2703.1821   14.1707
    7.5000   37.5000  -15.0000 2684.1194   14.3134
   -7.5000   45.0000  -15.0000 2611.0742   15.3316
    0.0000   45.0000  -15.0000 2614.2070   15.3028
    7.5000   45.0000  -15.0000 2587.3960   15.4095
   -7.5000  -45.0000   -7.5000 2704.5618   13.8412
    0.0000  -45.0000   -7.5000 2711.6096   13.7031
    7.5000  -45.0000   -7.5000 2705.4915   13.7415
   -7.5000  -37.5000   -7.5000 2769.8638   12.9246
    0.0000  -37.5000   -7.5000 2772.5869   12.7749
    7.5000  -37.5000   -7.5000 2765.5959   12.8433
   -7.5000  -30.0000   -7.5000 2820.0664   12.2083
    0.0000  -30.0000   -7.5000 2819.2544   12.0638
    7.5000  -30.0000   -7.5000 2817.0769   12.1444
   -7.5000  -22.5000   -7.5000 2864.0039   11.7080
    0.0000  -22.5000   -7.5000 2860.7307   11.5579
    7.5000  -22.5000   -7.5000 2855.4556   11.6533
   -7.5000  -15.0000   -7.5000 2884.0835   11.3621
    0.0000  -15.0000   -7.5000 2879.1587   11.2154
    7.5000  -15.0000   -7.5000 2870.4429   11.3424
   -7.5000   -7.5000   -7.5000 2890.1843   11.0512
    0.0000   -7.5000   -7.5000 2877.3828   10.9365
    7.5000   -7.5000   -7.5000 2867.6011   11.1003
   -7.5000    0.0000   -7.5000 2900.0591   11.0664
    0.0000    0.0000   -7.5000 2878.4202   10.9482
    7.5000    0.0000   -7.5000 2875.4165   11.1249
   -7.5000    7.5000   -7.5000 2897.8804   11.2970
    0.0000    7.5000   -7.5000 2889.4480   11.1970
    7.5000    7.5000   -7.5000 2886.1025   11.3727
   -7.5000   15.0000   -7.5000 2877.9934   11.6573
    0.0000   15.0000   -7.5000 2879.2930   11.5930
    7.5000   15.0000   -7.5000 2877.6196   11.7746
   -7.5000   22.5000   -7.5000 2841.6636   12.1804
    0.0000   22.5000   -7.5000 2845.3218   12.1352
    7.5000   22.5000   -7.5000 2844.5088   12.3215
   -7.5000   30.0000   -7.5000 2790.0549   12.8973
    0.0000   30.0000   -7.5000 2791.1367   12.8658
    7.5000   30.0000   -7.5000 2781.1584   13.0530
   -7.5000   37.5000   -7.5000 2728.9341   13.7908
    0.0000   37.5000   -7.5000 2731.9580   13.7632
    7.5000   37.5000   -7.5000 2715.7742   13.9437
   -7.5000   45.0000   -7.5000 2640.4497   14.8876
    0.0000   45.0000   -7.5000 2646.0449   14.8676
    7.5000   45.0000   -7.5000 2621.3970   15.0238
   -7.5000  -45.0000    0.0000 2696.5894   13.8389
    0.0000  -45.0000    0.0000 2696.2478   13.6580
    7.5000  -45.0000    0.0000 2689.0049   13.6738
   -7.5000  -37.5000    0.0000 2763.9587   12.9028
    0.0000  -37.5000    0.0000 2756.6272   12.7019
    7.5000  -37.5000    0.0000 2752.6072   12.7418
   -7.5000  -30.0000    0.0000 2821.3586   12.1816
    0.0000  -30.0000    0.0000 2807.8823   11.9746
    7.5000  -30.0000    0.0000 2808.2148   12.0225
   -7.5000  -22.5000    0.0000 2880.2437   11.7162
    0.0000  -22.5000    0.0000 2863.7449   11.5090
    7.5000  -22.5000    0.0000 2860.3547   11.5438
   -7.5000  -15.0000    0.0000 2922.3694   11.4078
    0.0000  -15.0000    0.0000 2908.3794   11.2345
    7.5000  -15.0000    0.0000 2894.3464   11.2742
   -7.5000   -7.5000    0.0000 2928.7502   11.0327
    0.0000   -7.5000    0.0000 2905.4648   10.8850
    7.5000   -7.5000    0.0000 2896.8328   11.0362
   -7.5000    0.0000    0.0000 2923.7500   10.9322
    0.0000    0.0000    0.0000 2890.0686   10.7753
    7.5000    0.0000    0.0000 2891.9434   10.9942
   -7.5000    7.5000    0.0000 2916.4631   11.1132
    0.0000    7.5000    0.0000 2904.2722   10.9839
    7.5000    7.5000    0.0000 2901.9873   11.1872
   -7.5000   15.0000    0.0000 2902.3115   11.4591
    0.0000   15.0000    0.0000 2900.7566   11.3816
    7.5000   15.0000    0.0000 2893.9944   11.5689
   -7.5000   22.5000    0.0000 2870.0442   12.0117
    0.0000   22.5000    0.0000 2866.4763   11.9570
    7.5000   22.5000    0.0000 2861.5847   12.1276
   -7.5000   30.0000    0.0000 2815.4419   12.7473
    0.0000   30.0000    0.0000 2808.8665   12.6971
    7.5000   30.0000    0.0000 2801.5544   12.8858
   -7.5000   37.5000    0.0000 2754.0159   13.6329
    0.0000   37.5000    0.0000 2748.4165   13.5821
    7.5000   37.5000    0.0000 2738.9211   13.7823
   -7.5000   45.0000    0.0000 2667.8611   14.7338
    0.0000   45.0000    0.0000 2663.9233   14.6615
    7.5000   45.0000    0.0000 2646.7339   14.8534
   -7.5000  -45.0000    7.5000 2683.3447   14.0020
    0.0000  -45.0000    7.5000 2675.0249   13.7980
    7.5000  -45.0000    7.5000 2673.6050   13.8091
   -7.5000  -37.5000    7.5000 2748.8271   13.0660
    0.0000  -37.5000    7.5000 2739.3096   12.8749
    7.5000  -37.5000    7.5000 2746.5596   12.8790
   -7.5000  -30.0000    7.5000 2819.9421   12.3896
    0.0000  -30.0000    7.5000 2804.4761   12.2050
    7.5000  -30.0000    7.5000 2809.2090   12.1617
   -7.5000  -22.5000    7.5000 2896.2554   11.9907
    0.0000  -22.5000    7.5000 2882.9731   11.8163
    7.5000  -22.5000    7.5000 2871.0706   11.6778
   -7.5000  -15.0000    7.5000 2966.0095   11.7213
    0.0000  -15.0000    7.5000 2959.3965   11.5886
    7.5000  -15.0000    7.5000 2916.2148   11.3733
   -7.5000   -7.5000    7.5000 2984.8687   11.3225
    0.0000   -7.5000    7.5000 2973.8438   11.2175
    7.5000   -7.5000    7.5000 2922.7219   11.0945
   -7.5000    0.0000    7.5000 2950.8420   11.0314
    0.0000    0.0000    7.5000 2923.5051   10.9364
    7.5000    0.0000    7.5000 2910.2778   11.0509
   -7.5000    7.5000    7.5000 2929.1758   11.0698
    0.0000    7.5000    7.5000 2916.3127   11.0046
    7.5000    7.5000    7.5000 2906.0859   11.1800
   -7.5000   15.0000    7.5000 2908.7080   11.3987
    0.0000   15.0000    7.5000 2906.7319   11.3482
    7.5000   15.0000    7.5000 2898.2146   11.5055
   -7.5000   22.5000    7.5000 2878.1982   11.9715
    0.0000   22.5000    7.5000 2873.0818   11.9238
    7.5000   22.5000    7.5000 2865.3748   12.0691
   -7.5000   30.0000    7.5000 2824.1672   12.7093
    0.0000   30.0000    7.5000 2819.6230   12.6742
    7.5000   30.0000    7.5000 2806.2756   12.8111
   -7.5000   37.5000    7.5000 2763.6216   13.6201
    0.0000   37.5000    7.5000 2763.9924   13.5992
    7.5000   37.5000    7.5000 2737.4067   13.7029
   -7.5000   45.0000    7.5000 2678.9170   14.7023
    0.0000   45.0000    7.5000 2678.3513   14.6865
    7.5000   45.0000    7.5000 2651.3008   14.7769
   -7.5000  -45.0000   15.0000 2667.6035   14.3252
    0.0000  -45.0000   15.0000 2664.5237   14.1898
    7.5000  -45.0000   15.0000 2669.1599   14.1250
   -7.5000  -37.5000   15.0000 2746.8779   13.4585
    0.0000  -37.5000   15.0000 2743.2610   13.3399
    7.5000  -37.5000   15.0000 2740.7507   13.2004
   -7.5000  -30.0000   15.0000 2828.7239   12.8143
    0.0000  -30.0000   15.0000 2823.9817   12.7027
    7.5000  -30.0000   15.0000 2804.2070   12.4915
   -7.5000  -22.5000   15.0000 2910.7051   12.3887
    0.0000  -22.5000   15.0000 2907.6104   12.2957
    7.5000  -22.5000   15.0000 2864.3586   11.9722
   -7.5000  -15.0000   15.0000 2983.8398   12.0244
    0.0000  -15.0000   15.0000 2978.6135   11.9745
    7.5000  -15.0000   15.0000 2905.4102   11.5946
   -7.5000   -7.5000   15.0000 2990.4329   11.5322
    0.0000   -7.5000   15.0000 2989.3286   11.5656
    7.5000   -7.5000   15.0000 2923.2422   11.3722
   -7.5000    0.0000   15.0000 2967.7661   11.3348
    0.0000    0.0000   15.0000 2961.2666   11.3657
    7.5000    0.0000   15.0000 2922.5657   11.3449
   -7.5000    7.5000   15.0000 2934.9912   11.3750
    0.0000    7.5000   15.0000 2937.5679   11.3736
    7.5000    7.5000   15.0000 2910.7371   11.4287
   -7.5000   15.0000   15.0000 2898.6572   11.6057
    0.0000   15.0000   15.0000 2902.2344   11.5756
    7.5000   15.0000   15.0000 2890.2471   11.6855
   -7.5000   22.5000   15.0000 2863.2534   12.0893
    0.0000   22.5000   15.0000 2861.1924   12.0387
    7.5000   22.5000   15.0000 2852.9829   12.1642
   -7.5000   30.0000   15.0000 2815.9788   12.7860
    0.0000   30.0000   15.0000 2810.6797   12.7447
    7.5000   30.0000   15.0000 2796.6599   12.8699
   -7.5000   37.5000   15.0000 2759.3779   13.6883
    0.0000   37.5000   15.0000 2756.2842   13.6582
    7.5000   37.5000   15.0000 2735.7949   13.7669
   -7.5000   45.0000   15.0000 2672.1250   14.7923
    0.0000   45.0000   15.0000 2665.8491   14.7493
    7.5000   45.0000   15.0000 2645.5986   14.8469
   -7.5000  -45.0000   22.5000 2666.7439   14.8530
    0.0000  -45.0000   22.5000 2675.0901   14.8004
    7.5000  -45.0000   22.5000 2662.6001   14.6673
   -7.5000  -37.5000   22.5000 2745.6135   13.9411
    0.0000  -37.5000   22.5000 2749.9131   13.8849
    7.5000  -37.5000   22.5000 2735.4819   13.7259
   -7.5000  -30.0000   22.5000 2821.2358   13.2099
    0.0000  -30.0000   22.5000 2824.2488   13.1627
    7.5000  -30.0000   22.5000 2799.4417   12.9528
   -7.5000  -22.5000   22.5000 2894.8396   12.6826
    0.0000  -22.5000   22.5000 2896.5686   12.6277
    7.5000  -22.5000   22.5000 2858.1179   12.3617
   -7.5000  -15.0000   22.5000 2943.8735   12.1558
    0.0000  -15.0000   22.5000 2945.4326   12.1381
    7.5000  -15.0000   22.5000 2897.4924   11.9387
   -7.5000   -7.5000   22.5000 2952.9624   11.6909
    0.0000   -7.5000   22.5000 2961.9185   11.7468
    7.5000   -7.5000   22.5000 2920.5845   11.7063
   -7.5000    0.0000   22.5000 2961.5854   11.6423
    0.0000    0.0000   22.5000 2958.3000   11.6649
    7.5000    0.0000   22.5000 2926.5955   11.6965
   -7.5000    7.5000   22.5000 2938.1316   11.7969
    0.0000    7.5000   22.5000 2937.9517   11.7808
    7.5000    7.5000   22.5000 2909.5059   11.8064
   -7.5000   15.0000   22.5000 2892.6306   12.0675
    0.0000   15.0000   22.5000 2892.6729   12.0484
    7.5000   15.0000   22.5000 2876.2136   12.0874
   -7.5000   22.5000   22.5000 2845.6802   12.4967
    0.0000   22.5000   22.5000 2847.6243   12.4684
    7.5000   22.5000   22.5000 2828.9536   12.5104
   -7.5000   30.0000   22.5000 2798.2175   13.0881
    0.0000   30.0000   22.5000 2794.5112   13.0696
    7.5000   30.0000   22.5000 2771.7480   13.1269
   -7.5000   37.5000   22.5000 2739.6646   13.9049
    0.0000   37.5000   22.5000 2738.9397   13.8774
    7.5000   37.5000   22.5000 2712.8967   13.9646
   -7.5000   45.0000   22.5000 2643.4121   14.9713
    0.0000   45.0000   22.5000 2644.0376   14.9326
    7.5000   45.0000   22.5000 2627.6860   15.0128
   -7.5000  -45.0000   30.0000 2650.4678   15.3449
    0.0000  -45.0000   30.0000 2661.5625   15.3432
    7.5000  -45.0000   30.0000 2653.1948   15.2990
   -7.5000  -37.5000   30.0000 2717.5303   14.3624
    0.0000  -37.5000   30.0000 2733.5613   14.3707
    7.5000  -37.5000   30.0000 2723.7405   14.2967
   -7.5000  -30.0000   30.0000 2790.8674   13.5819
    0.0000  -30.0000   30.0000 2805.8044   13.5841
    7.5000  -30.0000   30.0000 2786.7222   13.4786
   -7.5000  -22.5000   30.0000 2858.0339   12.9725
    0.0000  -22.5000   30.0000 2865.9976   12.9499
    7.5000  -22.5000   30.0000 2838.4988   12.8209
   -7.5000  -15.0000   30.0000 2894.5642   12.3650
    0.0000  -15.0000   30.0000 2903.8159   12.3959
    7.5000  -15.0000   30.0000 2874.1553   12.3825
   -7.5000   -7.5000   30.0000 2913.5088   11.9812
    0.0000   -7.5000   30.0000 2922.5422   12.0497
    7.5000   -7.5000   30.0000 2898.3110   12.1212
   -7.5000    0.0000   30.0000 2927.0032   12.0034
    0.0000    0.0000   30.0000 2929.3179   12.0201
    7.5000    0.0000   30.0000 2904.8745   12.0907
   -7.5000    7.5000   30.0000 2912.4006   12.2079
    0.0000    7.5000   30.0000 2910.3562   12.1734
    7.5000    7.5000   30.0000 2887.2668   12.2221
   -7.5000   15.0000   30.0000 2868.9568   12.5429
    0.0000   15.0000   30.0000 2869.1326   12.4916
    7.5000   15.0000   30.0000 2852.8701   12.5495
   -7.5000   22.5000   30.0000 2821.1846   12.9930
    0.0000   22.5000   30.0000 2825.1084   12.9561
    7.5000   22.5000   30.0000 2806.5493   13.0116
   -7.5000   30.0000   30.0000 2765.4473   13.5817
    0.0000   30.0000   30.0000 2767.4167   13.5409
    7.5000   30.0000   30.0000 2746.5581   13.5801
   -7.5000   37.5000   30.0000 2695.2837   14.3270
    0.0000   37.5000   30.0000 2699.5496   14.2839
    7.5000   37.5000   30.0000 2681.6304   14.3344
   -7.5000   45.0000   30.0000 2601.8643   15.3266
    0.0000   45.0000   30.0000 2608.5164   15.2834
    7.5000   45.0000   30.0000 2590.7712   15.3211
   -7.5000  -45.0000   37.5000 2620.2576   15.8440
    0.0000  -45.0000   37.5000 2639.9697   15.9254
    7.5000  -45.0000   37.5000 2641.4912   16.0074
   -7.5000  -37.5000   37.5000 2686.8901   14.8334
    0.0000  -37.5000   37.5000 2707.5217   14.9024
    7.5000  -37.5000   37.5000 2703.3679   14.9477
   -7.5000  -30.0000   37.5000 2755.3818   14.0123
    0.0000  -30.0000   37.5000 2773.3982   14.0339
    7.5000  -30.0000   37.5000 2766.6040   14.0725
   -7.5000  -22.5000   37.5000 2813.3499   13.3150
    0.0000  -22.5000   37.5000 2827.4480   13.3277
    7.5000  -22.5000   37.5000 2813.8708   13.3822
   -7.5000  -15.0000   37.5000 2849.4695   12.7631
    0.0000  -15.0000   37.5000 2860.0706   12.7955
    7.5000  -15.0000   37.5000 2839.4695   12.9040
   -7.5000   -7.5000   37.5000 2870.8481   12.4565
    0.0000   -7.5000   37.5000 2879.7747   12.5050
    7.5000   -7.5000   37.5000 2861.5815   12.6329
   -7.5000    0.0000   37.5000 2882.3015   12.4980
    0.0000    0.0000   37.5000 2886.5608   12.5071
    7.5000    0.0000   37.5000 2863.6689   12.6106
   -7.5000    7.5000   37.5000 2871.1262   12.7071
    0.0000    7.5000   37.5000 2869.6543   12.6726
    7.5000    7.5000   37.5000 2850.4451   12.7498
   -7.5000   15.0000   37.5000 2833.5461   13.0494
    0.0000   15.0000   37.5000 2832.8850   13.0014
    7.5000   15.0000   37.5000 2820.3174   13.0840
   -7.5000   22.5000   37.5000 2790.1331   13.5153
    0.0000   22.5000   37.5000 2790.1479   13.4727
    7.5000   22.5000   37.5000 2772.8982   13.5530
   -7.5000   30.0000   37.5000 2731.2141   14.1329
    0.0000   30.0000   37.5000 2732.9888   14.0989
    7.5000   30.0000   37.5000 2716.5476   14.1560
   -7.5000   37.5000   37.5000 2653.8430   14.8861
    0.0000   37.5000   37.5000 2656.7415   14.8599
    7.5000   37.5000   37.5000 2639.7515   14.8976
   -7.5000   45.0000   37.5000 2566.4980   15.8223
    0.0000   45.0000   37.5000 2567.0750   15.7912
    7.5000   45.0000   37.5000 2549.6316   15.8506
   -7.5000  -45.0000   45.0000 2586.7598   16.4721
    0.0000  -45.0000   45.0000 2615.2612   16.5962
    7.5000  -45.0000   45.0000 2617.1416   16.7632
   -7.5000  -37.5000   45.0000 2649.2207   15.3885
    0.0000  -37.5000   45.0000 2672.2363   15.4724
    7.5000  -37.5000   45.0000 2674.7471   15.6500
   -7.5000  -30.0000   45.0000 2710.2004   14.5138
    0.0000  -30.0000   45.0000 2730.9626   14.5803
    7.5000  -30.0000   45.0000 2732.2119   14.7454
   -7.5000  -22.5000   45.0000 2763.6638   13.8206
    0.0000  -22.5000   45.0000 2778.0024   13.8824
    7.5000  -22.5000   45.0000 2773.2163   14.0471
   -7.5000  -15.0000   45.0000 2799.1868   13.3243
    0.0000  -15.0000   45.0000 2812.1428   13.3881
    7.5000  -15.0000   45.0000 2798.5811   13.5589
   -7.5000   -7.5000   45.0000 2821.9519   13.0738
    0.0000   -7.5000   45.0000 2829.7815   13.1309
    7.5000   -7.5000   45.0000 2818.6106   13.2932
   -7.5000    0.0000   45.0000 2829.7014   13.0993
    0.0000    0.0000   45.0000 2836.1577   13.1143
    7.5000    0.0000   45.0000 2819.9421   13.2680
   -7.5000    7.5000   45.0000 2823.6909   13.3134
    0.0000    7.5000   45.0000 2822.7173   13.2927
    7.5000    7.5000   45.0000 2807.9199   13.4044
   -7.5000   15.0000   45.0000 2793.3250   13.6625
    0.0000   15.0000   45.0000 2792.4919   13.6160
    7.5000   15.0000   45.0000 2774.9875   13.7098
   -7.5000   22.5000   45.0000 2746.4451   14.1117
    0.0000   22.5000   45.0000 2747.5942   14.0860
    7.5000   22.5000   45.0000 2729.7830   14.1876
   -7.5000   30.0000   45.0000 2684.5552   14.7238
    0.0000   30.0000   45.0000 2684.7839   14.7096
    7.5000   30.0000   45.0000 2667.6128   14.7984
   -7.5000   37.5000   45.0000 2606.4609   15.5320
    0.0000   37.5000   45.0000 2608.7566   15.5206
    7.5000   37.5000   45.0000 2595.8391   15.5791
   -7.5000   45.0000   45.0000 2529.6028   16.4926
    0.0000   45.0000   45.0000 2531.6204   16.4845
    7.5000   45.0000   45.0000 2513.1208   16.5289

---------------------------------------------------------------------
imgreg_4dfp /opt/freesurfer/average/711-2C_as_mni_average_305 /opt/freesurfer/average/711-2B_as_mni_average_305_mask talsrcimg_g11 none talsrcimg_to_711-2C_as_mni_average_305_t4 1283
---------------------------------------------------------------------

freesurfer imgreg_4dfp.c
/opt/freesurfer/average/711-2C_as_mni_average_305.4dfp.img
       256       256       256         1
  1.000000  1.000000  1.000000
orientation T byte_order littleendian
Reading image: /opt/freesurfer/average/711-2C_as_mni_average_305.4dfp.img
dimensions:      256       256       256
mmppix:       1.0000   -1.0000   -1.0000
center:     128.0000 -129.0000 -129.0000
/opt/freesurfer/average/711-2B_as_mni_average_305_mask.4dfp.img
       256       256       256         1
  1.000000  1.000000  1.000000
orientation T byte_order littleendian
Reading mask: /opt/freesurfer/average/711-2B_as_mni_average_305_mask.4dfp.img (2306576 pixels)
talsrcimg_g11.4dfp.img
       256       256       256         1
  1.000000  1.000000  1.000000
orientation T byte_order littleendian
Reading image: talsrcimg_g11.4dfp.img
dimensions:      256       256       256
mmppix:       1.0000   -1.0000   -1.0000
center:     128.0000 -129.0000 -129.0000
rotation matrix determinant  1.000000
fimgreg.f
image alignment mode   1283 decimal      503 hex
parameters
   -7.5000   -7.5000   15.0000    0.0000    0.0000    0.0000
eta,q 0.93933 11.62117
niter,ni,del,rscale     5    3   12.0000    1.2000
parameter  1 -1.319630 -> -0.500000 qaram    1.1500
parameter  2  0.827341 ->  0.500000 qaram    1.1500
parameter  5 -0.663557 -> -0.500000 qaram    1.1500
parameters
   -4.0500  -10.9500   12.1245   -0.1523    3.4500   -1.6232
eta,q 0.95709 11.69663
  0.0797  0.0530  0.0520  0.0529  0.0633  0.0461
  0.0750  0.0504  0.0474  0.0501  0.0572  0.0438
  0.0706  0.0510  0.0471  0.0475  0.0514  0.0429
  0.0653  0.0552  0.0503  0.0467  0.0467  0.0434
  0.0583  0.0599  0.0555  0.0480  0.0440  0.0451
  0.0548  0.0639  0.0607  0.0509  0.0435  0.0480
  0.0587  0.0671  0.0655  0.0532  0.0449  0.0515
niter,ni,del,rscale     7    3   12.0000    1.2000
parameters
   -4.8213  -10.0799   12.3348   -0.7487    4.4135   -2.0382
eta,q 0.95760 11.70477
  0.0642  0.0645  0.0597  0.0481  0.0569  0.0471
  0.0539  0.0554  0.0508  0.0453  0.0504  0.0444
  0.0445  0.0468  0.0443  0.0431  0.0452  0.0427
  0.0429  0.0424  0.0427  0.0428  0.0426  0.0425
  0.0497  0.0448  0.0451  0.0444  0.0430  0.0433
  0.0627  0.0498  0.0504  0.0473  0.0459  0.0453
  0.0743  0.0557  0.0564  0.0500  0.0509  0.0487
niter,ni,del,rscale     6    3   12.0000    1.2000
parameters
   -5.2827   -9.7542   12.2052   -1.2628    5.1414   -2.3261
eta,q 0.95798 11.71144
  0.0655  0.0613  0.0576  0.0474  0.0553  0.0469
  0.0556  0.0522  0.0489  0.0449  0.0492  0.0442
  0.0454  0.0445  0.0433  0.0427  0.0446  0.0424
  0.0424  0.0423  0.0424  0.0424  0.0423  0.0421
  0.0479  0.0455  0.0457  0.0437  0.0426  0.0430
  0.0602  0.0509  0.0511  0.0464  0.0461  0.0448
  0.0723  0.0570  0.0573  0.0492  0.0510  0.0479
niter,ni,del,rscale     5    3   12.0000    1.2000
parameters
   -5.5895   -9.4613   12.0254   -1.7984    5.6563   -2.5108
eta,q 0.95833 11.70900
  0.0663  0.0606  0.0571  0.0468  0.0543  0.0467
  0.0559  0.0516  0.0485  0.0444  0.0486  0.0441
  0.0455  0.0441  0.0428  0.0421  0.0442  0.0422
  0.0420  0.0419  0.0421  0.0419  0.0418  0.0417
  0.0472  0.0449  0.0455  0.0433  0.0425  0.0426
  0.0588  0.0506  0.0510  0.0459  0.0464  0.0444
  0.0708  0.0567  0.0573  0.0486  0.0514  0.0474
niter,ni,del,rscale     4    3   12.0000    1.2000
parameters
   -5.7952   -9.1785   11.8610   -2.3436    6.0172   -2.6738
eta,q 0.95869 11.70433
  0.0668  0.0601  0.0569  0.0465  0.0538  0.0464
  0.0559  0.0515  0.0483  0.0442  0.0483  0.0439
  0.0455  0.0441  0.0426  0.0417  0.0439  0.0420
  0.0417  0.0416  0.0417  0.0416  0.0414  0.0413
  0.0468  0.0445  0.0452  0.0430  0.0425  0.0422
  0.0580  0.0505  0.0507  0.0456  0.0465  0.0441
  0.0698  0.0565  0.0569  0.0483  0.0519  0.0471
niter,ni,del,rscale     3    3   12.0000    1.2000
parameters
   -5.9295   -8.9092   11.7192   -2.8761    6.2442   -2.8352
eta,q 0.95896 11.70055
  0.0672  0.0596  0.0566  0.0463  0.0536  0.0461
  0.0560  0.0514  0.0481  0.0441  0.0481  0.0437
  0.0454  0.0442  0.0424  0.0415  0.0435  0.0419
  0.0413  0.0413  0.0413  0.0412  0.0411  0.0410
  0.0463  0.0442  0.0447  0.0428  0.0424  0.0418
  0.0574  0.0503  0.0503  0.0454  0.0467  0.0439
  0.0691  0.0564  0.0565  0.0482  0.0525  0.0469
niter,ni,del,rscale     2    3   12.0000    1.2000
parameters
   -6.0060   -8.6680   11.5910   -3.3604    6.3932   -2.9526
eta,q 0.95916 11.69569
  0.0674  0.0591  0.0564  0.0462  0.0535  0.0460
  0.0561  0.0515  0.0479  0.0440  0.0479  0.0434
  0.0453  0.0443  0.0423  0.0415  0.0432  0.0417
  0.0410  0.0410  0.0411  0.0410  0.0409  0.0408
  0.0458  0.0439  0.0443  0.0425  0.0423  0.0415
  0.0568  0.0503  0.0500  0.0452  0.0467  0.0436
  0.0686  0.0565  0.0563  0.0480  0.0530  0.0466
niter,ni,del,rscale     1    3   12.0000    1.2000
parameters
   -6.0448   -8.4648   11.4759   -3.7615    6.4856   -3.0399
eta,q 0.95932 11.69070
  0.0676  0.0588  0.0562  0.0462  0.0534  0.0459
  0.0561  0.0515  0.0478  0.0441  0.0478  0.0432
  0.0452  0.0444  0.0422  0.0416  0.0431  0.0415
  0.0408  0.0408  0.0408  0.0408  0.0407  0.0407
  0.0454  0.0437  0.0440  0.0423  0.0422  0.0413
  0.0563  0.0505  0.0497  0.0450  0.0468  0.0433
  0.0682  0.0568  0.0561  0.0479  0.0534  0.0464
registration optimization eta report
parameter search radius
    6.9000    6.9000    6.0000    6.0000    6.9000    6.0000
100000*second partial in parameter space
       55.       34.       42.       17.       26.       15.
  0.0676  0.0588  0.0562  0.0462  0.0534  0.0459
  0.0561  0.0515  0.0478  0.0441  0.0478  0.0432
  0.0452  0.0444  0.0422  0.0416  0.0431  0.0415
  0.0408  0.0408  0.0408  0.0408  0.0407  0.0407
  0.0454  0.0437  0.0440  0.0423  0.0422  0.0413
  0.0563  0.0505  0.0497  0.0450  0.0468  0.0433
  0.0682  0.0568  0.0561  0.0479  0.0534  0.0464
   -6.0448   -8.4648   11.4759   -3.7615    6.4856   -3.0399
eta,q 0.95932 11.69070

---------------------------------------------------------------------
imgreg_4dfp /opt/freesurfer/average/711-2C_as_mni_average_305 /opt/freesurfer/average/711-2B_as_mni_average_305_mask talsrcimg_g11 none talsrcimg_to_711-2C_as_mni_average_305_t4 3335
---------------------------------------------------------------------

freesurfer imgreg_4dfp.c
/opt/freesurfer/average/711-2C_as_mni_average_305.4dfp.img
       256       256       256         1
  1.000000  1.000000  1.000000
orientation T byte_order littleendian
Reading image: /opt/freesurfer/average/711-2C_as_mni_average_305.4dfp.img
dimensions:      256       256       256
mmppix:       1.0000   -1.0000   -1.0000
center:     128.0000 -129.0000 -129.0000
/opt/freesurfer/average/711-2B_as_mni_average_305_mask.4dfp.img
       256       256       256         1
  1.000000  1.000000  1.000000
orientation T byte_order littleendian
Reading mask: /opt/freesurfer/average/711-2B_as_mni_average_305_mask.4dfp.img (2306576 pixels)
talsrcimg_g11.4dfp.img
       256       256       256         1
  1.000000  1.000000  1.000000
orientation T byte_order littleendian
Reading image: talsrcimg_g11.4dfp.img
dimensions:      256       256       256
mmppix:       1.0000   -1.0000   -1.0000
center:     128.0000 -129.0000 -129.0000
fimgreg.f
image alignment mode   3335 decimal      D07 hex
parameters
   -6.0448   -8.4648   11.4759   -0.7798   -0.3951   -0.8540
    6.0316  -10.9073   -5.2691    7.1489   11.2954   -6.5184
eta,q 0.95881 11.77941
niter,ni,del,rscale     5    3    5.0000    1.2000
parameter  4  1.206050 ->  0.500000 qaram    1.1500
parameter  5  1.759387 ->  0.500000 qaram    1.1500
parameter  6  0.512810 ->  0.500000 qaram    1.1500
parameters
   -6.0938   -8.6021   11.1159   -4.9198   -4.5351   -4.9940
    4.3448   -9.8434   -4.3367    3.7265   11.6572   -5.3135
eta,q 0.97599 11.88960
  0.0463  0.0433  0.0432  0.0317  0.0233  0.0260  0.0271  0.0344  0.0277  0.0249  0.0259  0.0257
  0.0434  0.0420  0.0418  0.0325  0.0254  0.0253  0.0256  0.0293  0.0262  0.0242  0.0250  0.0250
  0.0417  0.0413  0.0411  0.0354  0.0286  0.0250  0.0250  0.0261  0.0253  0.0242  0.0244  0.0244
  0.0412  0.0412  0.0412  0.0411  0.0331  0.0262  0.0252  0.0249  0.0249  0.0249  0.0241  0.0241
  0.0419  0.0416  0.0418  0.0489  0.0386  0.0304  0.0261  0.0252  0.0249  0.0260  0.0242  0.0240
  0.0438  0.0425  0.0430  0.0575  0.0447  0.0374  0.0279  0.0268  0.0255  0.0277  0.0247  0.0243
  0.0466  0.0437  0.0447  0.0654  0.0509  0.0453  0.0303  0.0298  0.0265  0.0303  0.0257  0.0250
niter,ni,del,rscale     7    3    5.0000    1.2000
parameter  2 -0.563010 -> -0.500000 qaram    1.1500
parameter  3  1.047646 ->  0.500000 qaram    1.1500
parameter  5  0.634478 ->  0.500000 qaram    1.3225
parameters
   -5.5723   -7.2221    9.7359   -7.8606   -9.2961   -5.4941
    3.8659   -9.9998   -4.8574    5.7509   13.7378   -7.0003
eta,q 0.98123 11.73540
  0.0295  0.0297  0.0211  0.0236  0.0194  0.0234  0.0216  0.0241  0.0210  0.0236  0.0203  0.0194
  0.0269  0.0273  0.0213  0.0224  0.0190  0.0217  0.0203  0.0208  0.0200  0.0217  0.0197  0.0190
  0.0250  0.0253  0.0219  0.0214  0.0196  0.0203  0.0195  0.0194  0.0194  0.0202  0.0193  0.0188
  0.0240  0.0238  0.0228  0.0214  0.0214  0.0191  0.0193  0.0193  0.0193  0.0192  0.0190  0.0188
  0.0239  0.0230  0.0242  0.0241  0.0254  0.0185  0.0197  0.0199  0.0196  0.0190  0.0188  0.0191
  0.0246  0.0229  0.0258  0.0301  0.0315  0.0209  0.0207  0.0215  0.0204  0.0194  0.0189  0.0197
  0.0262  0.0236  0.0278  0.0386  0.0386  0.0270  0.0223  0.0242  0.0216  0.0206  0.0194  0.0205
niter,ni,del,rscale     7    3    5.0000    1.2000
parameters
   -5.1821   -6.0355    8.4441   -8.3551  -11.4107   -6.1803
    4.1639  -10.1311   -5.0081    7.2716   14.1602   -9.6384
eta,q 0.98237 11.65001
  0.0227  0.0252  0.0181  0.0220  0.0213  0.0224  0.0209  0.0232  0.0199  0.0220  0.0188  0.0181
  0.0208  0.0224  0.0175  0.0203  0.0192  0.0206  0.0194  0.0198  0.0189  0.0202  0.0183  0.0177
  0.0195  0.0202  0.0175  0.0187  0.0179  0.0191  0.0184  0.0183  0.0182  0.0188  0.0180  0.0176
  0.0188  0.0187  0.0179  0.0175  0.0177  0.0177  0.0180  0.0180  0.0180  0.0180  0.0178  0.0178
  0.0187  0.0180  0.0188  0.0172  0.0189  0.0174  0.0182  0.0187  0.0183  0.0179  0.0178  0.0182
  0.0194  0.0182  0.0200  0.0197  0.0227  0.0203  0.0191  0.0203  0.0190  0.0184  0.0181  0.0188
  0.0208  0.0193  0.0216  0.0252  0.0295  0.0268  0.0205  0.0233  0.0201  0.0197  0.0187  0.0196
niter,ni,del,rscale     6    3    5.0000    1.2000
parameters
   -5.0854   -5.6483    8.2739   -7.9978  -11.7901   -6.3290
    4.2643  -10.1116   -4.9861    8.0594   14.1637  -10.0531
eta,q 0.98253 11.65024
  0.0210  0.0223  0.0193  0.0224  0.0227  0.0226  0.0204  0.0234  0.0196  0.0210  0.0185  0.0186
  0.0192  0.0200  0.0182  0.0206  0.0203  0.0206  0.0189  0.0197  0.0185  0.0193  0.0180  0.0179
  0.0181  0.0184  0.0176  0.0190  0.0184  0.0190  0.0179  0.0179  0.0178  0.0181  0.0177  0.0175
  0.0176  0.0176  0.0176  0.0175  0.0174  0.0174  0.0175  0.0175  0.0175  0.0175  0.0175  0.0175
  0.0179  0.0177  0.0179  0.0169  0.0177  0.0167  0.0178  0.0182  0.0178  0.0176  0.0175  0.0177
  0.0188  0.0187  0.0186  0.0185  0.0197  0.0191  0.0188  0.0199  0.0185  0.0184  0.0179  0.0181
  0.0205  0.0202  0.0197  0.0231  0.0248  0.0252  0.0203  0.0230  0.0196  0.0198  0.0187  0.0188
niter,ni,del,rscale     5    3    5.0000    1.2000
parameters
   -5.0930   -5.5249    8.1962   -7.9219  -11.8505   -6.3935
    4.3009  -10.1091   -4.9952    8.2701   14.1418  -10.1794
eta,q 0.98252 11.64981
  0.0207  0.0214  0.0194  0.0223  0.0229  0.0227  0.0204  0.0234  0.0195  0.0205  0.0186  0.0187
  0.0189  0.0193  0.0182  0.0205  0.0205  0.0207  0.0189  0.0197  0.0184  0.0189  0.0180  0.0180
  0.0179  0.0179  0.0176  0.0189  0.0185  0.0190  0.0179  0.0179  0.0177  0.0179  0.0177  0.0176
  0.0175  0.0175  0.0175  0.0175  0.0174  0.0175  0.0175  0.0175  0.0175  0.0175  0.0175  0.0175
  0.0178  0.0178  0.0178  0.0170  0.0176  0.0166  0.0178  0.0181  0.0177  0.0178  0.0175  0.0177
  0.0189  0.0190  0.0184  0.0189  0.0194  0.0189  0.0188  0.0199  0.0184  0.0187  0.0179  0.0181
  0.0208  0.0207  0.0195  0.0237  0.0242  0.0250  0.0204  0.0231  0.0195  0.0202  0.0187  0.0187
niter,ni,del,rscale     4    3    5.0000    1.2000
parameters
   -5.0909   -5.4870    8.1675   -7.9043  -11.8671   -6.4197
    4.3063  -10.0977   -5.0000    8.3367   14.1355  -10.2165
eta,q 0.98251 11.64931
  0.0207  0.0212  0.0194  0.0223  0.0230  0.0228  0.0204  0.0234  0.0195  0.0204  0.0186  0.0187
  0.0190  0.0191  0.0182  0.0205  0.0206  0.0207  0.0188  0.0197  0.0184  0.0189  0.0181  0.0180
  0.0179  0.0179  0.0176  0.0189  0.0186  0.0190  0.0179  0.0179  0.0177  0.0179  0.0177  0.0176
  0.0175  0.0175  0.0175  0.0175  0.0175  0.0175  0.0175  0.0175  0.0175  0.0175  0.0175  0.0175
  0.0178  0.0179  0.0177  0.0170  0.0176  0.0166  0.0178  0.0182  0.0177  0.0178  0.0175  0.0177
  0.0189  0.0191  0.0184  0.0190  0.0194  0.0189  0.0188  0.0199  0.0184  0.0187  0.0179  0.0181
  0.0208  0.0209  0.0194  0.0239  0.0241  0.0250  0.0204  0.0231  0.0195  0.0203  0.0187  0.0187
niter,ni,del,rscale     3    3    5.0000    1.2000
parameters
   -5.0887   -5.4754    8.1577   -7.8954  -11.8745   -6.4296
    4.3114  -10.0925   -5.0007    8.3540   14.1394  -10.2302
eta,q 0.98251 11.64909
  0.0208  0.0211  0.0195  0.0223  0.0230  0.0228  0.0204  0.0234  0.0195  0.0204  0.0186  0.0187
  0.0190  0.0191  0.0183  0.0205  0.0206  0.0208  0.0189  0.0197  0.0184  0.0188  0.0181  0.0180
  0.0179  0.0179  0.0176  0.0189  0.0186  0.0190  0.0179  0.0179  0.0177  0.0178  0.0177  0.0176
  0.0175  0.0175  0.0175  0.0175  0.0175  0.0175  0.0175  0.0175  0.0175  0.0175  0.0175  0.0175
  0.0178  0.0180  0.0177  0.0170  0.0176  0.0166  0.0178  0.0182  0.0177  0.0178  0.0175  0.0177
  0.0189  0.0191  0.0184  0.0190  0.0194  0.0189  0.0188  0.0200  0.0184  0.0188  0.0179  0.0181
  0.0208  0.0209  0.0194  0.0239  0.0241  0.0249  0.0204  0.0231  0.0195  0.0204  0.0187  0.0187
registration optimization eta report
parameter search radius
    2.4000    2.7600    2.7600    8.2800    9.5220    8.2800
    7.2000    7.2000    7.2000    7.2000    7.2000    7.2000
100000*second partial in parameter space
       57.       46.       26.        8.        7.       10.
        6.       11.        4.        6.        2.        2.
  0.0208  0.0211  0.0195  0.0223  0.0230  0.0228  0.0204  0.0234  0.0195  0.0204  0.0186  0.0187
  0.0190  0.0191  0.0183  0.0205  0.0206  0.0208  0.0189  0.0197  0.0184  0.0188  0.0181  0.0180
  0.0179  0.0179  0.0176  0.0189  0.0186  0.0190  0.0179  0.0179  0.0177  0.0178  0.0177  0.0176
  0.0175  0.0175  0.0175  0.0175  0.0175  0.0175  0.0175  0.0175  0.0175  0.0175  0.0175  0.0175
  0.0178  0.0180  0.0177  0.0170  0.0176  0.0166  0.0178  0.0182  0.0177  0.0178  0.0175  0.0177
  0.0189  0.0191  0.0184  0.0190  0.0194  0.0189  0.0188  0.0200  0.0184  0.0188  0.0179  0.0181
  0.0208  0.0209  0.0194  0.0239  0.0241  0.0249  0.0204  0.0231  0.0195  0.0204  0.0187  0.0187
   -5.0887   -5.4754    8.1577   -7.8954  -11.8745   -6.4296
    4.3114  -10.0925   -5.0007    8.3540   14.1394  -10.2302
eta,q 0.98251 11.64909

---------------------------------------------------------------------
imgreg_4dfp /opt/freesurfer/average/711-2C_as_mni_average_305 /opt/freesurfer/average/711-2B_as_mni_average_305_mask talsrcimg_g11 none talsrcimg_to_711-2C_as_mni_average_305_t4 2311
---------------------------------------------------------------------

freesurfer imgreg_4dfp.c
/opt/freesurfer/average/711-2C_as_mni_average_305.4dfp.img
       256       256       256         1
  1.000000  1.000000  1.000000
orientation T byte_order littleendian
Reading image: /opt/freesurfer/average/711-2C_as_mni_average_305.4dfp.img
dimensions:      256       256       256
mmppix:       1.0000   -1.0000   -1.0000
center:     128.0000 -129.0000 -129.0000
/opt/freesurfer/average/711-2B_as_mni_average_305_mask.4dfp.img
       256       256       256         1
  1.000000  1.000000  1.000000
orientation T byte_order littleendian
Reading mask: /opt/freesurfer/average/711-2B_as_mni_average_305_mask.4dfp.img (2306576 pixels)
talsrcimg_g11.4dfp.img
       256       256       256         1
  1.000000  1.000000  1.000000
orientation T byte_order littleendian
Reading image: talsrcimg_g11.4dfp.img
dimensions:      256       256       256
mmppix:       1.0000   -1.0000   -1.0000
center:     128.0000 -129.0000 -129.0000
fimgreg.f
image alignment mode   2311 decimal      907 hex
parameters
   -5.0887   -5.4754    8.1577   -7.8954  -11.8744   -6.4296
    4.3114  -10.0925   -5.0007    8.3540   14.1394  -10.2302
eta,q 0.98251 11.64909
niter,ni,del,rscale     5    3    5.0000    0.8000
parameters
   -5.0627   -5.5253    8.0591   -6.2681  -11.0534   -5.4573
    4.0156  -10.1821   -4.9280    8.7787   13.7148   -9.9098
eta,q 0.98350 11.72589
  0.0190  0.0187  0.0180  0.0201  0.0189  0.0197  0.0179  0.0203  0.0176  0.0184  0.0173  0.0173
  0.0182  0.0180  0.0177  0.0191  0.0180  0.0187  0.0171  0.0181  0.0170  0.0174  0.0169  0.0169
  0.0177  0.0176  0.0175  0.0183  0.0174  0.0178  0.0166  0.0168  0.0167  0.0168  0.0166  0.0166
  0.0175  0.0175  0.0175  0.0175  0.0170  0.0169  0.0165  0.0165  0.0165  0.0165  0.0165  0.0165
  0.0176  0.0177  0.0176  0.0170  0.0170  0.0164  0.0168  0.0171  0.0166  0.0166  0.0166  0.0166
  0.0181  0.0181  0.0178  0.0172  0.0173  0.0168  0.0174  0.0184  0.0170  0.0170  0.0170  0.0167
  0.0189  0.0188  0.0182  0.0182  0.0180  0.0186  0.0183  0.0205  0.0176  0.0178  0.0177  0.0171
niter,ni,del,rscale     4    3    5.0000    0.7000
parameters
   -5.1734   -5.6361    8.3972   -6.5188  -11.0581   -4.8339
    4.0606  -10.2855   -4.8662    8.5420   13.5996   -9.8124
eta,q 0.98376 11.73501
  0.0178  0.0174  0.0176  0.0182  0.0177  0.0189  0.0175  0.0191  0.0171  0.0174  0.0169  0.0168
  0.0170  0.0168  0.0170  0.0175  0.0171  0.0180  0.0168  0.0174  0.0166  0.0167  0.0166  0.0165
  0.0166  0.0165  0.0167  0.0168  0.0167  0.0172  0.0164  0.0165  0.0163  0.0164  0.0163  0.0163
  0.0165  0.0165  0.0165  0.0165  0.0165  0.0165  0.0162  0.0163  0.0162  0.0162  0.0162  0.0162
  0.0167  0.0167  0.0165  0.0166  0.0166  0.0161  0.0164  0.0167  0.0163  0.0164  0.0163  0.0163
  0.0173  0.0171  0.0166  0.0175  0.0170  0.0166  0.0168  0.0177  0.0166  0.0169  0.0166  0.0165
  0.0183  0.0177  0.0168  0.0192  0.0178  0.0182  0.0175  0.0193  0.0171  0.0177  0.0171  0.0167
niter,ni,del,rscale     3    3    5.0000    0.6000
parameters
   -5.2152   -5.7046    8.5477   -6.4948  -11.0912   -4.5265
    4.0273  -10.3465   -4.8422    8.4646   13.5704   -9.7378
eta,q 0.98387 11.74096
  0.0173  0.0169  0.0170  0.0177  0.0171  0.0182  0.0170  0.0184  0.0168  0.0171  0.0167  0.0165
  0.0167  0.0165  0.0166  0.0171  0.0166  0.0175  0.0165  0.0170  0.0164  0.0166  0.0164  0.0163
  0.0163  0.0163  0.0163  0.0166  0.0163  0.0168  0.0162  0.0163  0.0162  0.0162  0.0162  0.0162
  0.0162  0.0162  0.0162  0.0162  0.0162  0.0162  0.0161  0.0161  0.0161  0.0161  0.0161  0.0161
  0.0164  0.0164  0.0163  0.0163  0.0163  0.0161  0.0162  0.0164  0.0162  0.0162  0.0162  0.0162
  0.0168  0.0166  0.0164  0.0168  0.0166  0.0166  0.0165  0.0172  0.0164  0.0166  0.0164  0.0163
  0.0174  0.0171  0.0167  0.0180  0.0172  0.0180  0.0171  0.0184  0.0168  0.0172  0.0167  0.0165
niter,ni,del,rscale     2    3    5.0000    0.5000
parameters
   -5.2394   -5.7366    8.6476   -6.3932  -11.1389   -4.2787
    3.9941  -10.3947   -4.8495    8.4356   13.5496   -9.6901
eta,q 0.98395 11.74575
  0.0169  0.0166  0.0166  0.0173  0.0167  0.0176  0.0167  0.0177  0.0165  0.0168  0.0165  0.0163
  0.0165  0.0163  0.0164  0.0168  0.0164  0.0171  0.0163  0.0167  0.0162  0.0164  0.0162  0.0162
  0.0162  0.0162  0.0162  0.0164  0.0162  0.0165  0.0161  0.0162  0.0161  0.0161  0.0161  0.0161
  0.0161  0.0161  0.0161  0.0161  0.0161  0.0161  0.0161  0.0161  0.0160  0.0160  0.0161  0.0160
  0.0162  0.0162  0.0162  0.0161  0.0162  0.0160  0.0161  0.0163  0.0161  0.0161  0.0161  0.0161
  0.0165  0.0164  0.0163  0.0165  0.0164  0.0165  0.0164  0.0168  0.0163  0.0164  0.0162  0.0162
  0.0169  0.0167  0.0165  0.0173  0.0168  0.0175  0.0167  0.0177  0.0165  0.0168  0.0165  0.0163
niter,ni,del,rscale     1    3    5.0000    0.4000
parameters
   -5.2607   -5.7613    8.7340   -6.3046  -11.1896   -4.0716
    3.9756  -10.4362   -4.8542    8.4138   13.5363   -9.6494
eta,q 0.98400 11.74937
  0.0165  0.0164  0.0164  0.0168  0.0164  0.0172  0.0164  0.0171  0.0163  0.0165  0.0163  0.0162
  0.0163  0.0162  0.0162  0.0165  0.0162  0.0167  0.0162  0.0164  0.0161  0.0162  0.0161  0.0161
  0.0161  0.0161  0.0161  0.0162  0.0161  0.0163  0.0160  0.0161  0.0160  0.0161  0.0160  0.0160
  0.0160  0.0161  0.0160  0.0160  0.0160  0.0160  0.0160  0.0160  0.0160  0.0160  0.0160  0.0160
  0.0161  0.0161  0.0161  0.0161  0.0161  0.0160  0.0160  0.0161  0.0160  0.0161  0.0160  0.0160
  0.0163  0.0162  0.0161  0.0163  0.0162  0.0163  0.0162  0.0165  0.0161  0.0162  0.0161  0.0161
  0.0166  0.0164  0.0163  0.0168  0.0165  0.0170  0.0164  0.0171  0.0163  0.0165  0.0163  0.0162
registration optimization eta report
parameter search radius
    0.8000    0.8000    0.8000    2.4000    2.4000    2.4000
    2.4000    2.4000    2.4000    2.4000    2.4000    2.4000
100000*second partial in parameter space
       80.       54.       45.       14.        7.       18.
        7.       19.        5.        8.        5.        3.
  0.0165  0.0164  0.0164  0.0168  0.0164  0.0172  0.0164  0.0171  0.0163  0.0165  0.0163  0.0162
  0.0163  0.0162  0.0162  0.0165  0.0162  0.0167  0.0162  0.0164  0.0161  0.0162  0.0161  0.0161
  0.0161  0.0161  0.0161  0.0162  0.0161  0.0163  0.0160  0.0161  0.0160  0.0161  0.0160  0.0160
  0.0160  0.0161  0.0160  0.0160  0.0160  0.0160  0.0160  0.0160  0.0160  0.0160  0.0160  0.0160
  0.0161  0.0161  0.0161  0.0161  0.0161  0.0160  0.0160  0.0161  0.0160  0.0161  0.0160  0.0160
  0.0163  0.0162  0.0161  0.0163  0.0162  0.0163  0.0162  0.0165  0.0161  0.0162  0.0161  0.0161
  0.0166  0.0164  0.0163  0.0168  0.0165  0.0170  0.0164  0.0171  0.0163  0.0165  0.0163  0.0162
   -5.2607   -5.7613    8.7340   -6.3046  -11.1896   -4.0716
    3.9756  -10.4362   -4.8542    8.4138   13.5363   -9.6494
eta,q 0.98400 11.74937

---------------------------------------------------------------------
imgreg_4dfp /opt/freesurfer/average/711-2C_as_mni_average_305 /opt/freesurfer/average/711-2B_as_mni_average_305_mask talsrcimg_g11 none talsrcimg_to_711-2C_as_mni_average_305_t4 2311
---------------------------------------------------------------------

freesurfer imgreg_4dfp.c
/opt/freesurfer/average/711-2C_as_mni_average_305.4dfp.img
       256       256       256         1
  1.000000  1.000000  1.000000
orientation T byte_order littleendian
Reading image: /opt/freesurfer/average/711-2C_as_mni_average_305.4dfp.img
dimensions:      256       256       256
mmppix:       1.0000   -1.0000   -1.0000
center:     128.0000 -129.0000 -129.0000
/opt/freesurfer/average/711-2B_as_mni_average_305_mask.4dfp.img
       256       256       256         1
  1.000000  1.000000  1.000000
orientation T byte_order littleendian
Reading mask: /opt/freesurfer/average/711-2B_as_mni_average_305_mask.4dfp.img (2306576 pixels)
talsrcimg_g11.4dfp.img
       256       256       256         1
  1.000000  1.000000  1.000000
orientation T byte_order littleendian
Reading image: talsrcimg_g11.4dfp.img
dimensions:      256       256       256
mmppix:       1.0000   -1.0000   -1.0000
center:     128.0000 -129.0000 -129.0000
fimgreg.f
image alignment mode   2311 decimal      907 hex
parameters
   -5.2607   -5.7613    8.7340   -6.3046  -11.1896   -4.0716
    3.9756  -10.4362   -4.8542    8.4138   13.5363   -9.6494
eta,q 0.98400 11.74936
niter,ni,del,rscale     5    3    5.0000    0.8000
parameters
   -5.2958   -5.7675    8.8707   -6.8945  -11.2581   -4.4965
    4.1055  -10.3804   -4.8654    8.2025   13.5081   -9.6466
eta,q 0.98378 11.73487
  0.0180  0.0174  0.0174  0.0181  0.0177  0.0187  0.0178  0.0200  0.0173  0.0177  0.0171  0.0169
  0.0169  0.0166  0.0166  0.0172  0.0168  0.0177  0.0170  0.0177  0.0167  0.0169  0.0166  0.0165
  0.0162  0.0161  0.0162  0.0164  0.0163  0.0168  0.0164  0.0165  0.0163  0.0164  0.0164  0.0163
  0.0160  0.0160  0.0160  0.0160  0.0161  0.0161  0.0162  0.0162  0.0162  0.0162  0.0162  0.0162
  0.0163  0.0162  0.0161  0.0163  0.0162  0.0163  0.0164  0.0167  0.0164  0.0164  0.0163  0.0163
  0.0170  0.0166  0.0164  0.0177  0.0168  0.0179  0.0169  0.0178  0.0167  0.0171  0.0166  0.0165
  0.0182  0.0174  0.0170  0.0202  0.0179  0.0207  0.0177  0.0196  0.0173  0.0181  0.0171  0.0169
niter,ni,del,rscale     4    3    5.0000    0.7000
parameters
   -5.2512   -5.7520    8.6445   -6.7170  -11.1277   -4.5713
    4.0490  -10.3427   -4.8401    8.3108   13.5396   -9.6850
eta,q 0.98382 11.73715
  0.0177  0.0173  0.0168  0.0182  0.0175  0.0184  0.0173  0.0192  0.0170  0.0176  0.0169  0.0167
  0.0169  0.0167  0.0164  0.0174  0.0168  0.0176  0.0167  0.0174  0.0166  0.0168  0.0165  0.0164
  0.0164  0.0163  0.0162  0.0167  0.0163  0.0168  0.0163  0.0164  0.0163  0.0164  0.0163  0.0162
  0.0162  0.0162  0.0162  0.0162  0.0162  0.0161  0.0162  0.0162  0.0162  0.0162  0.0162  0.0162
  0.0163  0.0163  0.0164  0.0161  0.0162  0.0161  0.0163  0.0165  0.0163  0.0163  0.0162  0.0162
  0.0168  0.0167  0.0167  0.0168  0.0166  0.0172  0.0167  0.0175  0.0166  0.0167  0.0165  0.0164
  0.0175  0.0172  0.0172  0.0182  0.0174  0.0192  0.0174  0.0190  0.0170  0.0174  0.0169  0.0167
niter,ni,del,rscale     3    3    5.0000    0.6000
parameters
   -5.2336   -5.7431    8.6259   -6.5415  -11.1151   -4.4447
    4.0116  -10.3575   -4.8393    8.3790   13.5485   -9.6920
eta,q 0.98390 11.74165
  0.0173  0.0170  0.0167  0.0177  0.0171  0.0180  0.0170  0.0184  0.0167  0.0171  0.0167  0.0165
  0.0167  0.0165  0.0164  0.0171  0.0166  0.0174  0.0165  0.0170  0.0164  0.0166  0.0164  0.0163
  0.0163  0.0163  0.0162  0.0165  0.0163  0.0167  0.0162  0.0163  0.0162  0.0162  0.0162  0.0162
  0.0162  0.0162  0.0162  0.0162  0.0161  0.0161  0.0161  0.0161  0.0161  0.0161  0.0161  0.0161
  0.0163  0.0163  0.0163  0.0162  0.0162  0.0161  0.0162  0.0164  0.0162  0.0162  0.0161  0.0161
  0.0166  0.0165  0.0165  0.0166  0.0165  0.0168  0.0165  0.0171  0.0164  0.0165  0.0163  0.0163
  0.0172  0.0169  0.0168  0.0177  0.0171  0.0182  0.0170  0.0183  0.0167  0.0171  0.0167  0.0165
niter,ni,del,rscale     2    3    5.0000    0.5000
parameters
   -5.2437   -5.7525    8.6716   -6.4084  -11.1445   -4.2558
    3.9921  -10.3952   -4.8503    8.4016   13.5451   -9.6640
eta,q 0.98396 11.74600
  0.0169  0.0166  0.0166  0.0173  0.0167  0.0176  0.0167  0.0177  0.0165  0.0168  0.0165  0.0163
  0.0164  0.0163  0.0163  0.0168  0.0164  0.0170  0.0163  0.0167  0.0162  0.0164  0.0162  0.0162
  0.0162  0.0162  0.0162  0.0164  0.0162  0.0165  0.0161  0.0162  0.0161  0.0161  0.0161  0.0161
  0.0161  0.0161  0.0161  0.0161  0.0161  0.0161  0.0160  0.0160  0.0160  0.0160  0.0160  0.0160
  0.0162  0.0162  0.0161  0.0161  0.0162  0.0160  0.0161  0.0163  0.0161  0.0161  0.0161  0.0161
  0.0165  0.0164  0.0163  0.0165  0.0164  0.0165  0.0163  0.0168  0.0163  0.0164  0.0162  0.0162
  0.0169  0.0167  0.0165  0.0172  0.0168  0.0175  0.0167  0.0177  0.0165  0.0168  0.0165  0.0163
niter,ni,del,rscale     1    3    5.0000    0.4000
parameters
   -5.2618   -5.7638    8.7427   -6.3105  -11.1893   -4.0614
    3.9783  -10.4327   -4.8592    8.4026   13.5270   -9.6319
eta,q 0.98400 11.74942
  0.0165  0.0164  0.0164  0.0168  0.0164  0.0172  0.0164  0.0171  0.0163  0.0165  0.0163  0.0162
  0.0163  0.0162  0.0162  0.0165  0.0162  0.0167  0.0162  0.0165  0.0161  0.0162  0.0161  0.0161
  0.0161  0.0161  0.0161  0.0162  0.0161  0.0163  0.0160  0.0161  0.0160  0.0161  0.0160  0.0160
  0.0160  0.0160  0.0160  0.0160  0.0160  0.0160  0.0160  0.0160  0.0160  0.0160  0.0160  0.0160
  0.0161  0.0161  0.0161  0.0161  0.0161  0.0160  0.0160  0.0161  0.0160  0.0161  0.0160  0.0160
  0.0163  0.0162  0.0161  0.0163  0.0162  0.0163  0.0162  0.0165  0.0161  0.0162  0.0161  0.0161
  0.0166  0.0164  0.0163  0.0168  0.0165  0.0170  0.0164  0.0171  0.0163  0.0165  0.0163  0.0162
registration optimization eta report
parameter search radius
    0.8000    0.8000    0.8000    2.4000    2.4000    2.4000
    2.4000    2.4000    2.4000    2.4000    2.4000    2.4000
100000*second partial in parameter space
       79.       55.       45.       14.        7.       18.
        7.       19.        5.        8.        5.        3.
  0.0165  0.0164  0.0164  0.0168  0.0164  0.0172  0.0164  0.0171  0.0163  0.0165  0.0163  0.0162
  0.0163  0.0162  0.0162  0.0165  0.0162  0.0167  0.0162  0.0165  0.0161  0.0162  0.0161  0.0161
  0.0161  0.0161  0.0161  0.0162  0.0161  0.0163  0.0160  0.0161  0.0160  0.0161  0.0160  0.0160
  0.0160  0.0160  0.0160  0.0160  0.0160  0.0160  0.0160  0.0160  0.0160  0.0160  0.0160  0.0160
  0.0161  0.0161  0.0161  0.0161  0.0161  0.0160  0.0160  0.0161  0.0160  0.0161  0.0160  0.0160
  0.0163  0.0162  0.0161  0.0163  0.0162  0.0163  0.0162  0.0165  0.0161  0.0162  0.0161  0.0161
  0.0166  0.0164  0.0163  0.0168  0.0165  0.0170  0.0164  0.0171  0.0163  0.0165  0.0163  0.0162
   -5.2618   -5.7638    8.7427   -6.3105  -11.1893   -4.0614
    3.9783  -10.4327   -4.8592    8.4026   13.5270   -9.6319
eta,q 0.98400 11.74942

---------------------------------------------------------------------
compute_vox2vox talsrcimg talsrcimg_to_711-2C_as_mni_average_305_t4 /opt/freesurfer/average/711-2C_as_mni_average_305
---------------------------------------------------------------------

freesurfer compute_vox2vox.c
Reading: talsrcimg.4dfp.ifh
Reading: talsrcimg_to_711-2C_as_mni_average_305_t4
Reading: /opt/freesurfer/average/711-2C_as_mni_average_305.4dfp.ifh
Writing: talsrcimg_to_711-2C_as_mni_average_305_t4_vox2vox.txt

start time Wed Mar 11 12:28:45 CET 2026
end		time Wed Mar 11 12:30:11 CET 2026

mpr2mni305 success

avi2talxfm orig_nu.mgz /opt/freesurfer/average/mni305.cor.mgz talsrcimg_to_711-2C_as_mni_average_305_t4_vox2vox.txt transforms/talairach.auto.xfm
avi2talxfm done
mv -f /out/sourcedata/freesurfer/sub-v2s16x51313_ses-1/mri/talsrcimg_to_711-2C_as_mni_average_305_t4_vox2vox.txt /out/sourcedata/freesurfer/sub-v2s16x51313_ses-1/mri/transforms/talsrcimg_to_711-2C_as_mni_average_305_t4_vox2vox.txt
lta_convert --src orig_nu.mgz --trg /opt/freesurfer/average/mni305.cor.mgz --inxfm transforms/talairach.auto.xfm --outlta transforms/talairach.auto.xfm.lta --subject fsaverage
7.3.2

--src: orig_nu.mgz src image (geometry).
--trg: /opt/freesurfer/average/mni305.cor.mgz trg image (geometry).
--inmni: transforms/talairach.auto.xfm input MNI/XFM transform.
--outlta: transforms/talairach.auto.xfm.lta output LTA.
--s: fsaverage subject name
 LTA read, type : 1
 1.04868   0.11704  -0.03428  -0.14011;
-0.14076   1.01682   0.11658  -25.82420;
 0.07069  -0.08980   1.11309  -5.91489;
 0.00000   0.00000   0.00000   1.00000;
setting subject to fsaverage
Writing  LTA to file transforms/talairach.auto.xfm.lta...
lta_convert successful.
 
 
Started at Wed Mar 11 12:28:44 CET 2026
Ended   at Wed Mar 11 12:30:11 CET 2026
talairach_avi done
