status file for recon-all
Wed Mar 11 10:56:36 CET 2026
#@# MotionCor Wed Mar 11 10:56:38 CET 2026
#@# Talairach Wed Mar 11 10:56:45 CET 2026
#@# Talairach Failure Detection Wed Mar 11 11:01:09 CET 2026
#@# Nu Intensity Correction Wed Mar 11 11:01:09 CET 2026
#@# Intensity Normalization Wed Mar 11 11:04:24 CET 2026
recon-all -s sub-v2s16x51247_ses-1 finished without error at Wed Mar 11 11:05:43 CET 2026



#New# invocation of recon-all 



status file for recon-all
Wed Mar 11 11:12:59 CET 2026
#@# EM Registration Wed Mar 11 11:12:59 CET 2026
recon-all -s sub-v2s16x51247_ses-1 finished without error at Wed Mar 11 11:15:38 CET 2026



#New# invocation of recon-all 



status file for recon-all
Wed Mar 11 11:15:41 CET 2026
#@# CA Normalize Wed Mar 11 11:15:41 CET 2026
#@# CA Reg Wed Mar 11 11:17:00 CET 2026
#@# SubCort Seg Wed Mar 11 12:13:59 CET 2026
#@# CC Seg Wed Mar 11 12:40:14 CET 2026
#@# Merge ASeg Wed Mar 11 12:40:56 CET 2026
#@# Intensity Normalization2 Wed Mar 11 12:40:56 CET 2026
#@# Mask BFS Wed Mar 11 12:43:06 CET 2026
#@# WM Segmentation Wed Mar 11 12:43:06 CET 2026
#@# Fill Wed Mar 11 12:44:56 CET 2026
recon-all -s sub-v2s16x51247_ses-1 finished without error at Wed Mar 11 12:46:00 CET 2026



#New# invocation of recon-all 



status file for recon-all
Wed Mar 11 13:26:45 CET 2026
#@# white curv lh Wed Mar 11 13:26:45 CET 2026
#@# white area lh Wed Mar 11 13:26:45 CET 2026
#@# pial curv lh Wed Mar 11 13:26:45 CET 2026
#@# pial area lh Wed Mar 11 13:26:45 CET 2026
#@# thickness lh Wed Mar 11 13:26:45 CET 2026
#@# area and vertex vol lh Wed Mar 11 13:26:45 CET 2026
#@# white curv rh Wed Mar 11 13:26:46 CET 2026
#@# white area rh Wed Mar 11 13:26:46 CET 2026
#@# pial curv rh Wed Mar 11 13:26:46 CET 2026
#@# pial area rh Wed Mar 11 13:26:46 CET 2026
#@# thickness rh Wed Mar 11 13:26:46 CET 2026
#@# area and vertex vol rh Wed Mar 11 13:26:46 CET 2026
#@# Cortical ribbon mask Wed Mar 11 13:26:46 CET 2026
recon-all -s sub-v2s16x51247_ses-1 finished without error at Wed Mar 11 13:32:03 CET 2026



#New# invocation of recon-all 



status file for recon-all
Wed Mar 11 13:38:31 CET 2026
#@# white curv lh Wed Mar 11 13:38:32 CET 2026
#@# white area lh Wed Mar 11 13:38:32 CET 2026
#@# pial curv lh Wed Mar 11 13:38:32 CET 2026
#@# pial area lh Wed Mar 11 13:38:32 CET 2026
#@# thickness lh Wed Mar 11 13:38:32 CET 2026
#@# area and vertex vol lh Wed Mar 11 13:38:32 CET 2026
#@# white curv rh Wed Mar 11 13:38:32 CET 2026
#@# white area rh Wed Mar 11 13:38:32 CET 2026
#@# pial curv rh Wed Mar 11 13:38:32 CET 2026
#@# pial area rh Wed Mar 11 13:38:32 CET 2026
#@# thickness rh Wed Mar 11 13:38:32 CET 2026
#@# area and vertex vol rh Wed Mar 11 13:38:32 CET 2026
#@# Curvature Stats lh Wed Mar 11 13:38:32 CET 2026
#@# Curvature Stats rh Wed Mar 11 13:38:34 CET 2026
#@# Relabel Hypointensities Wed Mar 11 13:38:37 CET 2026
#@# APas-to-ASeg Wed Mar 11 13:38:51 CET 2026
#@# AParc-to-ASeg aparc Wed Mar 11 13:38:59 CET 2026
#@# AParc-to-ASeg aparc.a2009s Wed Mar 11 13:39:29 CET 2026
#@# AParc-to-ASeg aparc.DKTatlas Wed Mar 11 13:40:01 CET 2026
#@# WMParc Wed Mar 11 13:40:31 CET 2026
#@# ASeg Stats Wed Mar 11 13:45:20 CET 2026
recon-all -s sub-v2s16x51247_ses-1 finished without error at Wed Mar 11 13:46:04 CET 2026
