status file for recon-all
Wed Mar 11 13:06:21 CET 2026
#@# Tessellate rh Wed Mar 11 13:06:21 CET 2026
#@# Smooth1 rh Wed Mar 11 13:06:24 CET 2026
#@# Inflation1 rh Wed Mar 11 13:06:26 CET 2026
#@# QSphere rh Wed Mar 11 13:06:37 CET 2026
#@# Fix Topology rh Wed Mar 11 13:07:46 CET 2026
#@# Smooth2 rh Wed Mar 11 13:12:33 CET 2026
#@# Inflation2 rh Wed Mar 11 13:12:35 CET 2026
#@# Curv .H and .K rh Wed Mar 11 13:12:49 CET 2026
#@# Sphere rh Wed Mar 11 13:13:31 CET 2026
#@# Surf Reg rh Wed Mar 11 13:15:55 CET 2026
#@# Jacobian white rh Wed Mar 11 13:19:43 CET 2026
#@# AvgCurv rh Wed Mar 11 13:19:44 CET 2026
#@# Cortical Parc rh Wed Mar 11 13:19:45 CET 2026
#@# white curv rh Wed Mar 11 13:25:43 CET 2026
#@# white area rh Wed Mar 11 13:25:45 CET 2026
#@# pial curv rh Wed Mar 11 13:25:46 CET 2026
#@# pial area rh Wed Mar 11 13:25:47 CET 2026
#@# thickness rh Wed Mar 11 13:25:48 CET 2026
#@# area and vertex vol rh Wed Mar 11 13:26:14 CET 2026
#@# Curvature Stats rh Wed Mar 11 13:26:15 CET 2026
#@# Cortical Parc 2 rh Wed Mar 11 13:26:18 CET 2026
#@# Cortical Parc 3 rh Wed Mar 11 13:26:30 CET 2026
#@# WM/GM Contrast rh Wed Mar 11 13:26:39 CET 2026
recon-all -s sub-v2s16x51247_ses-1 finished without error at Wed Mar 11 13:26:42 CET 2026



#New# invocation of recon-all 



status file for recon-all
Wed Mar 11 13:35:14 CET 2026
#@# white curv rh Wed Mar 11 13:35:14 CET 2026
#@# white area rh Wed Mar 11 13:35:14 CET 2026
#@# pial curv rh Wed Mar 11 13:35:14 CET 2026
#@# pial area rh Wed Mar 11 13:35:14 CET 2026
#@# thickness rh Wed Mar 11 13:35:14 CET 2026
#@# area and vertex vol rh Wed Mar 11 13:35:14 CET 2026
#@# Parcellation Stats rh Wed Mar 11 13:35:14 CET 2026
#@# Parcellation Stats 2 rh Wed Mar 11 13:35:31 CET 2026
#@# Parcellation Stats 3 rh Wed Mar 11 13:35:39 CET 2026
#@# BA_exvivo Labels rh Wed Mar 11 13:35:48 CET 2026
recon-all -s sub-v2s16x51247_ses-1 finished without error at Wed Mar 11 13:38:27 CET 2026
