status file for recon-all
Wed Mar 11 14:16:20 CET 2026
#@# Tessellate lh Wed Mar 11 14:16:20 CET 2026
#@# Smooth1 lh Wed Mar 11 14:16:24 CET 2026
#@# Inflation1 lh Wed Mar 11 14:16:26 CET 2026
#@# QSphere lh Wed Mar 11 14:16:39 CET 2026
#@# Fix Topology lh Wed Mar 11 14:18:07 CET 2026
#@# Smooth2 lh Wed Mar 11 14:23:40 CET 2026
#@# Inflation2 lh Wed Mar 11 14:23:43 CET 2026
#@# Curv .H and .K lh Wed Mar 11 14:23:59 CET 2026
#@# Sphere lh Wed Mar 11 14:24:46 CET 2026
#@# Surf Reg lh Wed Mar 11 14:29:12 CET 2026
#@# Jacobian white lh Wed Mar 11 14:33:27 CET 2026
#@# AvgCurv lh Wed Mar 11 14:33:28 CET 2026
#@# Cortical Parc lh Wed Mar 11 14:33:28 CET 2026
#@# white curv lh Wed Mar 11 14:40:10 CET 2026
#@# white area lh Wed Mar 11 14:40:12 CET 2026
#@# pial curv lh Wed Mar 11 14:40:13 CET 2026
#@# pial area lh Wed Mar 11 14:40:14 CET 2026
#@# thickness lh Wed Mar 11 14:40:15 CET 2026
#@# area and vertex vol lh Wed Mar 11 14:40:45 CET 2026
#@# Curvature Stats lh Wed Mar 11 14:40:46 CET 2026
#@# Cortical Parc 2 lh Wed Mar 11 14:40:49 CET 2026
#@# Cortical Parc 3 lh Wed Mar 11 14:41:03 CET 2026
#@# WM/GM Contrast lh Wed Mar 11 14:41:13 CET 2026
recon-all -s sub-v2s16x51315_ses-1 finished without error at Wed Mar 11 14:41:16 CET 2026



#New# invocation of recon-all 



status file for recon-all
Wed Mar 11 15:06:40 CET 2026
#@# white curv lh Wed Mar 11 15:06:40 CET 2026
#@# white area lh Wed Mar 11 15:06:41 CET 2026
#@# pial curv lh Wed Mar 11 15:06:41 CET 2026
#@# pial area lh Wed Mar 11 15:06:41 CET 2026
#@# thickness lh Wed Mar 11 15:06:41 CET 2026
#@# area and vertex vol lh Wed Mar 11 15:06:41 CET 2026
#@# Parcellation Stats lh Wed Mar 11 15:06:41 CET 2026
#@# Parcellation Stats 2 lh Wed Mar 11 15:06:59 CET 2026
#@# Parcellation Stats 3 lh Wed Mar 11 15:07:09 CET 2026
#@# BA_exvivo Labels lh Wed Mar 11 15:07:18 CET 2026
recon-all -s sub-v2s16x51315_ses-1 finished without error at Wed Mar 11 15:09:58 CET 2026
