status file for recon-all
Wed Mar 11 12:32:08 CET 2026
#@# MotionCor Wed Mar 11 12:32:11 CET 2026
#@# Talairach Wed Mar 11 12:32:18 CET 2026
#@# Talairach Failure Detection Wed Mar 11 12:36:43 CET 2026
#@# Nu Intensity Correction Wed Mar 11 12:36:43 CET 2026
#@# Intensity Normalization Wed Mar 11 12:39:59 CET 2026
recon-all -s sub-v2s16x51315_ses-1 finished without error at Wed Mar 11 12:41:23 CET 2026



#New# invocation of recon-all 



status file for recon-all
Wed Mar 11 12:47:52 CET 2026
#@# EM Registration Wed Mar 11 12:47:52 CET 2026
recon-all -s sub-v2s16x51315_ses-1 finished without error at Wed Mar 11 12:50:32 CET 2026



#New# invocation of recon-all 



status file for recon-all
Wed Mar 11 12:50:36 CET 2026
#@# CA Normalize Wed Mar 11 12:50:36 CET 2026
#@# CA Reg Wed Mar 11 12:51:54 CET 2026
#@# SubCort Seg Wed Mar 11 13:43:49 CET 2026
#@# CC Seg Wed Mar 11 14:10:30 CET 2026
#@# Merge ASeg Wed Mar 11 14:11:13 CET 2026
#@# Intensity Normalization2 Wed Mar 11 14:11:13 CET 2026
#@# Mask BFS Wed Mar 11 14:13:23 CET 2026
#@# WM Segmentation Wed Mar 11 14:13:24 CET 2026
#@# Fill Wed Mar 11 14:15:14 CET 2026
recon-all -s sub-v2s16x51315_ses-1 finished without error at Wed Mar 11 14:16:16 CET 2026



#New# invocation of recon-all 



status file for recon-all
Wed Mar 11 15:03:32 CET 2026
#@# white curv lh Wed Mar 11 15:03:32 CET 2026
#@# white area lh Wed Mar 11 15:03:32 CET 2026
#@# pial curv lh Wed Mar 11 15:03:32 CET 2026
#@# pial area lh Wed Mar 11 15:03:32 CET 2026
#@# thickness lh Wed Mar 11 15:03:32 CET 2026
#@# area and vertex vol lh Wed Mar 11 15:03:32 CET 2026
#@# white curv rh Wed Mar 11 15:03:32 CET 2026
#@# white area rh Wed Mar 11 15:03:32 CET 2026
#@# pial curv rh Wed Mar 11 15:03:32 CET 2026
#@# pial area rh Wed Mar 11 15:03:32 CET 2026
#@# thickness rh Wed Mar 11 15:03:32 CET 2026
#@# area and vertex vol rh Wed Mar 11 15:03:32 CET 2026
#@# Cortical ribbon mask Wed Mar 11 15:03:32 CET 2026
recon-all -s sub-v2s16x51315_ses-1 finished without error at Wed Mar 11 15:06:37 CET 2026



#New# invocation of recon-all 



status file for recon-all
Wed Mar 11 15:13:21 CET 2026
#@# white curv lh Wed Mar 11 15:13:21 CET 2026
#@# white area lh Wed Mar 11 15:13:21 CET 2026
#@# pial curv lh Wed Mar 11 15:13:21 CET 2026
#@# pial area lh Wed Mar 11 15:13:21 CET 2026
#@# thickness lh Wed Mar 11 15:13:21 CET 2026
#@# area and vertex vol lh Wed Mar 11 15:13:21 CET 2026
#@# white curv rh Wed Mar 11 15:13:21 CET 2026
#@# white area rh Wed Mar 11 15:13:21 CET 2026
#@# pial curv rh Wed Mar 11 15:13:21 CET 2026
#@# pial area rh Wed Mar 11 15:13:21 CET 2026
#@# thickness rh Wed Mar 11 15:13:21 CET 2026
#@# area and vertex vol rh Wed Mar 11 15:13:21 CET 2026
#@# Curvature Stats lh Wed Mar 11 15:13:21 CET 2026
#@# Curvature Stats rh Wed Mar 11 15:13:23 CET 2026
#@# Relabel Hypointensities Wed Mar 11 15:13:26 CET 2026
#@# APas-to-ASeg Wed Mar 11 15:13:41 CET 2026
#@# AParc-to-ASeg aparc Wed Mar 11 15:13:49 CET 2026
#@# AParc-to-ASeg aparc.a2009s Wed Mar 11 15:14:30 CET 2026
#@# AParc-to-ASeg aparc.DKTatlas Wed Mar 11 15:15:15 CET 2026
#@# WMParc Wed Mar 11 15:15:54 CET 2026
#@# ASeg Stats Wed Mar 11 15:20:17 CET 2026
recon-all -s sub-v2s16x51315_ses-1 finished without error at Wed Mar 11 15:20:56 CET 2026
