status file for recon-all
Wed Mar 11 14:41:18 CET 2026
#@# Tessellate rh Wed Mar 11 14:41:18 CET 2026
#@# Smooth1 rh Wed Mar 11 14:41:22 CET 2026
#@# Inflation1 rh Wed Mar 11 14:41:25 CET 2026
#@# QSphere rh Wed Mar 11 14:41:37 CET 2026
#@# Fix Topology rh Wed Mar 11 14:42:52 CET 2026
#@# Smooth2 rh Wed Mar 11 14:48:12 CET 2026
#@# Inflation2 rh Wed Mar 11 14:48:15 CET 2026
#@# Curv .H and .K rh Wed Mar 11 14:48:30 CET 2026
#@# Sphere rh Wed Mar 11 14:49:16 CET 2026
#@# Surf Reg rh Wed Mar 11 14:51:36 CET 2026
#@# Jacobian white rh Wed Mar 11 14:55:26 CET 2026
#@# AvgCurv rh Wed Mar 11 14:55:26 CET 2026
#@# Cortical Parc rh Wed Mar 11 14:55:28 CET 2026
#@# white curv rh Wed Mar 11 15:02:17 CET 2026
#@# white area rh Wed Mar 11 15:02:19 CET 2026
#@# pial curv rh Wed Mar 11 15:02:20 CET 2026
#@# pial area rh Wed Mar 11 15:02:22 CET 2026
#@# thickness rh Wed Mar 11 15:02:23 CET 2026
#@# area and vertex vol rh Wed Mar 11 15:02:53 CET 2026
#@# Curvature Stats rh Wed Mar 11 15:02:55 CET 2026
#@# Cortical Parc 2 rh Wed Mar 11 15:02:57 CET 2026
#@# Cortical Parc 3 rh Wed Mar 11 15:03:11 CET 2026
#@# WM/GM Contrast rh Wed Mar 11 15:03:22 CET 2026
recon-all -s sub-v2s16x51315_ses-1 finished without error at Wed Mar 11 15:03:25 CET 2026



#New# invocation of recon-all 



status file for recon-all
Wed Mar 11 15:10:00 CET 2026
#@# white curv rh Wed Mar 11 15:10:01 CET 2026
#@# white area rh Wed Mar 11 15:10:01 CET 2026
#@# pial curv rh Wed Mar 11 15:10:01 CET 2026
#@# pial area rh Wed Mar 11 15:10:01 CET 2026
#@# thickness rh Wed Mar 11 15:10:01 CET 2026
#@# area and vertex vol rh Wed Mar 11 15:10:01 CET 2026
#@# Parcellation Stats rh Wed Mar 11 15:10:01 CET 2026
#@# Parcellation Stats 2 rh Wed Mar 11 15:10:20 CET 2026
#@# Parcellation Stats 3 rh Wed Mar 11 15:10:29 CET 2026
#@# BA_exvivo Labels rh Wed Mar 11 15:10:39 CET 2026
recon-all -s sub-v2s16x51315_ses-1 finished without error at Wed Mar 11 15:13:16 CET 2026
