/out/sourcedata/freesurfer/sub-v2s16x51298_ses-1/mri
/opt/freesurfer/bin/talairach_avi
--i orig_nu.mgz --xfm transforms/talairach.auto.xfm
talairach_avi 7.3.2
Linux dna061 5.14.0-427.37.1.el9_4.x86_64 #1 SMP PREEMPT_DYNAMIC Fri Sep 13 12:41:50 EDT 2024 x86_64 x86_64 x86_64 GNU/Linux
Wed Mar 11 11:46:07 CET 2026
mri_convert orig_nu.mgz talsrcimg.img 
reading from orig_nu.mgz...
TR=0.00, TE=0.00, TI=0.00, flip angle=0.00
i_ras = (-1, 0, 0)
j_ras = (0, 0, -1)
k_ras = (0, 1, 0)
writing to talsrcimg.img...
Analyze Output Matrix
-1.00000   0.00000   0.00000   129.01785;
 0.00000   0.00000   1.00000  -125.56358;
 0.00000  -1.00000   0.00000   80.04668;
 0.00000   0.00000   0.00000   1.00000;
--------------------
INFO: set hdr.hist.orient to -1
mpr2mni305 talsrcimg
Wed Mar 11 11:46:08 CET 2026
/opt/freesurfer/bin/mpr2mni305 talsrcimg
mpr2mni305 7.3.2
target=711-2C_as_mni_average_305

---------------------------------------------------------------------
analyzeto4dfp talsrcimg -O0 -y
---------------------------------------------------------------------

freesurfer ifh2hdr.c
Wed Mar 11 11:46:08 2026
Writing: talsrcimg.4dfp.hdr
freesurfer analyzeto4dfp.c
Reading: talsrcimg.hdr
header size 348 bytes
hdr.dime.datatype	offset=70	value=2
hdr.dime.bitpix		offset=72	value=8
hdr.hist.orient		offset=252	value=-1
dimensionality     4
dimensions       256       256       256         1
Reading: talsrcimg.img
Writing: talsrcimg.4dfp.img
Writing: talsrcimg.4dfp.ifh
ifh2hdr talsrcimg -r0to216
ori=2

---------------------------------------------------------------------
gauss_4dfp talsrcimg 1.1
---------------------------------------------------------------------

freesurfer gauss_4dfp.c
Reading: talsrcimg.4dfp.img
Writing: talsrcimg_g11.4dfp.img
image dimensions 256 256 256 padded to 288 288 288
processing volume 1freesurfer ifh2hdr.c
Wed Mar 11 11:46:09 2026
Writing: talsrcimg_g11.4dfp.hdr

Writing: talsrcimg_g11.4dfp.ifh
including: talsrcimg.4dfp.img.rec in talsrcimg_g11.4dfp.img.rec

---------------------------------------------------------------------
imgreg_4dfp /opt/freesurfer/average/711-2C_as_mni_average_305 none talsrcimg_g11 none talsrcimg_to_711-2C_as_mni_average_305_t4 4355
---------------------------------------------------------------------

freesurfer imgreg_4dfp.c
/opt/freesurfer/average/711-2C_as_mni_average_305.4dfp.img
       256       256       256         1
  1.000000  1.000000  1.000000
orientation T byte_order littleendian
Reading image: /opt/freesurfer/average/711-2C_as_mni_average_305.4dfp.img
dimensions:      256       256       256
mmppix:       1.0000   -1.0000   -1.0000
center:     128.0000 -129.0000 -129.0000
talsrcimg_g11.4dfp.img
       256       256       256         1
  1.000000  1.000000  1.000000
orientation T byte_order littleendian
Reading image: talsrcimg_g11.4dfp.img
dimensions:      256       256       256
mmppix:       1.0000   -1.0000   -1.0000
center:     128.0000 -129.0000 -129.0000
t4_read: open error in t4_sub.f l:  41 t4_file(1:l)talsrcimg_to_711-2C_as_mni_average_305_t4 
t4_read: transform initialized to I4
rotation matrix determinant  1.000000
image alignment mode   4355 decimal     1103 hex
   -7.5000  -45.0000  -45.0000 5001.5498   20.9901
    0.0000  -45.0000  -45.0000 5216.0630   21.0439
    7.5000  -45.0000  -45.0000 5029.6509   21.0994
   -7.5000  -37.5000  -45.0000 5576.4814   20.0355
    0.0000  -37.5000  -45.0000 5801.0264   20.0882
    7.5000  -37.5000  -45.0000 5585.9287   20.1399
   -7.5000  -30.0000  -45.0000 6364.5610   19.2458
    0.0000  -30.0000  -45.0000 6611.0698   19.2847
    7.5000  -30.0000  -45.0000 6394.0439   19.3286
   -7.5000  -22.5000  -45.0000 7131.5186   18.6067
    0.0000  -22.5000  -45.0000 7435.6909   18.6342
    7.5000  -22.5000  -45.0000 7172.0596   18.6679
   -7.5000  -15.0000  -45.0000 7918.3242   18.2742
    0.0000  -15.0000  -45.0000 8275.1895   18.3002
    7.5000  -15.0000  -45.0000 7960.2598   18.3293
   -7.5000   -7.5000  -45.0000 8761.9160   18.1726
    0.0000   -7.5000  -45.0000 9192.1172   18.2088
    7.5000   -7.5000  -45.0000 8828.6709   18.2411
   -7.5000    0.0000  -45.0000 9671.3350   18.1900
    0.0000    0.0000  -45.000010160.1895   18.2362
    7.5000    0.0000  -45.0000 9729.6807   18.2753
   -7.5000    7.5000  -45.0000 9888.7256   18.1615
    0.0000    7.5000  -45.000010387.7686   18.2059
    7.5000    7.5000  -45.0000 9938.2959   18.2478
   -7.5000   15.0000  -45.0000 9916.0703   18.0911
    0.0000   15.0000  -45.000010420.4746   18.1256
    7.5000   15.0000  -45.0000 9968.4355   18.1637
   -7.5000   22.5000  -45.0000 9863.1582   18.0471
    0.0000   22.5000  -45.000010382.3193   18.0724
    7.5000   22.5000  -45.0000 9915.5127   18.1037
   -7.5000   30.0000  -45.0000 9781.9424   17.8357
    0.0000   30.0000  -45.000010279.8779   17.8605
    7.5000   30.0000  -45.0000 9794.7373   17.8882
   -7.5000   37.5000  -45.0000 9972.3916   17.8976
    0.0000   37.5000  -45.000010473.3545   17.9330
    7.5000   37.5000  -45.0000 9957.2969   17.9647
   -7.5000   45.0000  -45.0000 9807.0977   17.4919
    0.0000   45.0000  -45.000010272.9893   17.5363
    7.5000   45.0000  -45.0000 9768.0918   17.5739
   -7.5000  -45.0000  -37.5000 5347.7168   20.5770
    0.0000  -45.0000  -37.5000 5567.7490   20.6204
    7.5000  -45.0000  -37.5000 5383.7158   20.6705
   -7.5000  -37.5000  -37.5000 5933.4634   19.6516
    0.0000  -37.5000  -37.5000 6160.2251   19.6979
    7.5000  -37.5000  -37.5000 5950.4463   19.7491
   -7.5000  -30.0000  -37.5000 6749.8286   18.8925
    0.0000  -30.0000  -37.5000 7026.7324   18.9263
    7.5000  -30.0000  -37.5000 6788.2969   18.9699
   -7.5000  -22.5000  -37.5000 7574.3623   18.2783
    0.0000  -22.5000  -37.5000 7912.0381   18.2973
    7.5000  -22.5000  -37.5000 7613.1743   18.3265
   -7.5000  -15.0000  -37.5000 8420.8379   17.9482
    0.0000  -15.0000  -37.5000 8809.9287   17.9624
    7.5000  -15.0000  -37.5000 8457.4648   17.9836
   -7.5000   -7.5000  -37.5000 9342.2129   17.8352
    0.0000   -7.5000  -37.5000 9808.4014   17.8591
    7.5000   -7.5000  -37.5000 9404.9619   17.8841
   -7.5000    0.0000  -37.500010332.1045   17.8429
    0.0000    0.0000  -37.500010861.1035   17.8795
    7.5000    0.0000  -37.500010365.7393   17.9149
   -7.5000    7.5000  -37.500010561.0264   17.8175
    0.0000    7.5000  -37.500011093.6621   17.8566
    7.5000    7.5000  -37.500010552.7520   17.8982
   -7.5000   15.0000  -37.500010581.3369   17.7605
    0.0000   15.0000  -37.500011103.3291   17.7905
    7.5000   15.0000  -37.500010542.5332   17.8286
   -7.5000   22.5000  -37.500010497.5576   17.7273
    0.0000   22.5000  -37.500011014.6797   17.7445
    7.5000   22.5000  -37.500010480.5312   17.7716
   -7.5000   30.0000  -37.500010370.6006   17.5172
    0.0000   30.0000  -37.500010880.7109   17.5306
    7.5000   30.0000  -37.500010334.4941   17.5507
   -7.5000   37.5000  -37.500010551.7861   17.5657
    0.0000   37.5000  -37.500011055.8271   17.5891
    7.5000   37.5000  -37.500010510.5693   17.6137
   -7.5000   45.0000  -37.500010375.2344   17.1581
    0.0000   45.0000  -37.500010860.4775   17.1933
    7.5000   45.0000  -37.500010323.1973   17.2273
   -7.5000  -45.0000  -30.0000 5766.4370   21.1277
    0.0000  -45.0000  -30.0000 6002.2207   21.1783
    7.5000  -45.0000  -30.0000 5810.2432   21.2193
   -7.5000  -37.5000  -30.0000 6360.9028   20.1831
    0.0000  -37.5000  -30.0000 6618.9082   20.2359
    7.5000  -37.5000  -30.0000 6408.6597   20.2792
   -7.5000  -30.0000  -30.0000 7227.0234   19.4073
    0.0000  -30.0000  -30.0000 7555.4316   19.4472
    7.5000  -30.0000  -30.0000 7304.4980   19.4842
   -7.5000  -22.5000  -30.0000 8154.0234   18.7825
    0.0000  -22.5000  -30.0000 8530.0166   18.8067
    7.5000  -22.5000  -30.0000 8192.2744   18.8292
   -7.5000  -15.0000  -30.0000 9096.3984   18.4430
    0.0000  -15.0000  -30.0000 9528.3223   18.4616
    7.5000  -15.0000  -30.0000 9121.0010   18.4755
   -7.5000   -7.5000  -30.000010122.9971   18.3250
    0.0000   -7.5000  -30.000010637.0723   18.3525
    7.5000   -7.5000  -30.000010169.1660   18.3696
   -7.5000    0.0000  -30.000011180.9258   18.3300
    0.0000    0.0000  -30.000011754.2148   18.3702
    7.5000    0.0000  -30.000011190.3203   18.3976
   -7.5000    7.5000  -30.000011413.8486   18.3022
    0.0000    7.5000  -30.000011982.2148   18.3459
    7.5000    7.5000  -30.000011383.8730   18.3810
   -7.5000   15.0000  -30.000011436.1602   18.2462
    0.0000   15.0000  -30.000011991.2480   18.2813
    7.5000   15.0000  -30.000011370.1787   18.3135
   -7.5000   22.5000  -30.000011377.1084   18.2141
    0.0000   22.5000  -30.000011912.6826   18.2362
    7.5000   22.5000  -30.000011319.8438   18.2570
   -7.5000   30.0000  -30.000011206.2754   18.0027
    0.0000   30.0000  -30.000011727.3633   18.0203
    7.5000   30.0000  -30.000011129.8262   18.0334
   -7.5000   37.5000  -30.000011383.2432   18.0504
    0.0000   37.5000  -30.000011906.9014   18.0773
    7.5000   37.5000  -30.000011292.6475   18.0941
   -7.5000   45.0000  -30.000011151.1982   17.6394
    0.0000   45.0000  -30.000011673.5264   17.6781
    7.5000   45.0000  -30.000011052.8525   17.7045
   -7.5000  -45.0000  -22.5000 6176.8301   21.6282
    0.0000  -45.0000  -22.5000 6429.1821   21.6900
    7.5000  -45.0000  -22.5000 6218.6548   21.7237
   -7.5000  -37.5000  -22.5000 6794.2017   20.6654
    0.0000  -37.5000  -22.5000 7086.6357   20.7249
    7.5000  -37.5000  -22.5000 6837.5474   20.7568
   -7.5000  -30.0000  -22.5000 7741.4268   19.8647
    0.0000  -30.0000  -22.5000 8104.5923   19.9110
    7.5000  -30.0000  -22.5000 7793.5591   19.9383
   -7.5000  -22.5000  -22.5000 8756.7139   19.2228
    0.0000  -22.5000  -22.5000 9181.3027   19.2571
    7.5000  -22.5000  -22.5000 8788.5557   19.2758
   -7.5000  -15.0000  -22.5000 9805.7607   18.8826
    0.0000  -15.0000  -22.500010301.9531   18.9145
    7.5000  -15.0000  -22.5000 9824.9756   18.9285
   -7.5000   -7.5000  -22.500010937.6729   18.7756
    0.0000   -7.5000  -22.500011499.5010   18.8151
    7.5000   -7.5000  -22.500010943.2812   18.8302
   -7.5000    0.0000  -22.500012079.3174   18.7880
    0.0000    0.0000  -22.500012679.9268   18.8364
    7.5000    0.0000  -22.500012051.7607   18.8570
   -7.5000    7.5000  -22.500012302.8389   18.7542
    0.0000    7.5000  -22.500012874.3789   18.8029
    7.5000    7.5000  -22.500012240.1143   18.8280
   -7.5000   15.0000  -22.500012343.5547   18.6857
    0.0000   15.0000  -22.500012887.7109   18.7262
    7.5000   15.0000  -22.500012230.4170   18.7497
   -7.5000   22.5000  -22.500012309.7949   18.6450
    0.0000   22.5000  -22.500012832.7803   18.6767
    7.5000   22.5000  -22.500012184.8047   18.6939
   -7.5000   30.0000  -22.500012077.2744   18.4368
    0.0000   30.0000  -22.500012588.2471   18.4671
    7.5000   30.0000  -22.500011929.0234   18.4803
   -7.5000   37.5000  -22.500012225.5039   18.4974
    0.0000   37.5000  -22.500012733.7881   18.5361
    7.5000   37.5000  -22.500012058.0762   18.5509
   -7.5000   45.0000  -22.500011942.9072   18.0938
    0.0000   45.0000  -22.500012439.9043   18.1404
    7.5000   45.0000  -22.500011789.2461   18.1602
   -7.5000  -45.0000  -15.0000 6588.6548   22.2052
    0.0000  -45.0000  -15.0000 6879.3428   22.2741
    7.5000  -45.0000  -15.0000 6622.4546   22.3094
   -7.5000  -37.5000  -15.0000 7265.9507   21.2123
    0.0000  -37.5000  -15.0000 7604.5273   21.2742
    7.5000  -37.5000  -15.0000 7297.8188   21.3020
   -7.5000  -30.0000  -15.0000 8313.8037   20.3764
    0.0000  -30.0000  -15.0000 8712.2822   20.4240
    7.5000  -30.0000  -15.0000 8341.4443   20.4474
   -7.5000  -22.5000  -15.0000 9425.4893   19.7060
    0.0000  -22.5000  -15.0000 9886.0137   19.7458
    7.5000  -22.5000  -15.0000 9443.2158   19.7660
   -7.5000  -15.0000  -15.000010576.6836   19.3593
    0.0000  -15.0000  -15.000011099.5410   19.4008
    7.5000  -15.0000  -15.000010565.7549   19.4209
   -7.5000   -7.5000  -15.000011797.0586   19.2646
    0.0000   -7.5000  -15.000012374.8027   19.3141
    7.5000   -7.5000  -15.000011760.5293   19.3344
   -7.5000    0.0000  -15.000013027.4990   19.2887
    0.0000    0.0000  -15.000013632.3174   19.3437
    7.5000    0.0000  -15.000012951.6309   19.3651
   -7.5000    7.5000  -15.000013276.6318   19.2507
    0.0000    7.5000  -15.000013845.4990   19.3012
    7.5000    7.5000  -15.000013158.2969   19.3227
   -7.5000   15.0000  -15.000013294.1748   19.1662
    0.0000   15.0000  -15.000013831.5889   19.2078
    7.5000   15.0000  -15.000013148.2080   19.2276
   -7.5000   22.5000  -15.000013259.0410   19.1121
    0.0000   22.5000  -15.000013787.7520   19.1490
    7.5000   22.5000  -15.000013089.1201   19.1677
   -7.5000   30.0000  -15.000012971.4297   18.9048
    0.0000   30.0000  -15.000013495.5439   18.9445
    7.5000   30.0000  -15.000012796.9883   18.9635
   -7.5000   37.5000  -15.000013144.1143   18.9817
    0.0000   37.5000  -15.000013655.6055   19.0303
    7.5000   37.5000  -15.000012956.1084   19.0502
   -7.5000   45.0000  -15.000012867.5684   18.5872
    0.0000   45.0000  -15.000013341.4814   18.6402
    7.5000   45.0000  -15.000012648.7871   18.6608
   -7.5000  -45.0000   -7.5000 7044.8291   22.4914
    0.0000  -45.0000   -7.5000 7338.0464   22.5538
    7.5000  -45.0000   -7.5000 7057.1821   22.5990
   -7.5000  -37.5000   -7.5000 7801.2969   21.4834
    0.0000  -37.5000   -7.5000 8147.6440   21.5398
    7.5000  -37.5000   -7.5000 7807.2749   21.5772
   -7.5000  -30.0000   -7.5000 8960.6602   20.6350
    0.0000  -30.0000   -7.5000 9369.2607   20.6767
    7.5000  -30.0000   -7.5000 8972.1143   20.7082
   -7.5000  -22.5000   -7.500010164.3906   19.9500
    0.0000  -22.5000   -7.500010629.0137   19.9836
    7.5000  -22.5000   -7.500010149.4834   20.0106
   -7.5000  -15.0000   -7.500011391.3271   19.5963
    0.0000  -15.0000   -7.500011929.6963   19.6320
    7.5000  -15.0000   -7.500011341.7344   19.6584
   -7.5000   -7.5000   -7.500012676.6924   19.5017
    0.0000   -7.5000   -7.500013271.5859   19.5473
    7.5000   -7.5000   -7.500012624.5430   19.5752
   -7.5000    0.0000   -7.500014010.7373   19.5297
    0.0000    0.0000   -7.500014640.4795   19.5818
    7.5000    0.0000   -7.500013887.7617   19.6120
   -7.5000    7.5000   -7.500014329.0508   19.4941
    0.0000    7.5000   -7.500014939.5391   19.5409
    7.5000    7.5000   -7.500014168.0918   19.5707
   -7.5000   15.0000   -7.500014362.3213   19.4072
    0.0000   15.0000   -7.500014923.0029   19.4438
    7.5000   15.0000   -7.500014160.4941   19.4709
   -7.5000   22.5000   -7.500014288.9463   19.3462
    0.0000   22.5000   -7.500014870.2324   19.3773
    7.5000   22.5000   -7.500014042.7158   19.4023
   -7.5000   30.0000   -7.500013970.4727   19.1358
    0.0000   30.0000   -7.500014517.1553   19.1700
    7.5000   30.0000   -7.500013724.5234   19.1950
   -7.5000   37.5000   -7.500014193.6670   19.2148
    0.0000   37.5000   -7.500014718.6934   19.2595
    7.5000   37.5000   -7.500013946.0029   19.2869
   -7.5000   45.0000   -7.500013900.6562   18.8229
    0.0000   45.0000   -7.500014394.9688   18.8731
    7.5000   45.0000   -7.500013626.9795   18.9022
   -7.5000  -45.0000    0.0000 7447.6299   22.5096
    0.0000  -45.0000    0.0000 7772.0054   22.5584
    7.5000  -45.0000    0.0000 7461.4551   22.6111
   -7.5000  -37.5000    0.0000 8291.9648   21.5037
    0.0000  -37.5000    0.0000 8652.9482   21.5520
    7.5000  -37.5000    0.0000 8288.8799   21.6014
   -7.5000  -30.0000    0.0000 9549.8281   20.6661
    0.0000  -30.0000    0.0000 9976.8750   20.7007
    7.5000  -30.0000    0.0000 9545.6230   20.7425
   -7.5000  -22.5000    0.000010823.3096   19.9846
    0.0000  -22.5000    0.000011297.3721   20.0076
    7.5000  -22.5000    0.000010780.1768   20.0393
   -7.5000  -15.0000    0.000012114.4199   19.6251
    0.0000  -15.0000    0.000012654.8369   19.6469
    7.5000  -15.0000    0.000012010.9434   19.6739
   -7.5000   -7.5000    0.000013469.2041   19.5178
    0.0000   -7.5000    0.000014046.1973   19.5500
    7.5000   -7.5000    0.000013346.1514   19.5804
   -7.5000    0.0000    0.000014887.4531   19.5392
    0.0000    0.0000    0.000015511.8799   19.5817
    7.5000    0.0000    0.000014698.3662   19.6191
   -7.5000    7.5000    0.000015311.7773   19.5102
    0.0000    7.5000    0.000015916.8125   19.5510
    7.5000    7.5000    0.000015076.1631   19.5912
   -7.5000   15.0000    0.000015505.8955   19.4351
    0.0000   15.0000    0.000016076.0811   19.4657
    7.5000   15.0000    0.000015208.3643   19.5022
   -7.5000   22.5000    0.000015332.8467   19.3800
    0.0000   22.5000    0.000015941.1387   19.4011
    7.5000   22.5000    0.000014988.2383   19.4306
   -7.5000   30.0000    0.000014946.9189   19.1645
    0.0000   30.0000    0.000015466.4600   19.1852
    7.5000   30.0000    0.000014592.5479   19.2109
   -7.5000   37.5000    0.000015173.6943   19.2312
    0.0000   37.5000    0.000015649.2324   19.2628
    7.5000   37.5000    0.000014850.4453   19.2926
   -7.5000   45.0000    0.000014850.2627   18.8335
    0.0000   45.0000    0.000015312.0840   18.8745
    7.5000   45.0000    0.000014509.8330   18.9105
   -7.5000  -45.0000    7.5000 7228.9683   22.4455
    0.0000  -45.0000    7.5000 7532.9595   22.4899
    7.5000  -45.0000    7.5000 7230.5669   22.5402
   -7.5000  -37.5000    7.5000 8116.9526   21.4473
    0.0000  -37.5000    7.5000 8469.2383   21.4949
    7.5000  -37.5000    7.5000 8114.7246   21.5469
   -7.5000  -30.0000    7.5000 9417.3232   20.6261
    0.0000  -30.0000    7.5000 9816.1328   20.6606
    7.5000  -30.0000    7.5000 9384.6992   20.7050
   -7.5000  -22.5000    7.500010688.9678   19.9589
    0.0000  -22.5000    7.500011118.8516   19.9777
    7.5000  -22.5000    7.500010606.6484   20.0071
   -7.5000  -15.0000    7.500011940.5273   19.5985
    0.0000  -15.0000    7.500012389.5908   19.6122
    7.5000  -15.0000    7.500011816.0449   19.6330
   -7.5000   -7.5000    7.500013219.1250   19.4764
    0.0000   -7.5000    7.500013712.5801   19.5004
    7.5000   -7.5000    7.500013101.9512   19.5252
   -7.5000    0.0000    7.500014527.1084   19.4858
    0.0000    0.0000    7.500015053.3027   19.5233
    7.5000    0.0000    7.500014373.8740   19.5589
   -7.5000    7.5000    7.500014972.0840   19.4597
    0.0000    7.5000    7.500015498.2666   19.4999
    7.5000    7.5000    7.500014770.7832   19.5423
   -7.5000   15.0000    7.500015430.1025   19.3990
    0.0000   15.0000    7.500015970.8438   19.4295
    7.5000   15.0000    7.500015086.3818   19.4684
   -7.5000   22.5000    7.500015416.9824   19.3560
    0.0000   22.5000    7.500015978.8135   19.3730
    7.5000   22.5000    7.500014956.7754   19.4002
   -7.5000   30.0000    7.500014923.0537   19.1386
    0.0000   30.0000    7.500015328.4854   19.1514
    7.5000   30.0000    7.500014481.2559   19.1712
   -7.5000   37.5000    7.500015065.0684   19.1905
    0.0000   37.5000    7.500015436.0566   19.2140
    7.5000   37.5000    7.500014676.6074   19.2383
   -7.5000   45.0000    7.500014708.8525   18.7821
    0.0000   45.0000    7.500015087.8965   18.8182
    7.5000   45.0000    7.500014310.7900   18.8525
   -7.5000  -45.0000   15.0000 6955.2153   22.4082
    0.0000  -45.0000   15.0000 7248.3423   22.4605
    7.5000  -45.0000   15.0000 6950.5854   22.5024
   -7.5000  -37.5000   15.0000 7818.1733   21.4134
    0.0000  -37.5000   15.0000 8145.8345   21.4683
    7.5000  -37.5000   15.0000 7792.6929   21.5129
   -7.5000  -30.0000   15.0000 9072.9678   20.5964
    0.0000  -30.0000   15.0000 9447.5547   20.6378
    7.5000  -30.0000   15.0000 8993.0049   20.6762
   -7.5000  -22.5000   15.000010298.3135   19.9379
    0.0000  -22.5000   15.000010726.0889   19.9626
    7.5000  -22.5000   15.000010193.8008   19.9860
   -7.5000  -15.0000   15.000011508.8281   19.5808
    0.0000  -15.0000   15.000011966.7979   19.5998
    7.5000  -15.0000   15.000011410.5850   19.6139
   -7.5000   -7.5000   15.000012756.1602   19.4564
    0.0000   -7.5000   15.000013245.0674   19.4845
    7.5000   -7.5000   15.000012641.3037   19.5018
   -7.5000    0.0000   15.000013948.1396   19.4609
    0.0000    0.0000   15.000014462.7783   19.5024
    7.5000    0.0000   15.000013841.3096   19.5305
   -7.5000    7.5000   15.000014359.8779   19.4317
    0.0000    7.5000   15.000014851.5459   19.4771
    7.5000    7.5000   15.000014263.2256   19.5133
   -7.5000   15.0000   15.000015031.8408   19.3735
    0.0000   15.0000   15.000015583.0176   19.4100
    7.5000   15.0000   15.000014708.3896   19.4435
   -7.5000   22.5000   15.000015409.9629   19.3361
    0.0000   22.5000   15.000016057.7129   19.3589
    7.5000   22.5000   15.000014716.2002   19.3804
   -7.5000   30.0000   15.000015042.9492   19.1214
    0.0000   30.0000   15.000015509.6953   19.1392
    7.5000   30.0000   15.000014340.1064   19.1525
   -7.5000   37.5000   15.000015026.8779   19.1708
    0.0000   37.5000   15.000015430.9795   19.1984
    7.5000   37.5000   15.000014433.9570   19.2154
   -7.5000   45.0000   15.000014502.3613   18.7581
    0.0000   45.0000   15.000014904.8271   18.7981
    7.5000   45.0000   15.000013928.0938   18.8251
   -7.5000  -45.0000   22.5000 6589.1313   22.4556
    0.0000  -45.0000   22.5000 6905.2085   22.5200
    7.5000  -45.0000   22.5000 6581.7666   22.5549
   -7.5000  -37.5000   22.5000 7432.5684   21.4560
    0.0000  -37.5000   22.5000 7794.4487   21.5180
    7.5000  -37.5000   22.5000 7407.4219   21.5509
   -7.5000  -30.0000   22.5000 8670.8994   20.6246
    0.0000  -30.0000   22.5000 9070.1396   20.6729
    7.5000  -30.0000   22.5000 8587.6064   20.7009
   -7.5000  -22.5000   22.5000 9862.7588   19.9580
    0.0000  -22.5000   22.500010275.0801   19.9937
    7.5000  -22.5000   22.5000 9766.7090   20.0129
   -7.5000  -15.0000   22.500011034.3887   19.6047
    0.0000  -15.0000   22.500011460.7705   19.6379
    7.5000  -15.0000   22.500010956.4805   19.6523
   -7.5000   -7.5000   22.500012255.0732   19.4935
    0.0000   -7.5000   22.500012684.0195   19.5347
    7.5000   -7.5000   22.500012117.1943   19.5503
   -7.5000    0.0000   22.500013409.2734   19.5064
    0.0000    0.0000   22.500013914.2617   19.5568
    7.5000    0.0000   22.500013293.1572   19.5781
   -7.5000    7.5000   22.500013930.6816   19.4714
    0.0000    7.5000   22.500014473.0781   19.5222
    7.5000    7.5000   22.500013742.1123   19.5480
   -7.5000   15.0000   22.500014606.3760   19.4002
    0.0000   15.0000   22.500015308.5400   19.4425
    7.5000   15.0000   22.500014102.6221   19.4667
   -7.5000   22.5000   22.500014937.8916   19.3550
    0.0000   22.5000   22.500015755.6562   19.3881
    7.5000   22.5000   22.500014091.9746   19.4058
   -7.5000   30.0000   22.500014637.4160   19.1444
    0.0000   30.0000   22.500015449.7217   19.1761
    7.5000   30.0000   22.500013760.1943   19.1896
   -7.5000   37.5000   22.500014592.5918   19.2074
    0.0000   37.5000   22.500015380.0342   19.2477
    7.5000   37.5000   22.500013827.2705   19.2630
   -7.5000   45.0000   22.500013954.3535   18.8019
    0.0000   45.0000   22.500014645.7666   18.8505
    7.5000   45.0000   22.500013272.0508   18.8711
   -7.5000  -45.0000   30.0000 6235.9194   22.6312
    0.0000  -45.0000   30.0000 6529.6562   22.7022
    7.5000  -45.0000   30.0000 6202.3433   22.7387
   -7.5000  -37.5000   30.0000 7010.7974   21.6174
    0.0000  -37.5000   30.0000 7352.4062   21.6812
    7.5000  -37.5000   30.0000 6973.5664   21.7100
   -7.5000  -30.0000   30.0000 8145.4136   20.7631
    0.0000  -30.0000   30.0000 8530.3115   20.8123
    7.5000  -30.0000   30.0000 8070.5591   20.8365
   -7.5000  -22.5000   30.0000 9242.0127   20.0769
    0.0000  -22.5000   30.0000 9681.7520   20.1180
    7.5000  -22.5000   30.0000 9179.4316   20.1390
   -7.5000  -15.0000   30.000010320.3516   19.7213
    0.0000  -15.0000   30.000010828.2695   19.7642
    7.5000  -15.0000   30.000010258.1797   19.7849
   -7.5000   -7.5000   30.000011463.0498   19.6239
    0.0000   -7.5000   30.000012013.7959   19.6750
    7.5000   -7.5000   30.000011350.0039   19.6960
   -7.5000    0.0000   30.000012667.5195   19.6487
    0.0000    0.0000   30.000013264.3096   19.7055
    7.5000    0.0000   30.000012499.8262   19.7275
   -7.5000    7.5000   30.000013174.4766   19.6105
    0.0000    7.5000   30.000013767.6094   19.6626
    7.5000    7.5000   30.000012874.2607   19.6848
   -7.5000   15.0000   30.000013479.8174   19.5245
    0.0000   15.0000   30.000014152.3760   19.5675
    7.5000   15.0000   30.000013051.2793   19.5880
   -7.5000   22.5000   30.000013481.2529   19.4669
    0.0000   22.5000   30.000014149.2705   19.5050
    7.5000   22.5000   30.000013015.4131   19.5244
   -7.5000   30.0000   30.000013233.0459   19.2573
    0.0000   30.0000   30.000013854.0557   19.2983
    7.5000   30.0000   30.000012807.9678   19.3180
   -7.5000   37.5000   30.000013376.4746   19.3356
    0.0000   37.5000   30.000013980.0352   19.3857
    7.5000   37.5000   30.000012946.6836   19.4063
   -7.5000   45.0000   30.000012946.6602   18.9391
    0.0000   45.0000   30.000013518.4580   18.9938
    7.5000   45.0000   30.000012480.4619   19.0151
   -7.5000  -45.0000   37.5000 6012.6606   22.8233
    0.0000  -45.0000   37.5000 6289.3887   22.8876
    7.5000  -45.0000   37.5000 5972.5806   22.9348
   -7.5000  -37.5000   37.5000 6729.6851   21.8000
    0.0000  -37.5000   37.5000 7088.7920   21.8581
    7.5000  -37.5000   37.5000 6675.1533   21.8972
   -7.5000  -30.0000   37.5000 7782.5742   20.9374
    0.0000  -30.0000   37.5000 8197.1182   20.9804
    7.5000  -30.0000   37.5000 7711.6099   21.0133
   -7.5000  -22.5000   37.5000 8835.5430   20.2385
    0.0000  -22.5000   37.5000 9290.6201   20.2734
    7.5000  -22.5000   37.5000 8761.8252   20.3015
   -7.5000  -15.0000   37.5000 9929.5000   19.8770
    0.0000  -15.0000   37.500010402.9434   19.9140
    7.5000  -15.0000   37.5000 9820.4229   19.9415
   -7.5000   -7.5000   37.500011057.3994   19.7803
    0.0000   -7.5000   37.500011537.2246   19.8272
    7.5000   -7.5000   37.500010924.7832   19.8563
   -7.5000    0.0000   37.500012234.4375   19.8092
    0.0000    0.0000   37.500012709.9600   19.8629
    7.5000    0.0000   37.500012056.8320   19.8942
   -7.5000    7.5000   37.500012585.3242   19.7738
    0.0000    7.5000   37.500013099.1416   19.8221
    7.5000    7.5000   37.500012376.3975   19.8530
   -7.5000   15.0000   37.500012671.1309   19.6858
    0.0000   15.0000   37.500013200.1777   19.7236
    7.5000   15.0000   37.500012458.5918   19.7517
   -7.5000   22.5000   37.500012562.8262   19.6232
    0.0000   22.5000   37.500013095.8320   19.6554
    7.5000   22.5000   37.500012438.2354   19.6814
   -7.5000   30.0000   37.500012409.6279   19.4095
    0.0000   30.0000   37.500012941.1025   19.4448
    7.5000   30.0000   37.500012293.5186   19.4708
   -7.5000   37.5000   37.500012670.7148   19.4895
    0.0000   37.5000   37.500013199.4883   19.5356
    7.5000   37.5000   37.500012496.9990   19.5641
   -7.5000   45.0000   37.500012335.3223   19.0938
    0.0000   45.0000   37.500012827.7793   19.1455
    7.5000   45.0000   37.500012076.3896   19.1757
   -7.5000  -45.0000   45.0000 5570.0562   23.1682
    0.0000  -45.0000   45.0000 5817.2261   23.2196
    7.5000  -45.0000   45.0000 5519.4678   23.2758
   -7.5000  -37.5000   45.0000 6218.0947   22.1208
    0.0000  -37.5000   45.0000 6521.3374   22.1717
    7.5000  -37.5000   45.0000 6161.5205   22.2242
   -7.5000  -30.0000   45.0000 7175.7334   21.2490
    0.0000  -30.0000   45.0000 7521.5845   21.2853
    7.5000  -30.0000   45.0000 7125.5537   21.3297
   -7.5000  -22.5000   45.0000 8152.2495   20.5374
    0.0000  -22.5000   45.0000 8511.3809   20.5616
    7.5000  -22.5000   45.0000 8084.9937   20.5952
   -7.5000  -15.0000   45.0000 9155.9824   20.1637
    0.0000  -15.0000   45.0000 9529.3066   20.1866
    7.5000  -15.0000   45.0000 9057.3604   20.2152
   -7.5000   -7.5000   45.000010189.3447   20.0552
    0.0000   -7.5000   45.000010582.0430   20.0893
    7.5000   -7.5000   45.000010096.0400   20.1213
   -7.5000    0.0000   45.000011248.8066   20.0799
    0.0000    0.0000   45.000011692.9082   20.1248
    7.5000    0.0000   45.000011131.5703   20.1642
   -7.5000    7.5000   45.000011500.3574   20.0520
    0.0000    7.5000   45.000011971.6426   20.0952
    7.5000    7.5000   45.000011392.8223   20.1376
   -7.5000   15.0000   45.000011513.0518   19.9748
    0.0000   15.0000   45.000011973.9307   20.0070
    7.5000   15.0000   45.000011439.1846   20.0455
   -7.5000   22.5000   45.000011444.5508   19.9159
    0.0000   22.5000   45.000011876.5508   19.9380
    7.5000   22.5000   45.000011411.2939   19.9691
   -7.5000   30.0000   45.000011327.1260   19.6905
    0.0000   30.0000   45.000011764.3857   19.7122
    7.5000   30.0000   45.000011277.1201   19.7394
   -7.5000   37.5000   45.000011573.4170   19.7594
    0.0000   37.5000   45.000012021.0098   19.7928
    7.5000   37.5000   45.000011497.9844   19.8242
   -7.5000   45.0000   45.000011286.1465   19.3635
    0.0000   45.0000   45.000011716.9473   19.4068
    7.5000   45.0000   45.000011145.4551   19.4448

---------------------------------------------------------------------
imgreg_4dfp /opt/freesurfer/average/711-2C_as_mni_average_305 /opt/freesurfer/average/711-2B_as_mni_average_305_mask talsrcimg_g11 none talsrcimg_to_711-2C_as_mni_average_305_t4 4355
---------------------------------------------------------------------

freesurfer imgreg_4dfp.c
/opt/freesurfer/average/711-2C_as_mni_average_305.4dfp.img
       256       256       256         1
  1.000000  1.000000  1.000000
orientation T byte_order littleendian
Reading image: /opt/freesurfer/average/711-2C_as_mni_average_305.4dfp.img
dimensions:      256       256       256
mmppix:       1.0000   -1.0000   -1.0000
center:     128.0000 -129.0000 -129.0000
/opt/freesurfer/average/711-2B_as_mni_average_305_mask.4dfp.img
       256       256       256         1
  1.000000  1.000000  1.000000
orientation T byte_order littleendian
Reading mask: /opt/freesurfer/average/711-2B_as_mni_average_305_mask.4dfp.img (2306576 pixels)
talsrcimg_g11.4dfp.img
       256       256       256         1
  1.000000  1.000000  1.000000
orientation T byte_order littleendian
Reading image: talsrcimg_g11.4dfp.img
dimensions:      256       256       256
mmppix:       1.0000   -1.0000   -1.0000
center:     128.0000 -129.0000 -129.0000
rotation matrix determinant  1.000000
image alignment mode   4355 decimal     1103 hex
   -7.5000  -30.0000  -45.0000 1783.3258   34.3033
    0.0000  -30.0000  -45.0000 1778.4835   33.9584
    7.5000  -30.0000  -45.0000 1774.2784   34.4659
   -7.5000  -22.5000  -45.0000 1902.1619   30.1839
    0.0000  -22.5000  -45.0000 1908.5237   29.8185
    7.5000  -22.5000  -45.0000 1899.8589   30.2265
   -7.5000  -15.0000  -45.0000 1999.3765   27.3005
    0.0000  -15.0000  -45.0000 2004.0917   26.9773
    7.5000  -15.0000  -45.0000 1996.3486   27.2618
   -7.5000   -7.5000  -45.0000 2073.0632   25.0884
    0.0000   -7.5000  -45.0000 2085.1101   24.9188
    7.5000   -7.5000  -45.0000 2073.9954   25.0839
   -7.5000    0.0000  -45.0000 2146.9490   23.3657
    0.0000    0.0000  -45.0000 2155.0400   23.2519
    7.5000    0.0000  -45.0000 2142.4077   23.3421
   -7.5000    7.5000  -45.0000 2198.7876   21.8426
    0.0000    7.5000  -45.0000 2202.9590   21.7831
    7.5000    7.5000  -45.0000 2191.4780   21.8655
   -7.5000   15.0000  -45.0000 2227.8748   20.8327
    0.0000   15.0000  -45.0000 2235.7615   20.7614
    7.5000   15.0000  -45.0000 2220.0630   20.8344
   -7.5000   22.5000  -45.0000 2246.9458   20.3697
    0.0000   22.5000  -45.0000 2257.8081   20.2871
    7.5000   22.5000  -45.0000 2241.7781   20.3872
   -7.5000   30.0000  -45.0000 2250.0828   20.3792
    0.0000   30.0000  -45.0000 2261.1646   20.3007
    7.5000   30.0000  -45.0000 2238.8091   20.3400
   -7.5000   37.5000  -45.0000 2235.9065   20.5431
    0.0000   37.5000  -45.0000 2251.0764   20.5465
    7.5000   37.5000  -45.0000 2222.1816   20.5524
   -7.5000   45.0000  -45.0000 2217.1599   21.1718
    0.0000   45.0000  -45.0000 2221.6326   21.1035
    7.5000   45.0000  -45.0000 2198.5303   21.1791
   -7.5000   52.5000  -45.0000 2161.0269   21.9429
    0.0000   52.5000  -45.0000 2168.4270   21.8768
    7.5000   52.5000  -45.0000 2147.4224   21.9591
   -7.5000   60.0000  -45.0000 2066.9082   22.7385
    0.0000   60.0000  -45.0000 2080.2170   22.6654
    7.5000   60.0000  -45.0000 2057.5198   22.7940
   -7.5000  -30.0000  -37.5000 1847.4423   31.8344
    0.0000  -30.0000  -37.5000 1843.2797   31.5137
    7.5000  -30.0000  -37.5000 1844.7251   31.8352
   -7.5000  -22.5000  -37.5000 1974.6309   27.9245
    0.0000  -22.5000  -37.5000 1976.0673   27.6820
    7.5000  -22.5000  -37.5000 1975.5018   27.8675
   -7.5000  -15.0000  -37.5000 2078.3906   25.1888
    0.0000  -15.0000  -37.5000 2078.8457   25.0123
    7.5000  -15.0000  -37.5000 2077.9878   25.0668
   -7.5000   -7.5000  -37.5000 2166.4814   23.1588
    0.0000   -7.5000  -37.5000 2169.5249   23.1124
    7.5000   -7.5000  -37.5000 2166.8013   23.1110
   -7.5000    0.0000  -37.5000 2246.2185   21.5039
    0.0000    0.0000  -37.5000 2247.7844   21.5112
    7.5000    0.0000  -37.5000 2237.6484   21.5334
   -7.5000    7.5000  -37.5000 2299.5598   20.1926
    0.0000    7.5000  -37.5000 2307.4878   20.1971
    7.5000    7.5000  -37.5000 2288.0745   20.1784
   -7.5000   15.0000  -37.5000 2334.0479   19.2151
    0.0000   15.0000  -37.5000 2339.9888   19.1779
    7.5000   15.0000  -37.5000 2316.0796   19.2259
   -7.5000   22.5000  -37.5000 2345.0698   18.7698
    0.0000   22.5000  -37.5000 2355.4050   18.7168
    7.5000   22.5000  -37.5000 2331.8286   18.7562
   -7.5000   30.0000  -37.5000 2347.7773   18.7420
    0.0000   30.0000  -37.5000 2357.2737   18.6186
    7.5000   30.0000  -37.5000 2332.1052   18.6546
   -7.5000   37.5000  -37.5000 2332.2002   18.8109
    0.0000   37.5000  -37.5000 2347.6611   18.7528
    7.5000   37.5000  -37.5000 2321.5190   18.7783
   -7.5000   45.0000  -37.5000 2317.2859   19.3051
    0.0000   45.0000  -37.5000 2326.7993   19.2527
    7.5000   45.0000  -37.5000 2310.4346   19.3232
   -7.5000   52.5000  -37.5000 2268.6411   20.0156
    0.0000   52.5000  -37.5000 2276.9219   19.9624
    7.5000   52.5000  -37.5000 2256.9827   20.0572
   -7.5000   60.0000  -37.5000 2172.5161   20.8549
    0.0000   60.0000  -37.5000 2177.3608   20.7964
    7.5000   60.0000  -37.5000 2157.1140   20.8473
   -7.5000  -30.0000  -30.0000 1931.0056   30.5186
    0.0000  -30.0000  -30.0000 1934.1123   30.5045
    7.5000  -30.0000  -30.0000 1940.3882   30.5400
   -7.5000  -22.5000  -30.0000 2073.2224   26.8352
    0.0000  -22.5000  -30.0000 2077.4241   26.7705
    7.5000  -22.5000  -30.0000 2080.6838   26.7434
   -7.5000  -15.0000  -30.0000 2192.9480   24.2846
    0.0000  -15.0000  -30.0000 2199.5923   24.2291
    7.5000  -15.0000  -30.0000 2196.3486   24.1043
   -7.5000   -7.5000  -30.0000 2291.6753   22.3949
    0.0000   -7.5000  -30.0000 2303.1895   22.3520
    7.5000   -7.5000  -30.0000 2295.7307   22.2630
   -7.5000    0.0000  -30.0000 2370.6289   20.7254
    0.0000    0.0000  -30.0000 2381.7349   20.7359
    7.5000    0.0000  -30.0000 2366.3271   20.6828
   -7.5000    7.5000  -30.0000 2430.7144   19.3974
    0.0000    7.5000  -30.0000 2445.2136   19.3454
    7.5000    7.5000  -30.0000 2421.6638   19.3405
   -7.5000   15.0000  -30.0000 2474.0432   18.4638
    0.0000   15.0000  -30.0000 2486.0906   18.3718
    7.5000   15.0000  -30.0000 2460.4724   18.4716
   -7.5000   22.5000  -30.0000 2493.6372   17.9513
    0.0000   22.5000  -30.0000 2503.8757   17.8577
    7.5000   22.5000  -30.0000 2480.5872   17.9724
   -7.5000   30.0000  -30.0000 2495.1133   17.9022
    0.0000   30.0000  -30.0000 2498.4719   17.7699
    7.5000   30.0000  -30.0000 2481.5569   17.8567
   -7.5000   37.5000  -30.0000 2479.4463   17.9835
    0.0000   37.5000  -30.0000 2488.4883   17.8212
    7.5000   37.5000  -30.0000 2470.1274   17.9417
   -7.5000   45.0000  -30.0000 2458.7524   18.4489
    0.0000   45.0000  -30.0000 2471.9375   18.3267
    7.5000   45.0000  -30.0000 2453.5447   18.4472
   -7.5000   52.5000  -30.0000 2407.8796   19.1514
    0.0000   52.5000  -30.0000 2421.0835   19.0627
    7.5000   52.5000  -30.0000 2397.0366   19.2059
   -7.5000   60.0000  -30.0000 2305.2124   19.9781
    0.0000   60.0000  -30.0000 2314.1497   19.8929
    7.5000   60.0000  -30.0000 2293.0166   19.9943
   -7.5000  -30.0000  -22.5000 2011.0626   29.4438
    0.0000  -30.0000  -22.5000 2018.3147   29.3588
    7.5000  -30.0000  -22.5000 2019.3226   29.3322
   -7.5000  -22.5000  -22.5000 2165.6799   25.8727
    0.0000  -22.5000  -22.5000 2175.3169   25.8058
    7.5000  -22.5000  -22.5000 2169.6313   25.6391
   -7.5000  -15.0000  -22.5000 2292.3032   23.3703
    0.0000  -15.0000  -22.5000 2309.3481   23.3100
    7.5000  -15.0000  -22.5000 2293.9890   23.1436
   -7.5000   -7.5000  -22.5000 2397.2429   21.4949
    0.0000   -7.5000  -22.5000 2417.9136   21.5037
    7.5000   -7.5000  -22.5000 2398.9915   21.3889
   -7.5000    0.0000  -22.5000 2483.2805   19.9737
    0.0000    0.0000  -22.5000 2499.6301   19.9573
    7.5000    0.0000  -22.5000 2477.9915   19.8927
   -7.5000    7.5000  -22.5000 2541.3018   18.5978
    0.0000    7.5000  -22.5000 2551.6248   18.4771
    7.5000    7.5000  -22.5000 2531.8147   18.5210
   -7.5000   15.0000  -22.5000 2592.9050   17.6371
    0.0000   15.0000  -22.5000 2602.5046   17.5009
    7.5000   15.0000  -22.5000 2581.5850   17.5922
   -7.5000   22.5000  -22.5000 2623.3833   17.0952
    0.0000   22.5000  -22.5000 2629.1550   16.9370
    7.5000   22.5000  -22.5000 2614.0220   17.0987
   -7.5000   30.0000  -22.5000 2627.3311   16.9712
    0.0000   30.0000  -22.5000 2627.1292   16.8170
    7.5000   30.0000  -22.5000 2612.6262   16.9491
   -7.5000   37.5000  -22.5000 2608.2124   17.0573
    0.0000   37.5000  -22.5000 2609.4531   16.8818
    7.5000   37.5000  -22.5000 2593.6174   17.0492
   -7.5000   45.0000  -22.5000 2583.5454   17.5374
    0.0000   45.0000  -22.5000 2592.3079   17.4120
    7.5000   45.0000  -22.5000 2574.2632   17.5935
   -7.5000   52.5000  -22.5000 2525.0090   18.2634
    0.0000   52.5000  -22.5000 2538.1047   18.1473
    7.5000   52.5000  -22.5000 2520.1763   18.3368
   -7.5000   60.0000  -22.5000 2422.7739   19.0386
    0.0000   60.0000  -22.5000 2434.3777   18.9305
    7.5000   60.0000  -22.5000 2413.2478   19.1119
   -7.5000  -30.0000  -15.0000 2063.6885   28.3281
    0.0000  -30.0000  -15.0000 2077.0042   28.3061
    7.5000  -30.0000  -15.0000 2070.6431   28.2360
   -7.5000  -22.5000  -15.0000 2229.1497   24.8972
    0.0000  -22.5000  -15.0000 2246.0356   24.7959
    7.5000  -22.5000  -15.0000 2229.3740   24.7322
   -7.5000  -15.0000  -15.0000 2356.9805   22.4725
    0.0000  -15.0000  -15.0000 2378.8250   22.3242
    7.5000  -15.0000  -15.0000 2359.9287   22.3144
   -7.5000   -7.5000  -15.0000 2463.5613   20.6574
    0.0000   -7.5000  -15.0000 2485.5325   20.5640
    7.5000   -7.5000  -15.0000 2465.6865   20.5506
   -7.5000    0.0000  -15.0000 2546.0479   19.1816
    0.0000    0.0000  -15.0000 2564.3752   19.0471
    7.5000    0.0000  -15.0000 2542.4607   19.0976
   -7.5000    7.5000  -15.0000 2612.3416   17.8607
    0.0000    7.5000  -15.0000 2625.1101   17.7158
    7.5000    7.5000  -15.0000 2608.2815   17.7917
   -7.5000   15.0000  -15.0000 2665.0076   16.8423
    0.0000   15.0000  -15.0000 2670.0198   16.6411
    7.5000   15.0000  -15.0000 2657.6807   16.7771
   -7.5000   22.5000  -15.0000 2701.0071   16.2474
    0.0000   22.5000  -15.0000 2710.0828   16.0569
    7.5000   22.5000  -15.0000 2692.1448   16.2200
   -7.5000   30.0000  -15.0000 2704.4653   16.0055
    0.0000   30.0000  -15.0000 2716.4624   15.8773
    7.5000   30.0000  -15.0000 2697.2195   16.0660
   -7.5000   37.5000  -15.0000 2692.6216   16.1315
    0.0000   37.5000  -15.0000 2698.8313   15.9929
    7.5000   37.5000  -15.0000 2684.3127   16.2326
   -7.5000   45.0000  -15.0000 2677.7830   16.6817
    0.0000   45.0000  -15.0000 2684.2998   16.5227
    7.5000   45.0000  -15.0000 2666.3232   16.7955
   -7.5000   52.5000  -15.0000 2617.1736   17.4253
    0.0000   52.5000  -15.0000 2626.2942   17.2461
    7.5000   52.5000  -15.0000 2613.8047   17.5233
   -7.5000   60.0000  -15.0000 2500.5134   18.1395
    0.0000   60.0000  -15.0000 2508.8730   17.9840
    7.5000   60.0000  -15.0000 2496.8542   18.2388
   -7.5000  -30.0000   -7.5000 2107.0879   27.3473
    0.0000  -30.0000   -7.5000 2117.3894   27.3099
    7.5000  -30.0000   -7.5000 2108.3960   27.4058
   -7.5000  -22.5000   -7.5000 2270.2554   24.0176
    0.0000  -22.5000   -7.5000 2284.8560   23.8886
    7.5000  -22.5000   -7.5000 2271.4202   23.9861
   -7.5000  -15.0000   -7.5000 2398.0244   21.6243
    0.0000  -15.0000   -7.5000 2417.9526   21.4394
    7.5000  -15.0000   -7.5000 2401.9121   21.5176
   -7.5000   -7.5000   -7.5000 2501.6270   19.7986
    0.0000   -7.5000   -7.5000 2524.4124   19.6577
    7.5000   -7.5000   -7.5000 2511.6504   19.7409
   -7.5000    0.0000   -7.5000 2591.1104   18.3164
    0.0000    0.0000   -7.5000 2608.7537   18.1645
    7.5000    0.0000   -7.5000 2592.0750   18.2791
   -7.5000    7.5000   -7.5000 2663.1118   17.0624
    0.0000    7.5000   -7.5000 2680.1069   16.9248
    7.5000    7.5000   -7.5000 2664.3750   17.0567
   -7.5000   15.0000   -7.5000 2721.6335   16.0976
    0.0000   15.0000   -7.5000 2730.3533   15.9228
    7.5000   15.0000   -7.5000 2712.1086   16.0951
   -7.5000   22.5000   -7.5000 2754.1726   15.4354
    0.0000   22.5000   -7.5000 2765.9336   15.2285
    7.5000   22.5000   -7.5000 2742.2515   15.4301
   -7.5000   30.0000   -7.5000 2765.7568   15.1149
    0.0000   30.0000   -7.5000 2776.6465   14.9540
    7.5000   30.0000   -7.5000 2754.3745   15.2095
   -7.5000   37.5000   -7.5000 2765.6052   15.2536
    0.0000   37.5000   -7.5000 2769.5576   15.0989
    7.5000   37.5000   -7.5000 2755.7312   15.4308
   -7.5000   45.0000   -7.5000 2757.3918   15.8224
    0.0000   45.0000   -7.5000 2762.4558   15.6712
    7.5000   45.0000   -7.5000 2742.9827   15.9848
   -7.5000   52.5000   -7.5000 2691.4128   16.5592
    0.0000   52.5000   -7.5000 2693.8450   16.3758
    7.5000   52.5000   -7.5000 2677.1218   16.6789
   -7.5000   60.0000   -7.5000 2565.9685   17.2984
    0.0000   60.0000   -7.5000 2565.0063   17.1224
    7.5000   60.0000   -7.5000 2552.2847   17.3814
   -7.5000  -30.0000    0.0000 2130.1948   26.8163
    0.0000  -30.0000    0.0000 2132.2588   26.6694
    7.5000  -30.0000    0.0000 2136.0266   27.0135
   -7.5000  -22.5000    0.0000 2291.2781   23.4419
    0.0000  -22.5000    0.0000 2297.9988   23.2529
    7.5000  -22.5000    0.0000 2294.0176   23.4957
   -7.5000  -15.0000    0.0000 2417.4082   21.0224
    0.0000  -15.0000    0.0000 2431.3552   20.8185
    7.5000  -15.0000    0.0000 2419.1152   20.9652
   -7.5000   -7.5000    0.0000 2522.0576   19.1608
    0.0000   -7.5000    0.0000 2536.7893   18.9574
    7.5000   -7.5000    0.0000 2525.3274   19.1411
   -7.5000    0.0000    0.0000 2615.9436   17.6554
    0.0000    0.0000    0.0000 2632.0264   17.4857
    7.5000    0.0000    0.0000 2613.9993   17.6758
   -7.5000    7.5000    0.0000 2700.8533   16.4339
    0.0000    7.5000    0.0000 2714.8347   16.2567
    7.5000    7.5000    0.0000 2700.1960   16.4555
   -7.5000   15.0000    0.0000 2773.3740   15.5601
    0.0000   15.0000    0.0000 2778.5281   15.3802
    7.5000   15.0000    0.0000 2763.9663   15.5860
   -7.5000   22.5000    0.0000 2803.4246   14.8812
    0.0000   22.5000    0.0000 2806.7595   14.6605
    7.5000   22.5000    0.0000 2790.1414   14.8986
   -7.5000   30.0000    0.0000 2808.4902   14.4621
    0.0000   30.0000    0.0000 2810.5520   14.2335
    7.5000   30.0000    0.0000 2790.5730   14.5807
   -7.5000   37.5000    0.0000 2815.1843   14.6004
    0.0000   37.5000    0.0000 2811.4448   14.3993
    7.5000   37.5000    0.0000 2802.0764   14.8000
   -7.5000   45.0000    0.0000 2812.2935   15.1761
    0.0000   45.0000    0.0000 2808.5381   14.9837
    7.5000   45.0000    0.0000 2793.5386   15.3637
   -7.5000   52.5000    0.0000 2744.5911   15.9112
    0.0000   52.5000    0.0000 2736.7488   15.7049
    7.5000   52.5000    0.0000 2727.8835   16.0815
   -7.5000   60.0000    0.0000 2613.2427   16.6740
    0.0000   60.0000    0.0000 2604.8005   16.4737
    7.5000   60.0000    0.0000 2601.3601   16.8248
   -7.5000  -30.0000    7.5000 2135.8623   26.7763
    0.0000  -30.0000    7.5000 2151.1326   26.5804
    7.5000  -30.0000    7.5000 2154.4067   27.0885
   -7.5000  -22.5000    7.5000 2299.4927   23.3275
    0.0000  -22.5000    7.5000 2312.9624   23.0629
    7.5000  -22.5000    7.5000 2315.9001   23.4849
   -7.5000  -15.0000    7.5000 2423.1052   20.7698
    0.0000  -15.0000    7.5000 2432.1689   20.4902
    7.5000  -15.0000    7.5000 2435.7600   20.8707
   -7.5000   -7.5000    7.5000 2527.6047   18.8232
    0.0000   -7.5000    7.5000 2536.5327   18.5614
    7.5000   -7.5000    7.5000 2542.1306   18.9487
   -7.5000    0.0000    7.5000 2622.2449   17.2839
    0.0000    0.0000    7.5000 2627.5586   17.0332
    7.5000    0.0000    7.5000 2629.5801   17.4121
   -7.5000    7.5000    7.5000 2718.8137   16.0898
    0.0000    7.5000    7.5000 2721.0522   15.8333
    7.5000    7.5000    7.5000 2718.5012   16.1796
   -7.5000   15.0000    7.5000 2805.3000   15.2877
    0.0000   15.0000    7.5000 2802.2107   15.0234
    7.5000   15.0000    7.5000 2798.1775   15.3350
   -7.5000   22.5000    7.5000 2866.3528   14.8094
    0.0000   22.5000    7.5000 2856.6201   14.5126
    7.5000   22.5000    7.5000 2846.1138   14.7486
   -7.5000   30.0000    7.5000 2855.5244   14.2236
    0.0000   30.0000    7.5000 2841.9702   13.9241
    7.5000   30.0000    7.5000 2839.4058   14.3847
   -7.5000   37.5000    7.5000 2861.2646   14.2898
    0.0000   37.5000    7.5000 2840.5967   14.0112
    7.5000   37.5000    7.5000 2847.2725   14.5702
   -7.5000   45.0000    7.5000 2850.5803   14.8550
    0.0000   45.0000    7.5000 2834.4502   14.5551
    7.5000   45.0000    7.5000 2840.5364   15.1134
   -7.5000   52.5000    7.5000 2781.2532   15.5818
    0.0000   52.5000    7.5000 2769.6331   15.3066
    7.5000   52.5000    7.5000 2772.6814   15.8027
   -7.5000   60.0000    7.5000 2646.2742   16.3537
    0.0000   60.0000    7.5000 2632.9717   16.0790
    7.5000   60.0000    7.5000 2636.0840   16.5324
   -7.5000  -30.0000   15.0000 2134.7212   26.9949
    0.0000  -30.0000   15.0000 2143.6792   26.6683
    7.5000  -30.0000   15.0000 2144.7400   27.2376
   -7.5000  -22.5000   15.0000 2288.2642   23.4263
    0.0000  -22.5000   15.0000 2303.5002   23.1502
    7.5000  -22.5000   15.0000 2302.0825   23.6039
   -7.5000  -15.0000   15.0000 2408.8452   20.7825
    0.0000  -15.0000   15.0000 2424.2195   20.5549
    7.5000  -15.0000   15.0000 2427.7988   20.9934
   -7.5000   -7.5000   15.0000 2514.7124   18.8300
    0.0000   -7.5000   15.0000 2530.0369   18.5945
    7.5000   -7.5000   15.0000 2534.9963   19.0035
   -7.5000    0.0000   15.0000 2612.3296   17.2682
    0.0000    0.0000   15.0000 2620.6345   17.0536
    7.5000    0.0000   15.0000 2628.0857   17.4375
   -7.5000    7.5000   15.0000 2719.5754   16.0602
    0.0000    7.5000   15.0000 2720.0146   15.8433
    7.5000    7.5000   15.0000 2724.4924   16.1911
   -7.5000   15.0000   15.0000 2823.8086   15.3276
    0.0000   15.0000   15.0000 2815.9734   15.0919
    7.5000   15.0000   15.0000 2819.9038   15.4132
   -7.5000   22.5000   15.0000 2918.4971   15.0506
    0.0000   22.5000   15.0000 2914.9243   14.8471
    7.5000   22.5000   15.0000 2894.3979   14.9489
   -7.5000   30.0000   15.0000 2923.2258   14.6354
    0.0000   30.0000   15.0000 2933.5293   14.5136
    7.5000   30.0000   15.0000 2893.6780   14.6171
   -7.5000   37.5000   15.0000 2901.5178   14.4802
    0.0000   37.5000   15.0000 2903.6206   14.3379
    7.5000   37.5000   15.0000 2882.9197   14.6756
   -7.5000   45.0000   15.0000 2861.8042   14.7762
    0.0000   45.0000   15.0000 2864.3369   14.6299
    7.5000   45.0000   15.0000 2849.1951   15.0121
   -7.5000   52.5000   15.0000 2785.1301   15.4315
    0.0000   52.5000   15.0000 2798.1755   15.3251
    7.5000   52.5000   15.0000 2780.7129   15.6542
   -7.5000   60.0000   15.0000 2651.4136   16.2474
    0.0000   60.0000   15.0000 2659.8091   16.1531
    7.5000   60.0000   15.0000 2640.2007   16.4154
   -7.5000  -30.0000   22.5000 2131.5652   27.5818
    0.0000  -30.0000   22.5000 2142.0789   27.4190
    7.5000  -30.0000   22.5000 2136.3611   27.9027
   -7.5000  -22.5000   22.5000 2285.6321   23.8137
    0.0000  -22.5000   22.5000 2293.2649   23.5632
    7.5000  -22.5000   22.5000 2296.2922   24.0984
   -7.5000  -15.0000   22.5000 2404.5400   21.0698
    0.0000  -15.0000   22.5000 2412.6809   20.8130
    7.5000  -15.0000   22.5000 2427.2405   21.3738
   -7.5000   -7.5000   22.5000 2517.9241   19.1227
    0.0000   -7.5000   22.5000 2521.1060   18.8664
    7.5000   -7.5000   22.5000 2536.4299   19.3576
   -7.5000    0.0000   22.5000 2616.4329   17.5847
    0.0000    0.0000   22.5000 2622.1543   17.4448
    7.5000    0.0000   22.5000 2635.2981   17.8401
   -7.5000    7.5000   22.5000 2733.3530   16.3850
    0.0000    7.5000   22.5000 2744.0422   16.3671
    7.5000    7.5000   22.5000 2741.3828   16.6199
   -7.5000   15.0000   22.5000 2856.4524   15.7377
    0.0000   15.0000   22.5000 2877.3250   15.7502
    7.5000   15.0000   22.5000 2842.1455   15.8218
   -7.5000   22.5000   22.5000 2964.4194   15.4144
    0.0000   22.5000   22.5000 2997.5188   15.5267
    7.5000   22.5000   22.5000 2903.7444   15.2689
   -7.5000   30.0000   22.5000 2966.7024   15.0685
    0.0000   30.0000   22.5000 3015.2820   15.2512
    7.5000   30.0000   22.5000 2906.3994   14.9917
   -7.5000   37.5000   22.5000 2927.7756   14.9453
    0.0000   37.5000   22.5000 2965.7297   15.1097
    7.5000   37.5000   22.5000 2887.8848   15.0261
   -7.5000   45.0000   22.5000 2872.8574   15.1402
    0.0000   45.0000   22.5000 2906.0051   15.2770
    7.5000   45.0000   22.5000 2844.9175   15.2996
   -7.5000   52.5000   22.5000 2785.9402   15.6753
    0.0000   52.5000   22.5000 2809.4312   15.7446
    7.5000   52.5000   22.5000 2767.4351   15.8485
   -7.5000   60.0000   22.5000 2646.2234   16.3964
    0.0000   60.0000   22.5000 2664.1335   16.3338
    7.5000   60.0000   22.5000 2633.9705   16.5194
   -7.5000  -30.0000   30.0000 2108.7803   28.3299
    0.0000  -30.0000   30.0000 2112.7642   28.3033
    7.5000  -30.0000   30.0000 2114.2292   28.8158
   -7.5000  -22.5000   30.0000 2264.5745   24.3888
    0.0000  -22.5000   30.0000 2273.1489   24.3291
    7.5000  -22.5000   30.0000 2274.2229   24.8285
   -7.5000  -15.0000   30.0000 2391.4104   21.6148
    0.0000  -15.0000   30.0000 2407.0059   21.5535
    7.5000  -15.0000   30.0000 2402.9275   22.0212
   -7.5000   -7.5000   30.0000 2508.0815   19.6560
    0.0000   -7.5000   30.0000 2528.2529   19.6545
    7.5000   -7.5000   30.0000 2515.1121   19.9709
   -7.5000    0.0000   30.0000 2623.4575   18.1254
    0.0000    0.0000   30.0000 2648.2373   18.2116
    7.5000    0.0000   30.0000 2629.0300   18.4907
   -7.5000    7.5000   30.0000 2744.5142   16.8954
    0.0000    7.5000   30.0000 2767.7966   17.0385
    7.5000    7.5000   30.0000 2739.3052   17.2419
   -7.5000   15.0000   30.0000 2857.4441   16.1355
    0.0000   15.0000   30.0000 2877.1428   16.2265
    7.5000   15.0000   30.0000 2832.5176   16.2232
   -7.5000   22.5000   30.0000 2935.9814   15.5012
    0.0000   22.5000   30.0000 2952.0959   15.5861
    7.5000   22.5000   30.0000 2882.2817   15.5367
   -7.5000   30.0000   30.0000 2944.0918   15.2201
    0.0000   30.0000   30.0000 2958.9248   15.3234
    7.5000   30.0000   30.0000 2892.3635   15.3742
   -7.5000   37.5000   30.0000 2926.3735   15.3122
    0.0000   37.5000   30.0000 2935.2817   15.4029
    7.5000   37.5000   30.0000 2883.3931   15.5096
   -7.5000   45.0000   30.0000 2878.9990   15.7232
    0.0000   45.0000   30.0000 2889.8359   15.7582
    7.5000   45.0000   30.0000 2838.8599   15.8530
   -7.5000   52.5000   30.0000 2781.5156   16.3198
    0.0000   52.5000   30.0000 2791.2300   16.3019
    7.5000   52.5000   30.0000 2752.1111   16.4217
   -7.5000   60.0000   30.0000 2637.7310   16.9469
    0.0000   60.0000   30.0000 2641.8748   16.8572
    7.5000   60.0000   30.0000 2612.9019   16.9905
   -7.5000  -30.0000   37.5000 2087.8325   29.2220
    0.0000  -30.0000   37.5000 2102.0488   29.4822
    7.5000  -30.0000   37.5000 2095.2820   29.8847
   -7.5000  -22.5000   37.5000 2251.5916   25.2501
    0.0000  -22.5000   37.5000 2267.8137   25.3871
    7.5000  -22.5000   37.5000 2256.1736   25.7911
   -7.5000  -15.0000   37.5000 2392.5854   22.5085
    0.0000  -15.0000   37.5000 2410.1301   22.5386
    7.5000  -15.0000   37.5000 2387.0413   22.9266
   -7.5000   -7.5000   37.5000 2515.5518   20.4286
    0.0000   -7.5000   37.5000 2532.0188   20.4601
    7.5000   -7.5000   37.5000 2510.0730   20.8515
   -7.5000    0.0000   37.5000 2632.6355   18.8305
    0.0000    0.0000   37.5000 2644.5366   18.8594
    7.5000    0.0000   37.5000 2625.0583   19.2911
   -7.5000    7.5000   37.5000 2747.1497   17.5803
    0.0000    7.5000   37.5000 2755.0364   17.5814
    7.5000    7.5000   37.5000 2733.1968   17.9673
   -7.5000   15.0000   37.5000 2837.4680   16.5894
    0.0000   15.0000   37.5000 2844.8523   16.6398
    7.5000   15.0000   37.5000 2817.3154   16.8484
   -7.5000   22.5000   37.5000 2882.6643   15.8206
    0.0000   22.5000   37.5000 2893.3733   15.8258
    7.5000   22.5000   37.5000 2863.6594   16.1452
   -7.5000   30.0000   37.5000 2908.2341   15.6346
    0.0000   30.0000   37.5000 2916.9001   15.6742
    7.5000   30.0000   37.5000 2878.5085   15.9573
   -7.5000   37.5000   37.5000 2898.4873   15.8711
    0.0000   37.5000   37.5000 2898.0745   15.8938
    7.5000   37.5000   37.5000 2863.6960   16.1281
   -7.5000   45.0000   37.5000 2849.2649   16.3710
    0.0000   45.0000   37.5000 2855.2312   16.3605
    7.5000   45.0000   37.5000 2815.4766   16.5452
   -7.5000   52.5000   37.5000 2752.8530   17.0055
    0.0000   52.5000   37.5000 2756.5259   16.9446
    7.5000   52.5000   37.5000 2728.5549   17.1355
   -7.5000   60.0000   37.5000 2616.4343   17.6317
    0.0000   60.0000   37.5000 2617.2998   17.5373
    7.5000   60.0000   37.5000 2596.8154   17.7297
   -7.5000  -30.0000   45.0000 2067.0325   30.2650
    0.0000  -30.0000   45.0000 2075.8599   30.4086
    7.5000  -30.0000   45.0000 2069.4351   31.0359
   -7.5000  -22.5000   45.0000 2234.9175   26.2483
    0.0000  -22.5000   45.0000 2241.3452   26.2768
    7.5000  -22.5000   45.0000 2231.6926   26.9109
   -7.5000  -15.0000   45.0000 2380.9204   23.3956
    0.0000  -15.0000   45.0000 2385.3972   23.3614
    7.5000  -15.0000   45.0000 2367.4353   23.9199
   -7.5000   -7.5000   45.0000 2503.8123   21.2585
    0.0000   -7.5000   45.0000 2510.2036   21.2157
    7.5000   -7.5000   45.0000 2494.0310   21.7907
   -7.5000    0.0000   45.0000 2618.0188   19.6200
    0.0000    0.0000   45.0000 2623.4595   19.5871
    7.5000    0.0000   45.0000 2606.0742   20.1725
   -7.5000    7.5000   45.0000 2721.4431   18.2733
    0.0000    7.5000   45.0000 2723.9675   18.2707
    7.5000    7.5000   45.0000 2709.7727   18.7581
   -7.5000   15.0000   45.0000 2795.0168   17.1188
    0.0000   15.0000   45.0000 2798.5767   17.1281
    7.5000   15.0000   45.0000 2785.5171   17.6190
   -7.5000   22.5000   45.0000 2844.8171   16.4442
    0.0000   22.5000   45.0000 2850.3193   16.3816
    7.5000   22.5000   45.0000 2828.9497   16.8962
   -7.5000   30.0000   45.0000 2869.3032   16.3326
    0.0000   30.0000   45.0000 2872.4534   16.3653
    7.5000   30.0000   45.0000 2840.5952   16.7298
   -7.5000   37.5000   45.0000 2849.3728   16.6144
    0.0000   37.5000   45.0000 2850.3704   16.5952
    7.5000   37.5000   45.0000 2822.2263   16.8781
   -7.5000   45.0000   45.0000 2797.4792   17.1780
    0.0000   45.0000   45.0000 2802.9084   17.1169
    7.5000   45.0000   45.0000 2776.4561   17.3206
   -7.5000   52.5000   45.0000 2707.6226   17.8155
    0.0000   52.5000   45.0000 2709.8979   17.7278
    7.5000   52.5000   45.0000 2687.8474   17.9334
   -7.5000   60.0000   45.0000 2577.5767   18.4263
    0.0000   60.0000   45.0000 2572.4614   18.3249
    7.5000   60.0000   45.0000 2553.1917   18.5325

---------------------------------------------------------------------
imgreg_4dfp /opt/freesurfer/average/711-2C_as_mni_average_305 /opt/freesurfer/average/711-2B_as_mni_average_305_mask talsrcimg_g11 none talsrcimg_to_711-2C_as_mni_average_305_t4 1283
---------------------------------------------------------------------

freesurfer imgreg_4dfp.c
/opt/freesurfer/average/711-2C_as_mni_average_305.4dfp.img
       256       256       256         1
  1.000000  1.000000  1.000000
orientation T byte_order littleendian
Reading image: /opt/freesurfer/average/711-2C_as_mni_average_305.4dfp.img
dimensions:      256       256       256
mmppix:       1.0000   -1.0000   -1.0000
center:     128.0000 -129.0000 -129.0000
/opt/freesurfer/average/711-2B_as_mni_average_305_mask.4dfp.img
       256       256       256         1
  1.000000  1.000000  1.000000
orientation T byte_order littleendian
Reading mask: /opt/freesurfer/average/711-2B_as_mni_average_305_mask.4dfp.img (2306576 pixels)
talsrcimg_g11.4dfp.img
       256       256       256         1
  1.000000  1.000000  1.000000
orientation T byte_order littleendian
Reading image: talsrcimg_g11.4dfp.img
dimensions:      256       256       256
mmppix:       1.0000   -1.0000   -1.0000
center:     128.0000 -129.0000 -129.0000
rotation matrix determinant  1.000000
fimgreg.f
image alignment mode   1283 decimal      503 hex
parameters
    0.0000   30.0000   22.5000    0.0000    0.0000    0.0000
eta,q 0.94437 15.27643
niter,ni,del,rscale     5    3   12.0000    1.2000
parameter  1  0.504564 ->  0.500000 qaram    1.1500
parameter  5 -0.563378 -> -0.500000 qaram    1.1500
parameters
   -3.4500   28.7833   22.7114    2.3993    3.4500   -1.7061
eta,q 0.95922 15.44582
  0.0586  0.0568  0.0636  0.0585  0.0655  0.0445
  0.0495  0.0516  0.0541  0.0559  0.0588  0.0420
  0.0467  0.0469  0.0485  0.0509  0.0520  0.0408
  0.0550  0.0474  0.0463  0.0463  0.0448  0.0414
  0.0674  0.0530  0.0480  0.0447  0.0416  0.0436
  0.0760  0.0598  0.0530  0.0465  0.0417  0.0475
  0.0829  0.0663  0.0610  0.0492  0.0453  0.0519
niter,ni,del,rscale     6    3   12.0000    1.2000
parameters
   -3.7080   27.3143   22.6561    3.4394    3.5074   -1.7450
eta,q 0.96060 15.49782
  0.0725  0.0501  0.0563  0.0520  0.0582  0.0468
  0.0588  0.0443  0.0464  0.0464  0.0496  0.0428
  0.0441  0.0398  0.0398  0.0411  0.0415  0.0402
  0.0408  0.0403  0.0392  0.0391  0.0394  0.0394
  0.0517  0.0475  0.0427  0.0401  0.0423  0.0401
  0.0646  0.0559  0.0474  0.0421  0.0492  0.0427
  0.0730  0.0633  0.0556  0.0452  0.0572  0.0472
niter,ni,del,rscale     5    3   12.0000    1.2000
parameters
   -3.7512   26.9230   22.7310    3.8835    3.5598   -1.7565
eta,q 0.96027 15.51664
  0.0737  0.0545  0.0566  0.0498  0.0582  0.0470
  0.0591  0.0465  0.0467  0.0440  0.0496  0.0431
  0.0441  0.0422  0.0402  0.0403  0.0417  0.0406
  0.0394  0.0393  0.0395  0.0395  0.0397  0.0397
  0.0491  0.0423  0.0424  0.0408  0.0425  0.0402
  0.0622  0.0501  0.0467  0.0429  0.0491  0.0428
  0.0712  0.0588  0.0546  0.0464  0.0573  0.0475
niter,ni,del,rscale     4    3   12.0000    1.2000
parameters
   -3.7693   26.7404   22.7470    4.0789    3.5876   -1.7431
eta,q 0.96006 15.52238
  0.0741  0.0553  0.0560  0.0489  0.0581  0.0472
  0.0592  0.0469  0.0465  0.0433  0.0495  0.0433
  0.0443  0.0428  0.0403  0.0402  0.0418  0.0408
  0.0397  0.0397  0.0398  0.0399  0.0399  0.0399
  0.0492  0.0418  0.0425  0.0410  0.0427  0.0402
  0.0620  0.0486  0.0468  0.0433  0.0493  0.0428
  0.0711  0.0575  0.0548  0.0470  0.0575  0.0476
niter,ni,del,rscale     3    3   12.0000    1.2000
parameters
   -3.7726   26.6681   22.7498    4.1557    3.5961   -1.7391
eta,q 0.95999 15.52494
  0.0742  0.0557  0.0559  0.0485  0.0581  0.0472
  0.0593  0.0472  0.0465  0.0430  0.0494  0.0434
  0.0445  0.0430  0.0404  0.0402  0.0418  0.0409
  0.0399  0.0399  0.0400  0.0400  0.0400  0.0400
  0.0492  0.0416  0.0425  0.0411  0.0428  0.0403
  0.0619  0.0479  0.0469  0.0435  0.0494  0.0428
  0.0710  0.0568  0.0549  0.0472  0.0576  0.0477
niter,ni,del,rscale     2    3   12.0000    1.2000
parameters
   -3.7729   26.6406   22.7526    4.1843    3.5988   -1.7378
eta,q 0.95996 15.52613
  0.0743  0.0558  0.0559  0.0483  0.0581  0.0472
  0.0593  0.0474  0.0465  0.0429  0.0494  0.0434
  0.0445  0.0431  0.0404  0.0402  0.0418  0.0409
  0.0400  0.0400  0.0400  0.0400  0.0400  0.0400
  0.0492  0.0416  0.0425  0.0412  0.0428  0.0403
  0.0619  0.0477  0.0469  0.0436  0.0494  0.0429
  0.0710  0.0566  0.0549  0.0473  0.0577  0.0478
registration optimization eta report
parameter search radius
    6.9000    6.0000    6.0000    6.0000    6.9000    6.0000
100000*second partial in parameter space
       64.       44.       43.       22.       37.       21.
  0.0743  0.0558  0.0559  0.0483  0.0581  0.0472
  0.0593  0.0474  0.0465  0.0429  0.0494  0.0434
  0.0445  0.0431  0.0404  0.0402  0.0418  0.0409
  0.0400  0.0400  0.0400  0.0400  0.0400  0.0400
  0.0492  0.0416  0.0425  0.0412  0.0428  0.0403
  0.0619  0.0477  0.0469  0.0436  0.0494  0.0429
  0.0710  0.0566  0.0549  0.0473  0.0577  0.0478
   -3.7729   26.6406   22.7526    4.1843    3.5988   -1.7378
eta,q 0.95996 15.52613

---------------------------------------------------------------------
imgreg_4dfp /opt/freesurfer/average/711-2C_as_mni_average_305 /opt/freesurfer/average/711-2B_as_mni_average_305_mask talsrcimg_g11 none talsrcimg_to_711-2C_as_mni_average_305_t4 3335
---------------------------------------------------------------------

freesurfer imgreg_4dfp.c
/opt/freesurfer/average/711-2C_as_mni_average_305.4dfp.img
       256       256       256         1
  1.000000  1.000000  1.000000
orientation T byte_order littleendian
Reading image: /opt/freesurfer/average/711-2C_as_mni_average_305.4dfp.img
dimensions:      256       256       256
mmppix:       1.0000   -1.0000   -1.0000
center:     128.0000 -129.0000 -129.0000
/opt/freesurfer/average/711-2B_as_mni_average_305_mask.4dfp.img
       256       256       256         1
  1.000000  1.000000  1.000000
orientation T byte_order littleendian
Reading mask: /opt/freesurfer/average/711-2B_as_mni_average_305_mask.4dfp.img (2306576 pixels)
talsrcimg_g11.4dfp.img
       256       256       256         1
  1.000000  1.000000  1.000000
orientation T byte_order littleendian
Reading image: talsrcimg_g11.4dfp.img
dimensions:      256       256       256
mmppix:       1.0000   -1.0000   -1.0000
center:     128.0000 -129.0000 -129.0000
fimgreg.f
image alignment mode   3335 decimal      D07 hex
parameters
   -3.7729   26.6406   22.7526   -0.2431   -0.2985   -0.4632
    2.5667   -6.4786   -3.0266   -7.1033    6.2770    7.2822
eta,q 0.95790 15.45669
niter,ni,del,rscale     5    3    5.0000    1.2000
parameter  4  0.744843 ->  0.500000 qaram    1.1500
parameter  5 10.974753 ->  0.500000 qaram    1.1500
parameter 12  1.134968 ->  0.500000 qaram    1.1500
parameters
   -3.7838   26.7970   22.7847   -4.3831   -4.4385   -2.3886
    2.8497   -6.1767   -2.4567   -7.6469    6.5135    3.1422
eta,q 0.97111 15.38231
  0.0479  0.0442  0.0451  0.0382  0.0262  0.0319  0.0341  0.0376  0.0332  0.0343  0.0315  0.0285
  0.0447  0.0429  0.0434  0.0379  0.0288  0.0310  0.0320  0.0332  0.0317  0.0320  0.0308  0.0288
  0.0427  0.0422  0.0424  0.0389  0.0329  0.0303  0.0307  0.0309  0.0307  0.0305  0.0303  0.0293
  0.0421  0.0421  0.0421  0.0421  0.0380  0.0298  0.0302  0.0302  0.0302  0.0302  0.0301  0.0301
  0.0429  0.0423  0.0424  0.0479  0.0423  0.0300  0.0305  0.0306  0.0303  0.0309  0.0302  0.0312
  0.0449  0.0428  0.0433  0.0556  0.0461  0.0343  0.0317  0.0324  0.0311  0.0329  0.0305  0.0326
  0.0479  0.0435  0.0449  0.0640  0.0504  0.0433  0.0336  0.0364  0.0325  0.0358  0.0314  0.0343
niter,ni,del,rscale     7    3    5.0000    1.2000
parameter  3  0.902898 ->  0.500000 qaram    1.1500
parameter  5  0.636295 ->  0.500000 qaram    1.3225
parameters
   -3.4848   26.3613   21.4047   -5.8840   -9.1995   -0.8255
    2.9215   -6.2819   -2.3761   -8.6749    6.8408    1.6954
eta,q 0.97475 15.21938
  0.0334  0.0312  0.0276  0.0320  0.0272  0.0290  0.0284  0.0322  0.0273  0.0274  0.0268  0.0261
  0.0312  0.0296  0.0276  0.0301  0.0262  0.0280  0.0267  0.0278  0.0262  0.0261  0.0260  0.0256
  0.0297  0.0287  0.0280  0.0285  0.0260  0.0270  0.0257  0.0259  0.0255  0.0254  0.0256  0.0253
  0.0289  0.0288  0.0286  0.0277  0.0280  0.0260  0.0253  0.0253  0.0253  0.0253  0.0253  0.0253
  0.0289  0.0297  0.0297  0.0284  0.0331  0.0249  0.0256  0.0258  0.0255  0.0259  0.0253  0.0255
  0.0298  0.0315  0.0310  0.0325  0.0391  0.0247  0.0267  0.0281  0.0261  0.0271  0.0257  0.0261
  0.0317  0.0338  0.0325  0.0396  0.0435  0.0281  0.0283  0.0327  0.0272  0.0292  0.0267  0.0271
niter,ni,del,rscale     7    3    5.0000    1.2000
parameter  2 -0.528249 -> -0.500000 qaram    1.1500
parameters
   -3.4750   27.7413   21.1879   -5.3346  -11.4424   -1.3171
    3.1300   -6.3769   -2.4426   -7.8411    7.4428   -0.8857
eta,q 0.97526 15.07826
  0.0286  0.0305  0.0259  0.0306  0.0288  0.0275  0.0276  0.0308  0.0266  0.0275  0.0263  0.0253
  0.0268  0.0283  0.0249  0.0283  0.0267  0.0265  0.0261  0.0269  0.0257  0.0260  0.0257  0.0248
  0.0256  0.0265  0.0245  0.0262  0.0251  0.0256  0.0252  0.0253  0.0251  0.0252  0.0252  0.0247
  0.0252  0.0253  0.0244  0.0244  0.0241  0.0247  0.0249  0.0249  0.0249  0.0249  0.0249  0.0249
  0.0256  0.0245  0.0247  0.0234  0.0260  0.0239  0.0251  0.0252  0.0251  0.0250  0.0248  0.0252
  0.0267  0.0245  0.0254  0.0251  0.0321  0.0255  0.0259  0.0271  0.0257  0.0255  0.0252  0.0258
  0.0286  0.0252  0.0264  0.0309  0.0382  0.0308  0.0273  0.0312  0.0267  0.0264  0.0261  0.0265
niter,ni,del,rscale     7    3    5.0000    1.2000
parameters
   -3.4518   28.2338   21.3503   -4.9469  -12.1955   -0.9983
    3.3942   -6.5799   -2.6422   -7.0575    7.3159   -1.4158
eta,q 0.97539 15.07418
  0.0279  0.0287  0.0265  0.0302  0.0301  0.0278  0.0272  0.0305  0.0262  0.0271  0.0258  0.0256
  0.0261  0.0268  0.0254  0.0281  0.0279  0.0266  0.0258  0.0265  0.0253  0.0257  0.0252  0.0250
  0.0251  0.0254  0.0249  0.0262  0.0259  0.0257  0.0250  0.0250  0.0248  0.0249  0.0248  0.0247
  0.0247  0.0247  0.0246  0.0246  0.0244  0.0247  0.0246  0.0246  0.0246  0.0246  0.0246  0.0246
  0.0251  0.0247  0.0247  0.0237  0.0241  0.0238  0.0248  0.0250  0.0248  0.0248  0.0247  0.0248
  0.0261  0.0253  0.0252  0.0255  0.0278  0.0247  0.0256  0.0271  0.0254  0.0253  0.0251  0.0252
  0.0278  0.0267  0.0261  0.0310  0.0348  0.0286  0.0269  0.0312  0.0264  0.0261  0.0261  0.0258
niter,ni,del,rscale     6    3    5.0000    1.2000
parameters
   -3.4926   28.4446   21.3364   -5.0598  -12.3687   -0.9618
    3.5418   -6.5611   -2.7700   -6.6661    7.4064   -1.7661
eta,q 0.97530 15.06205
  0.0277  0.0278  0.0263  0.0300  0.0305  0.0277  0.0271  0.0308  0.0262  0.0268  0.0260  0.0258
  0.0259  0.0261  0.0253  0.0279  0.0282  0.0266  0.0258  0.0267  0.0254  0.0255  0.0254  0.0251
  0.0249  0.0251  0.0247  0.0261  0.0262  0.0257  0.0250  0.0251  0.0249  0.0249  0.0249  0.0247
  0.0246  0.0246  0.0246  0.0246  0.0246  0.0247  0.0247  0.0247  0.0247  0.0247  0.0247  0.0247
  0.0250  0.0248  0.0248  0.0239  0.0239  0.0238  0.0249  0.0250  0.0249  0.0249  0.0247  0.0249
  0.0260  0.0255  0.0253  0.0263  0.0264  0.0250  0.0257  0.0268  0.0254  0.0254  0.0251  0.0253
  0.0279  0.0269  0.0263  0.0323  0.0332  0.0293  0.0270  0.0307  0.0263  0.0262  0.0261  0.0259
niter,ni,del,rscale     5    3    5.0000    1.2000
parameters
   -3.4913   28.5488   21.3077   -5.0973  -12.4123   -0.9819
    3.6043   -6.5783   -2.8840   -6.4482    7.4901   -1.9493
eta,q 0.97526 15.05800
  0.0278  0.0276  0.0264  0.0300  0.0305  0.0277  0.0271  0.0307  0.0262  0.0267  0.0260  0.0259
  0.0261  0.0260  0.0254  0.0280  0.0282  0.0266  0.0258  0.0267  0.0254  0.0255  0.0254  0.0251
  0.0250  0.0251  0.0248  0.0262  0.0263  0.0257  0.0250  0.0251  0.0249  0.0249  0.0250  0.0248
  0.0247  0.0247  0.0247  0.0247  0.0247  0.0247  0.0247  0.0247  0.0247  0.0247  0.0247  0.0247
  0.0250  0.0249  0.0249  0.0240  0.0239  0.0238  0.0250  0.0251  0.0249  0.0250  0.0248  0.0249
  0.0260  0.0257  0.0255  0.0262  0.0262  0.0251  0.0257  0.0269  0.0255  0.0255  0.0252  0.0253
  0.0278  0.0272  0.0264  0.0322  0.0328  0.0294  0.0270  0.0307  0.0263  0.0263  0.0261  0.0259
niter,ni,del,rscale     4    3    5.0000    1.2000
parameters
   -3.4933   28.6066   21.2883   -5.1131  -12.4408   -0.9899
    3.6550   -6.5962   -2.9596   -6.3117    7.5480   -2.0588
eta,q 0.97525 15.05596
  0.0278  0.0275  0.0264  0.0301  0.0305  0.0277  0.0271  0.0307  0.0262  0.0266  0.0260  0.0259
  0.0261  0.0260  0.0254  0.0280  0.0282  0.0266  0.0258  0.0267  0.0254  0.0255  0.0254  0.0252
  0.0251  0.0251  0.0249  0.0262  0.0263  0.0257  0.0250  0.0252  0.0249  0.0249  0.0250  0.0248
  0.0247  0.0247  0.0247  0.0247  0.0247  0.0248  0.0248  0.0248  0.0248  0.0248  0.0248  0.0248
  0.0251  0.0250  0.0249  0.0240  0.0240  0.0238  0.0250  0.0251  0.0249  0.0250  0.0248  0.0249
  0.0261  0.0258  0.0255  0.0262  0.0261  0.0251  0.0258  0.0269  0.0255  0.0255  0.0252  0.0253
  0.0278  0.0273  0.0264  0.0321  0.0328  0.0294  0.0270  0.0307  0.0263  0.0263  0.0261  0.0259
niter,ni,del,rscale     3    3    5.0000    1.2000
parameters
   -3.4957   28.6467   21.2703   -5.1262  -12.4638   -1.0043
    3.6879   -6.6098   -3.0114   -6.2217    7.5867   -2.1216
eta,q 0.97522 15.05382
  0.0278  0.0275  0.0265  0.0301  0.0305  0.0278  0.0271  0.0307  0.0263  0.0266  0.0260  0.0259
  0.0261  0.0260  0.0254  0.0281  0.0282  0.0266  0.0258  0.0267  0.0254  0.0255  0.0254  0.0252
  0.0251  0.0251  0.0249  0.0263  0.0263  0.0257  0.0251  0.0252  0.0249  0.0249  0.0250  0.0248
  0.0248  0.0248  0.0248  0.0248  0.0248  0.0248  0.0248  0.0248  0.0248  0.0248  0.0248  0.0248
  0.0251  0.0250  0.0250  0.0240  0.0240  0.0239  0.0250  0.0251  0.0250  0.0250  0.0248  0.0250
  0.0261  0.0259  0.0255  0.0262  0.0261  0.0251  0.0258  0.0269  0.0255  0.0256  0.0252  0.0253
  0.0278  0.0273  0.0265  0.0321  0.0328  0.0294  0.0271  0.0307  0.0263  0.0263  0.0262  0.0259
niter,ni,del,rscale     2    3    5.0000    1.2000
parameters
   -3.4966   28.6726   21.2604   -5.1340  -12.4790   -1.0079
    3.7087   -6.6178   -3.0466   -6.1613    7.6159   -2.1629
eta,q 0.97522 15.05269
  0.0278  0.0274  0.0265  0.0301  0.0305  0.0278  0.0271  0.0308  0.0263  0.0266  0.0260  0.0260
  0.0261  0.0260  0.0255  0.0281  0.0282  0.0267  0.0258  0.0268  0.0255  0.0255  0.0254  0.0252
  0.0251  0.0251  0.0249  0.0263  0.0263  0.0257  0.0251  0.0252  0.0250  0.0249  0.0250  0.0249
  0.0248  0.0248  0.0248  0.0248  0.0248  0.0248  0.0248  0.0248  0.0248  0.0248  0.0248  0.0248
  0.0251  0.0251  0.0250  0.0241  0.0240  0.0239  0.0250  0.0251  0.0250  0.0250  0.0248  0.0250
  0.0261  0.0259  0.0255  0.0262  0.0261  0.0251  0.0258  0.0269  0.0255  0.0256  0.0252  0.0253
  0.0278  0.0273  0.0265  0.0321  0.0327  0.0294  0.0271  0.0307  0.0263  0.0263  0.0262  0.0259
registration optimization eta report
parameter search radius
    2.4000    2.7600    2.7600    8.2800    9.5220    7.2000
    7.2000    7.2000    7.2000    7.2000    7.2000    8.2800
100000*second partial in parameter space
       53.       34.       23.       10.        8.        8.
        4.       12.        3.        3.        3.        2.
  0.0278  0.0274  0.0265  0.0301  0.0305  0.0278  0.0271  0.0308  0.0263  0.0266  0.0260  0.0260
  0.0261  0.0260  0.0255  0.0281  0.0282  0.0267  0.0258  0.0268  0.0255  0.0255  0.0254  0.0252
  0.0251  0.0251  0.0249  0.0263  0.0263  0.0257  0.0251  0.0252  0.0250  0.0249  0.0250  0.0249
  0.0248  0.0248  0.0248  0.0248  0.0248  0.0248  0.0248  0.0248  0.0248  0.0248  0.0248  0.0248
  0.0251  0.0251  0.0250  0.0241  0.0240  0.0239  0.0250  0.0251  0.0250  0.0250  0.0248  0.0250
  0.0261  0.0259  0.0255  0.0262  0.0261  0.0251  0.0258  0.0269  0.0255  0.0256  0.0252  0.0253
  0.0278  0.0273  0.0265  0.0321  0.0327  0.0294  0.0271  0.0307  0.0263  0.0263  0.0262  0.0259
   -3.4966   28.6726   21.2604   -5.1340  -12.4790   -1.0079
    3.7087   -6.6178   -3.0466   -6.1613    7.6159   -2.1629
eta,q 0.97522 15.05269

---------------------------------------------------------------------
imgreg_4dfp /opt/freesurfer/average/711-2C_as_mni_average_305 /opt/freesurfer/average/711-2B_as_mni_average_305_mask talsrcimg_g11 none talsrcimg_to_711-2C_as_mni_average_305_t4 2311
---------------------------------------------------------------------

freesurfer imgreg_4dfp.c
/opt/freesurfer/average/711-2C_as_mni_average_305.4dfp.img
       256       256       256         1
  1.000000  1.000000  1.000000
orientation T byte_order littleendian
Reading image: /opt/freesurfer/average/711-2C_as_mni_average_305.4dfp.img
dimensions:      256       256       256
mmppix:       1.0000   -1.0000   -1.0000
center:     128.0000 -129.0000 -129.0000
/opt/freesurfer/average/711-2B_as_mni_average_305_mask.4dfp.img
       256       256       256         1
  1.000000  1.000000  1.000000
orientation T byte_order littleendian
Reading mask: /opt/freesurfer/average/711-2B_as_mni_average_305_mask.4dfp.img (2306576 pixels)
talsrcimg_g11.4dfp.img
       256       256       256         1
  1.000000  1.000000  1.000000
orientation T byte_order littleendian
Reading image: talsrcimg_g11.4dfp.img
dimensions:      256       256       256
mmppix:       1.0000   -1.0000   -1.0000
center:     128.0000 -129.0000 -129.0000
fimgreg.f
image alignment mode   2311 decimal      907 hex
parameters
   -3.4966   28.6726   21.2604   -5.1340  -12.4790   -1.0079
    3.7087   -6.6178   -3.0466   -6.1613    7.6159   -2.1629
eta,q 0.97522 15.05270
niter,ni,del,rscale     5    3    5.0000    0.8000
parameter  5 -0.589591 -> -0.500000 qaram    1.1500
parameters
   -3.4985   28.6818   21.2166   -3.1263   -9.7190   -0.4830
    3.5211   -6.6394   -2.7175   -6.4409    6.8738   -3.1812
eta,q 0.97688 15.28702
  0.0261  0.0257  0.0253  0.0276  0.0266  0.0255  0.0247  0.0276  0.0244  0.0243  0.0239  0.0235
  0.0254  0.0252  0.0250  0.0266  0.0257  0.0247  0.0239  0.0250  0.0238  0.0235  0.0235  0.0232
  0.0249  0.0249  0.0248  0.0256  0.0248  0.0240  0.0234  0.0236  0.0234  0.0232  0.0232  0.0231
  0.0248  0.0248  0.0248  0.0248  0.0241  0.0234  0.0232  0.0232  0.0232  0.0232  0.0232  0.0232
  0.0249  0.0249  0.0248  0.0242  0.0236  0.0229  0.0234  0.0237  0.0233  0.0234  0.0234  0.0233
  0.0254  0.0252  0.0250  0.0242  0.0234  0.0232  0.0240  0.0251  0.0236  0.0239  0.0239  0.0236
  0.0261  0.0257  0.0254  0.0253  0.0240  0.0254  0.0250  0.0276  0.0241  0.0245  0.0247  0.0240
niter,ni,del,rscale     5    3    5.0000    0.8000
parameters
   -3.5092   28.3988   21.0413   -3.9655  -10.5031   -0.1586
    3.6433   -6.5668   -2.4116   -6.7890    6.6339   -2.4188
eta,q 0.97678 15.23559
  0.0252  0.0240  0.0237  0.0253  0.0256  0.0255  0.0246  0.0274  0.0242  0.0242  0.0241  0.0239
  0.0241  0.0234  0.0233  0.0243  0.0246  0.0248  0.0239  0.0248  0.0237  0.0235  0.0236  0.0236
  0.0234  0.0231  0.0231  0.0235  0.0238  0.0241  0.0234  0.0236  0.0234  0.0232  0.0233  0.0233
  0.0231  0.0231  0.0231  0.0231  0.0232  0.0234  0.0233  0.0233  0.0233  0.0233  0.0232  0.0232
  0.0233  0.0234  0.0233  0.0235  0.0234  0.0229  0.0234  0.0236  0.0233  0.0235  0.0234  0.0232
  0.0240  0.0240  0.0236  0.0255  0.0252  0.0235  0.0238  0.0248  0.0236  0.0239  0.0237  0.0234
  0.0253  0.0251  0.0241  0.0288  0.0288  0.0258  0.0245  0.0270  0.0240  0.0245  0.0243  0.0236
niter,ni,del,rscale     4    3    5.0000    0.7000
parameters
   -3.4278   28.4330   21.0554   -3.8777  -10.4142    0.0977
    3.5409   -6.4934   -2.2678   -6.8947    6.5059   -2.4628
eta,q 0.97694 15.24885
  0.0248  0.0241  0.0238  0.0255  0.0254  0.0250  0.0241  0.0265  0.0238  0.0239  0.0238  0.0235
  0.0240  0.0236  0.0235  0.0246  0.0246  0.0244  0.0235  0.0244  0.0234  0.0234  0.0234  0.0232
  0.0234  0.0233  0.0233  0.0238  0.0238  0.0238  0.0232  0.0233  0.0232  0.0231  0.0231  0.0231
  0.0232  0.0232  0.0232  0.0232  0.0232  0.0232  0.0231  0.0231  0.0231  0.0231  0.0231  0.0231
  0.0233  0.0233  0.0233  0.0231  0.0230  0.0228  0.0232  0.0234  0.0231  0.0232  0.0232  0.0231
  0.0237  0.0236  0.0235  0.0239  0.0238  0.0234  0.0236  0.0244  0.0233  0.0235  0.0234  0.0233
  0.0245  0.0241  0.0238  0.0259  0.0259  0.0253  0.0242  0.0261  0.0237  0.0239  0.0240  0.0235
niter,ni,del,rscale     3    3    5.0000    0.6000
parameters
   -3.4093   28.4133   21.0842   -3.7412  -10.1676    0.3354
    3.4853   -6.4894   -2.1552   -6.9332    6.3803   -2.4734
eta,q 0.97712 15.27186
  0.0242  0.0237  0.0236  0.0249  0.0249  0.0246  0.0237  0.0255  0.0235  0.0236  0.0235  0.0232
  0.0236  0.0234  0.0233  0.0241  0.0241  0.0240  0.0233  0.0239  0.0232  0.0231  0.0231  0.0230
  0.0232  0.0231  0.0231  0.0235  0.0235  0.0235  0.0230  0.0231  0.0230  0.0229  0.0229  0.0229
  0.0231  0.0231  0.0231  0.0231  0.0230  0.0230  0.0229  0.0229  0.0229  0.0229  0.0229  0.0229
  0.0231  0.0231  0.0231  0.0230  0.0229  0.0227  0.0230  0.0232  0.0229  0.0230  0.0230  0.0229
  0.0235  0.0234  0.0233  0.0235  0.0234  0.0232  0.0233  0.0240  0.0231  0.0232  0.0232  0.0230
  0.0241  0.0238  0.0235  0.0250  0.0249  0.0247  0.0238  0.0254  0.0234  0.0236  0.0236  0.0232
niter,ni,del,rscale     2    3    5.0000    0.5000
parameters
   -3.4110   28.3726   21.1150   -3.6460   -9.9228    0.5737
    3.4522   -6.5015   -2.0731   -6.9663    6.2772   -2.4318
eta,q 0.97726 15.29301
  0.0237  0.0233  0.0233  0.0242  0.0243  0.0241  0.0233  0.0247  0.0232  0.0233  0.0232  0.0230
  0.0232  0.0231  0.0230  0.0237  0.0237  0.0237  0.0230  0.0235  0.0229  0.0229  0.0229  0.0228
  0.0230  0.0229  0.0229  0.0232  0.0232  0.0232  0.0228  0.0229  0.0228  0.0228  0.0228  0.0228
  0.0229  0.0229  0.0229  0.0229  0.0229  0.0228  0.0227  0.0227  0.0227  0.0227  0.0227  0.0227
  0.0230  0.0229  0.0229  0.0229  0.0228  0.0226  0.0228  0.0230  0.0228  0.0228  0.0228  0.0228
  0.0232  0.0231  0.0230  0.0233  0.0231  0.0230  0.0230  0.0236  0.0229  0.0230  0.0230  0.0228
  0.0237  0.0234  0.0232  0.0243  0.0242  0.0241  0.0234  0.0246  0.0231  0.0232  0.0233  0.0230
niter,ni,del,rscale     1    3    5.0000    0.4000
parameters
   -3.4199   28.3226   21.1582   -3.5824   -9.7007    0.8286
    3.4261   -6.5324   -2.0221   -6.9776    6.2025   -2.3274
eta,q 0.97738 15.31262
  0.0233  0.0230  0.0230  0.0237  0.0237  0.0237  0.0230  0.0239  0.0229  0.0230  0.0230  0.0228
  0.0230  0.0229  0.0229  0.0233  0.0233  0.0233  0.0228  0.0231  0.0228  0.0228  0.0228  0.0227
  0.0228  0.0228  0.0228  0.0229  0.0230  0.0230  0.0227  0.0227  0.0227  0.0227  0.0227  0.0226
  0.0227  0.0227  0.0227  0.0227  0.0227  0.0227  0.0226  0.0226  0.0226  0.0226  0.0226  0.0226
  0.0228  0.0228  0.0228  0.0227  0.0227  0.0226  0.0227  0.0228  0.0226  0.0227  0.0227  0.0226
  0.0230  0.0229  0.0228  0.0230  0.0229  0.0228  0.0228  0.0232  0.0227  0.0228  0.0228  0.0227
  0.0233  0.0231  0.0230  0.0237  0.0236  0.0236  0.0230  0.0239  0.0229  0.0230  0.0230  0.0228
registration optimization eta report
parameter search radius
    0.8000    0.8000    0.8000    2.4000    2.7600    2.4000
    2.4000    2.4000    2.4000    2.4000    2.4000    2.4000
100000*second partial in parameter space
       84.       52.       40.       17.       12.       17.
        7.       22.        5.        6.        6.        3.
  0.0233  0.0230  0.0230  0.0237  0.0237  0.0237  0.0230  0.0239  0.0229  0.0230  0.0230  0.0228
  0.0230  0.0229  0.0229  0.0233  0.0233  0.0233  0.0228  0.0231  0.0228  0.0228  0.0228  0.0227
  0.0228  0.0228  0.0228  0.0229  0.0230  0.0230  0.0227  0.0227  0.0227  0.0227  0.0227  0.0226
  0.0227  0.0227  0.0227  0.0227  0.0227  0.0227  0.0226  0.0226  0.0226  0.0226  0.0226  0.0226
  0.0228  0.0228  0.0228  0.0227  0.0227  0.0226  0.0227  0.0228  0.0226  0.0227  0.0227  0.0226
  0.0230  0.0229  0.0228  0.0230  0.0229  0.0228  0.0228  0.0232  0.0227  0.0228  0.0228  0.0227
  0.0233  0.0231  0.0230  0.0237  0.0236  0.0236  0.0230  0.0239  0.0229  0.0230  0.0230  0.0228
   -3.4199   28.3226   21.1582   -3.5824   -9.7007    0.8286
    3.4261   -6.5324   -2.0221   -6.9776    6.2025   -2.3274
eta,q 0.97738 15.31262

---------------------------------------------------------------------
imgreg_4dfp /opt/freesurfer/average/711-2C_as_mni_average_305 /opt/freesurfer/average/711-2B_as_mni_average_305_mask talsrcimg_g11 none talsrcimg_to_711-2C_as_mni_average_305_t4 2311
---------------------------------------------------------------------

freesurfer imgreg_4dfp.c
/opt/freesurfer/average/711-2C_as_mni_average_305.4dfp.img
       256       256       256         1
  1.000000  1.000000  1.000000
orientation T byte_order littleendian
Reading image: /opt/freesurfer/average/711-2C_as_mni_average_305.4dfp.img
dimensions:      256       256       256
mmppix:       1.0000   -1.0000   -1.0000
center:     128.0000 -129.0000 -129.0000
/opt/freesurfer/average/711-2B_as_mni_average_305_mask.4dfp.img
       256       256       256         1
  1.000000  1.000000  1.000000
orientation T byte_order littleendian
Reading mask: /opt/freesurfer/average/711-2B_as_mni_average_305_mask.4dfp.img (2306576 pixels)
talsrcimg_g11.4dfp.img
       256       256       256         1
  1.000000  1.000000  1.000000
orientation T byte_order littleendian
Reading image: talsrcimg_g11.4dfp.img
dimensions:      256       256       256
mmppix:       1.0000   -1.0000   -1.0000
center:     128.0000 -129.0000 -129.0000
fimgreg.f
image alignment mode   2311 decimal      907 hex
parameters
   -3.4199   28.3226   21.1582   -3.5824   -9.7007    0.8286
    3.4261   -6.5324   -2.0221   -6.9776    6.2025   -2.3274
eta,q 0.97738 15.31262
niter,ni,del,rscale     5    3    5.0000    0.8000
parameters
   -3.4796   28.2133   21.3384   -4.3331  -10.2690    0.2561
    3.4134   -6.4427   -2.0861   -7.0024    6.3360   -1.9621
eta,q 0.97687 15.25526
  0.0247  0.0238  0.0241  0.0250  0.0247  0.0250  0.0245  0.0271  0.0240  0.0243  0.0241  0.0237
  0.0236  0.0232  0.0233  0.0240  0.0239  0.0243  0.0237  0.0246  0.0236  0.0235  0.0236  0.0234
  0.0229  0.0228  0.0228  0.0231  0.0232  0.0236  0.0233  0.0234  0.0232  0.0232  0.0233  0.0232
  0.0226  0.0226  0.0226  0.0226  0.0228  0.0229  0.0231  0.0231  0.0231  0.0231  0.0231  0.0231
  0.0229  0.0228  0.0227  0.0230  0.0229  0.0229  0.0233  0.0235  0.0232  0.0233  0.0232  0.0232
  0.0237  0.0233  0.0230  0.0249  0.0242  0.0245  0.0237  0.0246  0.0236  0.0237  0.0235  0.0233
  0.0251  0.0243  0.0235  0.0283  0.0269  0.0276  0.0245  0.0266  0.0241  0.0242  0.0240  0.0235
niter,ni,del,rscale     4    3    5.0000    0.7000
parameters
   -3.4242   28.2710   21.0981   -3.9843  -10.0537    0.1544
    3.3967   -6.4189   -2.1196   -7.0488    6.3789   -2.2083
eta,q 0.97702 15.26643
  0.0246  0.0241  0.0235  0.0255  0.0249  0.0248  0.0241  0.0263  0.0237  0.0239  0.0238  0.0233
  0.0238  0.0236  0.0232  0.0246  0.0241  0.0242  0.0235  0.0242  0.0233  0.0233  0.0234  0.0231
  0.0233  0.0233  0.0231  0.0237  0.0235  0.0236  0.0231  0.0232  0.0231  0.0230  0.0231  0.0230
  0.0231  0.0231  0.0231  0.0231  0.0230  0.0229  0.0230  0.0230  0.0230  0.0230  0.0230  0.0230
  0.0232  0.0232  0.0233  0.0229  0.0229  0.0227  0.0231  0.0233  0.0231  0.0231  0.0231  0.0230
  0.0236  0.0235  0.0235  0.0235  0.0234  0.0237  0.0235  0.0243  0.0233  0.0234  0.0233  0.0232
  0.0244  0.0240  0.0239  0.0253  0.0249  0.0258  0.0241  0.0261  0.0238  0.0239  0.0238  0.0234
niter,ni,del,rscale     3    3    5.0000    0.6000
parameters
   -3.3995   28.2998   21.0684   -3.7873   -9.8981    0.3259
    3.3906   -6.4417   -2.0874   -7.0188    6.3313   -2.3230
eta,q 0.97716 15.28333
  0.0241  0.0237  0.0234  0.0248  0.0244  0.0245  0.0237  0.0254  0.0234  0.0236  0.0235  0.0231
  0.0235  0.0233  0.0232  0.0241  0.0238  0.0240  0.0232  0.0238  0.0231  0.0231  0.0231  0.0230
  0.0231  0.0231  0.0230  0.0234  0.0233  0.0234  0.0229  0.0230  0.0229  0.0229  0.0229  0.0229
  0.0230  0.0230  0.0230  0.0230  0.0229  0.0229  0.0228  0.0228  0.0228  0.0228  0.0228  0.0228
  0.0231  0.0230  0.0230  0.0229  0.0229  0.0226  0.0229  0.0232  0.0229  0.0229  0.0229  0.0229
  0.0234  0.0233  0.0232  0.0234  0.0233  0.0232  0.0232  0.0240  0.0231  0.0232  0.0231  0.0230
  0.0240  0.0237  0.0235  0.0248  0.0245  0.0247  0.0237  0.0254  0.0234  0.0235  0.0235  0.0232
niter,ni,del,rscale     2    3    5.0000    0.5000
parameters
   -3.4005   28.2962   21.0937   -3.6751   -9.7151    0.5570
    3.3994   -6.4733   -2.0366   -6.9912    6.2597   -2.3290
eta,q 0.97729 15.30172
  0.0236  0.0233  0.0232  0.0242  0.0239  0.0241  0.0233  0.0246  0.0232  0.0233  0.0232  0.0230
  0.0232  0.0231  0.0230  0.0236  0.0235  0.0236  0.0230  0.0235  0.0229  0.0229  0.0229  0.0228
  0.0229  0.0229  0.0229  0.0232  0.0231  0.0232  0.0228  0.0229  0.0228  0.0228  0.0228  0.0227
  0.0228  0.0228  0.0228  0.0228  0.0228  0.0228  0.0227  0.0227  0.0227  0.0227  0.0227  0.0227
  0.0229  0.0229  0.0229  0.0228  0.0228  0.0226  0.0228  0.0230  0.0228  0.0228  0.0228  0.0227
  0.0232  0.0231  0.0230  0.0232  0.0231  0.0230  0.0230  0.0236  0.0229  0.0230  0.0230  0.0228
  0.0236  0.0234  0.0232  0.0243  0.0239  0.0241  0.0233  0.0246  0.0231  0.0232  0.0232  0.0230
niter,ni,del,rscale     1    3    5.0000    0.4000
parameters
   -3.4104   28.2698   21.1384   -3.6114   -9.5478    0.8172
    3.3870   -6.5119   -2.0064   -6.9872    6.1827   -2.2609
eta,q 0.97739 15.31866
  0.0232  0.0230  0.0230  0.0236  0.0235  0.0237  0.0230  0.0239  0.0229  0.0230  0.0229  0.0228
  0.0229  0.0229  0.0228  0.0232  0.0231  0.0233  0.0228  0.0231  0.0228  0.0228  0.0228  0.0227
  0.0228  0.0228  0.0227  0.0229  0.0229  0.0230  0.0227  0.0227  0.0227  0.0226  0.0226  0.0226
  0.0227  0.0227  0.0227  0.0227  0.0227  0.0227  0.0226  0.0226  0.0226  0.0226  0.0226  0.0226
  0.0228  0.0228  0.0227  0.0227  0.0227  0.0226  0.0227  0.0228  0.0226  0.0227  0.0227  0.0226
  0.0229  0.0229  0.0228  0.0230  0.0229  0.0228  0.0228  0.0232  0.0227  0.0228  0.0228  0.0227
  0.0233  0.0231  0.0229  0.0237  0.0234  0.0236  0.0230  0.0239  0.0229  0.0230  0.0230  0.0228
registration optimization eta report
parameter search radius
    0.8000    0.8000    0.8000    2.4000    2.4000    2.4000
    2.4000    2.4000    2.4000    2.4000    2.4000    2.4000
100000*second partial in parameter space
       84.       53.       41.       17.       13.       17.
        7.       23.        5.        6.        6.        3.
  0.0232  0.0230  0.0230  0.0236  0.0235  0.0237  0.0230  0.0239  0.0229  0.0230  0.0229  0.0228
  0.0229  0.0229  0.0228  0.0232  0.0231  0.0233  0.0228  0.0231  0.0228  0.0228  0.0228  0.0227
  0.0228  0.0228  0.0227  0.0229  0.0229  0.0230  0.0227  0.0227  0.0227  0.0226  0.0226  0.0226
  0.0227  0.0227  0.0227  0.0227  0.0227  0.0227  0.0226  0.0226  0.0226  0.0226  0.0226  0.0226
  0.0228  0.0228  0.0227  0.0227  0.0227  0.0226  0.0227  0.0228  0.0226  0.0227  0.0227  0.0226
  0.0229  0.0229  0.0228  0.0230  0.0229  0.0228  0.0228  0.0232  0.0227  0.0228  0.0228  0.0227
  0.0233  0.0231  0.0229  0.0237  0.0234  0.0236  0.0230  0.0239  0.0229  0.0230  0.0230  0.0228
   -3.4104   28.2698   21.1384   -3.6114   -9.5478    0.8172
    3.3870   -6.5119   -2.0064   -6.9872    6.1827   -2.2609
eta,q 0.97739 15.31866

---------------------------------------------------------------------
compute_vox2vox talsrcimg talsrcimg_to_711-2C_as_mni_average_305_t4 /opt/freesurfer/average/711-2C_as_mni_average_305
---------------------------------------------------------------------

freesurfer compute_vox2vox.c
Reading: talsrcimg.4dfp.ifh
Reading: talsrcimg_to_711-2C_as_mni_average_305_t4
Reading: /opt/freesurfer/average/711-2C_as_mni_average_305.4dfp.ifh
Writing: talsrcimg_to_711-2C_as_mni_average_305_t4_vox2vox.txt

start time Wed Mar 11 11:46:08 CET 2026
end		time Wed Mar 11 11:47:35 CET 2026

mpr2mni305 success

avi2talxfm orig_nu.mgz /opt/freesurfer/average/mni305.cor.mgz talsrcimg_to_711-2C_as_mni_average_305_t4_vox2vox.txt transforms/talairach.auto.xfm
avi2talxfm done
mv -f /out/sourcedata/freesurfer/sub-v2s16x51298_ses-1/mri/talsrcimg_to_711-2C_as_mni_average_305_t4_vox2vox.txt /out/sourcedata/freesurfer/sub-v2s16x51298_ses-1/mri/transforms/talsrcimg_to_711-2C_as_mni_average_305_t4_vox2vox.txt
lta_convert --src orig_nu.mgz --trg /opt/freesurfer/average/mni305.cor.mgz --inxfm transforms/talairach.auto.xfm --outlta transforms/talairach.auto.xfm.lta --subject fsaverage
7.3.2

--src: orig_nu.mgz src image (geometry).
--trg: /opt/freesurfer/average/mni305.cor.mgz trg image (geometry).
--inmni: transforms/talairach.auto.xfm input MNI/XFM transform.
--outlta: transforms/talairach.auto.xfm.lta output LTA.
--s: fsaverage subject name
 LTA read, type : 1
 1.03258   0.06413  -0.03706   1.22469;
-0.06292   0.98971   0.02709  -23.98526;
 0.01804   0.07788   1.10683   21.11837;
 0.00000   0.00000   0.00000   1.00000;
setting subject to fsaverage
Writing  LTA to file transforms/talairach.auto.xfm.lta...
lta_convert successful.
 
 
Started at Wed Mar 11 11:46:07 CET 2026
Ended   at Wed Mar 11 11:47:36 CET 2026
talairach_avi done
