/out/sourcedata/freesurfer/sub-v2s16x51209_ses-1/mri
/opt/freesurfer/bin/talairach_avi
--i orig_nu.mgz --xfm transforms/talairach.auto.xfm
talairach_avi 7.3.2
Linux dna030 5.14.0-427.37.1.el9_4.x86_64 #1 SMP PREEMPT_DYNAMIC Fri Sep 13 12:41:50 EDT 2024 x86_64 x86_64 x86_64 GNU/Linux
Wed Mar 11 10:04:35 CET 2026
mri_convert orig_nu.mgz talsrcimg.img 
reading from orig_nu.mgz...
TR=0.00, TE=0.00, TI=0.00, flip angle=0.00
i_ras = (-1, 2.91993e-09, 0)
j_ras = (-1.86265e-09, -2.91038e-11, -1)
k_ras = (-2.92039e-09, 1, -2.91038e-11)
writing to talsrcimg.img...
Analyze Output Matrix
-1.00000  -0.00000  -0.00000   133.80022;
 0.00000  -0.00000   1.00000  -123.74607;
 0.00000  -1.00000  -0.00000   97.32265;
 0.00000   0.00000   0.00000   1.00000;
--------------------
INFO: set hdr.hist.orient to -1
mpr2mni305 talsrcimg
Wed Mar 11 10:04:35 CET 2026
/opt/freesurfer/bin/mpr2mni305 talsrcimg
mpr2mni305 7.3.2
target=711-2C_as_mni_average_305

---------------------------------------------------------------------
analyzeto4dfp talsrcimg -O0 -y
---------------------------------------------------------------------

freesurfer ifh2hdr.c
Wed Mar 11 10:04:36 2026
Writing: talsrcimg.4dfp.hdr
freesurfer analyzeto4dfp.c
Reading: talsrcimg.hdr
header size 348 bytes
hdr.dime.datatype	offset=70	value=2
hdr.dime.bitpix		offset=72	value=8
hdr.hist.orient		offset=252	value=-1
dimensionality     4
dimensions       256       256       256         1
Reading: talsrcimg.img
Writing: talsrcimg.4dfp.img
Writing: talsrcimg.4dfp.ifh
ifh2hdr talsrcimg -r0to180
ori=2

---------------------------------------------------------------------
gauss_4dfp talsrcimg 1.1
---------------------------------------------------------------------

freesurfer gauss_4dfp.c
Reading: talsrcimg.4dfp.img
Writing: talsrcimg_g11.4dfp.img
image dimensions 256 256 256 padded to 288 288 288
processing volume 1freesurfer ifh2hdr.c
Wed Mar 11 10:04:38 2026
Writing: talsrcimg_g11.4dfp.hdr

Writing: talsrcimg_g11.4dfp.ifh
including: talsrcimg.4dfp.img.rec in talsrcimg_g11.4dfp.img.rec

---------------------------------------------------------------------
imgreg_4dfp /opt/freesurfer/average/711-2C_as_mni_average_305 none talsrcimg_g11 none talsrcimg_to_711-2C_as_mni_average_305_t4 4355
---------------------------------------------------------------------

freesurfer imgreg_4dfp.c
/opt/freesurfer/average/711-2C_as_mni_average_305.4dfp.img
       256       256       256         1
  1.000000  1.000000  1.000000
orientation T byte_order littleendian
Reading image: /opt/freesurfer/average/711-2C_as_mni_average_305.4dfp.img
dimensions:      256       256       256
mmppix:       1.0000   -1.0000   -1.0000
center:     128.0000 -129.0000 -129.0000
talsrcimg_g11.4dfp.img
       256       256       256         1
  1.000000  1.000000  1.000000
orientation T byte_order littleendian
Reading image: talsrcimg_g11.4dfp.img
dimensions:      256       256       256
mmppix:       1.0000   -1.0000   -1.0000
center:     128.0000 -129.0000 -129.0000
t4_read: open error in t4_sub.f l:  41 t4_file(1:l)talsrcimg_to_711-2C_as_mni_average_305_t4 
t4_read: transform initialized to I4
rotation matrix determinant  1.000000
image alignment mode   4355 decimal     1103 hex
   -7.5000  -45.0000  -45.0000 9182.7754   14.3037
    0.0000  -45.0000  -45.0000 9558.0557   14.3135
    7.5000  -45.0000  -45.0000 9192.1143   14.3024
   -7.5000  -37.5000  -45.0000 9535.7344   14.1907
    0.0000  -37.5000  -45.0000 9936.1709   14.2027
    7.5000  -37.5000  -45.0000 9551.1738   14.1882
   -7.5000  -30.0000  -45.000010210.9785   13.9234
    0.0000  -30.0000  -45.000010645.0107   13.9367
    7.5000  -30.0000  -45.000010223.7734   13.9211
   -7.5000  -22.5000  -45.000010849.3369   13.6713
    0.0000  -22.5000  -45.000011329.7471   13.6856
    7.5000  -22.5000  -45.000010861.2334   13.6742
   -7.5000  -15.0000  -45.000011459.2969   13.4306
    0.0000  -15.0000  -45.000011980.1963   13.4455
    7.5000  -15.0000  -45.000011472.5742   13.4403
   -7.5000   -7.5000  -45.000012060.5967   13.2068
    0.0000   -7.5000  -45.000012604.9736   13.2222
    7.5000   -7.5000  -45.000012057.7793   13.2207
   -7.5000    0.0000  -45.000012637.9092   13.0672
    0.0000    0.0000  -45.000013195.4053   13.0828
    7.5000    0.0000  -45.000012615.8447   13.0807
   -7.5000    7.5000  -45.000012248.4629   13.1937
    0.0000    7.5000  -45.000012779.6123   13.2104
    7.5000    7.5000  -45.000012185.9844   13.2043
   -7.5000   15.0000  -45.000011816.0283   13.4078
    0.0000   15.0000  -45.000012322.7012   13.4263
    7.5000   15.0000  -45.000011727.0381   13.4184
   -7.5000   22.5000  -45.000011144.0674   13.6502
    0.0000   22.5000  -45.000011631.9512   13.6701
    7.5000   22.5000  -45.000011074.9062   13.6656
   -7.5000   30.0000  -45.000010407.2061   13.7243
    0.0000   30.0000  -45.000010864.9385   13.7450
    7.5000   30.0000  -45.000010349.0850   13.7464
   -7.5000   37.5000  -45.000010069.4082   13.8631
    0.0000   37.5000  -45.000010514.2246   13.8849
    7.5000   37.5000  -45.000010004.7158   13.8912
   -7.5000   45.0000  -45.0000 9369.6191   13.6970
    0.0000   45.0000  -45.0000 9780.5762   13.7198
    7.5000   45.0000  -45.0000 9297.4062   13.7263
   -7.5000  -45.0000  -37.5000 9636.6611   13.9397
    0.0000  -45.0000  -37.500010040.9551   13.9472
    7.5000  -45.0000  -37.5000 9618.5596   13.9383
   -7.5000  -37.5000  -37.500010027.2871   13.8229
    0.0000  -37.5000  -37.500010445.2012   13.8326
    7.5000  -37.5000  -37.500010004.1982   13.8219
   -7.5000  -30.0000  -37.500010730.4873   13.5613
    0.0000  -30.0000  -37.500011188.5645   13.5725
    7.5000  -30.0000  -37.500010704.9072   13.5619
   -7.5000  -22.5000  -37.500011397.0488   13.3169
    0.0000  -22.5000  -37.500011890.1953   13.3291
    7.5000  -22.5000  -37.500011366.6982   13.3218
   -7.5000  -15.0000  -37.500011998.7881   13.0835
    0.0000  -15.0000  -37.500012545.8164   13.0961
    7.5000  -15.0000  -37.500011976.2783   13.0934
   -7.5000   -7.5000  -37.500012621.6826   12.8643
    0.0000   -7.5000  -37.500013193.3975   12.8773
    7.5000   -7.5000  -37.500012573.7812   12.8774
   -7.5000    0.0000  -37.500013217.1113   12.7257
    0.0000    0.0000  -37.500013808.4561   12.7388
    7.5000    0.0000  -37.500013148.0488   12.7384
   -7.5000    7.5000  -37.500012793.4258   12.8441
    0.0000    7.5000  -37.500013385.4971   12.8583
    7.5000    7.5000  -37.500012695.1387   12.8554
   -7.5000   15.0000  -37.500012348.2500   13.0498
    0.0000   15.0000  -37.500012944.3555   13.0659
    7.5000   15.0000  -37.500012249.7930   13.0624
   -7.5000   22.5000  -37.500011635.3291   13.2891
    0.0000   22.5000  -37.500012214.4219   13.3064
    7.5000   22.5000  -37.500011558.9854   13.3057
   -7.5000   30.0000  -37.500010844.7334   13.3650
    0.0000   30.0000  -37.500011385.7207   13.3828
    7.5000   30.0000  -37.500010776.1885   13.3865
   -7.5000   37.5000  -37.500010461.1973   13.5009
    0.0000   37.5000  -37.500010972.5225   13.5196
    7.5000   37.5000  -37.500010390.3936   13.5271
   -7.5000   45.0000  -37.5000 9714.7354   13.3390
    0.0000   45.0000  -37.500010161.7900   13.3583
    7.5000   45.0000  -37.5000 9635.9883   13.3663
   -7.5000  -45.0000  -30.000010286.8027   14.2292
    0.0000  -45.0000  -30.000010706.9893   14.2367
    7.5000  -45.0000  -30.000010262.7363   14.2292
   -7.5000  -37.5000  -30.000010701.0576   14.1033
    0.0000  -37.5000  -30.000011146.1221   14.1131
    7.5000  -37.5000  -30.000010674.2422   14.1057
   -7.5000  -30.0000  -30.000011446.9980   13.8299
    0.0000  -30.0000  -30.000011940.3018   13.8413
    7.5000  -30.0000  -30.000011412.0371   13.8360
   -7.5000  -22.5000  -30.000012149.8535   13.5765
    0.0000  -22.5000  -30.000012692.2275   13.5888
    7.5000  -22.5000  -30.000012103.8652   13.5864
   -7.5000  -15.0000  -30.000012780.4404   13.3389
    0.0000  -15.0000  -30.000013377.0811   13.3514
    7.5000  -15.0000  -30.000012735.0039   13.3519
   -7.5000   -7.5000  -30.000013431.7920   13.1185
    0.0000   -7.5000  -30.000014040.1572   13.1313
    7.5000   -7.5000  -30.000013358.5547   13.1330
   -7.5000    0.0000  -30.000014064.8799   12.9789
    0.0000    0.0000  -30.000014700.2568   12.9918
    7.5000    0.0000  -30.000013972.4785   12.9927
   -7.5000    7.5000  -30.000013605.5381   13.0953
    0.0000    7.5000  -30.000014266.9102   13.1093
    7.5000    7.5000  -30.000013510.1787   13.1094
   -7.5000   15.0000  -30.000013115.4971   13.2971
    0.0000   15.0000  -30.000013776.9434   13.3130
    7.5000   15.0000  -30.000013028.4062   13.3146
   -7.5000   22.5000  -30.000012341.1748   13.5378
    0.0000   22.5000  -30.000012986.9932   13.5549
    7.5000   22.5000  -30.000012275.7871   13.5593
   -7.5000   30.0000  -30.000011483.9834   13.6210
    0.0000   30.0000  -30.000012076.6045   13.6384
    7.5000   30.0000  -30.000011411.5166   13.6456
   -7.5000   37.5000  -30.000011045.7822   13.7652
    0.0000   37.5000  -30.000011602.2734   13.7833
    7.5000   37.5000  -30.000010976.1533   13.7925
   -7.5000   45.0000  -30.000010238.5645   13.6137
    0.0000   45.0000  -30.000010717.9590   13.6325
    7.5000   45.0000  -30.000010155.8555   13.6418
   -7.5000  -45.0000  -22.500011010.7178   14.5112
    0.0000  -45.0000  -22.500011475.7480   14.5221
    7.5000  -45.0000  -22.500010988.6582   14.5154
   -7.5000  -37.5000  -22.500011457.7959   14.3776
    0.0000  -37.5000  -22.500011949.2744   14.3906
    7.5000  -37.5000  -22.500011421.5244   14.3847
   -7.5000  -30.0000  -22.500012254.4531   14.0908
    0.0000  -30.0000  -22.500012793.9707   14.1052
    7.5000  -30.0000  -22.500012210.9248   14.1021
   -7.5000  -22.5000  -22.500013015.2402   13.8235
    0.0000  -22.5000  -22.500013583.1689   13.8385
    7.5000  -22.5000  -22.500012953.4717   13.8389
   -7.5000  -15.0000  -22.500013691.8545   13.5776
    0.0000  -15.0000  -22.500014324.7695   13.5926
    7.5000  -15.0000  -22.500013632.2578   13.5955
   -7.5000   -7.5000  -22.500014380.0566   13.3553
    0.0000   -7.5000  -22.500015035.3604   13.3705
    7.5000   -7.5000  -22.500014306.3789   13.3737
   -7.5000    0.0000  -22.500015022.6729   13.2165
    0.0000    0.0000  -22.500015730.6865   13.2319
    7.5000    0.0000  -22.500014942.5928   13.2339
   -7.5000    7.5000  -22.500014494.0537   13.3335
    0.0000    7.5000  -22.500015206.1006   13.3500
    7.5000    7.5000  -22.500014415.7197   13.3517
   -7.5000   15.0000  -22.500013955.0674   13.5320
    0.0000   15.0000  -22.500014664.1934   13.5504
    7.5000   15.0000  -22.500013868.7529   13.5543
   -7.5000   22.5000  -22.500013145.3389   13.7710
    0.0000   22.5000  -22.500013813.0840   13.7905
    7.5000   22.5000  -22.500013072.0732   13.7977
   -7.5000   30.0000  -22.500012212.9121   13.8604
    0.0000   30.0000  -22.500012834.5771   13.8803
    7.5000   30.0000  -22.500012145.6797   13.8899
   -7.5000   37.5000  -22.500011726.9883   14.0143
    0.0000   37.5000  -22.500012331.6279   14.0350
    7.5000   37.5000  -22.500011671.7500   14.0458
   -7.5000   45.0000  -22.500010845.2715   13.8777
    0.0000   45.0000  -22.500011399.8447   13.8993
    7.5000   45.0000  -22.500010783.2383   13.9098
   -7.5000  -45.0000  -15.000011776.9307   14.6418
    0.0000  -45.0000  -15.000012296.9502   14.6571
    7.5000  -45.0000  -15.000011751.4102   14.6516
   -7.5000  -37.5000  -15.000012269.3320   14.5032
    0.0000  -37.5000  -15.000012799.8926   14.5206
    7.5000  -37.5000  -15.000012210.9395   14.5149
   -7.5000  -30.0000  -15.000013140.0439   14.2105
    0.0000  -30.0000  -15.000013710.4619   14.2288
    7.5000  -30.0000  -15.000013065.9424   14.2250
   -7.5000  -22.5000  -15.000013936.3145   13.9341
    0.0000  -22.5000  -15.000014549.8682   13.9525
    7.5000  -22.5000  -15.000013866.2090   13.9528
   -7.5000  -15.0000  -15.000014680.3447   13.6798
    0.0000  -15.0000  -15.000015338.6475   13.6981
    7.5000  -15.0000  -15.000014584.7852   13.7019
   -7.5000   -7.5000  -15.000015411.6943   13.4529
    0.0000   -7.5000  -15.000016113.9492   13.4714
    7.5000   -7.5000  -15.000015312.4658   13.4760
   -7.5000    0.0000  -15.000016073.9414   13.3134
    0.0000    0.0000  -15.000016834.5840   13.3321
    7.5000    0.0000  -15.000015988.3701   13.3354
   -7.5000    7.5000  -15.000015482.7158   13.4316
    0.0000    7.5000  -15.000016226.6699   13.4516
    7.5000    7.5000  -15.000015396.2139   13.4537
   -7.5000   15.0000  -15.000014883.5859   13.6292
    0.0000   15.0000  -15.000015602.6914   13.6510
    7.5000   15.0000  -15.000014776.6504   13.6543
   -7.5000   22.5000  -15.000014027.4639   13.8634
    0.0000   22.5000  -15.000014719.0811   13.8861
    7.5000   22.5000  -15.000013944.3857   13.8931
   -7.5000   30.0000  -15.000013033.5664   13.9539
    0.0000   30.0000  -15.000013693.1533   13.9771
    7.5000   30.0000  -15.000012965.9053   13.9877
   -7.5000   37.5000  -15.000012500.5186   14.1117
    0.0000   37.5000  -15.000013146.9268   14.1359
    7.5000   37.5000  -15.000012444.6260   14.1483
   -7.5000   45.0000  -15.000011537.7979   13.9873
    0.0000   45.0000  -15.000012131.0615   14.0125
    7.5000   45.0000  -15.000011463.2979   14.0244
   -7.5000  -45.0000   -7.500012597.9463   14.6301
    0.0000  -45.0000   -7.500013175.3887   14.6474
    7.5000  -45.0000   -7.500012560.4160   14.6436
   -7.5000  -37.5000   -7.500013125.5293   14.4881
    0.0000  -37.5000   -7.500013712.9990   14.5072
    7.5000  -37.5000   -7.500013057.6992   14.5014
   -7.5000  -30.0000   -7.500014066.3877   14.1974
    0.0000  -30.0000   -7.500014691.7363   14.2170
    7.5000  -30.0000   -7.500013997.1631   14.2114
   -7.5000  -22.5000   -7.500014925.7246   13.9212
    0.0000  -22.5000   -7.500015591.8145   13.9409
    7.5000  -22.5000   -7.500014842.5596   13.9394
   -7.5000  -15.0000   -7.500015734.7725   13.6627
    0.0000  -15.0000   -7.500016432.8145   13.6822
    7.5000  -15.0000   -7.500015602.6602   13.6859
   -7.5000   -7.5000   -7.500016512.8672   13.4289
    0.0000   -7.5000   -7.500017258.3730   13.4486
    7.5000   -7.5000   -7.500016376.4521   13.4545
   -7.5000    0.0000   -7.500017250.9668   13.2843
    0.0000    0.0000   -7.500018058.5449   13.3043
    7.5000    0.0000   -7.500017125.4551   13.3091
   -7.5000    7.5000   -7.500016599.1523   13.4023
    0.0000    7.5000   -7.500017397.5840   13.4235
    7.5000    7.5000   -7.500016478.7246   13.4256
   -7.5000   15.0000   -7.500015927.5342   13.6017
    0.0000   15.0000   -7.500016665.3867   13.6245
    7.5000   15.0000   -7.500015766.1475   13.6261
   -7.5000   22.5000   -7.500015006.6406   13.8356
    0.0000   22.5000   -7.500015729.7549   13.8593
    7.5000   22.5000   -7.500014900.0859   13.8644
   -7.5000   30.0000   -7.500013945.5225   13.9246
    0.0000   30.0000   -7.500014645.6992   13.9489
    7.5000   30.0000   -7.500013863.0938   13.9591
   -7.5000   37.5000   -7.500013377.2617   14.0765
    0.0000   37.5000   -7.500014062.5693   14.1019
    7.5000   37.5000   -7.500013306.8604   14.1157
   -7.5000   45.0000   -7.500012308.7773   13.9547
    0.0000   45.0000   -7.500012944.1299   13.9812
    7.5000   45.0000   -7.500012232.3467   13.9948
   -7.5000  -45.0000    0.000013328.5586   14.6496
    0.0000  -45.0000    0.000013953.8232   14.6657
    7.5000  -45.0000    0.000013300.1562   14.6624
   -7.5000  -37.5000    0.000013899.6904   14.5072
    0.0000  -37.5000    0.000014556.7256   14.5249
    7.5000  -37.5000    0.000013852.6104   14.5188
   -7.5000  -30.0000    0.000014934.7559   14.2203
    0.0000  -30.0000    0.000015642.9463   14.2388
    7.5000  -30.0000    0.000014884.1143   14.2318
   -7.5000  -22.5000    0.000015875.6670   13.9485
    0.0000  -22.5000    0.000016624.6523   13.9674
    7.5000  -22.5000    0.000015791.2607   13.9644
   -7.5000  -15.0000    0.000016724.1738   13.6901
    0.0000  -15.0000    0.000017474.7832   13.7089
    7.5000  -15.0000    0.000016570.1113   13.7117
   -7.5000   -7.5000    0.000017557.0312   13.4513
    0.0000   -7.5000    0.000018332.8770   13.4702
    7.5000   -7.5000    0.000017358.0371   13.4762
   -7.5000    0.0000    0.000018347.0547   13.3016
    0.0000    0.0000    0.000019215.9355   13.3206
    7.5000    0.0000    0.000018173.8027   13.3258
   -7.5000    7.5000    0.000017670.7188   13.4196
    0.0000    7.5000    0.000018501.7891   13.4397
    7.5000    7.5000    0.000017501.5977   13.4414
   -7.5000   15.0000    0.000016911.4102   13.6230
    0.0000   15.0000    0.000017676.6035   13.6447
    7.5000   15.0000    0.000016709.2344   13.6451
   -7.5000   22.5000    0.000015942.9932   13.8630
    0.0000   22.5000    0.000016699.4453   13.8860
    7.5000   22.5000    0.000015792.9482   13.8897
   -7.5000   30.0000    0.000014816.7598   13.9547
    0.0000   30.0000    0.000015548.6387   13.9782
    7.5000   30.0000    0.000014699.5557   13.9875
   -7.5000   37.5000    0.000014206.0059   14.1029
    0.0000   37.5000    0.000014941.0684   14.1274
    7.5000   37.5000    0.000014115.0469   14.1413
   -7.5000   45.0000    0.000013054.8145   13.9760
    0.0000   45.0000    0.000013711.0693   14.0014
    7.5000   45.0000    0.000012959.7520   14.0154
   -7.5000  -45.0000    7.500013018.8389   14.6870
    0.0000  -45.0000    7.500013655.1484   14.6996
    7.5000  -45.0000    7.500013015.8076   14.6970
   -7.5000  -37.5000    7.500013599.8994   14.5427
    0.0000  -37.5000    7.500014261.7617   14.5573
    7.5000  -37.5000    7.500013572.5693   14.5530
   -7.5000  -30.0000    7.500014694.4824   14.2550
    0.0000  -30.0000    7.500015412.9902   14.2706
    7.5000  -30.0000    7.500014673.0488   14.2665
   -7.5000  -22.5000    7.500015718.3740   13.9856
    0.0000  -22.5000    7.500016505.4473   14.0018
    7.5000  -22.5000    7.500015663.4307   14.0011
   -7.5000  -15.0000    7.500016560.8164   13.7296
    0.0000  -15.0000    7.500017316.9863   13.7459
    7.5000  -15.0000    7.500016388.1328   13.7497
   -7.5000   -7.5000    7.500017341.2656   13.4906
    0.0000   -7.5000    7.500018075.2188   13.5069
    7.5000   -7.5000    7.500017138.0703   13.5132
   -7.5000    0.0000    7.500018102.7559   13.3389
    0.0000    0.0000    7.500018905.5625   13.3551
    7.5000    0.0000    7.500017928.4766   13.3607
   -7.5000    7.5000    7.500017423.5430   13.4554
    0.0000    7.5000    7.500018233.1738   13.4727
    7.5000    7.5000    7.500017275.8047   13.4759
   -7.5000   15.0000    7.500016630.0723   13.6592
    0.0000   15.0000    7.500017402.0625   13.6783
    7.5000   15.0000    7.500016442.8867   13.6813
   -7.5000   22.5000    7.500015684.4668   13.9027
    0.0000   22.5000    7.500016438.4766   13.9232
    7.5000   22.5000    7.500015526.1279   13.9292
   -7.5000   30.0000    7.500014599.8867   13.9978
    0.0000   30.0000    7.500015319.7314   14.0187
    7.5000   30.0000    7.500014446.5117   14.0291
   -7.5000   37.5000    7.500014026.2197   14.1467
    0.0000   37.5000    7.500014745.1826   14.1682
    7.5000   37.5000    7.500013892.1611   14.1823
   -7.5000   45.0000    7.500012864.6279   14.0165
    0.0000   45.0000    7.500013519.5947   14.0386
    7.5000   45.0000    7.500012740.4609   14.0531
   -7.5000  -45.0000   15.000012572.0957   14.8385
    0.0000  -45.0000   15.000013191.7324   14.8505
    7.5000  -45.0000   15.000012594.8066   14.8485
   -7.5000  -37.5000   15.000013128.7900   14.6945
    0.0000  -37.5000   15.000013759.1855   14.7083
    7.5000  -37.5000   15.000013130.9766   14.7067
   -7.5000  -30.0000   15.000014256.8545   14.4013
    0.0000  -30.0000   15.000015001.3604   14.4164
    7.5000  -30.0000   15.000014284.2432   14.4168
   -7.5000  -22.5000   15.000015405.2041   14.1294
    0.0000  -22.5000   15.000016342.3008   14.1451
    7.5000  -22.5000   15.000015410.5430   14.1486
   -7.5000  -15.0000   15.000016285.4531   13.8750
    0.0000  -15.0000   15.000017071.7109   13.8908
    7.5000  -15.0000   15.000016183.6846   13.8971
   -7.5000   -7.5000   15.000016981.5332   13.6380
    0.0000   -7.5000   15.000017627.9766   13.6539
    7.5000   -7.5000   15.000016845.3711   13.6612
   -7.5000    0.0000   15.000017710.5117   13.4865
    0.0000    0.0000   15.000018421.4551   13.5022
    7.5000    0.0000   15.000017585.5098   13.5087
   -7.5000    7.5000   15.000017042.4629   13.6036
    0.0000    7.5000   15.000017831.3477   13.6204
    7.5000    7.5000   15.000016968.9082   13.6260
   -7.5000   15.0000   15.000016238.1377   13.8057
    0.0000   15.0000   15.000017030.3535   13.8244
    7.5000   15.0000   15.000016123.3594   13.8316
   -7.5000   22.5000   15.000015311.6230   14.0481
    0.0000   22.5000   15.000016094.3701   14.0681
    7.5000   22.5000   15.000015207.2070   14.0785
   -7.5000   30.0000   15.000014252.8330   14.1440
    0.0000   30.0000   15.000014994.7490   14.1645
    7.5000   30.0000   15.000014131.6553   14.1777
   -7.5000   37.5000   15.000013693.2637   14.2956
    0.0000   37.5000   15.000014428.3262   14.3167
    7.5000   37.5000   15.000013590.3779   14.3321
   -7.5000   45.0000   15.000012570.2412   14.1638
    0.0000   45.0000   15.000013245.4395   14.1854
    7.5000   45.0000   15.000012471.0264   14.2009
   -7.5000  -45.0000   22.500012078.3174   15.0549
    0.0000  -45.0000   22.500012675.0977   15.0700
    7.5000  -45.0000   22.500012113.8555   15.0691
   -7.5000  -37.5000   22.500012631.0088   14.9136
    0.0000  -37.5000   22.500013231.6064   14.9305
    7.5000  -37.5000   22.500012660.3457   14.9306
   -7.5000  -30.0000   22.500013712.4209   14.6159
    0.0000  -30.0000   22.500014489.9883   14.6340
    7.5000  -30.0000   22.500013797.6152   14.6370
   -7.5000  -22.5000   22.500014831.1846   14.3379
    0.0000  -22.5000   22.500015825.8779   14.3563
    7.5000  -22.5000   22.500014933.3643   14.3628
   -7.5000  -15.0000   22.500015730.3613   14.0816
    0.0000  -15.0000   22.500016589.8887   14.0998
    7.5000  -15.0000   22.500015805.7598   14.1087
   -7.5000   -7.5000   22.500016479.5156   13.8486
    0.0000   -7.5000   22.500017236.6035   13.8669
    7.5000   -7.5000   22.500016499.6484   13.8759
   -7.5000    0.0000   22.500017194.0703   13.6996
    0.0000    0.0000   22.500017997.8281   13.7180
    7.5000    0.0000   22.500017171.2832   13.7257
   -7.5000    7.5000   22.500016493.5371   13.8199
    0.0000    7.5000   22.500017319.5879   13.8395
    7.5000    7.5000   22.500016474.3789   13.8469
   -7.5000   15.0000   22.500015630.7139   14.0181
    0.0000   15.0000   22.500016407.5703   14.0397
    7.5000   15.0000   22.500015554.9551   14.0495
   -7.5000   22.5000   22.500014735.5684   14.2545
    0.0000   22.5000   22.500015474.4688   14.2773
    7.5000   22.5000   22.500014648.6865   14.2907
   -7.5000   30.0000   22.500013725.9473   14.3457
    0.0000   30.0000   22.500014427.6670   14.3689
    7.5000   30.0000   22.500013619.9746   14.3850
   -7.5000   37.5000   22.500013192.8311   14.4997
    0.0000   37.5000   22.500013900.5977   14.5235
    7.5000   37.5000   22.500013101.8877   14.5409
   -7.5000   45.0000   22.500012096.3711   14.3679
    0.0000   45.0000   22.500012762.3135   14.3924
    7.5000   45.0000   22.500012017.8896   14.4094
   -7.5000  -45.0000   30.000011453.8135   15.2658
    0.0000  -45.0000   30.000012025.2412   15.2857
    7.5000  -45.0000   30.000011522.5840   15.2863
   -7.5000  -37.5000   30.000011989.6494   15.1240
    0.0000  -37.5000   30.000012623.5352   15.1459
    7.5000  -37.5000   30.000012060.3262   15.1463
   -7.5000  -30.0000   30.000012999.9980   14.8266
    0.0000  -30.0000   30.000013853.2363   14.8492
    7.5000  -30.0000   30.000013117.7207   14.8516
   -7.5000  -22.5000   30.000013959.7227   14.5452
    0.0000  -22.5000   30.000014975.9150   14.5678
    7.5000  -22.5000   30.000014113.9385   14.5743
   -7.5000  -15.0000   30.000014806.6514   14.2864
    0.0000  -15.0000   30.000015820.0195   14.3086
    7.5000  -15.0000   30.000014928.7324   14.3187
   -7.5000   -7.5000   30.000015638.2939   14.0550
    0.0000   -7.5000   30.000016658.4414   14.0772
    7.5000   -7.5000   30.000015737.7305   14.0880
   -7.5000    0.0000   30.000016355.2783   13.9077
    0.0000    0.0000   30.000017419.6855   13.9301
    7.5000    0.0000   30.000016420.7676   13.9393
   -7.5000    7.5000   30.000015660.0605   14.0291
    0.0000    7.5000   30.000016625.6953   14.0529
    7.5000    7.5000   30.000015717.2100   14.0608
   -7.5000   15.0000   30.000014769.2100   14.2256
    0.0000   15.0000   30.000015588.6387   14.2513
    7.5000   15.0000   30.000014791.1689   14.2608
   -7.5000   22.5000   30.000013929.8896   14.4568
    0.0000   22.5000   30.000014639.6953   14.4834
    7.5000   22.5000   30.000013915.2871   14.4972
   -7.5000   30.0000   30.000013023.3252   14.5406
    0.0000   30.0000   30.000013643.6865   14.5677
    7.5000   30.0000   30.000012975.0654   14.5853
   -7.5000   37.5000   30.000012545.8936   14.6933
    0.0000   37.5000   30.000013140.5996   14.7212
    7.5000   37.5000   30.000012504.4844   14.7407
   -7.5000   45.0000   30.000011528.5332   14.5600
    0.0000   45.0000   30.000012095.9336   14.5887
    7.5000   45.0000   30.000011491.3174   14.6076
   -7.5000  -45.0000   37.500011245.3096   15.5516
    0.0000  -45.0000   37.500011802.5469   15.5752
    7.5000  -45.0000   37.500011278.7070   15.5787
   -7.5000  -37.5000   37.500011787.3730   15.4074
    0.0000  -37.5000   37.500012403.7607   15.4328
    7.5000  -37.5000   37.500011823.5957   15.4341
   -7.5000  -30.0000   37.500012744.2959   15.1135
    0.0000  -30.0000   37.500013476.3477   15.1391
    7.5000  -30.0000   37.500012824.3545   15.1403
   -7.5000  -22.5000   37.500013627.2656   14.8336
    0.0000  -22.5000   37.500014361.4814   14.8591
    7.5000  -22.5000   37.500013709.0674   14.8648
   -7.5000  -15.0000   37.500014413.2998   14.5720
    0.0000  -15.0000   37.500015109.4053   14.5972
    7.5000  -15.0000   37.500014473.1289   14.6085
   -7.5000   -7.5000   37.500015197.0801   14.3347
    0.0000   -7.5000   37.500015944.6904   14.3599
    7.5000   -7.5000   37.500015259.1836   14.3735
   -7.5000    0.0000   37.500015950.1543   14.1832
    0.0000    0.0000   37.500016759.6133   14.2085
    7.5000    0.0000   37.500015986.8535   14.2206
   -7.5000    7.5000   37.500015366.5938   14.3049
    0.0000    7.5000   37.500016157.5381   14.3316
    7.5000    7.5000   37.500015406.6084   14.3407
   -7.5000   15.0000   37.500014509.2744   14.5054
    0.0000   15.0000   37.500015243.9941   14.5338
    7.5000   15.0000   37.500014543.6777   14.5425
   -7.5000   22.5000   37.500013678.3789   14.7396
    0.0000   22.5000   37.500014365.8398   14.7690
    7.5000   22.5000   37.500013689.8945   14.7822
   -7.5000   30.0000   37.500012752.9395   14.8196
    0.0000   30.0000   37.500013383.9287   14.8494
    7.5000   30.0000   37.500012751.0225   14.8684
   -7.5000   37.5000   37.500012276.8838   14.9682
    0.0000   37.5000   37.500012865.5400   14.9989
    7.5000   37.5000   37.500012256.6543   15.0218
   -7.5000   45.0000   37.500011297.7588   14.8259
    0.0000   45.0000   37.500011832.5977   14.8575
    7.5000   45.0000   37.500011270.5195   14.8799
   -7.5000  -45.0000   45.000010496.4717   15.8266
    0.0000  -45.0000   45.000010936.9668   15.8510
    7.5000  -45.0000   45.000010451.0947   15.8577
   -7.5000  -37.5000   45.000010962.9697   15.6787
    0.0000  -37.5000   45.000011442.6572   15.7046
    7.5000  -37.5000   45.000010939.5742   15.7081
   -7.5000  -30.0000   45.000011817.8887   15.3885
    0.0000  -30.0000   45.000012362.2607   15.4148
    7.5000  -30.0000   45.000011831.4141   15.4170
   -7.5000  -22.5000   45.000012603.4482   15.1131
    0.0000  -22.5000   45.000013136.2598   15.1395
    7.5000  -22.5000   45.000012625.5312   15.1462
   -7.5000  -15.0000   45.000013294.3359   14.8511
    0.0000  -15.0000   45.000013843.2979   14.8772
    7.5000  -15.0000   45.000013323.0117   14.8905
   -7.5000   -7.5000   45.000013999.8262   14.6068
    0.0000   -7.5000   45.000014592.9727   14.6328
    7.5000   -7.5000   45.000014031.6924   14.6495
   -7.5000    0.0000   45.000014706.4531   14.4488
    0.0000    0.0000   45.000015348.9600   14.4748
    7.5000    0.0000   45.000014693.6504   14.4900
   -7.5000    7.5000   45.000014244.6006   14.5697
    0.0000    7.5000   45.000014875.9561   14.5969
    7.5000    7.5000   45.000014223.2314   14.6082
   -7.5000   15.0000   45.000013504.1172   14.7746
    0.0000   15.0000   45.000014090.1064   14.8035
    7.5000   15.0000   45.000013475.7881   14.8135
   -7.5000   22.5000   45.000012752.3281   15.0155
    0.0000   22.5000   45.000013321.9746   15.0457
    7.5000   22.5000   45.000012724.6064   15.0601
   -7.5000   30.0000   45.000011885.4121   15.0938
    0.0000   30.0000   45.000012404.9385   15.1243
    7.5000   30.0000   45.000011852.7754   15.1455
   -7.5000   37.5000   45.000011426.3477   15.2382
    0.0000   37.5000   45.000011924.7529   15.2694
    7.5000   37.5000   45.000011377.8535   15.2957
   -7.5000   45.0000   45.000010525.9678   15.0924
    0.0000   45.0000   45.000010995.2188   15.1242
    7.5000   45.0000   45.000010481.1309   15.1503

---------------------------------------------------------------------
imgreg_4dfp /opt/freesurfer/average/711-2C_as_mni_average_305 /opt/freesurfer/average/711-2B_as_mni_average_305_mask talsrcimg_g11 none talsrcimg_to_711-2C_as_mni_average_305_t4 4355
---------------------------------------------------------------------

freesurfer imgreg_4dfp.c
/opt/freesurfer/average/711-2C_as_mni_average_305.4dfp.img
       256       256       256         1
  1.000000  1.000000  1.000000
orientation T byte_order littleendian
Reading image: /opt/freesurfer/average/711-2C_as_mni_average_305.4dfp.img
dimensions:      256       256       256
mmppix:       1.0000   -1.0000   -1.0000
center:     128.0000 -129.0000 -129.0000
/opt/freesurfer/average/711-2B_as_mni_average_305_mask.4dfp.img
       256       256       256         1
  1.000000  1.000000  1.000000
orientation T byte_order littleendian
Reading mask: /opt/freesurfer/average/711-2B_as_mni_average_305_mask.4dfp.img (2306576 pixels)
talsrcimg_g11.4dfp.img
       256       256       256         1
  1.000000  1.000000  1.000000
orientation T byte_order littleendian
Reading image: talsrcimg_g11.4dfp.img
dimensions:      256       256       256
mmppix:       1.0000   -1.0000   -1.0000
center:     128.0000 -129.0000 -129.0000
rotation matrix determinant  1.000000
image alignment mode   4355 decimal     1103 hex
   -7.5000  -45.0000  -45.0000 2435.6006   23.6918
    0.0000  -45.0000  -45.0000 2436.0642   23.6250
    7.5000  -45.0000  -45.0000 2423.2815   23.5645
   -7.5000  -37.5000  -45.0000 2457.9871   22.6949
    0.0000  -37.5000  -45.0000 2462.3982   22.6364
    7.5000  -37.5000  -45.0000 2453.1736   22.5981
   -7.5000  -30.0000  -45.0000 2471.1011   21.9654
    0.0000  -30.0000  -45.0000 2474.2061   21.9061
    7.5000  -30.0000  -45.0000 2465.5398   21.8670
   -7.5000  -22.5000  -45.0000 2476.4424   21.5146
    0.0000  -22.5000  -45.0000 2478.0916   21.3764
    7.5000  -22.5000  -45.0000 2469.9275   21.3683
   -7.5000  -15.0000  -45.0000 2479.5371   21.2732
    0.0000  -15.0000  -45.0000 2477.3835   21.1248
    7.5000  -15.0000  -45.0000 2469.8098   21.1196
   -7.5000   -7.5000  -45.0000 2475.6350   21.2464
    0.0000   -7.5000  -45.0000 2476.8923   21.1150
    7.5000   -7.5000  -45.0000 2464.2473   21.1008
   -7.5000    0.0000  -45.0000 2475.4102   21.4895
    0.0000    0.0000  -45.0000 2471.4194   21.3275
    7.5000    0.0000  -45.0000 2461.8662   21.3206
   -7.5000    7.5000  -45.0000 2463.2888   21.9227
    0.0000    7.5000  -45.0000 2461.6099   21.7658
    7.5000    7.5000  -45.0000 2450.9446   21.7324
   -7.5000   15.0000  -45.0000 2447.5549   22.5587
    0.0000   15.0000  -45.0000 2442.2209   22.3648
    7.5000   15.0000  -45.0000 2433.7546   22.3631
   -7.5000   22.5000  -45.0000 2426.0046   23.3867
    0.0000   22.5000  -45.0000 2419.6230   23.1687
    7.5000   22.5000  -45.0000 2413.2188   23.2306
   -7.5000   30.0000  -45.0000 2396.1233   24.4187
    0.0000   30.0000  -45.0000 2389.2068   24.1791
    7.5000   30.0000  -45.0000 2390.1851   24.3633
   -7.5000   37.5000  -45.0000 2369.4163   25.7518
    0.0000   37.5000  -45.0000 2362.7644   25.4771
    7.5000   37.5000  -45.0000 2362.0400   25.6608
   -7.5000   45.0000  -45.0000 2334.3105   27.4012
    0.0000   45.0000  -45.0000 2331.0627   27.1257
    7.5000   45.0000  -45.0000 2324.7925   27.2632
   -7.5000  -45.0000  -37.5000 2502.0676   22.1880
    0.0000  -45.0000  -37.5000 2508.9702   22.1665
    7.5000  -45.0000  -37.5000 2489.3552   22.0883
   -7.5000  -37.5000  -37.5000 2532.1467   21.2203
    0.0000  -37.5000  -37.5000 2538.6162   21.2328
    7.5000  -37.5000  -37.5000 2524.5640   21.1799
   -7.5000  -30.0000  -37.5000 2542.3760   20.4833
    0.0000  -30.0000  -37.5000 2549.6387   20.4822
    7.5000  -30.0000  -37.5000 2534.1772   20.4334
   -7.5000  -22.5000  -37.5000 2547.4502   20.0205
    0.0000  -22.5000  -37.5000 2554.2051   20.0113
    7.5000  -22.5000  -37.5000 2537.3489   19.9602
   -7.5000  -15.0000  -37.5000 2547.8530   19.8143
    0.0000  -15.0000  -37.5000 2553.1897   19.7512
    7.5000  -15.0000  -37.5000 2536.4429   19.6812
   -7.5000   -7.5000  -37.5000 2544.3333   19.7359
    0.0000   -7.5000  -37.5000 2554.1433   19.6852
    7.5000   -7.5000  -37.5000 2533.2319   19.6282
   -7.5000    0.0000  -37.5000 2540.0754   19.8597
    0.0000    0.0000  -37.5000 2545.6062   19.7896
    7.5000    0.0000  -37.5000 2527.1992   19.7503
   -7.5000    7.5000  -37.5000 2532.6794   20.2567
    0.0000    7.5000  -37.5000 2539.4739   20.1839
    7.5000    7.5000  -37.5000 2518.2024   20.1314
   -7.5000   15.0000  -37.5000 2523.5171   20.8660
    0.0000   15.0000  -37.5000 2526.0762   20.7842
    7.5000   15.0000  -37.5000 2508.9255   20.7386
   -7.5000   22.5000  -37.5000 2503.2822   21.7067
    0.0000   22.5000  -37.5000 2505.1885   21.5966
    7.5000   22.5000  -37.5000 2488.9233   21.6094
   -7.5000   30.0000  -37.5000 2468.6853   22.7288
    0.0000   30.0000  -37.5000 2466.7764   22.5688
    7.5000   30.0000  -37.5000 2456.9641   22.6749
   -7.5000   37.5000  -37.5000 2433.9536   24.0262
    0.0000   37.5000  -37.5000 2427.5793   23.8039
    7.5000   37.5000  -37.5000 2422.6055   23.9385
   -7.5000   45.0000  -37.5000 2389.4004   25.6138
    0.0000   45.0000  -37.5000 2381.9958   25.3668
    7.5000   45.0000  -37.5000 2381.5005   25.4730
   -7.5000  -45.0000  -30.0000 2609.8735   21.5757
    0.0000  -45.0000  -30.0000 2615.3303   21.5692
    7.5000  -45.0000  -30.0000 2602.6548   21.5010
   -7.5000  -37.5000  -30.0000 2640.6763   20.5824
    0.0000  -37.5000  -30.0000 2649.2808   20.5903
    7.5000  -37.5000  -30.0000 2637.6582   20.5363
   -7.5000  -30.0000  -30.0000 2647.8032   19.8546
    0.0000  -30.0000  -30.0000 2663.2917   19.8633
    7.5000  -30.0000  -30.0000 2647.3032   19.8201
   -7.5000  -22.5000  -30.0000 2654.0427   19.3616
    0.0000  -22.5000  -30.0000 2668.7693   19.3679
    7.5000  -22.5000  -30.0000 2646.8657   19.2843
   -7.5000  -15.0000  -30.0000 2652.5586   19.0836
    0.0000  -15.0000  -30.0000 2668.5569   19.0772
    7.5000  -15.0000  -30.0000 2647.9248   19.0050
   -7.5000   -7.5000  -30.0000 2652.8877   19.0312
    0.0000   -7.5000  -30.0000 2665.9138   18.9867
    7.5000   -7.5000  -30.0000 2646.5757   18.9390
   -7.5000    0.0000  -30.0000 2650.3660   19.1438
    0.0000    0.0000  -30.0000 2663.6565   19.1110
    7.5000    0.0000  -30.0000 2643.7551   19.0764
   -7.5000    7.5000  -30.0000 2648.8474   19.5141
    0.0000    7.5000  -30.0000 2663.4260   19.5032
    7.5000    7.5000  -30.0000 2639.5193   19.4213
   -7.5000   15.0000  -30.0000 2636.1096   20.1077
    0.0000   15.0000  -30.0000 2646.3784   20.1025
    7.5000   15.0000  -30.0000 2625.8381   20.0045
   -7.5000   22.5000  -30.0000 2613.9846   20.9485
    0.0000   22.5000  -30.0000 2623.3916   20.9046
    7.5000   22.5000  -30.0000 2601.5112   20.8519
   -7.5000   30.0000  -30.0000 2580.1450   21.9965
    0.0000   30.0000  -30.0000 2585.3020   21.9248
    7.5000   30.0000  -30.0000 2568.0586   21.9355
   -7.5000   37.5000  -30.0000 2537.1172   23.3145
    0.0000   37.5000  -30.0000 2534.8916   23.1731
    7.5000   37.5000  -30.0000 2524.9348   23.2274
   -7.5000   45.0000  -30.0000 2488.4858   24.8931
    0.0000   45.0000  -30.0000 2479.5991   24.7166
    7.5000   45.0000  -30.0000 2479.2073   24.7755
   -7.5000  -45.0000  -22.5000 2685.7488   20.8965
    0.0000  -45.0000  -22.5000 2699.9382   20.8612
    7.5000  -45.0000  -22.5000 2690.4033   20.8025
   -7.5000  -37.5000  -22.5000 2717.9458   19.8533
    0.0000  -37.5000  -22.5000 2735.2615   19.8251
    7.5000  -37.5000  -22.5000 2724.8376   19.7741
   -7.5000  -30.0000  -22.5000 2730.8264   19.0999
    0.0000  -30.0000  -22.5000 2746.2456   19.0463
    7.5000  -30.0000  -22.5000 2735.4082   19.0163
   -7.5000  -22.5000  -22.5000 2743.6001   18.5882
    0.0000  -22.5000  -22.5000 2753.9104   18.5297
    7.5000  -22.5000  -22.5000 2741.3145   18.4993
   -7.5000  -15.0000  -22.5000 2745.3699   18.2523
    0.0000  -15.0000  -22.5000 2759.1663   18.2102
    7.5000  -15.0000  -22.5000 2743.8503   18.1767
   -7.5000   -7.5000  -22.5000 2750.3818   18.2240
    0.0000   -7.5000  -22.5000 2759.8835   18.1588
    7.5000   -7.5000  -22.5000 2749.6926   18.1563
   -7.5000    0.0000  -22.5000 2744.3328   18.3584
    0.0000    0.0000  -22.5000 2762.2153   18.3236
    7.5000    0.0000  -22.5000 2744.8369   18.3133
   -7.5000    7.5000  -22.5000 2737.0442   18.7100
    0.0000    7.5000  -22.5000 2760.4419   18.7012
    7.5000    7.5000  -22.5000 2739.4329   18.6662
   -7.5000   15.0000  -22.5000 2721.6321   19.2641
    0.0000   15.0000  -22.5000 2742.5664   19.2790
    7.5000   15.0000  -22.5000 2721.9934   19.2139
   -7.5000   22.5000  -22.5000 2695.2188   20.0437
    0.0000   22.5000  -22.5000 2712.9658   20.0516
    7.5000   22.5000  -22.5000 2698.7378   20.0298
   -7.5000   30.0000  -22.5000 2655.2192   21.0753
    0.0000   30.0000  -22.5000 2668.9761   21.0481
    7.5000   30.0000  -22.5000 2658.6511   21.0369
   -7.5000   37.5000  -22.5000 2606.4707   22.3872
    0.0000   37.5000  -22.5000 2613.1514   22.3166
    7.5000   37.5000  -22.5000 2607.3662   22.3362
   -7.5000   45.0000  -22.5000 2558.9468   23.9435
    0.0000   45.0000  -22.5000 2561.8870   23.8272
    7.5000   45.0000  -22.5000 2558.5706   23.8946
   -7.5000  -45.0000  -15.0000 2734.9402   20.2137
    0.0000  -45.0000  -15.0000 2755.6433   20.2135
    7.5000  -45.0000  -15.0000 2746.3899   20.1623
   -7.5000  -37.5000  -15.0000 2772.4844   19.1872
    0.0000  -37.5000  -15.0000 2789.4204   19.1435
    7.5000  -37.5000  -15.0000 2782.2791   19.0824
   -7.5000  -30.0000  -15.0000 2791.6931   18.3900
    0.0000  -30.0000  -15.0000 2800.9446   18.2773
    7.5000  -30.0000  -15.0000 2794.4788   18.2693
   -7.5000  -22.5000  -15.0000 2808.6416   17.8250
    0.0000  -22.5000  -15.0000 2813.4375   17.7332
    7.5000  -22.5000  -15.0000 2807.6697   17.7364
   -7.5000  -15.0000  -15.0000 2811.2515   17.4350
    0.0000  -15.0000  -15.0000 2819.0020   17.3710
    7.5000  -15.0000  -15.0000 2810.9155   17.3993
   -7.5000   -7.5000  -15.0000 2816.6401   17.4062
    0.0000   -7.5000  -15.0000 2825.1255   17.3279
    7.5000   -7.5000  -15.0000 2819.4526   17.3731
   -7.5000    0.0000  -15.0000 2812.3984   17.5785
    0.0000    0.0000  -15.0000 2829.0574   17.5187
    7.5000    0.0000  -15.0000 2817.5061   17.5575
   -7.5000    7.5000  -15.0000 2802.9167   17.9355
    0.0000    7.5000  -15.0000 2824.7058   17.9027
    7.5000    7.5000  -15.0000 2811.6682   17.9240
   -7.5000   15.0000  -15.0000 2781.8254   18.4721
    0.0000   15.0000  -15.0000 2803.3928   18.4724
    7.5000   15.0000  -15.0000 2791.2947   18.4611
   -7.5000   22.5000  -15.0000 2749.7893   19.2213
    0.0000   22.5000  -15.0000 2773.8281   19.2276
    7.5000   22.5000  -15.0000 2762.0872   19.2209
   -7.5000   30.0000  -15.0000 2707.8630   20.2371
    0.0000   30.0000  -15.0000 2733.5784   20.2212
    7.5000   30.0000  -15.0000 2719.8145   20.2205
   -7.5000   37.5000  -15.0000 2655.3811   21.5065
    0.0000   37.5000  -15.0000 2673.6602   21.4754
    7.5000   37.5000  -15.0000 2661.7432   21.4525
   -7.5000   45.0000  -15.0000 2602.7998   23.0372
    0.0000   45.0000  -15.0000 2611.4604   22.9863
    7.5000   45.0000  -15.0000 2602.4653   22.9746
   -7.5000  -45.0000   -7.5000 2763.6313   19.6240
    0.0000  -45.0000   -7.5000 2784.1562   19.5757
    7.5000  -45.0000   -7.5000 2774.2014   19.5473
   -7.5000  -37.5000   -7.5000 2806.7422   18.5574
    0.0000  -37.5000   -7.5000 2820.8203   18.4868
    7.5000  -37.5000   -7.5000 2811.7686   18.4560
   -7.5000  -30.0000   -7.5000 2831.5649   17.7347
    0.0000  -30.0000   -7.5000 2839.1960   17.6437
    7.5000  -30.0000   -7.5000 2834.2324   17.6410
   -7.5000  -22.5000   -7.5000 2847.0383   17.1196
    0.0000  -22.5000   -7.5000 2849.9529   17.0012
    7.5000  -22.5000   -7.5000 2848.3184   17.0369
   -7.5000  -15.0000   -7.5000 2852.7437   16.6983
    0.0000  -15.0000   -7.5000 2858.2439   16.5808
    7.5000  -15.0000   -7.5000 2851.1130   16.6398
   -7.5000   -7.5000   -7.5000 2861.7488   16.6211
    0.0000   -7.5000   -7.5000 2867.2275   16.5178
    7.5000   -7.5000   -7.5000 2860.4907   16.5926
   -7.5000    0.0000   -7.5000 2862.3103   16.8308
    0.0000    0.0000   -7.5000 2875.0273   16.7228
    7.5000    0.0000   -7.5000 2867.1023   16.8012
   -7.5000    7.5000   -7.5000 2857.3225   17.2165
    0.0000    7.5000   -7.5000 2871.8440   17.1241
    7.5000    7.5000   -7.5000 2863.5718   17.1877
   -7.5000   15.0000   -7.5000 2834.6255   17.7604
    0.0000   15.0000   -7.5000 2849.3162   17.6975
    7.5000   15.0000   -7.5000 2839.3220   17.7299
   -7.5000   22.5000   -7.5000 2799.2402   18.5136
    0.0000   22.5000   -7.5000 2815.4431   18.4659
    7.5000   22.5000   -7.5000 2806.9802   18.4787
   -7.5000   30.0000   -7.5000 2752.9880   19.5161
    0.0000   30.0000   -7.5000 2777.8416   19.4843
    7.5000   30.0000   -7.5000 2762.6140   19.4806
   -7.5000   37.5000   -7.5000 2696.5242   20.7415
    0.0000   37.5000   -7.5000 2719.6785   20.7512
    7.5000   37.5000   -7.5000 2700.6223   20.6983
   -7.5000   45.0000   -7.5000 2629.6455   22.2004
    0.0000   45.0000   -7.5000 2645.6846   22.2056
    7.5000   45.0000   -7.5000 2624.2500   22.1287
   -7.5000  -45.0000    0.0000 2770.0981   19.2207
    0.0000  -45.0000    0.0000 2788.3711   19.1272
    7.5000  -45.0000    0.0000 2780.6104   19.1534
   -7.5000  -37.5000    0.0000 2819.2913   18.1119
    0.0000  -37.5000    0.0000 2831.7017   18.0251
    7.5000  -37.5000    0.0000 2825.1060   18.0567
   -7.5000  -30.0000    0.0000 2853.9404   17.2527
    0.0000  -30.0000    0.0000 2859.7842   17.1336
    7.5000  -30.0000    0.0000 2852.5354   17.1802
   -7.5000  -22.5000    0.0000 2875.6506   16.6282
    0.0000  -22.5000    0.0000 2878.6497   16.5081
    7.5000  -22.5000    0.0000 2869.7412   16.5213
   -7.5000  -15.0000    0.0000 2883.5447   16.1608
    0.0000  -15.0000    0.0000 2881.3530   15.9685
    7.5000  -15.0000    0.0000 2872.0991   16.0474
   -7.5000   -7.5000    0.0000 2892.4543   16.0291
    0.0000   -7.5000    0.0000 2886.5593   15.8381
    7.5000   -7.5000    0.0000 2881.1013   15.9599
   -7.5000    0.0000    0.0000 2894.7583   16.2476
    0.0000    0.0000    0.0000 2896.6755   16.0720
    7.5000    0.0000    0.0000 2894.3569   16.1733
   -7.5000    7.5000    0.0000 2888.9504   16.6354
    0.0000    7.5000    0.0000 2893.3755   16.5102
    7.5000    7.5000    0.0000 2888.4907   16.5918
   -7.5000   15.0000    0.0000 2868.8408   17.2128
    0.0000   15.0000    0.0000 2870.9631   17.0930
    7.5000   15.0000    0.0000 2867.3135   17.1627
   -7.5000   22.5000    0.0000 2835.1711   18.0170
    0.0000   22.5000    0.0000 2840.6260   17.9008
    7.5000   22.5000    0.0000 2837.0208   17.9722
   -7.5000   30.0000    0.0000 2783.2642   19.0460
    0.0000   30.0000    0.0000 2796.1619   18.9460
    7.5000   30.0000    0.0000 2787.6567   19.0127
   -7.5000   37.5000    0.0000 2722.1914   20.2445
    0.0000   37.5000    0.0000 2736.9744   20.1845
    7.5000   37.5000    0.0000 2724.6177   20.2128
   -7.5000   45.0000    0.0000 2649.0913   21.6212
    0.0000   45.0000    0.0000 2656.5322   21.5859
    7.5000   45.0000    0.0000 2642.4797   21.5536
   -7.5000  -45.0000    7.5000 2768.4868   18.9891
    0.0000  -45.0000    7.5000 2779.8965   18.8206
    7.5000  -45.0000    7.5000 2778.2739   18.9227
   -7.5000  -37.5000    7.5000 2823.4897   17.8725
    0.0000  -37.5000    7.5000 2827.7368   17.6851
    7.5000  -37.5000    7.5000 2823.4512   17.7810
   -7.5000  -30.0000    7.5000 2867.3594   16.9781
    0.0000  -30.0000    7.5000 2868.4319   16.7859
    7.5000  -30.0000    7.5000 2861.6533   16.8662
   -7.5000  -22.5000    7.5000 2899.2717   16.3314
    0.0000  -22.5000    7.5000 2896.7944   16.1248
    7.5000  -22.5000    7.5000 2889.4995   16.1785
   -7.5000  -15.0000    7.5000 2911.1235   15.8316
    0.0000  -15.0000    7.5000 2899.6179   15.5307
    7.5000  -15.0000    7.5000 2891.0347   15.6429
   -7.5000   -7.5000    7.5000 2919.0007   15.6595
    0.0000   -7.5000    7.5000 2900.4297   15.3459
    7.5000   -7.5000    7.5000 2901.8181   15.4869
   -7.5000    0.0000    7.5000 2919.8875   15.8503
    0.0000    0.0000    7.5000 2907.9885   15.6011
    7.5000    0.0000    7.5000 2912.4722   15.7278
   -7.5000    7.5000    7.5000 2914.3264   16.2601
    0.0000    7.5000    7.5000 2903.1218   16.0142
    7.5000    7.5000    7.5000 2908.3757   16.1672
   -7.5000   15.0000    7.5000 2892.6836   16.8886
    0.0000   15.0000    7.5000 2883.4644   16.6239
    7.5000   15.0000    7.5000 2886.8015   16.7904
   -7.5000   22.5000    7.5000 2856.4087   17.7180
    0.0000   22.5000    7.5000 2851.9114   17.4928
    7.5000   22.5000    7.5000 2853.4302   17.6582
   -7.5000   30.0000    7.5000 2805.9312   18.7443
    0.0000   30.0000    7.5000 2809.0774   18.5606
    7.5000   30.0000    7.5000 2802.5022   18.7026
   -7.5000   37.5000    7.5000 2744.4116   19.8934
    0.0000   37.5000    7.5000 2754.1426   19.7912
    7.5000   37.5000    7.5000 2742.0664   19.8710
   -7.5000   45.0000    7.5000 2667.1924   21.2644
    0.0000   45.0000    7.5000 2676.2515   21.2027
    7.5000   45.0000    7.5000 2661.8560   21.2424
   -7.5000  -45.0000   15.0000 2759.3987   18.9068
    0.0000  -45.0000   15.0000 2761.1216   18.7293
    7.5000  -45.0000   15.0000 2772.4248   18.8605
   -7.5000  -37.5000   15.0000 2813.9053   17.7461
    0.0000  -37.5000   15.0000 2807.5356   17.5233
    7.5000  -37.5000   15.0000 2814.2334   17.6644
   -7.5000  -30.0000   15.0000 2856.0293   16.8227
    0.0000  -30.0000   15.0000 2853.3960   16.5995
    7.5000  -30.0000   15.0000 2854.8005   16.7229
   -7.5000  -22.5000   15.0000 2899.4204   16.1833
    0.0000  -22.5000   15.0000 2896.1274   15.9514
    7.5000  -22.5000   15.0000 2894.1926   16.0307
   -7.5000  -15.0000   15.0000 2922.4578   15.6742
    0.0000  -15.0000   15.0000 2919.2949   15.3704
    7.5000  -15.0000   15.0000 2911.9895   15.5236
   -7.5000   -7.5000   15.0000 2933.0010   15.4179
    0.0000   -7.5000   15.0000 2912.9121   15.0219
    7.5000   -7.5000   15.0000 2921.0469   15.3061
   -7.5000    0.0000   15.0000 2927.9309   15.6508
    0.0000    0.0000   15.0000 2907.9260   15.2683
    7.5000    0.0000   15.0000 2920.0110   15.5483
   -7.5000    7.5000   15.0000 2920.6890   16.1231
    0.0000    7.5000   15.0000 2904.2207   15.7881
    7.5000    7.5000   15.0000 2919.6277   16.0279
   -7.5000   15.0000   15.0000 2899.1917   16.7325
    0.0000   15.0000   15.0000 2893.0830   16.4594
    7.5000   15.0000   15.0000 2903.3293   16.6627
   -7.5000   22.5000   15.0000 2865.8096   17.5826
    0.0000   22.5000   15.0000 2860.4736   17.3691
    7.5000   22.5000   15.0000 2870.8770   17.5367
   -7.5000   30.0000   15.0000 2819.4075   18.6254
    0.0000   30.0000   15.0000 2817.1558   18.4625
    7.5000   30.0000   15.0000 2819.8047   18.5855
   -7.5000   37.5000   15.0000 2760.0708   19.8129
    0.0000   37.5000   15.0000 2765.8252   19.7162
    7.5000   37.5000   15.0000 2758.9805   19.7962
   -7.5000   45.0000   15.0000 2682.2922   21.1995
    0.0000   45.0000   15.0000 2691.3000   21.1040
    7.5000   45.0000   15.0000 2678.2312   21.1280
   -7.5000  -45.0000   22.5000 2751.8103   19.0454
    0.0000  -45.0000   22.5000 2746.5481   18.8390
    7.5000  -45.0000   22.5000 2756.3484   18.9908
   -7.5000  -37.5000   22.5000 2804.4814   17.8797
    0.0000  -37.5000   22.5000 2793.7815   17.6392
    7.5000  -37.5000   22.5000 2801.5400   17.7893
   -7.5000  -30.0000   22.5000 2849.1770   16.9307
    0.0000  -30.0000   22.5000 2839.9722   16.7221
    7.5000  -30.0000   22.5000 2851.3235   16.8829
   -7.5000  -22.5000   22.5000 2897.8015   16.2979
    0.0000  -22.5000   22.5000 2903.0986   16.1638
    7.5000  -22.5000   22.5000 2900.1501   16.2375
   -7.5000  -15.0000   22.5000 2923.6653   15.7556
    0.0000  -15.0000   22.5000 2950.7192   15.6264
    7.5000  -15.0000   22.5000 2927.3206   15.7268
   -7.5000   -7.5000   22.5000 2942.1257   15.5096
    0.0000   -7.5000   22.5000 2953.0557   15.1912
    7.5000   -7.5000   22.5000 2939.2256   15.4581
   -7.5000    0.0000   22.5000 2934.6770   15.6613
    0.0000    0.0000   22.5000 2933.3557   15.3461
    7.5000    0.0000   22.5000 2935.5566   15.6080
   -7.5000    7.5000   22.5000 2918.5500   16.0737
    0.0000    7.5000   22.5000 2915.0281   15.8402
    7.5000    7.5000   22.5000 2923.8845   16.0185
   -7.5000   15.0000   22.5000 2899.6155   16.7228
    0.0000   15.0000   22.5000 2894.9487   16.5235
    7.5000   15.0000   22.5000 2901.1821   16.6454
   -7.5000   22.5000   22.5000 2867.9163   17.5784
    0.0000   22.5000   22.5000 2864.4268   17.4184
    7.5000   22.5000   22.5000 2866.3940   17.5017
   -7.5000   30.0000   22.5000 2821.6489   18.6129
    0.0000   30.0000   22.5000 2828.3699   18.5163
    7.5000   30.0000   22.5000 2819.5276   18.5559
   -7.5000   37.5000   22.5000 2765.0400   19.7950
    0.0000   37.5000   22.5000 2779.9807   19.7778
    7.5000   37.5000   22.5000 2762.7278   19.7432
   -7.5000   45.0000   22.5000 2681.5693   21.1338
    0.0000   45.0000   22.5000 2703.7913   21.1940
    7.5000   45.0000   22.5000 2678.5139   21.0806
   -7.5000  -45.0000   30.0000 2741.3528   19.3329
    0.0000  -45.0000   30.0000 2734.7737   19.1432
    7.5000  -45.0000   30.0000 2745.3003   19.3350
   -7.5000  -37.5000   30.0000 2795.0027   18.2044
    0.0000  -37.5000   30.0000 2796.3042   18.0669
    7.5000  -37.5000   30.0000 2799.4849   18.2209
   -7.5000  -30.0000   30.0000 2846.4575   17.3033
    0.0000  -30.0000   30.0000 2860.6936   17.2335
    7.5000  -30.0000   30.0000 2854.9106   17.3587
   -7.5000  -22.5000   30.0000 2894.4600   16.6195
    0.0000  -22.5000   30.0000 2929.9573   16.6864
    7.5000  -22.5000   30.0000 2905.6855   16.7089
   -7.5000  -15.0000   30.0000 2920.4932   16.0775
    0.0000  -15.0000   30.0000 2953.9890   16.0096
    7.5000  -15.0000   30.0000 2924.1504   16.1485
   -7.5000   -7.5000   30.0000 2954.8003   15.9245
    0.0000   -7.5000   30.0000 2979.3406   15.8013
    7.5000   -7.5000   30.0000 2956.0540   15.9554
   -7.5000    0.0000   30.0000 2951.6814   16.0452
    0.0000    0.0000   30.0000 2981.2217   16.0042
    7.5000    0.0000   30.0000 2953.6785   16.0669
   -7.5000    7.5000   30.0000 2928.5515   16.4009
    0.0000    7.5000   30.0000 2950.3855   16.3431
    7.5000    7.5000   30.0000 2932.1548   16.3911
   -7.5000   15.0000   30.0000 2896.4814   16.9354
    0.0000   15.0000   30.0000 2900.5764   16.8427
    7.5000   15.0000   30.0000 2896.5168   16.8918
   -7.5000   22.5000   30.0000 2861.2751   17.7144
    0.0000   22.5000   30.0000 2857.7410   17.5941
    7.5000   22.5000   30.0000 2855.7761   17.6530
   -7.5000   30.0000   30.0000 2819.2900   18.6934
    0.0000   30.0000   30.0000 2821.6775   18.5922
    7.5000   30.0000   30.0000 2814.1133   18.6356
   -7.5000   37.5000   30.0000 2757.4141   19.8664
    0.0000   37.5000   30.0000 2763.3665   19.8059
    7.5000   37.5000   30.0000 2754.0940   19.8206
   -7.5000   45.0000   30.0000 2675.5706   21.2832
    0.0000   45.0000   30.0000 2696.0640   21.2845
    7.5000   45.0000   30.0000 2673.8613   21.2559
   -7.5000  -45.0000   37.5000 2740.7893   19.8707
    0.0000  -45.0000   37.5000 2744.3894   19.7689
    7.5000  -45.0000   37.5000 2748.4595   19.9941
   -7.5000  -37.5000   37.5000 2799.6289   18.7909
    0.0000  -37.5000   37.5000 2801.9795   18.6662
    7.5000  -37.5000   37.5000 2807.2422   18.9173
   -7.5000  -30.0000   37.5000 2851.0840   17.8713
    0.0000  -30.0000   37.5000 2855.7510   17.7757
    7.5000  -30.0000   37.5000 2860.5701   17.9866
   -7.5000  -22.5000   37.5000 2890.8167   17.1153
    0.0000  -22.5000   37.5000 2899.0149   16.9802
    7.5000  -22.5000   37.5000 2895.6470   17.1807
   -7.5000  -15.0000   37.5000 2923.8870   16.5812
    0.0000  -15.0000   37.5000 2924.1067   16.2871
    7.5000  -15.0000   37.5000 2925.1292   16.6057
   -7.5000   -7.5000   37.5000 2952.8572   16.4060
    0.0000   -7.5000   37.5000 2960.0525   16.1757
    7.5000   -7.5000   37.5000 2960.5989   16.4399
   -7.5000    0.0000   37.5000 2954.1252   16.5681
    0.0000    0.0000   37.5000 2970.4478   16.4196
    7.5000    0.0000   37.5000 2956.9634   16.5891
   -7.5000    7.5000   37.5000 2936.9038   16.9651
    0.0000    7.5000   37.5000 2947.8086   16.8321
    7.5000    7.5000   37.5000 2937.1570   16.9414
   -7.5000   15.0000   37.5000 2898.6377   17.5092
    0.0000   15.0000   37.5000 2906.5200   17.4160
    7.5000   15.0000   37.5000 2902.2048   17.4783
   -7.5000   22.5000   37.5000 2858.1035   18.2023
    0.0000   22.5000   37.5000 2864.6509   18.1377
    7.5000   22.5000   37.5000 2857.0522   18.1847
   -7.5000   30.0000   37.5000 2806.9502   19.0741
    0.0000   30.0000   37.5000 2816.8630   19.0107
    7.5000   30.0000   37.5000 2809.8440   19.0542
   -7.5000   37.5000   37.5000 2740.0242   20.1805
    0.0000   37.5000   37.5000 2747.6858   20.1350
    7.5000   37.5000   37.5000 2737.7583   20.1443
   -7.5000   45.0000   37.5000 2663.3982   21.5549
    0.0000   45.0000   37.5000 2678.6011   21.5404
    7.5000   45.0000   37.5000 2661.2102   21.4806
   -7.5000  -45.0000   45.0000 2739.2957   20.5877
    0.0000  -45.0000   45.0000 2734.7429   20.3871
    7.5000  -45.0000   45.0000 2736.3745   20.6535
   -7.5000  -37.5000   45.0000 2791.8589   19.4490
    0.0000  -37.5000   45.0000 2789.2959   19.2343
    7.5000  -37.5000   45.0000 2793.9094   19.5183
   -7.5000  -30.0000   45.0000 2834.8188   18.4489
    0.0000  -30.0000   45.0000 2831.3545   18.2234
    7.5000  -30.0000   45.0000 2838.8833   18.5042
   -7.5000  -22.5000   45.0000 2870.5566   17.6741
    0.0000  -22.5000   45.0000 2865.0266   17.3570
    7.5000  -22.5000   45.0000 2877.1917   17.6940
   -7.5000  -15.0000   45.0000 2899.0955   17.1109
    0.0000  -15.0000   45.0000 2895.6365   16.8246
    7.5000  -15.0000   45.0000 2905.8623   17.1501
   -7.5000   -7.5000   45.0000 2926.1155   16.9437
    0.0000   -7.5000   45.0000 2926.6570   16.7055
    7.5000   -7.5000   45.0000 2938.1938   17.0088
   -7.5000    0.0000   45.0000 2929.1670   17.1391
    0.0000    0.0000   45.0000 2936.2119   16.9411
    7.5000    0.0000   45.0000 2932.0017   17.1571
   -7.5000    7.5000   45.0000 2913.3188   17.5475
    0.0000    7.5000   45.0000 2919.9138   17.3462
    7.5000    7.5000   45.0000 2912.4414   17.5061
   -7.5000   15.0000   45.0000 2882.0437   18.1047
    0.0000   15.0000   45.0000 2883.2048   17.9276
    7.5000   15.0000   45.0000 2881.2571   18.0580
   -7.5000   22.5000   45.0000 2843.4185   18.8335
    0.0000   22.5000   45.0000 2849.7876   18.7342
    7.5000   22.5000   45.0000 2845.3174   18.7977
   -7.5000   30.0000   45.0000 2788.6396   19.7225
    0.0000   30.0000   45.0000 2796.7007   19.6644
    7.5000   30.0000   45.0000 2793.7412   19.6872
   -7.5000   37.5000   45.0000 2714.7603   20.7300
    0.0000   37.5000   45.0000 2721.7317   20.6923
    7.5000   37.5000   45.0000 2714.1389   20.7197
   -7.5000   45.0000   45.0000 2643.1462   21.9836
    0.0000   45.0000   45.0000 2663.3813   21.9974
    7.5000   45.0000   45.0000 2640.6113   21.9918

---------------------------------------------------------------------
imgreg_4dfp /opt/freesurfer/average/711-2C_as_mni_average_305 /opt/freesurfer/average/711-2B_as_mni_average_305_mask talsrcimg_g11 none talsrcimg_to_711-2C_as_mni_average_305_t4 1283
---------------------------------------------------------------------

freesurfer imgreg_4dfp.c
/opt/freesurfer/average/711-2C_as_mni_average_305.4dfp.img
       256       256       256         1
  1.000000  1.000000  1.000000
orientation T byte_order littleendian
Reading image: /opt/freesurfer/average/711-2C_as_mni_average_305.4dfp.img
dimensions:      256       256       256
mmppix:       1.0000   -1.0000   -1.0000
center:     128.0000 -129.0000 -129.0000
/opt/freesurfer/average/711-2B_as_mni_average_305_mask.4dfp.img
       256       256       256         1
  1.000000  1.000000  1.000000
orientation T byte_order littleendian
Reading mask: /opt/freesurfer/average/711-2B_as_mni_average_305_mask.4dfp.img (2306576 pixels)
talsrcimg_g11.4dfp.img
       256       256       256         1
  1.000000  1.000000  1.000000
orientation T byte_order littleendian
Reading image: talsrcimg_g11.4dfp.img
dimensions:      256       256       256
mmppix:       1.0000   -1.0000   -1.0000
center:     128.0000 -129.0000 -129.0000
rotation matrix determinant  1.000000
fimgreg.f
image alignment mode   1283 decimal      503 hex
parameters
    0.0000    0.0000   30.0000    0.0000    0.0000    0.0000
eta,q 0.93645 16.04806
niter,ni,del,rscale     5    3   12.0000    1.2000
parameters
   -0.7373   -2.1494   31.4462   -2.3147   -1.6978    2.7621
eta,q 0.93447 15.96135
  0.0688  0.0675  0.0795  0.0667  0.0678  0.0681
  0.0658  0.0676  0.0714  0.0665  0.0658  0.0669
  0.0657  0.0667  0.0672  0.0667  0.0658  0.0663
  0.0676  0.0666  0.0666  0.0664  0.0666  0.0659
  0.0673  0.0680  0.0668  0.0667  0.0675  0.0656
  0.0667  0.0714  0.0682  0.0683  0.0680  0.0655
  0.0694  0.0768  0.0695  0.0700  0.0689  0.0659
niter,ni,del,rscale     4    3   12.0000    1.2000
parameters
    0.5913   -2.3114   31.1719   -3.3413   -2.0504    0.3352
eta,q 0.93249 15.82426
  0.0737  0.0683  0.0715  0.0683  0.0683  0.0676
  0.0686  0.0678  0.0673  0.0681  0.0669  0.0675
  0.0637  0.0682  0.0667  0.0678  0.0669  0.0675
  0.0655  0.0677  0.0678  0.0676  0.0676  0.0676
  0.0682  0.0670  0.0686  0.0679  0.0680  0.0678
  0.0673  0.0671  0.0693  0.0684  0.0677  0.0686
  0.0666  0.0694  0.0706  0.0694  0.0676  0.0700
niter,ni,del,rscale     3    3   12.0000    1.2000
parameters
    0.9124   -0.5459   31.6980   -3.0664    0.3143   -1.6298
eta,q 0.93419 15.84128
  0.0713  0.0689  0.0739  0.0683  0.0695  0.0670
  0.0657  0.0671  0.0688  0.0679  0.0680  0.0661
  0.0642  0.0678  0.0673  0.0674  0.0676  0.0658
  0.0675  0.0678  0.0670  0.0670  0.0670  0.0663
  0.0680  0.0669  0.0676  0.0667  0.0663  0.0669
  0.0667  0.0661  0.0692  0.0670  0.0663  0.0681
  0.0683  0.0680  0.0706  0.0686  0.0673  0.0692
niter,ni,del,rscale     2    3   12.0000    1.2000
parameters
    0.1355   -0.9408   31.5225   -2.6307   -0.6472   -0.0250
eta,q 0.93347 15.88549
  0.0700  0.0686  0.0714  0.0679  0.0677  0.0693
  0.0660  0.0685  0.0678  0.0679  0.0670  0.0679
  0.0664  0.0677  0.0667  0.0673  0.0669  0.0671
  0.0658  0.0663  0.0665  0.0665  0.0663  0.0666
  0.0653  0.0656  0.0677  0.0660  0.0664  0.0665
  0.0682  0.0673  0.0692  0.0664  0.0676  0.0668
  0.0746  0.0717  0.0709  0.0685  0.0698  0.0674
niter,ni,del,rscale     1    3   12.0000    1.2000
parameters
    0.5162   -1.2998   31.4786   -2.9143   -0.6412   -0.5043
eta,q 0.93310 15.83372
  0.0716  0.0679  0.0716  0.0680  0.0682  0.0682
  0.0666  0.0683  0.0675  0.0678  0.0671  0.0673
  0.0648  0.0682  0.0667  0.0673  0.0672  0.0669
  0.0665  0.0667  0.0670  0.0670  0.0670  0.0670
  0.0661  0.0654  0.0678  0.0667  0.0666  0.0672
  0.0658  0.0666  0.0689  0.0672  0.0671  0.0678
  0.0697  0.0710  0.0704  0.0691  0.0684  0.0685
registration optimization eta report
parameter search radius
    6.0000    6.0000    6.0000    6.0000    6.0000    6.0000
100000*second partial in parameter space
       14.        8.       12.        5.        4.        4.
  0.0716  0.0679  0.0716  0.0680  0.0682  0.0682
  0.0666  0.0683  0.0675  0.0678  0.0671  0.0673
  0.0648  0.0682  0.0667  0.0673  0.0672  0.0669
  0.0665  0.0667  0.0670  0.0670  0.0670  0.0670
  0.0661  0.0654  0.0678  0.0667  0.0666  0.0672
  0.0658  0.0666  0.0689  0.0672  0.0671  0.0678
  0.0697  0.0710  0.0704  0.0691  0.0684  0.0685
    0.5162   -1.2998   31.4786   -2.9143   -0.6412   -0.5043
eta,q 0.93310 15.83372

---------------------------------------------------------------------
imgreg_4dfp /opt/freesurfer/average/711-2C_as_mni_average_305 /opt/freesurfer/average/711-2B_as_mni_average_305_mask talsrcimg_g11 none talsrcimg_to_711-2C_as_mni_average_305_t4 3335
---------------------------------------------------------------------

freesurfer imgreg_4dfp.c
/opt/freesurfer/average/711-2C_as_mni_average_305.4dfp.img
       256       256       256         1
  1.000000  1.000000  1.000000
orientation T byte_order littleendian
Reading image: /opt/freesurfer/average/711-2C_as_mni_average_305.4dfp.img
dimensions:      256       256       256
mmppix:       1.0000   -1.0000   -1.0000
center:     128.0000 -129.0000 -129.0000
/opt/freesurfer/average/711-2B_as_mni_average_305_mask.4dfp.img
       256       256       256         1
  1.000000  1.000000  1.000000
orientation T byte_order littleendian
Reading mask: /opt/freesurfer/average/711-2B_as_mni_average_305_mask.4dfp.img (2306576 pixels)
talsrcimg_g11.4dfp.img
       256       256       256         1
  1.000000  1.000000  1.000000
orientation T byte_order littleendian
Reading image: talsrcimg_g11.4dfp.img
dimensions:      256       256       256
mmppix:       1.0000   -1.0000   -1.0000
center:     128.0000 -129.0000 -129.0000
fimgreg.f
image alignment mode   3335 decimal      D07 hex
parameters
    0.5162   -1.2998   31.4786   -0.0101   -0.1327   -0.1356
    0.8221    1.1624   -0.8800    5.0742   -1.1192   -5.0839
eta,q 0.93805 16.09191
niter,ni,del,rscale     5    3    5.0000    1.2000
parameter  3  0.912576 ->  0.500000 qaram    1.1500
parameter  4  2.663130 ->  0.500000 qaram    1.1500
parameter 10 -1.270805 -> -0.500000 qaram    1.1500
parameter 12 -3.157279 -> -0.500000 qaram    1.1500
parameters
    0.7123   -1.4483   30.0986   -4.1501   -1.6195    0.6094
   -2.5287    1.6787    0.4923    9.2142   -1.8010   -0.9439
eta,q 0.94798 16.19049
  0.0638  0.0628  0.0615  0.0551  0.0578  0.0604  0.0567  0.0616  0.0570  0.0631  0.0547  0.0585
  0.0629  0.0623  0.0615  0.0563  0.0572  0.0594  0.0564  0.0588  0.0567  0.0604  0.0543  0.0569
  0.0623  0.0620  0.0617  0.0585  0.0570  0.0580  0.0564  0.0571  0.0564  0.0581  0.0541  0.0554
  0.0619  0.0619  0.0619  0.0615  0.0568  0.0569  0.0566  0.0563  0.0563  0.0563  0.0541  0.0541
  0.0620  0.0620  0.0622  0.0655  0.0572  0.0561  0.0571  0.0565  0.0563  0.0549  0.0542  0.0528
  0.0625  0.0624  0.0626  0.0694  0.0581  0.0571  0.0577  0.0579  0.0564  0.0538  0.0545  0.0517
  0.0633  0.0631  0.0632  0.0716  0.0591  0.0603  0.0586  0.0604  0.0566  0.0533  0.0551  0.0509
niter,ni,del,rscale     7    3    5.0000    1.2000
parameter  2  0.557222 ->  0.500000 qaram    1.1500
parameter  3  1.063623 ->  0.500000 qaram    1.3225
parameter  4  0.643425 ->  0.500000 qaram    1.3225
parameters
    0.0606   -2.8283   28.5116   -8.9111   -5.1907    1.4084
   -3.8602   -0.2854    1.2400   12.3123   -2.8828    2.9063
eta,q 0.95250 16.07472
  0.0531  0.0517  0.0505  0.0488  0.0488  0.0528  0.0492  0.0500  0.0490  0.0532  0.0482  0.0506
  0.0521  0.0515  0.0504  0.0488  0.0489  0.0520  0.0487  0.0488  0.0486  0.0510  0.0479  0.0494
  0.0518  0.0515  0.0508  0.0491  0.0489  0.0506  0.0485  0.0484  0.0484  0.0494  0.0478  0.0485
  0.0520  0.0518  0.0514  0.0505  0.0488  0.0489  0.0486  0.0485  0.0483  0.0483  0.0479  0.0478
  0.0528  0.0524  0.0522  0.0540  0.0492  0.0485  0.0489  0.0494  0.0484  0.0479  0.0479  0.0475
  0.0539  0.0531  0.0531  0.0595  0.0498  0.0496  0.0493  0.0512  0.0485  0.0481  0.0481  0.0476
  0.0554  0.0540  0.0540  0.0651  0.0505  0.0526  0.0499  0.0542  0.0488  0.0491  0.0485  0.0480
niter,ni,del,rscale     7    3    5.0000    1.2000
parameter  2  0.522655 ->  0.500000 qaram    1.3225
parameter  5  2.628789 ->  0.500000 qaram    1.1500
parameters
   -0.3005   -4.4153   28.1725  -12.2195   -9.3307    0.5297
   -3.6027   -0.8412    3.4001   10.1807   -3.6607    1.0129
eta,q 0.95416 15.88890
  0.0488  0.0475  0.0487  0.0480  0.0455  0.0488  0.0478  0.0485  0.0480  0.0475  0.0461  0.0463
  0.0479  0.0471  0.0477  0.0473  0.0459  0.0481  0.0470  0.0470  0.0472  0.0464  0.0459  0.0460
  0.0475  0.0472  0.0471  0.0470  0.0464  0.0470  0.0465  0.0463  0.0466  0.0459  0.0458  0.0458
  0.0475  0.0475  0.0471  0.0471  0.0470  0.0460  0.0463  0.0462  0.0462  0.0461  0.0459  0.0459
  0.0479  0.0480  0.0476  0.0481  0.0478  0.0464  0.0464  0.0467  0.0461  0.0469  0.0460  0.0461
  0.0487  0.0489  0.0484  0.0515  0.0486  0.0485  0.0469  0.0476  0.0463  0.0484  0.0460  0.0465
  0.0498  0.0498  0.0494  0.0582  0.0493  0.0520  0.0477  0.0492  0.0467  0.0504  0.0461  0.0472
niter,ni,del,rscale     7    3    5.0000    1.2000
parameter  2  0.832568 ->  0.500000 qaram    1.5209
parameter  3  1.174915 ->  0.500000 qaram    1.5209
parameter  5  1.670075 ->  0.500000 qaram    1.3225
parameter  6  0.549533 ->  0.500000 qaram    1.1500
parameter 10  1.954223 ->  0.500000 qaram    1.3225
parameter 12  3.517531 ->  0.500000 qaram    1.3225
parameters
   -0.0551   -6.2404   26.3475  -13.1839  -14.0917   -3.6103
   -3.2113   -0.5334    4.0957    5.4197   -4.8545   -3.7481
eta,q 0.96262 15.78775
  0.0479  0.0448  0.0432  0.0465  0.0411  0.0407  0.0434  0.0433  0.0431  0.0383  0.0396  0.0364
  0.0469  0.0446  0.0435  0.0452  0.0412  0.0412  0.0423  0.0421  0.0422  0.0390  0.0394  0.0371
  0.0462  0.0450  0.0439  0.0442  0.0422  0.0412  0.0415  0.0414  0.0415  0.0400  0.0393  0.0381
  0.0458  0.0458  0.0447  0.0436  0.0437  0.0414  0.0412  0.0412  0.0412  0.0412  0.0393  0.0393
  0.0459  0.0470  0.0458  0.0435  0.0452  0.0423  0.0414  0.0414  0.0413  0.0425  0.0394  0.0406
  0.0464  0.0485  0.0471  0.0450  0.0469  0.0452  0.0420  0.0420  0.0417  0.0442  0.0396  0.0419
  0.0472  0.0502  0.0485  0.0500  0.0485  0.0483  0.0430  0.0429  0.0425  0.0460  0.0398  0.0432
niter,ni,del,rscale     7    3    5.0000    1.2000
parameter  2  0.531361 ->  0.500000 qaram    1.7490
parameter  3  6.505758 ->  0.500000 qaram    1.7490
parameter  4 -0.523574 -> -0.500000 qaram    1.5209
parameter  6  0.672652 ->  0.500000 qaram    1.3225
parameters
    0.3258   -8.3392   24.2487   -7.7088  -16.1229   -8.3713
   -3.5685    0.6832    4.7784    3.4523   -2.4121   -3.5437
eta,q 0.97302 15.98919
  0.0400  0.0372  0.0288  0.0368  0.0331  0.0272  0.0291  0.0325  0.0291  0.0296  0.0285  0.0290
  0.0387  0.0362  0.0309  0.0349  0.0313  0.0271  0.0280  0.0295  0.0282  0.0282  0.0279  0.0281
  0.0378  0.0362  0.0333  0.0331  0.0300  0.0282  0.0274  0.0278  0.0275  0.0272  0.0274  0.0274
  0.0374  0.0373  0.0361  0.0315  0.0295  0.0297  0.0272  0.0272  0.0272  0.0272  0.0271  0.0270
  0.0374  0.0396  0.0392  0.0302  0.0307  0.0316  0.0275  0.0274  0.0273  0.0282  0.0270  0.0271
  0.0379  0.0429  0.0422  0.0295  0.0346  0.0362  0.0283  0.0282  0.0277  0.0303  0.0271  0.0278
  0.0387  0.0467  0.0447  0.0319  0.0400  0.0424  0.0296  0.0295  0.0285  0.0332  0.0274  0.0291
niter,ni,del,rscale     7    3    5.0000    1.2000
parameter  3  0.909538 ->  0.500000 qaram    2.0114
parameters
    0.0951   -7.4221   21.8350   -9.4687  -14.0198  -10.0588
   -4.2305    0.1001    4.6047    5.2635   -1.0286   -4.6938
eta,q 0.97624 16.03756
  0.0291  0.0353  0.0236  0.0297  0.0316  0.0273  0.0258  0.0263  0.0257  0.0291  0.0245  0.0251
  0.0279  0.0317  0.0236  0.0276  0.0291  0.0257  0.0248  0.0249  0.0248  0.0268  0.0241  0.0243
  0.0271  0.0288  0.0246  0.0256  0.0267  0.0245  0.0242  0.0241  0.0242  0.0251  0.0239  0.0239
  0.0270  0.0270  0.0265  0.0238  0.0246  0.0237  0.0241  0.0240  0.0240  0.0240  0.0238  0.0238
  0.0274  0.0266  0.0297  0.0236  0.0234  0.0239  0.0244  0.0245  0.0242  0.0238  0.0238  0.0240
  0.0284  0.0277  0.0336  0.0297  0.0244  0.0277  0.0253  0.0255  0.0248  0.0246  0.0239  0.0247
  0.0302  0.0306  0.0376  0.0406  0.0284  0.0341  0.0266  0.0271  0.0259  0.0265  0.0241  0.0261
niter,ni,del,rscale     7    3    5.0000    1.2000
parameters
    0.1664   -7.0962   20.2869   -9.7043  -13.7034  -10.4782
   -4.4796    0.1853    4.7046    6.4491   -0.2085   -6.4463
eta,q 0.97661 16.04526
  0.0262  0.0317  0.0253  0.0297  0.0299  0.0279  0.0255  0.0263  0.0252  0.0279  0.0238  0.0243
  0.0249  0.0280  0.0239  0.0274  0.0275  0.0261  0.0243  0.0247  0.0243  0.0257  0.0237  0.0237
  0.0241  0.0252  0.0234  0.0253  0.0252  0.0245  0.0237  0.0238  0.0237  0.0242  0.0235  0.0234
  0.0238  0.0238  0.0237  0.0234  0.0235  0.0234  0.0235  0.0235  0.0235  0.0235  0.0234  0.0234
  0.0239  0.0240  0.0251  0.0220  0.0231  0.0225  0.0238  0.0238  0.0237  0.0236  0.0234  0.0237
  0.0247  0.0260  0.0279  0.0248  0.0257  0.0245  0.0245  0.0245  0.0242  0.0244  0.0235  0.0244
  0.0260  0.0300  0.0325  0.0338  0.0304  0.0315  0.0257  0.0262  0.0252  0.0262  0.0237  0.0254
niter,ni,del,rscale     6    3    5.0000    1.2000
parameters
    0.2135   -6.7679   19.9556   -9.6872  -13.7404  -10.4832
   -4.5086    0.1261    4.6295    7.1575   -0.6505   -7.5072
eta,q 0.97672 16.04995
  0.0257  0.0310  0.0270  0.0298  0.0296  0.0282  0.0254  0.0260  0.0249  0.0273  0.0236  0.0244
  0.0245  0.0274  0.0249  0.0274  0.0272  0.0263  0.0243  0.0245  0.0241  0.0251  0.0234  0.0237
  0.0237  0.0247  0.0237  0.0253  0.0249  0.0247  0.0235  0.0236  0.0235  0.0238  0.0233  0.0234
  0.0234  0.0234  0.0233  0.0233  0.0233  0.0233  0.0233  0.0233  0.0233  0.0233  0.0233  0.0233
  0.0236  0.0236  0.0238  0.0218  0.0232  0.0223  0.0235  0.0235  0.0235  0.0235  0.0233  0.0235
  0.0243  0.0256  0.0255  0.0243  0.0261  0.0240  0.0243  0.0244  0.0241  0.0244  0.0234  0.0241
  0.0256  0.0293  0.0285  0.0329  0.0311  0.0306  0.0255  0.0263  0.0250  0.0263  0.0237  0.0250
niter,ni,del,rscale     5    3    5.0000    1.2000
parameters
    0.2374   -6.6047   19.8131   -9.6910  -13.8008  -10.4402
   -4.4869    0.1458    4.7383    7.5334   -1.1043   -7.9950
eta,q 0.97674 16.05249
  0.0256  0.0304  0.0273  0.0298  0.0296  0.0283  0.0254  0.0261  0.0250  0.0269  0.0235  0.0245
  0.0243  0.0269  0.0250  0.0275  0.0272  0.0264  0.0242  0.0244  0.0241  0.0249  0.0234  0.0238
  0.0236  0.0244  0.0237  0.0253  0.0249  0.0247  0.0235  0.0235  0.0235  0.0237  0.0233  0.0234
  0.0233  0.0233  0.0232  0.0233  0.0233  0.0233  0.0233  0.0233  0.0233  0.0233  0.0233  0.0233
  0.0235  0.0237  0.0237  0.0218  0.0232  0.0222  0.0235  0.0235  0.0234  0.0235  0.0233  0.0235
  0.0242  0.0258  0.0252  0.0244  0.0261  0.0238  0.0242  0.0243  0.0240  0.0245  0.0234  0.0240
  0.0255  0.0297  0.0280  0.0331  0.0311  0.0306  0.0254  0.0261  0.0249  0.0264  0.0237  0.0248
niter,ni,del,rscale     4    3    5.0000    1.2000
parameters
    0.2512   -6.5166   19.7372   -9.7039  -13.8544  -10.4398
   -4.5213    0.1961    4.8706    7.7400   -1.3580   -8.2204
eta,q 0.97673 16.05284
  0.0255  0.0301  0.0274  0.0299  0.0295  0.0283  0.0254  0.0261  0.0250  0.0268  0.0236  0.0246
  0.0243  0.0267  0.0250  0.0275  0.0272  0.0264  0.0242  0.0244  0.0241  0.0248  0.0234  0.0238
  0.0235  0.0243  0.0237  0.0253  0.0249  0.0247  0.0235  0.0235  0.0235  0.0236  0.0233  0.0234
  0.0233  0.0233  0.0232  0.0232  0.0233  0.0233  0.0233  0.0233  0.0233  0.0233  0.0233  0.0233
  0.0235  0.0238  0.0236  0.0217  0.0232  0.0221  0.0235  0.0235  0.0234  0.0236  0.0233  0.0234
  0.0242  0.0259  0.0251  0.0244  0.0261  0.0238  0.0242  0.0243  0.0239  0.0245  0.0234  0.0239
  0.0255  0.0299  0.0278  0.0331  0.0311  0.0308  0.0254  0.0261  0.0249  0.0265  0.0236  0.0247
niter,ni,del,rscale     3    3    5.0000    1.2000
parameters
    0.2604   -6.4652   19.6988   -9.7037  -13.8977  -10.4539
   -4.5616    0.2232    4.9513    7.8470   -1.5264   -8.3134
eta,q 0.97671 16.05267
  0.0255  0.0300  0.0275  0.0299  0.0295  0.0283  0.0254  0.0261  0.0249  0.0267  0.0236  0.0247
  0.0243  0.0266  0.0251  0.0275  0.0272  0.0264  0.0242  0.0244  0.0241  0.0247  0.0234  0.0239
  0.0235  0.0243  0.0238  0.0253  0.0249  0.0247  0.0235  0.0235  0.0235  0.0236  0.0233  0.0234
  0.0233  0.0233  0.0233  0.0233  0.0233  0.0233  0.0233  0.0233  0.0233  0.0233  0.0233  0.0233
  0.0235  0.0238  0.0236  0.0218  0.0232  0.0221  0.0235  0.0235  0.0234  0.0236  0.0233  0.0234
  0.0242  0.0260  0.0251  0.0244  0.0260  0.0238  0.0243  0.0243  0.0240  0.0246  0.0234  0.0239
  0.0255  0.0300  0.0278  0.0332  0.0311  0.0309  0.0254  0.0261  0.0249  0.0266  0.0236  0.0247
niter,ni,del,rscale     2    3    5.0000    1.2000
parameters
    0.2665   -6.4358   19.6787   -9.7043  -13.9266  -10.4616
   -4.5868    0.2478    5.0040    7.9093   -1.6131   -8.3774
eta,q 0.97670 16.05238
  0.0255  0.0299  0.0275  0.0299  0.0296  0.0283  0.0254  0.0262  0.0249  0.0266  0.0236  0.0247
  0.0243  0.0266  0.0251  0.0276  0.0272  0.0264  0.0242  0.0244  0.0241  0.0247  0.0234  0.0239
  0.0236  0.0243  0.0238  0.0253  0.0250  0.0247  0.0235  0.0235  0.0235  0.0236  0.0233  0.0234
  0.0233  0.0233  0.0233  0.0233  0.0233  0.0233  0.0233  0.0233  0.0233  0.0233  0.0233  0.0233
  0.0235  0.0238  0.0237  0.0218  0.0232  0.0222  0.0235  0.0235  0.0235  0.0236  0.0233  0.0235
  0.0242  0.0261  0.0251  0.0244  0.0260  0.0238  0.0243  0.0244  0.0240  0.0246  0.0234  0.0239
  0.0256  0.0301  0.0277  0.0332  0.0311  0.0309  0.0254  0.0261  0.0249  0.0266  0.0236  0.0247
niter,ni,del,rscale     1    3    5.0000    1.2000
parameters
    0.2719   -6.4176   19.6656   -9.7040  -13.9454  -10.4694
   -4.6050    0.2605    5.0363    7.9445   -1.6782   -8.4011
eta,q 0.97669 16.05207
  0.0255  0.0299  0.0275  0.0300  0.0296  0.0283  0.0254  0.0262  0.0249  0.0266  0.0236  0.0247
  0.0243  0.0265  0.0252  0.0276  0.0272  0.0264  0.0243  0.0244  0.0241  0.0247  0.0234  0.0239
  0.0236  0.0242  0.0238  0.0253  0.0250  0.0247  0.0235  0.0235  0.0235  0.0236  0.0233  0.0235
  0.0233  0.0233  0.0233  0.0233  0.0233  0.0233  0.0233  0.0233  0.0233  0.0233  0.0233  0.0233
  0.0235  0.0239  0.0237  0.0218  0.0232  0.0222  0.0235  0.0236  0.0235  0.0236  0.0233  0.0235
  0.0243  0.0261  0.0251  0.0245  0.0260  0.0238  0.0243  0.0244  0.0240  0.0246  0.0234  0.0239
  0.0256  0.0301  0.0277  0.0332  0.0311  0.0309  0.0255  0.0261  0.0249  0.0266  0.0236  0.0247
registration optimization eta report
parameter search radius
    2.4000    4.1976    4.8273   10.9503    9.5220    9.5220
    7.2000    7.2000    7.2000    9.5220    7.2000    9.5220
100000*second partial in parameter space
       39.       38.       19.        7.        8.        7.
        4.        6.        3.        4.        1.        2.
  0.0255  0.0299  0.0275  0.0300  0.0296  0.0283  0.0254  0.0262  0.0249  0.0266  0.0236  0.0247
  0.0243  0.0265  0.0252  0.0276  0.0272  0.0264  0.0243  0.0244  0.0241  0.0247  0.0234  0.0239
  0.0236  0.0242  0.0238  0.0253  0.0250  0.0247  0.0235  0.0235  0.0235  0.0236  0.0233  0.0235
  0.0233  0.0233  0.0233  0.0233  0.0233  0.0233  0.0233  0.0233  0.0233  0.0233  0.0233  0.0233
  0.0235  0.0239  0.0237  0.0218  0.0232  0.0222  0.0235  0.0236  0.0235  0.0236  0.0233  0.0235
  0.0243  0.0261  0.0251  0.0245  0.0260  0.0238  0.0243  0.0244  0.0240  0.0246  0.0234  0.0239
  0.0256  0.0301  0.0277  0.0332  0.0311  0.0309  0.0255  0.0261  0.0249  0.0266  0.0236  0.0247
    0.2719   -6.4176   19.6656   -9.7040  -13.9454  -10.4694
   -4.6050    0.2605    5.0363    7.9445   -1.6782   -8.4011
eta,q 0.97669 16.05207

---------------------------------------------------------------------
imgreg_4dfp /opt/freesurfer/average/711-2C_as_mni_average_305 /opt/freesurfer/average/711-2B_as_mni_average_305_mask talsrcimg_g11 none talsrcimg_to_711-2C_as_mni_average_305_t4 2311
---------------------------------------------------------------------

freesurfer imgreg_4dfp.c
/opt/freesurfer/average/711-2C_as_mni_average_305.4dfp.img
       256       256       256         1
  1.000000  1.000000  1.000000
orientation T byte_order littleendian
Reading image: /opt/freesurfer/average/711-2C_as_mni_average_305.4dfp.img
dimensions:      256       256       256
mmppix:       1.0000   -1.0000   -1.0000
center:     128.0000 -129.0000 -129.0000
/opt/freesurfer/average/711-2B_as_mni_average_305_mask.4dfp.img
       256       256       256         1
  1.000000  1.000000  1.000000
orientation T byte_order littleendian
Reading mask: /opt/freesurfer/average/711-2B_as_mni_average_305_mask.4dfp.img (2306576 pixels)
talsrcimg_g11.4dfp.img
       256       256       256         1
  1.000000  1.000000  1.000000
orientation T byte_order littleendian
Reading image: talsrcimg_g11.4dfp.img
dimensions:      256       256       256
mmppix:       1.0000   -1.0000   -1.0000
center:     128.0000 -129.0000 -129.0000
fimgreg.f
image alignment mode   2311 decimal      907 hex
parameters
    0.2719   -6.4176   19.6656   -9.7040  -13.9454  -10.4694
   -4.6050    0.2605    5.0363    7.9445   -1.6782   -8.4011
eta,q 0.97669 16.05207
niter,ni,del,rscale     5    3    5.0000    0.8000
parameter  4 -1.471769 -> -0.500000 qaram    1.1500
parameter  6 -0.806448 -> -0.500000 qaram    1.1500
parameters
    0.3027   -6.2458   19.7687   -6.9440  -13.3208   -7.7094
   -4.6627    0.3808    4.7664    8.0519   -2.0256   -9.6797
eta,q 0.97922 16.19296
  0.0243  0.0245  0.0238  0.0260  0.0245  0.0242  0.0223  0.0243  0.0218  0.0221  0.0214  0.0211
  0.0238  0.0239  0.0235  0.0251  0.0235  0.0234  0.0215  0.0223  0.0212  0.0215  0.0211  0.0209
  0.0234  0.0235  0.0234  0.0242  0.0226  0.0226  0.0210  0.0212  0.0209  0.0210  0.0209  0.0208
  0.0233  0.0233  0.0233  0.0233  0.0220  0.0219  0.0208  0.0208  0.0208  0.0208  0.0208  0.0208
  0.0234  0.0233  0.0233  0.0225  0.0218  0.0212  0.0210  0.0211  0.0210  0.0209  0.0209  0.0210
  0.0237  0.0236  0.0234  0.0219  0.0224  0.0208  0.0215  0.0222  0.0214  0.0213  0.0212  0.0213
  0.0243  0.0241  0.0237  0.0220  0.0238  0.0214  0.0224  0.0240  0.0220  0.0221  0.0216  0.0217
niter,ni,del,rscale     6    3    5.0000    0.9000
parameters
    0.0996   -6.5643   19.8596   -7.7783  -13.1208   -8.7344
   -4.2872    0.1965    4.8774    8.1496   -1.6696   -9.0919
eta,q 0.97866 16.17909
  0.0226  0.0218  0.0220  0.0241  0.0240  0.0239  0.0232  0.0239  0.0226  0.0227  0.0219  0.0221
  0.0215  0.0211  0.0213  0.0229  0.0227  0.0228  0.0222  0.0223  0.0219  0.0219  0.0216  0.0217
  0.0209  0.0208  0.0209  0.0217  0.0217  0.0218  0.0216  0.0216  0.0215  0.0215  0.0214  0.0215
  0.0208  0.0208  0.0207  0.0207  0.0210  0.0210  0.0214  0.0214  0.0214  0.0214  0.0214  0.0214
  0.0212  0.0211  0.0208  0.0209  0.0210  0.0213  0.0215  0.0216  0.0215  0.0215  0.0214  0.0214
  0.0221  0.0218  0.0212  0.0236  0.0219  0.0239  0.0219  0.0226  0.0218  0.0219  0.0215  0.0215
  0.0237  0.0229  0.0218  0.0287  0.0240  0.0290  0.0228  0.0243  0.0225  0.0226  0.0218  0.0218
niter,ni,del,rscale     5    3    5.0000    0.8000
parameters
    0.1166   -6.5427   19.6265   -7.3707  -12.9700   -8.7597
   -4.4090    0.2330    4.8932    8.2303   -1.6499   -9.2513
eta,q 0.97886 16.19388
  0.0227  0.0226  0.0218  0.0245  0.0235  0.0238  0.0224  0.0236  0.0221  0.0222  0.0216  0.0216
  0.0220  0.0219  0.0215  0.0234  0.0225  0.0229  0.0217  0.0222  0.0216  0.0216  0.0213  0.0213
  0.0215  0.0215  0.0213  0.0223  0.0217  0.0220  0.0213  0.0214  0.0213  0.0213  0.0212  0.0212
  0.0213  0.0213  0.0213  0.0213  0.0212  0.0211  0.0211  0.0211  0.0211  0.0211  0.0211  0.0211
  0.0215  0.0215  0.0215  0.0209  0.0212  0.0207  0.0213  0.0213  0.0212  0.0212  0.0212  0.0212
  0.0219  0.0218  0.0217  0.0217  0.0219  0.0219  0.0218  0.0221  0.0216  0.0216  0.0213  0.0214
  0.0227  0.0225  0.0221  0.0246  0.0236  0.0249  0.0226  0.0236  0.0221  0.0222  0.0216  0.0216
niter,ni,del,rscale     4    3    5.0000    0.7000
parameters
    0.1055   -6.5503   19.6121   -7.1097  -12.8570   -8.4936
   -4.3907    0.2133    4.8470    8.2969   -1.7700   -9.3925
eta,q 0.97908 16.20600
  0.0223  0.0221  0.0216  0.0238  0.0229  0.0234  0.0220  0.0230  0.0217  0.0218  0.0213  0.0213
  0.0216  0.0216  0.0213  0.0228  0.0221  0.0225  0.0214  0.0218  0.0213  0.0213  0.0211  0.0211
  0.0213  0.0212  0.0212  0.0219  0.0214  0.0218  0.0211  0.0211  0.0210  0.0210  0.0210  0.0210
  0.0211  0.0211  0.0211  0.0211  0.0210  0.0210  0.0209  0.0209  0.0209  0.0209  0.0209  0.0209
  0.0213  0.0212  0.0212  0.0208  0.0211  0.0206  0.0210  0.0211  0.0210  0.0210  0.0210  0.0210
  0.0216  0.0215  0.0214  0.0217  0.0217  0.0214  0.0214  0.0218  0.0213  0.0213  0.0211  0.0211
  0.0223  0.0221  0.0216  0.0240  0.0230  0.0236  0.0220  0.0230  0.0217  0.0217  0.0213  0.0213
niter,ni,del,rscale     3    3    5.0000    0.6000
parameters
    0.0806   -6.5812   19.6419   -6.8861  -12.7682   -8.2161
   -4.3465    0.2115    4.8296    8.3127   -1.9224   -9.4877
eta,q 0.97925 16.21509
  0.0218  0.0216  0.0214  0.0231  0.0223  0.0228  0.0216  0.0224  0.0213  0.0214  0.0211  0.0210
  0.0213  0.0212  0.0211  0.0223  0.0216  0.0221  0.0211  0.0215  0.0210  0.0210  0.0209  0.0209
  0.0210  0.0210  0.0210  0.0215  0.0211  0.0214  0.0209  0.0209  0.0208  0.0208  0.0208  0.0208
  0.0209  0.0209  0.0209  0.0209  0.0209  0.0208  0.0208  0.0208  0.0208  0.0208  0.0208  0.0207
  0.0210  0.0210  0.0210  0.0207  0.0209  0.0206  0.0208  0.0209  0.0208  0.0208  0.0208  0.0208
  0.0214  0.0213  0.0211  0.0214  0.0214  0.0211  0.0211  0.0215  0.0210  0.0210  0.0209  0.0209
  0.0219  0.0217  0.0213  0.0232  0.0223  0.0229  0.0216  0.0224  0.0214  0.0214  0.0211  0.0211
niter,ni,del,rscale     2    3    5.0000    0.5000
parameters
    0.0522   -6.6196   19.6926   -6.6841  -12.6853   -7.9490
   -4.3103    0.2098    4.7998    8.2979   -2.0356   -9.5512
eta,q 0.97938 16.22165
  0.0214  0.0212  0.0211  0.0225  0.0217  0.0223  0.0213  0.0219  0.0210  0.0211  0.0209  0.0208
  0.0210  0.0210  0.0209  0.0218  0.0213  0.0217  0.0209  0.0212  0.0208  0.0208  0.0207  0.0207
  0.0208  0.0208  0.0208  0.0212  0.0209  0.0211  0.0207  0.0208  0.0207  0.0207  0.0206  0.0206
  0.0207  0.0208  0.0207  0.0207  0.0207  0.0207  0.0206  0.0206  0.0206  0.0206  0.0206  0.0206
  0.0208  0.0208  0.0208  0.0207  0.0207  0.0205  0.0207  0.0208  0.0207  0.0207  0.0207  0.0206
  0.0211  0.0210  0.0209  0.0212  0.0211  0.0210  0.0209  0.0212  0.0208  0.0208  0.0208  0.0207
  0.0215  0.0213  0.0210  0.0224  0.0217  0.0222  0.0212  0.0219  0.0211  0.0211  0.0209  0.0209
niter,ni,del,rscale     1    3    5.0000    0.4000
parameters
    0.0266   -6.6597   19.7548   -6.5087  -12.6258   -7.6957
   -4.2808    0.2032    4.7754    8.2581   -2.1366   -9.5837
eta,q 0.97947 16.22548
  0.0211  0.0209  0.0209  0.0218  0.0213  0.0218  0.0210  0.0214  0.0208  0.0208  0.0207  0.0207
  0.0208  0.0207  0.0207  0.0213  0.0209  0.0213  0.0207  0.0209  0.0207  0.0207  0.0206  0.0206
  0.0207  0.0206  0.0207  0.0209  0.0207  0.0209  0.0206  0.0206  0.0206  0.0206  0.0205  0.0205
  0.0206  0.0206  0.0206  0.0206  0.0206  0.0206  0.0205  0.0205  0.0205  0.0205  0.0205  0.0205
  0.0207  0.0207  0.0206  0.0206  0.0206  0.0205  0.0206  0.0206  0.0206  0.0206  0.0206  0.0205
  0.0208  0.0208  0.0207  0.0209  0.0208  0.0208  0.0207  0.0209  0.0207  0.0207  0.0206  0.0206
  0.0211  0.0210  0.0208  0.0218  0.0213  0.0216  0.0209  0.0214  0.0208  0.0209  0.0208  0.0207
registration optimization eta report
parameter search radius
    0.8000    0.8000    0.8000    2.7600    2.4000    2.7600
    2.4000    2.4000    2.4000    2.4000    2.4000    2.4000
100000*second partial in parameter space
       73.       52.       36.       16.       12.       15.
        7.       15.        5.        6.        4.        3.
  0.0211  0.0209  0.0209  0.0218  0.0213  0.0218  0.0210  0.0214  0.0208  0.0208  0.0207  0.0207
  0.0208  0.0207  0.0207  0.0213  0.0209  0.0213  0.0207  0.0209  0.0207  0.0207  0.0206  0.0206
  0.0207  0.0206  0.0207  0.0209  0.0207  0.0209  0.0206  0.0206  0.0206  0.0206  0.0205  0.0205
  0.0206  0.0206  0.0206  0.0206  0.0206  0.0206  0.0205  0.0205  0.0205  0.0205  0.0205  0.0205
  0.0207  0.0207  0.0206  0.0206  0.0206  0.0205  0.0206  0.0206  0.0206  0.0206  0.0206  0.0205
  0.0208  0.0208  0.0207  0.0209  0.0208  0.0208  0.0207  0.0209  0.0207  0.0207  0.0206  0.0206
  0.0211  0.0210  0.0208  0.0218  0.0213  0.0216  0.0209  0.0214  0.0208  0.0209  0.0208  0.0207
    0.0266   -6.6597   19.7548   -6.5087  -12.6258   -7.6957
   -4.2808    0.2032    4.7754    8.2581   -2.1366   -9.5837
eta,q 0.97947 16.22548

---------------------------------------------------------------------
imgreg_4dfp /opt/freesurfer/average/711-2C_as_mni_average_305 /opt/freesurfer/average/711-2B_as_mni_average_305_mask talsrcimg_g11 none talsrcimg_to_711-2C_as_mni_average_305_t4 2311
---------------------------------------------------------------------

freesurfer imgreg_4dfp.c
/opt/freesurfer/average/711-2C_as_mni_average_305.4dfp.img
       256       256       256         1
  1.000000  1.000000  1.000000
orientation T byte_order littleendian
Reading image: /opt/freesurfer/average/711-2C_as_mni_average_305.4dfp.img
dimensions:      256       256       256
mmppix:       1.0000   -1.0000   -1.0000
center:     128.0000 -129.0000 -129.0000
/opt/freesurfer/average/711-2B_as_mni_average_305_mask.4dfp.img
       256       256       256         1
  1.000000  1.000000  1.000000
orientation T byte_order littleendian
Reading mask: /opt/freesurfer/average/711-2B_as_mni_average_305_mask.4dfp.img (2306576 pixels)
talsrcimg_g11.4dfp.img
       256       256       256         1
  1.000000  1.000000  1.000000
orientation T byte_order littleendian
Reading image: talsrcimg_g11.4dfp.img
dimensions:      256       256       256
mmppix:       1.0000   -1.0000   -1.0000
center:     128.0000 -129.0000 -129.0000
fimgreg.f
image alignment mode   2311 decimal      907 hex
parameters
    0.0266   -6.6597   19.7548   -6.5087  -12.6258   -7.6957
   -4.2808    0.2032    4.7754    8.2581   -2.1366   -9.5837
eta,q 0.97947 16.22548
niter,ni,del,rscale     5    3    5.0000    0.8000
parameters
   -0.0216   -6.7330   19.8526   -7.2011  -12.9265   -8.2291
   -4.2016    0.1501    4.8794    8.0510   -1.8886   -9.1363
eta,q 0.97911 16.20536
  0.0224  0.0217  0.0217  0.0229  0.0228  0.0229  0.0223  0.0235  0.0219  0.0219  0.0215  0.0215
  0.0213  0.0211  0.0210  0.0219  0.0219  0.0221  0.0216  0.0220  0.0214  0.0213  0.0212  0.0212
  0.0207  0.0207  0.0207  0.0211  0.0211  0.0214  0.0211  0.0212  0.0210  0.0210  0.0210  0.0210
  0.0205  0.0205  0.0205  0.0205  0.0207  0.0207  0.0209  0.0209  0.0209  0.0209  0.0209  0.0209
  0.0208  0.0207  0.0206  0.0208  0.0209  0.0208  0.0210  0.0212  0.0210  0.0210  0.0209  0.0209
  0.0215  0.0212  0.0209  0.0226  0.0219  0.0223  0.0215  0.0221  0.0213  0.0214  0.0211  0.0211
  0.0227  0.0220  0.0214  0.0260  0.0239  0.0253  0.0223  0.0237  0.0219  0.0222  0.0214  0.0213
niter,ni,del,rscale     4    3    5.0000    0.7000
parameters
    0.0450   -6.6375   19.7258   -6.9261  -12.8914   -8.1744
   -4.3507    0.1998    4.8379    8.1433   -1.9016   -9.3082
eta,q 0.97924 16.21148
  0.0222  0.0220  0.0214  0.0231  0.0226  0.0227  0.0218  0.0231  0.0215  0.0217  0.0212  0.0211
  0.0215  0.0214  0.0211  0.0223  0.0218  0.0220  0.0212  0.0218  0.0211  0.0212  0.0210  0.0209
  0.0211  0.0211  0.0209  0.0215  0.0212  0.0214  0.0209  0.0210  0.0209  0.0209  0.0208  0.0208
  0.0209  0.0209  0.0209  0.0209  0.0208  0.0208  0.0208  0.0208  0.0208  0.0208  0.0208  0.0208
  0.0210  0.0209  0.0210  0.0207  0.0208  0.0206  0.0209  0.0210  0.0209  0.0208  0.0208  0.0208
  0.0213  0.0212  0.0212  0.0213  0.0215  0.0213  0.0213  0.0217  0.0211  0.0211  0.0210  0.0210
  0.0220  0.0217  0.0216  0.0231  0.0229  0.0233  0.0220  0.0230  0.0216  0.0216  0.0212  0.0212
niter,ni,del,rscale     3    3    5.0000    0.6000
parameters
    0.0487   -6.6254   19.7319   -6.7203  -12.8096   -7.9762
   -4.3246    0.2047    4.7923    8.2157   -2.0056   -9.4441
eta,q 0.97936 16.21806
  0.0217  0.0215  0.0212  0.0226  0.0222  0.0223  0.0215  0.0225  0.0212  0.0213  0.0210  0.0209
  0.0212  0.0211  0.0210  0.0219  0.0215  0.0217  0.0210  0.0214  0.0209  0.0210  0.0208  0.0208
  0.0209  0.0209  0.0208  0.0212  0.0210  0.0212  0.0207  0.0208  0.0207  0.0207  0.0207  0.0207
  0.0208  0.0208  0.0208  0.0208  0.0207  0.0207  0.0206  0.0206  0.0206  0.0206  0.0206  0.0206
  0.0209  0.0208  0.0208  0.0207  0.0207  0.0205  0.0207  0.0208  0.0207  0.0207  0.0207  0.0207
  0.0212  0.0211  0.0210  0.0212  0.0212  0.0210  0.0210  0.0214  0.0209  0.0209  0.0208  0.0208
  0.0217  0.0215  0.0212  0.0226  0.0222  0.0224  0.0215  0.0225  0.0213  0.0213  0.0211  0.0210
niter,ni,del,rscale     2    3    5.0000    0.5000
parameters
    0.0276   -6.6500   19.7677   -6.5598  -12.7246   -7.7596
   -4.2871    0.2010    4.7690    8.2266   -2.1015   -9.5322
eta,q 0.97945 16.22279
  0.0213  0.0211  0.0210  0.0220  0.0217  0.0219  0.0212  0.0219  0.0210  0.0211  0.0208  0.0208
  0.0209  0.0209  0.0208  0.0215  0.0212  0.0214  0.0208  0.0211  0.0207  0.0208  0.0207  0.0207
  0.0207  0.0207  0.0207  0.0210  0.0208  0.0210  0.0206  0.0207  0.0206  0.0206  0.0206  0.0206
  0.0206  0.0206  0.0206  0.0206  0.0206  0.0206  0.0206  0.0206  0.0206  0.0206  0.0206  0.0206
  0.0207  0.0207  0.0207  0.0206  0.0206  0.0205  0.0206  0.0207  0.0206  0.0206  0.0206  0.0206
  0.0210  0.0209  0.0208  0.0210  0.0210  0.0209  0.0208  0.0211  0.0208  0.0208  0.0207  0.0207
  0.0214  0.0212  0.0210  0.0220  0.0217  0.0218  0.0212  0.0219  0.0210  0.0211  0.0209  0.0208
niter,ni,del,rscale     1    3    5.0000    0.4000
parameters
    0.0050   -6.6842   19.8103   -6.4299  -12.6466   -7.5628
   -4.2562    0.1905    4.7551    8.2107   -2.1708   -9.5697
eta,q 0.97951 16.22575
  0.0210  0.0209  0.0208  0.0215  0.0212  0.0215  0.0209  0.0214  0.0208  0.0208  0.0207  0.0206
  0.0208  0.0207  0.0207  0.0211  0.0209  0.0211  0.0207  0.0209  0.0206  0.0206  0.0206  0.0206
  0.0206  0.0206  0.0206  0.0208  0.0207  0.0208  0.0205  0.0206  0.0205  0.0205  0.0205  0.0205
  0.0205  0.0205  0.0206  0.0205  0.0205  0.0205  0.0205  0.0205  0.0205  0.0205  0.0205  0.0205
  0.0206  0.0206  0.0206  0.0205  0.0206  0.0205  0.0205  0.0206  0.0205  0.0205  0.0205  0.0205
  0.0208  0.0207  0.0206  0.0208  0.0208  0.0207  0.0207  0.0209  0.0206  0.0206  0.0206  0.0206
  0.0211  0.0209  0.0208  0.0215  0.0212  0.0214  0.0209  0.0214  0.0208  0.0208  0.0207  0.0207
registration optimization eta report
parameter search radius
    0.8000    0.8000    0.8000    2.4000    2.4000    2.4000
    2.4000    2.4000    2.4000    2.4000    2.4000    2.4000
100000*second partial in parameter space
       76.       53.       38.       17.       12.       16.
        7.       16.        5.        6.        4.        3.
  0.0210  0.0209  0.0208  0.0215  0.0212  0.0215  0.0209  0.0214  0.0208  0.0208  0.0207  0.0206
  0.0208  0.0207  0.0207  0.0211  0.0209  0.0211  0.0207  0.0209  0.0206  0.0206  0.0206  0.0206
  0.0206  0.0206  0.0206  0.0208  0.0207  0.0208  0.0205  0.0206  0.0205  0.0205  0.0205  0.0205
  0.0205  0.0205  0.0206  0.0205  0.0205  0.0205  0.0205  0.0205  0.0205  0.0205  0.0205  0.0205
  0.0206  0.0206  0.0206  0.0205  0.0206  0.0205  0.0205  0.0206  0.0205  0.0205  0.0205  0.0205
  0.0208  0.0207  0.0206  0.0208  0.0208  0.0207  0.0207  0.0209  0.0206  0.0206  0.0206  0.0206
  0.0211  0.0209  0.0208  0.0215  0.0212  0.0214  0.0209  0.0214  0.0208  0.0208  0.0207  0.0207
    0.0050   -6.6842   19.8103   -6.4299  -12.6466   -7.5628
   -4.2562    0.1905    4.7551    8.2107   -2.1708   -9.5697
eta,q 0.97951 16.22575

---------------------------------------------------------------------
compute_vox2vox talsrcimg talsrcimg_to_711-2C_as_mni_average_305_t4 /opt/freesurfer/average/711-2C_as_mni_average_305
---------------------------------------------------------------------

freesurfer compute_vox2vox.c
Reading: talsrcimg.4dfp.ifh
Reading: talsrcimg_to_711-2C_as_mni_average_305_t4
Reading: /opt/freesurfer/average/711-2C_as_mni_average_305.4dfp.ifh
Writing: talsrcimg_to_711-2C_as_mni_average_305_t4_vox2vox.txt

start time Wed Mar 11 10:04:35 CET 2026
end		time Wed Mar 11 10:06:06 CET 2026

mpr2mni305 success

avi2talxfm orig_nu.mgz /opt/freesurfer/average/mni305.cor.mgz talsrcimg_to_711-2C_as_mni_average_305_t4_vox2vox.txt transforms/talairach.auto.xfm
avi2talxfm done
mv -f /out/sourcedata/freesurfer/sub-v2s16x51209_ses-1/mri/talsrcimg_to_711-2C_as_mni_average_305_t4_vox2vox.txt /out/sourcedata/freesurfer/sub-v2s16x51209_ses-1/mri/transforms/talsrcimg_to_711-2C_as_mni_average_305_t4_vox2vox.txt
lta_convert --src orig_nu.mgz --trg /opt/freesurfer/average/mni305.cor.mgz --inxfm transforms/talairach.auto.xfm --outlta transforms/talairach.auto.xfm.lta --subject fsaverage
7.3.2

--src: orig_nu.mgz src image (geometry).
--trg: /opt/freesurfer/average/mni305.cor.mgz trg image (geometry).
--inmni: transforms/talairach.auto.xfm input MNI/XFM transform.
--outlta: transforms/talairach.auto.xfm.lta output LTA.
--s: fsaverage subject name
 LTA read, type : 1
 1.06596  -0.00674   0.05120  -2.99571;
 0.01884   1.07127   0.11828  -22.33253;
-0.05980  -0.10033   1.13087   46.08354;
 0.00000   0.00000   0.00000   1.00000;
setting subject to fsaverage
Writing  LTA to file transforms/talairach.auto.xfm.lta...
lta_convert successful.
 
 
Started at Wed Mar 11 10:04:35 CET 2026
Ended   at Wed Mar 11 10:06:07 CET 2026
talairach_avi done
