/out/sourcedata/freesurfer/sub-v2s16x51300_ses-1/mri
/opt/freesurfer/bin/talairach_avi
--i orig_nu.mgz --xfm transforms/talairach.auto.xfm
talairach_avi 7.3.2
Linux dna063 5.14.0-427.37.1.el9_4.x86_64 #1 SMP PREEMPT_DYNAMIC Fri Sep 13 12:41:50 EDT 2024 x86_64 x86_64 x86_64 GNU/Linux
Wed Mar 11 11:45:38 CET 2026
mri_convert orig_nu.mgz talsrcimg.img 
reading from orig_nu.mgz...
TR=0.00, TE=0.00, TI=0.00, flip angle=0.00
i_ras = (-1, 0, 0)
j_ras = (0, 0, -1)
k_ras = (0, 1, 0)
writing to talsrcimg.img...
Analyze Output Matrix
-1.00000   0.00000   0.00000   128.49695;
 0.00000   0.00000   1.00000  -127.39996;
 0.00000  -1.00000   0.00000   118.42570;
 0.00000   0.00000   0.00000   1.00000;
--------------------
INFO: set hdr.hist.orient to -1
mpr2mni305 talsrcimg
Wed Mar 11 11:45:38 CET 2026
/opt/freesurfer/bin/mpr2mni305 talsrcimg
mpr2mni305 7.3.2
target=711-2C_as_mni_average_305

---------------------------------------------------------------------
analyzeto4dfp talsrcimg -O0 -y
---------------------------------------------------------------------

freesurfer ifh2hdr.c
Wed Mar 11 11:45:38 2026
Writing: talsrcimg.4dfp.hdr
freesurfer analyzeto4dfp.c
Reading: talsrcimg.hdr
header size 348 bytes
hdr.dime.datatype	offset=70	value=2
hdr.dime.bitpix		offset=72	value=8
hdr.hist.orient		offset=252	value=-1
dimensionality     4
dimensions       256       256       256         1
Reading: talsrcimg.img
Writing: talsrcimg.4dfp.img
Writing: talsrcimg.4dfp.ifh
ifh2hdr talsrcimg -r0to186
ori=2

---------------------------------------------------------------------
gauss_4dfp talsrcimg 1.1
---------------------------------------------------------------------

freesurfer gauss_4dfp.c
Reading: talsrcimg.4dfp.img
Writing: talsrcimg_g11.4dfp.img
image dimensions 256 256 256 padded to 288 288 288
processing volume 1freesurfer ifh2hdr.c
Wed Mar 11 11:45:40 2026
Writing: talsrcimg_g11.4dfp.hdr

Writing: talsrcimg_g11.4dfp.ifh
including: talsrcimg.4dfp.img.rec in talsrcimg_g11.4dfp.img.rec

---------------------------------------------------------------------
imgreg_4dfp /opt/freesurfer/average/711-2C_as_mni_average_305 none talsrcimg_g11 none talsrcimg_to_711-2C_as_mni_average_305_t4 4355
---------------------------------------------------------------------

freesurfer imgreg_4dfp.c
/opt/freesurfer/average/711-2C_as_mni_average_305.4dfp.img
       256       256       256         1
  1.000000  1.000000  1.000000
orientation T byte_order littleendian
Reading image: /opt/freesurfer/average/711-2C_as_mni_average_305.4dfp.img
dimensions:      256       256       256
mmppix:       1.0000   -1.0000   -1.0000
center:     128.0000 -129.0000 -129.0000
talsrcimg_g11.4dfp.img
       256       256       256         1
  1.000000  1.000000  1.000000
orientation T byte_order littleendian
Reading image: talsrcimg_g11.4dfp.img
dimensions:      256       256       256
mmppix:       1.0000   -1.0000   -1.0000
center:     128.0000 -129.0000 -129.0000
t4_read: open error in t4_sub.f l:  41 t4_file(1:l)talsrcimg_to_711-2C_as_mni_average_305_t4 
t4_read: transform initialized to I4
rotation matrix determinant  1.000000
image alignment mode   4355 decimal     1103 hex
   -7.5000  -45.0000  -45.0000 8681.0850   11.5619
    0.0000  -45.0000  -45.0000 9042.1279   11.5593
    7.5000  -45.0000  -45.0000 8655.4209   11.5635
   -7.5000  -37.5000  -45.0000 9094.1602   11.4160
    0.0000  -37.5000  -45.0000 9479.2168   11.4138
    7.5000  -37.5000  -45.0000 9070.0625   11.4165
   -7.5000  -30.0000  -45.0000 9839.0020   11.2326
    0.0000  -30.0000  -45.000010252.8779   11.2319
    7.5000  -30.0000  -45.0000 9805.5322   11.2344
   -7.5000  -22.5000  -45.000010539.1201   11.0708
    0.0000  -22.5000  -45.000010989.0264   11.0713
    7.5000  -22.5000  -45.000010503.5166   11.0737
   -7.5000  -15.0000  -45.000011162.2510   10.9150
    0.0000  -15.0000  -45.000011642.1133   10.9141
    7.5000  -15.0000  -45.000011110.8633   10.9155
   -7.5000   -7.5000  -45.000011783.8213   10.7826
    0.0000   -7.5000  -45.000012270.6885   10.7790
    7.5000   -7.5000  -45.000011709.6934   10.7787
   -7.5000    0.0000  -45.000012402.1758   10.7113
    0.0000    0.0000  -45.000012930.8369   10.7046
    7.5000    0.0000  -45.000012341.8555   10.7028
   -7.5000    7.5000  -45.000012158.8672   10.7663
    0.0000    7.5000  -45.000012690.6484   10.7592
    7.5000    7.5000  -45.000012131.9111   10.7574
   -7.5000   15.0000  -45.000011765.5225   10.8916
    0.0000   15.0000  -45.000012294.8682   10.8874
    7.5000   15.0000  -45.000011742.6514   10.8874
   -7.5000   22.5000  -45.000011171.5576   11.0498
    0.0000   22.5000  -45.000011667.0703   11.0488
    7.5000   22.5000  -45.000011149.3936   11.0494
   -7.5000   30.0000  -45.000010439.2988   11.0742
    0.0000   30.0000  -45.000010898.8379   11.0734
    7.5000   30.0000  -45.000010398.6035   11.0724
   -7.5000   37.5000  -45.000010043.7412   11.1811
    0.0000   37.5000  -45.000010483.0400   11.1765
    7.5000   37.5000  -45.000010004.4365   11.1726
   -7.5000   45.0000  -45.0000 9351.8799   11.0415
    0.0000   45.0000  -45.0000 9749.4355   11.0316
    7.5000   45.0000  -45.0000 9315.5088   11.0244
   -7.5000  -45.0000  -37.5000 9144.3262   11.3207
    0.0000  -45.0000  -37.5000 9524.1953   11.3191
    7.5000  -45.0000  -37.5000 9110.7480   11.3231
   -7.5000  -37.5000  -37.5000 9601.2803   11.1752
    0.0000  -37.5000  -37.5000 9995.2334   11.1738
    7.5000  -37.5000  -37.5000 9561.1533   11.1758
   -7.5000  -30.0000  -37.500010403.2002   10.9925
    0.0000  -30.0000  -37.500010821.1514   10.9915
    7.5000  -30.0000  -37.500010349.4131   10.9922
   -7.5000  -22.5000  -37.500011132.4600   10.8305
    0.0000  -22.5000  -37.500011571.2451   10.8295
    7.5000  -22.5000  -37.500011071.1826   10.8298
   -7.5000  -15.0000  -37.500011775.2490   10.6752
    0.0000  -15.0000  -37.500012248.7861   10.6729
    7.5000  -15.0000  -37.500011702.9238   10.6728
   -7.5000   -7.5000  -37.500012408.2686   10.5458
    0.0000   -7.5000  -37.500012899.2754   10.5419
    7.5000   -7.5000  -37.500012334.0674   10.5410
   -7.5000    0.0000  -37.500013058.3916   10.4777
    0.0000    0.0000  -37.500013589.4346   10.4718
    7.5000    0.0000  -37.500012989.2793   10.4698
   -7.5000    7.5000  -37.500012803.0381   10.5313
    0.0000    7.5000  -37.500013326.6182   10.5250
    7.5000    7.5000  -37.500012727.8477   10.5226
   -7.5000   15.0000  -37.500012381.8857   10.6504
    0.0000   15.0000  -37.500012909.8525   10.6459
    7.5000   15.0000  -37.500012303.6748   10.6442
   -7.5000   22.5000  -37.500011766.4941   10.8010
    0.0000   22.5000  -37.500012280.4814   10.7985
    7.5000   22.5000  -37.500011695.5439   10.7971
   -7.5000   30.0000  -37.500010992.4922   10.8233
    0.0000   30.0000  -37.500011481.2900   10.8211
    7.5000   30.0000  -37.500010916.7744   10.8188
   -7.5000   37.5000  -37.500010557.4463   10.9302
    0.0000   37.5000  -37.500011028.6992   10.9253
    7.5000   37.5000  -37.500010482.7100   10.9210
   -7.5000   45.0000  -37.5000 9809.3232   10.7979
    0.0000   45.0000  -37.500010234.6572   10.7891
    7.5000   45.0000  -37.5000 9742.7158   10.7820
   -7.5000  -45.0000  -30.0000 9778.9062   11.5922
    0.0000  -45.0000  -30.000010201.9648   11.5903
    7.5000  -45.0000  -30.0000 9757.4072   11.5958
   -7.5000  -37.5000  -30.000010296.8027   11.4422
    0.0000  -37.5000  -30.000010716.7627   11.4405
    7.5000  -37.5000  -30.000010244.3398   11.4435
   -7.5000  -30.0000  -30.000011159.0469   11.2535
    0.0000  -30.0000  -30.000011602.5527   11.2514
    7.5000  -30.0000  -30.000011083.5557   11.2531
   -7.5000  -22.5000  -30.000011951.3389   11.0840
    0.0000  -22.5000  -30.000012412.6240   11.0816
    7.5000  -22.5000  -30.000011865.4033   11.0834
   -7.5000  -15.0000  -30.000012651.5078   10.9216
    0.0000  -15.0000  -30.000013127.0508   10.9183
    7.5000  -15.0000  -30.000012547.1016   10.9201
   -7.5000   -7.5000  -30.000013325.0928   10.7887
    0.0000   -7.5000  -30.000013826.9785   10.7841
    7.5000   -7.5000  -30.000013217.9268   10.7848
   -7.5000    0.0000  -30.000013985.0078   10.7206
    0.0000    0.0000  -30.000014531.1543   10.7142
    7.5000    0.0000  -30.000013872.6387   10.7132
   -7.5000    7.5000  -30.000013690.5029   10.7760
    0.0000    7.5000  -30.000014239.8350   10.7693
    7.5000    7.5000  -30.000013575.8350   10.7676
   -7.5000   15.0000  -30.000013217.0107   10.8956
    0.0000   15.0000  -30.000013777.1465   10.8900
    7.5000   15.0000  -30.000013111.7471   10.8891
   -7.5000   22.5000  -30.000012565.1973   11.0437
    0.0000   22.5000  -30.000013100.5254   11.0397
    7.5000   22.5000  -30.000012471.1035   11.0397
   -7.5000   30.0000  -30.000011729.1807   11.0657
    0.0000   30.0000  -30.000012239.4746   11.0624
    7.5000   30.0000  -30.000011632.1709   11.0621
   -7.5000   37.5000  -30.000011249.2588   11.1758
    0.0000   37.5000  -30.000011749.9326   11.1703
    7.5000   37.5000  -30.000011163.6553   11.1677
   -7.5000   45.0000  -30.000010423.0430   11.0513
    0.0000   45.0000  -30.000010882.5781   11.0421
    7.5000   45.0000  -30.000010356.1270   11.0361
   -7.5000  -45.0000  -22.500010493.7695   11.8352
    0.0000  -45.0000  -22.500010939.1973   11.8325
    7.5000  -45.0000  -22.500010466.2979   11.8393
   -7.5000  -37.5000  -22.500011051.7598   11.6798
    0.0000  -37.5000  -22.500011496.3682   11.6773
    7.5000  -37.5000  -22.500010990.7471   11.6817
   -7.5000  -30.0000  -22.500011968.2959   11.4860
    0.0000  -30.0000  -22.500012448.2812   11.4835
    7.5000  -30.0000  -22.500011899.7646   11.4877
   -7.5000  -22.5000  -22.500012816.3691   11.3106
    0.0000  -22.5000  -22.500013311.1436   11.3082
    7.5000  -22.5000  -22.500012740.9932   11.3136
   -7.5000  -15.0000  -22.500013577.5703   11.1419
    0.0000  -15.0000  -22.500014063.3105   11.1387
    7.5000  -15.0000  -22.500013466.7275   11.1439
   -7.5000   -7.5000  -22.500014308.5127   11.0033
    0.0000   -7.5000  -22.500014821.9229   10.9985
    7.5000   -7.5000  -22.500014177.4648   11.0012
   -7.5000    0.0000  -22.500015007.7725   10.9324
    0.0000    0.0000  -22.500015556.2695   10.9252
    7.5000    0.0000  -22.500014863.8135   10.9251
   -7.5000    7.5000  -22.500014650.2969   10.9891
    0.0000    7.5000  -22.500015202.1533   10.9814
    7.5000    7.5000  -22.500014524.2080   10.9808
   -7.5000   15.0000  -22.500014116.9268   11.1107
    0.0000   15.0000  -22.500014691.8467   11.1044
    7.5000   15.0000  -22.500014009.8447   11.1058
   -7.5000   22.5000  -22.500013413.1104   11.2587
    0.0000   22.5000  -22.500013982.2959   11.2547
    7.5000   22.5000  -22.500013329.5566   11.2582
   -7.5000   30.0000  -22.500012519.1826   11.2828
    0.0000   30.0000  -22.500013062.1621   11.2797
    7.5000   30.0000  -22.500012448.4072   11.2828
   -7.5000   37.5000  -22.500012003.3047   11.3947
    0.0000   37.5000  -22.500012521.4277   11.3890
    7.5000   37.5000  -22.500011947.6035   11.3885
   -7.5000   45.0000  -22.500011099.1465   11.2763
    0.0000   45.0000  -22.500011589.8877   11.2662
    7.5000   45.0000  -22.500011054.2832   11.2612
   -7.5000  -45.0000  -15.000011269.0811   11.9687
    0.0000  -45.0000  -15.000011736.2266   11.9653
    7.5000  -45.0000  -15.000011205.8291   11.9723
   -7.5000  -37.5000  -15.000011843.4707   11.8070
    0.0000  -37.5000  -15.000012313.2461   11.8038
    7.5000  -37.5000  -15.000011761.0615   11.8088
   -7.5000  -30.0000  -15.000012821.5635   11.6093
    0.0000  -30.0000  -15.000013326.0264   11.6072
    7.5000  -30.0000  -15.000012751.2783   11.6131
   -7.5000  -22.5000  -15.000013732.8438   11.4308
    0.0000  -22.5000  -15.000014260.7441   11.4298
    7.5000  -22.5000  -15.000013658.5576   11.4372
   -7.5000  -15.0000  -15.000014551.4707   11.2582
    0.0000  -15.0000  -15.000015070.2959   11.2562
    7.5000  -15.0000  -15.000014453.0332   11.2628
   -7.5000   -7.5000  -15.000015359.1846   11.1141
    0.0000   -7.5000  -15.000015908.1484   11.1094
    7.5000   -7.5000  -15.000015212.9268   11.1126
   -7.5000    0.0000  -15.000016103.0605   11.0384
    0.0000    0.0000  -15.000016671.0723   11.0306
    7.5000    0.0000  -15.000015927.1768   11.0305
   -7.5000    7.5000  -15.000015711.7383   11.0948
    0.0000    7.5000  -15.000016284.2910   11.0864
    7.5000    7.5000  -15.000015567.4814   11.0862
   -7.5000   15.0000  -15.000015105.9541   11.2177
    0.0000   15.0000  -15.000015703.3096   11.2117
    7.5000   15.0000  -15.000015001.7100   11.2146
   -7.5000   22.5000  -15.000014319.9189   11.3672
    0.0000   22.5000  -15.000014919.6055   11.3644
    7.5000   22.5000  -15.000014253.0176   11.3698
   -7.5000   30.0000  -15.000013371.3213   11.3930
    0.0000   30.0000  -15.000013928.9111   11.3910
    7.5000   30.0000  -15.000013321.5439   11.3956
   -7.5000   37.5000  -15.000012824.2900   11.5023
    0.0000   37.5000  -15.000013357.4219   11.4968
    7.5000   37.5000  -15.000012781.4600   11.4969
   -7.5000   45.0000  -15.000011842.1416   11.3866
    0.0000   45.0000  -15.000012336.7725   11.3758
    7.5000   45.0000  -15.000011814.8564   11.3707
   -7.5000  -45.0000   -7.500012054.3223   11.9756
    0.0000  -45.0000   -7.500012539.1797   11.9721
    7.5000  -45.0000   -7.500011970.8916   11.9777
   -7.5000  -37.5000   -7.500012673.1309   11.8083
    0.0000  -37.5000   -7.500013167.5088   11.8052
    7.5000  -37.5000   -7.500012569.8760   11.8092
   -7.5000  -30.0000   -7.500013739.3672   11.6078
    0.0000  -30.0000   -7.500014260.1396   11.6065
    7.5000  -30.0000   -7.500013632.3984   11.6110
   -7.5000  -22.5000   -7.500014726.9951   11.4286
    0.0000  -22.5000   -7.500015265.2480   11.4287
    7.5000  -22.5000   -7.500014602.6484   11.4339
   -7.5000  -15.0000   -7.500015619.3779   11.2552
    0.0000  -15.0000   -7.500016165.6309   11.2537
    7.5000  -15.0000   -7.500015470.6729   11.2577
   -7.5000   -7.5000   -7.500016494.9668   11.1079
    0.0000   -7.5000   -7.500017049.5020   11.1034
    7.5000   -7.5000   -7.500016291.0322   11.1046
   -7.5000    0.0000   -7.500017275.9062   11.0288
    0.0000    0.0000   -7.500017865.0488   11.0209
    7.5000    0.0000   -7.500017055.7812   11.0196
   -7.5000    7.5000   -7.500016873.9355   11.0833
    0.0000    7.5000   -7.500017470.5605   11.0750
    7.5000    7.5000   -7.500016689.6504   11.0737
   -7.5000   15.0000   -7.500016213.7705   11.2053
    0.0000   15.0000   -7.500016826.2949   11.2001
    7.5000   15.0000   -7.500016064.6123   11.2015
   -7.5000   22.5000   -7.500015354.9062   11.3550
    0.0000   22.5000   -7.500015941.9082   11.3531
    7.5000   22.5000   -7.500015246.7188   11.3564
   -7.5000   30.0000   -7.500014313.1426   11.3828
    0.0000   30.0000   -7.500014873.8350   11.3815
    7.5000   30.0000   -7.500014246.7842   11.3834
   -7.5000   37.5000   -7.500013726.0713   11.4891
    0.0000   37.5000   -7.500014275.2998   11.4838
    7.5000   37.5000   -7.500013695.1299   11.4818
   -7.5000   45.0000   -7.500012681.3857   11.3733
    0.0000   45.0000   -7.500013186.8125   11.3626
    7.5000   45.0000   -7.500012644.2148   11.3562
   -7.5000  -45.0000    0.000012757.8066   11.9949
    0.0000  -45.0000    0.000013269.4795   11.9921
    7.5000  -45.0000    0.000012650.8047   11.9961
   -7.5000  -37.5000    0.000013401.0039   11.8263
    0.0000  -37.5000    0.000013923.6572   11.8240
    7.5000  -37.5000    0.000013289.6211   11.8263
   -7.5000  -30.0000    0.000014561.9600   11.6246
    0.0000  -30.0000    0.000015118.5996   11.6238
    7.5000  -30.0000    0.000014433.0898   11.6255
   -7.5000  -22.5000    0.000015659.0840   11.4453
    0.0000  -22.5000    0.000016233.5869   11.4452
    7.5000  -22.5000    0.000015501.8066   11.4466
   -7.5000  -15.0000    0.000016638.1934   11.2721
    0.0000  -15.0000    0.000017217.4805   11.2702
    7.5000  -15.0000    0.000016438.4648   11.2705
   -7.5000   -7.5000    0.000017558.6777   11.1250
    0.0000   -7.5000    0.000018130.3691   11.1205
    7.5000   -7.5000    0.000017315.2031   11.1192
   -7.5000    0.0000    0.000018423.6152   11.0458
    0.0000    0.0000    0.000019017.4785   11.0384
    7.5000    0.0000    0.000018127.0332   11.0357
   -7.5000    7.5000    0.000018036.0039   11.0995
    0.0000    7.5000    0.000018643.7891   11.0919
    7.5000    7.5000    0.000017741.5859   11.0892
   -7.5000   15.0000    0.000017318.5527   11.2211
    0.0000   15.0000    0.000017917.2422   11.2163
    7.5000   15.0000    0.000017050.1270   11.2152
   -7.5000   22.5000    0.000016374.4111   11.3718
    0.0000   22.5000    0.000016958.9082   11.3699
    7.5000   22.5000    0.000016175.1807   11.3694
   -7.5000   30.0000    0.000015266.4043   11.4016
    0.0000   30.0000    0.000015828.4521   11.3999
    7.5000   30.0000    0.000015114.4922   11.3980
   -7.5000   37.5000    0.000014661.2236   11.5093
    0.0000   37.5000    0.000015215.4473   11.5040
    7.5000   37.5000    0.000014543.5264   11.4993
   -7.5000   45.0000    0.000013543.3525   11.3944
    0.0000   45.0000    0.000014057.2080   11.3842
    7.5000   45.0000    0.000013435.3184   11.3764
   -7.5000  -45.0000    7.500012511.8926   12.0280
    0.0000  -45.0000    7.500012981.2637   12.0259
    7.5000  -45.0000    7.500012360.5439   12.0300
   -7.5000  -37.5000    7.500013149.7021   11.8605
    0.0000  -37.5000    7.500013629.0420   11.8590
    7.5000  -37.5000    7.500012987.4609   11.8609
   -7.5000  -30.0000    7.500014304.7227   11.6572
    0.0000  -30.0000    7.500014825.3955   11.6561
    7.5000  -30.0000    7.500014126.0537   11.6566
   -7.5000  -22.5000    7.500015500.1113   11.4756
    0.0000  -22.5000    7.500016046.1113   11.4743
    7.5000  -22.5000    7.500015266.6943   11.4742
   -7.5000  -15.0000    7.500016555.2832   11.3013
    0.0000  -15.0000    7.500017104.4316   11.2984
    7.5000  -15.0000    7.500016256.4551   11.2977
   -7.5000   -7.5000    7.500017453.6152   11.1560
    0.0000   -7.5000    7.500017996.0332   11.1513
    7.5000   -7.5000    7.500017072.1328   11.1497
   -7.5000    0.0000    7.500018305.2031   11.0795
    0.0000    0.0000    7.500018834.8223   11.0727
    7.5000    0.0000    7.500017830.6797   11.0701
   -7.5000    7.5000    7.500017905.8711   11.1341
    0.0000    7.5000    7.500018444.3320   11.1271
    7.5000    7.5000    7.500017425.5215   11.1241
   -7.5000   15.0000    7.500017173.0352   11.2548
    0.0000   15.0000    7.500017708.6309   11.2497
    7.5000   15.0000    7.500016746.3203   11.2475
   -7.5000   22.5000    7.500016240.4189   11.4038
    0.0000   22.5000    7.500016767.1602   11.4008
    7.5000   22.5000    7.500015872.5557   11.3988
   -7.5000   30.0000    7.500015140.9736   11.4329
    0.0000   30.0000    7.500015651.8584   11.4300
    7.5000   30.0000    7.500014839.4443   11.4271
   -7.5000   37.5000    7.500014554.2529   11.5433
    0.0000   37.5000    7.500015072.5869   11.5377
    7.5000   37.5000    7.500014305.8633   11.5327
   -7.5000   45.0000    7.500013428.2158   11.4310
    0.0000   45.0000    7.500013924.1055   11.4215
    7.5000   45.0000    7.500013222.0381   11.4137
   -7.5000  -45.0000   15.000012146.1484   12.1431
    0.0000  -45.0000   15.000012589.8877   12.1409
    7.5000  -45.0000   15.000011941.9365   12.1465
   -7.5000  -37.5000   15.000012768.6641   11.9782
    0.0000  -37.5000   15.000013229.0098   11.9764
    7.5000  -37.5000   15.000012545.1035   11.9794
   -7.5000  -30.0000   15.000013880.1924   11.7744
    0.0000  -30.0000   15.000014380.4951   11.7722
    7.5000  -30.0000   15.000013636.7627   11.7737
   -7.5000  -22.5000   15.000015149.4473   11.5908
    0.0000  -22.5000   15.000015712.5029   11.5882
    7.5000  -22.5000   15.000014804.0859   11.5897
   -7.5000  -15.0000   15.000016486.0215   11.4150
    0.0000  -15.0000   15.000017074.0703   11.4113
    7.5000  -15.0000   15.000015919.2559   11.4127
   -7.5000   -7.5000   15.000017497.8457   11.2709
    0.0000   -7.5000   15.000017984.4023   11.2658
    7.5000   -7.5000   15.000016750.1562   11.2661
   -7.5000    0.0000   15.000018255.6855   11.1967
    0.0000    0.0000   15.000018666.6777   11.1898
    7.5000    0.0000   15.000017441.5996   11.1883
   -7.5000    7.5000   15.000017765.3398   11.2535
    0.0000    7.5000   15.000018190.8926   11.2462
    7.5000    7.5000   15.000017008.8184   11.2441
   -7.5000   15.0000   15.000016954.1680   11.3755
    0.0000   15.0000   15.000017419.8555   11.3692
    7.5000   15.0000   15.000016292.5469   11.3680
   -7.5000   22.5000   15.000015980.3398   11.5224
    0.0000   22.5000   15.000016471.3848   11.5179
    7.5000   22.5000   15.000015407.2695   11.5176
   -7.5000   30.0000   15.000014853.2715   11.5478
    0.0000   30.0000   15.000015335.3574   11.5441
    7.5000   30.0000   15.000014386.1094   11.5433
   -7.5000   37.5000   15.000014264.9004   11.6591
    0.0000   37.5000   15.000014757.5664   11.6532
    7.5000   37.5000   15.000013889.1992   11.6501
   -7.5000   45.0000   15.000013138.6582   11.5466
    0.0000   45.0000   15.000013623.4971   11.5368
    7.5000   45.0000   15.000012847.0986   11.5303
   -7.5000  -45.0000   22.500011718.9248   12.2928
    0.0000  -45.0000   22.500012118.0957   12.2898
    7.5000  -45.0000   22.500011463.4102   12.2969
   -7.5000  -37.5000   22.500012333.0654   12.1299
    0.0000  -37.5000   22.500012736.2529   12.1271
    7.5000  -37.5000   22.500012029.5781   12.1316
   -7.5000  -30.0000   22.500013410.7520   11.9278
    0.0000  -30.0000   22.500013842.0215   11.9250
    7.5000  -30.0000   22.500013081.3984   11.9293
   -7.5000  -22.5000   22.500014676.1709   11.7447
    0.0000  -22.5000   22.500015201.9277   11.7421
    7.5000  -22.5000   22.500014169.6172   11.7476
   -7.5000  -15.0000   22.500016134.5410   11.5686
    0.0000  -15.0000   22.500016772.5879   11.5649
    7.5000  -15.0000   22.500015229.9951   11.5702
   -7.5000   -7.5000   22.500017192.4727   11.4234
    0.0000   -7.5000   22.500017789.9277   11.4181
    7.5000   -7.5000   22.500016128.0791   11.4208
   -7.5000    0.0000   22.500017906.7930   11.3489
    0.0000    0.0000   22.500018408.3789   11.3411
    7.5000    0.0000   22.500016845.1738   11.3410
   -7.5000    7.5000   22.500017336.7559   11.4076
    0.0000    7.5000   22.500017765.8203   11.3993
    7.5000    7.5000   22.500016364.1250   11.3985
   -7.5000   15.0000   22.500016445.9824   11.5297
    0.0000   15.0000   22.500016884.8555   11.5228
    7.5000   15.0000   22.500015636.2324   11.5241
   -7.5000   22.5000   22.500015429.5430   11.6749
    0.0000   22.5000   22.500015868.1953   11.6703
    7.5000   22.5000   22.500014773.0361   11.6738
   -7.5000   30.0000   22.500014301.2207   11.6959
    0.0000   30.0000   22.500014731.8916   11.6923
    7.5000   30.0000   22.500013788.1094   11.6954
   -7.5000   37.5000   22.500013757.3926   11.8047
    0.0000   37.5000   22.500014187.2471   11.7985
    7.5000   37.5000   22.500013332.0088   11.7981
   -7.5000   45.0000   22.500012684.0850   11.6870
    0.0000   45.0000   22.500013126.2383   11.6764
    7.5000   45.0000   22.500012368.0801   11.6712
   -7.5000  -45.0000   30.000011112.8477   12.4344
    0.0000  -45.0000   30.000011456.9629   12.4303
    7.5000  -45.0000   30.000010815.1465   12.4375
   -7.5000  -37.5000   30.000011689.5771   12.2693
    0.0000  -37.5000   30.000012039.9629   12.2654
    7.5000  -37.5000   30.000011354.9854   12.2706
   -7.5000  -30.0000   30.000012737.0986   12.0695
    0.0000  -30.0000   30.000013127.0254   12.0668
    7.5000  -30.0000   30.000012361.9453   12.0731
   -7.5000  -22.5000   30.000013942.5742   11.8894
    0.0000  -22.5000   30.000014384.1943   11.8878
    7.5000  -22.5000   30.000013370.1953   11.8958
   -7.5000  -15.0000   30.000015123.0938   11.7148
    0.0000  -15.0000   30.000015655.9238   11.7122
    7.5000  -15.0000   30.000014288.1768   11.7195
   -7.5000   -7.5000   30.000016001.7637   11.5685
    0.0000   -7.5000   30.000016554.5000   11.5631
    7.5000   -7.5000   30.000015139.5498   11.5667
   -7.5000    0.0000   30.000016744.8594   11.4916
    0.0000    0.0000   30.000017302.6562   11.4828
    7.5000    0.0000   30.000015909.6963   11.4828
   -7.5000    7.5000   30.000016288.2969   11.5488
    0.0000    7.5000   30.000016823.8848   11.5395
    7.5000    7.5000   30.000015510.3086   11.5393
   -7.5000   15.0000   30.000015519.6592   11.6704
    0.0000   15.0000   30.000016024.6260   11.6636
    7.5000   15.0000   30.000014828.2822   11.6667
   -7.5000   22.5000   30.000014573.9551   11.8152
    0.0000   22.5000   30.000015049.1240   11.8116
    7.5000   22.5000   30.000013998.4824   11.8176
   -7.5000   30.0000   30.000013527.6660   11.8330
    0.0000   30.0000   30.000013977.6260   11.8305
    7.5000   30.0000   30.000013061.3789   11.8356
   -7.5000   37.5000   30.000013054.9658   11.9381
    0.0000   37.5000   30.000013489.4219   11.9319
    7.5000   37.5000   30.000012635.1377   11.9324
   -7.5000   45.0000   30.000012047.6279   11.8127
    0.0000   45.0000   30.000012483.6934   11.8011
    7.5000   45.0000   30.000011743.7930   11.7961
   -7.5000  -45.0000   37.500010785.0117   12.6348
    0.0000  -45.0000   37.500011105.1641   12.6302
    7.5000  -45.0000   37.500010513.7598   12.6359
   -7.5000  -37.5000   37.500011322.1680   12.4650
    0.0000  -37.5000   37.500011670.5723   12.4607
    7.5000  -37.5000   37.500011068.8369   12.4648
   -7.5000  -30.0000   37.500012350.1270   12.2653
    0.0000  -30.0000   37.500012721.7920   12.2630
    7.5000  -30.0000   37.500012071.1836   12.2680
   -7.5000  -22.5000   37.500013456.6318   12.0876
    0.0000  -22.5000   37.500013894.4824   12.0870
    7.5000  -22.5000   37.500013053.5557   12.0932
   -7.5000  -15.0000   37.500014451.1924   11.9151
    0.0000  -15.0000   37.500014952.0176   11.9130
    7.5000  -15.0000   37.500013928.9932   11.9180
   -7.5000   -7.5000   37.500015217.1436   11.7676
    0.0000   -7.5000   37.500015745.3467   11.7622
    7.5000   -7.5000   37.500014739.0381   11.7639
   -7.5000    0.0000   37.500015972.3330   11.6879
    0.0000    0.0000   37.500016507.3691   11.6787
    7.5000    0.0000   37.500015489.9590   11.6774
   -7.5000    7.5000   37.500015625.7275   11.7427
    0.0000    7.5000   37.500016152.7344   11.7330
    7.5000    7.5000   37.500015148.1758   11.7319
   -7.5000   15.0000   37.500015006.2217   11.8636
    0.0000   15.0000   37.500015509.1885   11.8571
    7.5000   15.0000   37.500014523.0264   11.8590
   -7.5000   22.5000   37.500014177.2402   12.0095
    0.0000   22.5000   37.500014648.6982   12.0069
    7.5000   22.5000   37.500013725.3838   12.0111
   -7.5000   30.0000   37.500013232.4971   12.0262
    0.0000   30.0000   37.500013672.6738   12.0243
    7.5000   30.0000   37.500012829.0654   12.0271
   -7.5000   37.5000   37.500012805.6182   12.1293
    0.0000   37.5000   37.500013219.4912   12.1232
    7.5000   37.5000   37.500012413.1357   12.1217
   -7.5000   45.0000   37.500011816.6006   11.9961
    0.0000   45.0000   37.500012218.2461   11.9842
    7.5000   45.0000   37.500011518.8770   11.9779
   -7.5000  -45.0000   45.000010007.9131   12.9049
    0.0000  -45.0000   45.000010358.8076   12.9004
    7.5000  -45.0000   45.0000 9866.0459   12.9043
   -7.5000  -37.5000   45.000010509.9082   12.7308
    0.0000  -37.5000   45.000010879.7510   12.7268
    7.5000  -37.5000   45.000010382.5049   12.7289
   -7.5000  -30.0000   45.000011458.3633   12.5281
    0.0000  -30.0000   45.000011860.9854   12.5259
    7.5000  -30.0000   45.000011308.4199   12.5279
   -7.5000  -22.5000   45.000012452.3057   12.3488
    0.0000  -22.5000   45.000012911.8711   12.3477
    7.5000  -22.5000   45.000012223.2100   12.3496
   -7.5000  -15.0000   45.000013308.6504   12.1746
    0.0000  -15.0000   45.000013789.5938   12.1717
    7.5000  -15.0000   45.000013011.5566   12.1725
   -7.5000   -7.5000   45.000014022.3672   12.0256
    0.0000   -7.5000   45.000014532.2168   12.0197
    7.5000   -7.5000   45.000013761.2461   12.0185
   -7.5000    0.0000   45.000014756.4062   11.9450
    0.0000    0.0000   45.000015280.7490   11.9358
    7.5000    0.0000   45.000014474.3652   11.9328
   -7.5000    7.5000   45.000014449.5498   11.9997
    0.0000    7.5000   45.000014957.2578   11.9901
    7.5000    7.5000   45.000014153.9014   11.9872
   -7.5000   15.0000   45.000013935.8281   12.1206
    0.0000   15.0000   45.000014433.6260   12.1141
    7.5000   15.0000   45.000013622.0449   12.1132
   -7.5000   22.5000   45.000013220.3047   12.2676
    0.0000   22.5000   45.000013680.7803   12.2645
    7.5000   22.5000   45.000012911.5771   12.2645
   -7.5000   30.0000   45.000012376.9287   12.2820
    0.0000   30.0000   45.000012806.8018   12.2792
    7.5000   30.0000   45.000012087.4092   12.2778
   -7.5000   37.5000   45.000011997.1445   12.3863
    0.0000   37.5000   45.000012404.5479   12.3797
    7.5000   37.5000   45.000011702.7734   12.3752
   -7.5000   45.0000   45.000011040.2871   12.2555
    0.0000   45.0000   45.000011420.5791   12.2437
    7.5000   45.0000   45.000010815.0225   12.2356

---------------------------------------------------------------------
imgreg_4dfp /opt/freesurfer/average/711-2C_as_mni_average_305 /opt/freesurfer/average/711-2B_as_mni_average_305_mask talsrcimg_g11 none talsrcimg_to_711-2C_as_mni_average_305_t4 4355
---------------------------------------------------------------------

freesurfer imgreg_4dfp.c
/opt/freesurfer/average/711-2C_as_mni_average_305.4dfp.img
       256       256       256         1
  1.000000  1.000000  1.000000
orientation T byte_order littleendian
Reading image: /opt/freesurfer/average/711-2C_as_mni_average_305.4dfp.img
dimensions:      256       256       256
mmppix:       1.0000   -1.0000   -1.0000
center:     128.0000 -129.0000 -129.0000
/opt/freesurfer/average/711-2B_as_mni_average_305_mask.4dfp.img
       256       256       256         1
  1.000000  1.000000  1.000000
orientation T byte_order littleendian
Reading mask: /opt/freesurfer/average/711-2B_as_mni_average_305_mask.4dfp.img (2306576 pixels)
talsrcimg_g11.4dfp.img
       256       256       256         1
  1.000000  1.000000  1.000000
orientation T byte_order littleendian
Reading image: talsrcimg_g11.4dfp.img
dimensions:      256       256       256
mmppix:       1.0000   -1.0000   -1.0000
center:     128.0000 -129.0000 -129.0000
rotation matrix determinant  1.000000
image alignment mode   4355 decimal     1103 hex
   -7.5000  -45.0000  -45.0000 2348.2908   19.3407
    0.0000  -45.0000  -45.0000 2354.2993   19.2022
    7.5000  -45.0000  -45.0000 2354.2778   19.2005
   -7.5000  -37.5000  -45.0000 2388.0251   18.1697
    0.0000  -37.5000  -45.0000 2399.3938   18.0867
    7.5000  -37.5000  -45.0000 2396.7727   18.0898
   -7.5000  -30.0000  -45.0000 2426.1116   17.2550
    0.0000  -30.0000  -45.0000 2434.0854   17.2063
    7.5000  -30.0000  -45.0000 2426.7083   17.2213
   -7.5000  -22.5000  -45.0000 2446.0503   16.6178
    0.0000  -22.5000  -45.0000 2453.7168   16.5659
    7.5000  -22.5000  -45.0000 2444.8625   16.5884
   -7.5000  -15.0000  -45.0000 2450.7681   16.2307
    0.0000  -15.0000  -45.0000 2455.5610   16.1674
    7.5000  -15.0000  -45.0000 2450.8733   16.2227
   -7.5000   -7.5000  -45.0000 2453.7871   16.0813
    0.0000   -7.5000  -45.0000 2459.9363   16.0286
    7.5000   -7.5000  -45.0000 2451.5354   16.0912
   -7.5000    0.0000  -45.0000 2448.1306   16.1758
    0.0000    0.0000  -45.0000 2454.0190   16.1378
    7.5000    0.0000  -45.0000 2449.1450   16.1989
   -7.5000    7.5000  -45.0000 2441.2122   16.4884
    0.0000    7.5000  -45.0000 2445.8411   16.4401
    7.5000    7.5000  -45.0000 2438.3115   16.4810
   -7.5000   15.0000  -45.0000 2421.6379   16.9857
    0.0000   15.0000  -45.0000 2425.3977   16.8785
    7.5000   15.0000  -45.0000 2420.4609   16.9543
   -7.5000   22.5000  -45.0000 2401.9197   17.6095
    0.0000   22.5000  -45.0000 2402.9446   17.5140
    7.5000   22.5000  -45.0000 2398.9839   17.6213
   -7.5000   30.0000  -45.0000 2373.4114   18.4010
    0.0000   30.0000  -45.0000 2375.2136   18.3043
    7.5000   30.0000  -45.0000 2367.0308   18.4639
   -7.5000   37.5000  -45.0000 2328.8828   19.3862
    0.0000   37.5000  -45.0000 2330.0750   19.2960
    7.5000   37.5000  -45.0000 2324.1089   19.5031
   -7.5000   45.0000  -45.0000 2282.1313   20.6725
    0.0000   45.0000  -45.0000 2280.0759   20.5760
    7.5000   45.0000  -45.0000 2274.3262   20.7731
   -7.5000  -45.0000  -37.5000 2419.2314   18.1165
    0.0000  -45.0000  -37.5000 2424.6318   17.9990
    7.5000  -45.0000  -37.5000 2421.2681   18.0084
   -7.5000  -37.5000  -37.5000 2473.7021   17.0823
    0.0000  -37.5000  -37.5000 2481.0588   16.9642
    7.5000  -37.5000  -37.5000 2476.2026   16.9678
   -7.5000  -30.0000  -37.5000 2513.3960   16.2218
    0.0000  -30.0000  -37.5000 2520.2415   16.1635
    7.5000  -30.0000  -37.5000 2513.6001   16.1802
   -7.5000  -22.5000  -37.5000 2528.9690   15.5873
    0.0000  -22.5000  -37.5000 2532.0173   15.5398
    7.5000  -22.5000  -37.5000 2525.0544   15.5458
   -7.5000  -15.0000  -37.5000 2535.8967   15.1845
    0.0000  -15.0000  -37.5000 2539.0076   15.1345
    7.5000  -15.0000  -37.5000 2532.2351   15.1557
   -7.5000   -7.5000  -37.5000 2536.1702   14.9933
    0.0000   -7.5000  -37.5000 2540.4050   14.9418
    7.5000   -7.5000  -37.5000 2535.5107   14.9730
   -7.5000    0.0000  -37.5000 2534.6965   14.9788
    0.0000    0.0000  -37.5000 2545.8818   14.9812
    7.5000    0.0000  -37.5000 2535.7410   14.9908
   -7.5000    7.5000  -37.5000 2531.6484   15.2367
    0.0000    7.5000  -37.5000 2536.0698   15.2056
    7.5000    7.5000  -37.5000 2522.9543   15.2255
   -7.5000   15.0000  -37.5000 2513.0842   15.6882
    0.0000   15.0000  -37.5000 2518.5757   15.6332
    7.5000   15.0000  -37.5000 2506.7612   15.6650
   -7.5000   22.5000  -37.5000 2493.1096   16.2843
    0.0000   22.5000  -37.5000 2498.5479   16.2374
    7.5000   22.5000  -37.5000 2486.8560   16.2833
   -7.5000   30.0000  -37.5000 2459.7976   17.0858
    0.0000   30.0000  -37.5000 2463.6260   17.0406
    7.5000   30.0000  -37.5000 2451.9346   17.1256
   -7.5000   37.5000  -37.5000 2413.0649   18.0334
    0.0000   37.5000  -37.5000 2416.6226   18.0037
    7.5000   37.5000  -37.5000 2403.2163   18.1426
   -7.5000   45.0000  -37.5000 2360.8665   19.2386
    0.0000   45.0000  -37.5000 2358.7163   19.1657
    7.5000   45.0000  -37.5000 2349.7124   19.3459
   -7.5000  -45.0000  -30.0000 2525.0713   17.6445
    0.0000  -45.0000  -30.0000 2536.6575   17.5230
    7.5000  -45.0000  -30.0000 2528.7822   17.5210
   -7.5000  -37.5000  -30.0000 2591.0217   16.5866
    0.0000  -37.5000  -30.0000 2599.4856   16.4729
    7.5000  -37.5000  -30.0000 2590.2576   16.4949
   -7.5000  -30.0000  -30.0000 2639.1990   15.7563
    0.0000  -30.0000  -30.0000 2643.7322   15.6853
    7.5000  -30.0000  -30.0000 2630.4121   15.7142
   -7.5000  -22.5000  -30.0000 2658.5464   15.1521
    0.0000  -22.5000  -30.0000 2662.6177   15.0684
    7.5000  -22.5000  -30.0000 2646.4937   15.0989
   -7.5000  -15.0000  -30.0000 2662.9458   14.7176
    0.0000  -15.0000  -30.0000 2668.9238   14.6687
    7.5000  -15.0000  -30.0000 2652.7632   14.6743
   -7.5000   -7.5000  -30.0000 2665.7703   14.4813
    0.0000   -7.5000  -30.0000 2671.3247   14.4194
    7.5000   -7.5000  -30.0000 2660.1060   14.4610
   -7.5000    0.0000  -30.0000 2660.5505   14.4400
    0.0000    0.0000  -30.0000 2671.6655   14.4124
    7.5000    0.0000  -30.0000 2658.4678   14.4484
   -7.5000    7.5000  -30.0000 2652.9927   14.6469
    0.0000    7.5000  -30.0000 2663.8586   14.6189
    7.5000    7.5000  -30.0000 2648.3042   14.6585
   -7.5000   15.0000  -30.0000 2636.3896   15.0810
    0.0000   15.0000  -30.0000 2648.7058   15.0517
    7.5000   15.0000  -30.0000 2634.3467   15.0847
   -7.5000   22.5000  -30.0000 2617.0061   15.6941
    0.0000   22.5000  -30.0000 2626.0354   15.6738
    7.5000   22.5000  -30.0000 2611.8853   15.6996
   -7.5000   30.0000  -30.0000 2580.9053   16.4959
    0.0000   30.0000  -30.0000 2587.8508   16.4656
    7.5000   30.0000  -30.0000 2569.7466   16.5187
   -7.5000   37.5000  -30.0000 2528.6541   17.4370
    0.0000   37.5000  -30.0000 2535.7275   17.4379
    7.5000   37.5000  -30.0000 2516.0024   17.5335
   -7.5000   45.0000  -30.0000 2468.4451   18.6101
    0.0000   45.0000  -30.0000 2467.9773   18.5801
    7.5000   45.0000  -30.0000 2456.6716   18.7022
   -7.5000  -45.0000  -22.5000 2604.5161   17.0751
    0.0000  -45.0000  -22.5000 2615.8323   16.9445
    7.5000  -45.0000  -22.5000 2609.1956   16.9329
   -7.5000  -37.5000  -22.5000 2672.1902   15.9965
    0.0000  -37.5000  -22.5000 2680.3433   15.8806
    7.5000  -37.5000  -22.5000 2669.0847   15.8909
   -7.5000  -30.0000  -22.5000 2722.0078   15.1247
    0.0000  -30.0000  -22.5000 2730.2405   15.0392
    7.5000  -30.0000  -22.5000 2717.2761   15.0812
   -7.5000  -22.5000  -22.5000 2748.6445   14.5157
    0.0000  -22.5000  -22.5000 2754.2864   14.4237
    7.5000  -22.5000  -22.5000 2742.1865   14.4827
   -7.5000  -15.0000  -22.5000 2758.7554   14.0820
    0.0000  -15.0000  -22.5000 2762.8623   13.9959
    7.5000  -15.0000  -22.5000 2750.3320   14.0561
   -7.5000   -7.5000  -22.5000 2764.0840   13.8195
    0.0000   -7.5000  -22.5000 2765.4175   13.7454
    7.5000   -7.5000  -22.5000 2758.3850   13.8152
   -7.5000    0.0000  -22.5000 2761.7056   13.7651
    0.0000    0.0000  -22.5000 2770.1382   13.7248
    7.5000    0.0000  -22.5000 2756.0454   13.7698
   -7.5000    7.5000  -22.5000 2751.9189   13.9664
    0.0000    7.5000  -22.5000 2763.0635   13.9293
    7.5000    7.5000  -22.5000 2746.6167   13.9927
   -7.5000   15.0000  -22.5000 2734.0811   14.3988
    0.0000   15.0000  -22.5000 2749.6104   14.3683
    7.5000   15.0000  -22.5000 2731.3347   14.4213
   -7.5000   22.5000  -22.5000 2709.9546   14.9874
    0.0000   22.5000  -22.5000 2726.7378   14.9753
    7.5000   22.5000  -22.5000 2706.8018   15.0242
   -7.5000   30.0000  -22.5000 2668.9668   15.7477
    0.0000   30.0000  -22.5000 2684.8835   15.7641
    7.5000   30.0000  -22.5000 2661.2273   15.8179
   -7.5000   37.5000  -22.5000 2616.5286   16.6634
    0.0000   37.5000  -22.5000 2625.4407   16.6943
    7.5000   37.5000  -22.5000 2604.3459   16.7557
   -7.5000   45.0000  -22.5000 2547.5732   17.8234
    0.0000   45.0000  -22.5000 2552.0559   17.8087
    7.5000   45.0000  -22.5000 2535.2183   17.8915
   -7.5000  -45.0000  -15.0000 2650.9824   16.5067
    0.0000  -45.0000  -15.0000 2658.8586   16.3561
    7.5000  -45.0000  -15.0000 2646.4055   16.3529
   -7.5000  -37.5000  -15.0000 2716.3936   15.4129
    0.0000  -37.5000  -15.0000 2723.6882   15.2866
    7.5000  -37.5000  -15.0000 2708.8914   15.3089
   -7.5000  -30.0000  -15.0000 2768.1411   14.5447
    0.0000  -30.0000  -15.0000 2775.0454   14.4236
    7.5000  -30.0000  -15.0000 2764.6250   14.4643
   -7.5000  -22.5000  -15.0000 2797.1135   13.9024
    0.0000  -22.5000  -15.0000 2804.7141   13.7953
    7.5000  -22.5000  -15.0000 2796.4727   13.8555
   -7.5000  -15.0000  -15.0000 2816.3213   13.4528
    0.0000  -15.0000  -15.0000 2821.5598   13.3434
    7.5000  -15.0000  -15.0000 2814.1968   13.4195
   -7.5000   -7.5000  -15.0000 2829.0525   13.1662
    0.0000   -7.5000  -15.0000 2831.9478   13.0980
    7.5000   -7.5000  -15.0000 2823.7568   13.1577
   -7.5000    0.0000  -15.0000 2833.5378   13.1088
    0.0000    0.0000  -15.0000 2837.1030   13.0500
    7.5000    0.0000  -15.0000 2824.9980   13.1162
   -7.5000    7.5000  -15.0000 2821.2888   13.3183
    0.0000    7.5000  -15.0000 2831.5383   13.2654
    7.5000    7.5000  -15.0000 2818.0574   13.3331
   -7.5000   15.0000  -15.0000 2803.5012   13.7441
    0.0000   15.0000  -15.0000 2818.4084   13.6935
    7.5000   15.0000  -15.0000 2799.7239   13.7774
   -7.5000   22.5000  -15.0000 2773.2219   14.3187
    0.0000   22.5000  -15.0000 2788.7793   14.2772
    7.5000   22.5000  -15.0000 2773.2532   14.3792
   -7.5000   30.0000  -15.0000 2729.1277   15.0452
    0.0000   30.0000  -15.0000 2742.2839   15.0393
    7.5000   30.0000  -15.0000 2725.9990   15.1327
   -7.5000   37.5000  -15.0000 2674.1531   15.9369
    0.0000   37.5000  -15.0000 2686.1331   15.9484
    7.5000   37.5000  -15.0000 2665.8726   16.0320
   -7.5000   45.0000  -15.0000 2597.4651   17.0629
    0.0000   45.0000  -15.0000 2608.5623   17.0555
    7.5000   45.0000  -15.0000 2590.4565   17.1174
   -7.5000  -45.0000   -7.5000 2673.1880   16.0077
    0.0000  -45.0000   -7.5000 2682.1245   15.8662
    7.5000  -45.0000   -7.5000 2673.1494   15.8793
   -7.5000  -37.5000   -7.5000 2738.3569   14.9086
    0.0000  -37.5000   -7.5000 2744.8684   14.7516
    7.5000  -37.5000   -7.5000 2735.4739   14.8055
   -7.5000  -30.0000   -7.5000 2795.0503   14.0242
    0.0000  -30.0000   -7.5000 2798.4421   13.8776
    7.5000  -30.0000   -7.5000 2793.9490   13.9318
   -7.5000  -22.5000   -7.5000 2830.1741   13.3708
    0.0000  -22.5000   -7.5000 2835.5588   13.2459
    7.5000  -22.5000   -7.5000 2832.0464   13.3021
   -7.5000  -15.0000   -7.5000 2853.9968   12.8759
    0.0000  -15.0000   -7.5000 2858.8728   12.7575
    7.5000  -15.0000   -7.5000 2858.1052   12.8426
   -7.5000   -7.5000   -7.5000 2873.8818   12.5504
    0.0000   -7.5000   -7.5000 2874.2327   12.4718
    7.5000   -7.5000   -7.5000 2872.1855   12.5677
   -7.5000    0.0000   -7.5000 2879.9153   12.5076
    0.0000    0.0000   -7.5000 2882.7671   12.4329
    7.5000    0.0000   -7.5000 2876.5215   12.5276
   -7.5000    7.5000   -7.5000 2874.3406   12.7397
    0.0000    7.5000   -7.5000 2883.0620   12.6645
    7.5000    7.5000   -7.5000 2874.8049   12.7684
   -7.5000   15.0000   -7.5000 2861.6758   13.1544
    0.0000   15.0000   -7.5000 2873.2136   13.0801
    7.5000   15.0000   -7.5000 2858.3516   13.1898
   -7.5000   22.5000   -7.5000 2827.0632   13.7040
    0.0000   22.5000   -7.5000 2837.5645   13.6474
    7.5000   22.5000   -7.5000 2826.1846   13.7585
   -7.5000   30.0000   -7.5000 2775.2856   14.4197
    0.0000   30.0000   -7.5000 2784.2712   14.3832
    7.5000   30.0000   -7.5000 2773.3425   14.4828
   -7.5000   37.5000   -7.5000 2717.9060   15.3148
    0.0000   37.5000   -7.5000 2726.3508   15.2838
    7.5000   37.5000   -7.5000 2711.7600   15.3742
   -7.5000   45.0000   -7.5000 2641.5388   16.4043
    0.0000   45.0000   -7.5000 2648.8647   16.3930
    7.5000   45.0000   -7.5000 2628.6824   16.4652
   -7.5000  -45.0000    0.0000 2679.7966   15.6746
    0.0000  -45.0000    0.0000 2688.8191   15.5449
    7.5000  -45.0000    0.0000 2685.2981   15.5902
   -7.5000  -37.5000    0.0000 2741.7288   14.5554
    0.0000  -37.5000    0.0000 2751.7996   14.4317
    7.5000  -37.5000    0.0000 2749.2151   14.5022
   -7.5000  -30.0000    0.0000 2802.0818   13.6681
    0.0000  -30.0000    0.0000 2812.2063   13.5366
    7.5000  -30.0000    0.0000 2810.4980   13.6115
   -7.5000  -22.5000    0.0000 2846.7280   12.9876
    0.0000  -22.5000    0.0000 2855.7783   12.8465
    7.5000  -22.5000    0.0000 2855.5178   12.9385
   -7.5000  -15.0000    0.0000 2878.7688   12.4649
    0.0000  -15.0000    0.0000 2887.6548   12.3311
    7.5000  -15.0000    0.0000 2888.3247   12.4602
   -7.5000   -7.5000    0.0000 2902.7886   12.1117
    0.0000   -7.5000    0.0000 2906.5278   12.0215
    7.5000   -7.5000    0.0000 2903.6006   12.1644
   -7.5000    0.0000    0.0000 2915.4155   12.0626
    0.0000    0.0000    0.0000 2916.8191   11.9884
    7.5000    0.0000    0.0000 2913.1353   12.1163
   -7.5000    7.5000    0.0000 2915.6648   12.3038
    0.0000    7.5000    0.0000 2925.2153   12.2235
    7.5000    7.5000    0.0000 2915.0859   12.3521
   -7.5000   15.0000    0.0000 2901.1653   12.7068
    0.0000   15.0000    0.0000 2909.8071   12.6237
    7.5000   15.0000    0.0000 2900.3235   12.7404
   -7.5000   22.5000    0.0000 2864.3809   13.2371
    0.0000   22.5000    0.0000 2871.4180   13.1740
    7.5000   22.5000    0.0000 2865.3931   13.2994
   -7.5000   30.0000    0.0000 2813.3623   13.9453
    0.0000   30.0000    0.0000 2818.2527   13.9026
    7.5000   30.0000    0.0000 2809.7358   14.0199
   -7.5000   37.5000    0.0000 2752.5234   14.8537
    0.0000   37.5000    0.0000 2755.9216   14.8062
    7.5000   37.5000    0.0000 2743.0017   14.9341
   -7.5000   45.0000    0.0000 2675.5215   15.9364
    0.0000   45.0000    0.0000 2676.8323   15.9130
    7.5000   45.0000    0.0000 2660.1514   16.0112
   -7.5000  -45.0000    7.5000 2678.1672   15.5440
    0.0000  -45.0000    7.5000 2686.6438   15.3988
    7.5000  -45.0000    7.5000 2685.4788   15.4690
   -7.5000  -37.5000    7.5000 2742.2659   14.4071
    0.0000  -37.5000    7.5000 2750.2312   14.2635
    7.5000  -37.5000    7.5000 2751.7319   14.3523
   -7.5000  -30.0000    7.5000 2804.1753   13.5142
    0.0000  -30.0000    7.5000 2815.3894   13.3666
    7.5000  -30.0000    7.5000 2818.6904   13.4609
   -7.5000  -22.5000    7.5000 2862.6487   12.8281
    0.0000  -22.5000    7.5000 2871.3208   12.6893
    7.5000  -22.5000    7.5000 2875.0525   12.7841
   -7.5000  -15.0000    7.5000 2904.3503   12.3136
    0.0000  -15.0000    7.5000 2914.5964   12.1669
    7.5000  -15.0000    7.5000 2918.8774   12.2877
   -7.5000   -7.5000    7.5000 2929.3037   11.9008
    0.0000   -7.5000    7.5000 2936.9734   11.7707
    7.5000   -7.5000    7.5000 2937.1270   11.9610
   -7.5000    0.0000    7.5000 2949.0894   11.8161
    0.0000    0.0000    7.5000 2951.8511   11.7025
    7.5000    0.0000    7.5000 2945.3943   11.8841
   -7.5000    7.5000    7.5000 2953.1365   12.0481
    0.0000    7.5000    7.5000 2957.2520   11.9431
    7.5000    7.5000    7.5000 2948.1316   12.0844
   -7.5000   15.0000    7.5000 2934.1213   12.3984
    0.0000   15.0000    7.5000 2940.9006   12.3071
    7.5000   15.0000    7.5000 2935.0110   12.4516
   -7.5000   22.5000    7.5000 2897.1509   12.9245
    0.0000   22.5000    7.5000 2902.5337   12.8378
    7.5000   22.5000    7.5000 2900.8313   12.9994
   -7.5000   30.0000    7.5000 2845.0872   13.6440
    0.0000   30.0000    7.5000 2848.1763   13.5649
    7.5000   30.0000    7.5000 2842.2593   13.7450
   -7.5000   37.5000    7.5000 2779.9385   14.5458
    0.0000   37.5000    7.5000 2783.7078   14.4788
    7.5000   37.5000    7.5000 2773.6001   14.6621
   -7.5000   45.0000    7.5000 2698.3193   15.6068
    0.0000   45.0000    7.5000 2702.4014   15.5518
    7.5000   45.0000    7.5000 2688.5171   15.7159
   -7.5000  -45.0000   15.0000 2658.7502   15.5695
    0.0000  -45.0000   15.0000 2671.8838   15.4457
    7.5000  -45.0000   15.0000 2674.7769   15.4834
   -7.5000  -37.5000   15.0000 2725.9922   14.4118
    0.0000  -37.5000   15.0000 2740.1606   14.3091
    7.5000  -37.5000   15.0000 2741.5286   14.3365
   -7.5000  -30.0000   15.0000 2792.5381   13.5158
    0.0000  -30.0000   15.0000 2809.1072   13.4074
    7.5000  -30.0000   15.0000 2810.7786   13.4132
   -7.5000  -22.5000   15.0000 2861.5459   12.8591
    0.0000  -22.5000   15.0000 2875.0559   12.7454
    7.5000  -22.5000   15.0000 2876.2957   12.7246
   -7.5000  -15.0000   15.0000 2924.8462   12.4263
    0.0000  -15.0000   15.0000 2940.2390   12.3183
    7.5000  -15.0000   15.0000 2935.4692   12.2589
   -7.5000   -7.5000   15.0000 2970.5417   12.0112
    0.0000   -7.5000   15.0000 2984.8242   11.8951
    7.5000   -7.5000   15.0000 2966.2185   11.9514
   -7.5000    0.0000   15.0000 2990.6006   11.7918
    0.0000    0.0000   15.0000 2988.5894   11.6506
    7.5000    0.0000   15.0000 2973.5464   11.7860
   -7.5000    7.5000   15.0000 2983.9487   11.9508
    0.0000    7.5000   15.0000 2982.8755   11.8333
    7.5000    7.5000   15.0000 2968.2039   11.9493
   -7.5000   15.0000   15.0000 2953.7412   12.2629
    0.0000   15.0000   15.0000 2959.5032   12.1655
    7.5000   15.0000   15.0000 2947.9966   12.2863
   -7.5000   22.5000   15.0000 2915.4255   12.7633
    0.0000   22.5000   15.0000 2923.5945   12.6896
    7.5000   22.5000   15.0000 2912.5664   12.7957
   -7.5000   30.0000   15.0000 2857.3259   13.4795
    0.0000   30.0000   15.0000 2864.5583   13.4207
    7.5000   30.0000   15.0000 2852.5483   13.5275
   -7.5000   37.5000   15.0000 2793.3757   14.3594
    0.0000   37.5000   15.0000 2800.0588   14.3107
    7.5000   37.5000   15.0000 2784.4690   14.4259
   -7.5000   45.0000   15.0000 2712.9114   15.4112
    0.0000   45.0000   15.0000 2721.4092   15.3745
    7.5000   45.0000   15.0000 2703.2097   15.4814
   -7.5000  -45.0000   22.5000 2649.3325   15.7931
    0.0000  -45.0000   22.5000 2661.3787   15.6946
    7.5000  -45.0000   22.5000 2671.9604   15.7013
   -7.5000  -37.5000   22.5000 2715.1897   14.6291
    0.0000  -37.5000   22.5000 2727.5671   14.5282
    7.5000  -37.5000   22.5000 2735.3533   14.5209
   -7.5000  -30.0000   22.5000 2785.9807   13.7432
    0.0000  -30.0000   22.5000 2799.6506   13.6396
    7.5000  -30.0000   22.5000 2804.7737   13.5828
   -7.5000  -22.5000   22.5000 2862.4524   13.0943
    0.0000  -22.5000   22.5000 2876.1111   13.0032
    7.5000  -22.5000   22.5000 2875.0657   12.8769
   -7.5000  -15.0000   22.5000 2944.5952   12.6939
    0.0000  -15.0000   22.5000 2965.9800   12.6219
    7.5000  -15.0000   22.5000 2941.1616   12.3920
   -7.5000   -7.5000   22.5000 3008.6895   12.3404
    0.0000   -7.5000   22.5000 3032.3264   12.3217
    7.5000   -7.5000   22.5000 2973.5808   12.0470
   -7.5000    0.0000   22.5000 3025.5540   11.9760
    0.0000    0.0000   22.5000 3034.8408   11.9498
    7.5000    0.0000   22.5000 2981.1589   11.8861
   -7.5000    7.5000   22.5000 3002.2039   11.9653
    0.0000    7.5000   22.5000 3004.9717   11.9330
    7.5000    7.5000   22.5000 2974.0002   11.9804
   -7.5000   15.0000   22.5000 2958.7942   12.2215
    0.0000   15.0000   22.5000 2968.3333   12.1658
    7.5000   15.0000   22.5000 2951.5801   12.2485
   -7.5000   22.5000   22.5000 2917.0945   12.7113
    0.0000   22.5000   22.5000 2922.6619   12.6435
    7.5000   22.5000   22.5000 2915.4683   12.7529
   -7.5000   30.0000   22.5000 2861.2998   13.4176
    0.0000   30.0000   22.5000 2863.3215   13.3539
    7.5000   30.0000   22.5000 2855.5364   13.4683
   -7.5000   37.5000   22.5000 2799.3108   14.3095
    0.0000   37.5000   22.5000 2798.0176   14.2522
    7.5000   37.5000   22.5000 2784.6824   14.3667
   -7.5000   45.0000   22.5000 2719.7119   15.3890
    0.0000   45.0000   22.5000 2722.5627   15.3654
    7.5000   45.0000   22.5000 2704.9844   15.4685
   -7.5000  -45.0000   30.0000 2647.0979   16.1906
    0.0000  -45.0000   30.0000 2655.9058   16.0673
    7.5000  -45.0000   30.0000 2662.7693   16.0139
   -7.5000  -37.5000   30.0000 2714.8499   15.0217
    0.0000  -37.5000   30.0000 2725.1592   14.9236
    7.5000  -37.5000   30.0000 2727.8777   14.8532
   -7.5000  -30.0000   30.0000 2788.7151   14.1337
    0.0000  -30.0000   30.0000 2800.9133   14.0392
    7.5000  -30.0000   30.0000 2796.0667   13.9289
   -7.5000  -22.5000   30.0000 2868.7063   13.4594
    0.0000  -22.5000   30.0000 2879.5610   13.3883
    7.5000  -22.5000   30.0000 2866.0605   13.2053
   -7.5000  -15.0000   30.0000 2950.1279   12.9882
    0.0000  -15.0000   30.0000 2966.3176   12.9426
    7.5000  -15.0000   30.0000 2928.9319   12.6575
   -7.5000   -7.5000   30.0000 2997.9419   12.4969
    0.0000   -7.5000   30.0000 3016.0320   12.5208
    7.5000   -7.5000   30.0000 2963.7397   12.2989
   -7.5000    0.0000   30.0000 3014.7700   12.1995
    0.0000    0.0000   30.0000 3022.8928   12.2210
    7.5000    0.0000   30.0000 2978.7141   12.1600
   -7.5000    7.5000   30.0000 3004.9187   12.2276
    0.0000    7.5000   30.0000 3012.7554   12.2507
    7.5000    7.5000   30.0000 2970.6819   12.2267
   -7.5000   15.0000   30.0000 2960.0347   12.4895
    0.0000   15.0000   30.0000 2972.8965   12.5156
    7.5000   15.0000   30.0000 2943.8347   12.5281
   -7.5000   22.5000   30.0000 2909.0137   12.9208
    0.0000   22.5000   30.0000 2917.6484   12.9238
    7.5000   22.5000   30.0000 2901.7686   12.9852
   -7.5000   30.0000   30.0000 2849.3499   13.5591
    0.0000   30.0000   30.0000 2856.9785   13.5372
    7.5000   30.0000   30.0000 2841.5488   13.6228
   -7.5000   37.5000   30.0000 2788.8765   14.3916
    0.0000   37.5000   30.0000 2789.4390   14.3624
    7.5000   37.5000   30.0000 2772.5293   14.4436
   -7.5000   45.0000   30.0000 2708.9929   15.4341
    0.0000   45.0000   30.0000 2710.2646   15.4194
    7.5000   45.0000   30.0000 2695.6628   15.5026
   -7.5000  -45.0000   37.5000 2644.5786   16.5886
    0.0000  -45.0000   37.5000 2653.6321   16.4709
    7.5000  -45.0000   37.5000 2650.9749   16.4443
   -7.5000  -37.5000   37.5000 2708.7891   15.4007
    0.0000  -37.5000   37.5000 2721.1448   15.3125
    7.5000  -37.5000   37.5000 2720.7056   15.2896
   -7.5000  -30.0000   37.5000 2780.5447   14.4959
    0.0000  -30.0000   37.5000 2793.9651   14.4192
    7.5000  -30.0000   37.5000 2790.8533   14.3792
   -7.5000  -22.5000   37.5000 2855.7424   13.7846
    0.0000  -22.5000   37.5000 2868.1125   13.7265
    7.5000  -22.5000   37.5000 2857.3220   13.6082
   -7.5000  -15.0000   37.5000 2921.4072   13.2217
    0.0000  -15.0000   37.5000 2937.9705   13.1759
    7.5000  -15.0000   37.5000 2911.2854   13.0129
   -7.5000   -7.5000   37.5000 2956.0466   12.6539
    0.0000   -7.5000   37.5000 2975.9670   12.6503
    7.5000   -7.5000   37.5000 2948.7102   12.6183
   -7.5000    0.0000   37.5000 2981.6750   12.4204
    0.0000    0.0000   37.5000 2991.5557   12.4245
    7.5000    0.0000   37.5000 2966.2258   12.4493
   -7.5000    7.5000   37.5000 2984.7825   12.5138
    0.0000    7.5000   37.5000 2991.9167   12.5061
    7.5000    7.5000   37.5000 2962.2639   12.5324
   -7.5000   15.0000   37.5000 2944.8831   12.8277
    0.0000   15.0000   37.5000 2951.1726   12.8063
    7.5000   15.0000   37.5000 2926.2920   12.8514
   -7.5000   22.5000   37.5000 2893.0022   13.2823
    0.0000   22.5000   37.5000 2903.4651   13.2791
    7.5000   22.5000   37.5000 2884.0808   13.3258
   -7.5000   30.0000   37.5000 2835.1577   13.8898
    0.0000   30.0000   37.5000 2842.8506   13.8892
    7.5000   30.0000   37.5000 2825.5884   13.9435
   -7.5000   37.5000   37.5000 2771.6455   14.6759
    0.0000   37.5000   37.5000 2773.1858   14.6557
    7.5000   37.5000   37.5000 2756.1648   14.7346
   -7.5000   45.0000   37.5000 2685.6445   15.6728
    0.0000   45.0000   37.5000 2685.7693   15.6552
    7.5000   45.0000   37.5000 2674.6809   15.7216
   -7.5000  -45.0000   45.0000 2625.1763   16.9272
    0.0000  -45.0000   45.0000 2637.8047   16.8675
    7.5000  -45.0000   45.0000 2639.7559   16.9621
   -7.5000  -37.5000   45.0000 2689.1340   15.7354
    0.0000  -37.5000   45.0000 2708.3811   15.7037
    7.5000  -37.5000   45.0000 2711.8162   15.8023
   -7.5000  -30.0000   45.0000 2758.0229   14.8441
    0.0000  -30.0000   45.0000 2778.2415   14.7972
    7.5000  -30.0000   45.0000 2779.5903   14.8385
   -7.5000  -22.5000   45.0000 2831.0051   14.1157
    0.0000  -22.5000   45.0000 2848.0073   14.0624
    7.5000  -22.5000   45.0000 2841.5176   14.0562
   -7.5000  -15.0000   45.0000 2883.8064   13.4711
    0.0000  -15.0000   45.0000 2898.1543   13.3965
    7.5000  -15.0000   45.0000 2884.1824   13.4423
   -7.5000   -7.5000   45.0000 2915.7056   12.9398
    0.0000   -7.5000   45.0000 2932.0002   12.9256
    7.5000   -7.5000   45.0000 2917.9382   13.0091
   -7.5000    0.0000   45.0000 2940.0962   12.7910
    0.0000    0.0000   45.0000 2950.5618   12.7784
    7.5000    0.0000   45.0000 2936.3005   12.8563
   -7.5000    7.5000   45.0000 2942.1553   12.8920
    0.0000    7.5000   45.0000 2950.6968   12.8871
    7.5000    7.5000   45.0000 2930.4832   12.9378
   -7.5000   15.0000   45.0000 2907.2175   13.2185
    0.0000   15.0000   45.0000 2915.8765   13.1875
    7.5000   15.0000   45.0000 2897.6707   13.2480
   -7.5000   22.5000   45.0000 2862.7053   13.6776
    0.0000   22.5000   45.0000 2868.7632   13.6412
    7.5000   22.5000   45.0000 2857.5566   13.7238
   -7.5000   30.0000   45.0000 2808.4539   14.3025
    0.0000   30.0000   45.0000 2816.1250   14.2817
    7.5000   30.0000   45.0000 2802.9236   14.3506
   -7.5000   37.5000   45.0000 2743.7380   15.1046
    0.0000   37.5000   45.0000 2751.7356   15.0682
    7.5000   37.5000   45.0000 2738.7368   15.1313
   -7.5000   45.0000   45.0000 2649.8284   16.0479
    0.0000   45.0000   45.0000 2652.9731   16.0191
    7.5000   45.0000   45.0000 2647.9116   16.0903

---------------------------------------------------------------------
imgreg_4dfp /opt/freesurfer/average/711-2C_as_mni_average_305 /opt/freesurfer/average/711-2B_as_mni_average_305_mask talsrcimg_g11 none talsrcimg_to_711-2C_as_mni_average_305_t4 1283
---------------------------------------------------------------------

freesurfer imgreg_4dfp.c
/opt/freesurfer/average/711-2C_as_mni_average_305.4dfp.img
       256       256       256         1
  1.000000  1.000000  1.000000
orientation T byte_order littleendian
Reading image: /opt/freesurfer/average/711-2C_as_mni_average_305.4dfp.img
dimensions:      256       256       256
mmppix:       1.0000   -1.0000   -1.0000
center:     128.0000 -129.0000 -129.0000
/opt/freesurfer/average/711-2B_as_mni_average_305_mask.4dfp.img
       256       256       256         1
  1.000000  1.000000  1.000000
orientation T byte_order littleendian
Reading mask: /opt/freesurfer/average/711-2B_as_mni_average_305_mask.4dfp.img (2306576 pixels)
talsrcimg_g11.4dfp.img
       256       256       256         1
  1.000000  1.000000  1.000000
orientation T byte_order littleendian
Reading image: talsrcimg_g11.4dfp.img
dimensions:      256       256       256
mmppix:       1.0000   -1.0000   -1.0000
center:     128.0000 -129.0000 -129.0000
rotation matrix determinant  1.000000
fimgreg.f
image alignment mode   1283 decimal      503 hex
parameters
    0.0000    0.0000   22.5000    0.0000    0.0000    0.0000
eta,q 0.95223 12.00830
niter,ni,del,rscale     5    3   12.0000    1.2000
parameter  1  0.704869 ->  0.500000 qaram    1.1500
parameter  2  0.653294 ->  0.500000 qaram    1.1500
parameter  6  0.881675 ->  0.500000 qaram    1.1500
parameters
   -3.4500   -3.4500   23.8841   -0.1236    1.5143   -3.4500
eta,q 0.96241 12.20923
  0.0486  0.0443  0.0582  0.0446  0.0493  0.0377
  0.0451  0.0416  0.0511  0.0433  0.0464  0.0375
  0.0462  0.0414  0.0445  0.0420  0.0435  0.0382
  0.0498  0.0448  0.0409  0.0411  0.0411  0.0400
  0.0552  0.0493  0.0414  0.0415  0.0399  0.0428
  0.0612  0.0531  0.0437  0.0432  0.0412  0.0461
  0.0647  0.0562  0.0476  0.0453  0.0446  0.0493
niter,ni,del,rscale     7    3   12.0000    1.2000
parameters
   -3.2987   -2.9784   23.9839   -0.1869    1.6911   -4.7065
eta,q 0.96264 12.19638
  0.0594  0.0505  0.0506  0.0418  0.0463  0.0410
  0.0491  0.0447  0.0428  0.0411  0.0426  0.0388
  0.0409  0.0406  0.0378  0.0390  0.0394  0.0376
  0.0376  0.0377  0.0375  0.0375  0.0375  0.0375
  0.0417  0.0392  0.0397  0.0379  0.0385  0.0387
  0.0492  0.0441  0.0435  0.0402  0.0416  0.0414
  0.0564  0.0469  0.0483  0.0431  0.0457  0.0452
niter,ni,del,rscale     6    3   12.0000    1.2000
parameters
   -3.3162   -2.8418   23.9327   -0.4781    1.9006   -4.8886
eta,q 0.96263 12.19729
  0.0579  0.0491  0.0498  0.0412  0.0464  0.0421
  0.0480  0.0437  0.0420  0.0404  0.0425  0.0397
  0.0401  0.0396  0.0373  0.0386  0.0391  0.0380
  0.0374  0.0374  0.0374  0.0373  0.0374  0.0374
  0.0420  0.0400  0.0398  0.0377  0.0383  0.0379
  0.0494  0.0447  0.0436  0.0402  0.0414  0.0397
  0.0566  0.0470  0.0484  0.0431  0.0456  0.0430
niter,ni,del,rscale     5    3   12.0000    1.2000
parameters
   -3.3564   -2.7015   23.8146   -0.7746    1.9866   -4.9687
eta,q 0.96270 12.19437
  0.0579  0.0489  0.0495  0.0411  0.0463  0.0422
  0.0479  0.0436  0.0416  0.0402  0.0422  0.0397
  0.0400  0.0397  0.0371  0.0385  0.0389  0.0379
  0.0374  0.0374  0.0373  0.0372  0.0373  0.0373
  0.0421  0.0400  0.0399  0.0376  0.0384  0.0378
  0.0496  0.0446  0.0437  0.0399  0.0416  0.0395
  0.0567  0.0469  0.0485  0.0430  0.0461  0.0427
niter,ni,del,rscale     4    3   12.0000    1.2000
parameters
   -3.3619   -2.5886   23.7146   -1.0346    2.0112   -5.0332
eta,q 0.96273 12.19359
  0.0582  0.0488  0.0496  0.0411  0.0462  0.0422
  0.0480  0.0435  0.0417  0.0402  0.0421  0.0396
  0.0400  0.0397  0.0370  0.0385  0.0388  0.0379
  0.0373  0.0373  0.0373  0.0372  0.0373  0.0373
  0.0420  0.0399  0.0399  0.0375  0.0384  0.0378
  0.0495  0.0446  0.0437  0.0397  0.0417  0.0395
  0.0567  0.0470  0.0485  0.0429  0.0463  0.0426
niter,ni,del,rscale     3    3   12.0000    1.2000
parameters
   -3.3462   -2.5028   23.6339   -1.2257    2.0119   -5.0797
eta,q 0.96273 12.19252
  0.0584  0.0486  0.0497  0.0411  0.0462  0.0422
  0.0481  0.0434  0.0418  0.0402  0.0420  0.0396
  0.0401  0.0397  0.0370  0.0386  0.0388  0.0379
  0.0373  0.0373  0.0373  0.0372  0.0373  0.0373
  0.0419  0.0399  0.0400  0.0374  0.0383  0.0378
  0.0495  0.0446  0.0437  0.0396  0.0418  0.0395
  0.0567  0.0471  0.0485  0.0428  0.0465  0.0426
niter,ni,del,rscale     2    3   12.0000    1.2000
parameters
   -3.3304   -2.4447   23.5730   -1.3501    2.0128   -5.1121
eta,q 0.96275 12.19062
  0.0586  0.0485  0.0499  0.0411  0.0462  0.0423
  0.0482  0.0434  0.0419  0.0402  0.0420  0.0396
  0.0400  0.0397  0.0371  0.0386  0.0388  0.0379
  0.0373  0.0373  0.0373  0.0372  0.0373  0.0373
  0.0419  0.0399  0.0400  0.0373  0.0383  0.0378
  0.0496  0.0446  0.0437  0.0394  0.0418  0.0394
  0.0567  0.0471  0.0485  0.0427  0.0465  0.0426
niter,ni,del,rscale     1    3   12.0000    1.2000
parameters
   -3.3185   -2.4069   23.5347   -1.4255    2.0131   -5.1306
eta,q 0.96275 12.18917
  0.0586  0.0485  0.0500  0.0412  0.0462  0.0423
  0.0482  0.0434  0.0421  0.0403  0.0420  0.0397
  0.0400  0.0397  0.0371  0.0387  0.0388  0.0379
  0.0373  0.0373  0.0373  0.0372  0.0372  0.0372
  0.0419  0.0399  0.0400  0.0373  0.0383  0.0378
  0.0496  0.0447  0.0437  0.0393  0.0418  0.0394
  0.0568  0.0472  0.0484  0.0426  0.0465  0.0425
registration optimization eta report
parameter search radius
    6.9000    6.9000    6.0000    6.0000    6.0000    6.9000
100000*second partial in parameter space
       41.       20.       33.       13.       25.       11.
  0.0586  0.0485  0.0500  0.0412  0.0462  0.0423
  0.0482  0.0434  0.0421  0.0403  0.0420  0.0397
  0.0400  0.0397  0.0371  0.0387  0.0388  0.0379
  0.0373  0.0373  0.0373  0.0372  0.0372  0.0372
  0.0419  0.0399  0.0400  0.0373  0.0383  0.0378
  0.0496  0.0447  0.0437  0.0393  0.0418  0.0394
  0.0568  0.0472  0.0484  0.0426  0.0465  0.0425
   -3.3185   -2.4069   23.5347   -1.4255    2.0131   -5.1306
eta,q 0.96275 12.18917

---------------------------------------------------------------------
imgreg_4dfp /opt/freesurfer/average/711-2C_as_mni_average_305 /opt/freesurfer/average/711-2B_as_mni_average_305_mask talsrcimg_g11 none talsrcimg_to_711-2C_as_mni_average_305_t4 3335
---------------------------------------------------------------------

freesurfer imgreg_4dfp.c
/opt/freesurfer/average/711-2C_as_mni_average_305.4dfp.img
       256       256       256         1
  1.000000  1.000000  1.000000
orientation T byte_order littleendian
Reading image: /opt/freesurfer/average/711-2C_as_mni_average_305.4dfp.img
dimensions:      256       256       256
mmppix:       1.0000   -1.0000   -1.0000
center:     128.0000 -129.0000 -129.0000
/opt/freesurfer/average/711-2B_as_mni_average_305_mask.4dfp.img
       256       256       256         1
  1.000000  1.000000  1.000000
orientation T byte_order littleendian
Reading mask: /opt/freesurfer/average/711-2B_as_mni_average_305_mask.4dfp.img (2306576 pixels)
talsrcimg_g11.4dfp.img
       256       256       256         1
  1.000000  1.000000  1.000000
orientation T byte_order littleendian
Reading image: talsrcimg_g11.4dfp.img
dimensions:      256       256       256
mmppix:       1.0000   -1.0000   -1.0000
center:     128.0000 -129.0000 -129.0000
fimgreg.f
image alignment mode   3335 decimal      D07 hex
parameters
   -3.3185   -2.4069   23.5347   -0.4621   -0.4393   -0.0926
    9.0270   -3.2752   -8.9372    2.7917    3.5128   -2.4861
eta,q 0.96235 12.24596
niter,ni,del,rscale     5    3    5.0000    1.2000
parameter  4  0.937910 ->  0.500000 qaram    1.1500
parameter  5  9.868155 ->  0.500000 qaram    1.1500
parameters
   -3.5674   -3.2662   23.5324   -4.6021   -4.5793   -3.5415
    7.6925   -3.2065   -8.0743    1.2481    3.0534   -1.3371
eta,q 0.97495 12.31333
  0.0407  0.0379  0.0399  0.0332  0.0228  0.0262  0.0274  0.0304  0.0277  0.0269  0.0261  0.0270
  0.0389  0.0374  0.0385  0.0333  0.0251  0.0257  0.0261  0.0274  0.0264  0.0256  0.0255  0.0260
  0.0378  0.0373  0.0376  0.0345  0.0289  0.0253  0.0254  0.0258  0.0257  0.0251  0.0252  0.0254
  0.0377  0.0376  0.0373  0.0373  0.0335  0.0261  0.0254  0.0253  0.0253  0.0253  0.0251  0.0251
  0.0384  0.0380  0.0377  0.0419  0.0382  0.0289  0.0262  0.0258  0.0254  0.0259  0.0252  0.0251
  0.0400  0.0384  0.0385  0.0472  0.0420  0.0339  0.0276  0.0273  0.0259  0.0273  0.0257  0.0254
  0.0422  0.0388  0.0398  0.0523  0.0454  0.0399  0.0295  0.0302  0.0267  0.0293  0.0264  0.0261
niter,ni,del,rscale     6    3    5.0000    1.2000
parameter  2 -0.504010 -> -0.500000 qaram    1.1500
parameter  3  0.915123 ->  0.500000 qaram    1.1500
parameter  5  1.052780 ->  0.500000 qaram    1.3225
parameters
   -3.4656   -1.8862   22.1524   -6.4697   -9.3403   -4.5006
    7.7105   -3.0902   -8.1680    2.0060    4.0250   -2.1217
eta,q 0.98047 12.13487
  0.0284  0.0296  0.0233  0.0263  0.0197  0.0218  0.0226  0.0240  0.0219  0.0232  0.0207  0.0205
  0.0266  0.0276  0.0232  0.0249  0.0193  0.0209  0.0211  0.0214  0.0207  0.0213  0.0202  0.0199
  0.0255  0.0261  0.0237  0.0237  0.0203  0.0201  0.0201  0.0201  0.0199  0.0202  0.0198  0.0196
  0.0251  0.0251  0.0244  0.0233  0.0234  0.0194  0.0197  0.0197  0.0197  0.0197  0.0196  0.0195
  0.0253  0.0245  0.0255  0.0245  0.0283  0.0193  0.0200  0.0200  0.0199  0.0197  0.0196  0.0198
  0.0262  0.0245  0.0269  0.0278  0.0327  0.0212  0.0210  0.0213  0.0207  0.0204  0.0198  0.0203
  0.0278  0.0251  0.0284  0.0329  0.0362  0.0254  0.0226  0.0237  0.0220  0.0220  0.0203  0.0211
niter,ni,del,rscale     7    3    5.0000    1.2000
parameters
   -3.1245   -0.7465   21.3637   -5.6987  -12.6274   -5.0381
    7.4191   -2.9351   -8.6350    2.9766    4.1107   -3.5346
eta,q 0.98190 12.02705
  0.0232  0.0260  0.0196  0.0240  0.0209  0.0206  0.0208  0.0233  0.0202  0.0216  0.0193  0.0187
  0.0214  0.0232  0.0188  0.0220  0.0192  0.0197  0.0193  0.0204  0.0190  0.0199  0.0187  0.0183
  0.0202  0.0210  0.0186  0.0201  0.0180  0.0189  0.0185  0.0188  0.0184  0.0188  0.0183  0.0181
  0.0195  0.0195  0.0187  0.0186  0.0183  0.0180  0.0182  0.0182  0.0182  0.0182  0.0182  0.0182
  0.0196  0.0188  0.0193  0.0182  0.0212  0.0177  0.0186  0.0186  0.0186  0.0182  0.0182  0.0184
  0.0203  0.0190  0.0203  0.0196  0.0263  0.0193  0.0196  0.0201  0.0195  0.0189  0.0186  0.0188
  0.0216  0.0202  0.0216  0.0232  0.0312  0.0231  0.0212  0.0229  0.0208  0.0202  0.0193  0.0194
niter,ni,del,rscale     6    3    5.0000    1.2000
parameters
   -2.9743    0.0174   21.4226   -4.8242  -13.8547   -5.1629
    7.3739   -2.7934   -8.7975    3.6519    3.8383   -4.1982
eta,q 0.98227 11.99836
  0.0216  0.0232  0.0196  0.0235  0.0221  0.0204  0.0206  0.0232  0.0200  0.0210  0.0189  0.0185
  0.0198  0.0209  0.0186  0.0214  0.0201  0.0194  0.0190  0.0202  0.0187  0.0192  0.0183  0.0180
  0.0186  0.0191  0.0180  0.0194  0.0185  0.0185  0.0181  0.0184  0.0180  0.0182  0.0179  0.0178
  0.0181  0.0181  0.0178  0.0177  0.0174  0.0177  0.0178  0.0178  0.0178  0.0178  0.0177  0.0178
  0.0183  0.0178  0.0179  0.0173  0.0182  0.0172  0.0181  0.0182  0.0181  0.0179  0.0179  0.0179
  0.0192  0.0183  0.0185  0.0188  0.0215  0.0184  0.0191  0.0199  0.0189  0.0186  0.0184  0.0183
  0.0209  0.0196  0.0194  0.0225  0.0267  0.0219  0.0207  0.0228  0.0202  0.0199  0.0191  0.0188
niter,ni,del,rscale     5    3    5.0000    1.2000
parameters
   -2.9657    0.2064   21.4978   -4.5083  -14.1301   -5.1262
    7.4266   -2.6992   -8.8338    3.8847    3.6468   -4.3383
eta,q 0.98232 11.99793
  0.0211  0.0214  0.0196  0.0231  0.0228  0.0204  0.0206  0.0231  0.0200  0.0205  0.0189  0.0186
  0.0193  0.0195  0.0186  0.0211  0.0207  0.0194  0.0190  0.0201  0.0187  0.0189  0.0182  0.0181
  0.0181  0.0183  0.0179  0.0192  0.0190  0.0185  0.0180  0.0183  0.0179  0.0180  0.0178  0.0178
  0.0177  0.0177  0.0177  0.0177  0.0176  0.0177  0.0177  0.0177  0.0177  0.0177  0.0177  0.0177
  0.0181  0.0179  0.0179  0.0176  0.0176  0.0172  0.0180  0.0181  0.0180  0.0179  0.0178  0.0178
  0.0192  0.0189  0.0185  0.0195  0.0200  0.0182  0.0189  0.0199  0.0188  0.0188  0.0183  0.0182
  0.0211  0.0206  0.0194  0.0234  0.0248  0.0215  0.0205  0.0229  0.0200  0.0201  0.0191  0.0186
niter,ni,del,rscale     4    3    5.0000    1.2000
parameters
   -2.9751    0.2378   21.5332   -4.4165  -14.1576   -5.1046
    7.4629   -2.6504   -8.8313    3.9335    3.5738   -4.3424
eta,q 0.98235 12.00031
  0.0211  0.0210  0.0196  0.0230  0.0229  0.0204  0.0205  0.0230  0.0200  0.0204  0.0190  0.0186
  0.0192  0.0192  0.0185  0.0210  0.0208  0.0194  0.0190  0.0200  0.0187  0.0188  0.0182  0.0181
  0.0181  0.0181  0.0179  0.0191  0.0191  0.0185  0.0180  0.0183  0.0179  0.0179  0.0178  0.0177
  0.0177  0.0177  0.0177  0.0177  0.0177  0.0177  0.0177  0.0177  0.0177  0.0177  0.0177  0.0177
  0.0181  0.0180  0.0179  0.0177  0.0174  0.0171  0.0179  0.0181  0.0180  0.0180  0.0178  0.0178
  0.0192  0.0190  0.0185  0.0198  0.0197  0.0182  0.0189  0.0199  0.0187  0.0188  0.0182  0.0181
  0.0211  0.0209  0.0194  0.0238  0.0243  0.0216  0.0205  0.0229  0.0199  0.0202  0.0190  0.0186
niter,ni,del,rscale     3    3    5.0000    1.2000
parameters
   -2.9801    0.2360   21.5425   -4.3961  -14.1544   -5.1026
    7.4822   -2.6325   -8.8264    3.9327    3.5562   -4.3430
eta,q 0.98235 12.00101
  0.0211  0.0209  0.0195  0.0230  0.0230  0.0204  0.0205  0.0230  0.0200  0.0203  0.0190  0.0186
  0.0192  0.0191  0.0185  0.0209  0.0208  0.0194  0.0189  0.0200  0.0187  0.0187  0.0183  0.0181
  0.0181  0.0181  0.0179  0.0190  0.0191  0.0185  0.0180  0.0182  0.0179  0.0179  0.0178  0.0177
  0.0177  0.0177  0.0177  0.0177  0.0176  0.0176  0.0176  0.0176  0.0176  0.0176  0.0176  0.0176
  0.0180  0.0180  0.0179  0.0177  0.0174  0.0171  0.0179  0.0182  0.0179  0.0180  0.0178  0.0178
  0.0192  0.0191  0.0185  0.0199  0.0197  0.0182  0.0189  0.0199  0.0187  0.0188  0.0182  0.0181
  0.0211  0.0209  0.0195  0.0240  0.0243  0.0216  0.0205  0.0230  0.0199  0.0202  0.0190  0.0186
registration optimization eta report
parameter search radius
    2.4000    2.7600    2.7600    8.2800    9.5220    7.2000
    7.2000    7.2000    7.2000    7.2000    7.2000    7.2000
100000*second partial in parameter space
       60.       42.       24.        8.        7.        7.
        5.       10.        4.        5.        3.        2.
  0.0211  0.0209  0.0195  0.0230  0.0230  0.0204  0.0205  0.0230  0.0200  0.0203  0.0190  0.0186
  0.0192  0.0191  0.0185  0.0209  0.0208  0.0194  0.0189  0.0200  0.0187  0.0187  0.0183  0.0181
  0.0181  0.0181  0.0179  0.0190  0.0191  0.0185  0.0180  0.0182  0.0179  0.0179  0.0178  0.0177
  0.0177  0.0177  0.0177  0.0177  0.0176  0.0176  0.0176  0.0176  0.0176  0.0176  0.0176  0.0176
  0.0180  0.0180  0.0179  0.0177  0.0174  0.0171  0.0179  0.0182  0.0179  0.0180  0.0178  0.0178
  0.0192  0.0191  0.0185  0.0199  0.0197  0.0182  0.0189  0.0199  0.0187  0.0188  0.0182  0.0181
  0.0211  0.0209  0.0195  0.0240  0.0243  0.0216  0.0205  0.0230  0.0199  0.0202  0.0190  0.0186
   -2.9801    0.2360   21.5425   -4.3961  -14.1544   -5.1026
    7.4822   -2.6325   -8.8264    3.9327    3.5562   -4.3430
eta,q 0.98235 12.00101

---------------------------------------------------------------------
imgreg_4dfp /opt/freesurfer/average/711-2C_as_mni_average_305 /opt/freesurfer/average/711-2B_as_mni_average_305_mask talsrcimg_g11 none talsrcimg_to_711-2C_as_mni_average_305_t4 2311
---------------------------------------------------------------------

freesurfer imgreg_4dfp.c
/opt/freesurfer/average/711-2C_as_mni_average_305.4dfp.img
       256       256       256         1
  1.000000  1.000000  1.000000
orientation T byte_order littleendian
Reading image: /opt/freesurfer/average/711-2C_as_mni_average_305.4dfp.img
dimensions:      256       256       256
mmppix:       1.0000   -1.0000   -1.0000
center:     128.0000 -129.0000 -129.0000
/opt/freesurfer/average/711-2B_as_mni_average_305_mask.4dfp.img
       256       256       256         1
  1.000000  1.000000  1.000000
orientation T byte_order littleendian
Reading mask: /opt/freesurfer/average/711-2B_as_mni_average_305_mask.4dfp.img (2306576 pixels)
talsrcimg_g11.4dfp.img
       256       256       256         1
  1.000000  1.000000  1.000000
orientation T byte_order littleendian
Reading image: talsrcimg_g11.4dfp.img
dimensions:      256       256       256
mmppix:       1.0000   -1.0000   -1.0000
center:     128.0000 -129.0000 -129.0000
fimgreg.f
image alignment mode   2311 decimal      907 hex
parameters
   -2.9801    0.2360   21.5425   -4.3961  -14.1544   -5.1026
    7.4822   -2.6325   -8.8264    3.9327    3.5562   -4.3430
eta,q 0.98235 12.00101
niter,ni,del,rscale     5    3    5.0000    0.8000
parameters
   -2.9700    0.2701   21.5199   -3.5455  -12.8885   -4.2167
    7.5037   -2.6844   -8.6245    4.5776    3.2789   -4.4401
eta,q 0.98307 12.09417
  0.0192  0.0188  0.0182  0.0204  0.0197  0.0189  0.0186  0.0199  0.0184  0.0187  0.0176  0.0174
  0.0184  0.0182  0.0179  0.0193  0.0189  0.0183  0.0177  0.0183  0.0177  0.0178  0.0172  0.0172
  0.0178  0.0178  0.0177  0.0183  0.0181  0.0177  0.0172  0.0173  0.0172  0.0173  0.0170  0.0170
  0.0176  0.0176  0.0176  0.0176  0.0175  0.0172  0.0170  0.0170  0.0170  0.0170  0.0169  0.0169
  0.0178  0.0177  0.0177  0.0175  0.0172  0.0168  0.0171  0.0173  0.0171  0.0170  0.0170  0.0170
  0.0183  0.0181  0.0179  0.0180  0.0174  0.0171  0.0177  0.0183  0.0175  0.0173  0.0174  0.0172
  0.0192  0.0187  0.0183  0.0192  0.0184  0.0183  0.0186  0.0200  0.0182  0.0180  0.0178  0.0175
niter,ni,del,rscale     4    3    5.0000    0.7000
parameters
   -3.0539    0.0522   21.5960   -3.7036  -12.5520   -3.9253
    7.4990   -2.6554   -8.5300    4.4759    3.1219   -4.2890
eta,q 0.98321 12.11371
  0.0181  0.0176  0.0176  0.0188  0.0186  0.0183  0.0180  0.0191  0.0179  0.0179  0.0174  0.0172
  0.0174  0.0172  0.0172  0.0179  0.0179  0.0178  0.0174  0.0178  0.0173  0.0173  0.0171  0.0170
  0.0170  0.0169  0.0170  0.0172  0.0173  0.0173  0.0169  0.0171  0.0169  0.0169  0.0169  0.0169
  0.0169  0.0169  0.0169  0.0169  0.0169  0.0169  0.0168  0.0168  0.0168  0.0168  0.0168  0.0168
  0.0171  0.0171  0.0170  0.0171  0.0169  0.0167  0.0169  0.0170  0.0169  0.0169  0.0169  0.0168
  0.0177  0.0176  0.0171  0.0179  0.0173  0.0171  0.0173  0.0178  0.0172  0.0173  0.0171  0.0170
  0.0185  0.0183  0.0174  0.0193  0.0183  0.0184  0.0180  0.0191  0.0178  0.0180  0.0175  0.0172
niter,ni,del,rscale     3    3    5.0000    0.6000
parameters
   -3.0672   -0.0038   21.6026   -3.7316  -12.3924   -3.6853
    7.4929   -2.6479   -8.4635    4.4494    3.0493   -4.2794
eta,q 0.98327 12.12425
  0.0178  0.0175  0.0173  0.0183  0.0181  0.0180  0.0176  0.0185  0.0175  0.0176  0.0172  0.0170
  0.0172  0.0171  0.0170  0.0176  0.0175  0.0176  0.0172  0.0175  0.0171  0.0171  0.0169  0.0169
  0.0169  0.0169  0.0168  0.0170  0.0171  0.0171  0.0168  0.0169  0.0168  0.0168  0.0168  0.0168
  0.0168  0.0168  0.0168  0.0168  0.0168  0.0168  0.0167  0.0167  0.0167  0.0167  0.0167  0.0167
  0.0169  0.0169  0.0168  0.0169  0.0168  0.0167  0.0168  0.0169  0.0168  0.0168  0.0168  0.0168
  0.0173  0.0172  0.0170  0.0175  0.0172  0.0170  0.0171  0.0175  0.0171  0.0171  0.0170  0.0169
  0.0178  0.0176  0.0173  0.0185  0.0180  0.0180  0.0177  0.0185  0.0175  0.0176  0.0172  0.0170
niter,ni,del,rscale     2    3    5.0000    0.5000
parameters
   -3.0737   -0.0296   21.6260   -3.7327  -12.2778   -3.4576
    7.4908   -2.6523   -8.4294    4.4630    2.9878   -4.3109
eta,q 0.98332 12.13326
  0.0174  0.0172  0.0171  0.0178  0.0177  0.0177  0.0173  0.0179  0.0172  0.0173  0.0170  0.0169
  0.0170  0.0170  0.0169  0.0173  0.0172  0.0173  0.0170  0.0172  0.0169  0.0170  0.0168  0.0168
  0.0168  0.0168  0.0168  0.0169  0.0169  0.0170  0.0168  0.0168  0.0167  0.0168  0.0167  0.0167
  0.0167  0.0167  0.0167  0.0167  0.0167  0.0167  0.0167  0.0167  0.0167  0.0167  0.0167  0.0167
  0.0168  0.0168  0.0168  0.0168  0.0168  0.0166  0.0167  0.0168  0.0167  0.0167  0.0167  0.0167
  0.0171  0.0170  0.0169  0.0172  0.0170  0.0169  0.0170  0.0172  0.0169  0.0169  0.0168  0.0168
  0.0175  0.0173  0.0171  0.0179  0.0176  0.0176  0.0173  0.0179  0.0172  0.0173  0.0170  0.0169
niter,ni,del,rscale     1    3    5.0000    0.4000
parameters
   -3.0817   -0.0469   21.6564   -3.7329  -12.1756   -3.2580
    7.4984   -2.6601   -8.3950    4.4759    2.9219   -4.3566
eta,q 0.98335 12.14097
  0.0171  0.0170  0.0169  0.0174  0.0173  0.0174  0.0171  0.0175  0.0170  0.0171  0.0169  0.0168
  0.0169  0.0168  0.0168  0.0170  0.0170  0.0171  0.0168  0.0170  0.0168  0.0168  0.0167  0.0167
  0.0167  0.0167  0.0167  0.0168  0.0168  0.0169  0.0167  0.0167  0.0167  0.0167  0.0167  0.0167
  0.0167  0.0167  0.0167  0.0167  0.0167  0.0167  0.0167  0.0167  0.0167  0.0167  0.0167  0.0166
  0.0167  0.0167  0.0167  0.0167  0.0167  0.0166  0.0167  0.0167  0.0167  0.0167  0.0167  0.0167
  0.0169  0.0168  0.0168  0.0170  0.0169  0.0168  0.0168  0.0170  0.0168  0.0168  0.0168  0.0167
  0.0172  0.0171  0.0169  0.0174  0.0173  0.0173  0.0171  0.0175  0.0170  0.0171  0.0169  0.0168
registration optimization eta report
parameter search radius
    0.8000    0.8000    0.8000    2.4000    2.4000    2.4000
    2.4000    2.4000    2.4000    2.4000    2.4000    2.4000
100000*second partial in parameter space
       74.       56.       37.       13.       11.       11.
        7.       14.        6.        7.        4.        3.
  0.0171  0.0170  0.0169  0.0174  0.0173  0.0174  0.0171  0.0175  0.0170  0.0171  0.0169  0.0168
  0.0169  0.0168  0.0168  0.0170  0.0170  0.0171  0.0168  0.0170  0.0168  0.0168  0.0167  0.0167
  0.0167  0.0167  0.0167  0.0168  0.0168  0.0169  0.0167  0.0167  0.0167  0.0167  0.0167  0.0167
  0.0167  0.0167  0.0167  0.0167  0.0167  0.0167  0.0167  0.0167  0.0167  0.0167  0.0167  0.0166
  0.0167  0.0167  0.0167  0.0167  0.0167  0.0166  0.0167  0.0167  0.0167  0.0167  0.0167  0.0167
  0.0169  0.0168  0.0168  0.0170  0.0169  0.0168  0.0168  0.0170  0.0168  0.0168  0.0168  0.0167
  0.0172  0.0171  0.0169  0.0174  0.0173  0.0173  0.0171  0.0175  0.0170  0.0171  0.0169  0.0168
   -3.0817   -0.0469   21.6564   -3.7329  -12.1756   -3.2580
    7.4984   -2.6601   -8.3950    4.4759    2.9219   -4.3566
eta,q 0.98335 12.14097

---------------------------------------------------------------------
imgreg_4dfp /opt/freesurfer/average/711-2C_as_mni_average_305 /opt/freesurfer/average/711-2B_as_mni_average_305_mask talsrcimg_g11 none talsrcimg_to_711-2C_as_mni_average_305_t4 2311
---------------------------------------------------------------------

freesurfer imgreg_4dfp.c
/opt/freesurfer/average/711-2C_as_mni_average_305.4dfp.img
       256       256       256         1
  1.000000  1.000000  1.000000
orientation T byte_order littleendian
Reading image: /opt/freesurfer/average/711-2C_as_mni_average_305.4dfp.img
dimensions:      256       256       256
mmppix:       1.0000   -1.0000   -1.0000
center:     128.0000 -129.0000 -129.0000
/opt/freesurfer/average/711-2B_as_mni_average_305_mask.4dfp.img
       256       256       256         1
  1.000000  1.000000  1.000000
orientation T byte_order littleendian
Reading mask: /opt/freesurfer/average/711-2B_as_mni_average_305_mask.4dfp.img (2306576 pixels)
talsrcimg_g11.4dfp.img
       256       256       256         1
  1.000000  1.000000  1.000000
orientation T byte_order littleendian
Reading image: talsrcimg_g11.4dfp.img
dimensions:      256       256       256
mmppix:       1.0000   -1.0000   -1.0000
center:     128.0000 -129.0000 -129.0000
fimgreg.f
image alignment mode   2311 decimal      907 hex
parameters
   -3.0817   -0.0469   21.6564   -3.7329  -12.1756   -3.2580
    7.4984   -2.6601   -8.3950    4.4759    2.9219   -4.3566
eta,q 0.98335 12.14097
niter,ni,del,rscale     5    3    5.0000    0.8000
parameters
   -3.0952   -0.0885   21.7245   -4.0884  -12.5500   -3.8789
    7.4419   -2.6079   -8.4654    4.2106    3.0630   -4.1260
eta,q 0.98316 12.10989
  0.0185  0.0180  0.0177  0.0189  0.0184  0.0183  0.0183  0.0197  0.0181  0.0181  0.0177  0.0174
  0.0175  0.0173  0.0171  0.0178  0.0177  0.0177  0.0175  0.0181  0.0174  0.0174  0.0172  0.0171
  0.0169  0.0168  0.0168  0.0170  0.0170  0.0172  0.0170  0.0172  0.0170  0.0170  0.0169  0.0169
  0.0166  0.0166  0.0166  0.0166  0.0167  0.0167  0.0168  0.0168  0.0168  0.0168  0.0168  0.0168
  0.0169  0.0168  0.0167  0.0170  0.0169  0.0169  0.0170  0.0171  0.0170  0.0170  0.0169  0.0169
  0.0175  0.0173  0.0170  0.0181  0.0178  0.0180  0.0176  0.0180  0.0175  0.0176  0.0172  0.0171
  0.0186  0.0182  0.0175  0.0200  0.0195  0.0203  0.0184  0.0196  0.0181  0.0184  0.0176  0.0173
niter,ni,del,rscale     4    3    5.0000    0.7000
parameters
   -3.0517   -0.0152   21.5765   -3.8637  -12.5228   -3.9127
    7.4479   -2.6156   -8.4714    4.3312    3.1350   -4.2136
eta,q 0.98320 12.11170
  0.0183  0.0180  0.0173  0.0189  0.0184  0.0182  0.0180  0.0191  0.0178  0.0180  0.0175  0.0172
  0.0175  0.0174  0.0170  0.0180  0.0177  0.0177  0.0174  0.0178  0.0173  0.0174  0.0171  0.0170
  0.0170  0.0170  0.0169  0.0172  0.0171  0.0172  0.0170  0.0171  0.0169  0.0170  0.0169  0.0168
  0.0168  0.0168  0.0168  0.0168  0.0168  0.0168  0.0168  0.0168  0.0168  0.0168  0.0168  0.0168
  0.0170  0.0169  0.0170  0.0169  0.0169  0.0167  0.0169  0.0170  0.0169  0.0169  0.0169  0.0169
  0.0174  0.0172  0.0172  0.0175  0.0174  0.0173  0.0173  0.0178  0.0173  0.0172  0.0171  0.0170
  0.0181  0.0178  0.0176  0.0187  0.0186  0.0187  0.0180  0.0191  0.0178  0.0179  0.0174  0.0172
niter,ni,del,rscale     3    3    5.0000    0.6000
parameters
   -3.0518   -0.0141   21.5874   -3.7566  -12.3921   -3.6962
    7.4671   -2.6430   -8.4602    4.4283    3.0724   -4.2581
eta,q 0.98327 12.12329
  0.0178  0.0176  0.0173  0.0184  0.0181  0.0180  0.0177  0.0185  0.0175  0.0176  0.0172  0.0170
  0.0173  0.0172  0.0170  0.0176  0.0175  0.0175  0.0172  0.0175  0.0171  0.0172  0.0169  0.0169
  0.0169  0.0169  0.0168  0.0171  0.0171  0.0171  0.0168  0.0169  0.0168  0.0169  0.0168  0.0168
  0.0168  0.0168  0.0168  0.0168  0.0168  0.0168  0.0167  0.0167  0.0167  0.0167  0.0167  0.0167
  0.0169  0.0169  0.0169  0.0169  0.0168  0.0167  0.0168  0.0169  0.0168  0.0168  0.0168  0.0168
  0.0173  0.0171  0.0170  0.0174  0.0172  0.0170  0.0171  0.0175  0.0171  0.0171  0.0170  0.0169
  0.0178  0.0176  0.0173  0.0183  0.0180  0.0180  0.0177  0.0185  0.0175  0.0175  0.0172  0.0171
niter,ni,del,rscale     2    3    5.0000    0.5000
parameters
   -3.0679   -0.0318   21.6201   -3.7327  -12.2728   -3.4671
    7.4806   -2.6552   -8.4320    4.4601    3.0017   -4.3025
eta,q 0.98332 12.13307
  0.0174  0.0173  0.0171  0.0178  0.0177  0.0177  0.0173  0.0179  0.0172  0.0173  0.0170  0.0169
  0.0170  0.0170  0.0169  0.0173  0.0172  0.0173  0.0170  0.0172  0.0169  0.0170  0.0168  0.0168
  0.0168  0.0168  0.0168  0.0169  0.0169  0.0170  0.0168  0.0168  0.0167  0.0168  0.0167  0.0167
  0.0167  0.0167  0.0167  0.0167  0.0167  0.0167  0.0167  0.0167  0.0167  0.0167  0.0167  0.0167
  0.0168  0.0168  0.0168  0.0168  0.0168  0.0166  0.0167  0.0168  0.0167  0.0167  0.0167  0.0167
  0.0171  0.0170  0.0169  0.0172  0.0170  0.0169  0.0170  0.0172  0.0169  0.0169  0.0169  0.0168
  0.0175  0.0173  0.0171  0.0179  0.0176  0.0176  0.0173  0.0180  0.0172  0.0173  0.0171  0.0169
niter,ni,del,rscale     1    3    5.0000    0.4000
parameters
   -3.0805   -0.0468   21.6519   -3.7337  -12.1798   -3.2564
    7.4957   -2.6619   -8.4059    4.4735    2.9298   -4.3608
eta,q 0.98335 12.14071
  0.0171  0.0170  0.0169  0.0174  0.0173  0.0174  0.0171  0.0175  0.0170  0.0171  0.0169  0.0168
  0.0169  0.0168  0.0168  0.0170  0.0170  0.0171  0.0168  0.0170  0.0168  0.0168  0.0167  0.0167
  0.0167  0.0167  0.0167  0.0168  0.0168  0.0169  0.0167  0.0167  0.0167  0.0167  0.0167  0.0167
  0.0167  0.0167  0.0167  0.0167  0.0167  0.0167  0.0167  0.0167  0.0167  0.0167  0.0167  0.0166
  0.0167  0.0167  0.0167  0.0167  0.0167  0.0166  0.0167  0.0167  0.0167  0.0167  0.0167  0.0167
  0.0169  0.0168  0.0168  0.0170  0.0169  0.0168  0.0168  0.0170  0.0168  0.0168  0.0168  0.0167
  0.0172  0.0171  0.0169  0.0174  0.0173  0.0173  0.0171  0.0175  0.0170  0.0171  0.0169  0.0168
registration optimization eta report
parameter search radius
    0.8000    0.8000    0.8000    2.4000    2.4000    2.4000
    2.4000    2.4000    2.4000    2.4000    2.4000    2.4000
100000*second partial in parameter space
       74.       56.       37.       13.       11.       11.
        7.       14.        6.        7.        4.        3.
  0.0171  0.0170  0.0169  0.0174  0.0173  0.0174  0.0171  0.0175  0.0170  0.0171  0.0169  0.0168
  0.0169  0.0168  0.0168  0.0170  0.0170  0.0171  0.0168  0.0170  0.0168  0.0168  0.0167  0.0167
  0.0167  0.0167  0.0167  0.0168  0.0168  0.0169  0.0167  0.0167  0.0167  0.0167  0.0167  0.0167
  0.0167  0.0167  0.0167  0.0167  0.0167  0.0167  0.0167  0.0167  0.0167  0.0167  0.0167  0.0166
  0.0167  0.0167  0.0167  0.0167  0.0167  0.0166  0.0167  0.0167  0.0167  0.0167  0.0167  0.0167
  0.0169  0.0168  0.0168  0.0170  0.0169  0.0168  0.0168  0.0170  0.0168  0.0168  0.0168  0.0167
  0.0172  0.0171  0.0169  0.0174  0.0173  0.0173  0.0171  0.0175  0.0170  0.0171  0.0169  0.0168
   -3.0805   -0.0468   21.6519   -3.7337  -12.1798   -3.2564
    7.4957   -2.6619   -8.4059    4.4735    2.9298   -4.3608
eta,q 0.98335 12.14071

---------------------------------------------------------------------
compute_vox2vox talsrcimg talsrcimg_to_711-2C_as_mni_average_305_t4 /opt/freesurfer/average/711-2C_as_mni_average_305
---------------------------------------------------------------------

freesurfer compute_vox2vox.c
Reading: talsrcimg.4dfp.ifh
Reading: talsrcimg_to_711-2C_as_mni_average_305_t4
Reading: /opt/freesurfer/average/711-2C_as_mni_average_305.4dfp.ifh
Writing: talsrcimg_to_711-2C_as_mni_average_305_t4_vox2vox.txt

start time Wed Mar 11 11:45:38 CET 2026
end		time Wed Mar 11 11:47:10 CET 2026

mpr2mni305 success

avi2talxfm orig_nu.mgz /opt/freesurfer/average/mni305.cor.mgz talsrcimg_to_711-2C_as_mni_average_305_t4_vox2vox.txt transforms/talairach.auto.xfm
avi2talxfm done
mv -f /out/sourcedata/freesurfer/sub-v2s16x51300_ses-1/mri/talsrcimg_to_711-2C_as_mni_average_305_t4_vox2vox.txt /out/sourcedata/freesurfer/sub-v2s16x51300_ses-1/mri/transforms/talsrcimg_to_711-2C_as_mni_average_305_t4_vox2vox.txt
lta_convert --src orig_nu.mgz --trg /opt/freesurfer/average/mni305.cor.mgz --inxfm transforms/talairach.auto.xfm --outlta transforms/talairach.auto.xfm.lta --subject fsaverage
7.3.2

--src: orig_nu.mgz src image (geometry).
--trg: /opt/freesurfer/average/mni305.cor.mgz trg image (geometry).
--inmni: transforms/talairach.auto.xfm input MNI/XFM transform.
--outlta: transforms/talairach.auto.xfm.lta output LTA.
--s: fsaverage subject name
 LTA read, type : 1
 1.03026   0.03234  -0.08633   2.05544;
-0.02669   1.03045   0.05345  -23.45755;
 0.09997  -0.04939   1.12770   13.43483;
 0.00000   0.00000   0.00000   1.00000;
setting subject to fsaverage
Writing  LTA to file transforms/talairach.auto.xfm.lta...
lta_convert successful.
 
 
Started at Wed Mar 11 11:45:38 CET 2026
Ended   at Wed Mar 11 11:47:10 CET 2026
talairach_avi done
