status file for recon-all
Wed Mar 11 11:23:54 CET 2026
#@# MotionCor Wed Mar 11 11:23:57 CET 2026
#@# Talairach Wed Mar 11 11:24:04 CET 2026
#@# Talairach Failure Detection Wed Mar 11 11:28:27 CET 2026
#@# Nu Intensity Correction Wed Mar 11 11:28:27 CET 2026
#@# Intensity Normalization Wed Mar 11 11:31:43 CET 2026
recon-all -s sub-v2s16x51294_ses-1 finished without error at Wed Mar 11 11:33:08 CET 2026



#New# invocation of recon-all 



status file for recon-all
Wed Mar 11 11:39:30 CET 2026
#@# EM Registration Wed Mar 11 11:39:31 CET 2026
recon-all -s sub-v2s16x51294_ses-1 finished without error at Wed Mar 11 11:41:03 CET 2026



#New# invocation of recon-all 



status file for recon-all
Wed Mar 11 11:41:06 CET 2026
#@# CA Normalize Wed Mar 11 11:41:06 CET 2026
#@# CA Reg Wed Mar 11 11:42:27 CET 2026
#@# SubCort Seg Wed Mar 11 12:30:32 CET 2026
#@# CC Seg Wed Mar 11 13:00:42 CET 2026
#@# Merge ASeg Wed Mar 11 13:01:27 CET 2026
#@# Intensity Normalization2 Wed Mar 11 13:01:27 CET 2026
#@# Mask BFS Wed Mar 11 13:03:43 CET 2026
#@# WM Segmentation Wed Mar 11 13:03:44 CET 2026
#@# Fill Wed Mar 11 13:05:38 CET 2026
recon-all -s sub-v2s16x51294_ses-1 finished without error at Wed Mar 11 13:06:41 CET 2026



#New# invocation of recon-all 



status file for recon-all
Wed Mar 11 13:56:01 CET 2026
#@# white curv lh Wed Mar 11 13:56:01 CET 2026
#@# white area lh Wed Mar 11 13:56:01 CET 2026
#@# pial curv lh Wed Mar 11 13:56:01 CET 2026
#@# pial area lh Wed Mar 11 13:56:01 CET 2026
#@# thickness lh Wed Mar 11 13:56:01 CET 2026
#@# area and vertex vol lh Wed Mar 11 13:56:01 CET 2026
#@# white curv rh Wed Mar 11 13:56:01 CET 2026
#@# white area rh Wed Mar 11 13:56:01 CET 2026
#@# pial curv rh Wed Mar 11 13:56:01 CET 2026
#@# pial area rh Wed Mar 11 13:56:01 CET 2026
#@# thickness rh Wed Mar 11 13:56:01 CET 2026
#@# area and vertex vol rh Wed Mar 11 13:56:01 CET 2026
#@# Cortical ribbon mask Wed Mar 11 13:56:01 CET 2026
recon-all -s sub-v2s16x51294_ses-1 finished without error at Wed Mar 11 14:04:12 CET 2026



#New# invocation of recon-all 



status file for recon-all
Wed Mar 11 14:12:03 CET 2026
#@# white curv lh Wed Mar 11 14:12:03 CET 2026
#@# white area lh Wed Mar 11 14:12:03 CET 2026
#@# pial curv lh Wed Mar 11 14:12:03 CET 2026
#@# pial area lh Wed Mar 11 14:12:03 CET 2026
#@# thickness lh Wed Mar 11 14:12:03 CET 2026
#@# area and vertex vol lh Wed Mar 11 14:12:03 CET 2026
#@# white curv rh Wed Mar 11 14:12:03 CET 2026
#@# white area rh Wed Mar 11 14:12:03 CET 2026
#@# pial curv rh Wed Mar 11 14:12:03 CET 2026
#@# pial area rh Wed Mar 11 14:12:03 CET 2026
#@# thickness rh Wed Mar 11 14:12:03 CET 2026
#@# area and vertex vol rh Wed Mar 11 14:12:03 CET 2026
#@# Curvature Stats lh Wed Mar 11 14:12:03 CET 2026
#@# Curvature Stats rh Wed Mar 11 14:12:06 CET 2026
#@# Relabel Hypointensities Wed Mar 11 14:12:09 CET 2026
#@# APas-to-ASeg Wed Mar 11 14:12:26 CET 2026
#@# AParc-to-ASeg aparc Wed Mar 11 14:12:36 CET 2026
#@# AParc-to-ASeg aparc.a2009s Wed Mar 11 14:13:44 CET 2026
#@# AParc-to-ASeg aparc.DKTatlas Wed Mar 11 14:14:56 CET 2026
#@# WMParc Wed Mar 11 14:15:47 CET 2026
#@# ASeg Stats Wed Mar 11 14:19:55 CET 2026
recon-all -s sub-v2s16x51294_ses-1 finished without error at Wed Mar 11 14:20:32 CET 2026
