status file for recon-all
Wed Mar 11 11:42:32 CET 2026
#@# MotionCor Wed Mar 11 11:42:35 CET 2026
#@# Talairach Wed Mar 11 11:42:43 CET 2026
#@# Talairach Failure Detection Wed Mar 11 11:47:12 CET 2026
#@# Nu Intensity Correction Wed Mar 11 11:47:12 CET 2026
#@# Intensity Normalization Wed Mar 11 11:50:28 CET 2026
recon-all -s sub-v2s16x51300_ses-1 finished without error at Wed Mar 11 11:52:01 CET 2026



#New# invocation of recon-all 



status file for recon-all
Wed Mar 11 11:58:14 CET 2026
#@# EM Registration Wed Mar 11 11:58:14 CET 2026
recon-all -s sub-v2s16x51300_ses-1 finished without error at Wed Mar 11 12:00:27 CET 2026



#New# invocation of recon-all 



status file for recon-all
Wed Mar 11 12:00:30 CET 2026
#@# CA Normalize Wed Mar 11 12:00:30 CET 2026
#@# CA Reg Wed Mar 11 12:01:50 CET 2026
#@# SubCort Seg Wed Mar 11 12:47:45 CET 2026
#@# CC Seg Wed Mar 11 13:15:26 CET 2026
#@# Merge ASeg Wed Mar 11 13:16:02 CET 2026
#@# Intensity Normalization2 Wed Mar 11 13:16:02 CET 2026
#@# Mask BFS Wed Mar 11 13:18:11 CET 2026
#@# WM Segmentation Wed Mar 11 13:18:12 CET 2026
#@# Fill Wed Mar 11 13:20:06 CET 2026
recon-all -s sub-v2s16x51300_ses-1 finished without error at Wed Mar 11 13:21:08 CET 2026



#New# invocation of recon-all 



status file for recon-all
Wed Mar 11 13:56:05 CET 2026
#@# white curv lh Wed Mar 11 13:56:05 CET 2026
#@# white area lh Wed Mar 11 13:56:05 CET 2026
#@# pial curv lh Wed Mar 11 13:56:05 CET 2026
#@# pial area lh Wed Mar 11 13:56:05 CET 2026
#@# thickness lh Wed Mar 11 13:56:05 CET 2026
#@# area and vertex vol lh Wed Mar 11 13:56:05 CET 2026
#@# white curv rh Wed Mar 11 13:56:05 CET 2026
#@# white area rh Wed Mar 11 13:56:05 CET 2026
#@# pial curv rh Wed Mar 11 13:56:05 CET 2026
#@# pial area rh Wed Mar 11 13:56:05 CET 2026
#@# thickness rh Wed Mar 11 13:56:05 CET 2026
#@# area and vertex vol rh Wed Mar 11 13:56:05 CET 2026
#@# Cortical ribbon mask Wed Mar 11 13:56:05 CET 2026
recon-all -s sub-v2s16x51300_ses-1 finished without error at Wed Mar 11 13:59:30 CET 2026



#New# invocation of recon-all 



status file for recon-all
Wed Mar 11 14:05:20 CET 2026
#@# white curv lh Wed Mar 11 14:05:20 CET 2026
#@# white area lh Wed Mar 11 14:05:20 CET 2026
#@# pial curv lh Wed Mar 11 14:05:20 CET 2026
#@# pial area lh Wed Mar 11 14:05:20 CET 2026
#@# thickness lh Wed Mar 11 14:05:20 CET 2026
#@# area and vertex vol lh Wed Mar 11 14:05:20 CET 2026
#@# white curv rh Wed Mar 11 14:05:20 CET 2026
#@# white area rh Wed Mar 11 14:05:21 CET 2026
#@# pial curv rh Wed Mar 11 14:05:21 CET 2026
#@# pial area rh Wed Mar 11 14:05:21 CET 2026
#@# thickness rh Wed Mar 11 14:05:21 CET 2026
#@# area and vertex vol rh Wed Mar 11 14:05:21 CET 2026
#@# Curvature Stats lh Wed Mar 11 14:05:21 CET 2026
#@# Curvature Stats rh Wed Mar 11 14:05:23 CET 2026
#@# Relabel Hypointensities Wed Mar 11 14:05:25 CET 2026
#@# APas-to-ASeg Wed Mar 11 14:05:39 CET 2026
#@# AParc-to-ASeg aparc Wed Mar 11 14:05:46 CET 2026
#@# AParc-to-ASeg aparc.a2009s Wed Mar 11 14:06:18 CET 2026
#@# AParc-to-ASeg aparc.DKTatlas Wed Mar 11 14:06:52 CET 2026
#@# WMParc Wed Mar 11 14:07:25 CET 2026
#@# ASeg Stats Wed Mar 11 14:10:58 CET 2026
recon-all -s sub-v2s16x51300_ses-1 finished without error at Wed Mar 11 14:11:29 CET 2026
