/out/sourcedata/freesurfer/sub-v2s16x51246_ses-1/mri
/opt/freesurfer/bin/talairach_avi
--i orig_nu.mgz --xfm transforms/talairach.auto.xfm
talairach_avi 7.3.2
Linux dna043 5.14.0-427.37.1.el9_4.x86_64 #1 SMP PREEMPT_DYNAMIC Fri Sep 13 12:41:50 EDT 2024 x86_64 x86_64 x86_64 GNU/Linux
Wed Mar 11 10:50:24 CET 2026
mri_convert orig_nu.mgz talsrcimg.img 
reading from orig_nu.mgz...
TR=0.00, TE=0.00, TI=0.00, flip angle=0.00
i_ras = (-1, 0, 0)
j_ras = (0, 0, -1)
k_ras = (0, 1, 0)
writing to talsrcimg.img...
Analyze Output Matrix
-1.00000   0.00000   0.00000   125.91175;
 0.00000   0.00000   1.00000  -112.63001;
 0.00000  -1.00000   0.00000   144.00162;
 0.00000   0.00000   0.00000   1.00000;
--------------------
INFO: set hdr.hist.orient to -1
mpr2mni305 talsrcimg
Wed Mar 11 10:50:24 CET 2026
/opt/freesurfer/bin/mpr2mni305 talsrcimg
mpr2mni305 7.3.2
target=711-2C_as_mni_average_305

---------------------------------------------------------------------
analyzeto4dfp talsrcimg -O0 -y
---------------------------------------------------------------------

freesurfer ifh2hdr.c
Wed Mar 11 10:50:25 2026
Writing: talsrcimg.4dfp.hdr
freesurfer analyzeto4dfp.c
Reading: talsrcimg.hdr
header size 348 bytes
hdr.dime.datatype	offset=70	value=2
hdr.dime.bitpix		offset=72	value=8
hdr.hist.orient		offset=252	value=-1
dimensionality     4
dimensions       256       256       256         1
Reading: talsrcimg.img
Writing: talsrcimg.4dfp.img
Writing: talsrcimg.4dfp.ifh
ifh2hdr talsrcimg -r0to192
ori=2

---------------------------------------------------------------------
gauss_4dfp talsrcimg 1.1
---------------------------------------------------------------------

freesurfer gauss_4dfp.c
Reading: talsrcimg.4dfp.img
Writing: talsrcimg_g11.4dfp.img
image dimensions 256 256 256 padded to 288 288 288
processing volume 1freesurfer ifh2hdr.c
Wed Mar 11 10:50:26 2026
Writing: talsrcimg_g11.4dfp.hdr

Writing: talsrcimg_g11.4dfp.ifh
including: talsrcimg.4dfp.img.rec in talsrcimg_g11.4dfp.img.rec

---------------------------------------------------------------------
imgreg_4dfp /opt/freesurfer/average/711-2C_as_mni_average_305 none talsrcimg_g11 none talsrcimg_to_711-2C_as_mni_average_305_t4 4355
---------------------------------------------------------------------

freesurfer imgreg_4dfp.c
/opt/freesurfer/average/711-2C_as_mni_average_305.4dfp.img
       256       256       256         1
  1.000000  1.000000  1.000000
orientation T byte_order littleendian
Reading image: /opt/freesurfer/average/711-2C_as_mni_average_305.4dfp.img
dimensions:      256       256       256
mmppix:       1.0000   -1.0000   -1.0000
center:     128.0000 -129.0000 -129.0000
talsrcimg_g11.4dfp.img
       256       256       256         1
  1.000000  1.000000  1.000000
orientation T byte_order littleendian
Reading image: talsrcimg_g11.4dfp.img
dimensions:      256       256       256
mmppix:       1.0000   -1.0000   -1.0000
center:     128.0000 -129.0000 -129.0000
t4_read: open error in t4_sub.f l:  41 t4_file(1:l)talsrcimg_to_711-2C_as_mni_average_305_t4 
t4_read: transform initialized to I4
rotation matrix determinant  1.000000
image alignment mode   4355 decimal     1103 hex
   -7.5000  -45.0000  -45.0000 6825.0605   20.3008
    0.0000  -45.0000  -45.0000 7147.9092   20.2666
    7.5000  -45.0000  -45.0000 6895.5117   20.2641
   -7.5000  -37.5000  -45.0000 7416.5122   19.9274
    0.0000  -37.5000  -45.0000 7787.4292   19.8916
    7.5000  -37.5000  -45.0000 7503.3901   19.8892
   -7.5000  -30.0000  -45.0000 8298.8750   19.7781
    0.0000  -30.0000  -45.0000 8713.1846   19.7411
    7.5000  -30.0000  -45.0000 8394.6973   19.7423
   -7.5000  -22.5000  -45.0000 9239.4102   19.7763
    0.0000  -22.5000  -45.0000 9694.8818   19.7408
    7.5000  -22.5000  -45.0000 9339.5557   19.7434
   -7.5000  -15.0000  -45.000010147.6963   19.8002
    0.0000  -15.0000  -45.000010640.5547   19.7675
    7.5000  -15.0000  -45.000010258.0264   19.7679
   -7.5000   -7.5000  -45.000010958.5371   19.7973
    0.0000   -7.5000  -45.000011499.8027   19.7658
    7.5000   -7.5000  -45.000011073.8232   19.7648
   -7.5000    0.0000  -45.000011658.1357   19.7741
    0.0000    0.0000  -45.000012259.1562   19.7412
    7.5000    0.0000  -45.000011797.7666   19.7387
   -7.5000    7.5000  -45.000011488.8076   19.7538
    0.0000    7.5000  -45.000012096.0742   19.7185
    7.5000    7.5000  -45.000011659.2217   19.7158
   -7.5000   15.0000  -45.000011272.2930   19.7532
    0.0000   15.0000  -45.000011826.7178   19.7164
    7.5000   15.0000  -45.000011402.8926   19.7174
   -7.5000   22.5000  -45.000011008.0371   19.7736
    0.0000   22.5000  -45.000011568.8945   19.7381
    7.5000   22.5000  -45.000011141.1182   19.7407
   -7.5000   30.0000  -45.000010690.1348   19.5364
    0.0000   30.0000  -45.000011239.7002   19.5040
    7.5000   30.0000  -45.000010813.6289   19.5045
   -7.5000   37.5000  -45.000010513.9004   19.5335
    0.0000   37.5000  -45.000011049.4258   19.5024
    7.5000   37.5000  -45.000010617.5811   19.5015
   -7.5000   45.0000  -45.0000 9667.4092   19.0152
    0.0000   45.0000  -45.000010153.0352   18.9836
    7.5000   45.0000  -45.0000 9763.9785   18.9812
   -7.5000  -45.0000  -37.5000 7189.8628   20.1419
    0.0000  -45.0000  -37.5000 7550.3623   20.1165
    7.5000  -45.0000  -37.5000 7289.8335   20.1231
   -7.5000  -37.5000  -37.5000 7844.3799   19.7849
    0.0000  -37.5000  -37.5000 8243.7021   19.7576
    7.5000  -37.5000  -37.5000 7939.3174   19.7626
   -7.5000  -30.0000  -37.5000 8826.9561   19.6537
    0.0000  -30.0000  -37.5000 9275.7344   19.6196
    7.5000  -30.0000  -37.5000 8918.3955   19.6235
   -7.5000  -22.5000  -37.5000 9827.2109   19.6570
    0.0000  -22.5000  -37.500010324.1553   19.6186
    7.5000  -22.5000  -37.5000 9935.9004   19.6214
   -7.5000  -15.0000  -37.500010788.0820   19.6703
    0.0000  -15.0000  -37.500011317.1543   19.6346
    7.5000  -15.0000  -37.500010903.4033   19.6371
   -7.5000   -7.5000  -37.500011655.0859   19.6511
    0.0000   -7.5000  -37.500012239.4795   19.6223
    7.5000   -7.5000  -37.500011763.8994   19.6275
   -7.5000    0.0000  -37.500012385.9189   19.6212
    0.0000    0.0000  -37.500013020.0557   19.5968
    7.5000    0.0000  -37.500012532.9287   19.6029
   -7.5000    7.5000  -37.500012184.0215   19.6125
    0.0000    7.5000  -37.500012825.9775   19.5855
    7.5000    7.5000  -37.500012376.1582   19.5900
   -7.5000   15.0000  -37.500011922.6592   19.6290
    0.0000   15.0000  -37.500012536.1953   19.5950
    7.5000   15.0000  -37.500012084.7393   19.5989
   -7.5000   22.5000  -37.500011603.3467   19.6543
    0.0000   22.5000  -37.500012240.0068   19.6159
    7.5000   22.5000  -37.500011771.6338   19.6187
   -7.5000   30.0000  -37.500011251.6699   19.4081
    0.0000   30.0000  -37.500011874.2451   19.3729
    7.5000   30.0000  -37.500011409.1816   19.3754
   -7.5000   37.5000  -37.500011036.7383   19.3892
    0.0000   37.5000  -37.500011604.0068   19.3608
    7.5000   37.5000  -37.500011179.6533   19.3660
   -7.5000   45.0000  -37.500010143.3184   18.8682
    0.0000   45.0000  -37.500010628.4795   18.8447
    7.5000   45.0000  -37.500010253.5742   18.8506
   -7.5000  -45.0000  -30.0000 7732.8589   21.0224
    0.0000  -45.0000  -30.0000 8118.3545   20.9953
    7.5000  -45.0000  -30.0000 7828.8779   20.9975
   -7.5000  -37.5000  -30.0000 8468.2725   20.6404
    0.0000  -37.5000  -30.0000 8901.9834   20.6153
    7.5000  -37.5000  -30.0000 8561.4375   20.6143
   -7.5000  -30.0000  -30.0000 9545.5742   20.5015
    0.0000  -30.0000  -30.000010037.5322   20.4685
    7.5000  -30.0000  -30.0000 9645.0879   20.4661
   -7.5000  -22.5000  -30.000010601.5986   20.5139
    0.0000  -22.5000  -30.000011155.7207   20.4719
    7.5000  -22.5000  -30.000010727.6846   20.4698
   -7.5000  -15.0000  -30.000011612.4160   20.5376
    0.0000  -15.0000  -30.000012215.3643   20.4947
    7.5000  -15.0000  -30.000011744.8682   20.4952
   -7.5000   -7.5000  -30.000012524.6406   20.5173
    0.0000   -7.5000  -30.000013166.0146   20.4827
    7.5000   -7.5000  -30.000012653.9062   20.4859
   -7.5000    0.0000  -30.000013326.7734   20.4780
    0.0000    0.0000  -30.000014020.2051   20.4521
    7.5000    0.0000  -30.000013497.5674   20.4541
   -7.5000    7.5000  -30.000013130.9492   20.4601
    0.0000    7.5000  -30.000013832.6533   20.4352
    7.5000    7.5000  -30.000013348.5840   20.4339
   -7.5000   15.0000  -30.000012784.6162   20.4756
    0.0000   15.0000  -30.000013483.7119   20.4428
    7.5000   15.0000  -30.000013007.5029   20.4403
   -7.5000   22.5000  -30.000012404.0293   20.5089
    0.0000   22.5000  -30.000013085.7666   20.4669
    7.5000   22.5000  -30.000012604.0664   20.4649
   -7.5000   30.0000  -30.000011982.7949   20.2658
    0.0000   30.0000  -30.000012659.2090   20.2235
    7.5000   30.0000  -30.000012180.7178   20.2240
   -7.5000   37.5000  -30.000011738.7793   20.2458
    0.0000   37.5000  -30.000012382.3418   20.2116
    7.5000   37.5000  -30.000011934.5293   20.2148
   -7.5000   45.0000  -30.000010800.1396   19.7065
    0.0000   45.0000  -30.000011357.3223   19.6816
    7.5000   45.0000  -30.000010956.1318   19.6835
   -7.5000  -45.0000  -22.5000 8305.4307   21.8016
    0.0000  -45.0000  -22.5000 8731.1221   21.7638
    7.5000  -45.0000  -22.5000 8395.6455   21.7498
   -7.5000  -37.5000  -22.5000 9085.9961   21.3770
    0.0000  -37.5000  -22.5000 9579.3555   21.3470
    7.5000  -37.5000  -22.5000 9199.1650   21.3320
   -7.5000  -30.0000  -22.500010220.8350   21.2091
    0.0000  -30.0000  -22.500010772.3232   21.1772
    7.5000  -30.0000  -22.500010349.6738   21.1658
   -7.5000  -22.5000  -22.500011345.0400   21.2277
    0.0000  -22.5000  -22.500011947.5732   21.1867
    7.5000  -22.5000  -22.500011480.7070   21.1794
   -7.5000  -15.0000  -22.500012415.2881   21.2782
    0.0000  -15.0000  -22.500013077.3643   21.2313
    7.5000  -15.0000  -22.500012553.3135   21.2255
   -7.5000   -7.5000  -22.500013371.9746   21.2777
    0.0000   -7.5000  -22.500014087.0518   21.2336
    7.5000   -7.5000  -22.500013536.0215   21.2254
   -7.5000    0.0000  -22.500014227.3906   21.2347
    0.0000    0.0000  -22.500014996.0156   21.1986
    7.5000    0.0000  -22.500014440.7510   21.1854
   -7.5000    7.5000  -22.500014014.7100   21.1900
    0.0000    7.5000  -22.500014819.0518   21.1603
    7.5000    7.5000  -22.500014282.1816   21.1453
   -7.5000   15.0000  -22.500013625.7080   21.1824
    0.0000   15.0000  -22.500014409.2012   21.1506
    7.5000   15.0000  -22.500013910.2168   21.1392
   -7.5000   22.5000  -22.500013212.9854   21.2212
    0.0000   22.5000  -22.500013987.0059   21.1802
    7.5000   22.5000  -22.500013492.9854   21.1728
   -7.5000   30.0000  -22.500012733.4229   20.9999
    0.0000   30.0000  -22.500013479.9258   20.9536
    7.5000   30.0000  -22.500012991.9014   20.9479
   -7.5000   37.5000  -22.500012451.0000   20.9993
    0.0000   37.5000  -22.500013157.7236   20.9559
    7.5000   37.5000  -22.500012678.1465   20.9478
   -7.5000   45.0000  -22.500011468.4775   20.4501
    0.0000   45.0000  -22.500012092.8086   20.4153
    7.5000   45.0000  -22.500011663.2051   20.4026
   -7.5000  -45.0000  -15.0000 8866.8887   22.3348
    0.0000  -45.0000  -15.0000 9369.1299   22.2881
    7.5000  -45.0000  -15.0000 8971.4951   22.2625
   -7.5000  -37.5000  -15.0000 9672.4385   21.8848
    0.0000  -37.5000  -15.000010241.7422   21.8474
    7.5000  -37.5000  -15.0000 9807.5215   21.8239
   -7.5000  -30.0000  -15.000010853.5859   21.6944
    0.0000  -30.0000  -15.000011462.4902   21.6611
    7.5000  -30.0000  -15.000010991.4111   21.6460
   -7.5000  -22.5000  -15.000012048.1270   21.7101
    0.0000  -22.5000  -15.000012720.3877   21.6720
    7.5000  -22.5000  -15.000012208.3555   21.6629
   -7.5000  -15.0000  -15.000013166.7275   21.7744
    0.0000  -15.0000  -15.000013930.1445   21.7290
    7.5000  -15.0000  -15.000013383.7607   21.7184
   -7.5000   -7.5000  -15.000014189.0381   21.7912
    0.0000   -7.5000  -15.000015016.0117   21.7427
    7.5000   -7.5000  -15.000014462.7363   21.7253
   -7.5000    0.0000  -15.000015077.2783   21.7531
    0.0000    0.0000  -15.000015999.6875   21.7083
    7.5000    0.0000  -15.000015412.3477   21.6841
   -7.5000    7.5000  -15.000014809.1953   21.6936
    0.0000    7.5000  -15.000015754.0967   21.6566
    7.5000    7.5000  -15.000015207.0576   21.6333
   -7.5000   15.0000  -15.000014415.2207   21.6672
    0.0000   15.0000  -15.000015304.2148   21.6340
    7.5000   15.0000  -15.000014781.1406   21.6189
   -7.5000   22.5000  -15.000013995.7100   21.7024
    0.0000   22.5000  -15.000014839.6064   21.6643
    7.5000   22.5000  -15.000014339.4502   21.6552
   -7.5000   30.0000  -15.000013487.9082   21.4926
    0.0000   30.0000  -15.000014279.7920   21.4478
    7.5000   30.0000  -15.000013785.4482   21.4373
   -7.5000   37.5000  -15.000013158.6035   21.5092
    0.0000   37.5000  -15.000013907.4414   21.4613
    7.5000   37.5000  -15.000013399.9570   21.4441
   -7.5000   45.0000  -15.000012110.5635   20.9620
    0.0000   45.0000  -15.000012786.8506   20.9188
    7.5000   45.0000  -15.000012345.1465   20.8954
   -7.5000  -45.0000   -7.5000 9406.1201   22.5393
    0.0000  -45.0000   -7.5000 9945.5508   22.4939
    7.5000  -45.0000   -7.5000 9539.7617   22.4753
   -7.5000  -37.5000   -7.500010253.4756   22.1008
    0.0000  -37.5000   -7.500010842.6084   22.0590
    7.5000  -37.5000   -7.500010412.5625   22.0423
   -7.5000  -30.0000   -7.500011490.4111   21.9151
    0.0000  -30.0000   -7.500012141.3975   21.8772
    7.5000  -30.0000   -7.500011648.5693   21.8684
   -7.5000  -22.5000   -7.500012739.5059   21.9202
    0.0000  -22.5000   -7.500013480.1650   21.8832
    7.5000  -22.5000   -7.500012939.4316   21.8794
   -7.5000  -15.0000   -7.500013963.6270   21.9697
    0.0000  -15.0000   -7.500014799.4795   21.9309
    7.5000  -15.0000   -7.500014226.1016   21.9244
   -7.5000   -7.5000   -7.500015096.0781   21.9830
    0.0000   -7.5000   -7.500016041.8359   21.9408
    7.5000   -7.5000   -7.500015459.0508   21.9284
   -7.5000    0.0000   -7.500016026.7900   21.9539
    0.0000    0.0000   -7.500017117.3398   21.9102
    7.5000    0.0000   -7.500016521.3340   21.8925
   -7.5000    7.5000   -7.500015662.2832   21.9083
    0.0000    7.5000   -7.500016715.2910   21.8671
    7.5000    7.5000   -7.500016213.3721   21.8503
   -7.5000   15.0000   -7.500015230.4844   21.8877
    0.0000   15.0000   -7.500016163.6953   21.8499
    7.5000   15.0000   -7.500015694.5166   21.8411
   -7.5000   22.5000   -7.500014817.8887   21.9101
    0.0000   22.5000   -7.500015689.6113   21.8731
    7.5000   22.5000   -7.500015205.8555   21.8693
   -7.5000   30.0000   -7.500014268.0146   21.6848
    0.0000   30.0000   -7.500015118.5771   21.6465
    7.5000   30.0000   -7.500014616.9873   21.6401
   -7.5000   37.5000   -7.500013861.0166   21.6980
    0.0000   37.5000   -7.500014679.8242   21.6563
    7.5000   37.5000   -7.500014161.6504   21.6440
   -7.5000   45.0000   -7.500012761.2109   21.1595
    0.0000   45.0000   -7.500013510.6123   21.1173
    7.5000   45.0000   -7.500013053.8809   21.1003
   -7.5000  -45.0000    0.0000 9843.9160   22.5243
    0.0000  -45.0000    0.000010419.0889   22.4876
    7.5000  -45.0000    0.000010018.1396   22.4851
   -7.5000  -37.5000    0.000010739.7568   22.1116
    0.0000  -37.5000    0.000011374.2422   22.0729
    7.5000  -37.5000    0.000010952.4043   22.0706
   -7.5000  -30.0000    0.000012014.4531   21.9472
    0.0000  -30.0000    0.000012731.0771   21.9069
    7.5000  -30.0000    0.000012226.7275   21.9083
   -7.5000  -22.5000    0.000013276.2744   21.9464
    0.0000  -22.5000    0.000014084.5703   21.9078
    7.5000  -22.5000    0.000013532.2178   21.9104
   -7.5000  -15.0000    0.000014534.7676   21.9729
    0.0000  -15.0000    0.000015496.9766   21.9374
    7.5000  -15.0000    0.000014889.5156   21.9376
   -7.5000   -7.5000    0.000015820.8984   21.9685
    0.0000   -7.5000    0.000017024.2754   21.9346
    7.5000   -7.5000    0.000016429.5449   21.9334
   -7.5000    0.0000    0.000016865.3438   21.9417
    0.0000    0.0000    0.000018233.3262   21.9063
    7.5000    0.0000    0.000017691.5605   21.9037
   -7.5000    7.5000    0.000016442.6816   21.9193
    0.0000    7.5000    0.000017574.8418   21.8811
    7.5000    7.5000    0.000017189.1621   21.8784
   -7.5000   15.0000    0.000015981.6084   21.9197
    0.0000   15.0000    0.000016927.6289   21.8796
    7.5000   15.0000    0.000016521.5898   21.8809
   -7.5000   22.5000    0.000015552.3916   21.9363
    0.0000   22.5000    0.000016486.9785   21.8977
    7.5000   22.5000    0.000016032.6094   21.9003
   -7.5000   30.0000    0.000014964.0693   21.6886
    0.0000   30.0000    0.000015940.2021   21.6535
    7.5000   30.0000    0.000015450.1455   21.6536
   -7.5000   37.5000    0.000014514.2559   21.6842
    0.0000   37.5000    0.000015464.3984   21.6507
    7.5000   37.5000    0.000014966.0713   21.6495
   -7.5000   45.0000    0.000013389.4287   21.1492
    0.0000   45.0000    0.000014278.3389   21.1152
    7.5000   45.0000    0.000013776.8203   21.1127
   -7.5000  -45.0000    7.5000 9453.5605   22.5235
    0.0000  -45.0000    7.500010036.8203   22.4950
    7.5000  -45.0000    7.5000 9672.1104   22.5021
   -7.5000  -37.5000    7.500010337.4971   22.1245
    0.0000  -37.5000    7.500010979.9443   22.0939
    7.5000  -37.5000    7.500010569.6270   22.0991
   -7.5000  -30.0000    7.500011589.7334   21.9783
    0.0000  -30.0000    7.500012316.9014   21.9400
    7.5000  -30.0000    7.500011844.2783   21.9440
   -7.5000  -22.5000    7.500012819.2314   21.9824
    0.0000  -22.5000    7.500013636.8525   21.9395
    7.5000  -22.5000    7.500013103.7588   21.9422
   -7.5000  -15.0000    7.500014010.5117   21.9973
    0.0000  -15.0000    7.500014979.8057   21.9573
    7.5000  -15.0000    7.500014488.5225   21.9599
   -7.5000   -7.5000    7.500015296.3457   21.9754
    0.0000   -7.5000    7.500016606.0273   21.9432
    7.5000   -7.5000    7.500016123.9961   21.9488
   -7.5000    0.0000    7.500016463.0449   21.9415
    0.0000    0.0000    7.500017967.9590   21.9142
    7.5000    0.0000    7.500017434.0508   21.9207
   -7.5000    7.5000    7.500016177.0078   21.9317
    0.0000    7.5000    7.500017455.3906   21.9016
    7.5000    7.5000    7.500017005.0254   21.9062
   -7.5000   15.0000    7.500015726.1162   21.9507
    0.0000   15.0000    7.500016876.4531   21.9126
    7.5000   15.0000    7.500016318.8867   21.9165
   -7.5000   22.5000    7.500015284.0752   21.9723
    0.0000   22.5000    7.500016440.2695   21.9294
    7.5000   22.5000    7.500015797.6709   21.9321
   -7.5000   30.0000    7.500014630.7285   21.7126
    0.0000   30.0000    7.500015777.6602   21.6732
    7.5000   30.0000    7.500015156.2168   21.6757
   -7.5000   37.5000    7.500014084.0303   21.6910
    0.0000   37.5000    7.500015170.4033   21.6592
    7.5000   37.5000    7.500014584.8213   21.6647
   -7.5000   45.0000    7.500012954.0811   21.1491
    0.0000   45.0000    7.500013920.0479   21.1228
    7.5000   45.0000    7.500013388.0967   21.1291
   -7.5000  -45.0000   15.0000 9014.2070   22.5829
    0.0000  -45.0000   15.0000 9549.3291   22.5538
    7.5000  -45.0000   15.0000 9224.7822   22.5562
   -7.5000  -37.5000   15.0000 9855.4824   22.1724
    0.0000  -37.5000   15.000010427.6445   22.1454
    7.5000  -37.5000   15.000010078.1455   22.1443
   -7.5000  -30.0000   15.000011046.4912   22.0231
    0.0000  -30.0000   15.000011698.5742   21.9876
    7.5000  -30.0000   15.000011297.8604   21.9850
   -7.5000  -22.5000   15.000012205.7773   22.0364
    0.0000  -22.5000   15.000012954.0518   21.9912
    7.5000  -22.5000   15.000012507.1426   21.9891
   -7.5000  -15.0000   15.000013315.6416   22.0618
    0.0000  -15.0000   15.000014266.3838   22.0157
    7.5000  -15.0000   15.000013769.8809   22.0163
   -7.5000   -7.5000   15.000014488.9893   22.0400
    0.0000   -7.5000   15.000015719.9082   22.0029
    7.5000   -7.5000   15.000015160.7637   22.0064
   -7.5000    0.0000   15.000015609.4404   21.9979
    0.0000    0.0000   15.000017090.7656   21.9701
    7.5000    0.0000   15.000016323.9307   21.9722
   -7.5000    7.5000   15.000015460.7666   21.9786
    0.0000    7.5000   15.000016994.0879   21.9519
    7.5000    7.5000   15.000016152.8779   21.9505
   -7.5000   15.0000   15.000015093.6318   21.9953
    0.0000   15.0000   15.000016584.9668   21.9600
    7.5000   15.0000   15.000015734.3076   21.9573
   -7.5000   22.5000   15.000014635.6582   22.0262
    0.0000   22.5000   15.000015992.7588   21.9811
    7.5000   22.5000   15.000015168.2168   21.9789
   -7.5000   30.0000   15.000013968.3115   21.7763
    0.0000   30.0000   15.000015130.3379   21.7308
    7.5000   30.0000   15.000014409.1016   21.7314
   -7.5000   37.5000   15.000013371.5771   21.7548
    0.0000   37.5000   15.000014394.3887   21.7181
    7.5000   37.5000   15.000013806.1807   21.7216
   -7.5000   45.0000   15.000012285.6133   21.2034
    0.0000   45.0000   15.000013185.0156   21.1766
    7.5000   45.0000   15.000012682.3936   21.1787
   -7.5000  -45.0000   22.5000 8467.6475   22.6953
    0.0000  -45.0000   22.5000 8960.7861   22.6562
    7.5000  -45.0000   22.5000 8641.1465   22.6420
   -7.5000  -37.5000   22.5000 9257.0547   22.2527
    0.0000  -37.5000   22.5000 9822.9678   22.2217
    7.5000  -37.5000   22.5000 9465.0674   22.2064
   -7.5000  -30.0000   22.500010375.7080   22.0779
    0.0000  -30.0000   22.500011022.7354   22.0448
    7.5000  -30.0000   22.500010628.2295   22.0332
   -7.5000  -22.5000   22.500011499.6885   22.0974
    0.0000  -22.5000   22.500012255.6592   22.0548
    7.5000  -22.5000   22.500011783.2490   22.0473
   -7.5000  -15.0000   22.500012600.6494   22.1497
    0.0000  -15.0000   22.500013474.6709   22.1010
    7.5000  -15.0000   22.500012949.2617   22.0953
   -7.5000   -7.5000   22.500013674.3613   22.1488
    0.0000   -7.5000   22.500014695.3135   22.1031
    7.5000   -7.5000   22.500014089.1719   22.0949
   -7.5000    0.0000   22.500014701.5928   22.1039
    0.0000    0.0000   22.500015791.0273   22.0665
    7.5000    0.0000   22.500015053.1025   22.0531
   -7.5000    7.5000   22.500014576.9492   22.0575
    0.0000    7.5000   22.500015620.8135   22.0268
    7.5000    7.5000   22.500014916.2588   22.0115
   -7.5000   15.0000   22.500014254.0000   22.0500
    0.0000   15.0000   22.500015263.1953   22.0170
    7.5000   15.0000   22.500014612.2910   22.0054
   -7.5000   22.5000   22.500013833.3047   22.0872
    0.0000   22.5000   22.500014788.4609   22.0446
    7.5000   22.5000   22.500014177.2529   22.0372
   -7.5000   30.0000   22.500013197.3193   21.8631
    0.0000   30.0000   22.500014076.6650   21.8150
    7.5000   30.0000   22.500013508.2061   21.8093
   -7.5000   37.5000   22.500012591.6855   21.8622
    0.0000   37.5000   22.500013428.9775   21.8170
    7.5000   37.5000   22.500012923.2676   21.8090
   -7.5000   45.0000   22.500011575.0547   21.3056
    0.0000   45.0000   22.500012355.5420   21.2696
    7.5000   45.0000   22.500011896.2861   21.2566
   -7.5000  -45.0000   30.0000 7804.0718   22.8295
    0.0000  -45.0000   30.0000 8258.8643   22.7821
    7.5000  -45.0000   30.0000 7949.3921   22.7567
   -7.5000  -37.5000   30.0000 8559.0918   22.3696
    0.0000  -37.5000   30.0000 9066.3330   22.3316
    7.5000  -37.5000   30.0000 8736.2988   22.3082
   -7.5000  -30.0000   30.0000 9607.1299   22.1758
    0.0000  -30.0000   30.000010160.1094   22.1420
    7.5000  -30.0000   30.0000 9798.0078   22.1270
   -7.5000  -22.5000   30.000010647.5625   22.1915
    0.0000  -22.5000   30.000011252.5400   22.1528
    7.5000  -22.5000   30.000010854.7578   22.1440
   -7.5000  -15.0000   30.000011659.0176   22.2569
    0.0000  -15.0000   30.000012302.0527   22.2109
    7.5000  -15.0000   30.000011868.1445   22.2007
   -7.5000   -7.5000   30.000012648.0674   22.2739
    0.0000   -7.5000   30.000013340.2686   22.2247
    7.5000   -7.5000   30.000012849.6865   22.2077
   -7.5000    0.0000   30.000013559.0068   22.2351
    0.0000    0.0000   30.000014261.4238   22.1896
    7.5000    0.0000   30.000013691.0195   22.1656
   -7.5000    7.5000   30.000013403.7744   22.1746
    0.0000    7.5000   30.000014089.4199   22.1371
    7.5000    7.5000   30.000013561.1514   22.1137
   -7.5000   15.0000   30.000013120.6689   22.1478
    0.0000   15.0000   30.000013829.5146   22.1141
    7.5000   15.0000   30.000013310.9043   22.0991
   -7.5000   22.5000   30.000012731.5244   22.1813
    0.0000   22.5000   30.000013448.6973   22.1426
    7.5000   22.5000   30.000012942.0752   22.1338
   -7.5000   30.0000   30.000012160.5537   21.9689
    0.0000   30.0000   30.000012854.1875   21.9234
    7.5000   30.0000   30.000012385.1084   21.9134
   -7.5000   37.5000   30.000011654.9336   21.9856
    0.0000   37.5000   30.000012311.9258   21.9371
    7.5000   37.5000   30.000011880.1699   21.9203
   -7.5000   45.0000   30.000010738.5508   21.4321
    0.0000   45.0000   30.000011362.9590   21.3882
    7.5000   45.0000   30.000010951.6729   21.3650
   -7.5000  -45.0000   37.5000 7478.7134   23.2129
    0.0000  -45.0000   37.5000 7872.7441   23.1657
    7.5000  -45.0000   37.5000 7621.4927   23.1484
   -7.5000  -37.5000   37.5000 8209.9375   22.7586
    0.0000  -37.5000   37.5000 8643.4912   22.7151
    7.5000  -37.5000   37.5000 8384.7109   22.6996
   -7.5000  -30.0000   37.5000 9212.9258   22.5693
    0.0000  -30.0000   37.5000 9692.9600   22.5297
    7.5000  -30.0000   37.5000 9389.2666   22.5222
   -7.5000  -22.5000   37.500010202.9121   22.5744
    0.0000  -22.5000   37.500010730.6963   22.5359
    7.5000  -22.5000   37.500010403.1279   22.5335
   -7.5000  -15.0000   37.500011133.8936   22.6260
    0.0000  -15.0000   37.500011726.1670   22.5856
    7.5000  -15.0000   37.500011340.0400   22.5805
   -7.5000   -7.5000   37.500012063.5312   22.6399
    0.0000   -7.5000   37.500012693.7578   22.5960
    7.5000   -7.5000   37.500012239.2412   22.5850
   -7.5000    0.0000   37.500012923.5176   22.6098
    0.0000    0.0000   37.500013558.0059   22.5643
    7.5000    0.0000   37.500013043.6680   22.5479
   -7.5000    7.5000   37.500012775.6387   22.5623
    0.0000    7.5000   37.500013399.0361   22.5194
    7.5000    7.5000   37.500012888.6631   22.5038
   -7.5000   15.0000   37.500012489.8408   22.5407
    0.0000   15.0000   37.500013138.0625   22.5013
    7.5000   15.0000   37.500012652.8906   22.4938
   -7.5000   22.5000   37.500012159.4170   22.5640
    0.0000   22.5000   37.500012806.4863   22.5255
    7.5000   22.5000   37.500012318.8047   22.5231
   -7.5000   30.0000   37.500011654.1074   22.3332
    0.0000   30.0000   37.500012268.8809   22.2933
    7.5000   30.0000   37.500011807.2812   22.2883
   -7.5000   37.5000   37.500011196.8154   22.3469
    0.0000   37.5000   37.500011789.1035   22.3035
    7.5000   37.5000   37.500011371.8652   22.2927
   -7.5000   45.0000   37.500010320.9287   21.7932
    0.0000   45.0000   37.500010871.0361   21.7494
    7.5000   45.0000   37.500010483.2256   21.7336
   -7.5000  -45.0000   45.0000 6888.9209   23.7478
    0.0000  -45.0000   45.0000 7245.6450   23.7067
    7.5000  -45.0000   45.0000 7047.2944   23.7042
   -7.5000  -37.5000   45.0000 7542.0283   23.3054
    0.0000  -37.5000   45.0000 7951.1230   23.2618
    7.5000  -37.5000   45.0000 7730.8896   23.2597
   -7.5000  -30.0000   45.0000 8486.7471   23.1353
    0.0000  -30.0000   45.0000 8920.9609   23.0897
    7.5000  -30.0000   45.0000 8669.3301   23.0916
   -7.5000  -22.5000   45.0000 9378.6045   23.1328
    0.0000  -22.5000   45.0000 9875.9541   23.0892
    7.5000  -22.5000   45.0000 9607.8867   23.0921
   -7.5000  -15.0000   45.000010230.1348   23.1587
    0.0000  -15.0000   45.000010787.5684   23.1187
    7.5000  -15.0000   45.000010464.2314   23.1188
   -7.5000   -7.5000   45.000011070.9062   23.1538
    0.0000   -7.5000   45.000011645.8301   23.1157
    7.5000   -7.5000   45.000011247.5029   23.1145
   -7.5000    0.0000   45.000011838.5732   23.1268
    0.0000    0.0000   45.000012408.9287   23.0871
    7.5000    0.0000   45.000011949.8105   23.0846
   -7.5000    7.5000   45.000011693.8965   23.1054
    0.0000    7.5000   45.000012247.8643   23.0623
    7.5000    7.5000   45.000011778.4746   23.0597
   -7.5000   15.0000   45.000011418.0059   23.1065
    0.0000   15.0000   45.000011989.6016   23.0612
    7.5000   15.0000   45.000011548.9785   23.0630
   -7.5000   22.5000   45.000011127.6094   23.1221
    0.0000   22.5000   45.000011696.3877   23.0784
    7.5000   22.5000   45.000011271.8389   23.0814
   -7.5000   30.0000   45.000010670.3408   22.8570
    0.0000   30.0000   45.000011230.7256   22.8175
    7.5000   30.0000   45.000010846.7549   22.8176
   -7.5000   37.5000   45.000010285.2842   22.8522
    0.0000   37.5000   45.000010830.0869   22.8145
    7.5000   37.5000   45.000010474.9482   22.8134
   -7.5000   45.0000   45.0000 9493.9512   22.3017
    0.0000   45.0000   45.0000 9985.0078   22.2634
    7.5000   45.0000   45.0000 9657.8662   22.2610

---------------------------------------------------------------------
imgreg_4dfp /opt/freesurfer/average/711-2C_as_mni_average_305 /opt/freesurfer/average/711-2B_as_mni_average_305_mask talsrcimg_g11 none talsrcimg_to_711-2C_as_mni_average_305_t4 4355
---------------------------------------------------------------------

freesurfer imgreg_4dfp.c
/opt/freesurfer/average/711-2C_as_mni_average_305.4dfp.img
       256       256       256         1
  1.000000  1.000000  1.000000
orientation T byte_order littleendian
Reading image: /opt/freesurfer/average/711-2C_as_mni_average_305.4dfp.img
dimensions:      256       256       256
mmppix:       1.0000   -1.0000   -1.0000
center:     128.0000 -129.0000 -129.0000
/opt/freesurfer/average/711-2B_as_mni_average_305_mask.4dfp.img
       256       256       256         1
  1.000000  1.000000  1.000000
orientation T byte_order littleendian
Reading mask: /opt/freesurfer/average/711-2B_as_mni_average_305_mask.4dfp.img (2306576 pixels)
talsrcimg_g11.4dfp.img
       256       256       256         1
  1.000000  1.000000  1.000000
orientation T byte_order littleendian
Reading image: talsrcimg_g11.4dfp.img
dimensions:      256       256       256
mmppix:       1.0000   -1.0000   -1.0000
center:     128.0000 -129.0000 -129.0000
rotation matrix determinant  1.000000
image alignment mode   4355 decimal     1103 hex
   -7.5000  -45.0000  -45.0000 1868.2386   30.3330
    0.0000  -45.0000  -45.0000 1881.2125   30.1788
    7.5000  -45.0000  -45.0000 1880.8423   30.1810
   -7.5000  -37.5000  -45.0000 1999.9806   26.8229
    0.0000  -37.5000  -45.0000 2016.7434   26.5607
    7.5000  -37.5000  -45.0000 2015.3781   26.5250
   -7.5000  -30.0000  -45.0000 2099.7095   24.2612
    0.0000  -30.0000  -45.0000 2118.4619   24.0588
    7.5000  -30.0000  -45.0000 2120.2842   23.9908
   -7.5000  -22.5000  -45.0000 2195.2065   22.4502
    0.0000  -22.5000  -45.0000 2213.4077   22.2898
    7.5000  -22.5000  -45.0000 2213.8787   22.2457
   -7.5000  -15.0000  -45.0000 2267.4250   20.9791
    0.0000  -15.0000  -45.0000 2285.1929   20.9034
    7.5000  -15.0000  -45.0000 2283.8201   20.8623
   -7.5000   -7.5000  -45.0000 2309.5981   19.8254
    0.0000   -7.5000  -45.0000 2333.4958   19.7053
    7.5000   -7.5000  -45.0000 2327.8662   19.7017
   -7.5000    0.0000  -45.0000 2338.8943   19.0139
    0.0000    0.0000  -45.0000 2362.0291   18.8981
    7.5000    0.0000  -45.0000 2355.0891   18.9156
   -7.5000    7.5000  -45.0000 2345.1484   18.7209
    0.0000    7.5000  -45.0000 2369.9465   18.5716
    7.5000    7.5000  -45.0000 2367.5798   18.5927
   -7.5000   15.0000  -45.0000 2336.6030   18.8318
    0.0000   15.0000  -45.0000 2362.6521   18.7099
    7.5000   15.0000  -45.0000 2357.1797   18.7462
   -7.5000   22.5000  -45.0000 2319.9624   19.2761
    0.0000   22.5000  -45.0000 2348.0747   19.1123
    7.5000   22.5000  -45.0000 2344.7424   19.1645
   -7.5000   30.0000  -45.0000 2286.4463   20.1623
    0.0000   30.0000  -45.0000 2311.2598   19.8992
    7.5000   30.0000  -45.0000 2308.4768   19.9473
   -7.5000   37.5000  -45.0000 2235.7065   21.4857
    0.0000   37.5000  -45.0000 2256.1604   21.1995
    7.5000   37.5000  -45.0000 2256.3428   21.1705
   -7.5000   45.0000  -45.0000 2159.2205   23.3335
    0.0000   45.0000  -45.0000 2182.1172   22.9677
    7.5000   45.0000  -45.0000 2180.9475   22.9212
   -7.5000  -45.0000  -37.5000 1925.0360   28.3676
    0.0000  -45.0000  -37.5000 1940.2776   28.3023
    7.5000  -45.0000  -37.5000 1947.0231   28.2563
   -7.5000  -37.5000  -37.5000 2062.4807   25.1512
    0.0000  -37.5000  -37.5000 2082.1003   24.9968
    7.5000  -37.5000  -37.5000 2082.2236   24.8514
   -7.5000  -30.0000  -37.5000 2173.6567   22.7523
    0.0000  -30.0000  -37.5000 2197.9636   22.5939
    7.5000  -30.0000  -37.5000 2197.6755   22.4565
   -7.5000  -22.5000  -37.5000 2277.3030   20.9778
    0.0000  -22.5000  -37.5000 2301.7805   20.7774
    7.5000  -22.5000  -37.5000 2301.0735   20.7140
   -7.5000  -15.0000  -37.5000 2355.0864   19.5702
    0.0000  -15.0000  -37.5000 2374.7480   19.3910
    7.5000  -15.0000  -37.5000 2374.3474   19.4062
   -7.5000   -7.5000  -37.5000 2403.4055   18.4551
    0.0000   -7.5000  -37.5000 2428.5686   18.2640
    7.5000   -7.5000  -37.5000 2421.7397   18.3187
   -7.5000    0.0000  -37.5000 2432.0322   17.6895
    0.0000    0.0000  -37.5000 2457.9387   17.5058
    7.5000    0.0000  -37.5000 2457.7969   17.5178
   -7.5000    7.5000  -37.5000 2445.2166   17.3752
    0.0000    7.5000  -37.5000 2470.5779   17.1886
    7.5000    7.5000  -37.5000 2474.6753   17.2359
   -7.5000   15.0000  -37.5000 2442.2859   17.5098
    0.0000   15.0000  -37.5000 2467.8376   17.3002
    7.5000   15.0000  -37.5000 2468.7900   17.3626
   -7.5000   22.5000  -37.5000 2419.6860   17.9018
    0.0000   22.5000  -37.5000 2455.3281   17.6666
    7.5000   22.5000  -37.5000 2455.1992   17.7305
   -7.5000   30.0000  -37.5000 2382.6204   18.6430
    0.0000   30.0000  -37.5000 2418.6538   18.4181
    7.5000   30.0000  -37.5000 2417.1257   18.4711
   -7.5000   37.5000  -37.5000 2328.3208   19.8655
    0.0000   37.5000  -37.5000 2359.3679   19.6132
    7.5000   37.5000  -37.5000 2361.9226   19.6308
   -7.5000   45.0000  -37.5000 2249.0994   21.4929
    0.0000   45.0000  -37.5000 2276.7312   21.2564
    7.5000   45.0000  -37.5000 2279.9106   21.3202
   -7.5000  -45.0000  -30.0000 2013.0789   27.8450
    0.0000  -45.0000  -30.0000 2029.4841   27.6002
    7.5000  -45.0000  -30.0000 2035.3203   27.5496
   -7.5000  -37.5000  -30.0000 2159.7275   24.6144
    0.0000  -37.5000  -30.0000 2184.5469   24.4003
    7.5000  -37.5000  -30.0000 2183.4976   24.2217
   -7.5000  -30.0000  -30.0000 2286.0696   22.2163
    0.0000  -30.0000  -30.0000 2310.5627   21.9890
    7.5000  -30.0000  -30.0000 2310.1282   21.8113
   -7.5000  -22.5000  -30.0000 2391.7527   20.3550
    0.0000  -22.5000  -30.0000 2418.4624   20.1633
    7.5000  -22.5000  -30.0000 2417.7749   20.0795
   -7.5000  -15.0000  -30.0000 2471.5110   18.9206
    0.0000  -15.0000  -30.0000 2496.8728   18.7282
    7.5000  -15.0000  -30.0000 2494.0850   18.6975
   -7.5000   -7.5000  -30.0000 2531.9387   17.8034
    0.0000   -7.5000  -30.0000 2552.1150   17.5589
    7.5000   -7.5000  -30.0000 2550.4414   17.5981
   -7.5000    0.0000  -30.0000 2574.0393   17.0339
    0.0000    0.0000  -30.0000 2596.4004   16.7899
    7.5000    0.0000  -30.0000 2602.9502   16.8424
   -7.5000    7.5000  -30.0000 2599.7395   16.7060
    0.0000    7.5000  -30.0000 2624.3821   16.4995
    7.5000    7.5000  -30.0000 2632.5989   16.5093
   -7.5000   15.0000  -30.0000 2592.8069   16.8325
    0.0000   15.0000  -30.0000 2621.9104   16.6168
    7.5000   15.0000  -30.0000 2632.2834   16.6636
   -7.5000   22.5000  -30.0000 2563.7861   17.2122
    0.0000   22.5000  -30.0000 2599.4475   16.9920
    7.5000   22.5000  -30.0000 2605.8074   17.0426
   -7.5000   30.0000  -30.0000 2520.0947   17.9663
    0.0000   30.0000  -30.0000 2559.1304   17.7280
    7.5000   30.0000  -30.0000 2561.0696   17.7758
   -7.5000   37.5000  -30.0000 2460.3938   19.1406
    0.0000   37.5000  -30.0000 2494.3535   18.8860
    7.5000   37.5000  -30.0000 2500.8938   18.9252
   -7.5000   45.0000  -30.0000 2377.9355   20.7385
    0.0000   45.0000  -30.0000 2410.7854   20.4782
    7.5000   45.0000  -30.0000 2414.7317   20.5272
   -7.5000  -45.0000  -22.5000 2079.5540   27.1975
    0.0000  -45.0000  -22.5000 2100.9697   26.9290
    7.5000  -45.0000  -22.5000 2100.6260   26.7478
   -7.5000  -37.5000  -22.5000 2236.4214   23.9584
    0.0000  -37.5000  -22.5000 2262.6362   23.6736
    7.5000  -37.5000  -22.5000 2262.2671   23.4986
   -7.5000  -30.0000  -22.5000 2362.7593   21.4581
    0.0000  -30.0000  -22.5000 2387.4402   21.1699
    7.5000  -30.0000  -22.5000 2389.1064   21.0608
   -7.5000  -22.5000  -22.5000 2469.9717   19.5638
    0.0000  -22.5000  -22.5000 2497.8296   19.3351
    7.5000  -22.5000  -22.5000 2497.6272   19.2616
   -7.5000  -15.0000  -22.5000 2557.9814   18.1443
    0.0000  -15.0000  -22.5000 2584.6357   17.9280
    7.5000  -15.0000  -22.5000 2582.8452   17.9044
   -7.5000   -7.5000  -22.5000 2628.8306   17.0687
    0.0000   -7.5000  -22.5000 2649.4121   16.8258
    7.5000   -7.5000  -22.5000 2652.2935   16.8549
   -7.5000    0.0000  -22.5000 2679.0879   16.3025
    0.0000    0.0000  -22.5000 2702.7498   16.0904
    7.5000    0.0000  -22.5000 2713.5867   16.1133
   -7.5000    7.5000  -22.5000 2714.5239   15.9357
    0.0000    7.5000  -22.5000 2739.9778   15.7449
    7.5000    7.5000  -22.5000 2752.7021   15.7522
   -7.5000   15.0000  -22.5000 2711.9319   15.9971
    0.0000   15.0000  -22.5000 2744.7178   15.8107
    7.5000   15.0000  -22.5000 2756.8274   15.8181
   -7.5000   22.5000  -22.5000 2680.6597   16.4222
    0.0000   22.5000  -22.5000 2722.2837   16.1874
    7.5000   22.5000  -22.5000 2729.2383   16.2291
   -7.5000   30.0000  -22.5000 2636.9346   17.2365
    0.0000   30.0000  -22.5000 2676.5417   16.9652
    7.5000   30.0000  -22.5000 2680.2551   17.0004
   -7.5000   37.5000  -22.5000 2570.6418   18.4253
    0.0000   37.5000  -22.5000 2606.9871   18.1102
    7.5000   37.5000  -22.5000 2609.9048   18.1515
   -7.5000   45.0000  -22.5000 2481.5740   19.9936
    0.0000   45.0000  -22.5000 2515.0510   19.6649
    7.5000   45.0000  -22.5000 2519.6074   19.6748
   -7.5000  -45.0000  -15.0000 2121.8652   26.5121
    0.0000  -45.0000  -15.0000 2146.5876   26.2700
    7.5000  -45.0000  -15.0000 2142.8445   26.1232
   -7.5000  -37.5000  -15.0000 2277.9763   23.2178
    0.0000  -37.5000  -15.0000 2305.2046   22.9753
    7.5000  -37.5000  -15.0000 2300.4551   22.8535
   -7.5000  -30.0000  -15.0000 2398.9160   20.7207
    0.0000  -30.0000  -15.0000 2423.0164   20.4641
    7.5000  -30.0000  -15.0000 2421.1511   20.3575
   -7.5000  -22.5000  -15.0000 2513.4373   18.8778
    0.0000  -22.5000  -15.0000 2535.6165   18.5911
    7.5000  -22.5000  -15.0000 2538.2664   18.5790
   -7.5000  -15.0000  -15.0000 2606.7717   17.4389
    0.0000  -15.0000  -15.0000 2635.2856   17.2134
    7.5000  -15.0000  -15.0000 2637.4614   17.2059
   -7.5000   -7.5000  -15.0000 2685.0315   16.3519
    0.0000   -7.5000  -15.0000 2713.5752   16.1570
    7.5000   -7.5000  -15.0000 2720.1201   16.1753
   -7.5000    0.0000  -15.0000 2746.8193   15.6265
    0.0000    0.0000  -15.0000 2775.3499   15.3722
    7.5000    0.0000  -15.0000 2788.4116   15.3957
   -7.5000    7.5000  -15.0000 2787.1323   15.2097
    0.0000    7.5000  -15.0000 2818.8101   14.9885
    7.5000    7.5000  -15.0000 2830.0901   15.0020
   -7.5000   15.0000  -15.0000 2793.8115   15.2472
    0.0000   15.0000  -15.0000 2823.9419   14.9870
    7.5000   15.0000  -15.0000 2837.9563   15.0366
   -7.5000   22.5000  -15.0000 2767.4673   15.6751
    0.0000   22.5000  -15.0000 2804.4080   15.3851
    7.5000   22.5000  -15.0000 2815.1633   15.4387
   -7.5000   30.0000  -15.0000 2720.7756   16.5240
    0.0000   30.0000  -15.0000 2756.3750   16.2078
    7.5000   30.0000  -15.0000 2763.2734   16.2594
   -7.5000   37.5000  -15.0000 2646.2559   17.7427
    0.0000   37.5000  -15.0000 2679.4778   17.3887
    7.5000   37.5000  -15.0000 2683.5564   17.3842
   -7.5000   45.0000  -15.0000 2544.6079   19.2697
    0.0000   45.0000  -15.0000 2575.4224   18.9407
    7.5000   45.0000  -15.0000 2583.7593   18.9005
   -7.5000  -45.0000   -7.5000 2144.0891   25.9347
    0.0000  -45.0000   -7.5000 2169.1482   25.6623
    7.5000  -45.0000   -7.5000 2171.9443   25.6175
   -7.5000  -37.5000   -7.5000 2293.8843   22.6275
    0.0000  -37.5000   -7.5000 2320.7759   22.3601
    7.5000  -37.5000   -7.5000 2325.7942   22.2944
   -7.5000  -30.0000   -7.5000 2416.3398   20.1667
    0.0000  -30.0000   -7.5000 2437.6675   19.8489
    7.5000  -30.0000   -7.5000 2444.9094   19.8074
   -7.5000  -22.5000   -7.5000 2533.3667   18.3109
    0.0000  -22.5000   -7.5000 2553.7917   18.0013
    7.5000  -22.5000   -7.5000 2563.1406   18.0099
   -7.5000  -15.0000   -7.5000 2637.1614   16.8987
    0.0000  -15.0000   -7.5000 2665.7507   16.6226
    7.5000  -15.0000   -7.5000 2673.6687   16.6720
   -7.5000   -7.5000   -7.5000 2727.5388   15.7941
    0.0000   -7.5000   -7.5000 2758.8274   15.5482
    7.5000   -7.5000   -7.5000 2767.2397   15.6119
   -7.5000    0.0000   -7.5000 2801.3008   15.0493
    0.0000    0.0000   -7.5000 2835.1423   14.7863
    7.5000    0.0000   -7.5000 2844.8535   14.8007
   -7.5000    7.5000   -7.5000 2844.9385   14.6130
    0.0000    7.5000   -7.5000 2881.1436   14.3064
    7.5000    7.5000   -7.5000 2894.1238   14.3687
   -7.5000   15.0000   -7.5000 2858.9487   14.6037
    0.0000   15.0000   -7.5000 2887.5720   14.2812
    7.5000   15.0000   -7.5000 2899.7170   14.3549
   -7.5000   22.5000   -7.5000 2833.0793   15.0657
    0.0000   22.5000   -7.5000 2861.5684   14.6909
    7.5000   22.5000   -7.5000 2873.8354   14.7941
   -7.5000   30.0000   -7.5000 2777.3765   15.9475
    0.0000   30.0000   -7.5000 2807.6174   15.5373
    7.5000   30.0000   -7.5000 2817.3103   15.5863
   -7.5000   37.5000   -7.5000 2693.4744   17.1383
    0.0000   37.5000   -7.5000 2722.7224   16.7175
    7.5000   37.5000   -7.5000 2728.0369   16.7594
   -7.5000   45.0000   -7.5000 2588.1165   18.6772
    0.0000   45.0000   -7.5000 2615.4519   18.2740
    7.5000   45.0000   -7.5000 2617.7439   18.2875
   -7.5000  -45.0000    0.0000 2155.5581   25.8614
    0.0000  -45.0000    0.0000 2180.9248   25.5209
    7.5000  -45.0000    0.0000 2185.5876   25.4368
   -7.5000  -37.5000    0.0000 2303.8560   22.4617
    0.0000  -37.5000    0.0000 2330.8093   22.1027
    7.5000  -37.5000    0.0000 2336.2898   22.0244
   -7.5000  -30.0000    0.0000 2425.2356   19.9623
    0.0000  -30.0000    0.0000 2447.2651   19.6180
    7.5000  -30.0000    0.0000 2458.1494   19.5489
   -7.5000  -22.5000    0.0000 2539.5974   18.0495
    0.0000  -22.5000    0.0000 2562.6543   17.7451
    7.5000  -22.5000    0.0000 2578.1167   17.7512
   -7.5000  -15.0000    0.0000 2640.4888   16.6034
    0.0000  -15.0000    0.0000 2671.4084   16.3302
    7.5000  -15.0000    0.0000 2686.0244   16.4062
   -7.5000   -7.5000    0.0000 2738.8208   15.5011
    0.0000   -7.5000    0.0000 2778.1628   15.2951
    7.5000   -7.5000    0.0000 2790.0308   15.3710
   -7.5000    0.0000    0.0000 2828.0510   14.7155
    0.0000    0.0000    0.0000 2870.8103   14.5346
    7.5000    0.0000    0.0000 2885.0088   14.5720
   -7.5000    7.5000    0.0000 2881.9036   14.1986
    0.0000    7.5000    0.0000 2927.0154   13.9245
    7.5000    7.5000    0.0000 2945.0188   14.0240
   -7.5000   15.0000    0.0000 2896.1838   14.2475
    0.0000   15.0000    0.0000 2932.4133   13.8194
    7.5000   15.0000    0.0000 2944.1047   13.9856
   -7.5000   22.5000    0.0000 2866.5620   14.7867
    0.0000   22.5000    0.0000 2901.0500   14.3467
    7.5000   22.5000    0.0000 2917.7563   14.4504
   -7.5000   30.0000    0.0000 2805.7180   15.6444
    0.0000   30.0000    0.0000 2842.3857   15.2114
    7.5000   30.0000    0.0000 2858.2588   15.2991
   -7.5000   37.5000    0.0000 2713.5073   16.8080
    0.0000   37.5000    0.0000 2750.3777   16.4245
    7.5000   37.5000    0.0000 2762.8789   16.4725
   -7.5000   45.0000    0.0000 2602.6956   18.3443
    0.0000   45.0000    0.0000 2637.2886   17.9987
    7.5000   45.0000    0.0000 2641.9065   17.9843
   -7.5000  -45.0000    7.5000 2151.0896   25.9747
    0.0000  -45.0000    7.5000 2174.3889   25.6077
    7.5000  -45.0000    7.5000 2180.2876   25.5257
   -7.5000  -37.5000    7.5000 2303.4707   22.5835
    0.0000  -37.5000    7.5000 2326.6309   22.1912
    7.5000  -37.5000    7.5000 2330.1223   22.1275
   -7.5000  -30.0000    7.5000 2426.6399   20.0546
    0.0000  -30.0000    7.5000 2449.2546   19.6769
    7.5000  -30.0000    7.5000 2457.4338   19.6151
   -7.5000  -22.5000    7.5000 2540.2573   18.1460
    0.0000  -22.5000    7.5000 2569.5173   17.7909
    7.5000  -22.5000    7.5000 2579.5596   17.7622
   -7.5000  -15.0000    7.5000 2640.0793   16.6569
    0.0000  -15.0000    7.5000 2672.1694   16.3447
    7.5000  -15.0000    7.5000 2686.6494   16.3976
   -7.5000   -7.5000    7.5000 2743.1619   15.5744
    0.0000   -7.5000    7.5000 2779.4028   15.3147
    7.5000   -7.5000    7.5000 2796.0942   15.4003
   -7.5000    0.0000    7.5000 2838.5144   14.7745
    0.0000    0.0000    7.5000 2887.0447   14.6261
    7.5000    0.0000    7.5000 2910.5991   14.6662
   -7.5000    7.5000    7.5000 2907.5337   14.3434
    0.0000    7.5000    7.5000 2966.8335   14.0911
    7.5000    7.5000    7.5000 2991.3130   14.1553
   -7.5000   15.0000    7.5000 2921.9751   14.3502
    0.0000   15.0000    7.5000 2980.0820   13.9901
    7.5000   15.0000    7.5000 2984.4656   14.0600
   -7.5000   22.5000    7.5000 2888.9272   14.8504
    0.0000   22.5000    7.5000 2941.7051   14.5289
    7.5000   22.5000    7.5000 2946.2209   14.5168
   -7.5000   30.0000    7.5000 2817.4214   15.6197
    0.0000   30.0000    7.5000 2865.3555   15.3161
    7.5000   30.0000    7.5000 2873.0962   15.3012
   -7.5000   37.5000    7.5000 2718.1611   16.7317
    0.0000   37.5000    7.5000 2763.3342   16.4504
    7.5000   37.5000    7.5000 2772.5793   16.4098
   -7.5000   45.0000    7.5000 2605.2590   18.2670
    0.0000   45.0000    7.5000 2643.3074   17.9951
    7.5000   45.0000    7.5000 2647.4495   17.9327
   -7.5000  -45.0000   15.0000 2133.0393   26.5674
    0.0000  -45.0000   15.0000 2157.2869   26.0162
    7.5000  -45.0000   15.0000 2158.4402   25.9569
   -7.5000  -37.5000   15.0000 2290.5142   23.0474
    0.0000  -37.5000   15.0000 2313.1597   22.4429
    7.5000  -37.5000   15.0000 2316.3694   22.3879
   -7.5000  -30.0000   15.0000 2417.0940   20.4217
    0.0000  -30.0000   15.0000 2440.4263   19.8910
    7.5000  -30.0000   15.0000 2449.6855   19.8496
   -7.5000  -22.5000   15.0000 2529.1074   18.5244
    0.0000  -22.5000   15.0000 2552.6245   18.0299
    7.5000  -22.5000   15.0000 2568.5876   17.9816
   -7.5000  -15.0000   15.0000 2626.7373   17.0674
    0.0000  -15.0000   15.0000 2657.9885   16.7177
    7.5000  -15.0000   15.0000 2679.5718   16.6811
   -7.5000   -7.5000   15.0000 2732.1843   15.9296
    0.0000   -7.5000   15.0000 2775.6377   15.7541
    7.5000   -7.5000   15.0000 2795.4209   15.7234
   -7.5000    0.0000   15.0000 2828.5229   15.1942
    0.0000    0.0000   15.0000 2891.9146   15.0655
    7.5000    0.0000   15.0000 2903.5544   14.9774
   -7.5000    7.5000   15.0000 2891.9558   14.7989
    0.0000    7.5000   15.0000 2974.0420   14.6581
    7.5000    7.5000   15.0000 2976.4395   14.5296
   -7.5000   15.0000   15.0000 2905.8984   14.8283
    0.0000   15.0000   15.0000 2986.9749   14.6961
    7.5000   15.0000   15.0000 2980.0132   14.5957
   -7.5000   22.5000   15.0000 2877.6897   15.2536
    0.0000   22.5000   15.0000 2943.0247   15.0896
    7.5000   22.5000   15.0000 2937.2751   14.9830
   -7.5000   30.0000   15.0000 2806.7632   15.9068
    0.0000   30.0000   15.0000 2854.6045   15.6943
    7.5000   30.0000   15.0000 2851.8584   15.6217
   -7.5000   37.5000   15.0000 2705.9548   16.9658
    0.0000   37.5000   15.0000 2745.6265   16.7075
    7.5000   37.5000   15.0000 2750.9177   16.6364
   -7.5000   45.0000   15.0000 2587.4419   18.4607
    0.0000   45.0000   15.0000 2624.0051   18.1488
    7.5000   45.0000   15.0000 2627.2102   18.0523
   -7.5000  -45.0000   22.5000 2110.0361   27.4043
    0.0000  -45.0000   22.5000 2125.3530   26.6710
    7.5000  -45.0000   22.5000 2129.6516   26.5533
   -7.5000  -37.5000   22.5000 2271.9141   23.7651
    0.0000  -37.5000   22.5000 2298.7866   23.1271
    7.5000  -37.5000   22.5000 2304.7717   22.9470
   -7.5000  -30.0000   22.5000 2398.4065   21.1278
    0.0000  -30.0000   22.5000 2429.0029   20.5988
    7.5000  -30.0000   22.5000 2441.1995   20.4256
   -7.5000  -22.5000   22.5000 2510.1328   19.2244
    0.0000  -22.5000   22.5000 2546.7434   18.8328
    7.5000  -22.5000   22.5000 2561.9922   18.6875
   -7.5000  -15.0000   22.5000 2616.9634   17.7897
    0.0000  -15.0000   22.5000 2658.9121   17.5099
    7.5000  -15.0000   22.5000 2674.7861   17.4010
   -7.5000   -7.5000   22.5000 2717.3906   16.6722
    0.0000   -7.5000   22.5000 2761.9883   16.4127
    7.5000   -7.5000   22.5000 2779.1458   16.3289
   -7.5000    0.0000   22.5000 2811.6106   15.9021
    0.0000    0.0000   22.5000 2857.9734   15.5993
    7.5000    0.0000   22.5000 2869.4646   15.4538
   -7.5000    7.5000   22.5000 2865.3735   15.4923
    0.0000    7.5000   22.5000 2920.5183   15.1784
    7.5000    7.5000   22.5000 2936.1948   15.0632
   -7.5000   15.0000   22.5000 2868.8035   15.5266
    0.0000   15.0000   22.5000 2928.4568   15.2509
    7.5000   15.0000   22.5000 2940.0515   15.1818
   -7.5000   22.5000   22.5000 2836.4597   15.9126
    0.0000   22.5000   22.5000 2891.5837   15.6494
    7.5000   22.5000   22.5000 2895.4297   15.5742
   -7.5000   30.0000   22.5000 2769.2517   16.5736
    0.0000   30.0000   22.5000 2813.4614   16.3089
    7.5000   30.0000   22.5000 2815.0586   16.2477
   -7.5000   37.5000   22.5000 2668.4294   17.5977
    0.0000   37.5000   22.5000 2709.0886   17.3149
    7.5000   37.5000   22.5000 2711.6882   17.2383
   -7.5000   45.0000   22.5000 2556.3792   18.9674
    0.0000   45.0000   22.5000 2592.4011   18.6482
    7.5000   45.0000   22.5000 2595.6729   18.5506
   -7.5000  -45.0000   30.0000 2083.7781   28.4861
    0.0000  -45.0000   30.0000 2101.3762   27.7429
    7.5000  -45.0000   30.0000 2103.6670   27.5757
   -7.5000  -37.5000   30.0000 2246.7405   24.7735
    0.0000  -37.5000   30.0000 2278.2144   24.1730
    7.5000  -37.5000   30.0000 2282.0903   23.9795
   -7.5000  -30.0000   30.0000 2373.9548   22.1360
    0.0000  -30.0000   30.0000 2406.3989   21.6099
    7.5000  -30.0000   30.0000 2417.6296   21.4099
   -7.5000  -22.5000   30.0000 2492.6792   20.2298
    0.0000  -22.5000   30.0000 2528.9275   19.7491
    7.5000  -22.5000   30.0000 2541.1318   19.5680
   -7.5000  -15.0000   30.0000 2593.8696   18.7856
    0.0000  -15.0000   30.0000 2630.5593   18.3292
    7.5000  -15.0000   30.0000 2644.5134   18.1671
   -7.5000   -7.5000   30.0000 2689.1384   17.6284
    0.0000   -7.5000   30.0000 2730.5857   17.1537
    7.5000   -7.5000   30.0000 2743.8594   16.9915
   -7.5000    0.0000   30.0000 2766.8606   16.7596
    0.0000    0.0000   30.0000 2810.8484   16.2893
    7.5000    0.0000   30.0000 2818.5085   16.1313
   -7.5000    7.5000   30.0000 2807.7510   16.3216
    0.0000    7.5000   30.0000 2852.5425   15.8992
    7.5000    7.5000   30.0000 2866.8083   15.7790
   -7.5000   15.0000   30.0000 2808.5166   16.3455
    0.0000   15.0000   30.0000 2856.5164   15.9606
    7.5000   15.0000   30.0000 2868.9263   15.8790
   -7.5000   22.5000   30.0000 2767.6592   16.7278
    0.0000   22.5000   30.0000 2814.6443   16.3804
    7.5000   22.5000   30.0000 2823.0732   16.2781
   -7.5000   30.0000   30.0000 2700.2307   17.4002
    0.0000   30.0000   30.0000 2741.8496   17.0778
    7.5000   30.0000   30.0000 2750.1130   17.0018
   -7.5000   37.5000   30.0000 2614.2930   18.4766
    0.0000   37.5000   30.0000 2648.8159   18.1395
    7.5000   37.5000   30.0000 2654.9036   18.0629
   -7.5000   45.0000   30.0000 2505.1089   19.8466
    0.0000   45.0000   30.0000 2536.9741   19.5238
    7.5000   45.0000   30.0000 2541.0166   19.3780
   -7.5000  -45.0000   37.5000 2045.7061   29.7138
    0.0000  -45.0000   37.5000 2072.3276   28.9574
    7.5000  -45.0000   37.5000 2078.0125   28.7226
   -7.5000  -37.5000   37.5000 2211.8235   26.0548
    0.0000  -37.5000   37.5000 2243.4197   25.3093
    7.5000  -37.5000   37.5000 2256.6438   25.1029
   -7.5000  -30.0000   37.5000 2338.6377   23.3258
    0.0000  -30.0000   37.5000 2374.0469   22.6557
    7.5000  -30.0000   37.5000 2387.8831   22.4722
   -7.5000  -22.5000   37.5000 2456.5198   21.3712
    0.0000  -22.5000   37.5000 2491.9954   20.7368
    7.5000  -22.5000   37.5000 2508.1709   20.5619
   -7.5000  -15.0000   37.5000 2550.7539   19.8907
    0.0000  -15.0000   37.5000 2590.7717   19.2587
    7.5000  -15.0000   37.5000 2604.0137   19.0488
   -7.5000   -7.5000   37.5000 2639.7319   18.6656
    0.0000   -7.5000   37.5000 2682.7061   18.0690
    7.5000   -7.5000   37.5000 2694.8281   17.8394
   -7.5000    0.0000   37.5000 2708.0886   17.7610
    0.0000    0.0000   37.5000 2751.6763   17.2302
    7.5000    0.0000   37.5000 2758.1194   17.0169
   -7.5000    7.5000   37.5000 2743.4150   17.3073
    0.0000    7.5000   37.5000 2786.6389   16.8572
    7.5000    7.5000   37.5000 2793.1536   16.6678
   -7.5000   15.0000   37.5000 2727.8564   17.3257
    0.0000   15.0000   37.5000 2775.0706   16.8819
    7.5000   15.0000   37.5000 2791.1050   16.7493
   -7.5000   22.5000   37.5000 2692.0269   17.6783
    0.0000   22.5000   37.5000 2736.2148   17.2853
    7.5000   22.5000   37.5000 2742.5010   17.1472
   -7.5000   30.0000   37.5000 2627.0701   18.4169
    0.0000   30.0000   37.5000 2665.5037   18.0389
    7.5000   30.0000   37.5000 2673.4094   17.9029
   -7.5000   37.5000   37.5000 2547.7058   19.4691
    0.0000   37.5000   37.5000 2579.1279   19.0768
    7.5000   37.5000   37.5000 2588.2810   18.9866
   -7.5000   45.0000   37.5000 2442.8987   20.8465
    0.0000   45.0000   37.5000 2471.9189   20.4924
    7.5000   45.0000   37.5000 2475.4375   20.3611
   -7.5000  -45.0000   45.0000 2002.5399   31.4074
    0.0000  -45.0000   45.0000 2035.2280   30.5417
    7.5000  -45.0000   45.0000 2045.8474   30.2506
   -7.5000  -37.5000   45.0000 2161.0854   27.5228
    0.0000  -37.5000   45.0000 2200.2371   26.7796
    7.5000  -37.5000   45.0000 2217.7952   26.5377
   -7.5000  -30.0000   45.0000 2289.8030   24.7160
    0.0000  -30.0000   45.0000 2332.1592   24.0050
    7.5000  -30.0000   45.0000 2347.7141   23.7695
   -7.5000  -22.5000   45.0000 2402.8416   22.7242
    0.0000  -22.5000   45.0000 2443.8645   21.9970
    7.5000  -22.5000   45.0000 2461.0044   21.8183
   -7.5000  -15.0000   45.0000 2488.5161   21.1804
    0.0000  -15.0000   45.0000 2533.4045   20.4813
    7.5000  -15.0000   45.0000 2547.8547   20.2720
   -7.5000   -7.5000   45.0000 2571.0720   19.9139
    0.0000   -7.5000   45.0000 2612.6814   19.2623
    7.5000   -7.5000   45.0000 2627.2266   19.0411
   -7.5000    0.0000   45.0000 2634.1055   18.9830
    0.0000    0.0000   45.0000 2672.7354   18.4239
    7.5000    0.0000   45.0000 2674.5601   18.1947
   -7.5000    7.5000   45.0000 2660.1958   18.5177
    0.0000    7.5000   45.0000 2701.1980   18.0296
    7.5000    7.5000   45.0000 2700.3237   17.8136
   -7.5000   15.0000   45.0000 2636.7358   18.5541
    0.0000   15.0000   45.0000 2685.3760   18.0463
    7.5000   15.0000   45.0000 2695.9255   17.8756
   -7.5000   22.5000   45.0000 2606.2571   18.8786
    0.0000   22.5000   45.0000 2647.8057   18.4556
    7.5000   22.5000   45.0000 2656.3772   18.2865
   -7.5000   30.0000   45.0000 2546.4905   19.6083
    0.0000   30.0000   45.0000 2584.7515   19.1938
    7.5000   30.0000   45.0000 2594.6284   19.0240
   -7.5000   37.5000   45.0000 2469.9250   20.7107
    0.0000   37.5000   45.0000 2501.1082   20.2948
    7.5000   37.5000   45.0000 2512.3616   20.1292
   -7.5000   45.0000   45.0000 2367.9175   22.1401
    0.0000   45.0000   45.0000 2393.9021   21.7151
    7.5000   45.0000   45.0000 2400.6262   21.5500

---------------------------------------------------------------------
imgreg_4dfp /opt/freesurfer/average/711-2C_as_mni_average_305 /opt/freesurfer/average/711-2B_as_mni_average_305_mask talsrcimg_g11 none talsrcimg_to_711-2C_as_mni_average_305_t4 1283
---------------------------------------------------------------------

freesurfer imgreg_4dfp.c
/opt/freesurfer/average/711-2C_as_mni_average_305.4dfp.img
       256       256       256         1
  1.000000  1.000000  1.000000
orientation T byte_order littleendian
Reading image: /opt/freesurfer/average/711-2C_as_mni_average_305.4dfp.img
dimensions:      256       256       256
mmppix:       1.0000   -1.0000   -1.0000
center:     128.0000 -129.0000 -129.0000
/opt/freesurfer/average/711-2B_as_mni_average_305_mask.4dfp.img
       256       256       256         1
  1.000000  1.000000  1.000000
orientation T byte_order littleendian
Reading mask: /opt/freesurfer/average/711-2B_as_mni_average_305_mask.4dfp.img (2306576 pixels)
talsrcimg_g11.4dfp.img
       256       256       256         1
  1.000000  1.000000  1.000000
orientation T byte_order littleendian
Reading image: talsrcimg_g11.4dfp.img
dimensions:      256       256       256
mmppix:       1.0000   -1.0000   -1.0000
center:     128.0000 -129.0000 -129.0000
rotation matrix determinant  1.000000
fimgreg.f
image alignment mode   1283 decimal      503 hex
parameters
    7.5000    7.5000    7.5000    0.0000    0.0000    0.0000
eta,q 0.93813 14.24212
niter,ni,del,rscale     5    3   12.0000    1.2000
parameter  2 -0.934260 -> -0.500000 qaram    1.1500
parameter  3 -0.978937 -> -0.500000 qaram    1.1500
parameter  4 -0.523323 -> -0.500000 qaram    1.1500
parameter  5  4.050757 ->  0.500000 qaram    1.1500
parameter  6  0.583850 ->  0.500000 qaram    1.1500
parameters
    5.5588   10.9500   10.9500    3.4500   -3.4500   -3.4500
eta,q 0.95566 14.04301
  0.0695  0.0759  0.0711  0.0651  0.0436  0.0453
  0.0655  0.0725  0.0676  0.0630  0.0449  0.0444
  0.0649  0.0689  0.0640  0.0595  0.0489  0.0445
  0.0663  0.0649  0.0608  0.0564  0.0553  0.0458
  0.0696  0.0615  0.0575  0.0549  0.0622  0.0485
  0.0723  0.0605  0.0561  0.0557  0.0667  0.0520
  0.0768  0.0621  0.0576  0.0570  0.0708  0.0556
niter,ni,del,rscale     7    3   12.0000    1.2000
parameters
    5.3777   10.5522   11.7831    3.9362   -5.8194   -2.7649
eta,q 0.95806 14.19782
  0.0628  0.0591  0.0642  0.0574  0.0496  0.0510
  0.0538  0.0505  0.0559  0.0510  0.0434  0.0466
  0.0467  0.0439  0.0474  0.0443  0.0422  0.0437
  0.0443  0.0443  0.0438  0.0440  0.0443  0.0422
  0.0476  0.0487  0.0457  0.0466  0.0499  0.0421
  0.0555  0.0549  0.0506  0.0497  0.0575  0.0443
  0.0650  0.0599  0.0564  0.0527  0.0648  0.0484
niter,ni,del,rscale     6    3   12.0000    1.2000
parameters
    5.8504   10.3112   11.9411    3.9830   -6.1547   -3.0053
eta,q 0.95834 14.21123
  0.0662  0.0582  0.0604  0.0549  0.0559  0.0489
  0.0555  0.0496  0.0520  0.0469  0.0483  0.0450
  0.0462  0.0427  0.0443  0.0408  0.0427  0.0426
  0.0419  0.0419  0.0417  0.0417  0.0417  0.0416
  0.0439  0.0459  0.0449  0.0447  0.0444  0.0425
  0.0507  0.0525  0.0515  0.0484  0.0505  0.0456
  0.0600  0.0587  0.0582  0.0521  0.0585  0.0503
niter,ni,del,rscale     5    3   12.0000    1.2000
parameters
    6.0072   10.2526   11.9661    3.9600   -6.2970   -3.1155
eta,q 0.95840 14.21151
  0.0640  0.0589  0.0598  0.0548  0.0565  0.0492
  0.0535  0.0503  0.0514  0.0466  0.0489  0.0452
  0.0448  0.0431  0.0440  0.0407  0.0431  0.0426
  0.0417  0.0417  0.0416  0.0417  0.0416  0.0416
  0.0447  0.0452  0.0453  0.0449  0.0440  0.0423
  0.0522  0.0517  0.0520  0.0485  0.0496  0.0453
  0.0616  0.0582  0.0586  0.0523  0.0577  0.0500
niter,ni,del,rscale     4    3   12.0000    1.2000
parameters
    6.0669   10.2473   11.9678    3.9302   -6.3523   -3.1597
eta,q 0.95843 14.21105
  0.0634  0.0592  0.0597  0.0548  0.0567  0.0494
  0.0529  0.0506  0.0513  0.0466  0.0492  0.0453
  0.0444  0.0432  0.0439  0.0407  0.0432  0.0426
  0.0416  0.0416  0.0416  0.0416  0.0416  0.0416
  0.0450  0.0451  0.0453  0.0449  0.0438  0.0423
  0.0526  0.0515  0.0521  0.0486  0.0492  0.0452
  0.0621  0.0580  0.0587  0.0524  0.0573  0.0498
registration optimization eta report
parameter search radius
    6.0000    6.9000    6.9000    6.9000    6.9000    6.9000
100000*second partial in parameter space
       57.       35.       36.       25.       32.       17.
  0.0634  0.0592  0.0597  0.0548  0.0567  0.0494
  0.0529  0.0506  0.0513  0.0466  0.0492  0.0453
  0.0444  0.0432  0.0439  0.0407  0.0432  0.0426
  0.0416  0.0416  0.0416  0.0416  0.0416  0.0416
  0.0450  0.0451  0.0453  0.0449  0.0438  0.0423
  0.0526  0.0515  0.0521  0.0486  0.0492  0.0452
  0.0621  0.0580  0.0587  0.0524  0.0573  0.0498
    6.0669   10.2473   11.9678    3.9302   -6.3523   -3.1597
eta,q 0.95843 14.21105

---------------------------------------------------------------------
imgreg_4dfp /opt/freesurfer/average/711-2C_as_mni_average_305 /opt/freesurfer/average/711-2B_as_mni_average_305_mask talsrcimg_g11 none talsrcimg_to_711-2C_as_mni_average_305_t4 3335
---------------------------------------------------------------------

freesurfer imgreg_4dfp.c
/opt/freesurfer/average/711-2C_as_mni_average_305.4dfp.img
       256       256       256         1
  1.000000  1.000000  1.000000
orientation T byte_order littleendian
Reading image: /opt/freesurfer/average/711-2C_as_mni_average_305.4dfp.img
dimensions:      256       256       256
mmppix:       1.0000   -1.0000   -1.0000
center:     128.0000 -129.0000 -129.0000
/opt/freesurfer/average/711-2B_as_mni_average_305_mask.4dfp.img
       256       256       256         1
  1.000000  1.000000  1.000000
orientation T byte_order littleendian
Reading mask: /opt/freesurfer/average/711-2B_as_mni_average_305_mask.4dfp.img (2306576 pixels)
talsrcimg_g11.4dfp.img
       256       256       256         1
  1.000000  1.000000  1.000000
orientation T byte_order littleendian
Reading image: talsrcimg_g11.4dfp.img
dimensions:      256       256       256
mmppix:       1.0000   -1.0000   -1.0000
center:     128.0000 -129.0000 -129.0000
fimgreg.f
image alignment mode   3335 decimal      D07 hex
parameters
    6.0669   10.2473   11.9678   -0.7650   -0.4286   -0.8477
    6.2561   10.6435   -5.4781   -7.4522  -11.0641    6.8121
eta,q 0.95745 14.35033
niter,ni,del,rscale     5    3    5.0000    1.2000
parameter  4  0.870085 ->  0.500000 qaram    1.1500
parameter  5  4.928823 ->  0.500000 qaram    1.1500
parameter 12  1.750514 ->  0.500000 qaram    1.1500
parameters
    6.0452   10.3400   11.8472   -4.9050   -4.5686   -4.3705
    4.5116   10.8362   -4.1847   -9.7442  -11.3123    2.6721
eta,q 0.96907 14.19898
  0.0466  0.0445  0.0451  0.0392  0.0310  0.0339  0.0345  0.0389  0.0358  0.0346  0.0339  0.0302
  0.0443  0.0435  0.0436  0.0389  0.0332  0.0334  0.0336  0.0360  0.0345  0.0331  0.0332  0.0307
  0.0430  0.0428  0.0427  0.0398  0.0359  0.0333  0.0332  0.0340  0.0336  0.0326  0.0327  0.0315
  0.0426  0.0426  0.0425  0.0425  0.0389  0.0339  0.0333  0.0331  0.0331  0.0330  0.0326  0.0326
  0.0431  0.0426  0.0430  0.0467  0.0419  0.0371  0.0339  0.0334  0.0331  0.0344  0.0328  0.0339
  0.0445  0.0432  0.0441  0.0514  0.0449  0.0427  0.0351  0.0352  0.0335  0.0367  0.0333  0.0355
  0.0467  0.0443  0.0455  0.0563  0.0485  0.0496  0.0367  0.0387  0.0344  0.0393  0.0341  0.0370
niter,ni,del,rscale     7    3    5.0000    1.2000
parameter  3  1.017838 ->  0.500000 qaram    1.1500
parameter  5  1.232217 ->  0.500000 qaram    1.3225
parameter 12  0.516455 ->  0.500000 qaram    1.3225
parameters
    5.8477    9.1835   10.4672   -6.1401   -9.3296   -4.6597
    4.2768   11.0475   -4.3045   -9.6739  -12.7410   -2.0889
eta,q 0.97583 14.10021
  0.0342  0.0311  0.0284  0.0324  0.0241  0.0283  0.0277  0.0306  0.0273  0.0295  0.0257  0.0248
  0.0323  0.0303  0.0285  0.0307  0.0244  0.0270  0.0261  0.0277  0.0259  0.0270  0.0251  0.0242
  0.0312  0.0303  0.0291  0.0294  0.0261  0.0258  0.0252  0.0258  0.0251  0.0254  0.0248  0.0242
  0.0309  0.0309  0.0302  0.0286  0.0288  0.0247  0.0249  0.0249  0.0248  0.0248  0.0248  0.0248
  0.0316  0.0322  0.0317  0.0293  0.0325  0.0242  0.0253  0.0251  0.0251  0.0254  0.0252  0.0259
  0.0332  0.0340  0.0336  0.0323  0.0368  0.0260  0.0264  0.0268  0.0260  0.0268  0.0258  0.0275
  0.0355  0.0363  0.0357  0.0369  0.0407  0.0306  0.0281  0.0304  0.0275  0.0293  0.0268  0.0294
niter,ni,del,rscale     7    3    5.0000    1.2000
parameters
    5.8187    9.6212    9.7791   -5.8793  -12.5239   -4.3342
    4.2110   11.2930   -4.3081   -8.4142  -13.0191   -2.2165
eta,q 0.97707 14.01924
  0.0281  0.0291  0.0253  0.0289  0.0261  0.0268  0.0264  0.0295  0.0256  0.0286  0.0244  0.0256
  0.0260  0.0267  0.0243  0.0269  0.0241  0.0254  0.0246  0.0262  0.0242  0.0258  0.0234  0.0240
  0.0246  0.0251  0.0239  0.0251  0.0232  0.0242  0.0234  0.0240  0.0233  0.0239  0.0230  0.0231
  0.0242  0.0242  0.0240  0.0239  0.0238  0.0232  0.0230  0.0230  0.0230  0.0230  0.0229  0.0229
  0.0247  0.0241  0.0247  0.0238  0.0262  0.0225  0.0235  0.0234  0.0233  0.0231  0.0231  0.0233
  0.0261  0.0249  0.0260  0.0257  0.0299  0.0239  0.0247  0.0254  0.0242  0.0240  0.0237  0.0242
  0.0284  0.0265  0.0279  0.0292  0.0343  0.0273  0.0265  0.0289  0.0257  0.0257  0.0245  0.0257
niter,ni,del,rscale     6    3    5.0000    1.2000
parameters
    5.8197    9.9995    9.7850   -5.3881  -12.9860   -4.5041
    4.2636   11.3363   -4.3554   -7.9621  -12.8169   -2.5648
eta,q 0.97720 14.00741
  0.0271  0.0274  0.0254  0.0284  0.0280  0.0263  0.0262  0.0290  0.0252  0.0271  0.0245  0.0252
  0.0249  0.0252  0.0239  0.0262  0.0254  0.0250  0.0244  0.0258  0.0239  0.0247  0.0235  0.0237
  0.0234  0.0237  0.0231  0.0243  0.0235  0.0238  0.0232  0.0236  0.0231  0.0233  0.0229  0.0229
  0.0229  0.0229  0.0228  0.0228  0.0227  0.0227  0.0228  0.0228  0.0228  0.0228  0.0228  0.0228
  0.0234  0.0230  0.0231  0.0226  0.0234  0.0222  0.0232  0.0233  0.0231  0.0231  0.0230  0.0232
  0.0248  0.0238  0.0240  0.0245  0.0258  0.0240  0.0244  0.0254  0.0239  0.0242  0.0234  0.0241
  0.0272  0.0252  0.0253  0.0281  0.0296  0.0282  0.0262  0.0291  0.0253  0.0260  0.0242  0.0255
niter,ni,del,rscale     5    3    5.0000    1.2000
parameters
    5.8130   10.1045    9.7205   -5.2620  -13.0278   -4.5605
    4.2800   11.3063   -4.4634   -7.7336  -12.6839   -2.6976
eta,q 0.97721 14.00605
  0.0271  0.0264  0.0252  0.0281  0.0284  0.0264  0.0262  0.0289  0.0251  0.0268  0.0245  0.0253
  0.0248  0.0245  0.0237  0.0260  0.0258  0.0250  0.0244  0.0257  0.0239  0.0245  0.0234  0.0238
  0.0233  0.0233  0.0230  0.0241  0.0238  0.0238  0.0232  0.0236  0.0231  0.0232  0.0229  0.0229
  0.0228  0.0228  0.0228  0.0228  0.0227  0.0228  0.0228  0.0228  0.0228  0.0228  0.0228  0.0228
  0.0233  0.0231  0.0231  0.0228  0.0232  0.0221  0.0232  0.0234  0.0231  0.0232  0.0229  0.0231
  0.0248  0.0241  0.0240  0.0250  0.0254  0.0239  0.0244  0.0255  0.0239  0.0243  0.0234  0.0240
  0.0272  0.0258  0.0253  0.0287  0.0290  0.0279  0.0262  0.0292  0.0253  0.0262  0.0243  0.0254
niter,ni,del,rscale     4    3    5.0000    1.2000
parameters
    5.8041   10.1543    9.6816   -5.2257  -13.0402   -4.5940
    4.3029   11.2725   -4.5266   -7.6266  -12.6176   -2.7566
eta,q 0.97720 14.00461
  0.0271  0.0262  0.0252  0.0280  0.0284  0.0264  0.0262  0.0289  0.0252  0.0266  0.0244  0.0254
  0.0248  0.0243  0.0237  0.0259  0.0258  0.0250  0.0244  0.0257  0.0239  0.0244  0.0234  0.0238
  0.0233  0.0232  0.0230  0.0241  0.0238  0.0239  0.0232  0.0236  0.0231  0.0231  0.0229  0.0230
  0.0228  0.0228  0.0228  0.0228  0.0228  0.0228  0.0228  0.0228  0.0228  0.0228  0.0228  0.0228
  0.0233  0.0231  0.0231  0.0229  0.0232  0.0221  0.0232  0.0234  0.0231  0.0232  0.0229  0.0231
  0.0248  0.0242  0.0239  0.0251  0.0254  0.0239  0.0244  0.0255  0.0239  0.0244  0.0234  0.0239
  0.0272  0.0259  0.0253  0.0288  0.0290  0.0279  0.0262  0.0292  0.0253  0.0263  0.0243  0.0254
niter,ni,del,rscale     3    3    5.0000    1.2000
parameters
    5.7966   10.1803    9.6576   -5.2098  -13.0487   -4.6129
    4.3147   11.2521   -4.5645   -7.5704  -12.5774   -2.7880
eta,q 0.97720 14.00362
  0.0271  0.0261  0.0253  0.0280  0.0284  0.0264  0.0262  0.0289  0.0252  0.0266  0.0244  0.0254
  0.0248  0.0243  0.0238  0.0259  0.0258  0.0251  0.0244  0.0257  0.0239  0.0244  0.0234  0.0238
  0.0233  0.0232  0.0230  0.0241  0.0238  0.0239  0.0232  0.0236  0.0231  0.0231  0.0229  0.0230
  0.0228  0.0228  0.0228  0.0228  0.0228  0.0228  0.0228  0.0228  0.0228  0.0228  0.0228  0.0228
  0.0233  0.0232  0.0231  0.0229  0.0232  0.0221  0.0232  0.0234  0.0231  0.0233  0.0230  0.0231
  0.0248  0.0242  0.0239  0.0251  0.0254  0.0238  0.0244  0.0255  0.0239  0.0245  0.0235  0.0239
  0.0272  0.0259  0.0252  0.0289  0.0290  0.0279  0.0262  0.0292  0.0252  0.0263  0.0243  0.0253
niter,ni,del,rscale     2    3    5.0000    1.2000
parameters
    5.7925   10.1963    9.6430   -5.2004  -13.0540   -4.6277
    4.3218   11.2397   -4.5813   -7.5384  -12.5604   -2.8150
eta,q 0.97719 14.00278
  0.0271  0.0261  0.0253  0.0280  0.0284  0.0264  0.0262  0.0289  0.0252  0.0265  0.0244  0.0254
  0.0248  0.0243  0.0238  0.0259  0.0258  0.0251  0.0244  0.0257  0.0239  0.0244  0.0234  0.0239
  0.0233  0.0232  0.0230  0.0241  0.0238  0.0239  0.0232  0.0236  0.0231  0.0231  0.0229  0.0230
  0.0228  0.0228  0.0228  0.0228  0.0228  0.0228  0.0228  0.0228  0.0228  0.0228  0.0228  0.0228
  0.0233  0.0232  0.0231  0.0229  0.0232  0.0222  0.0232  0.0234  0.0231  0.0233  0.0230  0.0231
  0.0248  0.0242  0.0239  0.0251  0.0254  0.0238  0.0244  0.0255  0.0239  0.0245  0.0235  0.0239
  0.0272  0.0260  0.0252  0.0289  0.0289  0.0279  0.0262  0.0292  0.0252  0.0263  0.0243  0.0253
registration optimization eta report
parameter search radius
    2.4000    2.4000    2.7600    8.2800    9.5220    7.2000
    7.2000    7.2000    7.2000    7.2000    7.2000    9.5220
100000*second partial in parameter space
       75.       56.       32.        8.        6.        9.
        6.       12.        5.        7.        3.        3.
  0.0271  0.0261  0.0253  0.0280  0.0284  0.0264  0.0262  0.0289  0.0252  0.0265  0.0244  0.0254
  0.0248  0.0243  0.0238  0.0259  0.0258  0.0251  0.0244  0.0257  0.0239  0.0244  0.0234  0.0239
  0.0233  0.0232  0.0230  0.0241  0.0238  0.0239  0.0232  0.0236  0.0231  0.0231  0.0229  0.0230
  0.0228  0.0228  0.0228  0.0228  0.0228  0.0228  0.0228  0.0228  0.0228  0.0228  0.0228  0.0228
  0.0233  0.0232  0.0231  0.0229  0.0232  0.0222  0.0232  0.0234  0.0231  0.0233  0.0230  0.0231
  0.0248  0.0242  0.0239  0.0251  0.0254  0.0238  0.0244  0.0255  0.0239  0.0245  0.0235  0.0239
  0.0272  0.0260  0.0252  0.0289  0.0289  0.0279  0.0262  0.0292  0.0252  0.0263  0.0243  0.0253
    5.7925   10.1963    9.6430   -5.2004  -13.0540   -4.6277
    4.3218   11.2397   -4.5813   -7.5384  -12.5604   -2.8150
eta,q 0.97719 14.00278

---------------------------------------------------------------------
imgreg_4dfp /opt/freesurfer/average/711-2C_as_mni_average_305 /opt/freesurfer/average/711-2B_as_mni_average_305_mask talsrcimg_g11 none talsrcimg_to_711-2C_as_mni_average_305_t4 2311
---------------------------------------------------------------------

freesurfer imgreg_4dfp.c
/opt/freesurfer/average/711-2C_as_mni_average_305.4dfp.img
       256       256       256         1
  1.000000  1.000000  1.000000
orientation T byte_order littleendian
Reading image: /opt/freesurfer/average/711-2C_as_mni_average_305.4dfp.img
dimensions:      256       256       256
mmppix:       1.0000   -1.0000   -1.0000
center:     128.0000 -129.0000 -129.0000
/opt/freesurfer/average/711-2B_as_mni_average_305_mask.4dfp.img
       256       256       256         1
  1.000000  1.000000  1.000000
orientation T byte_order littleendian
Reading mask: /opt/freesurfer/average/711-2B_as_mni_average_305_mask.4dfp.img (2306576 pixels)
talsrcimg_g11.4dfp.img
       256       256       256         1
  1.000000  1.000000  1.000000
orientation T byte_order littleendian
Reading image: talsrcimg_g11.4dfp.img
dimensions:      256       256       256
mmppix:       1.0000   -1.0000   -1.0000
center:     128.0000 -129.0000 -129.0000
fimgreg.f
image alignment mode   2311 decimal      907 hex
parameters
    5.7925   10.1963    9.6430   -5.2004  -13.0540   -4.6277
    4.3218   11.2397   -4.5813   -7.5384  -12.5604   -2.8150
eta,q 0.97719 14.00278
niter,ni,del,rscale     5    3    5.0000    0.8000
parameters
    5.7998   10.1904    9.5669   -4.4412  -12.6137   -3.8280
    4.2171   11.2935   -4.5467   -7.3069  -12.4899   -2.9583
eta,q 0.97771 14.05478
  0.0248  0.0243  0.0235  0.0254  0.0245  0.0249  0.0239  0.0258  0.0235  0.0244  0.0232  0.0230
  0.0237  0.0234  0.0231  0.0244  0.0236  0.0240  0.0230  0.0240  0.0228  0.0232  0.0227  0.0226
  0.0230  0.0230  0.0229  0.0235  0.0230  0.0233  0.0225  0.0228  0.0224  0.0225  0.0224  0.0223
  0.0228  0.0228  0.0228  0.0228  0.0227  0.0226  0.0223  0.0223  0.0223  0.0223  0.0223  0.0223
  0.0230  0.0230  0.0229  0.0226  0.0226  0.0221  0.0225  0.0226  0.0224  0.0225  0.0224  0.0224
  0.0237  0.0235  0.0232  0.0232  0.0231  0.0225  0.0231  0.0238  0.0228  0.0230  0.0227  0.0227
  0.0248  0.0243  0.0236  0.0244  0.0241  0.0242  0.0240  0.0257  0.0234  0.0240  0.0232  0.0230
niter,ni,del,rscale     4    3    5.0000    0.7000
parameters
    5.7968   10.0910    9.7272   -4.4851  -12.6041   -3.4778
    4.2438   11.2900   -4.5412   -7.4168  -12.5607   -2.8857
eta,q 0.97785 14.06697
  0.0240  0.0233  0.0233  0.0241  0.0236  0.0242  0.0235  0.0249  0.0231  0.0236  0.0229  0.0228
  0.0230  0.0227  0.0227  0.0233  0.0229  0.0235  0.0228  0.0234  0.0226  0.0228  0.0225  0.0224
  0.0225  0.0224  0.0224  0.0226  0.0225  0.0229  0.0223  0.0225  0.0223  0.0223  0.0222  0.0222
  0.0223  0.0223  0.0223  0.0223  0.0223  0.0223  0.0222  0.0222  0.0222  0.0222  0.0222  0.0222
  0.0225  0.0225  0.0223  0.0224  0.0224  0.0220  0.0223  0.0224  0.0223  0.0224  0.0222  0.0222
  0.0230  0.0229  0.0225  0.0231  0.0228  0.0226  0.0227  0.0234  0.0226  0.0229  0.0225  0.0224
  0.0240  0.0236  0.0229  0.0244  0.0237  0.0241  0.0234  0.0249  0.0231  0.0237  0.0229  0.0227
niter,ni,del,rscale     3    3    5.0000    0.6000
parameters
    5.8074   10.0289    9.8159   -4.4581  -12.5944   -3.1986
    4.2254   11.3026   -4.4912   -7.4882  -12.6094   -2.8371
eta,q 0.97794 14.07522
  0.0234  0.0229  0.0229  0.0236  0.0231  0.0238  0.0230  0.0242  0.0228  0.0232  0.0226  0.0225
  0.0227  0.0225  0.0225  0.0229  0.0226  0.0232  0.0225  0.0230  0.0224  0.0225  0.0223  0.0222
  0.0223  0.0222  0.0222  0.0224  0.0223  0.0227  0.0222  0.0223  0.0221  0.0222  0.0221  0.0221
  0.0222  0.0222  0.0222  0.0222  0.0221  0.0222  0.0221  0.0221  0.0221  0.0221  0.0221  0.0221
  0.0223  0.0223  0.0222  0.0222  0.0222  0.0220  0.0222  0.0223  0.0221  0.0222  0.0221  0.0221
  0.0227  0.0226  0.0224  0.0228  0.0226  0.0225  0.0225  0.0230  0.0224  0.0226  0.0223  0.0222
  0.0234  0.0231  0.0227  0.0237  0.0232  0.0237  0.0230  0.0242  0.0227  0.0232  0.0226  0.0225
niter,ni,del,rscale     2    3    5.0000    0.5000
parameters
    5.8162    9.9814    9.8932   -4.4316  -12.5869   -2.9428
    4.1978   11.3069   -4.4466   -7.5372  -12.6352   -2.8029
eta,q 0.97801 14.08175
  0.0230  0.0226  0.0226  0.0231  0.0228  0.0234  0.0227  0.0235  0.0225  0.0228  0.0224  0.0223
  0.0225  0.0223  0.0223  0.0226  0.0224  0.0229  0.0223  0.0227  0.0222  0.0223  0.0222  0.0221
  0.0222  0.0221  0.0221  0.0222  0.0222  0.0224  0.0221  0.0222  0.0220  0.0221  0.0220  0.0220
  0.0221  0.0221  0.0221  0.0221  0.0221  0.0221  0.0220  0.0220  0.0220  0.0220  0.0220  0.0220
  0.0221  0.0221  0.0221  0.0221  0.0221  0.0219  0.0221  0.0222  0.0220  0.0221  0.0220  0.0220
  0.0224  0.0224  0.0222  0.0225  0.0223  0.0223  0.0223  0.0227  0.0222  0.0224  0.0222  0.0221
  0.0229  0.0227  0.0224  0.0232  0.0228  0.0232  0.0227  0.0235  0.0225  0.0228  0.0224  0.0223
niter,ni,del,rscale     1    3    5.0000    0.4000
parameters
    5.8237    9.9420    9.9673   -4.4029  -12.5873   -2.7140
    4.1818   11.3111   -4.4092   -7.5717  -12.6643   -2.7893
eta,q 0.97806 14.08698
  0.0226  0.0223  0.0224  0.0227  0.0224  0.0230  0.0224  0.0230  0.0223  0.0225  0.0222  0.0221
  0.0223  0.0221  0.0222  0.0224  0.0222  0.0226  0.0221  0.0224  0.0221  0.0222  0.0221  0.0220
  0.0221  0.0220  0.0220  0.0221  0.0220  0.0223  0.0220  0.0221  0.0220  0.0220  0.0220  0.0220
  0.0220  0.0220  0.0220  0.0220  0.0220  0.0220  0.0219  0.0219  0.0219  0.0219  0.0219  0.0219
  0.0220  0.0220  0.0220  0.0220  0.0220  0.0219  0.0220  0.0220  0.0220  0.0220  0.0220  0.0220
  0.0222  0.0222  0.0221  0.0223  0.0222  0.0222  0.0221  0.0224  0.0221  0.0222  0.0221  0.0220
  0.0226  0.0224  0.0222  0.0227  0.0225  0.0228  0.0224  0.0230  0.0222  0.0225  0.0222  0.0221
registration optimization eta report
parameter search radius
    0.8000    0.8000    0.8000    2.4000    2.4000    2.4000
    2.4000    2.4000    2.4000    2.4000    2.4000    2.4000
100000*second partial in parameter space
       90.       62.       48.       13.        8.       16.
        8.       18.        6.        9.        5.        3.
  0.0226  0.0223  0.0224  0.0227  0.0224  0.0230  0.0224  0.0230  0.0223  0.0225  0.0222  0.0221
  0.0223  0.0221  0.0222  0.0224  0.0222  0.0226  0.0221  0.0224  0.0221  0.0222  0.0221  0.0220
  0.0221  0.0220  0.0220  0.0221  0.0220  0.0223  0.0220  0.0221  0.0220  0.0220  0.0220  0.0220
  0.0220  0.0220  0.0220  0.0220  0.0220  0.0220  0.0219  0.0219  0.0219  0.0219  0.0219  0.0219
  0.0220  0.0220  0.0220  0.0220  0.0220  0.0219  0.0220  0.0220  0.0220  0.0220  0.0220  0.0220
  0.0222  0.0222  0.0221  0.0223  0.0222  0.0222  0.0221  0.0224  0.0221  0.0222  0.0221  0.0220
  0.0226  0.0224  0.0222  0.0227  0.0225  0.0228  0.0224  0.0230  0.0222  0.0225  0.0222  0.0221
    5.8237    9.9420    9.9673   -4.4029  -12.5873   -2.7140
    4.1818   11.3111   -4.4092   -7.5717  -12.6643   -2.7893
eta,q 0.97806 14.08698

---------------------------------------------------------------------
imgreg_4dfp /opt/freesurfer/average/711-2C_as_mni_average_305 /opt/freesurfer/average/711-2B_as_mni_average_305_mask talsrcimg_g11 none talsrcimg_to_711-2C_as_mni_average_305_t4 2311
---------------------------------------------------------------------

freesurfer imgreg_4dfp.c
/opt/freesurfer/average/711-2C_as_mni_average_305.4dfp.img
       256       256       256         1
  1.000000  1.000000  1.000000
orientation T byte_order littleendian
Reading image: /opt/freesurfer/average/711-2C_as_mni_average_305.4dfp.img
dimensions:      256       256       256
mmppix:       1.0000   -1.0000   -1.0000
center:     128.0000 -129.0000 -129.0000
/opt/freesurfer/average/711-2B_as_mni_average_305_mask.4dfp.img
       256       256       256         1
  1.000000  1.000000  1.000000
orientation T byte_order littleendian
Reading mask: /opt/freesurfer/average/711-2B_as_mni_average_305_mask.4dfp.img (2306576 pixels)
talsrcimg_g11.4dfp.img
       256       256       256         1
  1.000000  1.000000  1.000000
orientation T byte_order littleendian
Reading image: talsrcimg_g11.4dfp.img
dimensions:      256       256       256
mmppix:       1.0000   -1.0000   -1.0000
center:     128.0000 -129.0000 -129.0000
fimgreg.f
image alignment mode   2311 decimal      907 hex
parameters
    5.8237    9.9420    9.9673   -4.4029  -12.5873   -2.7140
    4.1818   11.3111   -4.4092   -7.5717  -12.6643   -2.7893
eta,q 0.97806 14.08699
niter,ni,del,rscale     5    3    5.0000    0.8000
parameters
    5.8225    9.9138   10.0901   -4.7853  -12.7987   -3.2140
    4.2508   11.3277   -4.4536   -7.8350  -12.8206   -2.5833
eta,q 0.97788 14.07107
  0.0242  0.0235  0.0234  0.0241  0.0236  0.0242  0.0238  0.0255  0.0233  0.0238  0.0230  0.0229
  0.0230  0.0226  0.0226  0.0231  0.0227  0.0234  0.0229  0.0237  0.0227  0.0228  0.0225  0.0225
  0.0222  0.0221  0.0221  0.0223  0.0222  0.0226  0.0223  0.0226  0.0223  0.0223  0.0222  0.0222
  0.0219  0.0219  0.0219  0.0219  0.0220  0.0220  0.0221  0.0221  0.0221  0.0221  0.0221  0.0221
  0.0222  0.0221  0.0220  0.0223  0.0222  0.0222  0.0223  0.0225  0.0223  0.0224  0.0222  0.0222
  0.0230  0.0227  0.0224  0.0234  0.0228  0.0237  0.0228  0.0236  0.0227  0.0231  0.0226  0.0224
  0.0242  0.0236  0.0230  0.0252  0.0241  0.0261  0.0238  0.0256  0.0234  0.0242  0.0231  0.0228
niter,ni,del,rscale     4    3    5.0000    0.7000
parameters
    5.8332    9.9377    9.9462   -4.6147  -12.6841   -3.2677
    4.2197   11.3761   -4.3896   -7.7613  -12.8035   -2.6481
eta,q 0.97791 14.07247
  0.0238  0.0234  0.0228  0.0241  0.0235  0.0240  0.0234  0.0248  0.0230  0.0237  0.0228  0.0226
  0.0229  0.0227  0.0223  0.0232  0.0228  0.0233  0.0227  0.0234  0.0225  0.0228  0.0224  0.0223
  0.0223  0.0223  0.0221  0.0225  0.0223  0.0227  0.0222  0.0225  0.0222  0.0223  0.0222  0.0221
  0.0221  0.0221  0.0221  0.0221  0.0221  0.0221  0.0221  0.0221  0.0221  0.0221  0.0221  0.0221
  0.0223  0.0222  0.0223  0.0222  0.0222  0.0220  0.0222  0.0223  0.0222  0.0223  0.0222  0.0222
  0.0228  0.0226  0.0226  0.0228  0.0226  0.0229  0.0227  0.0233  0.0225  0.0227  0.0224  0.0224
  0.0238  0.0233  0.0231  0.0240  0.0234  0.0246  0.0234  0.0248  0.0230  0.0235  0.0228  0.0227
niter,ni,del,rscale     3    3    5.0000    0.6000
parameters
    5.8314    9.9422    9.9230   -4.5131  -12.6164   -3.1169
    4.1967   11.3764   -4.3817   -7.6848  -12.7623   -2.6864
eta,q 0.97797 14.07838
  0.0233  0.0230  0.0227  0.0236  0.0231  0.0237  0.0230  0.0241  0.0227  0.0232  0.0226  0.0225
  0.0227  0.0225  0.0223  0.0229  0.0226  0.0231  0.0225  0.0230  0.0224  0.0226  0.0223  0.0222
  0.0222  0.0222  0.0221  0.0224  0.0222  0.0226  0.0221  0.0223  0.0221  0.0222  0.0221  0.0221
  0.0221  0.0221  0.0221  0.0221  0.0221  0.0221  0.0220  0.0220  0.0220  0.0220  0.0220  0.0220
  0.0222  0.0222  0.0222  0.0222  0.0221  0.0220  0.0221  0.0222  0.0221  0.0222  0.0221  0.0221
  0.0227  0.0225  0.0224  0.0227  0.0225  0.0226  0.0225  0.0230  0.0223  0.0225  0.0223  0.0222
  0.0233  0.0230  0.0227  0.0236  0.0231  0.0238  0.0230  0.0242  0.0227  0.0231  0.0226  0.0225
niter,ni,del,rscale     2    3    5.0000    0.5000
parameters
    5.8310    9.9338    9.9491   -4.4547  -12.5923   -2.9084
    4.1834   11.3589   -4.3838   -7.6491  -12.7337   -2.7334
eta,q 0.97802 14.08336
  0.0229  0.0226  0.0225  0.0231  0.0227  0.0233  0.0227  0.0235  0.0225  0.0228  0.0224  0.0223
  0.0224  0.0223  0.0222  0.0226  0.0224  0.0229  0.0223  0.0227  0.0222  0.0223  0.0222  0.0221
  0.0221  0.0221  0.0221  0.0222  0.0221  0.0224  0.0220  0.0222  0.0220  0.0221  0.0220  0.0220
  0.0220  0.0220  0.0220  0.0220  0.0220  0.0220  0.0220  0.0220  0.0220  0.0220  0.0220  0.0220
  0.0221  0.0221  0.0221  0.0221  0.0221  0.0219  0.0221  0.0221  0.0220  0.0221  0.0220  0.0220
  0.0224  0.0223  0.0222  0.0225  0.0223  0.0224  0.0223  0.0227  0.0222  0.0223  0.0222  0.0221
  0.0229  0.0227  0.0225  0.0231  0.0228  0.0233  0.0227  0.0235  0.0225  0.0228  0.0224  0.0223
niter,ni,del,rscale     1    3    5.0000    0.4000
parameters
    5.8321    9.9139    9.9987   -4.4212  -12.5845   -2.6936
    4.1660   11.3464   -4.3741   -7.6337  -12.7209   -2.7507
eta,q 0.97806 14.08811
  0.0226  0.0224  0.0223  0.0227  0.0224  0.0230  0.0224  0.0229  0.0223  0.0225  0.0222  0.0221
  0.0222  0.0221  0.0221  0.0223  0.0222  0.0226  0.0221  0.0224  0.0221  0.0222  0.0221  0.0220
  0.0220  0.0220  0.0220  0.0221  0.0220  0.0222  0.0220  0.0221  0.0220  0.0220  0.0220  0.0220
  0.0220  0.0220  0.0220  0.0220  0.0220  0.0220  0.0219  0.0219  0.0219  0.0219  0.0219  0.0219
  0.0220  0.0220  0.0220  0.0220  0.0220  0.0219  0.0220  0.0220  0.0220  0.0220  0.0220  0.0220
  0.0222  0.0222  0.0221  0.0223  0.0222  0.0222  0.0221  0.0224  0.0221  0.0222  0.0220  0.0220
  0.0226  0.0224  0.0222  0.0227  0.0224  0.0228  0.0224  0.0230  0.0223  0.0225  0.0222  0.0221
registration optimization eta report
parameter search radius
    0.8000    0.8000    0.8000    2.4000    2.4000    2.4000
    2.4000    2.4000    2.4000    2.4000    2.4000    2.4000
100000*second partial in parameter space
       90.       63.       48.       13.        8.       16.
        8.       18.        6.        9.        5.        3.
  0.0226  0.0224  0.0223  0.0227  0.0224  0.0230  0.0224  0.0229  0.0223  0.0225  0.0222  0.0221
  0.0222  0.0221  0.0221  0.0223  0.0222  0.0226  0.0221  0.0224  0.0221  0.0222  0.0221  0.0220
  0.0220  0.0220  0.0220  0.0221  0.0220  0.0222  0.0220  0.0221  0.0220  0.0220  0.0220  0.0220
  0.0220  0.0220  0.0220  0.0220  0.0220  0.0220  0.0219  0.0219  0.0219  0.0219  0.0219  0.0219
  0.0220  0.0220  0.0220  0.0220  0.0220  0.0219  0.0220  0.0220  0.0220  0.0220  0.0220  0.0220
  0.0222  0.0222  0.0221  0.0223  0.0222  0.0222  0.0221  0.0224  0.0221  0.0222  0.0220  0.0220
  0.0226  0.0224  0.0222  0.0227  0.0224  0.0228  0.0224  0.0230  0.0223  0.0225  0.0222  0.0221
    5.8321    9.9139    9.9987   -4.4212  -12.5845   -2.6936
    4.1660   11.3464   -4.3741   -7.6337  -12.7209   -2.7507
eta,q 0.97806 14.08811

---------------------------------------------------------------------
compute_vox2vox talsrcimg talsrcimg_to_711-2C_as_mni_average_305_t4 /opt/freesurfer/average/711-2C_as_mni_average_305
---------------------------------------------------------------------

freesurfer compute_vox2vox.c
Reading: talsrcimg.4dfp.ifh
Reading: talsrcimg_to_711-2C_as_mni_average_305_t4
Reading: /opt/freesurfer/average/711-2C_as_mni_average_305.4dfp.ifh
Writing: talsrcimg_to_711-2C_as_mni_average_305_t4_vox2vox.txt

start time Wed Mar 11 10:50:24 CET 2026
end		time Wed Mar 11 10:51:51 CET 2026

mpr2mni305 success

avi2talxfm orig_nu.mgz /opt/freesurfer/average/mni305.cor.mgz talsrcimg_to_711-2C_as_mni_average_305_t4_vox2vox.txt transforms/talairach.auto.xfm
avi2talxfm done
mv -f /out/sourcedata/freesurfer/sub-v2s16x51246_ses-1/mri/talsrcimg_to_711-2C_as_mni_average_305_t4_vox2vox.txt /out/sourcedata/freesurfer/sub-v2s16x51246_ses-1/mri/transforms/talsrcimg_to_711-2C_as_mni_average_305_t4_vox2vox.txt
lta_convert --src orig_nu.mgz --trg /opt/freesurfer/average/mni305.cor.mgz --inxfm transforms/talairach.auto.xfm --outlta transforms/talairach.auto.xfm.lta --subject fsaverage
7.3.2

--src: orig_nu.mgz src image (geometry).
--trg: /opt/freesurfer/average/mni305.cor.mgz trg image (geometry).
--inmni: transforms/talairach.auto.xfm input MNI/XFM transform.
--outlta: transforms/talairach.auto.xfm.lta output LTA.
--s: fsaverage subject name
 LTA read, type : 1
 1.02734  -0.12394  -0.05286   1.64236;
 0.13609   1.01381   0.02542  -27.72557;
 0.06329   0.08233   1.14354  -30.75407;
 0.00000   0.00000   0.00000   1.00000;
setting subject to fsaverage
Writing  LTA to file transforms/talairach.auto.xfm.lta...
lta_convert successful.
 
 
Started at Wed Mar 11 10:50:24 CET 2026
Ended   at Wed Mar 11 10:51:52 CET 2026
talairach_avi done
