status file for recon-all
Wed Mar 11 14:13:14 CET 2026
#@# Tessellate rh Wed Mar 11 14:13:14 CET 2026
#@# Smooth1 rh Wed Mar 11 14:13:18 CET 2026
#@# Inflation1 rh Wed Mar 11 14:13:20 CET 2026
#@# QSphere rh Wed Mar 11 14:13:29 CET 2026
#@# Fix Topology rh Wed Mar 11 14:14:29 CET 2026
#@# Smooth2 rh Wed Mar 11 14:19:06 CET 2026
#@# Inflation2 rh Wed Mar 11 14:19:08 CET 2026
#@# Curv .H and .K rh Wed Mar 11 14:19:21 CET 2026
#@# Sphere rh Wed Mar 11 14:20:05 CET 2026
#@# Surf Reg rh Wed Mar 11 14:21:40 CET 2026
#@# Jacobian white rh Wed Mar 11 14:25:27 CET 2026
#@# AvgCurv rh Wed Mar 11 14:25:27 CET 2026
#@# Cortical Parc rh Wed Mar 11 14:25:28 CET 2026
#@# white curv rh Wed Mar 11 14:30:55 CET 2026
#@# white area rh Wed Mar 11 14:30:56 CET 2026
#@# pial curv rh Wed Mar 11 14:30:57 CET 2026
#@# pial area rh Wed Mar 11 14:30:59 CET 2026
#@# thickness rh Wed Mar 11 14:30:59 CET 2026
#@# area and vertex vol rh Wed Mar 11 14:31:27 CET 2026
#@# Curvature Stats rh Wed Mar 11 14:31:28 CET 2026
#@# Cortical Parc 2 rh Wed Mar 11 14:31:30 CET 2026
#@# Cortical Parc 3 rh Wed Mar 11 14:31:43 CET 2026
#@# WM/GM Contrast rh Wed Mar 11 14:31:52 CET 2026
recon-all -s sub-v2s16x51313_ses-1 finished without error at Wed Mar 11 14:31:55 CET 2026



#New# invocation of recon-all 



status file for recon-all
Wed Mar 11 14:39:45 CET 2026
#@# white curv rh Wed Mar 11 14:39:45 CET 2026
#@# white area rh Wed Mar 11 14:39:45 CET 2026
#@# pial curv rh Wed Mar 11 14:39:45 CET 2026
#@# pial area rh Wed Mar 11 14:39:45 CET 2026
#@# thickness rh Wed Mar 11 14:39:45 CET 2026
#@# area and vertex vol rh Wed Mar 11 14:39:45 CET 2026
#@# Parcellation Stats rh Wed Mar 11 14:39:45 CET 2026
#@# Parcellation Stats 2 rh Wed Mar 11 14:40:01 CET 2026
#@# Parcellation Stats 3 rh Wed Mar 11 14:40:10 CET 2026
#@# BA_exvivo Labels rh Wed Mar 11 14:40:18 CET 2026
recon-all -s sub-v2s16x51313_ses-1 finished without error at Wed Mar 11 14:42:37 CET 2026
