/out/sourcedata/freesurfer/sub-v2s16x51236_ses-1/mri
/opt/freesurfer/bin/talairach_avi
--i orig_nu.mgz --xfm transforms/talairach.auto.xfm
talairach_avi 7.3.2
Linux dna043 5.14.0-427.37.1.el9_4.x86_64 #1 SMP PREEMPT_DYNAMIC Fri Sep 13 12:41:50 EDT 2024 x86_64 x86_64 x86_64 GNU/Linux
Wed Mar 11 10:24:31 CET 2026
mri_convert orig_nu.mgz talsrcimg.img 
reading from orig_nu.mgz...
TR=0.00, TE=0.00, TI=0.00, flip angle=0.00
i_ras = (-1, 0, 0)
j_ras = (0, 0, -1)
k_ras = (0, 1, 0)
writing to talsrcimg.img...
Analyze Output Matrix
-1.00000   0.00000   0.00000   133.78937;
 0.00000   0.00000   1.00000  -121.34670;
 0.00000  -1.00000   0.00000   116.70996;
 0.00000   0.00000   0.00000   1.00000;
--------------------
INFO: set hdr.hist.orient to -1
mpr2mni305 talsrcimg
Wed Mar 11 10:24:31 CET 2026
/opt/freesurfer/bin/mpr2mni305 talsrcimg
mpr2mni305 7.3.2
target=711-2C_as_mni_average_305

---------------------------------------------------------------------
analyzeto4dfp talsrcimg -O0 -y
---------------------------------------------------------------------

freesurfer ifh2hdr.c
Wed Mar 11 10:24:31 2026
Writing: talsrcimg.4dfp.hdr
freesurfer analyzeto4dfp.c
Reading: talsrcimg.hdr
header size 348 bytes
hdr.dime.datatype	offset=70	value=2
hdr.dime.bitpix		offset=72	value=8
hdr.hist.orient		offset=252	value=-1
dimensionality     4
dimensions       256       256       256         1
Reading: talsrcimg.img
Writing: talsrcimg.4dfp.img
Writing: talsrcimg.4dfp.ifh
ifh2hdr talsrcimg -r0to226
ori=2

---------------------------------------------------------------------
gauss_4dfp talsrcimg 1.1
---------------------------------------------------------------------

freesurfer gauss_4dfp.c
Reading: talsrcimg.4dfp.img
Writing: talsrcimg_g11.4dfp.img
image dimensions 256 256 256 padded to 288 288 288
processing volume 1freesurfer ifh2hdr.c
Wed Mar 11 10:24:33 2026
Writing: talsrcimg_g11.4dfp.hdr

Writing: talsrcimg_g11.4dfp.ifh
including: talsrcimg.4dfp.img.rec in talsrcimg_g11.4dfp.img.rec

---------------------------------------------------------------------
imgreg_4dfp /opt/freesurfer/average/711-2C_as_mni_average_305 none talsrcimg_g11 none talsrcimg_to_711-2C_as_mni_average_305_t4 4355
---------------------------------------------------------------------

freesurfer imgreg_4dfp.c
/opt/freesurfer/average/711-2C_as_mni_average_305.4dfp.img
       256       256       256         1
  1.000000  1.000000  1.000000
orientation T byte_order littleendian
Reading image: /opt/freesurfer/average/711-2C_as_mni_average_305.4dfp.img
dimensions:      256       256       256
mmppix:       1.0000   -1.0000   -1.0000
center:     128.0000 -129.0000 -129.0000
talsrcimg_g11.4dfp.img
       256       256       256         1
  1.000000  1.000000  1.000000
orientation T byte_order littleendian
Reading image: talsrcimg_g11.4dfp.img
dimensions:      256       256       256
mmppix:       1.0000   -1.0000   -1.0000
center:     128.0000 -129.0000 -129.0000
t4_read: open error in t4_sub.f l:  41 t4_file(1:l)talsrcimg_to_711-2C_as_mni_average_305_t4 
t4_read: transform initialized to I4
rotation matrix determinant  1.000000
image alignment mode   4355 decimal     1103 hex
   -7.5000  -45.0000  -45.0000 4581.1450   15.6642
    0.0000  -45.0000  -45.0000 4753.9946   15.6685
    7.5000  -45.0000  -45.0000 4541.5596   15.7011
   -7.5000  -37.5000  -45.0000 5132.9243   15.0323
    0.0000  -37.5000  -45.0000 5332.6665   15.0350
    7.5000  -37.5000  -45.0000 5072.3374   15.0690
   -7.5000  -30.0000  -45.0000 5866.7881   14.6110
    0.0000  -30.0000  -45.0000 6098.1128   14.6141
    7.5000  -30.0000  -45.0000 5797.6816   14.6436
   -7.5000  -22.5000  -45.0000 6621.3647   14.2977
    0.0000  -22.5000  -45.0000 6877.3477   14.3022
    7.5000  -22.5000  -45.0000 6552.8594   14.3244
   -7.5000  -15.0000  -45.0000 7437.2300   14.0803
    0.0000  -15.0000  -45.0000 7709.5303   14.0849
    7.5000  -15.0000  -45.0000 7354.6411   14.1024
   -7.5000   -7.5000  -45.0000 8329.0469   13.9335
    0.0000   -7.5000  -45.0000 8636.8076   13.9374
    7.5000   -7.5000  -45.0000 8221.9834   13.9571
   -7.5000    0.0000  -45.0000 9271.2363   13.8908
    0.0000    0.0000  -45.0000 9610.7109   13.8940
    7.5000    0.0000  -45.0000 9134.9805   13.9195
   -7.5000    7.5000  -45.0000 9460.9717   13.9008
    0.0000    7.5000  -45.0000 9818.1709   13.9035
    7.5000    7.5000  -45.0000 9299.4141   13.9324
   -7.5000   15.0000  -45.0000 9460.7637   13.9414
    0.0000   15.0000  -45.0000 9811.5566   13.9448
    7.5000   15.0000  -45.0000 9261.7119   13.9717
   -7.5000   22.5000  -45.0000 9354.5527   13.9715
    0.0000   22.5000  -45.0000 9704.6729   13.9758
    7.5000   22.5000  -45.0000 9154.5420   13.9968
   -7.5000   30.0000  -45.0000 9251.5977   13.7823
    0.0000   30.0000  -45.0000 9597.0713   13.7867
    7.5000   30.0000  -45.0000 9046.1895   13.8038
   -7.5000   37.5000  -45.0000 9445.9004   13.7394
    0.0000   37.5000  -45.0000 9792.2939   13.7433
    7.5000   37.5000  -45.0000 9231.4658   13.7628
   -7.5000   45.0000  -45.0000 9307.6914   13.3577
    0.0000   45.0000  -45.0000 9629.7871   13.3608
    7.5000   45.0000  -45.0000 9095.0723   13.3852
   -7.5000  -45.0000  -37.5000 4970.1699   15.3690
    0.0000  -45.0000  -37.5000 5155.1919   15.3725
    7.5000  -45.0000  -37.5000 4897.6938   15.4017
   -7.5000  -37.5000  -37.5000 5537.2744   14.7499
    0.0000  -37.5000  -37.5000 5750.7925   14.7478
    7.5000  -37.5000  -37.5000 5460.7329   14.7791
   -7.5000  -30.0000  -37.5000 6312.8770   14.3363
    0.0000  -30.0000  -37.5000 6552.6543   14.3333
    7.5000  -30.0000  -37.5000 6227.9858   14.3619
   -7.5000  -22.5000  -37.5000 7118.9561   14.0296
    0.0000  -22.5000  -37.5000 7385.7144   14.0303
    7.5000  -22.5000  -37.5000 7026.3203   14.0524
   -7.5000  -15.0000  -37.5000 7990.2505   13.8176
    0.0000  -15.0000  -37.5000 8291.8223   13.8217
    7.5000  -15.0000  -37.5000 7883.2812   13.8388
   -7.5000   -7.5000  -37.5000 8959.7910   13.6747
    0.0000   -7.5000  -37.5000 9296.4746   13.6791
    7.5000   -7.5000  -37.5000 8802.8486   13.6973
   -7.5000    0.0000  -37.5000 9971.4482   13.6342
    0.0000    0.0000  -37.500010344.9502   13.6365
    7.5000    0.0000  -37.5000 9785.8467   13.6594
   -7.5000    7.5000  -37.500010169.8906   13.6427
    0.0000    7.5000  -37.500010547.0488   13.6415
    7.5000    7.5000  -37.5000 9962.8818   13.6681
   -7.5000   15.0000  -37.500010145.5107   13.6800
    0.0000   15.0000  -37.500010528.8340   13.6777
    7.5000   15.0000  -37.5000 9908.1299   13.7037
   -7.5000   22.5000  -37.5000 9996.6748   13.7085
    0.0000   22.5000  -37.500010375.0361   13.7091
    7.5000   22.5000  -37.5000 9747.7109   13.7300
   -7.5000   30.0000  -37.5000 9860.2217   13.5241
    0.0000   30.0000  -37.500010227.3057   13.5281
    7.5000   30.0000  -37.5000 9607.4795   13.5447
   -7.5000   37.5000  -37.500010069.8145   13.4843
    0.0000   37.5000  -37.500010418.6709   13.4888
    7.5000   37.5000  -37.5000 9788.7129   13.5067
   -7.5000   45.0000  -37.5000 9919.7246   13.1110
    0.0000   45.0000  -37.500010256.4326   13.1131
    7.5000   45.0000  -37.5000 9648.6084   13.1351
   -7.5000  -45.0000  -30.0000 5427.9033   15.7978
    0.0000  -45.0000  -30.0000 5629.9399   15.8023
    7.5000  -45.0000  -30.0000 5357.4160   15.8313
   -7.5000  -37.5000  -30.0000 6024.9932   15.1649
    0.0000  -37.5000  -30.0000 6240.9282   15.1619
    7.5000  -37.5000  -30.0000 5947.6992   15.1930
   -7.5000  -30.0000  -30.0000 6846.5439   14.7386
    0.0000  -30.0000  -30.0000 7101.6509   14.7348
    7.5000  -30.0000  -30.0000 6778.8354   14.7634
   -7.5000  -22.5000  -30.0000 7733.7139   14.4212
    0.0000  -22.5000  -30.0000 8018.1357   14.4226
    7.5000  -22.5000  -30.0000 7630.8857   14.4450
   -7.5000  -15.0000  -30.0000 8714.6797   14.2005
    0.0000  -15.0000  -30.0000 9035.2432   14.2071
    7.5000  -15.0000  -30.0000 8558.5283   14.2253
   -7.5000   -7.5000  -30.0000 9782.2217   14.0535
    0.0000   -7.5000  -30.000010146.3633   14.0603
    7.5000   -7.5000  -30.0000 9585.0322   14.0794
   -7.5000    0.0000  -30.000010898.3330   14.0142
    0.0000    0.0000  -30.000011302.3066   14.0169
    7.5000    0.0000  -30.000010671.0742   14.0401
   -7.5000    7.5000  -30.000011109.8242   14.0247
    0.0000    7.5000  -30.000011498.6914   14.0226
    7.5000    7.5000  -30.000010859.1758   14.0489
   -7.5000   15.0000  -30.000011074.1631   14.0628
    0.0000   15.0000  -30.000011477.8184   14.0596
    7.5000   15.0000  -30.000010795.9395   14.0852
   -7.5000   22.5000  -30.000010896.7637   14.0885
    0.0000   22.5000  -30.000011302.2852   14.0898
    7.5000   22.5000  -30.000010604.7500   14.1110
   -7.5000   30.0000  -30.000010704.4346   13.8999
    0.0000   30.0000  -30.000011085.4434   13.9063
    7.5000   30.0000  -30.000010410.9443   13.9240
   -7.5000   37.5000  -30.000010907.1514   13.8592
    0.0000   37.5000  -30.000011283.4209   13.8660
    7.5000   37.5000  -30.000010586.0312   13.8849
   -7.5000   45.0000  -30.000010758.7646   13.4862
    0.0000   45.0000  -30.000011124.3418   13.4888
    7.5000   45.0000  -30.000010425.5527   13.5111
   -7.5000  -45.0000  -22.5000 5897.4229   16.2185
    0.0000  -45.0000  -22.5000 6118.1631   16.2250
    7.5000  -45.0000  -22.5000 5813.8345   16.2552
   -7.5000  -37.5000  -22.5000 6525.9878   15.5745
    0.0000  -37.5000  -22.5000 6767.2202   15.5769
    7.5000  -37.5000  -22.5000 6445.4526   15.6091
   -7.5000  -30.0000  -22.5000 7423.3857   15.1379
    0.0000  -30.0000  -22.5000 7688.8408   15.1417
    7.5000  -30.0000  -22.5000 7331.6123   15.1697
   -7.5000  -22.5000  -22.5000 8393.0137   14.8104
    0.0000  -22.5000  -22.5000 8691.4844   14.8180
    7.5000  -22.5000  -22.5000 8271.3369   14.8396
   -7.5000  -15.0000  -22.5000 9488.7305   14.5792
    0.0000  -15.0000  -22.5000 9828.5146   14.5892
    7.5000  -15.0000  -22.5000 9311.9922   14.6078
   -7.5000   -7.5000  -22.500010674.7920   14.4261
    0.0000   -7.5000  -22.500011066.3398   14.4342
    7.5000   -7.5000  -22.500010451.6328   14.4546
   -7.5000    0.0000  -22.500011880.4746   14.3861
    0.0000    0.0000  -22.500012298.6357   14.3903
    7.5000    0.0000  -22.500011592.9414   14.4149
   -7.5000    7.5000  -22.500012089.9004   14.3996
    0.0000    7.5000  -22.500012501.2646   14.4016
    7.5000    7.5000  -22.500011787.2305   14.4287
   -7.5000   15.0000  -22.500012036.0234   14.4410
    0.0000   15.0000  -22.500012462.2881   14.4444
    7.5000   15.0000  -22.500011711.8174   14.4695
   -7.5000   22.5000  -22.500011869.5898   14.4658
    0.0000   22.5000  -22.500012288.8613   14.4730
    7.5000   22.5000  -22.500011508.1426   14.4935
   -7.5000   30.0000  -22.500011637.4912   14.2727
    0.0000   30.0000  -22.500012042.5850   14.2824
    7.5000   30.0000  -22.500011255.9619   14.3004
   -7.5000   37.5000  -22.500011808.4688   14.2289
    0.0000   37.5000  -22.500012220.2432   14.2370
    7.5000   37.5000  -22.500011418.4639   14.2572
   -7.5000   45.0000  -22.500011615.9775   13.8546
    0.0000   45.0000  -22.500012000.9229   13.8586
    7.5000   45.0000  -22.500011220.0430   13.8823
   -7.5000  -45.0000  -15.0000 6358.5659   16.6377
    0.0000  -45.0000  -15.0000 6585.3633   16.6444
    7.5000  -45.0000  -15.0000 6258.9521   16.6769
   -7.5000  -37.5000  -15.0000 7046.9043   15.9826
    0.0000  -37.5000  -15.0000 7303.6221   15.9901
    7.5000  -37.5000  -15.0000 6956.2646   16.0243
   -7.5000  -30.0000  -15.0000 8032.1245   15.5388
    0.0000  -30.0000  -15.0000 8325.9248   15.5497
    7.5000  -30.0000  -15.0000 7921.1763   15.5778
   -7.5000  -22.5000  -15.0000 9114.2461   15.2035
    0.0000  -22.5000  -15.0000 9460.2061   15.2160
    7.5000  -22.5000  -15.0000 8960.1260   15.2369
   -7.5000  -15.0000  -15.000010322.8799   14.9635
    0.0000  -15.0000  -15.000010703.8691   14.9745
    7.5000  -15.0000  -15.000010108.9170   14.9927
   -7.5000   -7.5000  -15.000011617.3330   14.8026
    0.0000   -7.5000  -15.000012026.8164   14.8097
    7.5000   -7.5000  -15.000011353.2412   14.8309
   -7.5000    0.0000  -15.000012882.3799   14.7597
    0.0000    0.0000  -15.000013332.2275   14.7643
    7.5000    0.0000  -15.000012566.9648   14.7908
   -7.5000    7.5000  -15.000013086.9004   14.7753
    0.0000    7.5000  -15.000013548.3467   14.7815
    7.5000    7.5000  -15.000012760.9453   14.8101
   -7.5000   15.0000  -15.000013026.3496   14.8213
    0.0000   15.0000  -15.000013495.0049   14.8313
    7.5000   15.0000  -15.000012676.6523   14.8565
   -7.5000   22.5000  -15.000012862.1104   14.8473
    0.0000   22.5000  -15.000013327.4053   14.8592
    7.5000   22.5000  -15.000012457.0186   14.8790
   -7.5000   30.0000  -15.000012614.8955   14.6500
    0.0000   30.0000  -15.000013066.2314   14.6608
    7.5000   30.0000  -15.000012170.3799   14.6785
   -7.5000   37.5000  -15.000012751.0947   14.6022
    0.0000   37.5000  -15.000013215.2578   14.6094
    7.5000   37.5000  -15.000012308.4404   14.6303
   -7.5000   45.0000  -15.000012499.8633   14.2229
    0.0000   45.0000  -15.000012937.5146   14.2274
    7.5000   45.0000  -15.000012060.6016   14.2528
   -7.5000  -45.0000   -7.5000 6852.0718   16.8225
    0.0000  -45.0000   -7.5000 7099.1831   16.8283
    7.5000  -45.0000   -7.5000 6749.6011   16.8606
   -7.5000  -37.5000   -7.5000 7615.3359   16.1624
    0.0000  -37.5000   -7.5000 7904.8911   16.1696
    7.5000  -37.5000   -7.5000 7501.1855   16.2031
   -7.5000  -30.0000   -7.5000 8700.3711   15.7174
    0.0000  -30.0000   -7.5000 9041.5283   15.7276
    7.5000  -30.0000   -7.5000 8567.3389   15.7549
   -7.5000  -22.5000   -7.5000 9907.3965   15.3802
    0.0000  -22.5000   -7.500010291.0977   15.3912
    7.5000  -22.5000   -7.5000 9722.9326   15.4110
   -7.5000  -15.0000   -7.500011242.2607   15.1382
    0.0000  -15.0000   -7.500011652.5137   15.1469
    7.5000  -15.0000   -7.500010996.4404   15.1635
   -7.5000   -7.5000   -7.500012615.4326   14.9746
    0.0000   -7.5000   -7.500013054.2012   14.9800
    7.5000   -7.5000   -7.500012314.5850   14.9999
   -7.5000    0.0000   -7.500013935.8330   14.9296
    0.0000    0.0000   -7.500014432.0010   14.9338
    7.5000    0.0000   -7.500013612.5127   14.9596
   -7.5000    7.5000   -7.500014136.3906   14.9447
    0.0000    7.5000   -7.500014665.9434   14.9509
    7.5000    7.5000   -7.500013814.5557   14.9791
   -7.5000   15.0000   -7.500014064.8877   14.9922
    0.0000   15.0000   -7.500014592.2402   15.0017
    7.5000   15.0000   -7.500013709.0400   15.0264
   -7.5000   22.5000   -7.500013913.6914   15.0183
    0.0000   22.5000   -7.500014421.5391   15.0287
    7.5000   22.5000   -7.500013475.4863   15.0475
   -7.5000   30.0000   -7.500013637.6348   14.8208
    0.0000   30.0000   -7.500014147.3105   14.8292
    7.5000   30.0000   -7.500013174.1758   14.8453
   -7.5000   37.5000   -7.500013795.5713   14.7716
    0.0000   37.5000   -7.500014303.4082   14.7770
    7.5000   37.5000   -7.500013317.2051   14.7967
   -7.5000   45.0000   -7.500013486.8574   14.3893
    0.0000   45.0000   -7.500013989.5869   14.3934
    7.5000   45.0000   -7.500013043.4814   14.4182
   -7.5000  -45.0000    0.0000 7325.9829   16.8205
    0.0000  -45.0000    0.0000 7592.6069   16.8239
    7.5000  -45.0000    0.0000 7208.7842   16.8540
   -7.5000  -37.5000    0.0000 8153.2329   16.1570
    0.0000  -37.5000    0.0000 8462.1689   16.1591
    7.5000  -37.5000    0.0000 8011.6187   16.1907
   -7.5000  -30.0000    0.0000 9361.3398   15.7119
    0.0000  -30.0000    0.0000 9707.5381   15.7146
    7.5000  -30.0000    0.0000 9200.2510   15.7418
   -7.5000  -22.5000    0.000010696.3047   15.3764
    0.0000  -22.5000    0.000011084.8652   15.3807
    7.5000  -22.5000    0.000010491.4268   15.4005
   -7.5000  -15.0000    0.000012109.1748   15.1380
    0.0000  -15.0000    0.000012549.3018   15.1423
    7.5000  -15.0000    0.000011855.8164   15.1577
   -7.5000   -7.5000    0.000013530.7119   14.9774
    0.0000   -7.5000    0.000014003.8467   14.9807
    7.5000   -7.5000    0.000013249.6963   14.9985
   -7.5000    0.0000    0.000014934.8877   14.9322
    0.0000    0.0000    0.000015482.6465   14.9347
    7.5000    0.0000    0.000014643.1260   14.9582
   -7.5000    7.5000    0.000015169.1455   14.9446
    0.0000    7.5000    0.000015748.3125   14.9466
    7.5000    7.5000    0.000014853.6797   14.9735
   -7.5000   15.0000    0.000015111.0693   14.9895
    0.0000   15.0000    0.000015698.1094   14.9924
    7.5000   15.0000    0.000014763.7285   15.0171
   -7.5000   22.5000    0.000014920.1318   15.0162
    0.0000   22.5000    0.000015490.3438   15.0203
    7.5000   22.5000    0.000014501.2832   15.0391
   -7.5000   30.0000    0.000014587.1504   14.8218
    0.0000   30.0000    0.000015159.2246   14.8260
    7.5000   30.0000    0.000014166.9824   14.8410
   -7.5000   37.5000    0.000014751.0869   14.7747
    0.0000   37.5000    0.000015346.5010   14.7782
    7.5000   37.5000    0.000014317.7432   14.7957
   -7.5000   45.0000    0.000014435.0967   14.3930
    0.0000   45.0000    0.000014998.1670   14.3953
    7.5000   45.0000    0.000014004.1973   14.4180
   -7.5000  -45.0000    7.5000 7235.0718   16.7934
    0.0000  -45.0000    7.5000 7501.5928   16.7957
    7.5000  -45.0000    7.5000 7103.1890   16.8246
   -7.5000  -37.5000    7.5000 8080.0103   16.1247
    0.0000  -37.5000    7.5000 8384.4424   16.1213
    7.5000  -37.5000    7.5000 7947.9932   16.1523
   -7.5000  -30.0000    7.5000 9325.9609   15.6748
    0.0000  -30.0000    7.5000 9672.4150   15.6705
    7.5000  -30.0000    7.5000 9168.4854   15.6987
   -7.5000  -22.5000    7.500010657.7324   15.3385
    0.0000  -22.5000    7.500011054.7109   15.3382
    7.5000  -22.5000    7.500010444.1582   15.3595
   -7.5000  -15.0000    7.500012016.9980   15.1037
    0.0000  -15.0000    7.500012468.2109   15.1071
    7.5000  -15.0000    7.500011792.9199   15.1233
   -7.5000   -7.5000    7.500013415.1660   14.9486
    0.0000   -7.5000    7.500013915.5264   14.9523
    7.5000   -7.5000    7.500013169.3115   14.9698
   -7.5000    0.0000    7.500014841.3906   14.9061
    0.0000    0.0000    7.500015405.8125   14.9073
    7.5000    0.0000    7.500014561.6143   14.9299
   -7.5000    7.5000    7.500015130.6553   14.9160
    0.0000    7.5000    7.500015720.8574   14.9136
    7.5000    7.5000    7.500014808.0762   14.9401
   -7.5000   15.0000    7.500015122.2686   14.9563
    0.0000   15.0000    7.500015706.5127   14.9527
    7.5000   15.0000    7.500014746.9854   14.9783
   -7.5000   22.5000    7.500014869.9072   14.9810
    0.0000   22.5000    7.500015449.5996   14.9806
    7.5000   22.5000    7.500014509.3887   15.0008
   -7.5000   30.0000    7.500014446.8311   14.7892
    0.0000   30.0000    7.500015051.5918   14.7924
    7.5000   30.0000    7.500014151.8125   14.8082
   -7.5000   37.5000    7.500014609.5166   14.7464
    0.0000   37.5000    7.500015228.5752   14.7501
    7.5000   37.5000    7.500014300.2168   14.7674
   -7.5000   45.0000    7.500014305.9961   14.3678
    0.0000   45.0000    7.500014890.0869   14.3689
    7.5000   45.0000    7.500013973.5723   14.3907
   -7.5000  -45.0000   15.0000 7038.9795   16.7990
    0.0000  -45.0000   15.0000 7315.5425   16.8034
    7.5000  -45.0000   15.0000 6908.1143   16.8330
   -7.5000  -37.5000   15.0000 7911.6890   16.1278
    0.0000  -37.5000   15.0000 8199.1680   16.1245
    7.5000  -37.5000   15.0000 7767.9180   16.1562
   -7.5000  -30.0000   15.0000 9168.9512   15.6739
    0.0000  -30.0000   15.0000 9507.9355   15.6699
    7.5000  -30.0000   15.0000 8978.2852   15.6990
   -7.5000  -22.5000   15.000010432.2363   15.3354
    0.0000  -22.5000   15.000010824.4209   15.3367
    7.5000  -22.5000   15.000010222.6875   15.3594
   -7.5000  -15.0000   15.000011747.2891   15.0997
    0.0000  -15.0000   15.000012186.9131   15.1065
    7.5000  -15.0000   15.000011551.4375   15.1249
   -7.5000   -7.5000   15.000013109.7637   14.9454
    0.0000   -7.5000   15.000013620.1289   14.9524
    7.5000   -7.5000   15.000012892.1406   14.9718
   -7.5000    0.0000   15.000014517.9570   14.9050
    0.0000    0.0000   15.000015083.4785   14.9075
    7.5000    0.0000   15.000014253.2832   14.9312
   -7.5000    7.5000   15.000014874.9619   14.9158
    0.0000    7.5000   15.000015475.8174   14.9133
    7.5000    7.5000   15.000014525.8018   14.9402
   -7.5000   15.0000   15.000015019.9443   14.9550
    0.0000   15.0000   15.000015631.3047   14.9515
    7.5000   15.0000   15.000014578.4404   14.9776
   -7.5000   22.5000   15.000014720.1523   14.9781
    0.0000   22.5000   15.000015355.1777   14.9793
    7.5000   22.5000   15.000014391.8799   15.0008
   -7.5000   30.0000   15.000014213.8730   14.7852
    0.0000   30.0000   15.000014868.6318   14.7918
    7.5000   30.0000   15.000014053.3955   14.8097
   -7.5000   37.5000   15.000014373.9131   14.7433
    0.0000   37.5000   15.000015037.9834   14.7502
    7.5000   37.5000   15.000014206.9609   14.7694
   -7.5000   45.0000   15.000014069.9648   14.3667
    0.0000   45.0000   15.000014688.2588   14.3691
    7.5000   45.0000   15.000013869.0361   14.3920
   -7.5000  -45.0000   22.5000 6761.3789   16.8356
    0.0000  -45.0000   22.5000 7032.0068   16.8423
    7.5000  -45.0000   22.5000 6635.5396   16.8737
   -7.5000  -37.5000   22.5000 7636.3071   16.1671
    0.0000  -37.5000   22.5000 7926.9956   16.1696
    7.5000  -37.5000   22.5000 7498.5674   16.2030
   -7.5000  -30.0000   22.5000 8865.7656   15.7140
    0.0000  -30.0000   22.5000 9210.8877   15.7179
    7.5000  -30.0000   22.5000 8667.8135   15.7469
   -7.5000  -22.5000   22.500010070.6582   15.3740
    0.0000  -22.5000   22.500010469.7754   15.3818
    7.5000  -22.5000   22.5000 9872.6562   15.4043
   -7.5000  -15.0000   22.500011339.5762   15.1340
    0.0000  -15.0000   22.500011791.1348   15.1443
    7.5000  -15.0000   22.500011138.1738   15.1636
   -7.5000   -7.5000   22.500012683.1777   14.9751
    0.0000   -7.5000   22.500013174.8574   14.9835
    7.5000   -7.5000   22.500012457.9502   15.0046
   -7.5000    0.0000   22.500014036.7070   14.9336
    0.0000    0.0000   22.500014571.8838   14.9379
    7.5000    0.0000   22.500013790.6348   14.9634
   -7.5000    7.5000   22.500014490.8555   14.9475
    0.0000    7.5000   22.500015062.5088   14.9496
    7.5000    7.5000   22.500014108.3008   14.9778
   -7.5000   15.0000   22.500014800.6025   14.9905
    0.0000   15.0000   22.500015364.4941   14.9941
    7.5000   15.0000   22.500014245.8193   15.0201
   -7.5000   22.5000   22.500014501.8555   15.0140
    0.0000   22.5000   22.500015061.2100   15.0214
    7.5000   22.5000   22.500014156.1680   15.0427
   -7.5000   30.0000   22.500014007.2588   14.8179
    0.0000   30.0000   22.500014588.6113   14.8279
    7.5000   30.0000   22.500013846.2109   14.8467
   -7.5000   37.5000   22.500014181.9639   14.7724
    0.0000   37.5000   22.500014786.0781   14.7809
    7.5000   37.5000   22.500013974.6230   14.8017
   -7.5000   45.0000   22.500013808.1396   14.3943
    0.0000   45.0000   22.500014392.8271   14.3984
    7.5000   45.0000   22.500013586.3936   14.4230
   -7.5000  -45.0000   30.0000 6399.7256   16.8660
    0.0000  -45.0000   30.0000 6649.2993   16.8728
    7.5000  -45.0000   30.0000 6289.6553   16.9058
   -7.5000  -37.5000   30.0000 7251.2686   16.2019
    0.0000  -37.5000   30.0000 7544.4214   16.2096
    7.5000  -37.5000   30.0000 7115.5576   16.2442
   -7.5000  -30.0000   30.0000 8429.2500   15.7520
    0.0000  -30.0000   30.0000 8790.7119   15.7631
    7.5000  -30.0000   30.0000 8260.3027   15.7916
   -7.5000  -22.5000   30.0000 9607.6992   15.4121
    0.0000  -22.5000   30.000010029.3438   15.4248
    7.5000  -22.5000   30.0000 9430.7910   15.4460
   -7.5000  -15.0000   30.000010838.4707   15.1688
    0.0000  -15.0000   30.000011306.8574   15.1800
    7.5000  -15.0000   30.000010649.2100   15.1985
   -7.5000   -7.5000   30.000012099.3428   15.0057
    0.0000   -7.5000   30.000012600.6230   15.0130
    7.5000   -7.5000   30.000011891.2959   15.0344
   -7.5000    0.0000   30.000013364.2168   14.9622
    0.0000    0.0000   30.000013914.6221   14.9669
    7.5000    0.0000   30.000013147.1543   14.9938
   -7.5000    7.5000   30.000013772.6133   14.9780
    0.0000    7.5000   30.000014327.2158   14.9843
    7.5000    7.5000   30.000013415.5771   15.0133
   -7.5000   15.0000   30.000013970.2363   15.0247
    0.0000   15.0000   30.000014481.4717   15.0348
    7.5000   15.0000   30.000013480.6709   15.0604
   -7.5000   22.5000   30.000013795.7969   15.0494
    0.0000   22.5000   30.000014269.7090   15.0615
    7.5000   22.5000   30.000013361.9092   15.0816
   -7.5000   30.0000   30.000013512.7998   14.8511
    0.0000   30.0000   30.000013986.3203   14.8620
    7.5000   30.0000   30.000013092.7627   14.8799
   -7.5000   37.5000   30.000013708.4873   14.8026
    0.0000   37.5000   30.000014218.6865   14.8099
    7.5000   37.5000   30.000013224.8799   14.8311
   -7.5000   45.0000   30.000013290.2852   14.4218
    0.0000   45.0000   30.000013781.5527   14.4264
    7.5000   45.0000   30.000012832.4541   14.4523
   -7.5000  -45.0000   37.5000 6231.0459   16.8775
    0.0000  -45.0000   37.5000 6468.8911   16.8832
    7.5000  -45.0000   37.5000 6138.1001   16.9154
   -7.5000  -37.5000   37.5000 7082.1909   16.2143
    0.0000  -37.5000   37.5000 7362.3555   16.2216
    7.5000  -37.5000   37.5000 6945.7261   16.2551
   -7.5000  -30.0000   37.5000 8227.0713   15.7674
    0.0000  -30.0000   37.5000 8565.9004   15.7776
    7.5000  -30.0000   37.5000 8066.4585   15.8049
   -7.5000  -22.5000   37.5000 9366.7998   15.4288
    0.0000  -22.5000   37.5000 9763.5723   15.4398
    7.5000  -22.5000   37.5000 9199.4043   15.4595
   -7.5000  -15.0000   37.500010564.8164   15.1858
    0.0000  -15.0000   37.500011011.0947   15.1944
    7.5000  -15.0000   37.500010387.9775   15.2110
   -7.5000   -7.5000   37.500011824.1221   15.0215
    0.0000   -7.5000   37.500012310.7520   15.0269
    7.5000   -7.5000   37.500011610.3965   15.0467
   -7.5000    0.0000   37.500013113.7314   14.9763
    0.0000    0.0000   37.500013646.7100   14.9804
    7.5000    0.0000   37.500012852.9678   15.0061
   -7.5000    7.5000   37.500013459.2100   14.9914
    0.0000    7.5000   37.500013984.0020   14.9976
    7.5000    7.5000   37.500013090.2529   15.0258
   -7.5000   15.0000   37.500013524.6533   15.0391
    0.0000   15.0000   37.500014009.3828   15.0486
    7.5000   15.0000   37.500013110.5342   15.0733
   -7.5000   22.5000   37.500013333.2236   15.0654
    0.0000   22.5000   37.500013762.7168   15.0758
    7.5000   22.5000   37.500012958.5605   15.0945
   -7.5000   30.0000   37.500013067.7520   14.8676
    0.0000   30.0000   37.500013471.3447   14.8760
    7.5000   30.0000   37.500012703.6719   14.8921
   -7.5000   37.5000   37.500013299.2344   14.8182
    0.0000   37.5000   37.500013720.2168   14.8236
    7.5000   37.5000   37.500012880.8672   14.8432
   -7.5000   45.0000   37.500012917.7168   14.4354
    0.0000   45.0000   37.500013348.8252   14.4394
    7.5000   45.0000   37.500012551.6465   14.4642
   -7.5000  -45.0000   45.0000 5747.6914   16.8396
    0.0000  -45.0000   45.0000 5963.3379   16.8431
    7.5000  -45.0000   45.0000 5677.1235   16.8734
   -7.5000  -37.5000   45.0000 6511.5020   16.1739
    0.0000  -37.5000   45.0000 6754.9561   16.1760
    7.5000  -37.5000   45.0000 6400.1641   16.2079
   -7.5000  -30.0000   45.0000 7565.4224   15.7257
    0.0000  -30.0000   45.0000 7862.9302   15.7285
    7.5000  -30.0000   45.0000 7431.2207   15.7561
   -7.5000  -22.5000   45.0000 8613.8467   15.3870
    0.0000  -22.5000   45.0000 8956.5137   15.3915
    7.5000  -22.5000   45.0000 8475.7080   15.4115
   -7.5000  -15.0000   45.0000 9740.1445   15.1463
    0.0000  -15.0000   45.000010109.6982   15.1507
    7.5000  -15.0000   45.0000 9594.8135   15.1662
   -7.5000   -7.5000   45.000010930.3135   14.9845
    0.0000   -7.5000   45.000011353.0088   14.9879
    7.5000   -7.5000   45.000010747.0107   15.0057
   -7.5000    0.0000   45.000012083.1338   14.9395
    0.0000    0.0000   45.000012550.3447   14.9420
    7.5000    0.0000   45.000011894.3799   14.9656
   -7.5000    7.5000   45.000012336.1074   14.9524
    0.0000    7.5000   45.000012784.5986   14.9545
    7.5000    7.5000   45.000012104.1035   14.9815
   -7.5000   15.0000   45.000012328.1162   14.9975
    0.0000   15.0000   45.000012748.8926   15.0006
    7.5000   15.0000   45.000012087.5215   15.0255
   -7.5000   22.5000   45.000012123.0928   15.0240
    0.0000   22.5000   45.000012529.5488   15.0282
    7.5000   22.5000   45.000011926.4336   15.0472
   -7.5000   30.0000   45.000011876.1846   14.8278
    0.0000   30.0000   45.000012275.2705   14.8321
    7.5000   30.0000   45.000011691.8691   14.8471
   -7.5000   37.5000   45.000012111.7598   14.7804
    0.0000   37.5000   45.000012532.2627   14.7839
    7.5000   37.5000   45.000011869.4375   14.8015
   -7.5000   45.0000   45.000011846.6895   14.4065
    0.0000   45.0000   45.000012269.2119   14.4089
    7.5000   45.0000   45.000011617.1172   14.4317

---------------------------------------------------------------------
imgreg_4dfp /opt/freesurfer/average/711-2C_as_mni_average_305 /opt/freesurfer/average/711-2B_as_mni_average_305_mask talsrcimg_g11 none talsrcimg_to_711-2C_as_mni_average_305_t4 4355
---------------------------------------------------------------------

freesurfer imgreg_4dfp.c
/opt/freesurfer/average/711-2C_as_mni_average_305.4dfp.img
       256       256       256         1
  1.000000  1.000000  1.000000
orientation T byte_order littleendian
Reading image: /opt/freesurfer/average/711-2C_as_mni_average_305.4dfp.img
dimensions:      256       256       256
mmppix:       1.0000   -1.0000   -1.0000
center:     128.0000 -129.0000 -129.0000
/opt/freesurfer/average/711-2B_as_mni_average_305_mask.4dfp.img
       256       256       256         1
  1.000000  1.000000  1.000000
orientation T byte_order littleendian
Reading mask: /opt/freesurfer/average/711-2B_as_mni_average_305_mask.4dfp.img (2306576 pixels)
talsrcimg_g11.4dfp.img
       256       256       256         1
  1.000000  1.000000  1.000000
orientation T byte_order littleendian
Reading image: talsrcimg_g11.4dfp.img
dimensions:      256       256       256
mmppix:       1.0000   -1.0000   -1.0000
center:     128.0000 -129.0000 -129.0000
rotation matrix determinant  1.000000
image alignment mode   4355 decimal     1103 hex
   -7.5000  -37.5000  -45.0000 1570.3711   30.6990
    0.0000  -37.5000  -45.0000 1573.2544   30.6694
    7.5000  -37.5000  -45.0000 1554.4583   30.9792
   -7.5000  -30.0000  -45.0000 1680.6655   26.7531
    0.0000  -30.0000  -45.0000 1685.1597   26.7503
    7.5000  -30.0000  -45.0000 1668.8250   27.0064
   -7.5000  -22.5000  -45.0000 1786.2435   23.6564
    0.0000  -22.5000  -45.0000 1787.6062   23.6383
    7.5000  -22.5000  -45.0000 1773.0112   23.8976
   -7.5000  -15.0000  -45.0000 1885.2964   20.9792
    0.0000  -15.0000  -45.0000 1883.6176   20.9784
    7.5000  -15.0000  -45.0000 1875.3536   21.2497
   -7.5000   -7.5000  -45.0000 1987.3031   18.9038
    0.0000   -7.5000  -45.0000 1983.3127   18.9167
    7.5000   -7.5000  -45.0000 1970.7321   19.2008
   -7.5000    0.0000  -45.0000 2078.5107   17.4183
    0.0000    0.0000  -45.0000 2073.6443   17.4076
    7.5000    0.0000  -45.0000 2061.2871   17.6621
   -7.5000    7.5000  -45.0000 2133.5125   16.3774
    0.0000    7.5000  -45.0000 2132.4653   16.3758
    7.5000    7.5000  -45.0000 2113.6462   16.6191
   -7.5000   15.0000  -45.0000 2162.0037   15.6621
    0.0000   15.0000  -45.0000 2159.7478   15.6671
    7.5000   15.0000  -45.0000 2137.2473   15.9280
   -7.5000   22.5000  -45.0000 2171.4111   15.2884
    0.0000   22.5000  -45.0000 2167.4487   15.2665
    7.5000   22.5000  -45.0000 2149.5442   15.5350
   -7.5000   30.0000  -45.0000 2169.0593   15.1736
    0.0000   30.0000  -45.0000 2166.7061   15.1263
    7.5000   30.0000  -45.0000 2145.8601   15.4737
   -7.5000   37.5000  -45.0000 2151.1741   15.3986
    0.0000   37.5000  -45.0000 2150.5759   15.3755
    7.5000   37.5000  -45.0000 2127.8201   15.7194
   -7.5000   45.0000  -45.0000 2116.8770   15.9256
    0.0000   45.0000  -45.0000 2112.3015   15.8901
    7.5000   45.0000  -45.0000 2096.6787   16.2716
   -7.5000   52.5000  -45.0000 2055.4966   16.6407
    0.0000   52.5000  -45.0000 2051.3936   16.6082
    7.5000   52.5000  -45.0000 2036.4388   17.0020
   -7.5000  -37.5000  -37.5000 1647.3105   28.1112
    0.0000  -37.5000  -37.5000 1650.1561   28.1291
    7.5000  -37.5000  -37.5000 1628.6772   28.4495
   -7.5000  -30.0000  -37.5000 1762.5656   24.4019
    0.0000  -30.0000  -37.5000 1762.4291   24.4200
    7.5000  -30.0000  -37.5000 1745.8138   24.6995
   -7.5000  -22.5000  -37.5000 1870.0475   21.5164
    0.0000  -22.5000  -37.5000 1868.0118   21.5315
    7.5000  -22.5000  -37.5000 1854.3184   21.8099
   -7.5000  -15.0000  -37.5000 1977.0612   19.1296
    0.0000  -15.0000  -37.5000 1975.5225   19.1618
    7.5000  -15.0000  -37.5000 1963.1729   19.4073
   -7.5000   -7.5000  -37.5000 2084.6919   17.2999
    0.0000   -7.5000  -37.5000 2082.6077   17.3293
    7.5000   -7.5000  -37.5000 2065.7295   17.5288
   -7.5000    0.0000  -37.5000 2180.1245   16.0006
    0.0000    0.0000  -37.5000 2178.1511   16.0027
    7.5000    0.0000  -37.5000 2161.8906   16.1724
   -7.5000    7.5000  -37.5000 2242.1440   15.0253
    0.0000    7.5000  -37.5000 2237.7341   15.0307
    7.5000    7.5000  -37.5000 2218.3931   15.1869
   -7.5000   15.0000  -37.5000 2266.4326   14.3704
    0.0000   15.0000  -37.5000 2263.4246   14.3779
    7.5000   15.0000  -37.5000 2240.4751   14.5796
   -7.5000   22.5000  -37.5000 2271.4651   13.9901
    0.0000   22.5000  -37.5000 2272.1746   13.9955
    7.5000   22.5000  -37.5000 2252.2148   14.2234
   -7.5000   30.0000  -37.5000 2275.2222   13.8548
    0.0000   30.0000  -37.5000 2275.8442   13.8391
    7.5000   30.0000  -37.5000 2255.1460   14.1057
   -7.5000   37.5000  -37.5000 2266.1892   13.9820
    0.0000   37.5000  -37.5000 2262.2080   13.9702
    7.5000   37.5000  -37.5000 2236.8108   14.2307
   -7.5000   45.0000  -37.5000 2233.8386   14.4193
    0.0000   45.0000  -37.5000 2227.9907   14.3682
    7.5000   45.0000  -37.5000 2208.2302   14.6837
   -7.5000   52.5000  -37.5000 2168.9116   15.0145
    0.0000   52.5000  -37.5000 2166.2520   14.9702
    7.5000   52.5000  -37.5000 2147.2625   15.2834
   -7.5000  -37.5000  -30.0000 1750.0878   26.7894
    0.0000  -37.5000  -30.0000 1748.6132   26.9425
    7.5000  -37.5000  -30.0000 1733.8002   27.2235
   -7.5000  -30.0000  -30.0000 1866.1808   23.2305
    0.0000  -30.0000  -30.0000 1866.7556   23.3228
    7.5000  -30.0000  -30.0000 1855.7832   23.5746
   -7.5000  -22.5000  -30.0000 1981.7931   20.4356
    0.0000  -22.5000  -30.0000 1981.9563   20.4680
    7.5000  -22.5000  -30.0000 1971.2396   20.7561
   -7.5000  -15.0000  -30.0000 2103.7776   18.1864
    0.0000  -15.0000  -30.0000 2103.0298   18.2132
    7.5000  -15.0000  -30.0000 2086.2761   18.4643
   -7.5000   -7.5000  -30.0000 2224.0083   16.4870
    0.0000   -7.5000  -30.0000 2223.7070   16.5186
    7.5000   -7.5000  -30.0000 2202.3806   16.6690
   -7.5000    0.0000  -30.0000 2328.7361   15.2439
    0.0000    0.0000  -30.0000 2330.1860   15.2725
    7.5000    0.0000  -30.0000 2308.9836   15.3905
   -7.5000    7.5000  -30.0000 2389.3994   14.3233
    0.0000    7.5000  -30.0000 2386.4973   14.3319
    7.5000    7.5000  -30.0000 2370.1980   14.4573
   -7.5000   15.0000  -30.0000 2417.1541   13.7283
    0.0000   15.0000  -30.0000 2415.0347   13.7088
    7.5000   15.0000  -30.0000 2395.2004   13.8568
   -7.5000   22.5000  -30.0000 2424.9275   13.3158
    0.0000   22.5000  -30.0000 2426.3516   13.3123
    7.5000   22.5000  -30.0000 2405.5571   13.5029
   -7.5000   30.0000  -30.0000 2424.2766   13.1361
    0.0000   30.0000  -30.0000 2424.4966   13.1333
    7.5000   30.0000  -30.0000 2406.3254   13.3421
   -7.5000   37.5000  -30.0000 2416.2751   13.2044
    0.0000   37.5000  -30.0000 2415.0359   13.1956
    7.5000   37.5000  -30.0000 2391.7000   13.4343
   -7.5000   45.0000  -30.0000 2393.7424   13.5945
    0.0000   45.0000  -30.0000 2389.4373   13.5594
    7.5000   45.0000  -30.0000 2368.0876   13.8171
   -7.5000   52.5000  -30.0000 2330.0037   14.1565
    0.0000   52.5000  -30.0000 2328.8101   14.1185
    7.5000   52.5000  -30.0000 2304.6931   14.3947
   -7.5000  -37.5000  -22.5000 1818.7083   25.4927
    0.0000  -37.5000  -22.5000 1822.4807   25.6380
    7.5000  -37.5000  -22.5000 1815.6033   25.9250
   -7.5000  -30.0000  -22.5000 1948.0873   22.1079
    0.0000  -30.0000  -22.5000 1948.4734   22.1906
    7.5000  -30.0000  -22.5000 1943.3002   22.4553
   -7.5000  -22.5000  -22.5000 2073.1086   19.4798
    0.0000  -22.5000  -22.5000 2074.0417   19.5073
    7.5000  -22.5000  -22.5000 2063.1726   19.7286
   -7.5000  -15.0000  -22.5000 2203.5925   17.3397
    0.0000  -15.0000  -22.5000 2202.7390   17.3522
    7.5000  -15.0000  -22.5000 2187.9268   17.5492
   -7.5000   -7.5000  -22.5000 2335.3738   15.6571
    0.0000   -7.5000  -22.5000 2336.1025   15.6671
    7.5000   -7.5000  -22.5000 2314.6782   15.8201
   -7.5000    0.0000  -22.5000 2446.9585   14.4202
    0.0000    0.0000  -22.5000 2446.3159   14.4467
    7.5000    0.0000  -22.5000 2417.9238   14.5920
   -7.5000    7.5000  -22.5000 2512.5771   13.5619
    0.0000    7.5000  -22.5000 2507.9106   13.5626
    7.5000    7.5000  -22.5000 2481.3608   13.6992
   -7.5000   15.0000  -22.5000 2537.7898   12.9646
    0.0000   15.0000  -22.5000 2535.2153   12.9604
    7.5000   15.0000  -22.5000 2511.7605   13.1012
   -7.5000   22.5000  -22.5000 2558.5696   12.5840
    0.0000   22.5000  -22.5000 2556.5227   12.5650
    7.5000   22.5000  -22.5000 2530.9653   12.7237
   -7.5000   30.0000  -22.5000 2564.0471   12.3987
    0.0000   30.0000  -22.5000 2561.1287   12.3863
    7.5000   30.0000  -22.5000 2536.8396   12.5641
   -7.5000   37.5000  -22.5000 2553.7266   12.4535
    0.0000   37.5000  -22.5000 2551.6487   12.4499
    7.5000   37.5000  -22.5000 2527.5823   12.6374
   -7.5000   45.0000  -22.5000 2531.5620   12.8054
    0.0000   45.0000  -22.5000 2526.7178   12.7730
    7.5000   45.0000  -22.5000 2498.3804   13.0010
   -7.5000   52.5000  -22.5000 2462.9868   13.3359
    0.0000   52.5000  -22.5000 2459.6292   13.2949
    7.5000   52.5000  -22.5000 2429.4888   13.5586
   -7.5000  -37.5000  -15.0000 1867.6951   24.3669
    0.0000  -37.5000  -15.0000 1869.0830   24.3912
    7.5000  -37.5000  -15.0000 1865.8059   24.7394
   -7.5000  -30.0000  -15.0000 2003.7483   21.0732
    0.0000  -30.0000  -15.0000 2000.9401   21.1091
    7.5000  -30.0000  -15.0000 1996.8282   21.3918
   -7.5000  -22.5000  -15.0000 2135.1951   18.5672
    0.0000  -22.5000  -15.0000 2137.4636   18.5944
    7.5000  -22.5000  -15.0000 2119.4905   18.7907
   -7.5000  -15.0000  -15.0000 2274.7986   16.5247
    0.0000  -15.0000  -15.0000 2276.1343   16.5381
    7.5000  -15.0000  -15.0000 2250.9832   16.7000
   -7.5000   -7.5000  -15.0000 2411.1863   14.8671
    0.0000   -7.5000  -15.0000 2411.9363   14.8892
    7.5000   -7.5000  -15.0000 2383.1904   15.0636
   -7.5000    0.0000  -15.0000 2520.0300   13.6213
    0.0000    0.0000  -15.0000 2520.7507   13.6279
    7.5000    0.0000  -15.0000 2486.3914   13.7889
   -7.5000    7.5000  -15.0000 2590.8193   12.7616
    0.0000    7.5000  -15.0000 2588.2175   12.7623
    7.5000    7.5000  -15.0000 2558.7673   12.9221
   -7.5000   15.0000  -15.0000 2625.8066   12.1934
    0.0000   15.0000  -15.0000 2622.7930   12.2159
    7.5000   15.0000  -15.0000 2595.3772   12.3496
   -7.5000   22.5000  -15.0000 2656.5249   11.8231
    0.0000   22.5000  -15.0000 2655.3103   11.8197
    7.5000   22.5000  -15.0000 2627.6638   11.9880
   -7.5000   30.0000  -15.0000 2671.3335   11.6443
    0.0000   30.0000  -15.0000 2671.5391   11.6432
    7.5000   30.0000  -15.0000 2642.1074   11.7994
   -7.5000   37.5000  -15.0000 2665.4268   11.6942
    0.0000   37.5000  -15.0000 2665.7036   11.6911
    7.5000   37.5000  -15.0000 2632.2371   11.8687
   -7.5000   45.0000  -15.0000 2640.9241   12.0418
    0.0000   45.0000  -15.0000 2638.6150   12.0229
    7.5000   45.0000  -15.0000 2600.9104   12.2353
   -7.5000   52.5000  -15.0000 2567.5923   12.5576
    0.0000   52.5000  -15.0000 2565.1907   12.5428
    7.5000   52.5000  -15.0000 2526.4973   12.7747
   -7.5000  -37.5000   -7.5000 1900.5934   23.3378
    0.0000  -37.5000   -7.5000 1905.7620   23.3168
    7.5000  -37.5000   -7.5000 1894.5674   23.6805
   -7.5000  -30.0000   -7.5000 2038.8469   20.1087
    0.0000  -30.0000   -7.5000 2045.1857   20.1563
    7.5000  -30.0000   -7.5000 2027.1011   20.4292
   -7.5000  -22.5000   -7.5000 2177.0330   17.7076
    0.0000  -22.5000   -7.5000 2182.4917   17.7174
    7.5000  -22.5000   -7.5000 2162.9004   17.9627
   -7.5000  -15.0000   -7.5000 2323.3225   15.6941
    0.0000  -15.0000   -7.5000 2327.0486   15.6850
    7.5000  -15.0000   -7.5000 2301.6807   15.9129
   -7.5000   -7.5000   -7.5000 2458.4355   14.0361
    0.0000   -7.5000   -7.5000 2460.5681   14.0499
    7.5000   -7.5000   -7.5000 2431.0300   14.2797
   -7.5000    0.0000   -7.5000 2569.1499   12.8255
    0.0000    0.0000   -7.5000 2568.0796   12.8294
    7.5000    0.0000   -7.5000 2540.6912   13.0220
   -7.5000    7.5000   -7.5000 2644.0759   11.9667
    0.0000    7.5000   -7.5000 2648.8640   11.9905
    7.5000    7.5000   -7.5000 2619.3235   12.1387
   -7.5000   15.0000   -7.5000 2691.7341   11.4024
    0.0000   15.0000   -7.5000 2693.0000   11.4320
    7.5000   15.0000   -7.5000 2665.3125   11.5758
   -7.5000   22.5000   -7.5000 2733.8110   11.0453
    0.0000   22.5000   -7.5000 2734.7458   11.0641
    7.5000   22.5000   -7.5000 2703.6606   11.2281
   -7.5000   30.0000   -7.5000 2756.8684   10.8754
    0.0000   30.0000   -7.5000 2761.9309   10.9030
    7.5000   30.0000   -7.5000 2725.3406   11.0683
   -7.5000   37.5000   -7.5000 2757.7175   10.9304
    0.0000   37.5000   -7.5000 2759.3560   10.9482
    7.5000   37.5000   -7.5000 2723.8870   11.1267
   -7.5000   45.0000   -7.5000 2730.0747   11.2778
    0.0000   45.0000   -7.5000 2732.7058   11.2928
    7.5000   45.0000   -7.5000 2695.8513   11.5022
   -7.5000   52.5000   -7.5000 2651.4895   11.7813
    0.0000   52.5000   -7.5000 2654.2634   11.7842
    7.5000   52.5000   -7.5000 2614.3936   12.0211
   -7.5000  -37.5000    0.0000 1921.7325   22.5794
    0.0000  -37.5000    0.0000 1928.2234   22.6066
    7.5000  -37.5000    0.0000 1912.8026   22.9154
   -7.5000  -30.0000    0.0000 2066.8569   19.4287
    0.0000  -30.0000    0.0000 2070.4387   19.4377
    7.5000  -30.0000    0.0000 2051.4812   19.7419
   -7.5000  -22.5000    0.0000 2208.3069   17.0344
    0.0000  -22.5000    0.0000 2213.9089   17.0013
    7.5000  -22.5000    0.0000 2194.6426   17.2706
   -7.5000  -15.0000    0.0000 2350.9233   15.0124
    0.0000  -15.0000    0.0000 2358.9976   14.9855
    7.5000  -15.0000    0.0000 2336.3875   15.2729
   -7.5000   -7.5000    0.0000 2478.3250   13.3780
    0.0000   -7.5000    0.0000 2481.6318   13.3696
    7.5000   -7.5000    0.0000 2466.6880   13.6712
   -7.5000    0.0000    0.0000 2593.8193   12.1623
    0.0000    0.0000    0.0000 2599.3835   12.1776
    7.5000    0.0000    0.0000 2580.6189   12.4120
   -7.5000    7.5000    0.0000 2688.1064   11.2999
    0.0000    7.5000    0.0000 2695.1340   11.3190
    7.5000    7.5000    0.0000 2669.7327   11.5465
   -7.5000   15.0000    0.0000 2750.6348   10.7229
    0.0000   15.0000    0.0000 2755.1753   10.7361
    7.5000   15.0000    0.0000 2730.5137   10.9521
   -7.5000   22.5000    0.0000 2800.4646   10.3823
    0.0000   22.5000    0.0000 2806.6951   10.4058
    7.5000   22.5000    0.0000 2772.9490   10.5983
   -7.5000   30.0000    0.0000 2828.8223   10.2077
    0.0000   30.0000    0.0000 2835.7639   10.2414
    7.5000   30.0000    0.0000 2799.6794   10.4538
   -7.5000   37.5000    0.0000 2831.2893   10.2944
    0.0000   37.5000    0.0000 2838.1919   10.3093
    7.5000   37.5000    0.0000 2803.7312   10.5241
   -7.5000   45.0000    0.0000 2806.0439   10.6327
    0.0000   45.0000    0.0000 2812.1189   10.6400
    7.5000   45.0000    0.0000 2773.9482   10.8799
   -7.5000   52.5000    0.0000 2721.9644   11.1083
    0.0000   52.5000    0.0000 2725.6384   11.1148
    7.5000   52.5000    0.0000 2688.9807   11.3754
   -7.5000  -37.5000    7.5000 1937.0295   22.2048
    0.0000  -37.5000    7.5000 1940.6232   22.1911
    7.5000  -37.5000    7.5000 1929.3544   22.6186
   -7.5000  -30.0000    7.5000 2084.3152   19.0412
    0.0000  -30.0000    7.5000 2087.7600   19.0158
    7.5000  -30.0000    7.5000 2076.1345   19.4451
   -7.5000  -22.5000    7.5000 2227.6223   16.6091
    0.0000  -22.5000    7.5000 2233.5139   16.5561
    7.5000  -22.5000    7.5000 2216.0327   16.9049
   -7.5000  -15.0000    7.5000 2360.1489   14.5539
    0.0000  -15.0000    7.5000 2369.1575   14.5198
    7.5000  -15.0000    7.5000 2355.4736   14.8804
   -7.5000   -7.5000    7.5000 2486.9407   12.9399
    0.0000   -7.5000    7.5000 2496.3687   12.9239
    7.5000   -7.5000    7.5000 2483.3047   13.2542
   -7.5000    0.0000    7.5000 2611.3950   11.7406
    0.0000    0.0000    7.5000 2622.1562   11.7342
    7.5000    0.0000    7.5000 2605.1309   12.0384
   -7.5000    7.5000    7.5000 2721.6328   10.8758
    0.0000    7.5000    7.5000 2733.3923   10.8784
    7.5000    7.5000    7.5000 2706.6995   11.1431
   -7.5000   15.0000    7.5000 2801.5581   10.2689
    0.0000   15.0000    7.5000 2812.3105   10.2701
    7.5000   15.0000    7.5000 2779.5369   10.5341
   -7.5000   22.5000    7.5000 2861.0103    9.8716
    0.0000   22.5000    7.5000 2868.9055    9.8939
    7.5000   22.5000    7.5000 2834.1316   10.1708
   -7.5000   30.0000    7.5000 2893.8425    9.6965
    0.0000   30.0000    7.5000 2901.1030    9.7372
    7.5000   30.0000    7.5000 2864.5664   10.0265
   -7.5000   37.5000    7.5000 2896.5598    9.8015
    0.0000   37.5000    7.5000 2906.2139    9.8278
    7.5000   37.5000    7.5000 2870.9070   10.1203
   -7.5000   45.0000    7.5000 2865.6707   10.1309
    0.0000   45.0000    7.5000 2871.3938   10.1477
    7.5000   45.0000    7.5000 2838.7168   10.4569
   -7.5000   52.5000    7.5000 2776.2656   10.6170
    0.0000   52.5000    7.5000 2779.2488   10.6295
    7.5000   52.5000    7.5000 2748.4370   10.9367
   -7.5000  -37.5000   15.0000 1936.7810   22.1555
    0.0000  -37.5000   15.0000 1934.0837   22.1155
    7.5000  -37.5000   15.0000 1925.7837   22.6456
   -7.5000  -30.0000   15.0000 2089.3264   19.0212
    0.0000  -30.0000   15.0000 2091.5454   18.9376
    7.5000  -30.0000   15.0000 2077.9231   19.4643
   -7.5000  -22.5000   15.0000 2225.9807   16.4504
    0.0000  -22.5000   15.0000 2231.2791   16.3727
    7.5000  -22.5000   15.0000 2217.2969   16.8287
   -7.5000  -15.0000   15.0000 2357.8848   14.3462
    0.0000  -15.0000   15.0000 2364.2786   14.2971
    7.5000  -15.0000   15.0000 2360.1965   14.7552
   -7.5000   -7.5000   15.0000 2488.3188   12.7145
    0.0000   -7.5000   15.0000 2498.3274   12.6803
    7.5000   -7.5000   15.0000 2490.0874   13.1066
   -7.5000    0.0000   15.0000 2615.6921   11.5368
    0.0000    0.0000   15.0000 2625.2437   11.4962
    7.5000    0.0000   15.0000 2613.1196   11.8704
   -7.5000    7.5000   15.0000 2728.7029   10.6721
    0.0000    7.5000   15.0000 2743.9021   10.6547
    7.5000    7.5000   15.0000 2721.4834   10.9723
   -7.5000   15.0000   15.0000 2826.6072   10.0678
    0.0000   15.0000   15.0000 2840.9556   10.0544
    7.5000   15.0000   15.0000 2808.8049   10.3516
   -7.5000   22.5000   15.0000 2901.3433    9.6097
    0.0000   22.5000   15.0000 2914.3652    9.6214
    7.5000   22.5000   15.0000 2871.8108    9.9717
   -7.5000   30.0000   15.0000 2942.4539    9.3612
    0.0000   30.0000   15.0000 2957.0278    9.4006
    7.5000   30.0000   15.0000 2909.2544    9.8017
   -7.5000   37.5000   15.0000 2941.6030    9.4988
    0.0000   37.5000   15.0000 2955.6550    9.5262
    7.5000   37.5000   15.0000 2917.4170    9.9104
   -7.5000   45.0000   15.0000 2901.2114    9.8565
    0.0000   45.0000   15.0000 2910.5039    9.8787
    7.5000   45.0000   15.0000 2882.2549   10.2558
   -7.5000   52.5000   15.0000 2806.1516   10.3561
    0.0000   52.5000   15.0000 2817.0000   10.3845
    7.5000   52.5000   15.0000 2788.7866   10.7549
   -7.5000  -37.5000   22.5000 1918.5037   22.4096
    0.0000  -37.5000   22.5000 1911.3986   22.3736
    7.5000  -37.5000   22.5000 1910.6862   22.9280
   -7.5000  -30.0000   22.5000 2084.8804   19.2108
    0.0000  -30.0000   22.5000 2079.6826   19.0912
    7.5000  -30.0000   22.5000 2066.5381   19.5818
   -7.5000  -22.5000   22.5000 2216.0320   16.4878
    0.0000  -22.5000   22.5000 2216.7820   16.3921
    7.5000  -22.5000   22.5000 2205.2898   16.8893
   -7.5000  -15.0000   22.5000 2346.7327   14.3656
    0.0000  -15.0000   22.5000 2349.0269   14.2667
    7.5000  -15.0000   22.5000 2346.3186   14.7538
   -7.5000   -7.5000   22.5000 2483.2852   12.7388
    0.0000   -7.5000   22.5000 2487.4595   12.6446
    7.5000   -7.5000   22.5000 2480.7622   13.0718
   -7.5000    0.0000   22.5000 2612.6421   11.5582
    0.0000    0.0000   22.5000 2615.7000   11.4709
    7.5000    0.0000   22.5000 2607.3313   11.8754
   -7.5000    7.5000   22.5000 2729.7520   10.7063
    0.0000    7.5000   22.5000 2732.3147   10.6281
    7.5000    7.5000   22.5000 2721.8596   10.9889
   -7.5000   15.0000   22.5000 2833.2317   10.1459
    0.0000   15.0000   22.5000 2839.5688   10.0740
    7.5000   15.0000   22.5000 2817.0051   10.3826
   -7.5000   22.5000   22.5000 2923.4907    9.6808
    0.0000   22.5000   22.5000 2932.4114    9.6414
    7.5000   22.5000   22.5000 2890.4973    9.9923
   -7.5000   30.0000   22.5000 2980.7458    9.3345
    0.0000   30.0000   22.5000 2992.9810    9.3405
    7.5000   30.0000   22.5000 2939.8369    9.8182
   -7.5000   37.5000   22.5000 2980.5906    9.4667
    0.0000   37.5000   22.5000 2990.9431    9.4757
    7.5000   37.5000   22.5000 2941.4260    9.9319
   -7.5000   45.0000   22.5000 2917.6187    9.8708
    0.0000   45.0000   22.5000 2929.7480    9.8779
    7.5000   45.0000   22.5000 2897.6765   10.2516
   -7.5000   52.5000   22.5000 2818.7703   10.3711
    0.0000   52.5000   22.5000 2828.5925   10.3682
    7.5000   52.5000   22.5000 2800.9451   10.7081
   -7.5000  -37.5000   30.0000 1886.4042   22.9393
    0.0000  -37.5000   30.0000 1874.3640   22.8612
    7.5000  -37.5000   30.0000 1881.7993   23.3599
   -7.5000  -30.0000   30.0000 2055.4712   19.5910
    0.0000  -30.0000   30.0000 2048.8330   19.5302
    7.5000  -30.0000   30.0000 2038.1168   19.8885
   -7.5000  -22.5000   30.0000 2191.9712   16.7733
    0.0000  -22.5000   30.0000 2191.4314   16.6920
    7.5000  -22.5000   30.0000 2182.1733   17.1394
   -7.5000  -15.0000   30.0000 2329.4231   14.5622
    0.0000  -15.0000   30.0000 2332.3369   14.4818
    7.5000  -15.0000   30.0000 2326.4209   14.9234
   -7.5000   -7.5000   30.0000 2470.0920   12.9108
    0.0000   -7.5000   30.0000 2474.1680   12.8164
    7.5000   -7.5000   30.0000 2464.5684   13.2158
   -7.5000    0.0000   30.0000 2596.6123   11.7078
    0.0000    0.0000   30.0000 2598.0452   11.6120
    7.5000    0.0000   30.0000 2593.2803   12.0292
   -7.5000    7.5000   30.0000 2715.3020   10.8789
    0.0000    7.5000   30.0000 2715.3862   10.7854
    7.5000    7.5000   30.0000 2706.5159   11.1517
   -7.5000   15.0000   30.0000 2819.0706   10.3147
    0.0000   15.0000   30.0000 2823.0334   10.2299
    7.5000   15.0000   30.0000 2799.6580   10.5284
   -7.5000   22.5000   30.0000 2907.6892    9.8454
    0.0000   22.5000   30.0000 2912.1226    9.7643
    7.5000   22.5000   30.0000 2873.1970   10.1051
   -7.5000   30.0000   30.0000 2970.0676    9.5999
    0.0000   30.0000   30.0000 2974.9949    9.5461
    7.5000   30.0000   30.0000 2918.4421    9.9090
   -7.5000   37.5000   30.0000 2968.9504    9.7383
    0.0000   37.5000   30.0000 2978.3010    9.7181
    7.5000   37.5000   30.0000 2916.1470   10.0076
   -7.5000   45.0000   30.0000 2911.8760   10.0815
    0.0000   45.0000   30.0000 2919.6589   10.0725
    7.5000   45.0000   30.0000 2876.1125   10.3367
   -7.5000   52.5000   30.0000 2805.3611   10.5300
    0.0000   52.5000   30.0000 2813.3540   10.5085
    7.5000   52.5000   30.0000 2782.3616   10.7829
   -7.5000  -37.5000   37.5000 1858.6650   23.6441
    0.0000  -37.5000   37.5000 1846.0525   23.5948
    7.5000  -37.5000   37.5000 1848.0961   24.0479
   -7.5000  -30.0000   37.5000 2021.1239   20.0912
    0.0000  -30.0000   37.5000 2013.7014   20.0345
    7.5000  -30.0000   37.5000 2007.0239   20.4404
   -7.5000  -22.5000   37.5000 2158.5398   17.1767
    0.0000  -22.5000   37.5000 2158.2666   17.0804
    7.5000  -22.5000   37.5000 2153.3174   17.5576
   -7.5000  -15.0000   37.5000 2305.4453   14.9155
    0.0000  -15.0000   37.5000 2309.0359   14.8422
    7.5000  -15.0000   37.5000 2299.2461   15.2738
   -7.5000   -7.5000   37.5000 2451.5078   13.2655
    0.0000   -7.5000   37.5000 2456.3433   13.1685
    7.5000   -7.5000   37.5000 2441.7471   13.5798
   -7.5000    0.0000   37.5000 2579.1567   12.0894
    0.0000    0.0000   37.5000 2587.1687   12.0154
    7.5000    0.0000   37.5000 2570.2490   12.3781
   -7.5000    7.5000   37.5000 2700.7390   11.2617
    0.0000    7.5000   37.5000 2704.8159   11.1898
    7.5000    7.5000   37.5000 2679.9016   11.4996
   -7.5000   15.0000   37.5000 2799.1699   10.6373
    0.0000   15.0000   37.5000 2799.2197   10.5583
    7.5000   15.0000   37.5000 2770.5605   10.8737
   -7.5000   22.5000   37.5000 2877.1387   10.1488
    0.0000   22.5000   37.5000 2874.7244   10.0732
    7.5000   22.5000   37.5000 2840.3936   10.4128
   -7.5000   30.0000   37.5000 2928.5093    9.9359
    0.0000   30.0000   37.5000 2926.2317    9.8845
    7.5000   30.0000   37.5000 2884.6052   10.1779
   -7.5000   37.5000   37.5000 2934.3623   10.0389
    0.0000   37.5000   37.5000 2940.1384    9.9986
    7.5000   37.5000   37.5000 2883.5696   10.2591
   -7.5000   45.0000   37.5000 2877.5164   10.3965
    0.0000   45.0000   37.5000 2885.2295   10.3532
    7.5000   45.0000   37.5000 2842.0029   10.6054
   -7.5000   52.5000   37.5000 2774.1702   10.8445
    0.0000   52.5000   37.5000 2782.2017   10.7989
    7.5000   52.5000   37.5000 2747.9468   11.0623
   -7.5000  -37.5000   45.0000 1817.7811   24.4436
    0.0000  -37.5000   45.0000 1810.1721   24.3739
    7.5000  -37.5000   45.0000 1807.2943   24.8650
   -7.5000  -30.0000   45.0000 1980.9607   20.7204
    0.0000  -30.0000   45.0000 1977.7404   20.6558
    7.5000  -30.0000   45.0000 1969.0557   21.1363
   -7.5000  -22.5000   45.0000 2125.0779   17.7452
    0.0000  -22.5000   45.0000 2128.1787   17.6919
    7.5000  -22.5000   45.0000 2117.5837   18.1488
   -7.5000  -15.0000   45.0000 2279.7791   15.4804
    0.0000  -15.0000   45.0000 2283.7832   15.4105
    7.5000  -15.0000   45.0000 2270.1230   15.8529
   -7.5000   -7.5000   45.0000 2433.0869   13.8005
    0.0000   -7.5000   45.0000 2437.3447   13.7267
    7.5000   -7.5000   45.0000 2414.3660   14.1547
   -7.5000    0.0000   45.0000 2557.8381   12.5993
    0.0000    0.0000   45.0000 2567.3542   12.5318
    7.5000    0.0000   45.0000 2539.6233   12.9144
   -7.5000    7.5000   45.0000 2673.9360   11.7257
    0.0000    7.5000   45.0000 2678.3513   11.6410
    7.5000    7.5000   45.0000 2650.1284   12.0044
   -7.5000   15.0000   45.0000 2762.4714   11.0482
    0.0000   15.0000   45.0000 2764.0801   10.9472
    7.5000   15.0000   45.0000 2732.3733   11.3308
   -7.5000   22.5000   45.0000 2827.9568   10.5551
    0.0000   22.5000   45.0000 2826.7947   10.4876
    7.5000   22.5000   45.0000 2797.0469   10.8445
   -7.5000   30.0000   45.0000 2862.8206   10.3442
    0.0000   30.0000   45.0000 2862.6804   10.2985
    7.5000   30.0000   45.0000 2830.0808   10.6138
   -7.5000   37.5000   45.0000 2870.9861   10.4231
    0.0000   37.5000   45.0000 2876.9700   10.3932
    7.5000   37.5000   45.0000 2824.5391   10.6549
   -7.5000   45.0000   45.0000 2819.7898   10.7803
    0.0000   45.0000   45.0000 2830.5327   10.7368
    7.5000   45.0000   45.0000 2784.2791   10.9851
   -7.5000   52.5000   45.0000 2725.9390   11.2234
    0.0000   52.5000   45.0000 2731.5833   11.1799
    7.5000   52.5000   45.0000 2699.3643   11.4354

---------------------------------------------------------------------
imgreg_4dfp /opt/freesurfer/average/711-2C_as_mni_average_305 /opt/freesurfer/average/711-2B_as_mni_average_305_mask talsrcimg_g11 none talsrcimg_to_711-2C_as_mni_average_305_t4 1283
---------------------------------------------------------------------

freesurfer imgreg_4dfp.c
/opt/freesurfer/average/711-2C_as_mni_average_305.4dfp.img
       256       256       256         1
  1.000000  1.000000  1.000000
orientation T byte_order littleendian
Reading image: /opt/freesurfer/average/711-2C_as_mni_average_305.4dfp.img
dimensions:      256       256       256
mmppix:       1.0000   -1.0000   -1.0000
center:     128.0000 -129.0000 -129.0000
/opt/freesurfer/average/711-2B_as_mni_average_305_mask.4dfp.img
       256       256       256         1
  1.000000  1.000000  1.000000
orientation T byte_order littleendian
Reading mask: /opt/freesurfer/average/711-2B_as_mni_average_305_mask.4dfp.img (2306576 pixels)
talsrcimg_g11.4dfp.img
       256       256       256         1
  1.000000  1.000000  1.000000
orientation T byte_order littleendian
Reading image: talsrcimg_g11.4dfp.img
dimensions:      256       256       256
mmppix:       1.0000   -1.0000   -1.0000
center:     128.0000 -129.0000 -129.0000
rotation matrix determinant  1.000000
fimgreg.f
image alignment mode   1283 decimal      503 hex
parameters
    0.0000   30.0000   22.5000    0.0000    0.0000    0.0000
eta,q 0.93928  9.36075
niter,ni,del,rscale     5    3   12.0000    1.2000
parameter  2 -0.629931 -> -0.500000 qaram    1.1500
parameters
   -1.0716   33.4500   24.6181    0.3833    0.4677    0.3880
eta,q 0.94328  9.32716
  0.0662  0.0745  0.0652  0.0658  0.0616  0.0615
  0.0628  0.0705  0.0625  0.0606  0.0589  0.0590
  0.0606  0.0650  0.0595  0.0574  0.0576  0.0575
  0.0599  0.0600  0.0575  0.0568  0.0571  0.0567
  0.0613  0.0578  0.0568  0.0581  0.0565  0.0570
  0.0669  0.0580  0.0568  0.0603  0.0578  0.0582
  0.0755  0.0594  0.0595  0.0628  0.0606  0.0605
niter,ni,del,rscale     5    3   12.0000    1.2000
parameters
   -1.7386   33.5678   24.7497    0.4411    0.3271    0.3971
eta,q 0.94336  9.32999
  0.0631  0.0698  0.0626  0.0642  0.0614  0.0610
  0.0592  0.0624  0.0597  0.0590  0.0581  0.0587
  0.0569  0.0580  0.0577  0.0566  0.0568  0.0574
  0.0567  0.0567  0.0567  0.0566  0.0567  0.0566
  0.0576  0.0581  0.0567  0.0579  0.0571  0.0569
  0.0611  0.0624  0.0592  0.0600  0.0588  0.0584
  0.0679  0.0684  0.0625  0.0626  0.0616  0.0612
niter,ni,del,rscale     4    3   12.0000    1.2000
parameters
   -1.8780   33.5739   24.8960    0.4673    0.2626    0.3999
eta,q 0.94343  9.33281
  0.0639  0.0694  0.0625  0.0641  0.0619  0.0608
  0.0603  0.0620  0.0597  0.0589  0.0581  0.0586
  0.0572  0.0578  0.0578  0.0564  0.0566  0.0573
  0.0566  0.0566  0.0566  0.0566  0.0566  0.0566
  0.0573  0.0582  0.0565  0.0578  0.0572  0.0568
  0.0597  0.0626  0.0591  0.0599  0.0588  0.0583
  0.0654  0.0688  0.0624  0.0627  0.0615  0.0612
niter,ni,del,rscale     3    3   12.0000    1.2000
parameters
   -1.9583   33.5809   24.9952    0.4724    0.2086    0.3997
eta,q 0.94345  9.33451
  0.0639  0.0696  0.0624  0.0640  0.0621  0.0607
  0.0604  0.0620  0.0597  0.0589  0.0582  0.0585
  0.0571  0.0577  0.0578  0.0564  0.0564  0.0573
  0.0566  0.0566  0.0566  0.0565  0.0565  0.0565
  0.0574  0.0583  0.0565  0.0578  0.0573  0.0567
  0.0596  0.0627  0.0593  0.0600  0.0589  0.0582
  0.0650  0.0688  0.0625  0.0628  0.0616  0.0611
niter,ni,del,rscale     2    3   12.0000    1.2000
parameters
   -2.0062   33.5932   25.0629    0.4711    0.1694    0.3956
eta,q 0.94347  9.33612
  0.0639  0.0697  0.0623  0.0640  0.0622  0.0607
  0.0605  0.0621  0.0597  0.0589  0.0582  0.0585
  0.0571  0.0576  0.0578  0.0564  0.0563  0.0572
  0.0565  0.0566  0.0566  0.0565  0.0565  0.0565
  0.0574  0.0583  0.0565  0.0578  0.0573  0.0566
  0.0596  0.0628  0.0594  0.0600  0.0590  0.0582
  0.0648  0.0689  0.0625  0.0628  0.0616  0.0611
niter,ni,del,rscale     1    3   12.0000    1.2000
parameters
   -2.0389   33.6046   25.1133    0.4707    0.1423    0.3921
eta,q 0.94350  9.33764
  0.0639  0.0697  0.0623  0.0641  0.0623  0.0606
  0.0605  0.0621  0.0597  0.0589  0.0582  0.0584
  0.0571  0.0576  0.0579  0.0564  0.0563  0.0572
  0.0565  0.0565  0.0565  0.0565  0.0565  0.0565
  0.0575  0.0584  0.0565  0.0578  0.0573  0.0566
  0.0595  0.0628  0.0594  0.0600  0.0590  0.0581
  0.0647  0.0689  0.0626  0.0629  0.0616  0.0611
registration optimization eta report
parameter search radius
    6.0000    6.9000    6.0000    6.0000    6.0000    6.0000
100000*second partial in parameter space
       22.       27.       16.       20.       16.       12.
  0.0639  0.0697  0.0623  0.0641  0.0623  0.0606
  0.0605  0.0621  0.0597  0.0589  0.0582  0.0584
  0.0571  0.0576  0.0579  0.0564  0.0563  0.0572
  0.0565  0.0565  0.0565  0.0565  0.0565  0.0565
  0.0575  0.0584  0.0565  0.0578  0.0573  0.0566
  0.0595  0.0628  0.0594  0.0600  0.0590  0.0581
  0.0647  0.0689  0.0626  0.0629  0.0616  0.0611
   -2.0389   33.6046   25.1133    0.4707    0.1423    0.3921
eta,q 0.94350  9.33764

---------------------------------------------------------------------
imgreg_4dfp /opt/freesurfer/average/711-2C_as_mni_average_305 /opt/freesurfer/average/711-2B_as_mni_average_305_mask talsrcimg_g11 none talsrcimg_to_711-2C_as_mni_average_305_t4 3335
---------------------------------------------------------------------

freesurfer imgreg_4dfp.c
/opt/freesurfer/average/711-2C_as_mni_average_305.4dfp.img
       256       256       256         1
  1.000000  1.000000  1.000000
orientation T byte_order littleendian
Reading image: /opt/freesurfer/average/711-2C_as_mni_average_305.4dfp.img
dimensions:      256       256       256
mmppix:       1.0000   -1.0000   -1.0000
center:     128.0000 -129.0000 -129.0000
/opt/freesurfer/average/711-2B_as_mni_average_305_mask.4dfp.img
       256       256       256         1
  1.000000  1.000000  1.000000
orientation T byte_order littleendian
Reading mask: /opt/freesurfer/average/711-2B_as_mni_average_305_mask.4dfp.img (2306576 pixels)
talsrcimg_g11.4dfp.img
       256       256       256         1
  1.000000  1.000000  1.000000
orientation T byte_order littleendian
Reading image: talsrcimg_g11.4dfp.img
dimensions:      256       256       256
mmppix:       1.0000   -1.0000   -1.0000
center:     128.0000 -129.0000 -129.0000
fimgreg.f
image alignment mode   3335 decimal      D07 hex
parameters
   -2.0389   33.6046   25.1133   -0.0027   -0.0057   -0.0037
   -0.6863   -0.2428    0.6843   -0.8231    0.2484    0.8214
eta,q 0.94386  9.34301
niter,ni,del,rscale     5    3    5.0000    1.2000
parameter  4 -4.971376 ->  0.500000 qaram    1.1500
parameter  5  2.892498 ->  0.500000 qaram    1.1500
parameter  6  1.593281 ->  0.500000 qaram    1.1500
parameters
   -1.7968   33.6771   25.9579   -4.1427   -4.1457   -4.1437
    0.7637    2.6698    1.3066   -0.2461    1.3702    0.2952
eta,q 0.96115  9.29076
  0.0569  0.0577  0.0577  0.0438  0.0430  0.0393  0.0426  0.0487  0.0406  0.0425  0.0416  0.0398
  0.0566  0.0568  0.0569  0.0475  0.0449  0.0400  0.0416  0.0458  0.0398  0.0409  0.0403  0.0393
  0.0564  0.0562  0.0564  0.0518  0.0467  0.0419  0.0408  0.0429  0.0392  0.0397  0.0394  0.0390
  0.0561  0.0560  0.0560  0.0559  0.0486  0.0454  0.0404  0.0403  0.0390  0.0390  0.0389  0.0389
  0.0560  0.0562  0.0559  0.0595  0.0509  0.0498  0.0403  0.0390  0.0391  0.0391  0.0389  0.0390
  0.0562  0.0567  0.0560  0.0626  0.0534  0.0542  0.0407  0.0396  0.0394  0.0400  0.0394  0.0394
  0.0568  0.0575  0.0563  0.0656  0.0566  0.0577  0.0414  0.0418  0.0401  0.0417  0.0403  0.0402
niter,ni,del,rscale     7    3    5.0000    1.2000
parameter  2  0.864950 ->  0.500000 qaram    1.1500
parameter  3  0.555784 ->  0.500000 qaram    1.1500
parameter  4  2.598986 ->  0.500000 qaram    1.3225
parameter  5  4.987904 ->  0.500000 qaram    1.3225
parameters
   -2.4403   32.2971   24.5779   -8.9037   -8.9067   -6.9585
   -1.1389    2.0862   -0.0063   -0.4170    0.5043   -2.5702
eta,q 0.97745  9.26143
  0.0406  0.0374  0.0372  0.0263  0.0208  0.0261  0.0247  0.0295  0.0245  0.0268  0.0243  0.0231
  0.0393  0.0373  0.0367  0.0277  0.0226  0.0243  0.0235  0.0257  0.0234  0.0246  0.0234  0.0227
  0.0386  0.0377  0.0367  0.0312  0.0253  0.0232  0.0230  0.0235  0.0228  0.0233  0.0229  0.0226
  0.0389  0.0386  0.0374  0.0366  0.0285  0.0233  0.0232  0.0230  0.0229  0.0228  0.0228  0.0228
  0.0400  0.0398  0.0386  0.0430  0.0315  0.0262  0.0242  0.0243  0.0235  0.0233  0.0232  0.0233
  0.0419  0.0414  0.0403  0.0482  0.0345  0.0320  0.0258  0.0274  0.0246  0.0248  0.0240  0.0242
  0.0444  0.0432  0.0423  0.0526  0.0378  0.0383  0.0279  0.0319  0.0261  0.0273  0.0253  0.0253
niter,ni,del,rscale     7    3    5.0000    1.2000
parameters
   -3.1044   31.5664   23.6370  -12.8899  -13.1102   -6.0166
    0.2107    1.5414    1.0092   -0.2494    0.0095   -0.8964
eta,q 0.98110  9.16730
  0.0249  0.0242  0.0226  0.0232  0.0219  0.0252  0.0235  0.0245  0.0222  0.0232  0.0202  0.0209
  0.0228  0.0224  0.0216  0.0216  0.0202  0.0229  0.0215  0.0213  0.0207  0.0210  0.0195  0.0200
  0.0221  0.0217  0.0214  0.0206  0.0197  0.0212  0.0200  0.0195  0.0196  0.0196  0.0191  0.0194
  0.0226  0.0221  0.0217  0.0214  0.0207  0.0197  0.0192  0.0191  0.0191  0.0190  0.0190  0.0190
  0.0242  0.0234  0.0226  0.0254  0.0235  0.0187  0.0192  0.0201  0.0191  0.0194  0.0192  0.0189
  0.0268  0.0257  0.0241  0.0321  0.0273  0.0199  0.0199  0.0226  0.0197  0.0206  0.0197  0.0191
  0.0302  0.0286  0.0262  0.0386  0.0308  0.0243  0.0212  0.0265  0.0209  0.0229  0.0205  0.0197
niter,ni,del,rscale     6    3    5.0000    1.2000
parameters
   -2.9677   31.9312   24.0764  -13.2618  -13.6145   -6.0165
   -0.0940    1.6463    1.0646   -0.2634   -0.0994   -1.2027
eta,q 0.98112  9.13728
  0.0239  0.0245  0.0223  0.0251  0.0244  0.0241  0.0219  0.0252  0.0213  0.0228  0.0201  0.0201
  0.0213  0.0217  0.0205  0.0223  0.0216  0.0220  0.0202  0.0217  0.0200  0.0207  0.0194  0.0194
  0.0196  0.0198  0.0193  0.0202  0.0196  0.0203  0.0192  0.0196  0.0192  0.0194  0.0190  0.0190
  0.0189  0.0189  0.0188  0.0187  0.0189  0.0189  0.0189  0.0189  0.0189  0.0189  0.0189  0.0189
  0.0192  0.0190  0.0188  0.0188  0.0197  0.0183  0.0193  0.0195  0.0191  0.0193  0.0190  0.0190
  0.0205  0.0201  0.0194  0.0218  0.0223  0.0205  0.0206  0.0214  0.0199  0.0206  0.0194  0.0195
  0.0230  0.0222  0.0206  0.0278  0.0259  0.0258  0.0225  0.0249  0.0213  0.0230  0.0202  0.0204
niter,ni,del,rscale     5    3    5.0000    1.2000
parameters
   -2.9251   31.9688   24.1263  -13.2016  -13.6780   -5.9507
   -0.1325    1.6946    1.0893   -0.2099   -0.1597   -1.2735
eta,q 0.98117  9.13860
  0.0234  0.0234  0.0215  0.0255  0.0249  0.0242  0.0221  0.0251  0.0213  0.0228  0.0201  0.0202
  0.0210  0.0209  0.0200  0.0226  0.0219  0.0220  0.0204  0.0216  0.0200  0.0207  0.0194  0.0194
  0.0195  0.0194  0.0192  0.0204  0.0198  0.0203  0.0192  0.0195  0.0191  0.0194  0.0190  0.0190
  0.0189  0.0189  0.0189  0.0189  0.0189  0.0189  0.0188  0.0188  0.0188  0.0188  0.0188  0.0188
  0.0193  0.0194  0.0191  0.0187  0.0194  0.0182  0.0192  0.0195  0.0191  0.0192  0.0190  0.0189
  0.0207  0.0208  0.0199  0.0212  0.0218  0.0204  0.0204  0.0215  0.0199  0.0205  0.0194  0.0194
  0.0232  0.0231  0.0213  0.0268  0.0253  0.0256  0.0222  0.0249  0.0213  0.0228  0.0201  0.0203
niter,ni,del,rscale     4    3    5.0000    1.2000
parameters
   -2.9218   31.9741   24.1365  -13.2030  -13.6928   -5.9342
   -0.1336    1.7033    1.1009   -0.1978   -0.1694   -1.2881
eta,q 0.98117  9.13852
  0.0232  0.0233  0.0214  0.0254  0.0249  0.0241  0.0221  0.0250  0.0212  0.0228  0.0201  0.0202
  0.0209  0.0208  0.0199  0.0226  0.0219  0.0220  0.0204  0.0215  0.0199  0.0207  0.0194  0.0195
  0.0194  0.0193  0.0191  0.0204  0.0198  0.0203  0.0193  0.0195  0.0191  0.0193  0.0190  0.0190
  0.0188  0.0188  0.0188  0.0188  0.0188  0.0188  0.0188  0.0188  0.0188  0.0188  0.0188  0.0188
  0.0193  0.0193  0.0191  0.0187  0.0194  0.0182  0.0192  0.0195  0.0191  0.0192  0.0190  0.0189
  0.0208  0.0208  0.0199  0.0212  0.0217  0.0205  0.0203  0.0215  0.0199  0.0206  0.0194  0.0194
  0.0233  0.0232  0.0213  0.0269  0.0252  0.0257  0.0222  0.0250  0.0213  0.0229  0.0201  0.0203
registration optimization eta report
parameter search radius
    2.4000    2.7600    2.7600    9.5220    9.5220    8.2800
    7.2000    7.2000    7.2000    7.2000    7.2000    7.2000
100000*second partial in parameter space
       76.       58.       34.        8.        7.        9.
        6.       12.        5.        8.        2.        3.
  0.0232  0.0233  0.0214  0.0254  0.0249  0.0241  0.0221  0.0250  0.0212  0.0228  0.0201  0.0202
  0.0209  0.0208  0.0199  0.0226  0.0219  0.0220  0.0204  0.0215  0.0199  0.0207  0.0194  0.0195
  0.0194  0.0193  0.0191  0.0204  0.0198  0.0203  0.0193  0.0195  0.0191  0.0193  0.0190  0.0190
  0.0188  0.0188  0.0188  0.0188  0.0188  0.0188  0.0188  0.0188  0.0188  0.0188  0.0188  0.0188
  0.0193  0.0193  0.0191  0.0187  0.0194  0.0182  0.0192  0.0195  0.0191  0.0192  0.0190  0.0189
  0.0208  0.0208  0.0199  0.0212  0.0217  0.0205  0.0203  0.0215  0.0199  0.0206  0.0194  0.0194
  0.0233  0.0232  0.0213  0.0269  0.0252  0.0257  0.0222  0.0250  0.0213  0.0229  0.0201  0.0203
   -2.9218   31.9741   24.1365  -13.2030  -13.6928   -5.9342
   -0.1336    1.7033    1.1009   -0.1978   -0.1694   -1.2881
eta,q 0.98117  9.13852

---------------------------------------------------------------------
imgreg_4dfp /opt/freesurfer/average/711-2C_as_mni_average_305 /opt/freesurfer/average/711-2B_as_mni_average_305_mask talsrcimg_g11 none talsrcimg_to_711-2C_as_mni_average_305_t4 2311
---------------------------------------------------------------------

freesurfer imgreg_4dfp.c
/opt/freesurfer/average/711-2C_as_mni_average_305.4dfp.img
       256       256       256         1
  1.000000  1.000000  1.000000
orientation T byte_order littleendian
Reading image: /opt/freesurfer/average/711-2C_as_mni_average_305.4dfp.img
dimensions:      256       256       256
mmppix:       1.0000   -1.0000   -1.0000
center:     128.0000 -129.0000 -129.0000
/opt/freesurfer/average/711-2B_as_mni_average_305_mask.4dfp.img
       256       256       256         1
  1.000000  1.000000  1.000000
orientation T byte_order littleendian
Reading mask: /opt/freesurfer/average/711-2B_as_mni_average_305_mask.4dfp.img (2306576 pixels)
talsrcimg_g11.4dfp.img
       256       256       256         1
  1.000000  1.000000  1.000000
orientation T byte_order littleendian
Reading image: talsrcimg_g11.4dfp.img
dimensions:      256       256       256
mmppix:       1.0000   -1.0000   -1.0000
center:     128.0000 -129.0000 -129.0000
fimgreg.f
image alignment mode   2311 decimal      907 hex
parameters
   -2.9218   31.9741   24.1365  -13.2030  -13.6928   -5.9342
   -0.1336    1.7033    1.1009   -0.1978   -0.1694   -1.2881
eta,q 0.98117  9.13852
niter,ni,del,rscale     5    3    5.0000    0.8000
parameters
   -2.9014   31.9621   24.1225  -11.6914  -13.5536   -4.6821
   -0.2369    1.7592    0.9529   -0.2223   -0.2460   -1.7861
eta,q 0.98201  9.20119
  0.0209  0.0203  0.0196  0.0214  0.0203  0.0212  0.0196  0.0218  0.0191  0.0200  0.0188  0.0185
  0.0198  0.0195  0.0192  0.0204  0.0194  0.0202  0.0187  0.0197  0.0185  0.0189  0.0184  0.0182
  0.0191  0.0190  0.0189  0.0195  0.0187  0.0193  0.0182  0.0184  0.0181  0.0182  0.0181  0.0180
  0.0188  0.0188  0.0188  0.0188  0.0185  0.0185  0.0180  0.0180  0.0180  0.0180  0.0180  0.0180
  0.0190  0.0190  0.0189  0.0185  0.0186  0.0179  0.0182  0.0184  0.0181  0.0182  0.0181  0.0181
  0.0197  0.0195  0.0192  0.0187  0.0191  0.0183  0.0188  0.0196  0.0185  0.0189  0.0184  0.0184
  0.0208  0.0203  0.0197  0.0196  0.0202  0.0197  0.0197  0.0216  0.0192  0.0201  0.0189  0.0189
niter,ni,del,rscale     4    3    5.0000    0.7000
parameters
   -2.9747   31.9097   24.3218  -11.9342  -13.5970   -4.4750
   -0.1088    1.6877    1.0304   -0.2279   -0.3357   -1.7435
eta,q 0.98207  9.19978
  0.0196  0.0191  0.0191  0.0196  0.0193  0.0202  0.0193  0.0206  0.0188  0.0195  0.0186  0.0185
  0.0187  0.0184  0.0185  0.0188  0.0186  0.0194  0.0186  0.0191  0.0183  0.0186  0.0182  0.0182
  0.0181  0.0181  0.0182  0.0183  0.0182  0.0186  0.0181  0.0182  0.0180  0.0181  0.0180  0.0180
  0.0180  0.0180  0.0180  0.0180  0.0180  0.0180  0.0179  0.0179  0.0179  0.0179  0.0179  0.0179
  0.0183  0.0181  0.0180  0.0181  0.0181  0.0179  0.0180  0.0183  0.0180  0.0181  0.0180  0.0180
  0.0189  0.0186  0.0182  0.0189  0.0186  0.0186  0.0184  0.0193  0.0183  0.0186  0.0182  0.0181
  0.0200  0.0193  0.0186  0.0203  0.0194  0.0203  0.0191  0.0208  0.0188  0.0195  0.0186  0.0185
niter,ni,del,rscale     3    3    5.0000    0.6000
parameters
   -2.9678   31.8785   24.3699  -11.8674  -13.6074   -4.2754
   -0.1241    1.6932    1.0576   -0.2741   -0.3650   -1.7635
eta,q 0.98212  9.20352
  0.0193  0.0188  0.0186  0.0193  0.0189  0.0197  0.0188  0.0200  0.0185  0.0190  0.0184  0.0183
  0.0185  0.0183  0.0183  0.0187  0.0184  0.0190  0.0183  0.0188  0.0182  0.0184  0.0181  0.0181
  0.0181  0.0180  0.0180  0.0182  0.0181  0.0184  0.0180  0.0181  0.0179  0.0180  0.0179  0.0179
  0.0179  0.0179  0.0179  0.0179  0.0179  0.0179  0.0179  0.0179  0.0179  0.0179  0.0179  0.0179
  0.0181  0.0180  0.0180  0.0180  0.0180  0.0179  0.0180  0.0181  0.0179  0.0180  0.0179  0.0179
  0.0185  0.0184  0.0182  0.0185  0.0183  0.0185  0.0183  0.0188  0.0182  0.0184  0.0181  0.0180
  0.0192  0.0189  0.0185  0.0194  0.0190  0.0197  0.0188  0.0200  0.0185  0.0191  0.0184  0.0183
niter,ni,del,rscale     2    3    5.0000    0.5000
parameters
   -2.9675   31.8619   24.4137  -11.7990  -13.6128   -4.1042
   -0.1248    1.6945    1.0576   -0.3051   -0.3891   -1.8227
eta,q 0.98216  9.20652
  0.0188  0.0185  0.0184  0.0189  0.0186  0.0193  0.0185  0.0194  0.0183  0.0186  0.0182  0.0181
  0.0183  0.0181  0.0181  0.0184  0.0182  0.0187  0.0181  0.0185  0.0180  0.0182  0.0180  0.0180
  0.0180  0.0179  0.0179  0.0181  0.0180  0.0182  0.0179  0.0180  0.0179  0.0179  0.0179  0.0179
  0.0179  0.0179  0.0179  0.0179  0.0179  0.0179  0.0178  0.0178  0.0178  0.0178  0.0178  0.0178
  0.0180  0.0180  0.0179  0.0179  0.0179  0.0179  0.0179  0.0180  0.0179  0.0179  0.0179  0.0179
  0.0183  0.0182  0.0181  0.0183  0.0182  0.0183  0.0181  0.0185  0.0180  0.0182  0.0180  0.0180
  0.0188  0.0185  0.0183  0.0189  0.0186  0.0192  0.0185  0.0194  0.0183  0.0187  0.0182  0.0181
niter,ni,del,rscale     1    3    5.0000    0.4000
parameters
   -2.9674   31.8537   24.4489  -11.7348  -13.6162   -3.9530
   -0.1292    1.6927    1.0562   -0.3216   -0.3768   -1.8656
eta,q 0.98218  9.20913
  0.0185  0.0182  0.0182  0.0185  0.0183  0.0188  0.0182  0.0188  0.0181  0.0183  0.0181  0.0180
  0.0181  0.0180  0.0180  0.0182  0.0180  0.0184  0.0180  0.0183  0.0179  0.0181  0.0179  0.0179
  0.0179  0.0179  0.0179  0.0180  0.0179  0.0181  0.0179  0.0179  0.0179  0.0179  0.0178  0.0178
  0.0178  0.0178  0.0178  0.0178  0.0178  0.0178  0.0178  0.0178  0.0178  0.0178  0.0178  0.0178
  0.0179  0.0179  0.0179  0.0179  0.0179  0.0179  0.0179  0.0179  0.0178  0.0179  0.0179  0.0178
  0.0181  0.0180  0.0180  0.0181  0.0180  0.0181  0.0180  0.0183  0.0179  0.0181  0.0179  0.0179
  0.0185  0.0183  0.0181  0.0185  0.0183  0.0187  0.0183  0.0188  0.0181  0.0184  0.0181  0.0180
registration optimization eta report
parameter search radius
    0.8000    0.8000    0.8000    2.4000    2.4000    2.4000
    2.4000    2.4000    2.4000    2.4000    2.4000    2.4000
100000*second partial in parameter space
       95.       63.       50.       12.        8.       16.
        8.       17.        5.        9.        4.        3.
  0.0185  0.0182  0.0182  0.0185  0.0183  0.0188  0.0182  0.0188  0.0181  0.0183  0.0181  0.0180
  0.0181  0.0180  0.0180  0.0182  0.0180  0.0184  0.0180  0.0183  0.0179  0.0181  0.0179  0.0179
  0.0179  0.0179  0.0179  0.0180  0.0179  0.0181  0.0179  0.0179  0.0179  0.0179  0.0178  0.0178
  0.0178  0.0178  0.0178  0.0178  0.0178  0.0178  0.0178  0.0178  0.0178  0.0178  0.0178  0.0178
  0.0179  0.0179  0.0179  0.0179  0.0179  0.0179  0.0179  0.0179  0.0178  0.0179  0.0179  0.0178
  0.0181  0.0180  0.0180  0.0181  0.0180  0.0181  0.0180  0.0183  0.0179  0.0181  0.0179  0.0179
  0.0185  0.0183  0.0181  0.0185  0.0183  0.0187  0.0183  0.0188  0.0181  0.0184  0.0181  0.0180
   -2.9674   31.8537   24.4489  -11.7348  -13.6162   -3.9530
   -0.1292    1.6927    1.0562   -0.3216   -0.3768   -1.8656
eta,q 0.98218  9.20913

---------------------------------------------------------------------
imgreg_4dfp /opt/freesurfer/average/711-2C_as_mni_average_305 /opt/freesurfer/average/711-2B_as_mni_average_305_mask talsrcimg_g11 none talsrcimg_to_711-2C_as_mni_average_305_t4 2311
---------------------------------------------------------------------

freesurfer imgreg_4dfp.c
/opt/freesurfer/average/711-2C_as_mni_average_305.4dfp.img
       256       256       256         1
  1.000000  1.000000  1.000000
orientation T byte_order littleendian
Reading image: /opt/freesurfer/average/711-2C_as_mni_average_305.4dfp.img
dimensions:      256       256       256
mmppix:       1.0000   -1.0000   -1.0000
center:     128.0000 -129.0000 -129.0000
/opt/freesurfer/average/711-2B_as_mni_average_305_mask.4dfp.img
       256       256       256         1
  1.000000  1.000000  1.000000
orientation T byte_order littleendian
Reading mask: /opt/freesurfer/average/711-2B_as_mni_average_305_mask.4dfp.img (2306576 pixels)
talsrcimg_g11.4dfp.img
       256       256       256         1
  1.000000  1.000000  1.000000
orientation T byte_order littleendian
Reading image: talsrcimg_g11.4dfp.img
dimensions:      256       256       256
mmppix:       1.0000   -1.0000   -1.0000
center:     128.0000 -129.0000 -129.0000
fimgreg.f
image alignment mode   2311 decimal      907 hex
parameters
   -2.9674   31.8537   24.4489  -11.7348  -13.6162   -3.9530
   -0.1292    1.6927    1.0562   -0.3216   -0.3768   -1.8656
eta,q 0.98218  9.20913
niter,ni,del,rscale     5    3    5.0000    0.8000
parameters
   -2.9844   31.8475   24.4597  -12.2325  -13.7228   -4.4790
   -0.0922    1.6869    1.1351   -0.3030   -0.4321   -1.6231
eta,q 0.98202  9.19134
  0.0202  0.0194  0.0191  0.0198  0.0195  0.0202  0.0196  0.0215  0.0192  0.0200  0.0188  0.0187
  0.0189  0.0185  0.0184  0.0189  0.0187  0.0193  0.0188  0.0195  0.0185  0.0189  0.0184  0.0183
  0.0181  0.0180  0.0180  0.0182  0.0181  0.0184  0.0182  0.0183  0.0181  0.0182  0.0181  0.0181
  0.0178  0.0178  0.0178  0.0178  0.0179  0.0179  0.0180  0.0180  0.0180  0.0180  0.0180  0.0180
  0.0181  0.0180  0.0180  0.0181  0.0180  0.0182  0.0181  0.0184  0.0181  0.0182  0.0181  0.0180
  0.0189  0.0185  0.0184  0.0193  0.0187  0.0197  0.0187  0.0196  0.0185  0.0188  0.0184  0.0182
  0.0203  0.0194  0.0191  0.0212  0.0198  0.0223  0.0196  0.0214  0.0191  0.0200  0.0188  0.0186
niter,ni,del,rscale     4    3    5.0000    0.7000
parameters
   -2.9489   31.8634   24.3774  -12.0099  -13.6323   -4.4486
   -0.1394    1.7274    1.1133   -0.2888   -0.4036   -1.6757
eta,q 0.98207  9.19814
  0.0198  0.0192  0.0188  0.0198  0.0193  0.0201  0.0192  0.0208  0.0188  0.0195  0.0186  0.0184
  0.0188  0.0185  0.0183  0.0190  0.0186  0.0193  0.0185  0.0192  0.0183  0.0187  0.0182  0.0182
  0.0182  0.0181  0.0180  0.0184  0.0181  0.0185  0.0181  0.0182  0.0180  0.0181  0.0180  0.0180
  0.0180  0.0180  0.0180  0.0180  0.0179  0.0179  0.0179  0.0179  0.0179  0.0179  0.0179  0.0179
  0.0181  0.0181  0.0181  0.0180  0.0180  0.0179  0.0181  0.0182  0.0180  0.0181  0.0180  0.0180
  0.0187  0.0185  0.0184  0.0185  0.0185  0.0188  0.0185  0.0192  0.0183  0.0186  0.0182  0.0182
  0.0196  0.0192  0.0190  0.0197  0.0193  0.0205  0.0192  0.0206  0.0188  0.0195  0.0186  0.0185
niter,ni,del,rscale     3    3    5.0000    0.6000
parameters
   -2.9556   31.8648   24.3811  -11.8821  -13.6104   -4.2699
   -0.1330    1.7129    1.0801   -0.2960   -0.3893   -1.7379
eta,q 0.98213  9.20324
  0.0192  0.0188  0.0186  0.0193  0.0189  0.0197  0.0188  0.0200  0.0185  0.0190  0.0184  0.0183
  0.0185  0.0183  0.0182  0.0187  0.0184  0.0190  0.0183  0.0188  0.0182  0.0184  0.0181  0.0180
  0.0181  0.0180  0.0180  0.0182  0.0180  0.0184  0.0180  0.0181  0.0179  0.0180  0.0179  0.0179
  0.0179  0.0179  0.0179  0.0179  0.0179  0.0179  0.0179  0.0179  0.0179  0.0179  0.0179  0.0179
  0.0181  0.0180  0.0180  0.0180  0.0180  0.0179  0.0180  0.0181  0.0179  0.0180  0.0179  0.0179
  0.0185  0.0183  0.0182  0.0184  0.0183  0.0185  0.0183  0.0189  0.0182  0.0184  0.0181  0.0181
  0.0193  0.0188  0.0186  0.0193  0.0189  0.0197  0.0188  0.0200  0.0185  0.0191  0.0184  0.0183
niter,ni,del,rscale     2    3    5.0000    0.5000
parameters
   -2.9638   31.8591   24.4157  -11.8002  -13.6153   -4.1016
   -0.1266    1.6990    1.0610   -0.3145   -0.3889   -1.8083
eta,q 0.98216  9.20641
  0.0188  0.0185  0.0184  0.0189  0.0186  0.0193  0.0185  0.0194  0.0183  0.0186  0.0182  0.0181
  0.0183  0.0181  0.0181  0.0184  0.0182  0.0187  0.0182  0.0185  0.0180  0.0182  0.0180  0.0180
  0.0180  0.0179  0.0179  0.0181  0.0180  0.0182  0.0179  0.0180  0.0179  0.0179  0.0179  0.0179
  0.0179  0.0179  0.0179  0.0179  0.0179  0.0179  0.0178  0.0178  0.0178  0.0178  0.0178  0.0178
  0.0180  0.0179  0.0179  0.0179  0.0179  0.0179  0.0179  0.0180  0.0179  0.0179  0.0179  0.0179
  0.0183  0.0182  0.0181  0.0183  0.0182  0.0183  0.0181  0.0185  0.0180  0.0182  0.0180  0.0180
  0.0188  0.0185  0.0183  0.0189  0.0186  0.0192  0.0185  0.0194  0.0183  0.0187  0.0182  0.0181
niter,ni,del,rscale     1    3    5.0000    0.4000
parameters
   -2.9670   31.8511   24.4495  -11.7334  -13.6234   -3.9527
   -0.1244    1.6956    1.0421   -0.3272   -0.3786   -1.8636
eta,q 0.98218  9.20902
  0.0184  0.0182  0.0182  0.0185  0.0183  0.0188  0.0183  0.0188  0.0181  0.0183  0.0181  0.0180
  0.0181  0.0180  0.0180  0.0182  0.0180  0.0184  0.0180  0.0183  0.0179  0.0181  0.0179  0.0179
  0.0179  0.0179  0.0179  0.0180  0.0179  0.0181  0.0179  0.0179  0.0178  0.0179  0.0178  0.0178
  0.0178  0.0178  0.0178  0.0178  0.0178  0.0178  0.0178  0.0178  0.0178  0.0178  0.0178  0.0178
  0.0179  0.0179  0.0179  0.0179  0.0179  0.0179  0.0179  0.0179  0.0179  0.0179  0.0178  0.0178
  0.0181  0.0180  0.0180  0.0181  0.0180  0.0181  0.0180  0.0183  0.0179  0.0181  0.0179  0.0179
  0.0185  0.0183  0.0181  0.0185  0.0183  0.0187  0.0183  0.0188  0.0181  0.0184  0.0181  0.0180
registration optimization eta report
parameter search radius
    0.8000    0.8000    0.8000    2.4000    2.4000    2.4000
    2.4000    2.4000    2.4000    2.4000    2.4000    2.4000
100000*second partial in parameter space
       95.       63.       49.       12.        8.       16.
        7.       17.        5.        9.        4.        3.
  0.0184  0.0182  0.0182  0.0185  0.0183  0.0188  0.0183  0.0188  0.0181  0.0183  0.0181  0.0180
  0.0181  0.0180  0.0180  0.0182  0.0180  0.0184  0.0180  0.0183  0.0179  0.0181  0.0179  0.0179
  0.0179  0.0179  0.0179  0.0180  0.0179  0.0181  0.0179  0.0179  0.0178  0.0179  0.0178  0.0178
  0.0178  0.0178  0.0178  0.0178  0.0178  0.0178  0.0178  0.0178  0.0178  0.0178  0.0178  0.0178
  0.0179  0.0179  0.0179  0.0179  0.0179  0.0179  0.0179  0.0179  0.0179  0.0179  0.0178  0.0178
  0.0181  0.0180  0.0180  0.0181  0.0180  0.0181  0.0180  0.0183  0.0179  0.0181  0.0179  0.0179
  0.0185  0.0183  0.0181  0.0185  0.0183  0.0187  0.0183  0.0188  0.0181  0.0184  0.0181  0.0180
   -2.9670   31.8511   24.4495  -11.7334  -13.6234   -3.9527
   -0.1244    1.6956    1.0421   -0.3272   -0.3786   -1.8636
eta,q 0.98218  9.20902

---------------------------------------------------------------------
compute_vox2vox talsrcimg talsrcimg_to_711-2C_as_mni_average_305_t4 /opt/freesurfer/average/711-2C_as_mni_average_305
---------------------------------------------------------------------

freesurfer compute_vox2vox.c
Reading: talsrcimg.4dfp.ifh
Reading: talsrcimg_to_711-2C_as_mni_average_305_t4
Reading: /opt/freesurfer/average/711-2C_as_mni_average_305.4dfp.ifh
Writing: talsrcimg_to_711-2C_as_mni_average_305_t4_vox2vox.txt

start time Wed Mar 11 10:24:31 CET 2026
end		time Wed Mar 11 10:25:56 CET 2026

mpr2mni305 success

avi2talxfm orig_nu.mgz /opt/freesurfer/average/mni305.cor.mgz talsrcimg_to_711-2C_as_mni_average_305_t4_vox2vox.txt transforms/talairach.auto.xfm
avi2talxfm done
mv -f /out/sourcedata/freesurfer/sub-v2s16x51236_ses-1/mri/talsrcimg_to_711-2C_as_mni_average_305_t4_vox2vox.txt /out/sourcedata/freesurfer/sub-v2s16x51236_ses-1/mri/transforms/talsrcimg_to_711-2C_as_mni_average_305_t4_vox2vox.txt
lta_convert --src orig_nu.mgz --trg /opt/freesurfer/average/mni305.cor.mgz --inxfm transforms/talairach.auto.xfm --outlta transforms/talairach.auto.xfm.lta --subject fsaverage
7.3.2

--src: orig_nu.mgz src image (geometry).
--trg: /opt/freesurfer/average/mni305.cor.mgz trg image (geometry).
--inmni: transforms/talairach.auto.xfm input MNI/XFM transform.
--outlta: transforms/talairach.auto.xfm.lta output LTA.
--s: fsaverage subject name
 LTA read, type : 1
 1.13283  -0.02000   0.00120  -1.46602;
 0.00420   1.04116   0.02247  -33.83004;
-0.01365   0.00418   1.15779  -22.75292;
 0.00000   0.00000   0.00000   1.00000;
setting subject to fsaverage
Writing  LTA to file transforms/talairach.auto.xfm.lta...
lta_convert successful.
 
 
Started at Wed Mar 11 10:24:31 CET 2026
Ended   at Wed Mar 11 10:25:56 CET 2026
talairach_avi done
