/out/sourcedata/freesurfer/sub-v2s16x51234_ses-1/mri
/opt/freesurfer/bin/talairach_avi
--i orig_nu.mgz --xfm transforms/talairach.auto.xfm
talairach_avi 7.3.2
Linux dna054 5.14.0-427.37.1.el9_4.x86_64 #1 SMP PREEMPT_DYNAMIC Fri Sep 13 12:41:50 EDT 2024 x86_64 x86_64 x86_64 GNU/Linux
Wed Mar 11 10:09:59 CET 2026
mri_convert orig_nu.mgz talsrcimg.img 
reading from orig_nu.mgz...
TR=0.00, TE=0.00, TI=0.00, flip angle=0.00
i_ras = (-1, 0, 1.86265e-09)
j_ras = (0, 0, -1)
k_ras = (0, 1, 0)
writing to talsrcimg.img...
Analyze Output Matrix
-1.00000   0.00000   0.00000   124.13262;
 0.00000   0.00000   1.00000  -116.50410;
 0.00000  -1.00000   0.00000   143.14453;
 0.00000   0.00000   0.00000   1.00000;
--------------------
INFO: set hdr.hist.orient to -1
mpr2mni305 talsrcimg
Wed Mar 11 10:10:00 CET 2026
/opt/freesurfer/bin/mpr2mni305 talsrcimg
mpr2mni305 7.3.2
target=711-2C_as_mni_average_305

---------------------------------------------------------------------
analyzeto4dfp talsrcimg -O0 -y
---------------------------------------------------------------------

freesurfer ifh2hdr.c
Wed Mar 11 10:10:00 2026
Writing: talsrcimg.4dfp.hdr
freesurfer analyzeto4dfp.c
Reading: talsrcimg.hdr
header size 348 bytes
hdr.dime.datatype	offset=70	value=2
hdr.dime.bitpix		offset=72	value=8
hdr.hist.orient		offset=252	value=-1
dimensionality     4
dimensions       256       256       256         1
Reading: talsrcimg.img
Writing: talsrcimg.4dfp.img
Writing: talsrcimg.4dfp.ifh
ifh2hdr talsrcimg -r0to169
ori=2

---------------------------------------------------------------------
gauss_4dfp talsrcimg 1.1
---------------------------------------------------------------------

freesurfer gauss_4dfp.c
Reading: talsrcimg.4dfp.img
Writing: talsrcimg_g11.4dfp.img
image dimensions 256 256 256 padded to 288 288 288
processing volume 1freesurfer ifh2hdr.c
Wed Mar 11 10:10:01 2026
Writing: talsrcimg_g11.4dfp.hdr

Writing: talsrcimg_g11.4dfp.ifh
including: talsrcimg.4dfp.img.rec in talsrcimg_g11.4dfp.img.rec

---------------------------------------------------------------------
imgreg_4dfp /opt/freesurfer/average/711-2C_as_mni_average_305 none talsrcimg_g11 none talsrcimg_to_711-2C_as_mni_average_305_t4 4355
---------------------------------------------------------------------

freesurfer imgreg_4dfp.c
/opt/freesurfer/average/711-2C_as_mni_average_305.4dfp.img
       256       256       256         1
  1.000000  1.000000  1.000000
orientation T byte_order littleendian
Reading image: /opt/freesurfer/average/711-2C_as_mni_average_305.4dfp.img
dimensions:      256       256       256
mmppix:       1.0000   -1.0000   -1.0000
center:     128.0000 -129.0000 -129.0000
talsrcimg_g11.4dfp.img
       256       256       256         1
  1.000000  1.000000  1.000000
orientation T byte_order littleendian
Reading image: talsrcimg_g11.4dfp.img
dimensions:      256       256       256
mmppix:       1.0000   -1.0000   -1.0000
center:     128.0000 -129.0000 -129.0000
t4_read: open error in t4_sub.f l:  41 t4_file(1:l)talsrcimg_to_711-2C_as_mni_average_305_t4 
t4_read: transform initialized to I4
rotation matrix determinant  1.000000
image alignment mode   4355 decimal     1103 hex
   -7.5000  -45.0000  -45.0000 8840.1064   16.1220
    0.0000  -45.0000  -45.0000 9210.6680   16.1628
    7.5000  -45.0000  -45.0000 8870.2109   16.1422
   -7.5000  -37.5000  -45.0000 9308.5449   16.0111
    0.0000  -37.5000  -45.0000 9714.7881   16.0537
    7.5000  -37.5000  -45.0000 9343.6455   16.0365
   -7.5000  -30.0000  -45.000010075.7480   15.7561
    0.0000  -30.0000  -45.000010506.3486   15.8001
    7.5000  -30.0000  -45.000010102.6025   15.7859
   -7.5000  -22.5000  -45.000010761.9727   15.5131
    0.0000  -22.5000  -45.000011207.3789   15.5570
    7.5000  -22.5000  -45.000010779.0186   15.5447
   -7.5000  -15.0000  -45.000011393.9629   15.2694
    0.0000  -15.0000  -45.000011864.8770   15.3131
    7.5000  -15.0000  -45.000011381.7695   15.3026
   -7.5000   -7.5000  -45.000011976.0898   15.0303
    0.0000   -7.5000  -45.000012473.3887   15.0741
    7.5000   -7.5000  -45.000011976.4102   15.0658
   -7.5000    0.0000  -45.000012498.5889   14.8812
    0.0000    0.0000  -45.000013013.0146   14.9240
    7.5000    0.0000  -45.000012513.8730   14.9172
   -7.5000    7.5000  -45.000012225.8340   15.0035
    0.0000    7.5000  -45.000012735.4170   15.0475
    7.5000    7.5000  -45.000012232.2500   15.0416
   -7.5000   15.0000  -45.000011931.4668   15.2273
    0.0000   15.0000  -45.000012403.3975   15.2731
    7.5000   15.0000  -45.000011935.5088   15.2685
   -7.5000   22.5000  -45.000011431.8506   15.4825
    0.0000   22.5000  -45.000011856.6338   15.5294
    7.5000   22.5000  -45.000011417.2637   15.5254
   -7.5000   30.0000  -45.000010609.1777   15.5344
    0.0000   30.0000  -45.000010999.7881   15.5825
    7.5000   30.0000  -45.000010575.8975   15.5796
   -7.5000   37.5000  -45.000010193.3730   15.6629
    0.0000   37.5000  -45.000010577.1201   15.7123
    7.5000   37.5000  -45.000010165.8438   15.7121
   -7.5000   45.0000  -45.0000 9437.1953   15.4383
    0.0000   45.0000  -45.0000 9778.2568   15.4882
    7.5000   45.0000  -45.0000 9401.9492   15.4913
   -7.5000  -45.0000  -37.5000 9383.4658   15.7867
    0.0000  -45.0000  -37.5000 9795.8516   15.8283
    7.5000  -45.0000  -37.5000 9416.4922   15.8059
   -7.5000  -37.5000  -37.5000 9880.7188   15.6830
    0.0000  -37.5000  -37.500010336.5244   15.7273
    7.5000  -37.5000  -37.5000 9910.7080   15.7084
   -7.5000  -30.0000  -37.500010690.0879   15.4280
    0.0000  -30.0000  -37.500011168.0918   15.4733
    7.5000  -30.0000  -37.500010705.7256   15.4557
   -7.5000  -22.5000  -37.500011415.2764   15.1791
    0.0000  -22.5000  -37.500011912.8486   15.2234
    7.5000  -22.5000  -37.500011413.9443   15.2059
   -7.5000  -15.0000  -37.500012062.0273   14.9324
    0.0000  -15.0000  -37.500012606.0361   14.9758
    7.5000  -15.0000  -37.500012048.2812   14.9599
   -7.5000   -7.5000  -37.500012642.6494   14.6986
    0.0000   -7.5000  -37.500013228.0898   14.7420
    7.5000   -7.5000  -37.500012657.9629   14.7302
   -7.5000    0.0000  -37.500013172.8311   14.5575
    0.0000    0.0000  -37.500013787.4023   14.6007
    7.5000    0.0000  -37.500013196.6367   14.5921
   -7.5000    7.5000  -37.500012888.7383   14.6835
    0.0000    7.5000  -37.500013458.1523   14.7285
    7.5000    7.5000  -37.500012885.3096   14.7210
   -7.5000   15.0000  -37.500012580.3047   14.9039
    0.0000   15.0000  -37.500013123.4297   14.9506
    7.5000   15.0000  -37.500012571.2158   14.9426
   -7.5000   22.5000  -37.500012020.1562   15.1488
    0.0000   22.5000  -37.500012509.1035   15.1960
    7.5000   22.5000  -37.500011989.9082   15.1864
   -7.5000   30.0000  -37.500011138.1660   15.1970
    0.0000   30.0000  -37.500011588.5107   15.2446
    7.5000   30.0000  -37.500011098.6182   15.2359
   -7.5000   37.5000  -37.500010684.5439   15.3270
    0.0000   37.5000  -37.500011125.4893   15.3758
    7.5000   37.5000  -37.500010650.9268   15.3716
   -7.5000   45.0000  -37.5000 9862.2383   15.1168
    0.0000   45.0000  -37.500010261.1768   15.1671
    7.5000   45.0000  -37.5000 9834.3730   15.1680
   -7.5000  -45.0000  -30.000010126.7754   16.1947
    0.0000  -45.0000  -30.000010579.5527   16.2351
    7.5000  -45.0000  -30.000010143.9238   16.2083
   -7.5000  -37.5000  -30.000010653.7158   16.0927
    0.0000  -37.5000  -30.000011147.3662   16.1363
    7.5000  -37.5000  -30.000010667.8535   16.1139
   -7.5000  -30.0000  -30.000011495.7832   15.8278
    0.0000  -30.0000  -30.000012017.1084   15.8738
    7.5000  -30.0000  -30.000011500.4395   15.8542
   -7.5000  -22.5000  -30.000012287.5938   15.5644
    0.0000  -22.5000  -30.000012839.5635   15.6103
    7.5000  -22.5000  -30.000012264.3213   15.5913
   -7.5000  -15.0000  -30.000012986.6045   15.3034
    0.0000  -15.0000  -30.000013600.2715   15.3482
    7.5000  -15.0000  -30.000012952.3848   15.3307
   -7.5000   -7.5000  -30.000013601.8418   15.0615
    0.0000   -7.5000  -30.000014259.1836   15.1051
    7.5000   -7.5000  -30.000013570.3779   15.0905
   -7.5000    0.0000  -30.000014152.6377   14.9189
    0.0000    0.0000  -30.000014836.5049   14.9612
    7.5000    0.0000  -30.000014123.6318   14.9492
   -7.5000    7.5000  -30.000013798.5107   15.0537
    0.0000    7.5000  -30.000014441.6006   15.0983
    7.5000    7.5000  -30.000013774.2734   15.0879
   -7.5000   15.0000  -30.000013456.9229   15.2837
    0.0000   15.0000  -30.000014068.5771   15.3310
    7.5000   15.0000  -30.000013421.9609   15.3213
   -7.5000   22.5000  -30.000012814.7148   15.5319
    0.0000   22.5000  -30.000013377.3643   15.5806
    7.5000   22.5000  -30.000012763.7432   15.5696
   -7.5000   30.0000  -30.000011864.7197   15.5827
    0.0000   30.0000  -30.000012374.3965   15.6318
    7.5000   30.0000  -30.000011812.6191   15.6212
   -7.5000   37.5000  -30.000011339.9678   15.7177
    0.0000   37.5000  -30.000011843.7646   15.7667
    7.5000   37.5000  -30.000011311.1094   15.7594
   -7.5000   45.0000  -30.000010455.7666   15.5190
    0.0000   45.0000  -30.000010903.9629   15.5684
    7.5000   45.0000  -30.000010419.7129   15.5655
   -7.5000  -45.0000  -22.500010903.6074   16.5306
    0.0000  -45.0000  -22.500011389.6094   16.5682
    7.5000  -45.0000  -22.500010917.8916   16.5395
   -7.5000  -37.5000  -22.500011447.7490   16.4199
    0.0000  -37.5000  -22.500011980.8682   16.4605
    7.5000  -37.5000  -22.500011471.9238   16.4373
   -7.5000  -30.0000  -22.500012356.3916   16.1470
    0.0000  -30.0000  -22.500012925.5938   16.1918
    7.5000  -30.0000  -22.500012363.6885   16.1745
   -7.5000  -22.5000  -22.500013187.2236   15.8773
    0.0000  -22.5000  -22.500013801.3066   15.9239
    7.5000  -22.5000  -22.500013164.2363   15.9096
   -7.5000  -15.0000  -22.500013951.5645   15.6090
    0.0000  -15.0000  -22.500014616.9473   15.6547
    7.5000  -15.0000  -22.500013889.5176   15.6412
   -7.5000   -7.5000  -22.500014608.6387   15.3582
    0.0000   -7.5000  -22.500015330.8242   15.4012
    7.5000   -7.5000  -22.500014530.4707   15.3877
   -7.5000    0.0000  -22.500015209.6504   15.2098
    0.0000    0.0000  -22.500015966.3916   15.2500
    7.5000    0.0000  -22.500015132.9629   15.2366
   -7.5000    7.5000  -22.500014783.7148   15.3442
    0.0000    7.5000  -22.500015511.2100   15.3862
    7.5000    7.5000  -22.500014732.7998   15.3753
   -7.5000   15.0000  -22.500014392.4951   15.5816
    0.0000   15.0000  -22.500015068.5117   15.6279
    7.5000   15.0000  -22.500014327.7871   15.6202
   -7.5000   22.5000  -22.500013673.7949   15.8397
    0.0000   22.5000  -22.500014288.5684   15.8889
    7.5000   22.5000  -22.500013581.7529   15.8825
   -7.5000   30.0000  -22.500012638.3887   15.9004
    0.0000   30.0000  -22.500013196.5967   15.9503
    7.5000   30.0000  -22.500012553.8984   15.9439
   -7.5000   37.5000  -22.500012046.2578   16.0407
    0.0000   37.5000  -22.500012583.7080   16.0892
    7.5000   37.5000  -22.500011982.4219   16.0830
   -7.5000   45.0000  -22.500011069.7471   15.8489
    0.0000   45.0000  -22.500011546.0293   15.8961
    7.5000   45.0000  -22.500010996.9814   15.8918
   -7.5000  -45.0000  -15.000011706.4053   16.6726
    0.0000  -45.0000  -15.000012230.8770   16.7100
    7.5000  -45.0000  -15.000011705.0498   16.6824
   -7.5000  -37.5000  -15.000012276.0859   16.5500
    0.0000  -37.5000  -15.000012848.3369   16.5893
    7.5000  -37.5000  -15.000012284.2422   16.5672
   -7.5000  -30.0000  -15.000013258.8477   16.2719
    0.0000  -30.0000  -15.000013876.8701   16.3154
    7.5000  -30.0000  -15.000013250.2861   16.3006
   -7.5000  -22.5000  -15.000014172.6123   16.0022
    0.0000  -22.5000  -15.000014834.5713   16.0485
    7.5000  -22.5000  -15.000014111.5391   16.0383
   -7.5000  -15.0000  -15.000014979.1758   15.7328
    0.0000  -15.0000  -15.000015723.5674   15.7789
    7.5000  -15.0000  -15.000014877.2305   15.7698
   -7.5000   -7.5000  -15.000015654.4785   15.4754
    0.0000   -7.5000  -15.000016428.4941   15.5190
    7.5000   -7.5000  -15.000015560.5771   15.5080
   -7.5000    0.0000  -15.000016288.3447   15.3224
    0.0000    0.0000  -15.000017097.5820   15.3624
    7.5000    0.0000  -15.000016207.0469   15.3501
   -7.5000    7.5000  -15.000015824.4971   15.4521
    0.0000    7.5000  -15.000016606.6152   15.4931
    7.5000    7.5000  -15.000015763.9844   15.4832
   -7.5000   15.0000  -15.000015370.5361   15.6884
    0.0000   15.0000  -15.000016109.3457   15.7336
    7.5000   15.0000  -15.000015292.2090   15.7283
   -7.5000   22.5000  -15.000014560.9277   15.9559
    0.0000   22.5000  -15.000015236.5127   16.0049
    7.5000   22.5000  -15.000014453.0625   16.0025
   -7.5000   30.0000  -15.000013471.6826   16.0287
    0.0000   30.0000  -15.000014099.0693   16.0791
    7.5000   30.0000  -15.000013359.6045   16.0770
   -7.5000   37.5000  -15.000012800.9648   16.1736
    0.0000   37.5000  -15.000013403.6953   16.2228
    7.5000   37.5000  -15.000012711.6348   16.2193
   -7.5000   45.0000  -15.000011718.3848   15.9865
    0.0000   45.0000  -15.000012221.3555   16.0336
    7.5000   45.0000  -15.000011627.5547   16.0305
   -7.5000  -45.0000   -7.500012561.0420   16.6439
    0.0000  -45.0000   -7.500013108.7119   16.6845
    7.5000  -45.0000   -7.500012534.8457   16.6598
   -7.5000  -37.5000   -7.500013161.6484   16.5109
    0.0000  -37.5000   -7.500013751.2100   16.5532
    7.5000  -37.5000   -7.500013133.2549   16.5330
   -7.5000  -30.0000   -7.500014242.2939   16.2295
    0.0000  -30.0000   -7.500014881.9756   16.2744
    7.5000  -30.0000   -7.500014193.7295   16.2601
   -7.5000  -22.5000   -7.500015263.9814   15.9613
    0.0000  -22.5000   -7.500016005.8496   16.0077
    7.5000  -22.5000   -7.500015168.6855   15.9976
   -7.5000  -15.0000   -7.500016074.3477   15.6935
    0.0000  -15.0000   -7.500016896.6035   15.7401
    7.5000  -15.0000   -7.500015962.6543   15.7313
   -7.5000   -7.5000   -7.500016714.8535   15.4337
    0.0000   -7.5000   -7.500017535.4648   15.4790
    7.5000   -7.5000   -7.500016647.7109   15.4696
   -7.5000    0.0000   -7.500017406.1348   15.2795
    0.0000    0.0000   -7.500018253.7871   15.3221
    7.5000    0.0000   -7.500017336.6055   15.3121
   -7.5000    7.5000   -7.500016937.4434   15.4034
    0.0000    7.5000   -7.500017760.7246   15.4469
    7.5000    7.5000   -7.500016838.4805   15.4385
   -7.5000   15.0000   -7.500016426.0488   15.6356
    0.0000   15.0000   -7.500017197.7207   15.6819
    7.5000   15.0000   -7.500016299.9551   15.6770
   -7.5000   22.5000   -7.500015502.1133   15.9019
    0.0000   22.5000   -7.500016222.3379   15.9511
    7.5000   22.5000   -7.500015364.3906   15.9487
   -7.5000   30.0000   -7.500014368.9727   15.9833
    0.0000   30.0000   -7.500015052.3398   16.0343
    7.5000   30.0000   -7.500014242.9775   16.0326
   -7.5000   37.5000   -7.500013647.4443   16.1332
    0.0000   37.5000   -7.500014292.8105   16.1843
    7.5000   37.5000   -7.500013545.7051   16.1826
   -7.5000   45.0000   -7.500012437.2021   15.9504
    0.0000   45.0000   -7.500012974.7207   16.0006
    7.5000   45.0000   -7.500012325.5840   16.0000
   -7.5000  -45.0000    0.000013348.5664   16.6737
    0.0000  -45.0000    0.000013895.8184   16.7185
    7.5000  -45.0000    0.000013314.6025   16.6954
   -7.5000  -37.5000    0.000013970.6582   16.5401
    0.0000  -37.5000    0.000014549.9395   16.5869
    7.5000  -37.5000    0.000013925.9014   16.5675
   -7.5000  -30.0000    0.000015179.7832   16.2565
    0.0000  -30.0000    0.000015840.7715   16.3045
    7.5000  -30.0000    0.000015114.8975   16.2884
   -7.5000  -22.5000    0.000016291.4600   15.9860
    0.0000  -22.5000    0.000017151.2891   16.0337
    7.5000  -22.5000    0.000016190.5410   16.0197
   -7.5000  -15.0000    0.000017090.6621   15.7175
    0.0000  -15.0000    0.000017963.7852   15.7647
    7.5000  -15.0000    0.000016994.1172   15.7526
   -7.5000   -7.5000    0.000017688.2441   15.4584
    0.0000   -7.5000    0.000018524.9707   15.5055
    7.5000   -7.5000    0.000017655.7656   15.4954
   -7.5000    0.0000    0.000018447.4199   15.3053
    0.0000    0.0000    0.000019290.9727   15.3513
    7.5000    0.0000    0.000018372.8594   15.3427
   -7.5000    7.5000    0.000017944.6328   15.4294
    0.0000    7.5000    0.000018767.1816   15.4767
    7.5000    7.5000    0.000017831.5039   15.4690
   -7.5000   15.0000    0.000017356.2441   15.6608
    0.0000   15.0000    0.000018149.7695   15.7100
    7.5000   15.0000    0.000017220.6172   15.7034
   -7.5000   22.5000    0.000016309.0400   15.9266
    0.0000   22.5000    0.000017066.4277   15.9769
    7.5000   22.5000    0.000016166.0586   15.9707
   -7.5000   30.0000    0.000015143.1094   16.0087
    0.0000   30.0000    0.000015848.2119   16.0603
    7.5000   30.0000    0.000015009.1553   16.0552
   -7.5000   37.5000    0.000014409.6621   16.1608
    0.0000   37.5000    0.000015093.1230   16.2140
    7.5000   37.5000    0.000014306.9258   16.2116
   -7.5000   45.0000    0.000013117.3994   15.9806
    0.0000   45.0000    0.000013712.1982   16.0346
    7.5000   45.0000    0.000013013.2373   16.0357
   -7.5000  -45.0000    7.500013082.4307   16.7429
    0.0000  -45.0000    7.500013606.9648   16.7893
    7.5000  -45.0000    7.500013051.2715   16.7647
   -7.5000  -37.5000    7.500013704.1602   16.6144
    0.0000  -37.5000    7.500014235.4072   16.6637
    7.5000  -37.5000    7.500013646.7041   16.6428
   -7.5000  -30.0000    7.500014980.2539   16.3293
    0.0000  -30.0000    7.500015643.6182   16.3795
    7.5000  -30.0000    7.500014869.7637   16.3603
   -7.5000  -22.5000    7.500016143.7158   16.0519
    0.0000  -22.5000    7.500016980.6328   16.1010
    7.5000  -22.5000    7.500016031.4082   16.0822
   -7.5000  -15.0000    7.500016848.8086   15.7780
    0.0000  -15.0000    7.500017628.2285   15.8261
    7.5000  -15.0000    7.500016786.9141   15.8091
   -7.5000   -7.5000    7.500017369.1836   15.5199
    0.0000   -7.5000    7.500018084.6133   15.5677
    7.5000   -7.5000    7.500017351.7969   15.5547
   -7.5000    0.0000    7.500018100.2266   15.3704
    0.0000    0.0000    7.500018846.4629   15.4179
    7.5000    0.0000    7.500018058.7871   15.4081
   -7.5000    7.5000    7.500017597.1602   15.4994
    0.0000    7.5000    7.500018326.4375   15.5488
    7.5000    7.5000    7.500017516.9199   15.5399
   -7.5000   15.0000    7.500016972.6172   15.7322
    0.0000   15.0000    7.500017673.4668   15.7833
    7.5000   15.0000    7.500016870.4824   15.7739
   -7.5000   22.5000    7.500015913.1426   15.9937
    0.0000   22.5000    7.500016613.4844   16.0453
    7.5000   22.5000    7.500015813.9229   16.0344
   -7.5000   30.0000    7.500014809.5752   16.0704
    0.0000   30.0000    7.500015484.4268   16.1227
    7.5000   30.0000    7.500014704.0762   16.1127
   -7.5000   37.5000    7.500014105.7656   16.2235
    0.0000   37.5000    7.500014784.3193   16.2774
    7.5000   37.5000    7.500014035.8535   16.2719
   -7.5000   45.0000    7.500012830.0400   16.0478
    0.0000   45.0000    7.500013425.4375   16.1034
    7.5000   45.0000    7.500012755.1348   16.1032
   -7.5000  -45.0000   15.000012670.0156   16.9272
    0.0000  -45.0000   15.000013165.9961   16.9711
    7.5000  -45.0000   15.000012634.2656   16.9432
   -7.5000  -37.5000   15.000013301.7891   16.8062
    0.0000  -37.5000   15.000013828.3086   16.8532
    7.5000  -37.5000   15.000013240.8018   16.8300
   -7.5000  -30.0000   15.000014534.4307   16.5205
    0.0000  -30.0000   15.000015209.4873   16.5701
    7.5000  -30.0000   15.000014423.2979   16.5499
   -7.5000  -22.5000   15.000015696.6670   16.2382
    0.0000  -22.5000   15.000016394.8691   16.2877
    7.5000  -22.5000   15.000015553.4541   16.2682
   -7.5000  -15.0000   15.000016448.1992   15.9594
    0.0000  -15.0000   15.000017009.9570   16.0077
    7.5000  -15.0000   15.000016334.1484   15.9897
   -7.5000   -7.5000   15.000016935.3652   15.7005
    0.0000   -7.5000   15.000017459.9844   15.7474
    7.5000   -7.5000   15.000016924.8965   15.7325
   -7.5000    0.0000   15.000017612.0625   15.5516
    0.0000    0.0000   15.000018186.3555   15.5972
    7.5000    0.0000   15.000017633.0898   15.5847
   -7.5000    7.5000   15.000017127.6484   15.6870
    0.0000    7.5000   15.000017732.6504   15.7347
    7.5000    7.5000   15.000017142.3359   15.7240
   -7.5000   15.0000   15.000016505.6543   15.9232
    0.0000   15.0000   15.000017134.2578   15.9737
    7.5000   15.0000   15.000016457.0547   15.9635
   -7.5000   22.5000   15.000015459.7949   16.1827
    0.0000   22.5000   15.000016117.6973   16.2347
    7.5000   22.5000   15.000015369.4102   16.2233
   -7.5000   30.0000   15.000014374.4629   16.2537
    0.0000   30.0000   15.000015025.9639   16.3063
    7.5000   30.0000   15.000014257.8486   16.2952
   -7.5000   37.5000   15.000013685.2969   16.4051
    0.0000   37.5000   15.000014342.5059   16.4577
    7.5000   37.5000   15.000013610.4307   16.4500
   -7.5000   45.0000   15.000012435.4180   16.2283
    0.0000   45.0000   15.000013009.2354   16.2816
    7.5000   45.0000   15.000012339.7246   16.2785
   -7.5000  -45.0000   22.500012170.4746   17.1275
    0.0000  -45.0000   22.500012697.8076   17.1665
    7.5000  -45.0000   22.500012150.5762   17.1372
   -7.5000  -37.5000   22.500012764.2695   17.0110
    0.0000  -37.5000   22.500013317.1748   17.0530
    7.5000  -37.5000   22.500012734.9873   17.0294
   -7.5000  -30.0000   22.500013838.0830   16.7274
    0.0000  -30.0000   22.500014430.7012   16.7737
    7.5000  -30.0000   22.500013792.4297   16.7561
   -7.5000  -22.5000   22.500014841.6152   16.4472
    0.0000  -22.5000   22.500015402.3721   16.4953
    7.5000  -22.5000   22.500014733.4131   16.4809
   -7.5000  -15.0000   22.500015703.1748   16.1687
    0.0000  -15.0000   22.500016214.6826   16.2160
    7.5000  -15.0000   22.500015543.2168   16.2024
   -7.5000   -7.5000   22.500016423.1660   15.9087
    0.0000   -7.5000   22.500016964.0742   15.9532
    7.5000   -7.5000   22.500016291.9023   15.9395
   -7.5000    0.0000   22.500017108.1152   15.7560
    0.0000    0.0000   22.500017698.1133   15.7975
    7.5000    0.0000   22.500017018.3652   15.7840
   -7.5000    7.5000   22.500016605.8008   15.8953
    0.0000    7.5000   22.500017218.1777   15.9388
    7.5000    7.5000   22.500016538.6660   15.9279
   -7.5000   15.0000   22.500015912.0146   16.1346
    0.0000   15.0000   22.500016541.4453   16.1825
    7.5000   15.0000   22.500015817.1270   16.1748
   -7.5000   22.5000   22.500014860.2158   16.3953
    0.0000   22.5000   22.500015466.3721   16.4460
    7.5000   22.5000   22.500014756.3594   16.4395
   -7.5000   30.0000   22.500013806.0850   16.4625
    0.0000   30.0000   22.500014387.5029   16.5140
    7.5000   30.0000   22.500013687.6689   16.5075
   -7.5000   37.5000   22.500013134.2695   16.6086
    0.0000   37.5000   22.500013696.7266   16.6585
    7.5000   37.5000   22.500013029.4521   16.6521
   -7.5000   45.0000   22.500011939.9609   16.4234
    0.0000   45.0000   22.500012454.2666   16.4720
    7.5000   45.0000   22.500011817.1436   16.4676
   -7.5000  -45.0000   30.000011550.6895   17.3218
    0.0000  -45.0000   30.000012094.9561   17.3586
    7.5000  -45.0000   30.000011558.8604   17.3307
   -7.5000  -37.5000   30.000012097.9639   17.2027
    0.0000  -37.5000   30.000012679.7354   17.2415
    7.5000  -37.5000   30.000012104.2627   17.2193
   -7.5000  -30.0000   30.000013049.1934   16.9227
    0.0000  -30.0000   30.000013657.3301   16.9660
    7.5000  -30.0000   30.000013053.8350   16.9513
   -7.5000  -22.5000   30.000013952.3623   16.6507
    0.0000  -22.5000   30.000014564.7246   16.6969
    7.5000  -22.5000   30.000013914.9277   16.6870
   -7.5000  -15.0000   30.000014778.3604   16.3774
    0.0000  -15.0000   30.000015404.8975   16.4235
    7.5000  -15.0000   30.000014679.5752   16.4144
   -7.5000   -7.5000   30.000015555.6562   16.1143
    0.0000   -7.5000   30.000016217.5918   16.1578
    7.5000   -7.5000   30.000015418.8271   16.1466
   -7.5000    0.0000   30.000016249.4824   15.9559
    0.0000    0.0000   30.000016923.3027   15.9955
    7.5000    0.0000   30.000016116.4277   15.9829
   -7.5000    7.5000   30.000015765.3633   16.0927
    0.0000    7.5000   30.000016420.1523   16.1334
    7.5000    7.5000   30.000015632.7520   16.1234
   -7.5000   15.0000   30.000015051.3252   16.3319
    0.0000   15.0000   30.000015688.7285   16.3769
    7.5000   15.0000   30.000014928.1680   16.3718
   -7.5000   22.5000   30.000014034.1123   16.5969
    0.0000   22.5000   30.000014633.4385   16.6458
    7.5000   22.5000   30.000013925.5967   16.6435
   -7.5000   30.0000   30.000013040.1426   16.6653
    0.0000   30.0000   30.000013586.8535   16.7157
    7.5000   30.0000   30.000012917.7471   16.7137
   -7.5000   37.5000   30.000012424.9385   16.8087
    0.0000   37.5000   30.000012932.9678   16.8576
    7.5000   37.5000   30.000012309.7617   16.8538
   -7.5000   45.0000   30.000011325.6025   16.6110
    0.0000   45.0000   30.000011767.6270   16.6576
    7.5000   45.0000   30.000011202.0811   16.6540
   -7.5000  -45.0000   37.500011287.9609   17.5707
    0.0000  -45.0000   37.500011849.4756   17.6097
    7.5000  -45.0000   37.500011325.8740   17.5843
   -7.5000  -37.5000   37.500011816.5273   17.4465
    0.0000  -37.5000   37.500012394.6484   17.4870
    7.5000  -37.5000   37.500011830.9639   17.4662
   -7.5000  -30.0000   37.500012725.5391   17.1672
    0.0000  -30.0000   37.500013298.4326   17.2108
    7.5000  -30.0000   37.500012719.4824   17.1962
   -7.5000  -22.5000   37.500013585.5938   16.9017
    0.0000  -22.5000   37.500014147.6533   16.9472
    7.5000  -22.5000   37.500013553.1279   16.9372
   -7.5000  -15.0000   37.500014349.9756   16.6341
    0.0000  -15.0000   37.500014915.3809   16.6799
    7.5000  -15.0000   37.500014289.1514   16.6713
   -7.5000   -7.5000   37.500015051.9834   16.3698
    0.0000   -7.5000   37.500015645.2861   16.4142
    7.5000   -7.5000   37.500014967.6006   16.4045
   -7.5000    0.0000   37.500015722.9492   16.2067
    0.0000    0.0000   37.500016326.8623   16.2482
    7.5000    0.0000   37.500015645.5625   16.2376
   -7.5000    7.5000   37.500015309.5664   16.3394
    0.0000    7.5000   37.500015903.8379   16.3816
    7.5000    7.5000   37.500015215.9854   16.3727
   -7.5000   15.0000   37.500014636.5781   16.5771
    0.0000   15.0000   37.500015239.8984   16.6223
    7.5000   15.0000   37.500014543.9395   16.6172
   -7.5000   22.5000   37.500013673.4600   16.8460
    0.0000   22.5000   37.500014243.9600   16.8942
    7.5000   22.5000   37.500013563.3369   16.8917
   -7.5000   30.0000   37.500012697.1895   16.9168
    0.0000   30.0000   37.500013221.4053   16.9669
    7.5000   30.0000   37.500012577.5010   16.9650
   -7.5000   37.5000   37.500012086.7637   17.0602
    0.0000   37.5000   37.500012590.4062   17.1101
    7.5000   37.5000   37.500011990.1201   17.1077
   -7.5000   45.0000   37.500011050.6172   16.8509
    0.0000   45.0000   37.500011480.3232   16.8995
    7.5000   45.0000   37.500010928.4365   16.8980
   -7.5000  -45.0000   45.000010547.0645   17.8715
    0.0000  -45.0000   45.000011041.2246   17.9146
    7.5000  -45.0000   45.000010577.8467   17.8906
   -7.5000  -37.5000   45.000011009.5889   17.7465
    0.0000  -37.5000   45.000011526.2988   17.7915
    7.5000  -37.5000   45.000011021.4561   17.7711
   -7.5000  -30.0000   45.000011817.0068   17.4648
    0.0000  -30.0000   45.000012340.7168   17.5114
    7.5000  -30.0000   45.000011812.4287   17.4944
   -7.5000  -22.5000   45.000012595.4971   17.1975
    0.0000  -22.5000   45.000013125.7627   17.2439
    7.5000  -22.5000   45.000012579.6953   17.2292
   -7.5000  -15.0000   45.000013289.8271   16.9294
    0.0000  -15.0000   45.000013822.3037   16.9756
    7.5000  -15.0000   45.000013255.2402   16.9627
   -7.5000   -7.5000   45.000013917.0137   16.6649
    0.0000   -7.5000   45.000014470.7930   16.7110
    7.5000   -7.5000   45.000013875.8154   16.7003
   -7.5000    0.0000   45.000014530.7695   16.5018
    0.0000    0.0000   45.000015086.3174   16.5469
    7.5000    0.0000   45.000014480.7451   16.5374
   -7.5000    7.5000   45.000014175.6045   16.6354
    0.0000    7.5000   45.000014735.6357   16.6815
    7.5000    7.5000   45.000014116.6309   16.6730
   -7.5000   15.0000   45.000013576.6816   16.8729
    0.0000   15.0000   45.000014139.3740   16.9209
    7.5000   15.0000   45.000013519.9912   16.9134
   -7.5000   22.5000   45.000012700.9814   17.1418
    0.0000   22.5000   45.000013219.9043   17.1910
    7.5000   22.5000   45.000012624.1738   17.1837
   -7.5000   30.0000   45.000011784.9668   17.2093
    0.0000   30.0000   45.000012271.8037   17.2597
    7.5000   30.0000   45.000011703.6660   17.2535
   -7.5000   37.5000   45.000011235.9141   17.3548
    0.0000   37.5000   45.000011705.1650   17.4066
    7.5000   37.5000   45.000011161.7852   17.4029
   -7.5000   45.0000   45.000010281.9814   17.1497
    0.0000   45.0000   45.000010683.8477   17.2022
    7.5000   45.0000   45.000010195.8633   17.2020

---------------------------------------------------------------------
imgreg_4dfp /opt/freesurfer/average/711-2C_as_mni_average_305 /opt/freesurfer/average/711-2B_as_mni_average_305_mask talsrcimg_g11 none talsrcimg_to_711-2C_as_mni_average_305_t4 4355
---------------------------------------------------------------------

freesurfer imgreg_4dfp.c
/opt/freesurfer/average/711-2C_as_mni_average_305.4dfp.img
       256       256       256         1
  1.000000  1.000000  1.000000
orientation T byte_order littleendian
Reading image: /opt/freesurfer/average/711-2C_as_mni_average_305.4dfp.img
dimensions:      256       256       256
mmppix:       1.0000   -1.0000   -1.0000
center:     128.0000 -129.0000 -129.0000
/opt/freesurfer/average/711-2B_as_mni_average_305_mask.4dfp.img
       256       256       256         1
  1.000000  1.000000  1.000000
orientation T byte_order littleendian
Reading mask: /opt/freesurfer/average/711-2B_as_mni_average_305_mask.4dfp.img (2306576 pixels)
talsrcimg_g11.4dfp.img
       256       256       256         1
  1.000000  1.000000  1.000000
orientation T byte_order littleendian
Reading image: talsrcimg_g11.4dfp.img
dimensions:      256       256       256
mmppix:       1.0000   -1.0000   -1.0000
center:     128.0000 -129.0000 -129.0000
rotation matrix determinant  1.000000
image alignment mode   4355 decimal     1103 hex
   -7.5000  -45.0000  -45.0000 2294.4688   25.3304
    0.0000  -45.0000  -45.0000 2295.7991   25.1179
    7.5000  -45.0000  -45.0000 2293.4971   25.2352
   -7.5000  -37.5000  -45.0000 2346.4326   23.8753
    0.0000  -37.5000  -45.0000 2355.8345   23.7522
    7.5000  -37.5000  -45.0000 2349.7310   23.8413
   -7.5000  -30.0000  -45.0000 2390.0918   22.8125
    0.0000  -30.0000  -45.0000 2395.9692   22.6745
    7.5000  -30.0000  -45.0000 2389.9365   22.7440
   -7.5000  -22.5000  -45.0000 2417.4121   21.9894
    0.0000  -22.5000  -45.0000 2421.5198   21.8611
    7.5000  -22.5000  -45.0000 2414.7913   21.9286
   -7.5000  -15.0000  -45.0000 2430.2842   21.3900
    0.0000  -15.0000  -45.0000 2431.0166   21.2200
    7.5000  -15.0000  -45.0000 2422.1155   21.3773
   -7.5000   -7.5000  -45.0000 2427.3342   21.0416
    0.0000   -7.5000  -45.0000 2428.8208   20.8705
    7.5000   -7.5000  -45.0000 2421.4556   21.0442
   -7.5000    0.0000  -45.0000 2416.8120   21.0123
    0.0000    0.0000  -45.0000 2417.7107   20.8293
    7.5000    0.0000  -45.0000 2414.6399   21.0377
   -7.5000    7.5000  -45.0000 2404.0559   21.3758
    0.0000    7.5000  -45.0000 2411.3196   21.1979
    7.5000    7.5000  -45.0000 2400.1804   21.4232
   -7.5000   15.0000  -45.0000 2385.8120   21.9751
    0.0000   15.0000  -45.0000 2389.0647   21.8105
    7.5000   15.0000  -45.0000 2382.9963   22.0400
   -7.5000   22.5000  -45.0000 2364.5500   22.8936
    0.0000   22.5000  -45.0000 2362.1016   22.7012
    7.5000   22.5000  -45.0000 2356.1072   22.9726
   -7.5000   30.0000  -45.0000 2324.7405   24.1263
    0.0000   30.0000  -45.0000 2322.5559   23.9426
    7.5000   30.0000  -45.0000 2315.8179   24.2389
   -7.5000   37.5000  -45.0000 2273.0415   25.6052
    0.0000   37.5000  -45.0000 2273.6523   25.4175
    7.5000   37.5000  -45.0000 2264.9990   25.7071
   -7.5000   45.0000  -45.0000 2214.4683   27.4626
    0.0000   45.0000  -45.0000 2215.8066   27.3389
    7.5000   45.0000  -45.0000 2208.8967   27.5631
   -7.5000  -45.0000  -37.5000 2365.5613   23.4663
    0.0000  -45.0000  -37.5000 2375.0662   23.3536
    7.5000  -45.0000  -37.5000 2369.3875   23.4434
   -7.5000  -37.5000  -37.5000 2429.5356   22.1859
    0.0000  -37.5000  -37.5000 2441.9700   22.0964
    7.5000  -37.5000  -37.5000 2430.9312   22.1573
   -7.5000  -30.0000  -37.5000 2472.5283   21.1818
    0.0000  -30.0000  -37.5000 2480.9194   21.1315
    7.5000  -30.0000  -37.5000 2472.3352   21.1600
   -7.5000  -22.5000  -37.5000 2498.1401   20.3452
    0.0000  -22.5000  -37.5000 2506.5200   20.2987
    7.5000  -22.5000  -37.5000 2496.0205   20.3362
   -7.5000  -15.0000  -37.5000 2510.9387   19.7858
    0.0000  -15.0000  -37.5000 2520.0803   19.6915
    7.5000  -15.0000  -37.5000 2508.6194   19.7609
   -7.5000   -7.5000  -37.5000 2509.2900   19.5300
    0.0000   -7.5000  -37.5000 2518.9097   19.4410
    7.5000   -7.5000  -37.5000 2509.0190   19.5202
   -7.5000    0.0000  -37.5000 2493.5918   19.4945
    0.0000    0.0000  -37.5000 2503.6377   19.4150
    7.5000    0.0000  -37.5000 2493.7825   19.5422
   -7.5000    7.5000  -37.5000 2487.0420   19.7991
    0.0000    7.5000  -37.5000 2495.0442   19.6836
    7.5000    7.5000  -37.5000 2484.5098   19.8527
   -7.5000   15.0000  -37.5000 2473.7803   20.3501
    0.0000   15.0000  -37.5000 2479.8076   20.2451
    7.5000   15.0000  -37.5000 2468.7166   20.4103
   -7.5000   22.5000  -37.5000 2450.2622   21.2609
    0.0000   22.5000  -37.5000 2449.8389   21.1226
    7.5000   22.5000  -37.5000 2442.2910   21.3297
   -7.5000   30.0000  -37.5000 2409.8184   22.4730
    0.0000   30.0000  -37.5000 2410.0984   22.2870
    7.5000   30.0000  -37.5000 2400.9768   22.5202
   -7.5000   37.5000  -37.5000 2352.8594   23.9209
    0.0000   37.5000  -37.5000 2355.3103   23.7321
    7.5000   37.5000  -37.5000 2345.4575   23.9857
   -7.5000   45.0000  -37.5000 2289.7954   25.7919
    0.0000   45.0000  -37.5000 2294.1755   25.6050
    7.5000   45.0000  -37.5000 2285.1770   25.8572
   -7.5000  -45.0000  -30.0000 2472.9778   22.6261
    0.0000  -45.0000  -30.0000 2486.8064   22.5882
    7.5000  -45.0000  -30.0000 2478.2979   22.6275
   -7.5000  -37.5000  -30.0000 2545.4641   21.3299
    0.0000  -37.5000  -30.0000 2559.8289   21.3151
    7.5000  -37.5000  -30.0000 2546.2295   21.3301
   -7.5000  -30.0000  -30.0000 2589.3479   20.3949
    0.0000  -30.0000  -30.0000 2599.5784   20.3865
    7.5000  -30.0000  -30.0000 2587.7014   20.3801
   -7.5000  -22.5000  -30.0000 2616.5732   19.6019
    0.0000  -22.5000  -30.0000 2626.4800   19.5773
    7.5000  -22.5000  -30.0000 2611.3784   19.5875
   -7.5000  -15.0000  -30.0000 2632.9033   19.0235
    0.0000  -15.0000  -30.0000 2646.2434   18.9745
    7.5000  -15.0000  -30.0000 2629.4119   19.0019
   -7.5000   -7.5000  -30.0000 2639.3716   18.7749
    0.0000   -7.5000  -30.0000 2651.4792   18.7282
    7.5000   -7.5000  -30.0000 2636.4521   18.7468
   -7.5000    0.0000  -30.0000 2626.9302   18.7682
    0.0000    0.0000  -30.0000 2637.1335   18.7238
    7.5000    0.0000  -30.0000 2622.6882   18.7833
   -7.5000    7.5000  -30.0000 2620.2292   19.0471
    0.0000    7.5000  -30.0000 2630.6750   18.9947
    7.5000    7.5000  -30.0000 2616.6335   19.0905
   -7.5000   15.0000  -30.0000 2605.0701   19.6392
    0.0000   15.0000  -30.0000 2612.5037   19.5651
    7.5000   15.0000  -30.0000 2599.1975   19.6935
   -7.5000   22.5000  -30.0000 2575.0872   20.5719
    0.0000   22.5000  -30.0000 2580.1943   20.4592
    7.5000   22.5000  -30.0000 2567.3848   20.5990
   -7.5000   30.0000  -30.0000 2530.1021   21.7725
    0.0000   30.0000  -30.0000 2532.5259   21.6240
    7.5000   30.0000  -30.0000 2521.6790   21.7765
   -7.5000   37.5000  -30.0000 2466.0916   23.2737
    0.0000   37.5000  -30.0000 2471.4900   23.1077
    7.5000   37.5000  -30.0000 2457.8438   23.2828
   -7.5000   45.0000  -30.0000 2395.9839   25.1383
    0.0000   45.0000  -30.0000 2403.3445   24.9908
    7.5000   45.0000  -30.0000 2389.2180   25.1689
   -7.5000  -45.0000  -22.5000 2553.0684   21.6486
    0.0000  -45.0000  -22.5000 2568.1455   21.5920
    7.5000  -45.0000  -22.5000 2559.3860   21.6317
   -7.5000  -37.5000  -22.5000 2628.4724   20.3602
    0.0000  -37.5000  -22.5000 2645.1670   20.3339
    7.5000  -37.5000  -22.5000 2631.7327   20.3336
   -7.5000  -30.0000  -22.5000 2677.0793   19.4018
    0.0000  -30.0000  -22.5000 2691.7424   19.4107
    7.5000  -30.0000  -22.5000 2676.2354   19.3968
   -7.5000  -22.5000  -22.5000 2707.3442   18.6706
    0.0000  -22.5000  -22.5000 2722.6514   18.6966
    7.5000  -22.5000  -22.5000 2702.2261   18.7011
   -7.5000  -15.0000  -22.5000 2727.2295   18.1037
    0.0000  -15.0000  -22.5000 2742.1790   18.1143
    7.5000  -15.0000  -22.5000 2720.1414   18.1014
   -7.5000   -7.5000  -22.5000 2744.0198   17.8300
    0.0000   -7.5000  -22.5000 2756.3101   17.8087
    7.5000   -7.5000  -22.5000 2735.2649   17.8055
   -7.5000    0.0000  -22.5000 2738.1169   17.8526
    0.0000    0.0000  -22.5000 2753.8794   17.8371
    7.5000    0.0000  -22.5000 2727.6626   17.8452
   -7.5000    7.5000  -22.5000 2732.8057   18.1572
    0.0000    7.5000  -22.5000 2746.7561   18.1247
    7.5000    7.5000  -22.5000 2722.5042   18.1825
   -7.5000   15.0000  -22.5000 2712.3860   18.7998
    0.0000   15.0000  -22.5000 2724.6616   18.7581
    7.5000   15.0000  -22.5000 2702.5850   18.8304
   -7.5000   22.5000  -22.5000 2676.6604   19.7249
    0.0000   22.5000  -22.5000 2684.0554   19.6576
    7.5000   22.5000  -22.5000 2664.2441   19.7478
   -7.5000   30.0000  -22.5000 2623.0850   20.8945
    0.0000   30.0000  -22.5000 2628.1550   20.7847
    7.5000   30.0000  -22.5000 2606.9512   20.8875
   -7.5000   37.5000  -22.5000 2549.8284   22.3486
    0.0000   37.5000  -22.5000 2551.8503   22.2152
    7.5000   37.5000  -22.5000 2535.3105   22.3429
   -7.5000   45.0000  -22.5000 2469.3259   24.2030
    0.0000   45.0000  -22.5000 2470.9934   24.0236
    7.5000   45.0000  -22.5000 2455.8054   24.1723
   -7.5000  -45.0000  -15.0000 2602.5493   20.6999
    0.0000  -45.0000  -15.0000 2615.5193   20.6169
    7.5000  -45.0000  -15.0000 2603.4888   20.6068
   -7.5000  -37.5000  -15.0000 2677.8169   19.3627
    0.0000  -37.5000  -15.0000 2697.6025   19.3383
    7.5000  -37.5000  -15.0000 2681.9709   19.3262
   -7.5000  -30.0000  -15.0000 2734.9114   18.4250
    0.0000  -30.0000  -15.0000 2752.2734   18.4022
    7.5000  -30.0000  -15.0000 2733.6299   18.4020
   -7.5000  -22.5000  -15.0000 2771.0515   17.7119
    0.0000  -22.5000  -15.0000 2788.1616   17.7318
    7.5000  -22.5000  -15.0000 2764.5789   17.7372
   -7.5000  -15.0000  -15.0000 2797.8806   17.2000
    0.0000  -15.0000  -15.0000 2812.4087   17.2250
    7.5000  -15.0000  -15.0000 2785.8901   17.2336
   -7.5000   -7.5000  -15.0000 2814.9482   16.8880
    0.0000   -7.5000  -15.0000 2830.7144   16.9147
    7.5000   -7.5000  -15.0000 2806.0171   16.9087
   -7.5000    0.0000  -15.0000 2818.1599   16.9033
    0.0000    0.0000  -15.0000 2836.8301   16.8990
    7.5000    0.0000  -15.0000 2807.7231   16.9298
   -7.5000    7.5000  -15.0000 2814.5344   17.2437
    0.0000    7.5000  -15.0000 2832.9500   17.2159
    7.5000    7.5000  -15.0000 2804.5833   17.2659
   -7.5000   15.0000  -15.0000 2788.0210   17.9117
    0.0000   15.0000  -15.0000 2806.0991   17.8755
    7.5000   15.0000  -15.0000 2777.2502   17.9373
   -7.5000   22.5000  -15.0000 2744.0740   18.8573
    0.0000   22.5000  -15.0000 2755.7581   18.8001
    7.5000   22.5000  -15.0000 2728.5818   18.8745
   -7.5000   30.0000  -15.0000 2681.3752   20.0341
    0.0000   30.0000  -15.0000 2690.9329   19.9471
    7.5000   30.0000  -15.0000 2664.5715   20.0295
   -7.5000   37.5000  -15.0000 2601.5991   21.4677
    0.0000   37.5000  -15.0000 2608.6182   21.3464
    7.5000   37.5000  -15.0000 2587.5132   21.4450
   -7.5000   45.0000  -15.0000 2510.9995   23.2270
    0.0000   45.0000  -15.0000 2509.0740   23.0808
    7.5000   45.0000  -15.0000 2496.1047   23.1787
   -7.5000  -45.0000   -7.5000 2636.5562   19.8503
    0.0000  -45.0000   -7.5000 2648.1562   19.7122
    7.5000  -45.0000   -7.5000 2638.9158   19.7966
   -7.5000  -37.5000   -7.5000 2717.5686   18.5127
    0.0000  -37.5000   -7.5000 2729.9248   18.4037
    7.5000  -37.5000   -7.5000 2716.9756   18.4484
   -7.5000  -30.0000   -7.5000 2778.9854   17.5343
    0.0000  -30.0000   -7.5000 2794.2168   17.4808
    7.5000  -30.0000   -7.5000 2774.4399   17.5112
   -7.5000  -22.5000   -7.5000 2828.1482   16.8815
    0.0000  -22.5000   -7.5000 2842.7761   16.8369
    7.5000  -22.5000   -7.5000 2817.3743   16.8481
   -7.5000  -15.0000   -7.5000 2856.8196   16.3688
    0.0000  -15.0000   -7.5000 2875.0757   16.3800
    7.5000  -15.0000   -7.5000 2843.3660   16.3698
   -7.5000   -7.5000   -7.5000 2873.6570   16.0338
    0.0000   -7.5000   -7.5000 2889.5972   16.0463
    7.5000   -7.5000   -7.5000 2866.7810   16.0822
   -7.5000    0.0000   -7.5000 2879.0137   16.0677
    0.0000    0.0000   -7.5000 2896.6580   16.0346
    7.5000    0.0000   -7.5000 2872.0022   16.1021
   -7.5000    7.5000   -7.5000 2879.6155   16.4218
    0.0000    7.5000   -7.5000 2896.1890   16.3635
    7.5000    7.5000   -7.5000 2865.5608   16.4261
   -7.5000   15.0000   -7.5000 2849.6274   17.1183
    0.0000   15.0000   -7.5000 2861.6558   17.0501
    7.5000   15.0000   -7.5000 2833.1853   17.1223
   -7.5000   22.5000   -7.5000 2796.6145   18.0630
    0.0000   22.5000   -7.5000 2803.9805   17.9959
    7.5000   22.5000   -7.5000 2779.2969   18.0641
   -7.5000   30.0000   -7.5000 2722.7576   19.2594
    0.0000   30.0000   -7.5000 2734.5300   19.1786
    7.5000   30.0000   -7.5000 2710.0771   19.2371
   -7.5000   37.5000   -7.5000 2638.4343   20.6749
    0.0000   37.5000   -7.5000 2647.2227   20.6048
    7.5000   37.5000   -7.5000 2626.0364   20.6465
   -7.5000   45.0000   -7.5000 2535.1377   22.3897
    0.0000   45.0000   -7.5000 2538.6340   22.3305
    7.5000   45.0000   -7.5000 2519.8110   22.3481
   -7.5000  -45.0000    0.0000 2663.8232   19.2934
    0.0000  -45.0000    0.0000 2670.5439   19.0850
    7.5000  -45.0000    0.0000 2667.3062   19.2223
   -7.5000  -37.5000    0.0000 2739.2207   17.9349
    0.0000  -37.5000    0.0000 2752.5146   17.7789
    7.5000  -37.5000    0.0000 2743.8572   17.8863
   -7.5000  -30.0000    0.0000 2811.7346   16.9540
    0.0000  -30.0000    0.0000 2826.8513   16.8601
    7.5000  -30.0000    0.0000 2813.8801   16.9488
   -7.5000  -22.5000    0.0000 2870.1274   16.2709
    0.0000  -22.5000    0.0000 2891.4443   16.1900
    7.5000  -22.5000    0.0000 2865.2346   16.2514
   -7.5000  -15.0000    0.0000 2905.0662   15.7262
    0.0000  -15.0000    0.0000 2926.3730   15.6691
    7.5000  -15.0000    0.0000 2891.3147   15.7217
   -7.5000   -7.5000    0.0000 2921.1533   15.3442
    0.0000   -7.5000    0.0000 2939.3965   15.2910
    7.5000   -7.5000    0.0000 2917.5034   15.4353
   -7.5000    0.0000    0.0000 2931.9678   15.4493
    0.0000    0.0000    0.0000 2948.2507   15.3542
    7.5000    0.0000    0.0000 2924.1851   15.4819
   -7.5000    7.5000    0.0000 2928.0327   15.8138
    0.0000    7.5000    0.0000 2940.9321   15.7189
    7.5000    7.5000    0.0000 2916.1106   15.8106
   -7.5000   15.0000    0.0000 2888.5659   16.5357
    0.0000   15.0000    0.0000 2898.4807   16.4407
    7.5000   15.0000    0.0000 2875.1860   16.5244
   -7.5000   22.5000    0.0000 2825.3982   17.5202
    0.0000   22.5000    0.0000 2833.8721   17.4181
    7.5000   22.5000    0.0000 2811.1829   17.5015
   -7.5000   30.0000    0.0000 2746.3625   18.7305
    0.0000   30.0000    0.0000 2756.8884   18.6454
    7.5000   30.0000    0.0000 2737.8462   18.7062
   -7.5000   37.5000    0.0000 2659.6106   20.1583
    0.0000   37.5000    0.0000 2667.3958   20.0791
    7.5000   37.5000    0.0000 2647.8230   20.1589
   -7.5000   45.0000    0.0000 2552.0916   21.8696
    0.0000   45.0000    0.0000 2558.4968   21.7864
    7.5000   45.0000    0.0000 2544.0483   21.8758
   -7.5000  -45.0000    7.5000 2685.2732   18.9599
    0.0000  -45.0000    7.5000 2690.5918   18.6953
    7.5000  -45.0000    7.5000 2688.3625   18.8771
   -7.5000  -37.5000    7.5000 2760.6716   17.6360
    0.0000  -37.5000    7.5000 2772.0999   17.4250
    7.5000  -37.5000    7.5000 2765.5171   17.5843
   -7.5000  -30.0000    7.5000 2836.8132   16.6856
    0.0000  -30.0000    7.5000 2851.8865   16.5198
    7.5000  -30.0000    7.5000 2840.4722   16.6360
   -7.5000  -22.5000    7.5000 2902.6658   15.9739
    0.0000  -22.5000    7.5000 2927.6445   15.8409
    7.5000  -22.5000    7.5000 2903.9565   15.9329
   -7.5000  -15.0000    7.5000 2942.8857   15.3039
    0.0000  -15.0000    7.5000 2971.7800   15.1662
    7.5000  -15.0000    7.5000 2934.3235   15.3488
   -7.5000   -7.5000    7.5000 2959.9053   14.8678
    0.0000   -7.5000    7.5000 2977.4792   14.6751
    7.5000   -7.5000    7.5000 2953.3823   15.0112
   -7.5000    0.0000    7.5000 2970.6946   15.0228
    0.0000    0.0000    7.5000 2988.6143   14.8228
    7.5000    0.0000    7.5000 2964.1804   15.0800
   -7.5000    7.5000    7.5000 2959.1433   15.4776
    0.0000    7.5000    7.5000 2973.6663   15.3198
    7.5000    7.5000    7.5000 2951.4795   15.4904
   -7.5000   15.0000    7.5000 2910.8691   16.2157
    0.0000   15.0000    7.5000 2921.6895   16.0733
    7.5000   15.0000    7.5000 2902.6184   16.2346
   -7.5000   22.5000    7.5000 2841.1057   17.2071
    0.0000   22.5000    7.5000 2851.0239   17.0789
    7.5000   22.5000    7.5000 2835.9626   17.2356
   -7.5000   30.0000    7.5000 2760.8289   18.4285
    0.0000   30.0000    7.5000 2772.2402   18.3136
    7.5000   30.0000    7.5000 2754.9954   18.4694
   -7.5000   37.5000    7.5000 2670.1636   19.8541
    0.0000   37.5000    7.5000 2684.1055   19.7710
    7.5000   37.5000    7.5000 2666.5513   19.9415
   -7.5000   45.0000    7.5000 2558.7246   21.5445
    0.0000   45.0000    7.5000 2571.1995   21.4752
    7.5000   45.0000    7.5000 2558.7605   21.6503
   -7.5000  -45.0000   15.0000 2694.8987   18.8006
    0.0000  -45.0000   15.0000 2700.2148   18.4675
    7.5000  -45.0000   15.0000 2699.6003   18.7091
   -7.5000  -37.5000   15.0000 2778.0178   17.5199
    0.0000  -37.5000   15.0000 2783.2583   17.2131
    7.5000  -37.5000   15.0000 2781.7041   17.4281
   -7.5000  -30.0000   15.0000 2854.5173   16.5576
    0.0000  -30.0000   15.0000 2866.8301   16.2901
    7.5000  -30.0000   15.0000 2854.2991   16.4671
   -7.5000  -22.5000   15.0000 2916.8264   15.8435
    0.0000  -22.5000   15.0000 2942.7336   15.6330
    7.5000  -22.5000   15.0000 2917.2822   15.7763
   -7.5000  -15.0000   15.0000 2961.1631   15.1797
    0.0000  -15.0000   15.0000 2987.4153   14.8866
    7.5000  -15.0000   15.0000 2951.7742   15.1945
   -7.5000   -7.5000   15.0000 2979.9541   14.7472
    0.0000   -7.5000   15.0000 2995.9883   14.3899
    7.5000   -7.5000   15.0000 2975.4519   14.8645
   -7.5000    0.0000   15.0000 2990.9954   14.8566
    0.0000    0.0000   15.0000 3004.3687   14.5766
    7.5000    0.0000   15.0000 2992.0813   15.0111
   -7.5000    7.5000   15.0000 2968.1121   15.4087
    0.0000    7.5000   15.0000 2982.1938   15.2150
    7.5000    7.5000   15.0000 2973.5000   15.4975
   -7.5000   15.0000   15.0000 2915.9636   16.1851
    0.0000   15.0000   15.0000 2927.3369   16.0173
    7.5000   15.0000   15.0000 2914.5068   16.2279
   -7.5000   22.5000   15.0000 2842.9512   17.1462
    0.0000   22.5000   15.0000 2855.4224   17.0046
    7.5000   22.5000   15.0000 2837.3440   17.1597
   -7.5000   30.0000   15.0000 2759.6941   18.3445
    0.0000   30.0000   15.0000 2772.1055   18.2287
    7.5000   30.0000   15.0000 2753.9294   18.3559
   -7.5000   37.5000   15.0000 2666.1484   19.7508
    0.0000   37.5000   15.0000 2677.6165   19.6721
    7.5000   37.5000   15.0000 2665.4414   19.7928
   -7.5000   45.0000   15.0000 2558.1528   21.4674
    0.0000   45.0000   15.0000 2569.1458   21.3938
    7.5000   45.0000   15.0000 2558.2786   21.5188
   -7.5000  -45.0000   22.5000 2700.6504   18.8121
    0.0000  -45.0000   22.5000 2712.1194   18.4987
    7.5000  -45.0000   22.5000 2704.4131   18.7180
   -7.5000  -37.5000   22.5000 2787.3232   17.5346
    0.0000  -37.5000   22.5000 2793.3672   17.2052
    7.5000  -37.5000   22.5000 2786.9290   17.4134
   -7.5000  -30.0000   22.5000 2857.3042   16.5275
    0.0000  -30.0000   22.5000 2864.7417   16.2496
    7.5000  -30.0000   22.5000 2859.6423   16.4425
   -7.5000  -22.5000   22.5000 2911.0110   15.7796
    0.0000  -22.5000   22.5000 2921.6467   15.4695
    7.5000  -22.5000   22.5000 2911.2339   15.7100
   -7.5000  -15.0000   22.5000 2957.1169   15.2364
    0.0000  -15.0000   22.5000 2969.2163   14.8880
    7.5000  -15.0000   22.5000 2949.4702   15.1999
   -7.5000   -7.5000   22.5000 2985.2788   14.9998
    0.0000   -7.5000   22.5000 3001.9712   14.7244
    7.5000   -7.5000   22.5000 2979.4111   15.0050
   -7.5000    0.0000   22.5000 2987.8608   15.1237
    0.0000    0.0000   22.5000 3002.7168   14.9192
    7.5000    0.0000   22.5000 2981.0266   15.1799
   -7.5000    7.5000   22.5000 2958.8938   15.5920
    0.0000    7.5000   22.5000 2974.9961   15.4508
    7.5000    7.5000   22.5000 2958.8347   15.6625
   -7.5000   15.0000   22.5000 2904.4771   16.3028
    0.0000   15.0000   22.5000 2916.7734   16.1769
    7.5000   15.0000   22.5000 2902.2861   16.3667
   -7.5000   22.5000   22.5000 2830.6416   17.2136
    0.0000   22.5000   22.5000 2841.6362   17.1036
    7.5000   22.5000   22.5000 2826.5085   17.2603
   -7.5000   30.0000   22.5000 2749.2339   18.3427
    0.0000   30.0000   22.5000 2761.7515   18.2550
    7.5000   30.0000   22.5000 2745.5881   18.3814
   -7.5000   37.5000   22.5000 2654.8235   19.7420
    0.0000   37.5000   22.5000 2662.4795   19.6925
    7.5000   37.5000   22.5000 2648.3884   19.7753
   -7.5000   45.0000   22.5000 2550.7703   21.4861
    0.0000   45.0000   22.5000 2560.1960   21.4228
    7.5000   45.0000   22.5000 2543.5027   21.5205
   -7.5000  -45.0000   30.0000 2699.2578   19.0136
    0.0000  -45.0000   30.0000 2715.2874   18.7437
    7.5000  -45.0000   30.0000 2704.1921   18.9296
   -7.5000  -37.5000   30.0000 2786.2490   17.7518
    0.0000  -37.5000   30.0000 2800.5325   17.5021
    7.5000  -37.5000   30.0000 2788.8899   17.6732
   -7.5000  -30.0000   30.0000 2848.8928   16.7576
    0.0000  -30.0000   30.0000 2863.2480   16.5318
    7.5000  -30.0000   30.0000 2852.6521   16.7088
   -7.5000  -22.5000   30.0000 2903.5779   16.0449
    0.0000  -22.5000   30.0000 2916.0701   15.7471
    7.5000  -22.5000   30.0000 2904.4712   16.0163
   -7.5000  -15.0000   30.0000 2944.2183   15.5543
    0.0000  -15.0000   30.0000 2958.0081   15.3362
    7.5000  -15.0000   30.0000 2935.8279   15.5461
   -7.5000   -7.5000   30.0000 2968.3594   15.4359
    0.0000   -7.5000   30.0000 2984.3574   15.2748
    7.5000   -7.5000   30.0000 2958.8767   15.4155
   -7.5000    0.0000   30.0000 2958.7756   15.6142
    0.0000    0.0000   30.0000 2977.3809   15.4682
    7.5000    0.0000   30.0000 2953.5955   15.5899
   -7.5000    7.5000   30.0000 2923.7527   16.0278
    0.0000    7.5000   30.0000 2942.0730   15.9127
    7.5000    7.5000   30.0000 2919.0544   16.0206
   -7.5000   15.0000   30.0000 2870.4561   16.6740
    0.0000   15.0000   30.0000 2885.3020   16.6069
    7.5000   15.0000   30.0000 2865.0422   16.7016
   -7.5000   22.5000   30.0000 2800.4648   17.5331
    0.0000   22.5000   30.0000 2815.3684   17.4653
    7.5000   22.5000   30.0000 2798.1199   17.5696
   -7.5000   30.0000   30.0000 2723.3203   18.5923
    0.0000   30.0000   30.0000 2734.9971   18.5222
    7.5000   30.0000   30.0000 2718.4375   18.6318
   -7.5000   37.5000   30.0000 2629.0049   19.9464
    0.0000   37.5000   30.0000 2637.1670   19.8806
    7.5000   37.5000   30.0000 2622.7578   19.9787
   -7.5000   45.0000   30.0000 2528.9944   21.6331
    0.0000   45.0000   30.0000 2538.6462   21.5547
    7.5000   45.0000   30.0000 2524.2124   21.6639
   -7.5000  -45.0000   37.5000 2695.7361   19.4540
    0.0000  -45.0000   37.5000 2714.5146   19.3000
    7.5000  -45.0000   37.5000 2700.2236   19.4293
   -7.5000  -37.5000   37.5000 2777.9392   18.2185
    0.0000  -37.5000   37.5000 2797.5164   18.0495
    7.5000  -37.5000   37.5000 2779.2629   18.1795
   -7.5000  -30.0000   37.5000 2836.6877   17.2570
    0.0000  -30.0000   37.5000 2850.9294   17.0111
    7.5000  -30.0000   37.5000 2835.5107   17.2025
   -7.5000  -22.5000   37.5000 2888.0579   16.5338
    0.0000  -22.5000   37.5000 2904.0615   16.2831
    7.5000  -22.5000   37.5000 2887.1174   16.5212
   -7.5000  -15.0000   37.5000 2921.7117   16.1072
    0.0000  -15.0000   37.5000 2935.4683   15.8931
    7.5000  -15.0000   37.5000 2916.6409   16.0948
   -7.5000   -7.5000   37.5000 2932.1072   16.0037
    0.0000   -7.5000   37.5000 2949.4199   15.7924
    7.5000   -7.5000   37.5000 2924.8025   15.9661
   -7.5000    0.0000   37.5000 2916.7153   16.1626
    0.0000    0.0000   37.5000 2931.8066   15.9721
    7.5000    0.0000   37.5000 2913.9814   16.0831
   -7.5000    7.5000   37.5000 2882.4104   16.5797
    0.0000    7.5000   37.5000 2897.4736   16.4476
    7.5000    7.5000   37.5000 2877.6545   16.5381
   -7.5000   15.0000   37.5000 2829.0728   17.2475
    0.0000   15.0000   37.5000 2846.8704   17.1558
    7.5000   15.0000   37.5000 2824.5000   17.2210
   -7.5000   22.5000   37.5000 2764.9031   18.1259
    0.0000   22.5000   37.5000 2781.6887   18.0448
    7.5000   22.5000   37.5000 2761.0161   18.0853
   -7.5000   30.0000   37.5000 2686.4849   19.1556
    0.0000   30.0000   37.5000 2697.9705   19.0806
    7.5000   30.0000   37.5000 2681.9741   19.1165
   -7.5000   37.5000   37.5000 2593.1384   20.4059
    0.0000   37.5000   37.5000 2607.9805   20.3570
    7.5000   37.5000   37.5000 2592.9187   20.4382
   -7.5000   45.0000   37.5000 2503.1411   22.0173
    0.0000   45.0000   37.5000 2513.9602   21.9637
    7.5000   45.0000   37.5000 2497.4382   22.0661
   -7.5000  -45.0000   45.0000 2680.7070   20.0675
    0.0000  -45.0000   45.0000 2699.6157   19.9334
    7.5000  -45.0000   45.0000 2685.0386   20.0354
   -7.5000  -37.5000   45.0000 2754.7275   18.8491
    0.0000  -37.5000   45.0000 2777.5239   18.6647
    7.5000  -37.5000   45.0000 2758.0156   18.7860
   -7.5000  -30.0000   45.0000 2805.4871   17.8977
    0.0000  -30.0000   45.0000 2826.9795   17.6539
    7.5000  -30.0000   45.0000 2805.2485   17.8394
   -7.5000  -22.5000   45.0000 2851.8401   17.1946
    0.0000  -22.5000   45.0000 2873.4180   16.9943
    7.5000  -22.5000   45.0000 2850.3408   17.1857
   -7.5000  -15.0000   45.0000 2879.1731   16.7769
    0.0000  -15.0000   45.0000 2892.4924   16.5902
    7.5000  -15.0000   45.0000 2872.8450   16.7619
   -7.5000   -7.5000   45.0000 2883.8167   16.6804
    0.0000   -7.5000   45.0000 2900.2053   16.4593
    7.5000   -7.5000   45.0000 2875.5181   16.6310
   -7.5000    0.0000   45.0000 2864.9792   16.8151
    0.0000    0.0000   45.0000 2878.1963   16.6076
    7.5000    0.0000   45.0000 2858.2544   16.7622
   -7.5000    7.5000   45.0000 2829.5813   17.2546
    0.0000    7.5000   45.0000 2845.3074   17.1124
    7.5000    7.5000   45.0000 2822.7520   17.2366
   -7.5000   15.0000   45.0000 2779.7480   17.9542
    0.0000   15.0000   45.0000 2796.4951   17.8778
    7.5000   15.0000   45.0000 2776.4253   17.9658
   -7.5000   22.5000   45.0000 2718.0828   18.8248
    0.0000   22.5000   45.0000 2730.3438   18.7494
    7.5000   22.5000   45.0000 2710.9126   18.8137
   -7.5000   30.0000   45.0000 2637.3730   19.8381
    0.0000   30.0000   45.0000 2653.2629   19.7705
    7.5000   30.0000   45.0000 2632.5420   19.8191
   -7.5000   37.5000   45.0000 2554.4824   21.1044
    0.0000   37.5000   45.0000 2571.1277   21.0594
    7.5000   37.5000   45.0000 2552.2451   21.1279
   -7.5000   45.0000   45.0000 2469.0110   22.7146
    0.0000   45.0000   45.0000 2477.8069   22.6545
    7.5000   45.0000   45.0000 2467.8721   22.7476

---------------------------------------------------------------------
imgreg_4dfp /opt/freesurfer/average/711-2C_as_mni_average_305 /opt/freesurfer/average/711-2B_as_mni_average_305_mask talsrcimg_g11 none talsrcimg_to_711-2C_as_mni_average_305_t4 1283
---------------------------------------------------------------------

freesurfer imgreg_4dfp.c
/opt/freesurfer/average/711-2C_as_mni_average_305.4dfp.img
       256       256       256         1
  1.000000  1.000000  1.000000
orientation T byte_order littleendian
Reading image: /opt/freesurfer/average/711-2C_as_mni_average_305.4dfp.img
dimensions:      256       256       256
mmppix:       1.0000   -1.0000   -1.0000
center:     128.0000 -129.0000 -129.0000
/opt/freesurfer/average/711-2B_as_mni_average_305_mask.4dfp.img
       256       256       256         1
  1.000000  1.000000  1.000000
orientation T byte_order littleendian
Reading mask: /opt/freesurfer/average/711-2B_as_mni_average_305_mask.4dfp.img (2306576 pixels)
talsrcimg_g11.4dfp.img
       256       256       256         1
  1.000000  1.000000  1.000000
orientation T byte_order littleendian
Reading image: talsrcimg_g11.4dfp.img
dimensions:      256       256       256
mmppix:       1.0000   -1.0000   -1.0000
center:     128.0000 -129.0000 -129.0000
rotation matrix determinant  1.000000
fimgreg.f
image alignment mode   1283 decimal      503 hex
parameters
    0.0000    0.0000   15.0000    0.0000    0.0000    0.0000
eta,q 0.94169 14.50712
niter,ni,del,rscale     5    3   12.0000    1.2000
parameter  5 -0.538229 -> -0.500000 qaram    1.1500
parameters
   -0.8449    1.2411   14.0035    1.4900    3.4500    1.2380
eta,q 0.94460 14.61735
  0.0601  0.0632  0.0603  0.0649  0.0597  0.0578
  0.0602  0.0623  0.0576  0.0616  0.0577  0.0566
  0.0598  0.0607  0.0566  0.0584  0.0566  0.0559
  0.0584  0.0587  0.0574  0.0568  0.0563  0.0555
  0.0594  0.0573  0.0595  0.0564  0.0559  0.0554
  0.0608  0.0583  0.0605  0.0575  0.0554  0.0558
  0.0613  0.0619  0.0601  0.0597  0.0559  0.0564
niter,ni,del,rscale     5    3   12.0000    1.2000
parameters
   -0.8541    0.2767   15.1697    2.8685    3.7975    0.2038
eta,q 0.94525 14.54920
  0.0572  0.0604  0.0626  0.0634  0.0579  0.0559
  0.0568  0.0583  0.0596  0.0606  0.0571  0.0551
  0.0561  0.0561  0.0569  0.0573  0.0561  0.0548
  0.0554  0.0554  0.0554  0.0551  0.0550  0.0548
  0.0561  0.0574  0.0553  0.0551  0.0548  0.0553
  0.0564  0.0609  0.0571  0.0564  0.0561  0.0560
  0.0575  0.0652  0.0586  0.0588  0.0582  0.0566
niter,ni,del,rscale     4    3   12.0000    1.2000
parameters
   -0.0531   -0.8691   16.3432    4.7217    4.6260   -2.1005
eta,q 0.94560 14.45916
  0.0579  0.0586  0.0614  0.0624  0.0588  0.0549
  0.0577  0.0570  0.0588  0.0601  0.0571  0.0544
  0.0562  0.0556  0.0566  0.0570  0.0557  0.0544
  0.0548  0.0547  0.0550  0.0548  0.0546  0.0546
  0.0551  0.0565  0.0552  0.0547  0.0547  0.0550
  0.0556  0.0598  0.0567  0.0554  0.0556  0.0558
  0.0575  0.0637  0.0579  0.0573  0.0576  0.0565
niter,ni,del,rscale     3    3   12.0000    1.2000
parameter  4 -0.655448 -> -0.500000 qaram    1.1500
parameters
    0.2964   -2.3901   17.7259    8.1717    3.7111   -0.2547
eta,q 0.94562 14.58046
  0.0603  0.0566  0.0609  0.0612  0.0578  0.0562
  0.0583  0.0568  0.0591  0.0592  0.0561  0.0553
  0.0556  0.0561  0.0571  0.0570  0.0550  0.0550
  0.0544  0.0543  0.0556  0.0555  0.0547  0.0547
  0.0543  0.0553  0.0557  0.0548  0.0555  0.0544
  0.0558  0.0591  0.0565  0.0548  0.0578  0.0545
  0.0602  0.0639  0.0579  0.0549  0.0599  0.0550
niter,ni,del,rscale     3    3   12.0000    1.2000
parameter  2  0.678063 ->  0.500000 qaram    1.1500
parameters
    1.0400   -5.8401   19.2148   10.9559    3.1040    2.2915
eta,q 0.94838 14.46223
  0.0614  0.0519  0.0590  0.0596  0.0561  0.0544
  0.0601  0.0529  0.0578  0.0572  0.0539  0.0534
  0.0569  0.0539  0.0549  0.0548  0.0525  0.0527
  0.0544  0.0540  0.0533  0.0528  0.0518  0.0519
  0.0540  0.0555  0.0528  0.0518  0.0524  0.0517
  0.0557  0.0602  0.0538  0.0524  0.0549  0.0516
  0.0604  0.0652  0.0560  0.0540  0.0584  0.0523
niter,ni,del,rscale     3    3   12.0000    1.2000
parameters
    0.8085   -7.6088   19.5502   10.9318    3.0968    1.8601
eta,q 0.94854 14.37417
  0.0569  0.0545  0.0570  0.0583  0.0559  0.0532
  0.0543  0.0525  0.0532  0.0537  0.0530  0.0525
  0.0519  0.0514  0.0514  0.0517  0.0517  0.0519
  0.0516  0.0516  0.0513  0.0514  0.0514  0.0514
  0.0521  0.0529  0.0523  0.0531  0.0519  0.0513
  0.0540  0.0566  0.0541  0.0555  0.0531  0.0525
  0.0586  0.0624  0.0545  0.0568  0.0558  0.0545
niter,ni,del,rscale     2    3   12.0000    1.2000
parameters
    0.3006   -7.5343   19.8933   10.8080    2.8524    1.6757
eta,q 0.94869 14.41287
  0.0551  0.0583  0.0563  0.0585  0.0557  0.0534
  0.0532  0.0540  0.0526  0.0536  0.0529  0.0525
  0.0514  0.0522  0.0512  0.0515  0.0516  0.0518
  0.0515  0.0512  0.0512  0.0513  0.0513  0.0513
  0.0521  0.0519  0.0523  0.0533  0.0520  0.0512
  0.0533  0.0538  0.0537  0.0557  0.0535  0.0522
  0.0574  0.0580  0.0538  0.0572  0.0562  0.0543
niter,ni,del,rscale     1    3   12.0000    1.2000
parameters
    0.0927   -7.5046   20.1867   10.7090    2.7287    1.5865
eta,q 0.94871 14.44232
  0.0552  0.0586  0.0556  0.0589  0.0560  0.0535
  0.0536  0.0541  0.0522  0.0538  0.0531  0.0526
  0.0518  0.0522  0.0512  0.0514  0.0517  0.0518
  0.0513  0.0512  0.0512  0.0513  0.0513  0.0513
  0.0522  0.0520  0.0524  0.0534  0.0520  0.0512
  0.0530  0.0542  0.0535  0.0559  0.0535  0.0522
  0.0564  0.0584  0.0534  0.0574  0.0561  0.0542
registration optimization eta report
parameter search radius
    6.0000    6.9000    6.0000    6.9000    6.9000    6.0000
100000*second partial in parameter space
       12.       15.        9.       14.       10.        7.
  0.0552  0.0586  0.0556  0.0589  0.0560  0.0535
  0.0536  0.0541  0.0522  0.0538  0.0531  0.0526
  0.0518  0.0522  0.0512  0.0514  0.0517  0.0518
  0.0513  0.0512  0.0512  0.0513  0.0513  0.0513
  0.0522  0.0520  0.0524  0.0534  0.0520  0.0512
  0.0530  0.0542  0.0535  0.0559  0.0535  0.0522
  0.0564  0.0584  0.0534  0.0574  0.0561  0.0542
    0.0927   -7.5046   20.1867   10.7090    2.7287    1.5865
eta,q 0.94871 14.44232

---------------------------------------------------------------------
imgreg_4dfp /opt/freesurfer/average/711-2C_as_mni_average_305 /opt/freesurfer/average/711-2B_as_mni_average_305_mask talsrcimg_g11 none talsrcimg_to_711-2C_as_mni_average_305_t4 3335
---------------------------------------------------------------------

freesurfer imgreg_4dfp.c
/opt/freesurfer/average/711-2C_as_mni_average_305.4dfp.img
       256       256       256         1
  1.000000  1.000000  1.000000
orientation T byte_order littleendian
Reading image: /opt/freesurfer/average/711-2C_as_mni_average_305.4dfp.img
dimensions:      256       256       256
mmppix:       1.0000   -1.0000   -1.0000
center:     128.0000 -129.0000 -129.0000
/opt/freesurfer/average/711-2B_as_mni_average_305_mask.4dfp.img
       256       256       256         1
  1.000000  1.000000  1.000000
orientation T byte_order littleendian
Reading mask: /opt/freesurfer/average/711-2B_as_mni_average_305_mask.4dfp.img (2306576 pixels)
talsrcimg_g11.4dfp.img
       256       256       256         1
  1.000000  1.000000  1.000000
orientation T byte_order littleendian
Reading image: talsrcimg_g11.4dfp.img
dimensions:      256       256       256
mmppix:       1.0000   -1.0000   -1.0000
center:     128.0000 -129.0000 -129.0000
fimgreg.f
image alignment mode   3335 decimal      D07 hex
parameters
    0.0927   -7.5046   20.1867   -0.1517   -1.8038   -1.8531
   -3.6047   -4.1616    2.7654  -18.7045    4.7608   18.5610
eta,q 0.95141 14.48746
niter,ni,del,rscale     5    3    5.0000    1.2000
parameter  4 -7.019984 ->  0.500000 qaram    1.1500
parameter  5  1.660830 ->  0.500000 qaram    1.1500
parameter  6  2.360723 ->  0.500000 qaram    1.1500
parameters
    0.5582   -7.2869   20.6258   -4.2917   -5.9438   -5.9931
   -1.4352   -0.9312    2.4484  -16.6014    3.8741   17.4802
eta,q 0.96320 14.34823
  0.0495  0.0502  0.0494  0.0413  0.0412  0.0370  0.0403  0.0433  0.0384  0.0420  0.0379  0.0377
  0.0491  0.0495  0.0489  0.0435  0.0418  0.0379  0.0394  0.0416  0.0377  0.0398  0.0373  0.0372
  0.0488  0.0489  0.0486  0.0460  0.0428  0.0398  0.0388  0.0399  0.0373  0.0382  0.0369  0.0368
  0.0486  0.0485  0.0485  0.0485  0.0442  0.0421  0.0383  0.0382  0.0372  0.0371  0.0368  0.0368
  0.0485  0.0485  0.0485  0.0506  0.0461  0.0448  0.0382  0.0372  0.0373  0.0368  0.0371  0.0371
  0.0486  0.0490  0.0486  0.0525  0.0481  0.0479  0.0384  0.0375  0.0379  0.0373  0.0377  0.0376
  0.0491  0.0498  0.0489  0.0545  0.0500  0.0502  0.0389  0.0389  0.0386  0.0385  0.0385  0.0385
niter,ni,del,rscale     7    3    5.0000    1.2000
parameter  1  0.513496 ->  0.500000 qaram    1.1500
parameter  3  0.703045 ->  0.500000 qaram    1.1500
parameter  4  2.046731 ->  0.500000 qaram    1.3225
parameter  5  5.168195 ->  0.500000 qaram    1.3225
parameter 12  1.493277 ->  0.500000 qaram    1.1500
parameters
   -0.8218   -8.1415   19.2458   -9.0527  -10.7048   -8.6712
   -3.0582   -1.7944    2.4804  -17.1975    3.2585   13.3402
eta,q 0.97324 14.18104
  0.0368  0.0368  0.0355  0.0295  0.0259  0.0301  0.0288  0.0315  0.0290  0.0299  0.0286  0.0264
  0.0363  0.0362  0.0353  0.0298  0.0276  0.0288  0.0280  0.0291  0.0282  0.0285  0.0280  0.0267
  0.0363  0.0360  0.0355  0.0318  0.0290  0.0278  0.0277  0.0278  0.0278  0.0277  0.0277  0.0270
  0.0368  0.0362  0.0360  0.0353  0.0302  0.0280  0.0278  0.0276  0.0276  0.0276  0.0276  0.0275
  0.0379  0.0369  0.0369  0.0391  0.0319  0.0301  0.0283  0.0287  0.0277  0.0281  0.0278  0.0282
  0.0394  0.0378  0.0379  0.0424  0.0337  0.0336  0.0292  0.0308  0.0282  0.0291  0.0283  0.0289
  0.0412  0.0390  0.0392  0.0452  0.0357  0.0382  0.0304  0.0339  0.0290  0.0308  0.0291  0.0298
niter,ni,del,rscale     7    3    5.0000    1.2000
parameter  2  1.486237 ->  0.500000 qaram    1.1500
parameter  3  0.990039 ->  0.500000 qaram    1.3225
parameter  5  1.261654 ->  0.500000 qaram    1.5209
parameter 12  0.551632 ->  0.500000 qaram    1.3225
parameters
   -0.9569   -9.5215   17.6588  -12.4109  -16.1799   -7.6976
   -2.4606   -1.9354    3.0492  -17.9002    4.0476    8.5792
eta,q 0.98190 14.14484
  0.0307  0.0242  0.0229  0.0254  0.0196  0.0240  0.0219  0.0230  0.0210  0.0216  0.0202  0.0186
  0.0284  0.0246  0.0230  0.0239  0.0191  0.0222  0.0204  0.0205  0.0199  0.0199  0.0195  0.0181
  0.0271  0.0255  0.0237  0.0230  0.0203  0.0206  0.0194  0.0192  0.0192  0.0190  0.0190  0.0182
  0.0268  0.0267  0.0248  0.0231  0.0230  0.0192  0.0189  0.0189  0.0189  0.0189  0.0188  0.0188
  0.0275  0.0283  0.0264  0.0257  0.0264  0.0187  0.0191  0.0194  0.0190  0.0195  0.0189  0.0199
  0.0291  0.0301  0.0283  0.0302  0.0292  0.0197  0.0198  0.0208  0.0195  0.0209  0.0191  0.0214
  0.0315  0.0319  0.0306  0.0344  0.0318  0.0231  0.0211  0.0233  0.0205  0.0228  0.0197  0.0233
niter,ni,del,rscale     7    3    5.0000    1.2000
parameters
   -0.9582   -9.9962   17.2385  -11.7971  -17.4414   -7.0785
   -2.6338   -2.0085    3.2707  -17.6942    4.4252    9.3488
eta,q 0.98250 14.17503
  0.0220  0.0206  0.0201  0.0235  0.0243  0.0227  0.0200  0.0222  0.0195  0.0212  0.0189  0.0209
  0.0199  0.0189  0.0188  0.0214  0.0211  0.0208  0.0187  0.0195  0.0185  0.0191  0.0182  0.0193
  0.0186  0.0181  0.0181  0.0195  0.0186  0.0190  0.0178  0.0179  0.0178  0.0179  0.0177  0.0181
  0.0181  0.0181  0.0180  0.0179  0.0177  0.0177  0.0176  0.0176  0.0176  0.0175  0.0175  0.0175
  0.0185  0.0190  0.0185  0.0173  0.0194  0.0173  0.0179  0.0181  0.0177  0.0179  0.0176  0.0177
  0.0198  0.0207  0.0198  0.0192  0.0235  0.0185  0.0188  0.0196  0.0183  0.0190  0.0180  0.0185
  0.0221  0.0231  0.0217  0.0235  0.0284  0.0225  0.0203  0.0223  0.0193  0.0207  0.0187  0.0201
niter,ni,del,rscale     6    3    5.0000    1.2000
parameters
   -0.9648   -9.9216   17.4080  -11.6683  -17.8369   -7.0724
   -2.7230   -2.0766    3.2087  -17.8586    4.4261    9.5065
eta,q 0.98253 14.16823
  0.0217  0.0213  0.0209  0.0230  0.0249  0.0223  0.0200  0.0221  0.0192  0.0207  0.0187  0.0205
  0.0194  0.0193  0.0191  0.0209  0.0217  0.0204  0.0186  0.0194  0.0183  0.0188  0.0181  0.0189
  0.0180  0.0180  0.0180  0.0190  0.0189  0.0187  0.0178  0.0179  0.0177  0.0177  0.0176  0.0179
  0.0175  0.0175  0.0175  0.0175  0.0174  0.0175  0.0175  0.0175  0.0175  0.0175  0.0175  0.0175
  0.0180  0.0179  0.0177  0.0171  0.0184  0.0173  0.0178  0.0180  0.0177  0.0180  0.0176  0.0177
  0.0194  0.0190  0.0186  0.0195  0.0219  0.0192  0.0187  0.0196  0.0183  0.0192  0.0180  0.0187
  0.0217  0.0209  0.0203  0.0240  0.0268  0.0235  0.0202  0.0223  0.0193  0.0208  0.0188  0.0204
niter,ni,del,rscale     5    3    5.0000    1.2000
parameters
   -0.9743   -9.9228   17.4678  -11.5998  -17.9533   -7.0588
   -2.7201   -2.0822    3.2107  -17.9177    4.4071    9.5736
eta,q 0.98254 14.16776
  0.0216  0.0211  0.0206  0.0230  0.0252  0.0222  0.0201  0.0222  0.0193  0.0208  0.0187  0.0204
  0.0193  0.0191  0.0189  0.0209  0.0220  0.0204  0.0187  0.0195  0.0183  0.0188  0.0180  0.0189
  0.0179  0.0179  0.0179  0.0190  0.0191  0.0186  0.0178  0.0179  0.0177  0.0178  0.0176  0.0179
  0.0175  0.0175  0.0175  0.0175  0.0174  0.0175  0.0175  0.0175  0.0175  0.0175  0.0175  0.0175
  0.0179  0.0179  0.0178  0.0172  0.0182  0.0173  0.0177  0.0180  0.0177  0.0179  0.0176  0.0178
  0.0194  0.0191  0.0188  0.0196  0.0215  0.0191  0.0186  0.0195  0.0183  0.0191  0.0180  0.0187
  0.0217  0.0211  0.0205  0.0241  0.0263  0.0235  0.0201  0.0222  0.0193  0.0207  0.0188  0.0204
niter,ni,del,rscale     4    3    5.0000    1.2000
parameters
   -0.9776   -9.9314   17.4891  -11.5811  -17.9883   -7.0538
   -2.7210   -2.0796    3.2101  -17.9468    4.3956    9.6046
eta,q 0.98254 14.16769
  0.0217  0.0210  0.0206  0.0230  0.0253  0.0222  0.0201  0.0222  0.0193  0.0208  0.0187  0.0204
  0.0193  0.0191  0.0189  0.0208  0.0220  0.0204  0.0187  0.0195  0.0183  0.0188  0.0180  0.0189
  0.0179  0.0179  0.0178  0.0190  0.0191  0.0186  0.0178  0.0179  0.0177  0.0178  0.0176  0.0178
  0.0175  0.0175  0.0175  0.0175  0.0175  0.0175  0.0175  0.0175  0.0175  0.0175  0.0175  0.0175
  0.0179  0.0179  0.0178  0.0172  0.0181  0.0173  0.0177  0.0180  0.0176  0.0179  0.0176  0.0178
  0.0193  0.0191  0.0188  0.0197  0.0214  0.0191  0.0186  0.0195  0.0183  0.0191  0.0180  0.0188
  0.0217  0.0211  0.0205  0.0242  0.0262  0.0235  0.0201  0.0222  0.0193  0.0207  0.0188  0.0204
registration optimization eta report
parameter search radius
    2.7600    2.7600    3.1740    9.5220   10.9503    8.2800
    7.2000    7.2000    7.2000    7.2000    7.2000    9.5220
100000*second partial in parameter space
       55.       47.       31.        7.        7.        8.
        5.        9.        3.        6.        2.        3.
  0.0217  0.0210  0.0206  0.0230  0.0253  0.0222  0.0201  0.0222  0.0193  0.0208  0.0187  0.0204
  0.0193  0.0191  0.0189  0.0208  0.0220  0.0204  0.0187  0.0195  0.0183  0.0188  0.0180  0.0189
  0.0179  0.0179  0.0178  0.0190  0.0191  0.0186  0.0178  0.0179  0.0177  0.0178  0.0176  0.0178
  0.0175  0.0175  0.0175  0.0175  0.0175  0.0175  0.0175  0.0175  0.0175  0.0175  0.0175  0.0175
  0.0179  0.0179  0.0178  0.0172  0.0181  0.0173  0.0177  0.0180  0.0176  0.0179  0.0176  0.0178
  0.0193  0.0191  0.0188  0.0197  0.0214  0.0191  0.0186  0.0195  0.0183  0.0191  0.0180  0.0188
  0.0217  0.0211  0.0205  0.0242  0.0262  0.0235  0.0201  0.0222  0.0193  0.0207  0.0188  0.0204
   -0.9776   -9.9314   17.4891  -11.5811  -17.9883   -7.0538
   -2.7210   -2.0796    3.2101  -17.9468    4.3956    9.6046
eta,q 0.98254 14.16769

---------------------------------------------------------------------
imgreg_4dfp /opt/freesurfer/average/711-2C_as_mni_average_305 /opt/freesurfer/average/711-2B_as_mni_average_305_mask talsrcimg_g11 none talsrcimg_to_711-2C_as_mni_average_305_t4 2311
---------------------------------------------------------------------

freesurfer imgreg_4dfp.c
/opt/freesurfer/average/711-2C_as_mni_average_305.4dfp.img
       256       256       256         1
  1.000000  1.000000  1.000000
orientation T byte_order littleendian
Reading image: /opt/freesurfer/average/711-2C_as_mni_average_305.4dfp.img
dimensions:      256       256       256
mmppix:       1.0000   -1.0000   -1.0000
center:     128.0000 -129.0000 -129.0000
/opt/freesurfer/average/711-2B_as_mni_average_305_mask.4dfp.img
       256       256       256         1
  1.000000  1.000000  1.000000
orientation T byte_order littleendian
Reading mask: /opt/freesurfer/average/711-2B_as_mni_average_305_mask.4dfp.img (2306576 pixels)
talsrcimg_g11.4dfp.img
       256       256       256         1
  1.000000  1.000000  1.000000
orientation T byte_order littleendian
Reading image: talsrcimg_g11.4dfp.img
dimensions:      256       256       256
mmppix:       1.0000   -1.0000   -1.0000
center:     128.0000 -129.0000 -129.0000
fimgreg.f
image alignment mode   2311 decimal      907 hex
parameters
   -0.9776   -9.9314   17.4891  -11.5811  -17.9883   -7.0538
   -2.7210   -2.0796    3.2101  -17.9468    4.3956    9.6046
eta,q 0.98254 14.16768
niter,ni,del,rscale     5    3    5.0000    0.8000
parameters
   -0.9655   -9.9383   17.5274   -9.9357  -17.5344   -6.2493
   -2.8568   -1.9946    2.9887  -17.8290    4.3672    9.1221
eta,q 0.98314 14.22236
  0.0189  0.0187  0.0183  0.0199  0.0195  0.0195  0.0183  0.0198  0.0178  0.0186  0.0177  0.0176
  0.0181  0.0180  0.0178  0.0190  0.0183  0.0185  0.0175  0.0182  0.0173  0.0176  0.0172  0.0172
  0.0176  0.0176  0.0176  0.0181  0.0175  0.0176  0.0170  0.0172  0.0170  0.0171  0.0170  0.0169
  0.0175  0.0175  0.0175  0.0175  0.0170  0.0170  0.0169  0.0169  0.0169  0.0169  0.0169  0.0169
  0.0176  0.0176  0.0175  0.0170  0.0171  0.0168  0.0171  0.0171  0.0170  0.0170  0.0169  0.0170
  0.0181  0.0180  0.0178  0.0172  0.0177  0.0173  0.0176  0.0181  0.0174  0.0176  0.0172  0.0174
  0.0189  0.0187  0.0182  0.0181  0.0188  0.0185  0.0184  0.0196  0.0179  0.0184  0.0177  0.0179
niter,ni,del,rscale     4    3    5.0000    0.7000
parameters
   -1.0019  -10.0347   17.5166  -10.2004  -17.3506   -6.0526
   -2.7490   -2.0380    3.0363  -17.7909    4.4000    9.1350
eta,q 0.98315 14.22645
  0.0182  0.0177  0.0176  0.0184  0.0186  0.0186  0.0180  0.0190  0.0176  0.0182  0.0175  0.0175
  0.0174  0.0172  0.0172  0.0177  0.0178  0.0178  0.0174  0.0178  0.0172  0.0174  0.0171  0.0172
  0.0170  0.0169  0.0169  0.0172  0.0172  0.0172  0.0170  0.0171  0.0169  0.0170  0.0169  0.0169
  0.0169  0.0169  0.0169  0.0169  0.0169  0.0169  0.0168  0.0168  0.0168  0.0168  0.0168  0.0168
  0.0170  0.0170  0.0169  0.0170  0.0170  0.0169  0.0170  0.0171  0.0169  0.0170  0.0169  0.0169
  0.0175  0.0174  0.0172  0.0178  0.0175  0.0174  0.0173  0.0178  0.0172  0.0174  0.0171  0.0171
  0.0183  0.0180  0.0176  0.0192  0.0184  0.0185  0.0179  0.0191  0.0176  0.0181  0.0175  0.0175
niter,ni,del,rscale     3    3    5.0000    0.6000
parameters
   -1.0060  -10.0522   17.5147  -10.1483  -17.3183   -5.9497
   -2.7795   -2.0471    3.0469  -17.7935    4.4185    9.1165
eta,q 0.98317 14.22893
  0.0179  0.0176  0.0174  0.0182  0.0181  0.0181  0.0176  0.0185  0.0174  0.0178  0.0173  0.0173
  0.0173  0.0172  0.0171  0.0176  0.0174  0.0175  0.0172  0.0176  0.0171  0.0172  0.0171  0.0171
  0.0170  0.0169  0.0169  0.0171  0.0170  0.0171  0.0169  0.0170  0.0169  0.0169  0.0169  0.0169
  0.0168  0.0168  0.0168  0.0168  0.0168  0.0168  0.0168  0.0168  0.0168  0.0168  0.0168  0.0168
  0.0170  0.0169  0.0169  0.0169  0.0169  0.0169  0.0169  0.0170  0.0169  0.0169  0.0169  0.0169
  0.0173  0.0172  0.0171  0.0174  0.0174  0.0173  0.0172  0.0176  0.0171  0.0173  0.0170  0.0171
  0.0179  0.0176  0.0174  0.0183  0.0181  0.0182  0.0177  0.0185  0.0174  0.0178  0.0173  0.0174
niter,ni,del,rscale     2    3    5.0000    0.5000
parameters
   -1.0091  -10.0588   17.5197  -10.0422  -17.3094   -5.8602
   -2.7981   -2.0393    3.0313  -17.7878    4.4172    9.0953
eta,q 0.98319 14.23134
  0.0175  0.0174  0.0172  0.0179  0.0177  0.0178  0.0174  0.0180  0.0172  0.0175  0.0172  0.0172
  0.0171  0.0171  0.0170  0.0174  0.0172  0.0173  0.0171  0.0173  0.0170  0.0171  0.0170  0.0170
  0.0169  0.0169  0.0169  0.0170  0.0169  0.0170  0.0169  0.0170  0.0169  0.0169  0.0169  0.0169
  0.0168  0.0168  0.0168  0.0168  0.0168  0.0168  0.0168  0.0168  0.0168  0.0168  0.0168  0.0168
  0.0169  0.0169  0.0169  0.0169  0.0169  0.0169  0.0169  0.0169  0.0169  0.0169  0.0169  0.0169
  0.0172  0.0171  0.0170  0.0172  0.0172  0.0171  0.0171  0.0173  0.0170  0.0171  0.0170  0.0170
  0.0175  0.0174  0.0172  0.0178  0.0177  0.0177  0.0174  0.0180  0.0172  0.0175  0.0172  0.0172
niter,ni,del,rscale     1    3    5.0000    0.4000
parameters
   -1.0109  -10.0662   17.5268   -9.9501  -17.2985   -5.7795
   -2.8041   -2.0335    3.0164  -17.7732    4.4287    9.0705
eta,q 0.98320 14.23352
  0.0173  0.0172  0.0171  0.0175  0.0174  0.0174  0.0172  0.0176  0.0171  0.0172  0.0170  0.0170
  0.0170  0.0170  0.0169  0.0172  0.0171  0.0171  0.0170  0.0172  0.0169  0.0170  0.0169  0.0169
  0.0169  0.0168  0.0168  0.0169  0.0169  0.0169  0.0168  0.0169  0.0168  0.0169  0.0168  0.0168
  0.0168  0.0168  0.0168  0.0168  0.0168  0.0168  0.0168  0.0168  0.0168  0.0168  0.0168  0.0168
  0.0169  0.0168  0.0168  0.0168  0.0169  0.0168  0.0168  0.0169  0.0168  0.0168  0.0168  0.0168
  0.0170  0.0170  0.0169  0.0170  0.0170  0.0170  0.0170  0.0171  0.0169  0.0170  0.0169  0.0169
  0.0173  0.0172  0.0171  0.0175  0.0174  0.0174  0.0172  0.0176  0.0171  0.0172  0.0170  0.0170
registration optimization eta report
parameter search radius
    0.8000    0.8000    0.8000    2.4000    2.4000    2.4000
    2.4000    2.4000    2.4000    2.4000    2.4000    2.4000
100000*second partial in parameter space
       73.       54.       39.       12.       10.       10.
        7.       14.        4.        7.        4.        4.
  0.0173  0.0172  0.0171  0.0175  0.0174  0.0174  0.0172  0.0176  0.0171  0.0172  0.0170  0.0170
  0.0170  0.0170  0.0169  0.0172  0.0171  0.0171  0.0170  0.0172  0.0169  0.0170  0.0169  0.0169
  0.0169  0.0168  0.0168  0.0169  0.0169  0.0169  0.0168  0.0169  0.0168  0.0169  0.0168  0.0168
  0.0168  0.0168  0.0168  0.0168  0.0168  0.0168  0.0168  0.0168  0.0168  0.0168  0.0168  0.0168
  0.0169  0.0168  0.0168  0.0168  0.0169  0.0168  0.0168  0.0169  0.0168  0.0168  0.0168  0.0168
  0.0170  0.0170  0.0169  0.0170  0.0170  0.0170  0.0170  0.0171  0.0169  0.0170  0.0169  0.0169
  0.0173  0.0172  0.0171  0.0175  0.0174  0.0174  0.0172  0.0176  0.0171  0.0172  0.0170  0.0170
   -1.0109  -10.0662   17.5268   -9.9501  -17.2985   -5.7795
   -2.8041   -2.0335    3.0164  -17.7732    4.4287    9.0705
eta,q 0.98320 14.23352

---------------------------------------------------------------------
imgreg_4dfp /opt/freesurfer/average/711-2C_as_mni_average_305 /opt/freesurfer/average/711-2B_as_mni_average_305_mask talsrcimg_g11 none talsrcimg_to_711-2C_as_mni_average_305_t4 2311
---------------------------------------------------------------------

freesurfer imgreg_4dfp.c
/opt/freesurfer/average/711-2C_as_mni_average_305.4dfp.img
       256       256       256         1
  1.000000  1.000000  1.000000
orientation T byte_order littleendian
Reading image: /opt/freesurfer/average/711-2C_as_mni_average_305.4dfp.img
dimensions:      256       256       256
mmppix:       1.0000   -1.0000   -1.0000
center:     128.0000 -129.0000 -129.0000
/opt/freesurfer/average/711-2B_as_mni_average_305_mask.4dfp.img
       256       256       256         1
  1.000000  1.000000  1.000000
orientation T byte_order littleendian
Reading mask: /opt/freesurfer/average/711-2B_as_mni_average_305_mask.4dfp.img (2306576 pixels)
talsrcimg_g11.4dfp.img
       256       256       256         1
  1.000000  1.000000  1.000000
orientation T byte_order littleendian
Reading image: talsrcimg_g11.4dfp.img
dimensions:      256       256       256
mmppix:       1.0000   -1.0000   -1.0000
center:     128.0000 -129.0000 -129.0000
fimgreg.f
image alignment mode   2311 decimal      907 hex
parameters
   -1.0109  -10.0662   17.5268   -9.9501  -17.2985   -5.7795
   -2.8041   -2.0335    3.0164  -17.7732    4.4287    9.0705
eta,q 0.98320 14.23352
niter,ni,del,rscale     5    3    5.0000    0.8000
parameters
   -1.0030  -10.0727   17.5416  -10.4560  -17.3755   -6.1206
   -2.7389   -2.0711    3.0911  -17.8306    4.3936    9.2336
eta,q 0.98311 14.22251
  0.0187  0.0182  0.0178  0.0187  0.0189  0.0188  0.0183  0.0196  0.0179  0.0185  0.0177  0.0178
  0.0176  0.0174  0.0173  0.0178  0.0179  0.0179  0.0175  0.0181  0.0173  0.0176  0.0173  0.0173
  0.0170  0.0169  0.0169  0.0171  0.0171  0.0172  0.0171  0.0172  0.0170  0.0171  0.0170  0.0170
  0.0168  0.0168  0.0168  0.0168  0.0169  0.0169  0.0169  0.0169  0.0169  0.0169  0.0169  0.0169
  0.0170  0.0170  0.0169  0.0171  0.0171  0.0170  0.0170  0.0172  0.0170  0.0171  0.0170  0.0170
  0.0176  0.0174  0.0172  0.0182  0.0178  0.0180  0.0175  0.0181  0.0173  0.0177  0.0172  0.0172
  0.0186  0.0182  0.0178  0.0201  0.0192  0.0199  0.0183  0.0196  0.0178  0.0186  0.0177  0.0177
niter,ni,del,rscale     4    3    5.0000    0.7000
parameters
   -1.0022  -10.0538   17.5125  -10.2867  -17.3607   -6.0556
   -2.7774   -2.0469    3.0593  -17.8275    4.4116    9.1760
eta,q 0.98314 14.22527
  0.0182  0.0179  0.0176  0.0187  0.0185  0.0186  0.0179  0.0190  0.0176  0.0181  0.0175  0.0175
  0.0175  0.0174  0.0172  0.0179  0.0177  0.0178  0.0173  0.0178  0.0172  0.0174  0.0172  0.0172
  0.0170  0.0170  0.0170  0.0173  0.0171  0.0172  0.0170  0.0171  0.0169  0.0170  0.0169  0.0169
  0.0169  0.0169  0.0169  0.0169  0.0169  0.0169  0.0169  0.0169  0.0169  0.0169  0.0169  0.0169
  0.0170  0.0170  0.0170  0.0169  0.0170  0.0169  0.0170  0.0171  0.0169  0.0170  0.0169  0.0169
  0.0175  0.0173  0.0172  0.0175  0.0176  0.0175  0.0174  0.0178  0.0172  0.0174  0.0171  0.0172
  0.0182  0.0179  0.0176  0.0187  0.0186  0.0187  0.0180  0.0190  0.0176  0.0181  0.0175  0.0176
niter,ni,del,rscale     3    3    5.0000    0.6000
parameters
   -1.0044  -10.0533   17.5166  -10.1488  -17.3340   -5.9487
   -2.7906   -2.0410    3.0402  -17.8106    4.4190    9.1304
eta,q 0.98317 14.22857
  0.0179  0.0176  0.0174  0.0182  0.0181  0.0181  0.0176  0.0185  0.0174  0.0178  0.0173  0.0173
  0.0173  0.0172  0.0171  0.0176  0.0174  0.0175  0.0172  0.0176  0.0171  0.0173  0.0171  0.0171
  0.0170  0.0169  0.0169  0.0172  0.0170  0.0171  0.0169  0.0170  0.0169  0.0169  0.0169  0.0169
  0.0169  0.0169  0.0169  0.0169  0.0168  0.0168  0.0168  0.0168  0.0168  0.0168  0.0168  0.0168
  0.0170  0.0169  0.0169  0.0169  0.0169  0.0169  0.0169  0.0170  0.0169  0.0169  0.0169  0.0169
  0.0173  0.0172  0.0171  0.0173  0.0174  0.0173  0.0172  0.0176  0.0171  0.0172  0.0170  0.0171
  0.0179  0.0176  0.0174  0.0182  0.0181  0.0181  0.0177  0.0185  0.0174  0.0178  0.0173  0.0174
niter,ni,del,rscale     2    3    5.0000    0.5000
parameters
   -1.0060  -10.0611   17.5247  -10.0420  -17.3173   -5.8557
   -2.7895   -2.0383    3.0227  -17.7902    4.4135    9.0933
eta,q 0.98319 14.23125
  0.0175  0.0174  0.0172  0.0179  0.0177  0.0178  0.0174  0.0180  0.0172  0.0175  0.0172  0.0172
  0.0171  0.0171  0.0170  0.0174  0.0172  0.0173  0.0171  0.0173  0.0170  0.0171  0.0170  0.0170
  0.0169  0.0169  0.0169  0.0170  0.0169  0.0170  0.0169  0.0170  0.0169  0.0169  0.0169  0.0169
  0.0168  0.0168  0.0168  0.0168  0.0168  0.0168  0.0168  0.0168  0.0168  0.0168  0.0168  0.0168
  0.0169  0.0169  0.0169  0.0169  0.0169  0.0169  0.0169  0.0169  0.0169  0.0169  0.0169  0.0169
  0.0172  0.0171  0.0170  0.0172  0.0172  0.0171  0.0171  0.0173  0.0170  0.0171  0.0170  0.0170
  0.0175  0.0174  0.0172  0.0178  0.0177  0.0177  0.0174  0.0180  0.0172  0.0175  0.0172  0.0172
niter,ni,del,rscale     1    3    5.0000    0.4000
parameters
   -1.0113  -10.0647   17.5263   -9.9478  -17.2986   -5.7797
   -2.7994   -2.0316    3.0201  -17.7756    4.4254    9.0654
eta,q 0.98320 14.23340
  0.0173  0.0172  0.0171  0.0175  0.0174  0.0174  0.0172  0.0176  0.0171  0.0172  0.0170  0.0170
  0.0170  0.0170  0.0169  0.0172  0.0171  0.0171  0.0170  0.0172  0.0169  0.0170  0.0169  0.0169
  0.0169  0.0169  0.0168  0.0169  0.0169  0.0169  0.0168  0.0169  0.0168  0.0169  0.0168  0.0168
  0.0168  0.0168  0.0168  0.0168  0.0168  0.0168  0.0168  0.0168  0.0168  0.0168  0.0168  0.0168
  0.0169  0.0168  0.0168  0.0168  0.0169  0.0168  0.0168  0.0169  0.0168  0.0168  0.0168  0.0168
  0.0170  0.0170  0.0169  0.0170  0.0170  0.0170  0.0170  0.0171  0.0169  0.0170  0.0169  0.0169
  0.0173  0.0172  0.0171  0.0175  0.0174  0.0174  0.0172  0.0176  0.0171  0.0172  0.0170  0.0170
registration optimization eta report
parameter search radius
    0.8000    0.8000    0.8000    2.4000    2.4000    2.4000
    2.4000    2.4000    2.4000    2.4000    2.4000    2.4000
100000*second partial in parameter space
       73.       54.       39.       12.       10.       11.
        7.       13.        4.        7.        4.        4.
  0.0173  0.0172  0.0171  0.0175  0.0174  0.0174  0.0172  0.0176  0.0171  0.0172  0.0170  0.0170
  0.0170  0.0170  0.0169  0.0172  0.0171  0.0171  0.0170  0.0172  0.0169  0.0170  0.0169  0.0169
  0.0169  0.0169  0.0168  0.0169  0.0169  0.0169  0.0168  0.0169  0.0168  0.0169  0.0168  0.0168
  0.0168  0.0168  0.0168  0.0168  0.0168  0.0168  0.0168  0.0168  0.0168  0.0168  0.0168  0.0168
  0.0169  0.0168  0.0168  0.0168  0.0169  0.0168  0.0168  0.0169  0.0168  0.0168  0.0168  0.0168
  0.0170  0.0170  0.0169  0.0170  0.0170  0.0170  0.0170  0.0171  0.0169  0.0170  0.0169  0.0169
  0.0173  0.0172  0.0171  0.0175  0.0174  0.0174  0.0172  0.0176  0.0171  0.0172  0.0170  0.0170
   -1.0113  -10.0647   17.5263   -9.9478  -17.2986   -5.7797
   -2.7994   -2.0316    3.0201  -17.7756    4.4254    9.0654
eta,q 0.98320 14.23340

---------------------------------------------------------------------
compute_vox2vox talsrcimg talsrcimg_to_711-2C_as_mni_average_305_t4 /opt/freesurfer/average/711-2C_as_mni_average_305
---------------------------------------------------------------------

freesurfer compute_vox2vox.c
Reading: talsrcimg.4dfp.ifh
Reading: talsrcimg_to_711-2C_as_mni_average_305_t4
Reading: /opt/freesurfer/average/711-2C_as_mni_average_305.4dfp.ifh
Writing: talsrcimg_to_711-2C_as_mni_average_305_t4_vox2vox.txt

start time Wed Mar 11 10:10:00 CET 2026
end		time Wed Mar 11 10:11:32 CET 2026

mpr2mni305 success

avi2talxfm orig_nu.mgz /opt/freesurfer/average/mni305.cor.mgz talsrcimg_to_711-2C_as_mni_average_305_t4_vox2vox.txt transforms/talairach.auto.xfm
avi2talxfm done
mv -f /out/sourcedata/freesurfer/sub-v2s16x51234_ses-1/mri/talsrcimg_to_711-2C_as_mni_average_305_t4_vox2vox.txt /out/sourcedata/freesurfer/sub-v2s16x51234_ses-1/mri/transforms/talsrcimg_to_711-2C_as_mni_average_305_t4_vox2vox.txt
lta_convert --src orig_nu.mgz --trg /opt/freesurfer/average/mni305.cor.mgz --inxfm transforms/talairach.auto.xfm --outlta transforms/talairach.auto.xfm.lta --subject fsaverage
7.3.2

--src: orig_nu.mgz src image (geometry).
--trg: /opt/freesurfer/average/mni305.cor.mgz trg image (geometry).
--inmni: transforms/talairach.auto.xfm input MNI/XFM transform.
--outlta: transforms/talairach.auto.xfm.lta output LTA.
--s: fsaverage subject name
 LTA read, type : 1
 1.10783   0.03033   0.03417   5.49280;
-0.04716   1.03855  -0.11544  -30.94717;
-0.05059   0.22211   1.18311  -11.57058;
 0.00000   0.00000   0.00000   1.00000;
setting subject to fsaverage
Writing  LTA to file transforms/talairach.auto.xfm.lta...
lta_convert successful.
 
 
Started at Wed Mar 11 10:09:59 CET 2026
Ended   at Wed Mar 11 10:11:33 CET 2026
talairach_avi done
