status file for recon-all
Wed Mar 11 10:21:27 CET 2026
#@# MotionCor Wed Mar 11 10:21:29 CET 2026
#@# Talairach Wed Mar 11 10:21:37 CET 2026
#@# Talairach Failure Detection Wed Mar 11 10:25:58 CET 2026
#@# Nu Intensity Correction Wed Mar 11 10:25:58 CET 2026
#@# Intensity Normalization Wed Mar 11 10:29:11 CET 2026
recon-all -s sub-v2s16x51236_ses-1 finished without error at Wed Mar 11 10:30:56 CET 2026



#New# invocation of recon-all 



status file for recon-all
Wed Mar 11 10:36:53 CET 2026
#@# EM Registration Wed Mar 11 10:36:53 CET 2026
recon-all -s sub-v2s16x51236_ses-1 finished without error at Wed Mar 11 10:38:17 CET 2026



#New# invocation of recon-all 



status file for recon-all
Wed Mar 11 10:38:19 CET 2026
#@# CA Normalize Wed Mar 11 10:38:19 CET 2026
#@# CA Reg Wed Mar 11 10:39:40 CET 2026
#@# SubCort Seg Wed Mar 11 11:19:47 CET 2026
#@# CC Seg Wed Mar 11 11:45:49 CET 2026
#@# Merge ASeg Wed Mar 11 11:46:21 CET 2026
#@# Intensity Normalization2 Wed Mar 11 11:46:21 CET 2026
#@# Mask BFS Wed Mar 11 11:48:38 CET 2026
#@# WM Segmentation Wed Mar 11 11:48:39 CET 2026
#@# Fill Wed Mar 11 11:50:24 CET 2026
recon-all -s sub-v2s16x51236_ses-1 finished without error at Wed Mar 11 11:51:26 CET 2026



#New# invocation of recon-all 



status file for recon-all
Wed Mar 11 12:24:34 CET 2026
#@# white curv lh Wed Mar 11 12:24:34 CET 2026
#@# white area lh Wed Mar 11 12:24:34 CET 2026
#@# pial curv lh Wed Mar 11 12:24:34 CET 2026
#@# pial area lh Wed Mar 11 12:24:34 CET 2026
#@# thickness lh Wed Mar 11 12:24:34 CET 2026
#@# area and vertex vol lh Wed Mar 11 12:24:34 CET 2026
#@# white curv rh Wed Mar 11 12:24:34 CET 2026
#@# white area rh Wed Mar 11 12:24:34 CET 2026
#@# pial curv rh Wed Mar 11 12:24:34 CET 2026
#@# pial area rh Wed Mar 11 12:24:34 CET 2026
#@# thickness rh Wed Mar 11 12:24:34 CET 2026
#@# area and vertex vol rh Wed Mar 11 12:24:34 CET 2026
#@# Cortical ribbon mask Wed Mar 11 12:24:34 CET 2026
recon-all -s sub-v2s16x51236_ses-1 finished without error at Wed Mar 11 12:27:38 CET 2026



#New# invocation of recon-all 



status file for recon-all
Wed Mar 11 12:32:54 CET 2026
#@# white curv lh Wed Mar 11 12:32:54 CET 2026
#@# white area lh Wed Mar 11 12:32:54 CET 2026
#@# pial curv lh Wed Mar 11 12:32:54 CET 2026
#@# pial area lh Wed Mar 11 12:32:54 CET 2026
#@# thickness lh Wed Mar 11 12:32:54 CET 2026
#@# area and vertex vol lh Wed Mar 11 12:32:54 CET 2026
#@# white curv rh Wed Mar 11 12:32:54 CET 2026
#@# white area rh Wed Mar 11 12:32:54 CET 2026
#@# pial curv rh Wed Mar 11 12:32:54 CET 2026
#@# pial area rh Wed Mar 11 12:32:54 CET 2026
#@# thickness rh Wed Mar 11 12:32:54 CET 2026
#@# area and vertex vol rh Wed Mar 11 12:32:54 CET 2026
#@# Curvature Stats lh Wed Mar 11 12:32:54 CET 2026
#@# Curvature Stats rh Wed Mar 11 12:32:56 CET 2026
#@# Relabel Hypointensities Wed Mar 11 12:32:58 CET 2026
#@# APas-to-ASeg Wed Mar 11 12:33:12 CET 2026
#@# AParc-to-ASeg aparc Wed Mar 11 12:33:18 CET 2026
#@# AParc-to-ASeg aparc.a2009s Wed Mar 11 12:33:54 CET 2026
#@# AParc-to-ASeg aparc.DKTatlas Wed Mar 11 12:34:29 CET 2026
#@# WMParc Wed Mar 11 12:35:02 CET 2026
#@# ASeg Stats Wed Mar 11 12:38:31 CET 2026
recon-all -s sub-v2s16x51236_ses-1 finished without error at Wed Mar 11 12:39:01 CET 2026
