status file for recon-all
Wed Mar 11 11:51:30 CET 2026
#@# Tessellate lh Wed Mar 11 11:51:30 CET 2026
#@# Smooth1 lh Wed Mar 11 11:51:33 CET 2026
#@# Inflation1 lh Wed Mar 11 11:51:35 CET 2026
#@# QSphere lh Wed Mar 11 11:51:43 CET 2026
#@# Fix Topology lh Wed Mar 11 11:52:32 CET 2026
#@# Smooth2 lh Wed Mar 11 11:56:56 CET 2026
#@# Inflation2 lh Wed Mar 11 11:56:59 CET 2026
#@# Curv .H and .K lh Wed Mar 11 11:57:08 CET 2026
#@# Sphere lh Wed Mar 11 11:57:49 CET 2026
#@# Surf Reg lh Wed Mar 11 12:00:05 CET 2026
#@# Jacobian white lh Wed Mar 11 12:02:49 CET 2026
#@# AvgCurv lh Wed Mar 11 12:02:50 CET 2026
#@# Cortical Parc lh Wed Mar 11 12:02:50 CET 2026
#@# white curv lh Wed Mar 11 12:07:41 CET 2026
#@# white area lh Wed Mar 11 12:07:42 CET 2026
#@# pial curv lh Wed Mar 11 12:07:42 CET 2026
#@# pial area lh Wed Mar 11 12:07:44 CET 2026
#@# thickness lh Wed Mar 11 12:07:44 CET 2026
#@# area and vertex vol lh Wed Mar 11 12:08:09 CET 2026
#@# Curvature Stats lh Wed Mar 11 12:08:11 CET 2026
#@# Cortical Parc 2 lh Wed Mar 11 12:08:12 CET 2026
#@# Cortical Parc 3 lh Wed Mar 11 12:08:23 CET 2026
#@# WM/GM Contrast lh Wed Mar 11 12:08:32 CET 2026
recon-all -s sub-v2s16x51236_ses-1 finished without error at Wed Mar 11 12:08:34 CET 2026



#New# invocation of recon-all 



status file for recon-all
Wed Mar 11 12:27:42 CET 2026
#@# white curv lh Wed Mar 11 12:27:42 CET 2026
#@# white area lh Wed Mar 11 12:27:42 CET 2026
#@# pial curv lh Wed Mar 11 12:27:42 CET 2026
#@# pial area lh Wed Mar 11 12:27:42 CET 2026
#@# thickness lh Wed Mar 11 12:27:42 CET 2026
#@# area and vertex vol lh Wed Mar 11 12:27:42 CET 2026
#@# Parcellation Stats lh Wed Mar 11 12:27:42 CET 2026
#@# Parcellation Stats 2 lh Wed Mar 11 12:27:56 CET 2026
#@# Parcellation Stats 3 lh Wed Mar 11 12:28:04 CET 2026
#@# BA_exvivo Labels lh Wed Mar 11 12:28:11 CET 2026
recon-all -s sub-v2s16x51236_ses-1 finished without error at Wed Mar 11 12:30:16 CET 2026
