status file for recon-all
Wed Mar 11 12:47:21 CET 2026
#@# Tessellate lh Wed Mar 11 12:47:21 CET 2026
#@# Smooth1 lh Wed Mar 11 12:47:25 CET 2026
#@# Inflation1 lh Wed Mar 11 12:47:27 CET 2026
#@# QSphere lh Wed Mar 11 12:47:39 CET 2026
#@# Fix Topology lh Wed Mar 11 12:49:00 CET 2026
#@# Smooth2 lh Wed Mar 11 12:54:04 CET 2026
#@# Inflation2 lh Wed Mar 11 12:54:07 CET 2026
#@# Curv .H and .K lh Wed Mar 11 12:54:19 CET 2026
#@# Sphere lh Wed Mar 11 12:55:01 CET 2026
#@# Surf Reg lh Wed Mar 11 12:58:07 CET 2026
#@# Jacobian white lh Wed Mar 11 13:01:46 CET 2026
#@# AvgCurv lh Wed Mar 11 13:01:47 CET 2026
#@# Cortical Parc lh Wed Mar 11 13:01:48 CET 2026
#@# white curv lh Wed Mar 11 13:07:44 CET 2026
#@# white area lh Wed Mar 11 13:07:45 CET 2026
#@# pial curv lh Wed Mar 11 13:07:46 CET 2026
#@# pial area lh Wed Mar 11 13:07:48 CET 2026
#@# thickness lh Wed Mar 11 13:07:48 CET 2026
#@# area and vertex vol lh Wed Mar 11 13:08:14 CET 2026
#@# Curvature Stats lh Wed Mar 11 13:08:15 CET 2026
#@# Cortical Parc 2 lh Wed Mar 11 13:08:17 CET 2026
#@# Cortical Parc 3 lh Wed Mar 11 13:08:30 CET 2026
#@# WM/GM Contrast lh Wed Mar 11 13:08:39 CET 2026
recon-all -s sub-v2s16x51274_ses-1 finished without error at Wed Mar 11 13:08:42 CET 2026



#New# invocation of recon-all 



status file for recon-all
Wed Mar 11 13:34:32 CET 2026
#@# white curv lh Wed Mar 11 13:34:32 CET 2026
#@# white area lh Wed Mar 11 13:34:32 CET 2026
#@# pial curv lh Wed Mar 11 13:34:32 CET 2026
#@# pial area lh Wed Mar 11 13:34:32 CET 2026
#@# thickness lh Wed Mar 11 13:34:32 CET 2026
#@# area and vertex vol lh Wed Mar 11 13:34:32 CET 2026
#@# Parcellation Stats lh Wed Mar 11 13:34:32 CET 2026
#@# Parcellation Stats 2 lh Wed Mar 11 13:34:48 CET 2026
#@# Parcellation Stats 3 lh Wed Mar 11 13:34:55 CET 2026
#@# BA_exvivo Labels lh Wed Mar 11 13:35:03 CET 2026
recon-all -s sub-v2s16x51274_ses-1 finished without error at Wed Mar 11 13:37:23 CET 2026
