status file for recon-all
Wed Mar 11 13:08:44 CET 2026
#@# Tessellate rh Wed Mar 11 13:08:44 CET 2026
#@# Smooth1 rh Wed Mar 11 13:08:48 CET 2026
#@# Inflation1 rh Wed Mar 11 13:08:50 CET 2026
#@# QSphere rh Wed Mar 11 13:09:02 CET 2026
#@# Fix Topology rh Wed Mar 11 13:10:06 CET 2026
#@# Smooth2 rh Wed Mar 11 13:15:15 CET 2026
#@# Inflation2 rh Wed Mar 11 13:15:18 CET 2026
#@# Curv .H and .K rh Wed Mar 11 13:15:31 CET 2026
#@# Sphere rh Wed Mar 11 13:16:13 CET 2026
#@# Surf Reg rh Wed Mar 11 13:19:14 CET 2026
#@# Jacobian white rh Wed Mar 11 13:22:39 CET 2026
#@# AvgCurv rh Wed Mar 11 13:22:40 CET 2026
#@# Cortical Parc rh Wed Mar 11 13:22:41 CET 2026
#@# white curv rh Wed Mar 11 13:28:50 CET 2026
#@# white area rh Wed Mar 11 13:28:52 CET 2026
#@# pial curv rh Wed Mar 11 13:28:53 CET 2026
#@# pial area rh Wed Mar 11 13:28:55 CET 2026
#@# thickness rh Wed Mar 11 13:28:55 CET 2026
#@# area and vertex vol rh Wed Mar 11 13:29:21 CET 2026
#@# Curvature Stats rh Wed Mar 11 13:29:23 CET 2026
#@# Cortical Parc 2 rh Wed Mar 11 13:29:25 CET 2026
#@# Cortical Parc 3 rh Wed Mar 11 13:29:37 CET 2026
#@# WM/GM Contrast rh Wed Mar 11 13:29:46 CET 2026
recon-all -s sub-v2s16x51274_ses-1 finished without error at Wed Mar 11 13:29:49 CET 2026



#New# invocation of recon-all 



status file for recon-all
Wed Mar 11 13:37:24 CET 2026
#@# white curv rh Wed Mar 11 13:37:24 CET 2026
#@# white area rh Wed Mar 11 13:37:24 CET 2026
#@# pial curv rh Wed Mar 11 13:37:24 CET 2026
#@# pial area rh Wed Mar 11 13:37:24 CET 2026
#@# thickness rh Wed Mar 11 13:37:24 CET 2026
#@# area and vertex vol rh Wed Mar 11 13:37:24 CET 2026
#@# Parcellation Stats rh Wed Mar 11 13:37:24 CET 2026
#@# Parcellation Stats 2 rh Wed Mar 11 13:37:40 CET 2026
#@# Parcellation Stats 3 rh Wed Mar 11 13:37:48 CET 2026
#@# BA_exvivo Labels rh Wed Mar 11 13:37:56 CET 2026
recon-all -s sub-v2s16x51274_ses-1 finished without error at Wed Mar 11 13:40:15 CET 2026
