status file for recon-all
Wed Mar 11 11:06:03 CET 2026
#@# MotionCor Wed Mar 11 11:06:06 CET 2026
#@# Talairach Wed Mar 11 11:06:13 CET 2026
#@# Talairach Failure Detection Wed Mar 11 11:10:37 CET 2026
#@# Nu Intensity Correction Wed Mar 11 11:10:37 CET 2026
#@# Intensity Normalization Wed Mar 11 11:13:53 CET 2026
recon-all -s sub-v2s16x51274_ses-1 finished without error at Wed Mar 11 11:15:18 CET 2026



#New# invocation of recon-all 



status file for recon-all
Wed Mar 11 11:21:46 CET 2026
#@# EM Registration Wed Mar 11 11:21:46 CET 2026
recon-all -s sub-v2s16x51274_ses-1 finished without error at Wed Mar 11 11:23:45 CET 2026



#New# invocation of recon-all 



status file for recon-all
Wed Mar 11 11:23:48 CET 2026
#@# CA Normalize Wed Mar 11 11:23:48 CET 2026
#@# CA Reg Wed Mar 11 11:25:08 CET 2026
#@# SubCort Seg Wed Mar 11 12:14:56 CET 2026
#@# CC Seg Wed Mar 11 12:41:29 CET 2026
#@# Merge ASeg Wed Mar 11 12:42:11 CET 2026
#@# Intensity Normalization2 Wed Mar 11 12:42:11 CET 2026
#@# Mask BFS Wed Mar 11 12:44:26 CET 2026
#@# WM Segmentation Wed Mar 11 12:44:27 CET 2026
#@# Fill Wed Mar 11 12:46:15 CET 2026
recon-all -s sub-v2s16x51274_ses-1 finished without error at Wed Mar 11 12:47:15 CET 2026



#New# invocation of recon-all 



status file for recon-all
Wed Mar 11 13:29:56 CET 2026
#@# white curv lh Wed Mar 11 13:29:56 CET 2026
#@# white area lh Wed Mar 11 13:29:56 CET 2026
#@# pial curv lh Wed Mar 11 13:29:56 CET 2026
#@# pial area lh Wed Mar 11 13:29:56 CET 2026
#@# thickness lh Wed Mar 11 13:29:56 CET 2026
#@# area and vertex vol lh Wed Mar 11 13:29:56 CET 2026
#@# white curv rh Wed Mar 11 13:29:56 CET 2026
#@# white area rh Wed Mar 11 13:29:56 CET 2026
#@# pial curv rh Wed Mar 11 13:29:56 CET 2026
#@# pial area rh Wed Mar 11 13:29:56 CET 2026
#@# thickness rh Wed Mar 11 13:29:56 CET 2026
#@# area and vertex vol rh Wed Mar 11 13:29:56 CET 2026
#@# Cortical ribbon mask Wed Mar 11 13:29:56 CET 2026
recon-all -s sub-v2s16x51274_ses-1 finished without error at Wed Mar 11 13:34:28 CET 2026



#New# invocation of recon-all 



status file for recon-all
Wed Mar 11 13:40:20 CET 2026
#@# white curv lh Wed Mar 11 13:40:20 CET 2026
#@# white area lh Wed Mar 11 13:40:20 CET 2026
#@# pial curv lh Wed Mar 11 13:40:20 CET 2026
#@# pial area lh Wed Mar 11 13:40:20 CET 2026
#@# thickness lh Wed Mar 11 13:40:20 CET 2026
#@# area and vertex vol lh Wed Mar 11 13:40:20 CET 2026
#@# white curv rh Wed Mar 11 13:40:20 CET 2026
#@# white area rh Wed Mar 11 13:40:20 CET 2026
#@# pial curv rh Wed Mar 11 13:40:20 CET 2026
#@# pial area rh Wed Mar 11 13:40:20 CET 2026
#@# thickness rh Wed Mar 11 13:40:20 CET 2026
#@# area and vertex vol rh Wed Mar 11 13:40:20 CET 2026
#@# Curvature Stats lh Wed Mar 11 13:40:20 CET 2026
#@# Curvature Stats rh Wed Mar 11 13:40:23 CET 2026
#@# Relabel Hypointensities Wed Mar 11 13:40:25 CET 2026
#@# APas-to-ASeg Wed Mar 11 13:40:39 CET 2026
#@# AParc-to-ASeg aparc Wed Mar 11 13:40:46 CET 2026
#@# AParc-to-ASeg aparc.a2009s Wed Mar 11 13:41:16 CET 2026
#@# AParc-to-ASeg aparc.DKTatlas Wed Mar 11 13:41:46 CET 2026
#@# WMParc Wed Mar 11 13:42:17 CET 2026
#@# ASeg Stats Wed Mar 11 13:46:21 CET 2026
recon-all -s sub-v2s16x51274_ses-1 finished without error at Wed Mar 11 13:47:00 CET 2026
