/out/sourcedata/freesurfer/sub-v2s16x51244_ses-1/mri
/opt/freesurfer/bin/talairach_avi
--i orig_nu.mgz --xfm transforms/talairach.auto.xfm
talairach_avi 7.3.2
Linux dna045 5.14.0-427.37.1.el9_4.x86_64 #1 SMP PREEMPT_DYNAMIC Fri Sep 13 12:41:50 EDT 2024 x86_64 x86_64 x86_64 GNU/Linux
Wed Mar 11 10:41:30 CET 2026
mri_convert orig_nu.mgz talsrcimg.img 
reading from orig_nu.mgz...
TR=0.00, TE=0.00, TI=0.00, flip angle=0.00
i_ras = (-1, 0, 4.65661e-10)
j_ras = (0, 0, -1)
k_ras = (0, 1, 0)
writing to talsrcimg.img...
Analyze Output Matrix
-1.00000   0.00000   0.00000   123.66065;
 0.00000   0.00000   1.00000  -106.09248;
 0.00000  -1.00000   0.00000   134.60461;
 0.00000   0.00000   0.00000   1.00000;
--------------------
INFO: set hdr.hist.orient to -1
mpr2mni305 talsrcimg
Wed Mar 11 10:41:31 CET 2026
/opt/freesurfer/bin/mpr2mni305 talsrcimg
mpr2mni305 7.3.2
target=711-2C_as_mni_average_305

---------------------------------------------------------------------
analyzeto4dfp talsrcimg -O0 -y
---------------------------------------------------------------------

freesurfer ifh2hdr.c
Wed Mar 11 10:41:31 2026
Writing: talsrcimg.4dfp.hdr
freesurfer analyzeto4dfp.c
Reading: talsrcimg.hdr
header size 348 bytes
hdr.dime.datatype	offset=70	value=2
hdr.dime.bitpix		offset=72	value=8
hdr.hist.orient		offset=252	value=-1
dimensionality     4
dimensions       256       256       256         1
Reading: talsrcimg.img
Writing: talsrcimg.4dfp.img
Writing: talsrcimg.4dfp.ifh
ifh2hdr talsrcimg -r0to204
ori=2

---------------------------------------------------------------------
gauss_4dfp talsrcimg 1.1
---------------------------------------------------------------------

freesurfer gauss_4dfp.c
Reading: talsrcimg.4dfp.img
Writing: talsrcimg_g11.4dfp.img
image dimensions 256 256 256 padded to 288 288 288
processing volume 1freesurfer ifh2hdr.c
Wed Mar 11 10:41:33 2026
Writing: talsrcimg_g11.4dfp.hdr

Writing: talsrcimg_g11.4dfp.ifh
including: talsrcimg.4dfp.img.rec in talsrcimg_g11.4dfp.img.rec

---------------------------------------------------------------------
imgreg_4dfp /opt/freesurfer/average/711-2C_as_mni_average_305 none talsrcimg_g11 none talsrcimg_to_711-2C_as_mni_average_305_t4 4355
---------------------------------------------------------------------

freesurfer imgreg_4dfp.c
/opt/freesurfer/average/711-2C_as_mni_average_305.4dfp.img
       256       256       256         1
  1.000000  1.000000  1.000000
orientation T byte_order littleendian
Reading image: /opt/freesurfer/average/711-2C_as_mni_average_305.4dfp.img
dimensions:      256       256       256
mmppix:       1.0000   -1.0000   -1.0000
center:     128.0000 -129.0000 -129.0000
talsrcimg_g11.4dfp.img
       256       256       256         1
  1.000000  1.000000  1.000000
orientation T byte_order littleendian
Reading image: talsrcimg_g11.4dfp.img
dimensions:      256       256       256
mmppix:       1.0000   -1.0000   -1.0000
center:     128.0000 -129.0000 -129.0000
t4_read: open error in t4_sub.f l:  41 t4_file(1:l)talsrcimg_to_711-2C_as_mni_average_305_t4 
t4_read: transform initialized to I4
rotation matrix determinant  1.000000
image alignment mode   4355 decimal     1103 hex
   -7.5000  -45.0000  -45.0000 8923.6338   15.7074
    0.0000  -45.0000  -45.0000 9349.2051   15.6791
    7.5000  -45.0000  -45.0000 8873.8086   15.6406
   -7.5000  -37.5000  -45.0000 9406.9219   15.6873
    0.0000  -37.5000  -45.0000 9855.8057   15.6547
    7.5000  -37.5000  -45.0000 9359.1777   15.6291
   -7.5000  -30.0000  -45.000010238.0869   15.6681
    0.0000  -30.0000  -45.000010741.5029   15.6373
    7.5000  -30.0000  -45.000010208.8496   15.6209
   -7.5000  -22.5000  -45.000011058.4102   15.6502
    0.0000  -22.5000  -45.000011596.1592   15.6267
    7.5000  -22.5000  -45.000011032.6143   15.6048
   -7.5000  -15.0000  -45.000011793.4355   15.6397
    0.0000  -15.0000  -45.000012372.3047   15.6220
    7.5000  -15.0000  -45.000011730.5439   15.5864
   -7.5000   -7.5000  -45.000012384.6670   15.6360
    0.0000   -7.5000  -45.000012968.4932   15.6159
    7.5000   -7.5000  -45.000012262.1670   15.5734
   -7.5000    0.0000  -45.000012758.0430   15.6419
    0.0000    0.0000  -45.000013350.8164   15.6146
    7.5000    0.0000  -45.000012597.8555   15.5767
   -7.5000    7.5000  -45.000012142.7041   15.6532
    0.0000    7.5000  -45.000012724.0977   15.6211
    7.5000    7.5000  -45.000012010.4854   15.5959
   -7.5000   15.0000  -45.000011480.9473   15.6569
    0.0000   15.0000  -45.000012028.1846   15.6263
    7.5000   15.0000  -45.000011363.7080   15.6101
   -7.5000   22.5000  -45.000010715.5020   15.6472
    0.0000   22.5000  -45.000011237.6533   15.6238
    7.5000   22.5000  -45.000010625.8389   15.6019
   -7.5000   30.0000  -45.0000 9854.4473   15.4313
    0.0000   30.0000  -45.000010347.0703   15.4138
    7.5000   30.0000  -45.0000 9800.9180   15.3787
   -7.5000   37.5000  -45.0000 9345.0166   15.4652
    0.0000   37.5000  -45.0000 9792.7646   15.4453
    7.5000   37.5000  -45.0000 9287.1748   15.4033
   -7.5000   45.0000  -45.0000 8576.7383   15.2308
    0.0000   45.0000  -45.0000 8998.3545   15.2042
    7.5000   45.0000  -45.0000 8533.9932   15.1676
   -7.5000  -45.0000  -37.5000 9336.8682   15.7233
    0.0000  -45.0000  -37.5000 9751.0889   15.6878
    7.5000  -45.0000  -37.5000 9251.4600   15.6442
   -7.5000  -37.5000  -37.5000 9847.5605   15.7089
    0.0000  -37.5000  -37.500010282.4629   15.6685
    7.5000  -37.5000  -37.5000 9782.8613   15.6359
   -7.5000  -30.0000  -37.500010704.4834   15.6961
    0.0000  -30.0000  -37.500011195.4932   15.6567
    7.5000  -30.0000  -37.500010667.0605   15.6320
   -7.5000  -22.5000  -37.500011559.6553   15.6781
    0.0000  -22.5000  -37.500012094.4482   15.6454
    7.5000  -22.5000  -37.500011505.4062   15.6164
   -7.5000  -15.0000  -37.500012333.1602   15.6614
    0.0000  -15.0000  -37.500012910.8223   15.6341
    7.5000  -15.0000  -37.500012239.9551   15.5933
   -7.5000   -7.5000  -37.500012925.9570   15.6520
    0.0000   -7.5000  -37.500013511.5156   15.6234
    7.5000   -7.5000  -37.500012783.7021   15.5764
   -7.5000    0.0000  -37.500013310.8936   15.6579
    0.0000    0.0000  -37.500013927.3379   15.6234
    7.5000    0.0000  -37.500013157.7842   15.5805
   -7.5000    7.5000  -37.500012709.2607   15.6749
    0.0000    7.5000  -37.500013305.6045   15.6352
    7.5000    7.5000  -37.500012579.8242   15.6030
   -7.5000   15.0000  -37.500012009.2969   15.6848
    0.0000   15.0000  -37.500012563.6729   15.6457
    7.5000   15.0000  -37.500011895.5469   15.6211
   -7.5000   22.5000  -37.500011207.9658   15.6751
    0.0000   22.5000  -37.500011731.6240   15.6424
    7.5000   22.5000  -37.500011144.3057   15.6134
   -7.5000   30.0000  -37.500010316.2070   15.4527
    0.0000   30.0000  -37.500010786.7344   15.4258
    7.5000   30.0000  -37.500010265.0918   15.3855
   -7.5000   37.5000  -37.5000 9768.1865   15.4809
    0.0000   37.5000  -37.500010210.1006   15.4526
    7.5000   37.5000  -37.5000 9716.4473   15.4061
   -7.5000   45.0000  -37.5000 8939.7324   15.2456
    0.0000   45.0000  -37.5000 9352.1279   15.2117
    7.5000   45.0000  -37.5000 8907.5332   15.1699
   -7.5000  -45.0000  -30.0000 9881.2734   16.4166
    0.0000  -45.0000  -30.000010312.0645   16.3795
    7.5000  -45.0000  -30.0000 9800.3369   16.3314
   -7.5000  -37.5000  -30.000010439.9746   16.4000
    0.0000  -37.5000  -30.000010878.6680   16.3588
    7.5000  -37.5000  -30.000010368.4512   16.3216
   -7.5000  -30.0000  -30.000011354.9922   16.3867
    0.0000  -30.0000  -30.000011829.7764   16.3445
    7.5000  -30.0000  -30.000011296.6523   16.3142
   -7.5000  -22.5000  -30.000012245.2344   16.3699
    0.0000  -22.5000  -30.000012783.8857   16.3314
    7.5000  -22.5000  -30.000012176.8135   16.2962
   -7.5000  -15.0000  -30.000013045.3496   16.3538
    0.0000  -15.0000  -30.000013641.4746   16.3189
    7.5000  -15.0000  -30.000012924.1992   16.2722
   -7.5000   -7.5000  -30.000013650.5889   16.3434
    0.0000   -7.5000  -30.000014287.0352   16.3096
    7.5000   -7.5000  -30.000013524.8682   16.2573
   -7.5000    0.0000  -30.000014074.9463   16.3485
    0.0000    0.0000  -30.000014761.0088   16.3124
    7.5000    0.0000  -30.000013961.1914   16.2650
   -7.5000    7.5000  -30.000013468.5664   16.3650
    0.0000    7.5000  -30.000014115.6279   16.3245
    7.5000    7.5000  -30.000013383.0059   16.2876
   -7.5000   15.0000  -30.000012713.3467   16.3751
    0.0000   15.0000  -30.000013315.3105   16.3332
    7.5000   15.0000  -30.000012642.3867   16.3030
   -7.5000   22.5000  -30.000011879.7676   16.3650
    0.0000   22.5000  -30.000012412.0879   16.3265
    7.5000   22.5000  -30.000011819.2344   16.2914
   -7.5000   30.0000  -30.000010952.1592   16.1375
    0.0000   30.0000  -30.000011426.8818   16.1030
    7.5000   30.0000  -30.000010902.1660   16.0569
   -7.5000   37.5000  -30.000010374.5654   16.1660
    0.0000   37.5000  -30.000010827.7305   16.1326
    7.5000   37.5000  -30.000010326.2100   16.0808
   -7.5000   45.0000  -30.0000 9471.0361   15.9296
    0.0000   45.0000  -30.0000 9889.4805   15.8940
    7.5000   45.0000  -30.0000 9440.2178   15.8477
   -7.5000  -45.0000  -22.500010425.7637   16.9936
    0.0000  -45.0000  -22.500010872.8691   16.9636
    7.5000  -45.0000  -22.500010364.5605   16.9169
   -7.5000  -37.5000  -22.500010979.8984   16.9684
    0.0000  -37.5000  -22.500011472.3955   16.9357
    7.5000  -37.5000  -22.500010938.6709   16.9018
   -7.5000  -30.0000  -22.500011981.7168   16.9465
    0.0000  -30.0000  -22.500012530.1279   16.9117
    7.5000  -30.0000  -22.500011960.1572   16.8847
   -7.5000  -22.5000  -22.500012939.5010   16.9307
    0.0000  -22.5000  -22.500013584.8535   16.8967
    7.5000  -22.5000  -22.500012923.5762   16.8629
   -7.5000  -15.0000  -22.500013743.9795   16.9226
    0.0000  -15.0000  -22.500014435.9199   16.8906
    7.5000  -15.0000  -22.500013697.4502   16.8434
   -7.5000   -7.5000  -22.500014372.0059   16.9184
    0.0000   -7.5000  -22.500015095.9707   16.8888
    7.5000   -7.5000  -22.500014305.2148   16.8361
   -7.5000    0.0000  -22.500014871.0762   16.9232
    0.0000    0.0000  -22.500015654.6699   16.8939
    7.5000    0.0000  -22.500014836.2148   16.8479
   -7.5000    7.5000  -22.500014224.3184   16.9323
    0.0000    7.5000  -22.500014977.8926   16.9002
    7.5000    7.5000  -22.500014225.8438   16.8666
   -7.5000   15.0000  -22.500013415.0381   16.9348
    0.0000   15.0000  -22.500014112.1943   16.9002
    7.5000   15.0000  -22.500013422.8496   16.8734
   -7.5000   22.5000  -22.500012566.4697   16.9245
    0.0000   22.5000  -22.500013143.9980   16.8905
    7.5000   22.5000  -22.500012516.8848   16.8568
   -7.5000   30.0000  -22.500011597.2891   16.7013
    0.0000   30.0000  -22.500012116.9668   16.6697
    7.5000   30.0000  -22.500011545.0713   16.6231
   -7.5000   37.5000  -22.500010989.4951   16.7374
    0.0000   37.5000  -22.500011504.1865   16.7082
    7.5000   37.5000  -22.500010951.4355   16.6561
   -7.5000   45.0000  -22.500010035.8838   16.5027
    0.0000   45.0000  -22.500010512.7158   16.4743
    7.5000   45.0000  -22.500010006.2412   16.4295
   -7.5000  -45.0000  -15.000010889.5029   17.3859
    0.0000  -45.0000  -15.000011347.1416   17.3633
    7.5000  -45.0000  -15.000010842.6982   17.3208
   -7.5000  -37.5000  -15.000011462.5439   17.3540
    0.0000  -37.5000  -15.000011986.4150   17.3291
    7.5000  -37.5000  -15.000011451.1787   17.3017
   -7.5000  -30.0000  -15.000012542.1406   17.3237
    0.0000  -30.0000  -15.000013146.3633   17.2973
    7.5000  -30.0000  -15.000012541.8115   17.2781
   -7.5000  -22.5000  -15.000013635.1582   17.3074
    0.0000  -22.5000  -15.000014373.0752   17.2818
    7.5000  -22.5000  -15.000013648.5303   17.2543
   -7.5000  -15.0000  -15.000014486.1406   17.3060
    0.0000  -15.0000  -15.000015287.8760   17.2828
    7.5000  -15.0000  -15.000014525.3301   17.2395
   -7.5000   -7.5000  -15.000015135.1338   17.3084
    0.0000   -7.5000  -15.000015953.3887   17.2869
    7.5000   -7.5000  -15.000015177.2412   17.2373
   -7.5000    0.0000  -15.000015697.2041   17.3138
    0.0000    0.0000  -15.000016578.1094   17.2918
    7.5000    0.0000  -15.000015753.7324   17.2500
   -7.5000    7.5000  -15.000015013.9639   17.3168
    0.0000    7.5000  -15.000015899.2773   17.2924
    7.5000    7.5000  -15.000015083.7324   17.2653
   -7.5000   15.0000  -15.000014191.1357   17.3119
    0.0000   15.0000  -15.000015005.6260   17.2857
    7.5000   15.0000  -15.000014215.1006   17.2667
   -7.5000   22.5000  -15.000013276.6035   17.3003
    0.0000   22.5000  -15.000013971.1934   17.2748
    7.5000   22.5000  -15.000013230.9844   17.2474
   -7.5000   30.0000  -15.000012287.0547   17.0820
    0.0000   30.0000  -15.000012904.0156   17.0591
    7.5000   30.0000  -15.000012204.9473   17.0164
   -7.5000   37.5000  -15.000011650.7314   17.1260
    0.0000   37.5000  -15.000012271.3604   17.1048
    7.5000   37.5000  -15.000011593.9434   17.0557
   -7.5000   45.0000  -15.000010620.7207   16.8947
    0.0000   45.0000  -15.000011204.7324   16.8739
    7.5000   45.0000  -15.000010586.2002   16.8336
   -7.5000  -45.0000   -7.500011283.1055   17.5583
    0.0000  -45.0000   -7.500011792.2178   17.5347
    7.5000  -45.0000   -7.500011270.2676   17.4942
   -7.5000  -37.5000   -7.500011921.1289   17.5278
    0.0000  -37.5000   -7.500012451.3252   17.5009
    7.5000  -37.5000   -7.500011926.7754   17.4761
   -7.5000  -30.0000   -7.500013071.8018   17.4981
    0.0000  -30.0000   -7.500013710.7373   17.4718
    7.5000  -30.0000   -7.500013105.2910   17.4570
   -7.5000  -22.5000   -7.500014378.6543   17.4799
    0.0000  -22.5000   -7.500015236.9902   17.4583
    7.5000  -22.5000   -7.500014402.8330   17.4357
   -7.5000  -15.0000   -7.500015524.7393   17.4767
    0.0000  -15.0000   -7.500016565.8984   17.4596
    7.5000  -15.0000   -7.500015618.6641   17.4205
   -7.5000   -7.5000   -7.500016250.0625   17.4790
    0.0000   -7.5000   -7.500017331.7383   17.4610
    7.5000   -7.5000   -7.500016357.4238   17.4144
   -7.5000    0.0000   -7.500016785.6055   17.4852
    0.0000    0.0000   -7.500017859.2598   17.4625
    7.5000    0.0000   -7.500016810.7930   17.4226
   -7.5000    7.5000   -7.500016006.7930   17.4898
    0.0000    7.5000   -7.500017021.9023   17.4634
    7.5000    7.5000   -7.500015940.7500   17.4390
   -7.5000   15.0000   -7.500015084.3193   17.4859
    0.0000   15.0000   -7.500016008.7090   17.4599
    7.5000   15.0000   -7.500014932.1064   17.4452
   -7.5000   22.5000   -7.500014047.1855   17.4709
    0.0000   22.5000   -7.500014892.0635   17.4493
    7.5000   22.5000   -7.500013886.1514   17.4268
   -7.5000   30.0000   -7.500012987.3701   17.2501
    0.0000   30.0000   -7.500013742.6895   17.2332
    7.5000   30.0000   -7.500012823.6367   17.1946
   -7.5000   37.5000   -7.500012331.0195   17.2944
    0.0000   37.5000   -7.500013078.8877   17.2767
    7.5000   37.5000   -7.500012235.5488   17.2306
   -7.5000   45.0000   -7.500011234.5371   17.0652
    0.0000   45.0000   -7.500011908.0752   17.0436
    7.5000   45.0000   -7.500011171.1084   17.0051
   -7.5000  -45.0000    0.000011605.2344   17.5759
    0.0000  -45.0000    0.000012169.4805   17.5443
    7.5000  -45.0000    0.000011623.9551   17.5011
   -7.5000  -37.5000    0.000012270.7910   17.5534
    0.0000  -37.5000    0.000012851.4688   17.5167
    7.5000  -37.5000    0.000012287.0488   17.4881
   -7.5000  -30.0000    0.000013537.2939   17.5315
    0.0000  -30.0000    0.000014202.9551   17.4970
    7.5000  -30.0000    0.000013544.8730   17.4785
   -7.5000  -22.5000    0.000015072.4141   17.5114
    0.0000  -22.5000    0.000016146.7480   17.4850
    7.5000  -22.5000    0.000015061.1992   17.4604
   -7.5000  -15.0000    0.000016560.9258   17.4998
    0.0000  -15.0000    0.000018148.1660   17.4798
    7.5000  -15.0000    0.000016584.0918   17.4400
   -7.5000   -7.5000    0.000017455.4121   17.4959
    0.0000   -7.5000    0.000019044.8535   17.4734
    7.5000   -7.5000    0.000017373.7441   17.4258
   -7.5000    0.0000    0.000017794.8164   17.5027
    0.0000    0.0000    0.000019120.6055   17.4721
    7.5000    0.0000    0.000017552.1328   17.4297
   -7.5000    7.5000    0.000016789.2207   17.5151
    0.0000    7.5000    0.000017889.8125   17.4792
    7.5000    7.5000    0.000016462.4238   17.4509
   -7.5000   15.0000    0.000015699.6953   17.5189
    0.0000   15.0000    0.000016713.7285   17.4847
    7.5000   15.0000    0.000015407.5449   17.4665
   -7.5000   22.5000    0.000014544.5020   17.5024
    0.0000   22.5000    0.000015502.4922   17.4761
    7.5000   22.5000    0.000014358.1611   17.4515
   -7.5000   30.0000    0.000013423.9521   17.2733
    0.0000   30.0000    0.000014279.6777   17.2537
    7.5000   30.0000    0.000013298.3799   17.2144
   -7.5000   37.5000    0.000012756.8135   17.3115
    0.0000   37.5000    0.000013580.9834   17.2893
    7.5000   37.5000    0.000012701.3398   17.2422
   -7.5000   45.0000    0.000011614.6250   17.0828
    0.0000   45.0000    0.000012373.1475   17.0530
    7.5000   45.0000    0.000011600.0078   17.0118
   -7.5000  -45.0000    7.500011043.2891   17.5948
    0.0000  -45.0000    7.500011617.8877   17.5551
    7.5000  -45.0000    7.500011026.3291   17.5062
   -7.5000  -37.5000    7.500011769.7314   17.5786
    0.0000  -37.5000    7.500012376.0889   17.5334
    7.5000  -37.5000    7.500011724.3018   17.4970
   -7.5000  -30.0000    7.500013064.8027   17.5644
    0.0000  -30.0000    7.500013779.1338   17.5202
    7.5000  -30.0000    7.500012954.5088   17.4926
   -7.5000  -22.5000    7.500014483.4277   17.5442
    0.0000  -22.5000    7.500015645.8145   17.5076
    7.5000  -22.5000    7.500014402.9023   17.4751
   -7.5000  -15.0000    7.500015748.0273   17.5255
    0.0000  -15.0000    7.500017357.4883   17.4950
    7.5000  -15.0000    7.500015710.7207   17.4493
   -7.5000   -7.5000    7.500016505.5957   17.5150
    0.0000   -7.5000    7.500017973.7910   17.4830
    7.5000   -7.5000    7.500016327.5283   17.4304
   -7.5000    0.0000    7.500016843.7812   17.5216
    0.0000    0.0000    7.500018072.2285   17.4830
    7.5000    0.0000    7.500016555.8359   17.4350
   -7.5000    7.5000    7.500015904.2422   17.5407
    0.0000    7.5000    7.500017038.3203   17.4962
    7.5000    7.5000    7.500015663.0078   17.4602
   -7.5000   15.0000    7.500014885.6348   17.5517
    0.0000   15.0000    7.500015977.1387   17.5079
    7.5000   15.0000    7.500014749.3213   17.4805
   -7.5000   22.5000    7.500013812.0352   17.5351
    0.0000   22.5000    7.500014784.4033   17.4986
    7.5000   22.5000    7.500013743.4727   17.4662
   -7.5000   30.0000    7.500012727.3721   17.2987
    0.0000   30.0000    7.500013581.7676   17.2686
    7.5000   30.0000    7.500012723.3936   17.2235
   -7.5000   37.5000    7.500012120.7041   17.3302
    0.0000   37.5000    7.500012901.9453   17.2986
    7.5000   37.5000    7.500012152.9707   17.2465
   -7.5000   45.0000    7.500011049.4092   17.1004
    0.0000   45.0000    7.500011761.3291   17.0624
    7.5000   45.0000    7.500011110.2627   17.0155
   -7.5000  -45.0000   15.000010494.1396   17.6478
    0.0000  -45.0000   15.000011071.9805   17.6079
    7.5000  -45.0000   15.000010407.8291   17.5561
   -7.5000  -37.5000   15.000011174.0850   17.6298
    0.0000  -37.5000   15.000011763.9785   17.5855
    7.5000  -37.5000   15.000011061.8359   17.5454
   -7.5000  -30.0000   15.000012303.6758   17.6156
    0.0000  -30.0000   15.000012986.2832   17.5702
    7.5000  -30.0000   15.000012179.1445   17.5375
   -7.5000  -22.5000   15.000013461.1377   17.5977
    0.0000  -22.5000   15.000014476.4639   17.5563
    7.5000  -22.5000   15.000013453.2002   17.5185
   -7.5000  -15.0000   15.000014477.5576   17.5806
    0.0000  -15.0000   15.000015623.5488   17.5431
    7.5000  -15.0000   15.000014521.3066   17.4928
   -7.5000   -7.5000   15.000015117.0342   17.5692
    0.0000   -7.5000   15.000016077.4980   17.5329
    7.5000   -7.5000   15.000015032.2998   17.4766
   -7.5000    0.0000   15.000015495.3643   17.5744
    0.0000    0.0000   15.000016385.2988   17.5356
    7.5000    0.0000   15.000015418.7480   17.4846
   -7.5000    7.5000   15.000014768.7021   17.5921
    0.0000    7.5000   15.000015673.1572   17.5485
    7.5000    7.5000   15.000014733.2842   17.5088
   -7.5000   15.0000   15.000013916.4746   17.6031
    0.0000   15.0000   15.000014826.7607   17.5581
    7.5000   15.0000   15.000013923.4287   17.5255
   -7.5000   22.5000   15.000012974.0557   17.5885
    0.0000   22.5000   15.000013801.1475   17.5472
    7.5000   22.5000   15.000012981.6611   17.5095
   -7.5000   30.0000   15.000011938.4434   17.3531
    0.0000   30.0000   15.000012684.2236   17.3161
    7.5000   30.0000   15.000011990.5117   17.2664
   -7.5000   37.5000   15.000011359.0840   17.3837
    0.0000   37.5000   15.000012061.3828   17.3478
    7.5000   37.5000   15.000011431.1055   17.2920
   -7.5000   45.0000   15.000010359.4004   17.1521
    0.0000   45.0000   15.000010979.8486   17.1138
    7.5000   45.0000   15.000010429.6553   17.0638
   -7.5000  -45.0000   22.5000 9774.9678   17.8466
    0.0000  -45.0000   22.500010286.7012   17.8152
    7.5000  -45.0000   22.5000 9666.4053   17.7656
   -7.5000  -37.5000   22.500010337.2891   17.8198
    0.0000  -37.5000   22.500010844.8887   17.7855
    7.5000  -37.5000   22.500010239.0244   17.7495
   -7.5000  -30.0000   22.500011307.2529   17.7969
    0.0000  -30.0000   22.500011911.8018   17.7605
    7.5000  -30.0000   22.500011282.9541   17.7319
   -7.5000  -22.5000   22.500012307.5352   17.7808
    0.0000  -22.5000   22.500013133.7197   17.7451
    7.5000  -22.5000   22.500012427.0195   17.7095
   -7.5000  -15.0000   22.500013227.4229   17.7723
    0.0000  -15.0000   22.500014033.3066   17.7388
    7.5000  -15.0000   22.500013299.3652   17.6889
   -7.5000   -7.5000   22.500013865.6094   17.7674
    0.0000   -7.5000   22.500014537.0869   17.7363
    7.5000   -7.5000   22.500013825.9785   17.6805
   -7.5000    0.0000   22.500014280.5928   17.7718
    0.0000    0.0000   22.500014994.7422   17.7412
    7.5000    0.0000   22.500014292.4121   17.6923
   -7.5000    7.5000   22.500013662.0225   17.7815
    0.0000    7.5000   22.500014391.0791   17.7478
    7.5000    7.5000   22.500013706.0986   17.7121
   -7.5000   15.0000   22.500012926.7598   17.7845
    0.0000   15.0000   22.500013630.1348   17.7483
    7.5000   15.0000   22.500012974.1523   17.7199
   -7.5000   22.5000   22.500012062.8281   17.7715
    0.0000   22.5000   22.500012740.6387   17.7360
    7.5000   22.5000   22.500012114.9668   17.7004
   -7.5000   30.0000   22.500011102.5137   17.5424
    0.0000   30.0000   22.500011742.2852   17.5093
    7.5000   30.0000   22.500011177.3418   17.4600
   -7.5000   37.5000   22.500010569.7217   17.5802
    0.0000   37.5000   22.500011199.1650   17.5496
    7.5000   37.5000   22.500010666.7793   17.4944
   -7.5000   45.0000   22.5000 9638.7256   17.3478
    0.0000   45.0000   22.500010183.6807   17.3180
    7.5000   45.0000   22.5000 9716.0625   17.2704
   -7.5000  -45.0000   30.0000 8936.3799   18.2587
    0.0000  -45.0000   30.0000 9371.9922   18.2351
    7.5000  -45.0000   30.0000 8880.9590   18.1896
   -7.5000  -37.5000   30.0000 9467.2422   18.2231
    0.0000  -37.5000   30.0000 9899.4980   18.1973
    7.5000  -37.5000   30.0000 9441.4609   18.1685
   -7.5000  -30.0000   30.000010369.1836   18.1903
    0.0000  -30.0000   30.000010885.8760   18.1629
    7.5000  -30.0000   30.000010442.4297   18.1433
   -7.5000  -22.5000   30.000011286.3857   18.1735
    0.0000  -22.5000   30.000011928.8447   18.1469
    7.5000  -22.5000   30.000011430.5234   18.1181
   -7.5000  -15.0000   30.000012102.6328   18.1728
    0.0000  -15.0000   30.000012706.1289   18.1484
    7.5000  -15.0000   30.000012168.0010   18.1022
   -7.5000   -7.5000   30.000012693.4463   18.1752
    0.0000   -7.5000   30.000013245.6074   18.1526
    7.5000   -7.5000   30.000012689.6377   18.0994
   -7.5000    0.0000   30.000013151.7246   18.1802
    0.0000    0.0000   30.000013751.2666   18.1574
    7.5000    0.0000   30.000013173.8369   18.1126
   -7.5000    7.5000   30.000012648.8418   18.1827
    0.0000    7.5000   30.000013237.6631   18.1575
    7.5000    7.5000   30.000012674.3320   18.1290
   -7.5000   15.0000   30.000011979.6816   18.1774
    0.0000   15.0000   30.000012583.7676   18.1502
    7.5000   15.0000   30.000012012.1162   18.1308
   -7.5000   22.5000   30.000011182.8359   18.1641
    0.0000   22.5000   30.000011792.3438   18.1376
    7.5000   22.5000   30.000011244.3330   18.1088
   -7.5000   30.0000   30.000010323.4570   17.9377
    0.0000   30.0000   30.000010893.0693   17.9136
    7.5000   30.0000   30.000010407.1377   17.8679
   -7.5000   37.5000   30.0000 9823.7480   17.9852
    0.0000   37.5000   30.000010385.5488   17.9630
    7.5000   37.5000   30.0000 9922.3438   17.9103
   -7.5000   45.0000   30.0000 8949.0420   17.7529
    0.0000   45.0000   30.0000 9449.7881   17.7312
    7.5000   45.0000   30.0000 9033.6953   17.6881
   -7.5000  -45.0000   37.5000 8448.1152   18.8170
    0.0000  -45.0000   37.5000 8819.5039   18.7880
    7.5000  -45.0000   37.5000 8447.2910   18.7407
   -7.5000  -37.5000   37.5000 8993.3633   18.7810
    0.0000  -37.5000   37.5000 9367.7998   18.7487
    7.5000  -37.5000   37.5000 9013.5049   18.7196
   -7.5000  -30.0000   37.5000 9879.7402   18.7476
    0.0000  -30.0000   37.500010348.0088   18.7160
    7.5000  -30.0000   37.5000 9978.7041   18.6979
   -7.5000  -22.5000   37.500010757.8486   18.7287
    0.0000  -22.5000   37.500011317.1436   18.7019
    7.5000  -22.5000   37.500010863.4492   18.6744
   -7.5000  -15.0000   37.500011507.7783   18.7265
    0.0000  -15.0000   37.500012045.0684   18.7042
    7.5000  -15.0000   37.500011534.5684   18.6575
   -7.5000   -7.5000   37.500012093.4951   18.7282
    0.0000   -7.5000   37.500012628.3818   18.7049
    7.5000   -7.5000   37.500012083.6094   18.6501
   -7.5000    0.0000   37.500012559.0615   18.7333
    0.0000    0.0000   37.500013134.0986   18.7053
    7.5000    0.0000   37.500012550.2080   18.6587
   -7.5000    7.5000   37.500012104.9209   18.7375
    0.0000    7.5000   37.500012665.6191   18.7058
    7.5000    7.5000   37.500012098.3545   18.6771
   -7.5000   15.0000   37.500011510.4062   18.7336
    0.0000   15.0000   37.500012064.3916   18.7023
    7.5000   15.0000   37.500011518.0586   18.6844
   -7.5000   22.5000   37.500010778.7061   18.7190
    0.0000   22.5000   37.500011342.8730   18.6923
    7.5000   22.5000   37.500010818.8135   18.6649
   -7.5000   30.0000   37.5000 9936.6621   18.4842
    0.0000   30.0000   37.500010472.2676   18.4621
    7.5000   30.0000   37.500010003.3389   18.4161
   -7.5000   37.5000   37.5000 9462.8086   18.5339
    0.0000   37.5000   37.5000 9967.3223   18.5110
    7.5000   37.5000   37.5000 9536.6201   18.4567
   -7.5000   45.0000   37.5000 8642.5420   18.2996
    0.0000   45.0000   37.5000 9086.6963   18.2728
    7.5000   45.0000   37.5000 8706.7861   18.2279
   -7.5000  -45.0000   45.0000 7716.3379   19.5748
    0.0000  -45.0000   45.0000 8034.8374   19.5352
    7.5000  -45.0000   45.0000 7716.1445   19.4826
   -7.5000  -37.5000   45.0000 8236.4258   19.5410
    0.0000  -37.5000   45.0000 8585.9512   19.4945
    7.5000  -37.5000   45.0000 8257.7197   19.4595
   -7.5000  -30.0000   45.0000 9076.4404   19.5121
    0.0000  -30.0000   45.0000 9508.6660   19.4675
    7.5000  -30.0000   45.0000 9149.0830   19.4449
   -7.5000  -22.5000   45.0000 9866.8008   19.4920
    0.0000  -22.5000   45.000010349.2500   19.4573
    7.5000  -22.5000   45.0000 9916.1055   19.4273
   -7.5000  -15.0000   45.000010557.5459   19.4829
    0.0000  -15.0000   45.000011033.2588   19.4569
    7.5000  -15.0000   45.000010533.5635   19.4084
   -7.5000   -7.5000   45.000011116.7549   19.4790
    0.0000   -7.5000   45.000011622.6133   19.4504
    7.5000   -7.5000   45.000011096.1113   19.3925
   -7.5000    0.0000   45.000011560.0547   19.4835
    0.0000    0.0000   45.000012102.2617   19.4451
    7.5000    0.0000   45.000011550.5166   19.3935
   -7.5000    7.5000   45.000011165.2246   19.4933
    0.0000    7.5000   45.000011688.6348   19.4476
    7.5000    7.5000   45.000011144.1982   19.4131
   -7.5000   15.0000   45.000010624.8037   19.4965
    0.0000   15.0000   45.000011151.6855   19.4522
    7.5000   15.0000   45.000010623.1758   19.4299
   -7.5000   22.5000   45.0000 9957.1416   19.4817
    0.0000   22.5000   45.000010478.5586   19.4472
    7.5000   22.5000   45.0000 9968.0293   19.4172
   -7.5000   30.0000   45.0000 9198.6709   19.2291
    0.0000   30.0000   45.0000 9665.6895   19.2034
    7.5000   30.0000   45.0000 9222.2285   19.1556
   -7.5000   37.5000   45.0000 8747.6367   19.2563
    0.0000   37.5000   45.0000 9186.7119   19.2280
    7.5000   37.5000   45.0000 8790.2842   19.1707
   -7.5000   45.0000   45.0000 8003.1812   19.0042
    0.0000   45.0000   45.0000 8396.3027   18.9669
    7.5000   45.0000   45.0000 8037.8330   18.9169

---------------------------------------------------------------------
imgreg_4dfp /opt/freesurfer/average/711-2C_as_mni_average_305 /opt/freesurfer/average/711-2B_as_mni_average_305_mask talsrcimg_g11 none talsrcimg_to_711-2C_as_mni_average_305_t4 4355
---------------------------------------------------------------------

freesurfer imgreg_4dfp.c
/opt/freesurfer/average/711-2C_as_mni_average_305.4dfp.img
       256       256       256         1
  1.000000  1.000000  1.000000
orientation T byte_order littleendian
Reading image: /opt/freesurfer/average/711-2C_as_mni_average_305.4dfp.img
dimensions:      256       256       256
mmppix:       1.0000   -1.0000   -1.0000
center:     128.0000 -129.0000 -129.0000
/opt/freesurfer/average/711-2B_as_mni_average_305_mask.4dfp.img
       256       256       256         1
  1.000000  1.000000  1.000000
orientation T byte_order littleendian
Reading mask: /opt/freesurfer/average/711-2B_as_mni_average_305_mask.4dfp.img (2306576 pixels)
talsrcimg_g11.4dfp.img
       256       256       256         1
  1.000000  1.000000  1.000000
orientation T byte_order littleendian
Reading image: talsrcimg_g11.4dfp.img
dimensions:      256       256       256
mmppix:       1.0000   -1.0000   -1.0000
center:     128.0000 -129.0000 -129.0000
rotation matrix determinant  1.000000
image alignment mode   4355 decimal     1103 hex
   -7.5000  -45.0000  -45.0000 2334.8940   16.7199
    0.0000  -45.0000  -45.0000 2351.3799   16.7897
    7.5000  -45.0000  -45.0000 2327.9897   16.8326
   -7.5000  -37.5000  -45.0000 2394.5122   15.6827
    0.0000  -37.5000  -45.0000 2412.2512   15.7203
    7.5000  -37.5000  -45.0000 2388.9966   15.8176
   -7.5000  -30.0000  -45.0000 2436.2585   15.0555
    0.0000  -30.0000  -45.0000 2455.6040   15.0687
    7.5000  -30.0000  -45.0000 2429.5278   15.1754
   -7.5000  -22.5000  -45.0000 2462.6934   14.7097
    0.0000  -22.5000  -45.0000 2484.0359   14.7139
    7.5000  -22.5000  -45.0000 2458.3655   14.8296
   -7.5000  -15.0000  -45.0000 2472.8489   14.5875
    0.0000  -15.0000  -45.0000 2495.8806   14.5441
    7.5000  -15.0000  -45.0000 2473.1484   14.6552
   -7.5000   -7.5000  -45.0000 2477.8428   14.6523
    0.0000   -7.5000  -45.0000 2500.0464   14.5793
    7.5000   -7.5000  -45.0000 2479.2419   14.6628
   -7.5000    0.0000  -45.0000 2463.5701   14.9623
    0.0000    0.0000  -45.0000 2486.3713   14.9005
    7.5000    0.0000  -45.0000 2462.7480   14.9537
   -7.5000    7.5000  -45.0000 2433.8528   15.5814
    0.0000    7.5000  -45.0000 2458.4717   15.5008
    7.5000    7.5000  -45.0000 2436.8450   15.5452
   -7.5000   15.0000  -45.0000 2378.4531   16.4207
    0.0000   15.0000  -45.0000 2405.2483   16.3178
    7.5000   15.0000  -45.0000 2385.1511   16.3766
   -7.5000   22.5000  -45.0000 2307.9023   17.4844
    0.0000   22.5000  -45.0000 2334.1162   17.4192
    7.5000   22.5000  -45.0000 2312.6384   17.4501
   -7.5000   30.0000  -45.0000 2217.8401   18.8952
    0.0000   30.0000  -45.0000 2241.3579   18.8974
    7.5000   30.0000  -45.0000 2225.5090   18.8957
   -7.5000   37.5000  -45.0000 2112.4480   20.8643
    0.0000   37.5000  -45.0000 2133.7964   20.8179
    7.5000   37.5000  -45.0000 2118.0579   20.7827
   -7.5000   45.0000  -45.0000 1995.2709   23.4607
    0.0000   45.0000  -45.0000 2019.2965   23.4505
    7.5000   45.0000  -45.0000 2007.4362   23.3624
   -7.5000  -45.0000  -37.5000 2402.1926   15.9663
    0.0000  -45.0000  -37.5000 2413.7402   15.9656
    7.5000  -45.0000  -37.5000 2383.9458   16.0559
   -7.5000  -37.5000  -37.5000 2469.4600   14.9334
    0.0000  -37.5000  -37.5000 2483.8174   14.9055
    7.5000  -37.5000  -37.5000 2462.6060   14.9950
   -7.5000  -30.0000  -37.5000 2512.9631   14.2500
    0.0000  -30.0000  -37.5000 2532.4604   14.2218
    7.5000  -30.0000  -37.5000 2513.7878   14.3113
   -7.5000  -22.5000  -37.5000 2546.3328   13.8703
    0.0000  -22.5000  -37.5000 2566.2334   13.8244
    7.5000  -22.5000  -37.5000 2546.0698   13.9409
   -7.5000  -15.0000  -37.5000 2557.9634   13.7430
    0.0000  -15.0000  -37.5000 2577.8584   13.6730
    7.5000  -15.0000  -37.5000 2558.5273   13.7798
   -7.5000   -7.5000  -37.5000 2560.6882   13.7439
    0.0000   -7.5000  -37.5000 2577.4719   13.6603
    7.5000   -7.5000  -37.5000 2557.3030   13.7579
   -7.5000    0.0000  -37.5000 2548.7781   13.9890
    0.0000    0.0000  -37.5000 2567.5957   13.9174
    7.5000    0.0000  -37.5000 2551.9604   13.9849
   -7.5000    7.5000  -37.5000 2522.7527   14.5443
    0.0000    7.5000  -37.5000 2544.5430   14.4326
    7.5000    7.5000  -37.5000 2532.1401   14.5247
   -7.5000   15.0000  -37.5000 2471.1196   15.2969
    0.0000   15.0000  -37.5000 2491.4417   15.1740
    7.5000   15.0000  -37.5000 2479.4897   15.2688
   -7.5000   22.5000  -37.5000 2398.7258   16.2905
    0.0000   22.5000  -37.5000 2418.3809   16.1998
    7.5000   22.5000  -37.5000 2405.1023   16.2472
   -7.5000   30.0000  -37.5000 2300.0938   17.6163
    0.0000   30.0000  -37.5000 2318.8674   17.5309
    7.5000   30.0000  -37.5000 2309.4209   17.5657
   -7.5000   37.5000  -37.5000 2188.7351   19.3810
    0.0000   37.5000  -37.5000 2208.9353   19.2859
    7.5000   37.5000  -37.5000 2196.4834   19.2647
   -7.5000   45.0000  -37.5000 2062.0320   21.7140
    0.0000   45.0000  -37.5000 2086.2598   21.6378
    7.5000   45.0000  -37.5000 2077.5220   21.5496
   -7.5000  -45.0000  -30.0000 2498.4399   15.8651
    0.0000  -45.0000  -30.0000 2513.1750   15.8390
    7.5000  -45.0000  -30.0000 2487.5442   15.9980
   -7.5000  -37.5000  -30.0000 2574.6450   14.7941
    0.0000  -37.5000  -30.0000 2585.5430   14.7321
    7.5000  -37.5000  -30.0000 2569.1221   14.8597
   -7.5000  -30.0000  -30.0000 2626.6689   14.0261
    0.0000  -30.0000  -30.0000 2640.7356   13.9699
    7.5000  -30.0000  -30.0000 2626.8433   14.0615
   -7.5000  -22.5000  -30.0000 2664.0530   13.5717
    0.0000  -22.5000  -30.0000 2681.5608   13.4886
    7.5000  -22.5000  -30.0000 2668.1733   13.6154
   -7.5000  -15.0000  -30.0000 2681.4341   13.3631
    0.0000  -15.0000  -30.0000 2697.0676   13.2901
    7.5000  -15.0000  -30.0000 2682.2144   13.4129
   -7.5000   -7.5000  -30.0000 2678.1973   13.3478
    0.0000   -7.5000  -30.0000 2697.9678   13.2771
    7.5000   -7.5000  -30.0000 2684.2747   13.3841
   -7.5000    0.0000  -30.0000 2674.2380   13.6125
    0.0000    0.0000  -30.0000 2697.5967   13.5302
    7.5000    0.0000  -30.0000 2686.1030   13.6326
   -7.5000    7.5000  -30.0000 2655.4841   14.1322
    0.0000    7.5000  -30.0000 2672.0742   14.0081
    7.5000    7.5000  -30.0000 2670.5771   14.1451
   -7.5000   15.0000  -30.0000 2600.0271   14.8445
    0.0000   15.0000  -30.0000 2617.0662   14.7016
    7.5000   15.0000  -30.0000 2613.3167   14.8551
   -7.5000   22.5000  -30.0000 2524.8682   15.7826
    0.0000   22.5000  -30.0000 2539.4326   15.6726
    7.5000   22.5000  -30.0000 2532.7007   15.7775
   -7.5000   30.0000  -30.0000 2418.4319   17.1005
    0.0000   30.0000  -30.0000 2433.5273   16.9554
    7.5000   30.0000  -30.0000 2429.0830   17.0118
   -7.5000   37.5000  -30.0000 2308.4629   18.7928
    0.0000   37.5000  -30.0000 2322.8508   18.6704
    7.5000   37.5000  -30.0000 2314.9697   18.6397
   -7.5000   45.0000  -30.0000 2167.8066   21.0155
    0.0000   45.0000  -30.0000 2185.7810   20.8829
    7.5000   45.0000  -30.0000 2183.9902   20.8045
   -7.5000  -45.0000  -22.5000 2555.1868   15.6855
    0.0000  -45.0000  -22.5000 2568.7390   15.6486
    7.5000  -45.0000  -22.5000 2553.1279   15.8788
   -7.5000  -37.5000  -22.5000 2633.2983   14.5559
    0.0000  -37.5000  -22.5000 2646.3970   14.5008
    7.5000  -37.5000  -22.5000 2635.3057   14.7021
   -7.5000  -30.0000  -22.5000 2697.3730   13.7195
    0.0000  -30.0000  -22.5000 2714.9888   13.6664
    7.5000  -30.0000  -22.5000 2707.3174   13.8269
   -7.5000  -22.5000  -22.5000 2736.4082   13.1853
    0.0000  -22.5000  -22.5000 2761.9817   13.1699
    7.5000  -22.5000  -22.5000 2751.5278   13.3172
   -7.5000  -15.0000  -22.5000 2761.3877   12.9081
    0.0000  -15.0000  -22.5000 2785.9592   12.8675
    7.5000  -15.0000  -22.5000 2772.6467   13.0465
   -7.5000   -7.5000  -22.5000 2770.0125   12.8693
    0.0000   -7.5000  -22.5000 2789.2883   12.8057
    7.5000   -7.5000  -22.5000 2778.3420   12.9849
   -7.5000    0.0000  -22.5000 2768.6887   13.1558
    0.0000    0.0000  -22.5000 2793.9241   13.0687
    7.5000    0.0000  -22.5000 2789.9248   13.2423
   -7.5000    7.5000  -22.5000 2747.3884   13.7013
    0.0000    7.5000  -22.5000 2768.6953   13.5794
    7.5000    7.5000  -22.5000 2772.4199   13.7656
   -7.5000   15.0000  -22.5000 2693.8440   14.3780
    0.0000   15.0000  -22.5000 2709.8245   14.2411
    7.5000   15.0000  -22.5000 2717.1616   14.4290
   -7.5000   22.5000  -22.5000 2622.8523   15.2520
    0.0000   22.5000  -22.5000 2632.0552   15.1177
    7.5000   22.5000  -22.5000 2634.2725   15.2941
   -7.5000   30.0000  -22.5000 2515.6938   16.4872
    0.0000   30.0000  -22.5000 2526.4753   16.3325
    7.5000   30.0000  -22.5000 2527.2358   16.4467
   -7.5000   37.5000  -22.5000 2397.8699   18.1517
    0.0000   37.5000  -22.5000 2415.0933   17.9963
    7.5000   37.5000  -22.5000 2412.9438   18.0306
   -7.5000   45.0000  -22.5000 2255.6128   20.2724
    0.0000   45.0000  -22.5000 2273.8701   20.1116
    7.5000   45.0000  -22.5000 2271.0332   20.1599
   -7.5000  -45.0000  -15.0000 2561.8867   15.5382
    0.0000  -45.0000  -15.0000 2577.3254   15.4607
    7.5000  -45.0000  -15.0000 2568.1230   15.7451
   -7.5000  -37.5000  -15.0000 2646.3496   14.3478
    0.0000  -37.5000  -15.0000 2663.0579   14.2934
    7.5000  -37.5000  -15.0000 2658.7949   14.5382
   -7.5000  -30.0000  -15.0000 2720.0078   13.4818
    0.0000  -30.0000  -15.0000 2740.8274   13.4426
    7.5000  -30.0000  -15.0000 2740.4255   13.6430
   -7.5000  -22.5000  -15.0000 2769.8447   12.9732
    0.0000  -22.5000  -15.0000 2796.8232   12.9595
    7.5000  -22.5000  -15.0000 2798.6995   13.1433
   -7.5000  -15.0000  -15.0000 2795.6646   12.6434
    0.0000  -15.0000  -15.0000 2826.6514   12.6159
    7.5000  -15.0000  -15.0000 2831.2698   12.8598
   -7.5000   -7.5000  -15.0000 2813.6582   12.5210
    0.0000   -7.5000  -15.0000 2832.3376   12.4567
    7.5000   -7.5000  -15.0000 2835.9307   12.7426
   -7.5000    0.0000  -15.0000 2820.8940   12.8306
    0.0000    0.0000  -15.0000 2838.7839   12.7186
    7.5000    0.0000  -15.0000 2846.8101   12.9923
   -7.5000    7.5000  -15.0000 2796.3496   13.3484
    0.0000    7.5000  -15.0000 2823.4629   13.2471
    7.5000    7.5000  -15.0000 2832.9946   13.4774
   -7.5000   15.0000  -15.0000 2747.7864   13.9594
    0.0000   15.0000  -15.0000 2768.8970   13.8600
    7.5000   15.0000  -15.0000 2780.4199   14.0745
   -7.5000   22.5000  -15.0000 2672.6897   14.7894
    0.0000   22.5000  -15.0000 2683.7634   14.6375
    7.5000   22.5000  -15.0000 2694.5923   14.8449
   -7.5000   30.0000  -15.0000 2568.0300   15.9740
    0.0000   30.0000  -15.0000 2583.4121   15.8098
    7.5000   30.0000  -15.0000 2587.0818   15.9636
   -7.5000   37.5000  -15.0000 2450.5581   17.5552
    0.0000   37.5000  -15.0000 2475.5476   17.4094
    7.5000   37.5000  -15.0000 2470.6589   17.5344
   -7.5000   45.0000  -15.0000 2306.1023   19.5987
    0.0000   45.0000  -15.0000 2334.2671   19.4672
    7.5000   45.0000  -15.0000 2326.4272   19.5891
   -7.5000  -45.0000   -7.5000 2539.4563   15.4238
    0.0000  -45.0000   -7.5000 2556.8525   15.3409
    7.5000  -45.0000   -7.5000 2550.2012   15.6520
   -7.5000  -37.5000   -7.5000 2632.0000   14.2306
    0.0000  -37.5000   -7.5000 2654.2124   14.1634
    7.5000  -37.5000   -7.5000 2653.6147   14.4385
   -7.5000  -30.0000   -7.5000 2712.3455   13.4313
    0.0000  -30.0000   -7.5000 2734.1355   13.3542
    7.5000  -30.0000   -7.5000 2745.7788   13.5994
   -7.5000  -22.5000   -7.5000 2776.8474   12.9900
    0.0000  -22.5000   -7.5000 2806.2346   12.9632
    7.5000  -22.5000   -7.5000 2818.9858   13.1421
   -7.5000  -15.0000   -7.5000 2824.1453   12.7973
    0.0000  -15.0000   -7.5000 2867.6868   12.8488
    7.5000  -15.0000   -7.5000 2873.0513   12.9670
   -7.5000   -7.5000   -7.5000 2842.5193   12.5590
    0.0000   -7.5000   -7.5000 2872.6023   12.5599
    7.5000   -7.5000   -7.5000 2883.9526   12.8045
   -7.5000    0.0000   -7.5000 2847.1787   12.6789
    0.0000    0.0000   -7.5000 2871.2749   12.6399
    7.5000    0.0000   -7.5000 2874.4668   12.8538
   -7.5000    7.5000   -7.5000 2819.4692   13.0677
    0.0000    7.5000   -7.5000 2855.6655   13.0208
    7.5000    7.5000   -7.5000 2849.0002   13.1500
   -7.5000   15.0000   -7.5000 2771.2295   13.6506
    0.0000   15.0000   -7.5000 2798.2371   13.5538
    7.5000   15.0000   -7.5000 2793.7510   13.6597
   -7.5000   22.5000   -7.5000 2699.0508   14.4867
    0.0000   22.5000   -7.5000 2720.3848   14.3285
    7.5000   22.5000   -7.5000 2717.0684   14.4258
   -7.5000   30.0000   -7.5000 2596.7449   15.6608
    0.0000   30.0000   -7.5000 2617.4216   15.4839
    7.5000   30.0000   -7.5000 2610.8845   15.5572
   -7.5000   37.5000   -7.5000 2487.9377   17.2139
    0.0000   37.5000   -7.5000 2514.5894   17.0618
    7.5000   37.5000   -7.5000 2505.2561   17.1065
   -7.5000   45.0000   -7.5000 2348.4675   19.2224
    0.0000   45.0000   -7.5000 2373.1760   19.0926
    7.5000   45.0000   -7.5000 2364.4221   19.1218
   -7.5000  -45.0000    0.0000 2497.1729   15.6269
    0.0000  -45.0000    0.0000 2515.7891   15.5392
    7.5000  -45.0000    0.0000 2522.3647   15.8669
   -7.5000  -37.5000    0.0000 2597.8171   14.4397
    0.0000  -37.5000    0.0000 2613.4858   14.3649
    7.5000  -37.5000    0.0000 2629.4592   14.6604
   -7.5000  -30.0000    0.0000 2690.1697   13.7296
    0.0000  -30.0000    0.0000 2711.7751   13.6995
    7.5000  -30.0000    0.0000 2731.6055   13.8993
   -7.5000  -22.5000    0.0000 2780.4294   13.3595
    0.0000  -22.5000    0.0000 2821.4407   13.4328
    7.5000  -22.5000    0.0000 2828.0300   13.4722
   -7.5000  -15.0000    0.0000 2848.8083   13.2330
    0.0000  -15.0000    0.0000 2914.7891   13.4610
    7.5000  -15.0000    0.0000 2893.8018   13.2924
   -7.5000   -7.5000    0.0000 2870.1660   12.9896
    0.0000   -7.5000    0.0000 2945.8435   13.2024
    7.5000   -7.5000    0.0000 2907.5049   13.0327
   -7.5000    0.0000    0.0000 2857.5408   12.7692
    0.0000    0.0000    0.0000 2906.3027   12.8706
    7.5000    0.0000    0.0000 2879.2239   12.8193
   -7.5000    7.5000    0.0000 2831.6274   12.9523
    0.0000    7.5000    0.0000 2860.9980   12.8995
    7.5000    7.5000    0.0000 2845.2537   12.9318
   -7.5000   15.0000    0.0000 2778.2041   13.5166
    0.0000   15.0000    0.0000 2803.8542   13.3835
    7.5000   15.0000    0.0000 2792.6895   13.4559
   -7.5000   22.5000    0.0000 2703.9788   14.3458
    0.0000   22.5000    0.0000 2728.7695   14.2325
    7.5000   22.5000    0.0000 2719.6440   14.2932
   -7.5000   30.0000    0.0000 2607.3049   15.5138
    0.0000   30.0000    0.0000 2628.7949   15.4047
    7.5000   30.0000    0.0000 2621.7424   15.4232
   -7.5000   37.5000    0.0000 2504.0273   17.0519
    0.0000   37.5000    0.0000 2528.7502   16.9654
    7.5000   37.5000    0.0000 2518.7000   16.9576
   -7.5000   45.0000    0.0000 2362.0212   19.0552
    0.0000   45.0000    0.0000 2391.4204   19.0239
    7.5000   45.0000    0.0000 2379.0803   18.9699
   -7.5000  -45.0000    7.5000 2440.6953   16.2919
    0.0000  -45.0000    7.5000 2463.6150   16.2592
    7.5000  -45.0000    7.5000 2475.5552   16.5673
   -7.5000  -37.5000    7.5000 2557.7339   15.1888
    0.0000  -37.5000    7.5000 2586.0974   15.2318
    7.5000  -37.5000    7.5000 2595.0330   15.4206
   -7.5000  -30.0000    7.5000 2672.2908   14.4529
    0.0000  -30.0000    7.5000 2711.2739   14.5535
    7.5000  -30.0000    7.5000 2706.0767   14.5993
   -7.5000  -22.5000    7.5000 2778.4446   13.9573
    0.0000  -22.5000    7.5000 2832.1101   14.1424
    7.5000  -22.5000    7.5000 2808.5874   14.0290
   -7.5000  -15.0000    7.5000 2850.7373   13.6532
    0.0000  -15.0000    7.5000 2925.7861   13.9994
    7.5000  -15.0000    7.5000 2880.5439   13.7177
   -7.5000   -7.5000    7.5000 2871.8137   13.2498
    0.0000   -7.5000    7.5000 2949.7617   13.5264
    7.5000   -7.5000    7.5000 2896.8955   13.2634
   -7.5000    0.0000    7.5000 2867.7061   13.0511
    0.0000    0.0000    7.5000 2900.2839   13.0366
    7.5000    0.0000    7.5000 2873.7354   12.9685
   -7.5000    7.5000    7.5000 2836.6873   13.1933
    0.0000    7.5000    7.5000 2870.2434   13.1020
    7.5000    7.5000    7.5000 2843.5874   13.1141
   -7.5000   15.0000    7.5000 2778.0403   13.6988
    0.0000   15.0000    7.5000 2814.3535   13.6144
    7.5000   15.0000    7.5000 2797.1863   13.6696
   -7.5000   22.5000    7.5000 2698.7417   14.5285
    0.0000   22.5000    7.5000 2719.7925   14.4599
    7.5000   22.5000    7.5000 2710.1187   14.5122
   -7.5000   30.0000    7.5000 2600.6479   15.6580
    0.0000   30.0000    7.5000 2618.8018   15.5655
    7.5000   30.0000    7.5000 2616.1311   15.5927
   -7.5000   37.5000    7.5000 2496.1033   17.1551
    0.0000   37.5000    7.5000 2522.1238   17.0411
    7.5000   37.5000    7.5000 2514.8352   17.0762
   -7.5000   45.0000    7.5000 2355.2708   19.0872
    0.0000   45.0000    7.5000 2386.4543   18.9772
    7.5000   45.0000    7.5000 2379.8101   19.0274
   -7.5000  -45.0000   15.0000 2410.8154   17.3969
    0.0000  -45.0000   15.0000 2443.8711   17.4784
    7.5000  -45.0000   15.0000 2438.4753   17.6874
   -7.5000  -37.5000   15.0000 2530.9617   16.1801
    0.0000  -37.5000   15.0000 2561.9863   16.2227
    7.5000  -37.5000   15.0000 2556.7830   16.3397
   -7.5000  -30.0000   15.0000 2642.4993   15.2259
    0.0000  -30.0000   15.0000 2678.0127   15.2610
    7.5000  -30.0000   15.0000 2670.0024   15.2893
   -7.5000  -22.5000   15.0000 2742.3796   14.5306
    0.0000  -22.5000   15.0000 2784.6013   14.6480
    7.5000  -22.5000   15.0000 2772.0818   14.5878
   -7.5000  -15.0000   15.0000 2810.4885   14.0022
    0.0000  -15.0000   15.0000 2869.8579   14.2173
    7.5000  -15.0000   15.0000 2843.7944   14.1228
   -7.5000   -7.5000   15.0000 2841.4502   13.5390
    0.0000   -7.5000   15.0000 2879.1370   13.4778
    7.5000   -7.5000   15.0000 2857.9233   13.5417
   -7.5000    0.0000   15.0000 2851.0745   13.3731
    0.0000    0.0000   15.0000 2875.4954   13.1422
    7.5000    0.0000   15.0000 2861.4812   13.2771
   -7.5000    7.5000   15.0000 2820.2188   13.5746
    0.0000    7.5000   15.0000 2855.6270   13.3746
    7.5000    7.5000   15.0000 2842.1040   13.5190
   -7.5000   15.0000   15.0000 2760.1494   14.1195
    0.0000   15.0000   15.0000 2801.4597   13.9840
    7.5000   15.0000   15.0000 2787.9426   14.1035
   -7.5000   22.5000   15.0000 2680.3938   14.9906
    0.0000   22.5000   15.0000 2703.9421   14.8944
    7.5000   22.5000   15.0000 2694.3301   14.9780
   -7.5000   30.0000   15.0000 2578.5615   16.1348
    0.0000   30.0000   15.0000 2597.9363   15.9974
    7.5000   30.0000   15.0000 2594.6785   16.0647
   -7.5000   37.5000   15.0000 2466.5376   17.5633
    0.0000   37.5000   15.0000 2498.0288   17.4341
    7.5000   37.5000   15.0000 2490.0916   17.4609
   -7.5000   45.0000   15.0000 2323.8542   19.3958
    0.0000   45.0000   15.0000 2353.3286   19.2803
    7.5000   45.0000   15.0000 2349.3582   19.3173
   -7.5000  -45.0000   22.5000 2379.8892   18.6309
    0.0000  -45.0000   22.5000 2406.7217   18.6248
    7.5000  -45.0000   22.5000 2396.4839   18.8497
   -7.5000  -37.5000   22.5000 2493.2668   17.1364
    0.0000  -37.5000   22.5000 2519.0989   17.0627
    7.5000  -37.5000   22.5000 2513.2112   17.2630
   -7.5000  -30.0000   22.5000 2592.4854   15.9890
    0.0000  -30.0000   22.5000 2622.0669   15.9411
    7.5000  -30.0000   22.5000 2620.9504   16.0931
   -7.5000  -22.5000   22.5000 2685.3618   15.1993
    0.0000  -22.5000   22.5000 2714.9980   15.2017
    7.5000  -22.5000   22.5000 2720.2385   15.3206
   -7.5000  -15.0000   22.5000 2755.7212   14.5162
    0.0000  -15.0000   22.5000 2786.4907   14.4765
    7.5000  -15.0000   22.5000 2786.0142   14.6145
   -7.5000   -7.5000   22.5000 2793.9453   14.0420
    0.0000   -7.5000   22.5000 2809.6562   13.7650
    7.5000   -7.5000   22.5000 2805.7969   13.9954
   -7.5000    0.0000   22.5000 2799.4392   13.9286
    0.0000    0.0000   22.5000 2821.2224   13.6335
    7.5000    0.0000   22.5000 2817.9958   13.8538
   -7.5000    7.5000   22.5000 2775.0818   14.1552
    0.0000    7.5000   22.5000 2802.6365   13.9446
    7.5000    7.5000   22.5000 2801.9524   14.1227
   -7.5000   15.0000   22.5000 2718.9512   14.7014
    0.0000   15.0000   22.5000 2752.5542   14.5030
    7.5000   15.0000   22.5000 2747.0349   14.6763
   -7.5000   22.5000   22.5000 2639.1780   15.5080
    0.0000   22.5000   22.5000 2674.6189   15.3355
    7.5000   22.5000   22.5000 2666.8096   15.4960
   -7.5000   30.0000   22.5000 2535.4919   16.6920
    0.0000   30.0000   22.5000 2567.2578   16.5606
    7.5000   30.0000   22.5000 2559.0896   16.6327
   -7.5000   37.5000   22.5000 2423.2051   18.1743
    0.0000   37.5000   22.5000 2458.9858   18.0200
    7.5000   37.5000   22.5000 2452.5813   18.0641
   -7.5000   45.0000   22.5000 2281.5098   19.9837
    0.0000   45.0000   22.5000 2301.5630   19.8449
    7.5000   45.0000   22.5000 2302.6904   19.8688
   -7.5000  -45.0000   30.0000 2329.3889   19.8571
    0.0000  -45.0000   30.0000 2346.8887   19.6813
    7.5000  -45.0000   30.0000 2340.8147   20.0636
   -7.5000  -37.5000   30.0000 2443.3435   18.1501
    0.0000  -37.5000   30.0000 2462.8569   17.9595
    7.5000  -37.5000   30.0000 2459.2129   18.3381
   -7.5000  -30.0000   30.0000 2536.6548   16.9074
    0.0000  -30.0000   30.0000 2557.6216   16.7232
    7.5000  -30.0000   30.0000 2564.0244   17.0509
   -7.5000  -22.5000   30.0000 2620.2820   15.9712
    0.0000  -22.5000   30.0000 2641.8423   15.7915
    7.5000  -22.5000   30.0000 2648.9927   16.0802
   -7.5000  -15.0000   30.0000 2686.3120   15.2250
    0.0000  -15.0000   30.0000 2704.6433   14.9574
    7.5000  -15.0000   30.0000 2706.8455   15.2374
   -7.5000   -7.5000   30.0000 2720.5298   14.7269
    0.0000   -7.5000   30.0000 2736.8723   14.4048
    7.5000   -7.5000   30.0000 2732.4487   14.6713
   -7.5000    0.0000   30.0000 2727.9775   14.6678
    0.0000    0.0000   30.0000 2748.5469   14.3973
    7.5000    0.0000   30.0000 2747.7966   14.6010
   -7.5000    7.5000   30.0000 2709.8501   14.9460
    0.0000    7.5000   30.0000 2730.7217   14.7010
    7.5000    7.5000   30.0000 2732.4585   14.8964
   -7.5000   15.0000   30.0000 2654.2922   15.4670
    0.0000   15.0000   30.0000 2682.5139   15.2527
    7.5000   15.0000   30.0000 2678.9600   15.4550
   -7.5000   22.5000   30.0000 2576.1421   16.2468
    0.0000   22.5000   30.0000 2617.8225   16.0464
    7.5000   22.5000   30.0000 2607.6289   16.2417
   -7.5000   30.0000   30.0000 2482.5671   17.4032
    0.0000   30.0000   30.0000 2519.5078   17.2478
    7.5000   30.0000   30.0000 2512.8638   17.3623
   -7.5000   37.5000   30.0000 2366.6052   18.8926
    0.0000   37.5000   30.0000 2397.8252   18.7170
    7.5000   37.5000   30.0000 2400.3752   18.7777
   -7.5000   45.0000   30.0000 2221.9236   20.7518
    0.0000   45.0000   30.0000 2243.7583   20.6228
    7.5000   45.0000   30.0000 2245.2249   20.6564
   -7.5000  -45.0000   37.5000 2260.3057   21.1646
    0.0000  -45.0000   37.5000 2276.0691   20.8335
    7.5000  -45.0000   37.5000 2273.3403   21.3738
   -7.5000  -37.5000   37.5000 2375.9126   19.3062
    0.0000  -37.5000   37.5000 2391.4004   18.9682
    7.5000  -37.5000   37.5000 2391.8267   19.4951
   -7.5000  -30.0000   37.5000 2468.6423   17.9709
    0.0000  -30.0000   37.5000 2490.8911   17.6759
    7.5000  -30.0000   37.5000 2492.4773   18.1164
   -7.5000  -22.5000   37.5000 2548.5237   16.9246
    0.0000  -22.5000   37.5000 2572.0464   16.6334
    7.5000  -22.5000   37.5000 2572.5337   17.0078
   -7.5000  -15.0000   37.5000 2605.2751   16.1320
    0.0000  -15.0000   37.5000 2628.1108   15.8045
    7.5000  -15.0000   37.5000 2622.8337   16.1163
   -7.5000   -7.5000   37.5000 2641.0386   15.6262
    0.0000   -7.5000   37.5000 2664.3760   15.3440
    7.5000   -7.5000   37.5000 2654.1995   15.5977
   -7.5000    0.0000   37.5000 2642.2029   15.5978
    0.0000    0.0000   37.5000 2668.2683   15.3479
    7.5000    0.0000   37.5000 2662.1147   15.5180
   -7.5000    7.5000   37.5000 2622.2603   15.8895
    0.0000    7.5000   37.5000 2648.1882   15.6371
    7.5000    7.5000   37.5000 2648.6394   15.8059
   -7.5000   15.0000   37.5000 2576.1208   16.4107
    0.0000   15.0000   37.5000 2605.6377   16.1601
    7.5000   15.0000   37.5000 2602.9624   16.3578
   -7.5000   22.5000   37.5000 2507.6191   17.1998
    0.0000   22.5000   37.5000 2549.6516   16.9794
    7.5000   22.5000   37.5000 2541.6592   17.1492
   -7.5000   30.0000   37.5000 2413.5725   18.2862
    0.0000   30.0000   37.5000 2451.4060   18.1322
    7.5000   30.0000   37.5000 2444.2710   18.2457
   -7.5000   37.5000   37.5000 2296.1365   19.7978
    0.0000   37.5000   37.5000 2328.3577   19.6390
    7.5000   37.5000   37.5000 2327.9500   19.6997
   -7.5000   45.0000   37.5000 2159.5122   21.7279
    0.0000   45.0000   37.5000 2184.2739   21.5655
    7.5000   45.0000   37.5000 2185.2874   21.6034
   -7.5000  -45.0000   45.0000 2181.4988   22.7224
    0.0000  -45.0000   45.0000 2198.0581   22.2830
    7.5000  -45.0000   45.0000 2194.2424   22.9542
   -7.5000  -37.5000   45.0000 2294.1028   20.7683
    0.0000  -37.5000   45.0000 2311.1252   20.3051
    7.5000  -37.5000   45.0000 2309.2468   20.8951
   -7.5000  -30.0000   45.0000 2388.5730   19.2734
    0.0000  -30.0000   45.0000 2411.5881   18.9207
    7.5000  -30.0000   45.0000 2410.9846   19.4006
   -7.5000  -22.5000   45.0000 2461.9143   18.1471
    0.0000  -22.5000   45.0000 2487.9692   17.8125
    7.5000  -22.5000   45.0000 2485.8357   18.1997
   -7.5000  -15.0000   45.0000 2515.6604   17.2921
    0.0000  -15.0000   45.0000 2539.1489   16.9965
    7.5000  -15.0000   45.0000 2529.7507   17.3146
   -7.5000   -7.5000   45.0000 2550.6018   16.7915
    0.0000   -7.5000   45.0000 2576.8862   16.5407
    7.5000   -7.5000   45.0000 2565.4187   16.7806
   -7.5000    0.0000   45.0000 2549.4602   16.7840
    0.0000    0.0000   45.0000 2578.3730   16.5328
    7.5000    0.0000   45.0000 2572.9590   16.6958
   -7.5000    7.5000   45.0000 2531.1167   17.0889
    0.0000    7.5000   45.0000 2561.0725   16.8294
    7.5000    7.5000   45.0000 2559.8328   16.9826
   -7.5000   15.0000   45.0000 2480.5193   17.6090
    0.0000   15.0000   45.0000 2519.1052   17.3623
    7.5000   15.0000   45.0000 2515.9360   17.5303
   -7.5000   22.5000   45.0000 2418.5439   18.3461
    0.0000   22.5000   45.0000 2467.3748   18.0908
    7.5000   22.5000   45.0000 2456.8860   18.2456
   -7.5000   30.0000   45.0000 2334.4846   19.3895
    0.0000   30.0000   45.0000 2376.1199   19.1750
    7.5000   30.0000   45.0000 2365.3567   19.2800
   -7.5000   37.5000   45.0000 2219.7864   20.9555
    0.0000   37.5000   45.0000 2250.9124   20.7788
    7.5000   37.5000   45.0000 2244.4492   20.8285
   -7.5000   45.0000   45.0000 2090.8062   22.9406
    0.0000   45.0000   45.0000 2112.1106   22.7958
    7.5000   45.0000   45.0000 2112.6042   22.7482

---------------------------------------------------------------------
imgreg_4dfp /opt/freesurfer/average/711-2C_as_mni_average_305 /opt/freesurfer/average/711-2B_as_mni_average_305_mask talsrcimg_g11 none talsrcimg_to_711-2C_as_mni_average_305_t4 1283
---------------------------------------------------------------------

freesurfer imgreg_4dfp.c
/opt/freesurfer/average/711-2C_as_mni_average_305.4dfp.img
       256       256       256         1
  1.000000  1.000000  1.000000
orientation T byte_order littleendian
Reading image: /opt/freesurfer/average/711-2C_as_mni_average_305.4dfp.img
dimensions:      256       256       256
mmppix:       1.0000   -1.0000   -1.0000
center:     128.0000 -129.0000 -129.0000
/opt/freesurfer/average/711-2B_as_mni_average_305_mask.4dfp.img
       256       256       256         1
  1.000000  1.000000  1.000000
orientation T byte_order littleendian
Reading mask: /opt/freesurfer/average/711-2B_as_mni_average_305_mask.4dfp.img (2306576 pixels)
talsrcimg_g11.4dfp.img
       256       256       256         1
  1.000000  1.000000  1.000000
orientation T byte_order littleendian
Reading image: talsrcimg_g11.4dfp.img
dimensions:      256       256       256
mmppix:       1.0000   -1.0000   -1.0000
center:     128.0000 -129.0000 -129.0000
rotation matrix determinant  1.000000
fimgreg.f
image alignment mode   1283 decimal      503 hex
parameters
    0.0000   -7.5000    7.5000    0.0000    0.0000    0.0000
eta,q 0.92740 13.63892
niter,ni,del,rscale     5    3   12.0000    1.2000
parameter  4 -2.458983 ->  0.500000 qaram    1.1500
parameters
    0.6462   -8.6721    4.7403   -3.4500   -1.0850   -1.7419
eta,q 0.93674 13.73136
  0.0919  0.0776  0.0714  0.0588  0.0673  0.0660
  0.0871  0.0734  0.0706  0.0624  0.0648  0.0642
  0.0795  0.0715  0.0712  0.0671  0.0639  0.0633
  0.0729  0.0718  0.0715  0.0711  0.0637  0.0638
  0.0727  0.0731  0.0737  0.0746  0.0643  0.0655
  0.0789  0.0788  0.0795  0.0769  0.0671  0.0682
  0.0885  0.0862  0.0878  0.0792  0.0735  0.0713
niter,ni,del,rscale     5    3   12.0000    1.2000
parameter  4  2.226660 ->  0.500000 qaram    1.3225
parameters
    0.8537   -7.4041    4.6626   -7.4175   -1.2001   -1.5280
eta,q 0.94429 13.65015
  0.0827  0.0814  0.0713  0.0550  0.0642  0.0614
  0.0756  0.0751  0.0660  0.0551  0.0596  0.0583
  0.0674  0.0680  0.0638  0.0582  0.0566  0.0565
  0.0633  0.0632  0.0632  0.0632  0.0557  0.0557
  0.0651  0.0641  0.0634  0.0686  0.0567  0.0561
  0.0720  0.0671  0.0660  0.0736  0.0599  0.0576
  0.0819  0.0716  0.0722  0.0767  0.0650  0.0608
niter,ni,del,rscale     5    3   12.0000    1.2000
parameter  4  0.575195 ->  0.500000 qaram    1.5209
parameters
    0.9191   -6.8344    3.5358  -11.9801   -0.9168   -1.5551
eta,q 0.94747 13.61821
  0.0778  0.0756  0.0634  0.0555  0.0602  0.0563
  0.0691  0.0667  0.0575  0.0528  0.0573  0.0540
  0.0598  0.0591  0.0552  0.0527  0.0542  0.0530
  0.0557  0.0557  0.0559  0.0553  0.0526  0.0525
  0.0585  0.0588  0.0586  0.0610  0.0533  0.0526
  0.0671  0.0642  0.0641  0.0667  0.0556  0.0538
  0.0781  0.0683  0.0715  0.0717  0.0596  0.0567
niter,ni,del,rscale     5    3   12.0000    1.2000
parameters
    0.7638   -5.5450    2.2800  -13.4297   -0.5047   -1.7154
eta,q 0.95095 13.54359
  0.0724  0.0747  0.0600  0.0600  0.0584  0.0532
  0.0632  0.0661  0.0529  0.0537  0.0544  0.0508
  0.0556  0.0579  0.0496  0.0491  0.0505  0.0495
  0.0525  0.0525  0.0514  0.0497  0.0490  0.0490
  0.0553  0.0516  0.0564  0.0542  0.0498  0.0494
  0.0643  0.0559  0.0618  0.0610  0.0522  0.0510
  0.0751  0.0625  0.0681  0.0666  0.0566  0.0540
niter,ni,del,rscale     4    3   12.0000    1.2000
parameters
    0.4512   -4.6874    1.9244  -14.6754   -0.2224   -1.9108
eta,q 0.95228 13.47730
  0.0695  0.0702  0.0634  0.0596  0.0582  0.0526
  0.0590  0.0623  0.0545  0.0536  0.0532  0.0500
  0.0514  0.0542  0.0491  0.0483  0.0490  0.0483
  0.0490  0.0490  0.0485  0.0482  0.0477  0.0477
  0.0523  0.0494  0.0528  0.0527  0.0487  0.0483
  0.0624  0.0552  0.0591  0.0600  0.0517  0.0503
  0.0743  0.0619  0.0647  0.0656  0.0565  0.0534
niter,ni,del,rscale     3    3   12.0000    1.2000
parameters
    0.3215   -4.1607    1.6173  -15.4366   -0.1361   -1.9762
eta,q 0.95257 13.43203
  0.0702  0.0690  0.0633  0.0604  0.0577  0.0528
  0.0592  0.0607  0.0540  0.0546  0.0525  0.0500
  0.0506  0.0519  0.0486  0.0485  0.0484  0.0482
  0.0477  0.0477  0.0477  0.0475  0.0474  0.0474
  0.0508  0.0496  0.0516  0.0509  0.0486  0.0479
  0.0602  0.0561  0.0582  0.0584  0.0519  0.0500
  0.0727  0.0632  0.0646  0.0646  0.0572  0.0533
niter,ni,del,rscale     2    3   12.0000    1.2000
parameters
    0.3154   -3.8454    1.4087  -15.8687   -0.1580   -2.0182
eta,q 0.95269 13.40963
  0.0711  0.0684  0.0636  0.0612  0.0573  0.0530
  0.0597  0.0594  0.0542  0.0554  0.0521  0.0500
  0.0506  0.0505  0.0485  0.0488  0.0482  0.0481
  0.0474  0.0474  0.0475  0.0474  0.0473  0.0473
  0.0502  0.0500  0.0509  0.0500  0.0486  0.0479
  0.0593  0.0572  0.0574  0.0574  0.0520  0.0499
  0.0716  0.0640  0.0642  0.0639  0.0575  0.0535
niter,ni,del,rscale     1    3   12.0000    1.2000
parameters
    0.3543   -3.6716    1.2968  -16.1015   -0.2031   -2.0394
eta,q 0.95270 13.39980
  0.0715  0.0678  0.0640  0.0617  0.0572  0.0532
  0.0599  0.0584  0.0545  0.0559  0.0520  0.0501
  0.0505  0.0499  0.0486  0.0491  0.0482  0.0482
  0.0473  0.0473  0.0474  0.0473  0.0473  0.0473
  0.0500  0.0504  0.0505  0.0495  0.0486  0.0478
  0.0589  0.0580  0.0568  0.0567  0.0520  0.0500
  0.0713  0.0646  0.0637  0.0634  0.0575  0.0536
registration optimization eta report
parameter search radius
    6.0000    6.0000    6.0000    9.1253    6.0000    6.0000
100000*second partial in parameter space
       66.       51.       45.       18.       28.       17.
  0.0715  0.0678  0.0640  0.0617  0.0572  0.0532
  0.0599  0.0584  0.0545  0.0559  0.0520  0.0501
  0.0505  0.0499  0.0486  0.0491  0.0482  0.0482
  0.0473  0.0473  0.0474  0.0473  0.0473  0.0473
  0.0500  0.0504  0.0505  0.0495  0.0486  0.0478
  0.0589  0.0580  0.0568  0.0567  0.0520  0.0500
  0.0713  0.0646  0.0637  0.0634  0.0575  0.0536
    0.3543   -3.6716    1.2968  -16.1015   -0.2031   -2.0394
eta,q 0.95270 13.39980

---------------------------------------------------------------------
imgreg_4dfp /opt/freesurfer/average/711-2C_as_mni_average_305 /opt/freesurfer/average/711-2B_as_mni_average_305_mask talsrcimg_g11 none talsrcimg_to_711-2C_as_mni_average_305_t4 3335
---------------------------------------------------------------------

freesurfer imgreg_4dfp.c
/opt/freesurfer/average/711-2C_as_mni_average_305.4dfp.img
       256       256       256         1
  1.000000  1.000000  1.000000
orientation T byte_order littleendian
Reading image: /opt/freesurfer/average/711-2C_as_mni_average_305.4dfp.img
dimensions:      256       256       256
mmppix:       1.0000   -1.0000   -1.0000
center:     128.0000 -129.0000 -129.0000
/opt/freesurfer/average/711-2B_as_mni_average_305_mask.4dfp.img
       256       256       256         1
  1.000000  1.000000  1.000000
orientation T byte_order littleendian
Reading mask: /opt/freesurfer/average/711-2B_as_mni_average_305_mask.4dfp.img (2306576 pixels)
talsrcimg_g11.4dfp.img
       256       256       256         1
  1.000000  1.000000  1.000000
orientation T byte_order littleendian
Reading image: talsrcimg_g11.4dfp.img
dimensions:      256       256       256
mmppix:       1.0000   -1.0000   -1.0000
center:     128.0000 -129.0000 -129.0000
fimgreg.f
image alignment mode   3335 decimal      D07 hex
parameters
    0.3543   -3.6716    1.2968   -0.0640   -3.9802   -3.9234
    3.3209    1.3273   -3.5587   27.7043   -0.3545  -27.7338
eta,q 0.95423 13.59144
niter,ni,del,rscale     5    3    5.0000    1.2000
parameter  4  1.225277 ->  0.500000 qaram    1.1500
parameter  5  1.288220 ->  0.500000 qaram    1.1500
parameters
    0.4871   -3.4328    1.1490   -4.2040   -8.1202   -7.4994
    3.3146    3.0861   -1.2819   24.2882    1.6141  -26.1259
eta,q 0.97082 13.45354
  0.0525  0.0501  0.0487  0.0365  0.0300  0.0316  0.0347  0.0418  0.0339  0.0303  0.0318  0.0319
  0.0489  0.0479  0.0470  0.0375  0.0313  0.0310  0.0326  0.0368  0.0323  0.0295  0.0306  0.0306
  0.0466  0.0464  0.0460  0.0403  0.0336  0.0309  0.0313  0.0330  0.0311  0.0294  0.0298  0.0297
  0.0458  0.0458  0.0457  0.0457  0.0380  0.0318  0.0309  0.0309  0.0304  0.0302  0.0294  0.0292
  0.0464  0.0460  0.0463  0.0534  0.0438  0.0352  0.0313  0.0305  0.0302  0.0318  0.0293  0.0292
  0.0482  0.0470  0.0476  0.0618  0.0502  0.0409  0.0326  0.0317  0.0304  0.0344  0.0295  0.0296
  0.0510  0.0487  0.0494  0.0694  0.0568  0.0486  0.0347  0.0348  0.0312  0.0378  0.0301  0.0303
niter,ni,del,rscale     6    3    5.0000    1.2000
parameter  2 -0.534355 -> -0.500000 qaram    1.1500
parameter  5  0.656709 ->  0.500000 qaram    1.3225
parameters
    0.8239   -2.0528    0.0742   -7.2703  -12.8812   -8.7908
    3.6083    2.7215   -1.3028   24.7518    0.7561  -29.5234
eta,q 0.97473 13.05250
  0.0351  0.0352  0.0283  0.0295  0.0257  0.0270  0.0288  0.0300  0.0277  0.0285  0.0261  0.0257
  0.0322  0.0326  0.0279  0.0284  0.0256  0.0260  0.0271  0.0274  0.0266  0.0270  0.0258  0.0253
  0.0302  0.0305  0.0278  0.0277  0.0261  0.0257  0.0261  0.0260  0.0259  0.0260  0.0256  0.0253
  0.0292  0.0291  0.0282  0.0278  0.0277  0.0257  0.0256  0.0256  0.0256  0.0256  0.0256  0.0256
  0.0293  0.0283  0.0289  0.0303  0.0315  0.0258  0.0259  0.0262  0.0259  0.0257  0.0257  0.0262
  0.0304  0.0282  0.0301  0.0364  0.0370  0.0266  0.0268  0.0280  0.0266  0.0265  0.0260  0.0270
  0.0325  0.0289  0.0316  0.0449  0.0434  0.0298  0.0283  0.0310  0.0277  0.0279  0.0265  0.0279
niter,ni,del,rscale     7    3    5.0000    1.2000
parameters
    0.8814   -1.1616   -0.2726   -7.6801  -16.1861   -9.3316
    3.3662    2.6740   -1.7092   25.5150   -0.6262  -31.4422
eta,q 0.97559 12.84048
  0.0291  0.0308  0.0259  0.0286  0.0265  0.0262  0.0272  0.0291  0.0265  0.0278  0.0250  0.0251
  0.0271  0.0283  0.0252  0.0270  0.0252  0.0251  0.0257  0.0264  0.0254  0.0261  0.0246  0.0246
  0.0258  0.0265  0.0249  0.0258  0.0246  0.0246  0.0248  0.0250  0.0247  0.0250  0.0245  0.0244
  0.0253  0.0253  0.0248  0.0248  0.0249  0.0246  0.0246  0.0246  0.0246  0.0246  0.0246  0.0245
  0.0256  0.0248  0.0251  0.0245  0.0266  0.0249  0.0250  0.0251  0.0250  0.0248  0.0247  0.0249
  0.0268  0.0252  0.0258  0.0262  0.0307  0.0251  0.0260  0.0266  0.0258  0.0255  0.0250  0.0256
  0.0289  0.0266  0.0268  0.0311  0.0371  0.0271  0.0275  0.0291  0.0269  0.0265  0.0255  0.0265
niter,ni,del,rscale     6    3    5.0000    1.2000
parameters
    0.9103   -0.8233   -0.3354   -7.6558  -17.2443   -9.3844
    3.3483    2.7871   -1.6580   25.9428   -0.8196  -31.9319
eta,q 0.97558 12.79309
  0.0281  0.0288  0.0257  0.0282  0.0279  0.0263  0.0273  0.0293  0.0267  0.0273  0.0251  0.0255
  0.0262  0.0266  0.0250  0.0265  0.0261  0.0251  0.0257  0.0263  0.0254  0.0257  0.0247  0.0249
  0.0249  0.0251  0.0245  0.0253  0.0248  0.0245  0.0247  0.0248  0.0246  0.0247  0.0245  0.0245
  0.0244  0.0244  0.0244  0.0244  0.0244  0.0244  0.0244  0.0244  0.0244  0.0244  0.0244  0.0244
  0.0248  0.0245  0.0245  0.0240  0.0248  0.0246  0.0248  0.0250  0.0247  0.0247  0.0245  0.0246
  0.0260  0.0254  0.0251  0.0252  0.0267  0.0248  0.0258  0.0264  0.0255  0.0255  0.0248  0.0251
  0.0280  0.0271  0.0259  0.0294  0.0312  0.0265  0.0272  0.0287  0.0265  0.0266  0.0252  0.0259
niter,ni,del,rscale     5    3    5.0000    1.2000
parameters
    0.9130   -0.7291   -0.3674   -7.6298  -17.3849   -9.3629
    3.3569    2.8241   -1.5986   26.1063   -0.8944  -32.0545
eta,q 0.97556 12.79436
  0.0280  0.0281  0.0258  0.0282  0.0285  0.0263  0.0273  0.0292  0.0267  0.0271  0.0252  0.0257
  0.0261  0.0262  0.0251  0.0266  0.0266  0.0252  0.0257  0.0263  0.0254  0.0256  0.0247  0.0250
  0.0249  0.0249  0.0246  0.0254  0.0252  0.0245  0.0247  0.0248  0.0246  0.0247  0.0245  0.0246
  0.0244  0.0244  0.0244  0.0244  0.0244  0.0244  0.0244  0.0244  0.0244  0.0244  0.0244  0.0244
  0.0248  0.0248  0.0246  0.0241  0.0245  0.0246  0.0248  0.0251  0.0247  0.0248  0.0245  0.0246
  0.0260  0.0259  0.0251  0.0253  0.0259  0.0248  0.0258  0.0265  0.0255  0.0256  0.0248  0.0251
  0.0281  0.0277  0.0259  0.0294  0.0296  0.0265  0.0272  0.0288  0.0265  0.0267  0.0252  0.0258
niter,ni,del,rscale     4    3    5.0000    1.2000
parameters
    0.9120   -0.7072   -0.3833   -7.6365  -17.4082   -9.3739
    3.3536    2.8315   -1.5706   26.1372   -0.9340  -32.0857
eta,q 0.97555 12.79325
  0.0280  0.0280  0.0258  0.0282  0.0286  0.0263  0.0273  0.0292  0.0267  0.0270  0.0252  0.0257
  0.0261  0.0261  0.0251  0.0266  0.0267  0.0252  0.0257  0.0262  0.0254  0.0255  0.0247  0.0250
  0.0249  0.0249  0.0246  0.0254  0.0252  0.0245  0.0247  0.0248  0.0246  0.0247  0.0245  0.0246
  0.0244  0.0244  0.0244  0.0244  0.0244  0.0244  0.0244  0.0244  0.0244  0.0244  0.0244  0.0244
  0.0248  0.0249  0.0246  0.0241  0.0245  0.0246  0.0248  0.0251  0.0248  0.0248  0.0245  0.0246
  0.0261  0.0260  0.0251  0.0253  0.0258  0.0248  0.0258  0.0265  0.0255  0.0257  0.0248  0.0250
  0.0281  0.0278  0.0259  0.0295  0.0294  0.0266  0.0272  0.0288  0.0265  0.0268  0.0252  0.0257
registration optimization eta report
parameter search radius
    2.4000    2.7600    2.4000    8.2800    9.5220    7.2000
    7.2000    7.2000    7.2000    7.2000    7.2000    7.2000
100000*second partial in parameter space
       63.       45.       25.        7.        5.        4.
        5.        9.        4.        5.        1.        2.
  0.0280  0.0280  0.0258  0.0282  0.0286  0.0263  0.0273  0.0292  0.0267  0.0270  0.0252  0.0257
  0.0261  0.0261  0.0251  0.0266  0.0267  0.0252  0.0257  0.0262  0.0254  0.0255  0.0247  0.0250
  0.0249  0.0249  0.0246  0.0254  0.0252  0.0245  0.0247  0.0248  0.0246  0.0247  0.0245  0.0246
  0.0244  0.0244  0.0244  0.0244  0.0244  0.0244  0.0244  0.0244  0.0244  0.0244  0.0244  0.0244
  0.0248  0.0249  0.0246  0.0241  0.0245  0.0246  0.0248  0.0251  0.0248  0.0248  0.0245  0.0246
  0.0261  0.0260  0.0251  0.0253  0.0258  0.0248  0.0258  0.0265  0.0255  0.0257  0.0248  0.0250
  0.0281  0.0278  0.0259  0.0295  0.0294  0.0266  0.0272  0.0288  0.0265  0.0268  0.0252  0.0257
    0.9120   -0.7072   -0.3833   -7.6365  -17.4082   -9.3739
    3.3536    2.8315   -1.5706   26.1372   -0.9340  -32.0857
eta,q 0.97555 12.79325

---------------------------------------------------------------------
imgreg_4dfp /opt/freesurfer/average/711-2C_as_mni_average_305 /opt/freesurfer/average/711-2B_as_mni_average_305_mask talsrcimg_g11 none talsrcimg_to_711-2C_as_mni_average_305_t4 2311
---------------------------------------------------------------------

freesurfer imgreg_4dfp.c
/opt/freesurfer/average/711-2C_as_mni_average_305.4dfp.img
       256       256       256         1
  1.000000  1.000000  1.000000
orientation T byte_order littleendian
Reading image: /opt/freesurfer/average/711-2C_as_mni_average_305.4dfp.img
dimensions:      256       256       256
mmppix:       1.0000   -1.0000   -1.0000
center:     128.0000 -129.0000 -129.0000
/opt/freesurfer/average/711-2B_as_mni_average_305_mask.4dfp.img
       256       256       256         1
  1.000000  1.000000  1.000000
orientation T byte_order littleendian
Reading mask: /opt/freesurfer/average/711-2B_as_mni_average_305_mask.4dfp.img (2306576 pixels)
talsrcimg_g11.4dfp.img
       256       256       256         1
  1.000000  1.000000  1.000000
orientation T byte_order littleendian
Reading image: talsrcimg_g11.4dfp.img
dimensions:      256       256       256
mmppix:       1.0000   -1.0000   -1.0000
center:     128.0000 -129.0000 -129.0000
fimgreg.f
image alignment mode   2311 decimal      907 hex
parameters
    0.9120   -0.7072   -0.3833   -7.6365  -17.4082   -9.3739
    3.3536    2.8315   -1.5706   26.1372   -0.9340  -32.0857
eta,q 0.97555 12.79325
niter,ni,del,rscale     5    3    5.0000    0.8000
parameters
    0.9307   -0.7166   -0.3403   -5.7133  -16.3498   -8.7681
    3.1117    3.1243   -1.4712   26.2327    0.4353  -31.7888
eta,q 0.97599 13.00381
  0.0261  0.0257  0.0251  0.0263  0.0256  0.0249  0.0254  0.0269  0.0251  0.0252  0.0248  0.0247
  0.0252  0.0250  0.0248  0.0256  0.0249  0.0244  0.0246  0.0253  0.0245  0.0245  0.0244  0.0243
  0.0247  0.0246  0.0245  0.0250  0.0244  0.0241  0.0242  0.0244  0.0242  0.0241  0.0242  0.0241
  0.0244  0.0244  0.0244  0.0244  0.0241  0.0240  0.0240  0.0240  0.0240  0.0240  0.0240  0.0240
  0.0246  0.0246  0.0245  0.0241  0.0240  0.0241  0.0243  0.0243  0.0242  0.0242  0.0240  0.0241
  0.0252  0.0250  0.0247  0.0241  0.0242  0.0242  0.0248  0.0250  0.0245  0.0245  0.0241  0.0242
  0.0261  0.0257  0.0251  0.0248  0.0247  0.0245  0.0257  0.0262  0.0250  0.0251  0.0242  0.0246
niter,ni,del,rscale     4    3    5.0000    0.7000
parameters
    0.9185   -0.8376   -0.3075   -5.7693  -16.1280   -7.8969
    3.3050    3.0616   -1.5803   26.5089    0.7704  -31.7694
eta,q 0.97598 13.07473
  0.0254  0.0248  0.0246  0.0253  0.0249  0.0246  0.0252  0.0259  0.0248  0.0250  0.0245  0.0245
  0.0246  0.0243  0.0243  0.0248  0.0244  0.0242  0.0246  0.0248  0.0243  0.0244  0.0242  0.0242
  0.0242  0.0241  0.0241  0.0243  0.0241  0.0241  0.0242  0.0242  0.0241  0.0241  0.0241  0.0241
  0.0240  0.0240  0.0240  0.0240  0.0240  0.0240  0.0240  0.0240  0.0240  0.0240  0.0240  0.0240
  0.0242  0.0242  0.0240  0.0240  0.0240  0.0240  0.0241  0.0243  0.0241  0.0241  0.0240  0.0241
  0.0247  0.0246  0.0242  0.0245  0.0243  0.0240  0.0245  0.0249  0.0244  0.0243  0.0242  0.0242
  0.0255  0.0251  0.0245  0.0257  0.0248  0.0242  0.0250  0.0260  0.0248  0.0247  0.0243  0.0245
niter,ni,del,rscale     3    3    5.0000    0.6000
parameters
    0.8932   -0.8801   -0.2744   -5.5520  -16.0229   -7.8075
    3.3295    3.0569   -1.6038   26.4877    0.8837  -31.6593
eta,q 0.97601 13.09356
  0.0251  0.0247  0.0244  0.0252  0.0246  0.0243  0.0248  0.0255  0.0246  0.0246  0.0243  0.0244
  0.0245  0.0243  0.0242  0.0247  0.0243  0.0241  0.0244  0.0246  0.0242  0.0242  0.0241  0.0241
  0.0241  0.0241  0.0241  0.0243  0.0241  0.0240  0.0241  0.0241  0.0240  0.0240  0.0240  0.0240
  0.0240  0.0240  0.0240  0.0240  0.0240  0.0240  0.0240  0.0240  0.0240  0.0240  0.0240  0.0240
  0.0242  0.0241  0.0240  0.0240  0.0240  0.0240  0.0241  0.0242  0.0241  0.0241  0.0240  0.0240
  0.0245  0.0244  0.0242  0.0243  0.0242  0.0240  0.0244  0.0246  0.0243  0.0243  0.0241  0.0241
  0.0251  0.0248  0.0244  0.0251  0.0245  0.0243  0.0248  0.0255  0.0246  0.0246  0.0243  0.0243
niter,ni,del,rscale     2    3    5.0000    0.5000
parameters
    0.8874   -0.8963   -0.2619   -5.3809  -15.9690   -7.6917
    3.3330    3.0658   -1.6322   26.4799    0.9803  -31.6040
eta,q 0.97603 13.10956
  0.0247  0.0245  0.0243  0.0249  0.0244  0.0241  0.0246  0.0250  0.0244  0.0244  0.0242  0.0242
  0.0243  0.0242  0.0241  0.0245  0.0241  0.0240  0.0242  0.0244  0.0241  0.0241  0.0241  0.0241
  0.0241  0.0240  0.0240  0.0242  0.0240  0.0240  0.0240  0.0241  0.0240  0.0240  0.0240  0.0240
  0.0240  0.0240  0.0240  0.0240  0.0240  0.0240  0.0240  0.0240  0.0240  0.0240  0.0240  0.0240
  0.0241  0.0241  0.0240  0.0240  0.0240  0.0240  0.0240  0.0241  0.0240  0.0240  0.0240  0.0240
  0.0243  0.0242  0.0241  0.0242  0.0241  0.0240  0.0242  0.0244  0.0242  0.0242  0.0240  0.0241
  0.0248  0.0245  0.0243  0.0248  0.0244  0.0241  0.0246  0.0250  0.0244  0.0244  0.0242  0.0242
niter,ni,del,rscale     1    3    5.0000    0.4000
parameters
    0.8838   -0.9114   -0.2520   -5.2399  -15.9410   -7.7539
    3.3364    3.0660   -1.6667   26.4087    1.0239  -31.5529
eta,q 0.97604 13.11075
  0.0245  0.0243  0.0241  0.0246  0.0242  0.0240  0.0243  0.0246  0.0242  0.0242  0.0241  0.0241
  0.0242  0.0241  0.0240  0.0243  0.0241  0.0240  0.0241  0.0243  0.0241  0.0241  0.0240  0.0240
  0.0240  0.0240  0.0240  0.0241  0.0240  0.0239  0.0240  0.0240  0.0240  0.0240  0.0240  0.0240
  0.0240  0.0240  0.0240  0.0240  0.0240  0.0240  0.0240  0.0240  0.0240  0.0240  0.0240  0.0240
  0.0240  0.0240  0.0240  0.0240  0.0240  0.0240  0.0240  0.0240  0.0240  0.0240  0.0240  0.0240
  0.0242  0.0241  0.0240  0.0241  0.0241  0.0240  0.0241  0.0243  0.0241  0.0241  0.0240  0.0240
  0.0245  0.0243  0.0241  0.0245  0.0242  0.0240  0.0243  0.0246  0.0242  0.0242  0.0241  0.0241
registration optimization eta report
parameter search radius
    0.8000    0.8000    0.8000    2.4000    2.4000    2.4000
    2.4000    2.4000    2.4000    2.4000    2.4000    2.4000
100000*second partial in parameter space
       79.       50.       27.       10.        4.        1.
        7.       12.        5.        5.        2.        3.
  0.0245  0.0243  0.0241  0.0246  0.0242  0.0240  0.0243  0.0246  0.0242  0.0242  0.0241  0.0241
  0.0242  0.0241  0.0240  0.0243  0.0241  0.0240  0.0241  0.0243  0.0241  0.0241  0.0240  0.0240
  0.0240  0.0240  0.0240  0.0241  0.0240  0.0239  0.0240  0.0240  0.0240  0.0240  0.0240  0.0240
  0.0240  0.0240  0.0240  0.0240  0.0240  0.0240  0.0240  0.0240  0.0240  0.0240  0.0240  0.0240
  0.0240  0.0240  0.0240  0.0240  0.0240  0.0240  0.0240  0.0240  0.0240  0.0240  0.0240  0.0240
  0.0242  0.0241  0.0240  0.0241  0.0241  0.0240  0.0241  0.0243  0.0241  0.0241  0.0240  0.0240
  0.0245  0.0243  0.0241  0.0245  0.0242  0.0240  0.0243  0.0246  0.0242  0.0242  0.0241  0.0241
    0.8838   -0.9114   -0.2520   -5.2399  -15.9410   -7.7539
    3.3364    3.0660   -1.6667   26.4087    1.0239  -31.5529
eta,q 0.97604 13.11075

---------------------------------------------------------------------
imgreg_4dfp /opt/freesurfer/average/711-2C_as_mni_average_305 /opt/freesurfer/average/711-2B_as_mni_average_305_mask talsrcimg_g11 none talsrcimg_to_711-2C_as_mni_average_305_t4 2311
---------------------------------------------------------------------

freesurfer imgreg_4dfp.c
/opt/freesurfer/average/711-2C_as_mni_average_305.4dfp.img
       256       256       256         1
  1.000000  1.000000  1.000000
orientation T byte_order littleendian
Reading image: /opt/freesurfer/average/711-2C_as_mni_average_305.4dfp.img
dimensions:      256       256       256
mmppix:       1.0000   -1.0000   -1.0000
center:     128.0000 -129.0000 -129.0000
/opt/freesurfer/average/711-2B_as_mni_average_305_mask.4dfp.img
       256       256       256         1
  1.000000  1.000000  1.000000
orientation T byte_order littleendian
Reading mask: /opt/freesurfer/average/711-2B_as_mni_average_305_mask.4dfp.img (2306576 pixels)
talsrcimg_g11.4dfp.img
       256       256       256         1
  1.000000  1.000000  1.000000
orientation T byte_order littleendian
Reading image: talsrcimg_g11.4dfp.img
dimensions:      256       256       256
mmppix:       1.0000   -1.0000   -1.0000
center:     128.0000 -129.0000 -129.0000
fimgreg.f
image alignment mode   2311 decimal      907 hex
parameters
    0.8838   -0.9114   -0.2520   -5.2399  -15.9410   -7.7539
    3.3364    3.0660   -1.6667   26.4087    1.0239  -31.5529
eta,q 0.97604 13.11074
niter,ni,del,rscale     5    3    5.0000    0.8000
parameters
    0.8800   -0.9105   -0.2582   -5.9202  -16.0813   -8.2391
    3.4002    2.9608   -1.6078   26.3549    0.7169  -31.6102
eta,q 0.97597 13.04296
  0.0260  0.0252  0.0246  0.0255  0.0250  0.0246  0.0255  0.0264  0.0251  0.0252  0.0244  0.0246
  0.0248  0.0245  0.0243  0.0248  0.0245  0.0242  0.0247  0.0250  0.0245  0.0245  0.0242  0.0243
  0.0242  0.0241  0.0240  0.0243  0.0242  0.0240  0.0242  0.0243  0.0241  0.0241  0.0241  0.0241
  0.0240  0.0240  0.0240  0.0240  0.0240  0.0240  0.0240  0.0240  0.0240  0.0240  0.0240  0.0240
  0.0242  0.0241  0.0240  0.0242  0.0241  0.0240  0.0242  0.0243  0.0242  0.0242  0.0241  0.0241
  0.0249  0.0245  0.0243  0.0253  0.0245  0.0242  0.0247  0.0252  0.0245  0.0246  0.0243  0.0243
  0.0260  0.0252  0.0247  0.0275  0.0253  0.0252  0.0254  0.0266  0.0250  0.0251  0.0245  0.0247
niter,ni,del,rscale     4    3    5.0000    0.7000
parameters
    0.8958   -0.8663   -0.2682   -5.7695  -16.0872   -7.9601
    3.3333    3.0258   -1.6005   26.4449    0.7980  -31.6899
eta,q 0.97599 13.07036
  0.0255  0.0250  0.0245  0.0255  0.0248  0.0245  0.0251  0.0260  0.0248  0.0249  0.0244  0.0245
  0.0247  0.0245  0.0243  0.0249  0.0244  0.0242  0.0245  0.0249  0.0244  0.0244  0.0242  0.0242
  0.0242  0.0241  0.0241  0.0244  0.0241  0.0240  0.0241  0.0242  0.0241  0.0241  0.0240  0.0241
  0.0240  0.0240  0.0240  0.0240  0.0240  0.0240  0.0240  0.0240  0.0240  0.0240  0.0240  0.0240
  0.0242  0.0241  0.0241  0.0240  0.0241  0.0240  0.0241  0.0242  0.0241  0.0241  0.0241  0.0241
  0.0246  0.0244  0.0243  0.0244  0.0243  0.0240  0.0245  0.0248  0.0244  0.0244  0.0242  0.0242
  0.0254  0.0249  0.0246  0.0256  0.0249  0.0244  0.0252  0.0259  0.0248  0.0248  0.0244  0.0245
niter,ni,del,rscale     3    3    5.0000    0.6000
parameters
    0.8937   -0.8827   -0.2648   -5.5554  -16.0205   -7.8022
    3.3322    3.0525   -1.6148   26.4795    0.9013  -31.6560
eta,q 0.97601 13.09354
  0.0251  0.0247  0.0244  0.0252  0.0246  0.0243  0.0248  0.0255  0.0246  0.0246  0.0243  0.0243
  0.0245  0.0243  0.0242  0.0247  0.0243  0.0241  0.0244  0.0246  0.0242  0.0242  0.0241  0.0241
  0.0241  0.0241  0.0241  0.0243  0.0241  0.0240  0.0241  0.0241  0.0240  0.0240  0.0240  0.0240
  0.0240  0.0240  0.0240  0.0240  0.0240  0.0240  0.0240  0.0240  0.0240  0.0240  0.0240  0.0240
  0.0241  0.0241  0.0240  0.0240  0.0240  0.0240  0.0241  0.0241  0.0241  0.0241  0.0240  0.0240
  0.0245  0.0243  0.0242  0.0243  0.0242  0.0240  0.0244  0.0246  0.0243  0.0243  0.0241  0.0241
  0.0251  0.0247  0.0244  0.0251  0.0246  0.0242  0.0248  0.0254  0.0246  0.0246  0.0243  0.0243
niter,ni,del,rscale     2    3    5.0000    0.5000
parameters
    0.8884   -0.8970   -0.2658   -5.3815  -15.9639   -7.6835
    3.3368    3.0662   -1.6386   26.4833    0.9728  -31.6143
eta,q 0.97603 13.11059
  0.0247  0.0245  0.0243  0.0249  0.0244  0.0241  0.0246  0.0251  0.0244  0.0244  0.0242  0.0242
  0.0243  0.0242  0.0241  0.0245  0.0241  0.0240  0.0242  0.0244  0.0241  0.0241  0.0241  0.0241
  0.0241  0.0240  0.0240  0.0242  0.0240  0.0240  0.0240  0.0241  0.0240  0.0240  0.0240  0.0240
  0.0240  0.0240  0.0240  0.0240  0.0240  0.0240  0.0240  0.0240  0.0240  0.0240  0.0240  0.0240
  0.0241  0.0240  0.0240  0.0240  0.0240  0.0240  0.0240  0.0241  0.0240  0.0240  0.0240  0.0240
  0.0243  0.0242  0.0241  0.0242  0.0241  0.0240  0.0242  0.0244  0.0242  0.0242  0.0241  0.0241
  0.0248  0.0245  0.0243  0.0248  0.0244  0.0241  0.0246  0.0250  0.0244  0.0244  0.0242  0.0242
niter,ni,del,rscale     1    3    5.0000    0.4000
parameters
    0.8828   -0.9117   -0.2508   -5.2350  -15.9381   -7.7389
    3.3324    3.0674   -1.6577   26.4189    1.0093  -31.5527
eta,q 0.97605 13.11216
  0.0245  0.0243  0.0241  0.0246  0.0242  0.0240  0.0243  0.0246  0.0242  0.0242  0.0241  0.0241
  0.0242  0.0241  0.0241  0.0243  0.0241  0.0240  0.0241  0.0243  0.0241  0.0241  0.0240  0.0240
  0.0240  0.0240  0.0240  0.0241  0.0240  0.0239  0.0240  0.0240  0.0240  0.0240  0.0240  0.0240
  0.0240  0.0240  0.0240  0.0240  0.0240  0.0240  0.0240  0.0240  0.0240  0.0240  0.0240  0.0240
  0.0240  0.0240  0.0240  0.0240  0.0240  0.0240  0.0240  0.0240  0.0240  0.0240  0.0240  0.0240
  0.0242  0.0241  0.0240  0.0241  0.0241  0.0240  0.0241  0.0243  0.0241  0.0241  0.0240  0.0240
  0.0245  0.0243  0.0241  0.0245  0.0242  0.0240  0.0243  0.0246  0.0242  0.0242  0.0241  0.0241
registration optimization eta report
parameter search radius
    0.8000    0.8000    0.8000    2.4000    2.4000    2.4000
    2.4000    2.4000    2.4000    2.4000    2.4000    2.4000
100000*second partial in parameter space
       78.       50.       27.       10.        4.        1.
        7.       12.        5.        5.        2.        3.
  0.0245  0.0243  0.0241  0.0246  0.0242  0.0240  0.0243  0.0246  0.0242  0.0242  0.0241  0.0241
  0.0242  0.0241  0.0241  0.0243  0.0241  0.0240  0.0241  0.0243  0.0241  0.0241  0.0240  0.0240
  0.0240  0.0240  0.0240  0.0241  0.0240  0.0239  0.0240  0.0240  0.0240  0.0240  0.0240  0.0240
  0.0240  0.0240  0.0240  0.0240  0.0240  0.0240  0.0240  0.0240  0.0240  0.0240  0.0240  0.0240
  0.0240  0.0240  0.0240  0.0240  0.0240  0.0240  0.0240  0.0240  0.0240  0.0240  0.0240  0.0240
  0.0242  0.0241  0.0240  0.0241  0.0241  0.0240  0.0241  0.0243  0.0241  0.0241  0.0240  0.0240
  0.0245  0.0243  0.0241  0.0245  0.0242  0.0240  0.0243  0.0246  0.0242  0.0242  0.0241  0.0241
    0.8828   -0.9117   -0.2508   -5.2350  -15.9381   -7.7389
    3.3324    3.0674   -1.6577   26.4189    1.0093  -31.5527
eta,q 0.97605 13.11216

---------------------------------------------------------------------
compute_vox2vox talsrcimg talsrcimg_to_711-2C_as_mni_average_305_t4 /opt/freesurfer/average/711-2C_as_mni_average_305
---------------------------------------------------------------------

freesurfer compute_vox2vox.c
Reading: talsrcimg.4dfp.ifh
Reading: talsrcimg_to_711-2C_as_mni_average_305_t4
Reading: /opt/freesurfer/average/711-2C_as_mni_average_305.4dfp.ifh
Writing: talsrcimg_to_711-2C_as_mni_average_305_t4_vox2vox.txt

start time Wed Mar 11 10:41:31 CET 2026
end		time Wed Mar 11 10:42:57 CET 2026

mpr2mni305 success

avi2talxfm orig_nu.mgz /opt/freesurfer/average/mni305.cor.mgz talsrcimg_to_711-2C_as_mni_average_305_t4_vox2vox.txt transforms/talairach.auto.xfm
avi2talxfm done
mv -f /out/sourcedata/freesurfer/sub-v2s16x51244_ses-1/mri/talsrcimg_to_711-2C_as_mni_average_305_t4_vox2vox.txt /out/sourcedata/freesurfer/sub-v2s16x51244_ses-1/mri/transforms/talsrcimg_to_711-2C_as_mni_average_305_t4_vox2vox.txt
lta_convert --src orig_nu.mgz --trg /opt/freesurfer/average/mni305.cor.mgz --inxfm transforms/talairach.auto.xfm --outlta transforms/talairach.auto.xfm.lta --subject fsaverage
7.3.2

--src: orig_nu.mgz src image (geometry).
--trg: /opt/freesurfer/average/mni305.cor.mgz trg image (geometry).
--inmni: transforms/talairach.auto.xfm input MNI/XFM transform.
--outlta: transforms/talairach.auto.xfm.lta output LTA.
--s: fsaverage subject name
 LTA read, type : 1
 1.05460  -0.02085  -0.04963   5.38429;
-0.00399   0.97877   0.36754  -23.93960;
 0.02205  -0.30802   1.07311   1.73290;
 0.00000   0.00000   0.00000   1.00000;
setting subject to fsaverage
Writing  LTA to file transforms/talairach.auto.xfm.lta...
lta_convert successful.
 
 
Started at Wed Mar 11 10:41:30 CET 2026
Ended   at Wed Mar 11 10:42:57 CET 2026
talairach_avi done
