/out/sourcedata/freesurfer/sub-v2s16x51294_ses-1/mri
/opt/freesurfer/bin/talairach_avi
--i orig_nu.mgz --xfm transforms/talairach.auto.xfm
talairach_avi 7.3.2
Linux dna023 5.14.0-427.37.1.el9_4.x86_64 #1 SMP PREEMPT_DYNAMIC Fri Sep 13 12:41:50 EDT 2024 x86_64 x86_64 x86_64 GNU/Linux
Wed Mar 11 11:27:00 CET 2026
mri_convert orig_nu.mgz talsrcimg.img 
reading from orig_nu.mgz...
TR=0.00, TE=0.00, TI=0.00, flip angle=0.00
i_ras = (-1, 0, 0)
j_ras = (0, 0, -1)
k_ras = (0, 1, 0)
writing to talsrcimg.img...
Analyze Output Matrix
-1.00000   0.00000   0.00000   132.02115;
 0.00000   0.00000   1.00000  -123.76801;
 0.00000  -1.00000   0.00000   141.50121;
 0.00000   0.00000   0.00000   1.00000;
--------------------
INFO: set hdr.hist.orient to -1
mpr2mni305 talsrcimg
Wed Mar 11 11:27:00 CET 2026
/opt/freesurfer/bin/mpr2mni305 talsrcimg
mpr2mni305 7.3.2
target=711-2C_as_mni_average_305

---------------------------------------------------------------------
analyzeto4dfp talsrcimg -O0 -y
---------------------------------------------------------------------

freesurfer ifh2hdr.c
Wed Mar 11 11:27:00 2026
Writing: talsrcimg.4dfp.hdr
freesurfer analyzeto4dfp.c
Reading: talsrcimg.hdr
header size 348 bytes
hdr.dime.datatype	offset=70	value=2
hdr.dime.bitpix		offset=72	value=8
hdr.hist.orient		offset=252	value=-1
dimensionality     4
dimensions       256       256       256         1
Reading: talsrcimg.img
Writing: talsrcimg.4dfp.img
Writing: talsrcimg.4dfp.ifh
ifh2hdr talsrcimg -r0to192
ori=2

---------------------------------------------------------------------
gauss_4dfp talsrcimg 1.1
---------------------------------------------------------------------

freesurfer gauss_4dfp.c
Reading: talsrcimg.4dfp.img
Writing: talsrcimg_g11.4dfp.img
image dimensions 256 256 256 padded to 288 288 288
processing volume 1freesurfer ifh2hdr.c
Wed Mar 11 11:27:02 2026
Writing: talsrcimg_g11.4dfp.hdr

Writing: talsrcimg_g11.4dfp.ifh
including: talsrcimg.4dfp.img.rec in talsrcimg_g11.4dfp.img.rec

---------------------------------------------------------------------
imgreg_4dfp /opt/freesurfer/average/711-2C_as_mni_average_305 none talsrcimg_g11 none talsrcimg_to_711-2C_as_mni_average_305_t4 4355
---------------------------------------------------------------------

freesurfer imgreg_4dfp.c
/opt/freesurfer/average/711-2C_as_mni_average_305.4dfp.img
       256       256       256         1
  1.000000  1.000000  1.000000
orientation T byte_order littleendian
Reading image: /opt/freesurfer/average/711-2C_as_mni_average_305.4dfp.img
dimensions:      256       256       256
mmppix:       1.0000   -1.0000   -1.0000
center:     128.0000 -129.0000 -129.0000
talsrcimg_g11.4dfp.img
       256       256       256         1
  1.000000  1.000000  1.000000
orientation T byte_order littleendian
Reading image: talsrcimg_g11.4dfp.img
dimensions:      256       256       256
mmppix:       1.0000   -1.0000   -1.0000
center:     128.0000 -129.0000 -129.0000
t4_read: open error in t4_sub.f l:  41 t4_file(1:l)talsrcimg_to_711-2C_as_mni_average_305_t4 
t4_read: transform initialized to I4
rotation matrix determinant  1.000000
image alignment mode   4355 decimal     1103 hex
   -7.5000  -45.0000  -45.0000 9319.4746    9.8595
    0.0000  -45.0000  -45.0000 9642.1289    9.8858
    7.5000  -45.0000  -45.0000 9213.3496    9.8720
   -7.5000  -37.5000  -45.0000 9723.8838    9.6841
    0.0000  -37.5000  -45.000010051.9619    9.7115
    7.5000  -37.5000  -45.0000 9594.6465    9.6987
   -7.5000  -30.0000  -45.000010527.2021    9.4357
    0.0000  -30.0000  -45.000010886.4170    9.4634
    7.5000  -30.0000  -45.000010379.4707    9.4508
   -7.5000  -22.5000  -45.000011312.6299    9.2564
    0.0000  -22.5000  -45.000011714.5762    9.2841
    7.5000  -22.5000  -45.000011153.5537    9.2711
   -7.5000  -15.0000  -45.000012037.8174    9.1015
    0.0000  -15.0000  -45.000012453.1758    9.1281
    7.5000  -15.0000  -45.000011870.3574    9.1147
   -7.5000   -7.5000  -45.000012703.4404    8.9867
    0.0000   -7.5000  -45.000013144.6523    9.0125
    7.5000   -7.5000  -45.000012529.0010    8.9988
   -7.5000    0.0000  -45.000013313.7119    8.9213
    0.0000    0.0000  -45.000013780.5537    8.9478
    7.5000    0.0000  -45.000013128.0850    8.9351
   -7.5000    7.5000  -45.000013004.9014    8.9777
    0.0000    7.5000  -45.000013482.3115    9.0054
    7.5000    7.5000  -45.000012834.8320    8.9935
   -7.5000   15.0000  -45.000012691.0361    9.0835
    0.0000   15.0000  -45.000013179.4648    9.1117
    7.5000   15.0000  -45.000012537.5186    9.0996
   -7.5000   22.5000  -45.000012248.0732    9.2329
    0.0000   22.5000  -45.000012713.9951    9.2608
    7.5000   22.5000  -45.000012091.2207    9.2477
   -7.5000   30.0000  -45.000011522.8340    9.2878
    0.0000   30.0000  -45.000011937.7324    9.3142
    7.5000   30.0000  -45.000011367.7930    9.2997
   -7.5000   37.5000  -45.000011234.4658    9.4237
    0.0000   37.5000  -45.000011638.4443    9.4491
    7.5000   37.5000  -45.000011062.1943    9.4336
   -7.5000   45.0000  -45.000010534.7324    9.3389
    0.0000   45.0000  -45.000010926.0820    9.3641
    7.5000   45.0000  -45.000010367.1406    9.3494
   -7.5000  -45.0000  -37.5000 9775.7178    9.6292
    0.0000  -45.0000  -37.500010112.9873    9.6512
    7.5000  -45.0000  -37.5000 9658.7900    9.6376
   -7.5000  -37.5000  -37.500010209.2754    9.4544
    0.0000  -37.5000  -37.500010556.1621    9.4783
    7.5000  -37.5000  -37.500010070.9590    9.4657
   -7.5000  -30.0000  -37.500011045.6631    9.2122
    0.0000  -30.0000  -37.500011432.5742    9.2365
    7.5000  -30.0000  -37.500010896.2617    9.2238
   -7.5000  -22.5000  -37.500011864.8154    9.0375
    0.0000  -22.5000  -37.500012279.3994    9.0609
    7.5000  -22.5000  -37.500011706.7832    9.0473
   -7.5000  -15.0000  -37.500012633.3213    8.8860
    0.0000  -15.0000  -37.500013064.2021    8.9079
    7.5000  -15.0000  -37.500012443.3311    8.8938
   -7.5000   -7.5000  -37.500013321.5947    8.7750
    0.0000   -7.5000  -37.500013791.4561    8.7966
    7.5000   -7.5000  -37.500013115.2295    8.7825
   -7.5000    0.0000  -37.500013956.5459    8.7097
    0.0000    0.0000  -37.500014447.0957    8.7328
    7.5000    0.0000  -37.500013742.7588    8.7202
   -7.5000    7.5000  -37.500013617.6289    8.7621
    0.0000    7.5000  -37.500014116.4189    8.7870
    7.5000    7.5000  -37.500013423.7715    8.7752
   -7.5000   15.0000  -37.500013296.0674    8.8627
    0.0000   15.0000  -37.500013790.5342    8.8878
    7.5000   15.0000  -37.500013124.7539    8.8756
   -7.5000   22.5000  -37.500012830.9248    9.0085
    0.0000   22.5000  -37.500013291.3496    9.0324
    7.5000   22.5000  -37.500012642.4209    9.0188
   -7.5000   30.0000  -37.500012049.4902    9.0641
    0.0000   30.0000  -37.500012477.3936    9.0859
    7.5000   30.0000  -37.500011860.8906    9.0708
   -7.5000   37.5000  -37.500011731.5654    9.1978
    0.0000   37.5000  -37.500012153.2754    9.2189
    7.5000   37.5000  -37.500011536.0342    9.2032
   -7.5000   45.0000  -37.500010972.4521    9.1154
    0.0000   45.0000  -37.500011376.3066    9.1372
    7.5000   45.0000  -37.500010793.9453    9.1228
   -7.5000  -45.0000  -30.000010431.9326    9.8583
    0.0000  -45.0000  -30.000010773.4307    9.8766
    7.5000  -45.0000  -30.000010284.0811    9.8613
   -7.5000  -37.5000  -30.000010885.1123    9.6758
    0.0000  -37.5000  -30.000011252.0967    9.6965
    7.5000  -37.5000  -30.000010723.5645    9.6828
   -7.5000  -30.0000  -30.000011776.2441    9.4279
    0.0000  -30.0000  -30.000012182.2764    9.4488
    7.5000  -30.0000  -30.000011607.5908    9.4345
   -7.5000  -22.5000  -30.000012659.3125    9.2492
    0.0000  -22.5000  -30.000013084.4834    9.2688
    7.5000  -22.5000  -30.000012470.2031    9.2525
   -7.5000  -15.0000  -30.000013478.2598    9.0937
    0.0000  -15.0000  -30.000013936.5332    9.1120
    7.5000  -15.0000  -30.000013239.8359    9.0949
   -7.5000   -7.5000  -30.000014207.4639    8.9791
    0.0000   -7.5000  -30.000014711.1689    8.9975
    7.5000   -7.5000  -30.000013974.6729    8.9812
   -7.5000    0.0000  -30.000014886.0088    8.9110
    0.0000    0.0000  -30.000015416.8564    8.9310
    7.5000    0.0000  -30.000014643.1475    8.9172
   -7.5000    7.5000  -30.000014502.8428    8.9631
    0.0000    7.5000  -30.000015038.9072    8.9852
    7.5000    7.5000  -30.000014287.4414    8.9723
   -7.5000   15.0000  -30.000014166.5322    9.0653
    0.0000   15.0000  -30.000014675.5039    9.0874
    7.5000   15.0000  -30.000013946.8281    9.0736
   -7.5000   22.5000  -30.000013631.2061    9.2118
    0.0000   22.5000  -30.000014108.6641    9.2322
    7.5000   22.5000  -30.000013406.2686    9.2161
   -7.5000   30.0000  -30.000012800.2480    9.2711
    0.0000   30.0000  -30.000013248.3945    9.2893
    7.5000   30.0000  -30.000012586.8672    9.2712
   -7.5000   37.5000  -30.000012439.6240    9.4075
    0.0000   37.5000  -30.000012893.8105    9.4250
    7.5000   37.5000  -30.000012252.7090    9.4071
   -7.5000   45.0000  -30.000011626.7686    9.3282
    0.0000   45.0000  -30.000012072.3516    9.3468
    7.5000   45.0000  -30.000011454.6035    9.3312
   -7.5000  -45.0000  -22.500011111.3564   10.0518
    0.0000  -45.0000  -22.500011492.6416   10.0706
    7.5000  -45.0000  -22.500010952.0098   10.0546
   -7.5000  -37.5000  -22.500011605.2256    9.8616
    0.0000  -37.5000  -22.500012010.7881    9.8824
    7.5000  -37.5000  -22.500011429.1523    9.8682
   -7.5000  -30.0000  -22.500012548.0283    9.6079
    0.0000  -30.0000  -22.500012978.8262    9.6290
    7.5000  -30.0000  -22.500012348.1846    9.6140
   -7.5000  -22.5000  -22.500013479.1357    9.4246
    0.0000  -22.5000  -22.500013930.2998    9.4450
    7.5000  -22.5000  -22.500013254.5488    9.4279
   -7.5000  -15.0000  -22.500014340.8398    9.2655
    0.0000  -15.0000  -22.500014834.3066    9.2852
    7.5000  -15.0000  -22.500014077.6309    9.2672
   -7.5000   -7.5000  -22.500015165.6826    9.1470
    0.0000   -7.5000  -22.500015699.9082    9.1666
    7.5000   -7.5000  -22.500014893.6133    9.1497
   -7.5000    0.0000  -22.500015892.8369    9.0762
    0.0000    0.0000  -22.500016449.9570    9.0967
    7.5000    0.0000  -22.500015603.1953    9.0825
   -7.5000    7.5000  -22.500015477.8477    9.1283
    0.0000    7.5000  -22.500016018.7158    9.1504
    7.5000    7.5000  -22.500015187.9326    9.1372
   -7.5000   15.0000  -22.500015098.5078    9.2324
    0.0000   15.0000  -22.500015616.8955    9.2548
    7.5000   15.0000  -22.500014823.4795    9.2404
   -7.5000   22.5000  -22.500014492.3750    9.3802
    0.0000   22.5000  -22.500014991.4717    9.4016
    7.5000   22.5000  -22.500014217.7373    9.3845
   -7.5000   30.0000  -22.500013599.6133    9.4401
    0.0000   30.0000  -22.500014076.8330    9.4598
    7.5000   30.0000  -22.500013376.9697    9.4407
   -7.5000   37.5000  -22.500013210.0303    9.5789
    0.0000   37.5000  -22.500013695.0400    9.5977
    7.5000   37.5000  -22.500013025.4766    9.5791
   -7.5000   45.0000  -22.500012335.3906    9.5041
    0.0000   45.0000  -22.500012809.5498    9.5232
    7.5000   45.0000  -22.500012163.0674    9.5073
   -7.5000  -45.0000  -15.000011824.7959   10.1425
    0.0000  -45.0000  -15.000012256.7412   10.1659
    7.5000  -45.0000  -15.000011666.9678   10.1507
   -7.5000  -37.5000  -15.000012352.4912    9.9482
    0.0000  -37.5000  -15.000012800.0381    9.9726
    7.5000  -37.5000  -15.000012160.9326    9.9590
   -7.5000  -30.0000  -15.000013349.3545    9.6905
    0.0000  -30.0000  -15.000013827.0186    9.7154
    7.5000  -30.0000  -15.000013133.7627    9.7014
   -7.5000  -22.5000  -15.000014337.6318    9.5017
    0.0000  -22.5000  -15.000014840.9961    9.5269
    7.5000  -22.5000  -15.000014101.5459    9.5116
   -7.5000  -15.0000  -15.000015241.0830    9.3395
    0.0000  -15.0000  -15.000015790.7510    9.3645
    7.5000  -15.0000  -15.000014993.2256    9.3485
   -7.5000   -7.5000  -15.000016140.2402    9.2185
    0.0000   -7.5000  -15.000016725.0098    9.2430
    7.5000   -7.5000  -15.000015861.9258    9.2277
   -7.5000    0.0000  -15.000016927.4668    9.1476
    0.0000    0.0000  -15.000017531.5957    9.1721
    7.5000    0.0000  -15.000016587.2383    9.1589
   -7.5000    7.5000  -15.000016477.3613    9.2005
    0.0000    7.5000  -15.000017046.4004    9.2258
    7.5000    7.5000  -15.000016137.2061    9.2134
   -7.5000   15.0000  -15.000016081.7373    9.3046
    0.0000   15.0000  -15.000016647.6465    9.3305
    7.5000   15.0000  -15.000015754.5703    9.3172
   -7.5000   22.5000  -15.000015402.4492    9.4505
    0.0000   22.5000  -15.000015939.3418    9.4767
    7.5000   22.5000  -15.000015092.9355    9.4615
   -7.5000   30.0000  -15.000014456.2656    9.5095
    0.0000   30.0000  -15.000014955.7021    9.5348
    7.5000   30.0000  -15.000014213.0205    9.5177
   -7.5000   37.5000  -15.000014025.4336    9.6477
    0.0000   37.5000  -15.000014540.5039    9.6717
    7.5000   37.5000  -15.000013832.8057    9.6548
   -7.5000   45.0000  -15.000013072.6826    9.5772
    0.0000   45.0000  -15.000013574.6035    9.6006
    7.5000   45.0000  -15.000012917.6357    9.5857
   -7.5000  -45.0000   -7.500012579.8105   10.1476
    0.0000  -45.0000   -7.500013054.5479   10.1760
    7.5000  -45.0000   -7.500012423.6816   10.1624
   -7.5000  -37.5000   -7.500013120.9160    9.9513
    0.0000  -37.5000   -7.500013615.8623    9.9802
    7.5000  -37.5000   -7.500012946.8750    9.9680
   -7.5000  -30.0000   -7.500014174.4248    9.6912
    0.0000  -30.0000   -7.500014706.3291    9.7205
    7.5000  -30.0000   -7.500013987.0820    9.7084
   -7.5000  -22.5000   -7.500015235.5283    9.4984
    0.0000  -22.5000   -7.500015798.0557    9.5282
    7.5000  -22.5000   -7.500015029.7100    9.5153
   -7.5000  -15.0000   -7.500016246.2529    9.3354
    0.0000  -15.0000   -7.500016853.8359    9.3648
    7.5000  -15.0000   -7.500016024.0508    9.3513
   -7.5000   -7.5000   -7.500017200.3359    9.2141
    0.0000   -7.5000   -7.500017854.9316    9.2430
    7.5000   -7.5000   -7.500016910.4668    9.2295
   -7.5000    0.0000   -7.500018023.2480    9.1441
    0.0000    0.0000   -7.500018704.2012    9.1731
    7.5000    0.0000   -7.500017680.2207    9.1610
   -7.5000    7.5000   -7.500017541.9219    9.1972
    0.0000    7.5000   -7.500018178.6699    9.2266
    7.5000    7.5000   -7.500017210.4414    9.2155
   -7.5000   15.0000   -7.500017111.4629    9.3000
    0.0000   15.0000   -7.500017739.4688    9.3298
    7.5000   15.0000   -7.500016800.7715    9.3182
   -7.5000   22.5000   -7.500016338.4941    9.4427
    0.0000   22.5000   -7.500016930.1445    9.4731
    7.5000   22.5000   -7.500016050.9160    9.4601
   -7.5000   30.0000   -7.500015331.6221    9.5006
    0.0000   30.0000   -7.500015886.4424    9.5305
    7.5000   30.0000   -7.500015095.5000    9.5160
   -7.5000   37.5000   -7.500014901.9443    9.6378
    0.0000   37.5000   -7.500015462.7197    9.6668
    7.5000   37.5000   -7.500014702.3174    9.6518
   -7.5000   45.0000   -7.500013885.5977    9.5696
    0.0000   45.0000   -7.500014429.2725    9.5979
    7.5000   45.0000   -7.500013731.2949    9.5842
   -7.5000  -45.0000    0.000013253.9473   10.1707
    0.0000  -45.0000    0.000013753.9385   10.2000
    7.5000  -45.0000    0.000013119.2861   10.1869
   -7.5000  -37.5000    0.000013796.5723    9.9750
    0.0000  -37.5000    0.000014321.8379   10.0053
    7.5000  -37.5000    0.000013656.9014    9.9934
   -7.5000  -30.0000    0.000014882.6611    9.7135
    0.0000  -30.0000    0.000015460.4482    9.7441
    7.5000  -30.0000    0.000014737.7520    9.7324
   -7.5000  -22.5000    0.000016020.5762    9.5190
    0.0000  -22.5000    0.000016634.3477    9.5496
    7.5000  -22.5000    0.000015828.9424    9.5376
   -7.5000  -15.0000    0.000017173.0391    9.3549
    0.0000  -15.0000    0.000017823.8652    9.3844
    7.5000  -15.0000    0.000016912.5371    9.3720
   -7.5000   -7.5000    0.000018259.3184    9.2341
    0.0000   -7.5000    0.000019011.2949    9.2630
    7.5000   -7.5000    0.000017934.0273    9.2503
   -7.5000    0.0000    0.000019060.8086    9.1652
    0.0000    0.0000    0.000019857.2695    9.1948
    7.5000    0.0000    0.000018718.7480    9.1830
   -7.5000    7.5000    0.000018470.5000    9.2185
    0.0000    7.5000    0.000019201.4258    9.2491
    7.5000    7.5000    0.000018213.9160    9.2381
   -7.5000   15.0000    0.000017975.8359    9.3202
    0.0000   15.0000    0.000018702.6094    9.3511
    7.5000   15.0000    0.000017760.0176    9.3398
   -7.5000   22.5000    0.000017141.4004    9.4622
    0.0000   22.5000    0.000017816.4238    9.4930
    7.5000   22.5000    0.000016911.8438    9.4808
   -7.5000   30.0000    0.000016114.5479    9.5209
    0.0000   30.0000    0.000016777.1484    9.5508
    7.5000   30.0000    0.000015912.6699    9.5373
   -7.5000   37.5000    0.000015729.5566    9.6605
    0.0000   37.5000    0.000016359.8301    9.6897
    7.5000   37.5000    0.000015512.4512    9.6753
   -7.5000   45.0000    0.000014726.9062    9.5949
    0.0000   45.0000    0.000015314.9590    9.6241
    7.5000   45.0000    0.000014522.8115    9.6105
   -7.5000  -45.0000    7.500012878.1504   10.2027
    0.0000  -45.0000    7.500013371.7383   10.2278
    7.5000  -45.0000    7.500012774.3682   10.2137
   -7.5000  -37.5000    7.500013400.5684   10.0069
    0.0000  -37.5000    7.500013904.4492   10.0339
    7.5000  -37.5000    7.500013291.1602   10.0209
   -7.5000  -30.0000    7.500014447.7930    9.7447
    0.0000  -30.0000    7.500014979.6973    9.7721
    7.5000  -30.0000    7.500014325.8887    9.7592
   -7.5000  -22.5000    7.500015539.5361    9.5507
    0.0000  -22.5000    7.500016089.4258    9.5773
    7.5000  -22.5000    7.500015397.6387    9.5636
   -7.5000  -15.0000    7.500016753.0098    9.3862
    0.0000  -15.0000    7.500017373.7949    9.4113
    7.5000  -15.0000    7.500016539.3340    9.3971
   -7.5000   -7.5000    7.500017996.2793    9.2653
    0.0000   -7.5000    7.500018793.8496    9.2901
    7.5000   -7.5000    7.500017637.1855    9.2758
   -7.5000    0.0000    7.500018763.0410    9.1958
    0.0000    0.0000    7.500019620.5625    9.2219
    7.5000    0.0000    7.500018454.0918    9.2090
   -7.5000    7.5000    7.500018021.9668    9.2488
    0.0000    7.5000    7.500018805.9746    9.2764
    7.5000    7.5000    7.500017880.4824    9.2643
   -7.5000   15.0000    7.500017511.1016    9.3505
    0.0000   15.0000    7.500018241.9434    9.3784
    7.5000   15.0000    7.500017404.7832    9.3659
   -7.5000   22.5000    7.500016729.2344    9.4934
    0.0000   22.5000    7.500017380.4258    9.5204
    7.5000   22.5000    7.500016526.2754    9.5066
   -7.5000   30.0000    7.500015773.4189    9.5531
    0.0000   30.0000    7.500016376.0137    9.5783
    7.5000   30.0000    7.500015523.1084    9.5632
   -7.5000   37.5000    7.500015430.8271    9.6938
    0.0000   37.5000    7.500015993.8369    9.7185
    7.5000   37.5000    7.500015151.7051    9.7026
   -7.5000   45.0000    7.500014445.6895    9.6281
    0.0000   45.0000    7.500014965.7764    9.6534
    7.5000   45.0000    7.500014179.3340    9.6388
   -7.5000  -45.0000   15.000012409.0908   10.2912
    0.0000  -45.0000   15.000012862.1162   10.3113
    7.5000  -45.0000   15.000012310.5508   10.2951
   -7.5000  -37.5000   15.000012905.6367   10.0923
    0.0000  -37.5000   15.000013410.9932   10.1149
    7.5000  -37.5000   15.000012816.3223   10.1004
   -7.5000  -30.0000   15.000013902.1230    9.8279
    0.0000  -30.0000   15.000014448.4902    9.8506
    7.5000  -30.0000   15.000013814.1855    9.8357
   -7.5000  -22.5000   15.000014955.5117    9.6349
    0.0000  -22.5000   15.000015532.6924    9.6564
    7.5000  -22.5000   15.000014870.9541    9.6397
   -7.5000  -15.0000   15.000016125.2432    9.4709
    0.0000  -15.0000   15.000016821.2930    9.4911
    7.5000  -15.0000   15.000016009.5840    9.4736
   -7.5000   -7.5000   15.000017394.7617    9.3492
    0.0000   -7.5000   15.000018238.0234    9.3696
    7.5000   -7.5000   15.000017098.9941    9.3528
   -7.5000    0.0000   15.000018349.1328    9.2778
    0.0000    0.0000   15.000019136.9199    9.2996
    7.5000    0.0000   15.000017933.9492    9.2851
   -7.5000    7.5000   15.000017734.9844    9.3304
    0.0000    7.5000   15.000018366.9434    9.3542
    7.5000    7.5000   15.000017375.6895    9.3405
   -7.5000   15.0000   15.000017186.7598    9.4340
    0.0000   15.0000   15.000017734.7402    9.4579
    7.5000   15.0000   15.000016851.9844    9.4433
   -7.5000   22.5000   15.000016291.2236    9.5797
    0.0000   22.5000   15.000016800.8164    9.6020
    7.5000   22.5000   15.000015932.5771    9.5852
   -7.5000   30.0000   15.000015290.4277    9.6390
    0.0000   30.0000   15.000015800.7979    9.6593
    7.5000   30.0000   15.000014955.8945    9.6407
   -7.5000   37.5000   15.000014928.2275    9.7780
    0.0000   37.5000   15.000015452.7148    9.7977
    7.5000   37.5000   15.000014606.0928    9.7792
   -7.5000   45.0000   15.000013965.6406    9.7076
    0.0000   45.0000   15.000014481.8154    9.7283
    7.5000   45.0000   15.000013679.3203    9.7121
   -7.5000  -45.0000   22.500011830.0791   10.4300
    0.0000  -45.0000   22.500012269.5840   10.4494
    7.5000  -45.0000   22.500011753.7070   10.4327
   -7.5000  -37.5000   22.500012312.0312   10.2273
    0.0000  -37.5000   22.500012769.2734   10.2488
    7.5000  -37.5000   22.500012237.8408   10.2340
   -7.5000  -30.0000   22.500013292.0928    9.9591
    0.0000  -30.0000   22.500013774.3867    9.9809
    7.5000  -30.0000   22.500013226.2129    9.9654
   -7.5000  -22.5000   22.500014328.2246    9.7639
    0.0000  -22.5000   22.500014872.5439    9.7851
    7.5000  -22.5000   22.500014264.4062    9.7674
   -7.5000  -15.0000   22.500015420.7461    9.5987
    0.0000  -15.0000   22.500016049.3955    9.6191
    7.5000  -15.0000   22.500015304.2725    9.6005
   -7.5000   -7.5000   22.500016531.8789    9.4758
    0.0000   -7.5000   22.500017190.0039    9.4962
    7.5000   -7.5000   22.500016297.2764    9.4789
   -7.5000    0.0000   22.500017414.1543    9.4033
    0.0000    0.0000   22.500018012.5977    9.4246
    7.5000    0.0000   22.500017112.4824    9.4100
   -7.5000    7.5000   22.500016949.0645    9.4569
    0.0000    7.5000   22.500017485.3125    9.4798
    7.5000    7.5000   22.500016640.2793    9.4661
   -7.5000   15.0000   22.500016502.8926    9.5616
    0.0000   15.0000   22.500017016.9004    9.5847
    7.5000   15.0000   22.500016164.2080    9.5697
   -7.5000   22.5000   22.500015560.6328    9.7079
    0.0000   22.5000   22.500016060.0781    9.7300
    7.5000   22.5000   22.500015242.5879    9.7122
   -7.5000   30.0000   22.500014599.3701    9.7650
    0.0000   30.0000   22.500015081.6455    9.7854
    7.5000   30.0000   22.500014328.4189    9.7657
   -7.5000   37.5000   22.500014274.9785    9.9019
    0.0000   37.5000   22.500014750.7910    9.9213
    7.5000   37.5000   22.500014005.6924    9.9022
   -7.5000   45.0000   22.500013370.1826    9.8260
    0.0000   45.0000   22.500013836.1357    9.8460
    7.5000   45.0000   22.500013113.5049    9.8296
   -7.5000  -45.0000   30.000011195.7705   10.6116
    0.0000  -45.0000   30.000011609.5146   10.6347
    7.5000  -45.0000   30.000011115.9951   10.6189
   -7.5000  -37.5000   30.000011680.1748   10.4043
    0.0000  -37.5000   30.000012125.3193   10.4287
    7.5000  -37.5000   30.000011591.2393   10.4148
   -7.5000  -30.0000   30.000012642.2764   10.1309
    0.0000  -30.0000   30.000013136.1797   10.1558
    7.5000  -30.0000   30.000012541.5264   10.1416
   -7.5000  -22.5000   30.000013646.3145    9.9310
    0.0000  -22.5000   30.000014177.8975    9.9563
    7.5000  -22.5000   30.000013529.1650    9.9404
   -7.5000  -15.0000   30.000014609.5029    9.7620
    0.0000  -15.0000   30.000015181.6748    9.7870
    7.5000  -15.0000   30.000014469.7432    9.7701
   -7.5000   -7.5000   30.000015518.3682    9.6367
    0.0000   -7.5000   30.000016075.1025    9.6615
    7.5000   -7.5000   30.000015352.5703    9.6456
   -7.5000    0.0000   30.000016283.1572    9.5644
    0.0000    0.0000   30.000016833.3223    9.5893
    7.5000    0.0000   30.000016109.8096    9.5758
   -7.5000    7.5000   30.000015918.2441    9.6199
    0.0000    7.5000   30.000016466.5000    9.6456
    7.5000    7.5000   30.000015726.5166    9.6331
   -7.5000   15.0000   30.000015525.7080    9.7263
    0.0000   15.0000   30.000016074.5635    9.7522
    7.5000   15.0000   30.000015325.8672    9.7386
   -7.5000   22.5000   30.000014648.8516    9.8717
    0.0000   22.5000   30.000015179.9941    9.8978
    7.5000   22.5000   30.000014463.0527    9.8818
   -7.5000   30.0000   30.000013779.1367    9.9257
    0.0000   30.0000   30.000014260.7559    9.9509
    7.5000   30.0000   30.000013578.8145    9.9330
   -7.5000   37.5000   30.000013488.4258   10.0614
    0.0000   37.5000   30.000013945.4541   10.0856
    7.5000   37.5000   30.000013265.2070   10.0682
   -7.5000   45.0000   30.000012645.2490    9.9819
    0.0000   45.0000   30.000013081.6885   10.0058
    7.5000   45.0000   30.000012431.3594    9.9907
   -7.5000  -45.0000   37.500011004.7061   10.8696
    0.0000  -45.0000   37.500011440.3086   10.8976
    7.5000  -45.0000   37.500010898.7314   10.8833
   -7.5000  -37.5000   37.500011487.5723   10.6599
    0.0000  -37.5000   37.500011955.2412   10.6886
    7.5000  -37.5000   37.500011381.0215   10.6759
   -7.5000  -30.0000   37.500012451.4453   10.3800
    0.0000  -30.0000   37.500012949.7705   10.4094
    7.5000  -30.0000   37.500012337.3398   10.3969
   -7.5000  -22.5000   37.500013414.9521   10.1735
    0.0000  -22.5000   37.500013936.8105   10.2036
    7.5000  -22.5000   37.500013306.5615   10.1902
   -7.5000  -15.0000   37.500014307.3223    9.9993
    0.0000  -15.0000   37.500014856.8057   10.0289
    7.5000  -15.0000   37.500014206.7734   10.0148
   -7.5000   -7.5000   37.500015136.4238    9.8716
    0.0000   -7.5000   37.500015680.2109    9.9007
    7.5000   -7.5000   37.500015031.4043    9.8867
   -7.5000    0.0000   37.500015866.9648    9.7996
    0.0000    0.0000   37.500016430.5215    9.8289
    7.5000    0.0000   37.500015758.2832    9.8163
   -7.5000    7.5000   37.500015533.8662    9.8576
    0.0000    7.5000   37.500016100.6025    9.8875
    7.5000    7.5000   37.500015408.3975    9.8759
   -7.5000   15.0000   37.500015177.1143    9.9665
    0.0000   15.0000   37.500015728.5361    9.9967
    7.5000   15.0000   37.500015048.4541    9.9848
   -7.5000   22.5000   37.500014359.8008   10.1112
    0.0000   22.5000   37.500014869.6670   10.1421
    7.5000   22.5000   37.500014215.3984   10.1286
   -7.5000   30.0000   37.500013514.6729   10.1630
    0.0000   30.0000   37.500014002.5322   10.1931
    7.5000   30.0000   37.500013364.1260   10.1781
   -7.5000   37.5000   37.500013208.7002   10.3013
    0.0000   37.5000   37.500013689.2764   10.3305
    7.5000   37.5000   37.500013035.4160   10.3150
   -7.5000   45.0000   37.500012373.7891   10.2199
    0.0000   45.0000   37.500012818.4473   10.2486
    7.5000   45.0000   37.500012208.6787   10.2345
   -7.5000  -45.0000   45.000010314.5088   11.1181
    0.0000  -45.0000   45.000010729.8037   11.1468
    7.5000  -45.0000   45.000010222.1533   11.1338
   -7.5000  -37.5000   45.000010746.9395   10.9052
    0.0000  -37.5000   45.000011193.0938   10.9355
    7.5000  -37.5000   45.000010661.2861   10.9240
   -7.5000  -30.0000   45.000011630.6113   10.6204
    0.0000  -30.0000   45.000012108.1367   10.6512
    7.5000  -30.0000   45.000011541.3389   10.6403
   -7.5000  -22.5000   45.000012522.2100   10.4090
    0.0000  -22.5000   45.000013016.4990   10.4401
    7.5000  -22.5000   45.000012429.6846   10.4285
   -7.5000  -15.0000   45.000013341.2549   10.2316
    0.0000  -15.0000   45.000013878.6152   10.2614
    7.5000  -15.0000   45.000013268.3877   10.2491
   -7.5000   -7.5000   45.000014096.8496   10.1034
    0.0000   -7.5000   45.000014626.2139   10.1326
    7.5000   -7.5000   45.000014025.0615   10.1200
   -7.5000    0.0000   45.000014774.7607   10.0323
    0.0000    0.0000   45.000015325.0381   10.0624
    7.5000    0.0000   45.000014696.6074   10.0509
   -7.5000    7.5000   45.000014464.7314   10.0915
    0.0000    7.5000   45.000015009.3555   10.1230
    7.5000    7.5000   45.000014380.2861   10.1123
   -7.5000   15.0000   45.000014139.6094   10.2019
    0.0000   15.0000   45.000014668.8555   10.2336
    7.5000   15.0000   45.000014053.2646   10.2229
   -7.5000   22.5000   45.000013399.3418   10.3461
    0.0000   22.5000   45.000013888.0850   10.3777
    7.5000   22.5000   45.000013290.6162   10.3659
   -7.5000   30.0000   45.000012629.3232   10.3958
    0.0000   30.0000   45.000013099.3154   10.4258
    7.5000   30.0000   45.000012511.0557   10.4127
   -7.5000   37.5000   45.000012345.1650   10.5382
    0.0000   37.5000   45.000012804.3086   10.5674
    7.5000   37.5000   45.000012213.7295   10.5534
   -7.5000   45.0000   45.000011553.6348   10.4617
    0.0000   45.0000   45.000011980.8955   10.4913
    7.5000   45.0000   45.000011427.6680   10.4782

---------------------------------------------------------------------
imgreg_4dfp /opt/freesurfer/average/711-2C_as_mni_average_305 /opt/freesurfer/average/711-2B_as_mni_average_305_mask talsrcimg_g11 none talsrcimg_to_711-2C_as_mni_average_305_t4 4355
---------------------------------------------------------------------

freesurfer imgreg_4dfp.c
/opt/freesurfer/average/711-2C_as_mni_average_305.4dfp.img
       256       256       256         1
  1.000000  1.000000  1.000000
orientation T byte_order littleendian
Reading image: /opt/freesurfer/average/711-2C_as_mni_average_305.4dfp.img
dimensions:      256       256       256
mmppix:       1.0000   -1.0000   -1.0000
center:     128.0000 -129.0000 -129.0000
/opt/freesurfer/average/711-2B_as_mni_average_305_mask.4dfp.img
       256       256       256         1
  1.000000  1.000000  1.000000
orientation T byte_order littleendian
Reading mask: /opt/freesurfer/average/711-2B_as_mni_average_305_mask.4dfp.img (2306576 pixels)
talsrcimg_g11.4dfp.img
       256       256       256         1
  1.000000  1.000000  1.000000
orientation T byte_order littleendian
Reading image: talsrcimg_g11.4dfp.img
dimensions:      256       256       256
mmppix:       1.0000   -1.0000   -1.0000
center:     128.0000 -129.0000 -129.0000
rotation matrix determinant  1.000000
image alignment mode   4355 decimal     1103 hex
   -7.5000  -45.0000  -45.0000 2455.1040   16.6052
    0.0000  -45.0000  -45.0000 2454.9802   16.6556
    7.5000  -45.0000  -45.0000 2454.6392   16.8046
   -7.5000  -37.5000  -45.0000 2492.2632   15.6412
    0.0000  -37.5000  -45.0000 2490.8062   15.6810
    7.5000  -37.5000  -45.0000 2482.5906   15.7963
   -7.5000  -30.0000  -45.0000 2540.8606   14.8181
    0.0000  -30.0000  -45.0000 2539.2722   14.8423
    7.5000  -30.0000  -45.0000 2527.8481   14.9508
   -7.5000  -22.5000  -45.0000 2573.8496   14.1850
    0.0000  -22.5000  -45.0000 2575.2944   14.2135
    7.5000  -22.5000  -45.0000 2562.1604   14.3057
   -7.5000  -15.0000  -45.0000 2589.6096   13.7650
    0.0000  -15.0000  -45.0000 2588.6951   13.7759
    7.5000  -15.0000  -45.0000 2576.7029   13.8717
   -7.5000   -7.5000  -45.0000 2595.6819   13.5272
    0.0000   -7.5000  -45.0000 2594.4915   13.5359
    7.5000   -7.5000  -45.0000 2583.6216   13.6524
   -7.5000    0.0000  -45.0000 2593.1108   13.4350
    0.0000    0.0000  -45.0000 2592.8015   13.4290
    7.5000    0.0000  -45.0000 2581.3784   13.5377
   -7.5000    7.5000  -45.0000 2588.4067   13.4663
    0.0000    7.5000  -45.0000 2593.7632   13.4746
    7.5000    7.5000  -45.0000 2577.1047   13.5744
   -7.5000   15.0000  -45.0000 2575.8320   13.6095
    0.0000   15.0000  -45.0000 2582.1047   13.6275
    7.5000   15.0000  -45.0000 2568.6790   13.7422
   -7.5000   22.5000  -45.0000 2559.8765   13.9309
    0.0000   22.5000  -45.0000 2567.5029   13.9453
    7.5000   22.5000  -45.0000 2556.5884   14.0564
   -7.5000   30.0000  -45.0000 2540.3894   14.4193
    0.0000   30.0000  -45.0000 2544.4407   14.4135
    7.5000   30.0000  -45.0000 2534.7363   14.5118
   -7.5000   37.5000  -45.0000 2512.5430   15.0222
    0.0000   37.5000  -45.0000 2518.2375   15.0175
    7.5000   37.5000  -45.0000 2505.3918   15.1387
   -7.5000   45.0000  -45.0000 2470.7393   15.7825
    0.0000   45.0000  -45.0000 2479.0415   15.8000
    7.5000   45.0000  -45.0000 2468.1824   15.9634
   -7.5000  -45.0000  -37.5000 2518.9663   15.7123
    0.0000  -45.0000  -37.5000 2517.7678   15.7244
    7.5000  -45.0000  -37.5000 2512.3215   15.8300
   -7.5000  -37.5000  -37.5000 2561.8455   14.7538
    0.0000  -37.5000  -37.5000 2559.3540   14.7640
    7.5000  -37.5000  -37.5000 2547.7463   14.8620
   -7.5000  -30.0000  -37.5000 2613.3960   13.9170
    0.0000  -30.0000  -37.5000 2611.6147   13.9409
    7.5000  -30.0000  -37.5000 2599.7083   14.0389
   -7.5000  -22.5000  -37.5000 2645.9580   13.3068
    0.0000  -22.5000  -37.5000 2643.4441   13.3335
    7.5000  -22.5000  -37.5000 2632.1851   13.4000
   -7.5000  -15.0000  -37.5000 2667.3564   12.9044
    0.0000  -15.0000  -37.5000 2664.4978   12.9081
    7.5000  -15.0000  -37.5000 2647.5840   12.9980
   -7.5000   -7.5000  -37.5000 2673.4592   12.6829
    0.0000   -7.5000  -37.5000 2671.5349   12.6761
    7.5000   -7.5000  -37.5000 2653.1460   12.7785
   -7.5000    0.0000  -37.5000 2668.1631   12.5824
    0.0000    0.0000  -37.5000 2667.6868   12.5752
    7.5000    0.0000  -37.5000 2651.9612   12.6486
   -7.5000    7.5000  -37.5000 2662.3562   12.5764
    0.0000    7.5000  -37.5000 2666.1528   12.5755
    7.5000    7.5000  -37.5000 2649.1926   12.6806
   -7.5000   15.0000  -37.5000 2651.8567   12.6800
    0.0000   15.0000  -37.5000 2656.4314   12.6950
    7.5000   15.0000  -37.5000 2645.0889   12.8073
   -7.5000   22.5000  -37.5000 2645.3411   12.9937
    0.0000   22.5000  -37.5000 2648.2766   12.9882
    7.5000   22.5000  -37.5000 2640.1501   13.1144
   -7.5000   30.0000  -37.5000 2620.6558   13.4690
    0.0000   30.0000  -37.5000 2626.5188   13.4544
    7.5000   30.0000  -37.5000 2615.4302   13.5611
   -7.5000   37.5000  -37.5000 2592.4971   14.0624
    0.0000   37.5000  -37.5000 2598.0527   14.0437
    7.5000   37.5000  -37.5000 2582.4883   14.1569
   -7.5000   45.0000  -37.5000 2547.5532   14.8117
    0.0000   45.0000  -37.5000 2553.2927   14.7992
    7.5000   45.0000  -37.5000 2538.6646   14.9262
   -7.5000  -45.0000  -30.0000 2616.3472   15.3910
    0.0000  -45.0000  -30.0000 2612.0117   15.3708
    7.5000  -45.0000  -30.0000 2603.1392   15.4486
   -7.5000  -37.5000  -30.0000 2665.5967   14.4364
    0.0000  -37.5000  -30.0000 2660.0251   14.4110
    7.5000  -37.5000  -30.0000 2650.2854   14.5175
   -7.5000  -30.0000  -30.0000 2721.5308   13.6011
    0.0000  -30.0000  -30.0000 2719.5718   13.6041
    7.5000  -30.0000  -30.0000 2703.9197   13.6780
   -7.5000  -22.5000  -30.0000 2757.6348   12.9588
    0.0000  -22.5000  -30.0000 2753.5430   12.9458
    7.5000  -22.5000  -30.0000 2739.4465   13.0296
   -7.5000  -15.0000  -30.0000 2784.3325   12.5409
    0.0000  -15.0000  -30.0000 2779.3132   12.5224
    7.5000  -15.0000  -30.0000 2756.9453   12.6231
   -7.5000   -7.5000  -30.0000 2792.6641   12.3204
    0.0000   -7.5000  -30.0000 2791.6152   12.3094
    7.5000   -7.5000  -30.0000 2770.9373   12.3946
   -7.5000    0.0000  -30.0000 2788.9609   12.2033
    0.0000    0.0000  -30.0000 2789.9729   12.1803
    7.5000    0.0000  -30.0000 2771.9661   12.2522
   -7.5000    7.5000  -30.0000 2785.2871   12.1814
    0.0000    7.5000  -30.0000 2788.8013   12.1696
    7.5000    7.5000  -30.0000 2773.3801   12.2624
   -7.5000   15.0000  -30.0000 2778.2366   12.2957
    0.0000   15.0000  -30.0000 2782.1050   12.2833
    7.5000   15.0000  -30.0000 2764.5312   12.3816
   -7.5000   22.5000  -30.0000 2771.7329   12.6121
    0.0000   22.5000  -30.0000 2771.5852   12.5905
    7.5000   22.5000  -30.0000 2755.1367   12.6781
   -7.5000   30.0000  -30.0000 2745.9812   13.0769
    0.0000   30.0000  -30.0000 2748.6829   13.0572
    7.5000   30.0000  -30.0000 2731.0652   13.1472
   -7.5000   37.5000  -30.0000 2710.7253   13.6764
    0.0000   37.5000  -30.0000 2715.5273   13.6634
    7.5000   37.5000  -30.0000 2699.3567   13.7580
   -7.5000   45.0000  -30.0000 2667.1228   14.4098
    0.0000   45.0000  -30.0000 2670.5100   14.3985
    7.5000   45.0000  -30.0000 2653.0801   14.4903
   -7.5000  -45.0000  -22.5000 2682.5947   14.9089
    0.0000  -45.0000  -22.5000 2679.9912   14.9108
    7.5000  -45.0000  -22.5000 2669.9778   15.0281
   -7.5000  -37.5000  -22.5000 2738.5381   13.9503
    0.0000  -37.5000  -22.5000 2735.1387   13.9527
    7.5000  -37.5000  -22.5000 2718.5347   14.0631
   -7.5000  -30.0000  -22.5000 2798.8765   13.1363
    0.0000  -30.0000  -22.5000 2794.0613   13.1327
    7.5000  -30.0000  -22.5000 2775.4517   13.2136
   -7.5000  -22.5000  -22.5000 2835.2456   12.5184
    0.0000  -22.5000  -22.5000 2831.5854   12.5005
    7.5000  -22.5000  -22.5000 2814.7366   12.5796
   -7.5000  -15.0000  -22.5000 2862.1550   12.0916
    0.0000  -15.0000  -22.5000 2858.9556   12.0649
    7.5000  -15.0000  -22.5000 2837.0745   12.1453
   -7.5000   -7.5000  -22.5000 2881.0193   11.8369
    0.0000   -7.5000  -22.5000 2881.4795   11.8200
    7.5000   -7.5000  -22.5000 2859.4431   11.9070
   -7.5000    0.0000  -22.5000 2884.7046   11.6984
    0.0000    0.0000  -22.5000 2884.1289   11.6764
    7.5000    0.0000  -22.5000 2867.5176   11.7671
   -7.5000    7.5000  -22.5000 2884.7761   11.6863
    0.0000    7.5000  -22.5000 2886.7197   11.6549
    7.5000    7.5000  -22.5000 2864.6780   11.7419
   -7.5000   15.0000  -22.5000 2879.3835   11.8220
    0.0000   15.0000  -22.5000 2881.0400   11.7898
    7.5000   15.0000  -22.5000 2857.7085   11.8872
   -7.5000   22.5000  -22.5000 2869.2151   12.1369
    0.0000   22.5000  -22.5000 2870.1978   12.1091
    7.5000   22.5000  -22.5000 2846.9512   12.1955
   -7.5000   30.0000  -22.5000 2838.8074   12.5910
    0.0000   30.0000  -22.5000 2838.9089   12.5686
    7.5000   30.0000  -22.5000 2820.8242   12.6547
   -7.5000   37.5000  -22.5000 2798.5647   13.1688
    0.0000   37.5000  -22.5000 2802.4629   13.1655
    7.5000   37.5000  -22.5000 2786.3704   13.2641
   -7.5000   45.0000  -22.5000 2755.0142   13.8942
    0.0000   45.0000  -22.5000 2758.3528   13.8801
    7.5000   45.0000  -22.5000 2740.9338   13.9893
   -7.5000  -45.0000  -15.0000 2716.6104   14.4639
    0.0000  -45.0000  -15.0000 2719.0464   14.5069
    7.5000  -45.0000  -15.0000 2706.5996   14.6489
   -7.5000  -37.5000  -15.0000 2774.9167   13.5103
    0.0000  -37.5000  -15.0000 2775.9939   13.5461
    7.5000  -37.5000  -15.0000 2754.2881   13.6555
   -7.5000  -30.0000  -15.0000 2837.0022   12.6894
    0.0000  -30.0000  -15.0000 2834.9534   12.7031
    7.5000  -30.0000  -15.0000 2812.8516   12.8064
   -7.5000  -22.5000  -15.0000 2879.6182   12.0610
    0.0000  -22.5000  -15.0000 2877.0417   12.0689
    7.5000  -22.5000  -15.0000 2858.3140   12.1541
   -7.5000  -15.0000  -15.0000 2906.9736   11.6392
    0.0000  -15.0000  -15.0000 2907.3687   11.6362
    7.5000  -15.0000  -15.0000 2889.2170   11.7183
   -7.5000   -7.5000  -15.0000 2934.7827   11.3882
    0.0000   -7.5000  -15.0000 2936.5754   11.3666
    7.5000   -7.5000  -15.0000 2916.6533   11.4686
   -7.5000    0.0000  -15.0000 2944.8306   11.2129
    0.0000    0.0000  -15.0000 2945.3635   11.2051
    7.5000    0.0000  -15.0000 2923.0869   11.2964
   -7.5000    7.5000  -15.0000 2946.7273   11.1738
    0.0000    7.5000  -15.0000 2948.6243   11.1614
    7.5000    7.5000  -15.0000 2923.8943   11.2632
   -7.5000   15.0000  -15.0000 2944.0356   11.3415
    0.0000   15.0000  -15.0000 2948.0166   11.3137
    7.5000   15.0000  -15.0000 2920.2468   11.4420
   -7.5000   22.5000  -15.0000 2929.4988   11.6644
    0.0000   22.5000  -15.0000 2934.7822   11.6543
    7.5000   22.5000  -15.0000 2910.3218   11.7703
   -7.5000   30.0000  -15.0000 2897.1956   12.1161
    0.0000   30.0000  -15.0000 2897.9756   12.1129
    7.5000   30.0000  -15.0000 2880.2319   12.2170
   -7.5000   37.5000  -15.0000 2850.1458   12.6790
    0.0000   37.5000  -15.0000 2854.3948   12.6930
    7.5000   37.5000  -15.0000 2839.4702   12.7944
   -7.5000   45.0000  -15.0000 2799.4446   13.4063
    0.0000   45.0000  -15.0000 2804.2451   13.3963
    7.5000   45.0000  -15.0000 2792.0806   13.5103
   -7.5000  -45.0000   -7.5000 2729.9495   14.1386
    0.0000  -45.0000   -7.5000 2736.9663   14.1850
    7.5000  -45.0000   -7.5000 2724.3901   14.3442
   -7.5000  -37.5000   -7.5000 2784.6194   13.1660
    0.0000  -37.5000   -7.5000 2791.0566   13.2152
    7.5000  -37.5000   -7.5000 2774.0303   13.3506
   -7.5000  -30.0000   -7.5000 2849.3743   12.3289
    0.0000  -30.0000   -7.5000 2853.3711   12.3609
    7.5000  -30.0000   -7.5000 2835.9250   12.4766
   -7.5000  -22.5000   -7.5000 2902.7703   11.6655
    0.0000  -22.5000   -7.5000 2902.9385   11.6943
    7.5000  -22.5000   -7.5000 2886.3164   11.8093
   -7.5000  -15.0000   -7.5000 2940.9329   11.2449
    0.0000  -15.0000   -7.5000 2941.2483   11.2569
    7.5000  -15.0000   -7.5000 2925.9709   11.3675
   -7.5000   -7.5000   -7.5000 2971.1497   11.0136
    0.0000   -7.5000   -7.5000 2975.3921   11.0075
    7.5000   -7.5000   -7.5000 2952.0898   11.1193
   -7.5000    0.0000   -7.5000 2984.0923   10.8052
    0.0000    0.0000   -7.5000 2988.6143   10.8051
    7.5000    0.0000   -7.5000 2960.5537   10.9278
   -7.5000    7.5000   -7.5000 2990.7185   10.7251
    0.0000    7.5000   -7.5000 2994.2844   10.7284
    7.5000    7.5000   -7.5000 2966.1431   10.8938
   -7.5000   15.0000   -7.5000 2983.8267   10.9041
    0.0000   15.0000   -7.5000 2990.0198   10.8981
    7.5000   15.0000   -7.5000 2965.0232   11.0707
   -7.5000   22.5000   -7.5000 2964.3896   11.2344
    0.0000   22.5000   -7.5000 2972.0171   11.2381
    7.5000   22.5000   -7.5000 2953.9192   11.3946
   -7.5000   30.0000   -7.5000 2926.0486   11.6931
    0.0000   30.0000   -7.5000 2930.5891   11.7003
    7.5000   30.0000   -7.5000 2917.8794   11.8476
   -7.5000   37.5000   -7.5000 2876.4502   12.2851
    0.0000   37.5000   -7.5000 2882.5403   12.2955
    7.5000   37.5000   -7.5000 2868.5098   12.4382
   -7.5000   45.0000   -7.5000 2824.2363   12.9967
    0.0000   45.0000   -7.5000 2832.1104   13.0074
    7.5000   45.0000   -7.5000 2817.6562   13.1422
   -7.5000  -45.0000    0.0000 2739.8218   13.9880
    0.0000  -45.0000    0.0000 2743.5137   14.0009
    7.5000  -45.0000    0.0000 2736.3411   14.1842
   -7.5000  -37.5000    0.0000 2787.9583   12.9876
    0.0000  -37.5000    0.0000 2794.4832   13.0098
    7.5000  -37.5000    0.0000 2782.3584   13.1949
   -7.5000  -30.0000    0.0000 2847.3865   12.1184
    0.0000  -30.0000    0.0000 2854.0457   12.1365
    7.5000  -30.0000    0.0000 2841.1641   12.2966
   -7.5000  -22.5000    0.0000 2907.4485   11.4266
    0.0000  -22.5000    0.0000 2913.2468   11.4536
    7.5000  -22.5000    0.0000 2894.5071   11.5857
   -7.5000  -15.0000    0.0000 2961.9380   10.9984
    0.0000  -15.0000    0.0000 2964.3379   11.0063
    7.5000  -15.0000    0.0000 2940.6123   11.1215
   -7.5000   -7.5000    0.0000 3000.5850   10.7750
    0.0000   -7.5000    0.0000 3008.0388   10.7887
    7.5000   -7.5000    0.0000 2975.9465   10.8864
   -7.5000    0.0000    0.0000 3015.0068   10.5408
    0.0000    0.0000    0.0000 3025.6133   10.5728
    7.5000    0.0000    0.0000 2986.1594   10.7005
   -7.5000    7.5000    0.0000 3016.4175   10.4048
    0.0000    7.5000    0.0000 3022.9448   10.4227
    7.5000    7.5000    0.0000 2993.6194   10.6409
   -7.5000   15.0000    0.0000 3002.0476   10.5704
    0.0000   15.0000    0.0000 3012.7651   10.5807
    7.5000   15.0000    0.0000 2989.8110   10.8099
   -7.5000   22.5000    0.0000 2978.9209   10.9267
    0.0000   22.5000    0.0000 2990.3367   10.9438
    7.5000   22.5000    0.0000 2972.1265   11.1395
   -7.5000   30.0000    0.0000 2941.7852   11.4348
    0.0000   30.0000    0.0000 2951.6096   11.4593
    7.5000   30.0000    0.0000 2936.8494   11.6300
   -7.5000   37.5000    0.0000 2895.8452   12.0475
    0.0000   37.5000    0.0000 2900.8943   12.0732
    7.5000   37.5000    0.0000 2885.7061   12.2265
   -7.5000   45.0000    0.0000 2844.6924   12.7717
    0.0000   45.0000    0.0000 2851.0981   12.8009
    7.5000   45.0000    0.0000 2835.2312   12.9460
   -7.5000  -45.0000    7.5000 2741.3572   13.8532
    0.0000  -45.0000    7.5000 2743.5427   13.8502
    7.5000  -45.0000    7.5000 2743.0857   14.0925
   -7.5000  -37.5000    7.5000 2786.2393   12.8715
    0.0000  -37.5000    7.5000 2789.1228   12.8532
    7.5000  -37.5000    7.5000 2784.1917   13.0788
   -7.5000  -30.0000    7.5000 2844.5762   12.0097
    0.0000  -30.0000    7.5000 2847.7759   11.9887
    7.5000  -30.0000    7.5000 2839.4910   12.1921
   -7.5000  -22.5000    7.5000 2906.9065   11.2974
    0.0000  -22.5000    7.5000 2913.4272   11.2994
    7.5000  -22.5000    7.5000 2898.3032   11.4645
   -7.5000  -15.0000    7.5000 2973.0647   10.8654
    0.0000  -15.0000    7.5000 2978.5361   10.8437
    7.5000  -15.0000    7.5000 2955.5854   10.9971
   -7.5000   -7.5000    7.5000 3026.7739   10.6758
    0.0000   -7.5000    7.5000 3039.6863   10.6638
    7.5000   -7.5000    7.5000 3002.5437   10.7735
   -7.5000    0.0000    7.5000 3046.0439   10.4674
    0.0000    0.0000    7.5000 3066.6731   10.4916
    7.5000    0.0000    7.5000 3017.4697   10.6229
   -7.5000    7.5000    7.5000 3031.7412   10.2435
    0.0000    7.5000    7.5000 3046.1282   10.2842
    7.5000    7.5000    7.5000 3017.1409   10.5375
   -7.5000   15.0000    7.5000 3011.8569   10.3936
    0.0000   15.0000    7.5000 3021.4773   10.4104
    7.5000   15.0000    7.5000 3005.4888   10.6554
   -7.5000   22.5000    7.5000 2993.5925   10.7995
    0.0000   22.5000    7.5000 3000.1199   10.7681
    7.5000   22.5000    7.5000 2983.3157   10.9808
   -7.5000   30.0000    7.5000 2954.0708   11.3254
    0.0000   30.0000    7.5000 2956.4343   11.2839
    7.5000   30.0000    7.5000 2941.1909   11.4688
   -7.5000   37.5000    7.5000 2907.3674   11.9604
    0.0000   37.5000    7.5000 2906.7490   11.9205
    7.5000   37.5000    7.5000 2893.3210   12.0906
   -7.5000   45.0000    7.5000 2850.4622   12.6900
    0.0000   45.0000    7.5000 2850.4683   12.6591
    7.5000   45.0000    7.5000 2838.1660   12.8133
   -7.5000  -45.0000   15.0000 2739.2847   13.8416
    0.0000  -45.0000   15.0000 2740.8186   13.8206
    7.5000  -45.0000   15.0000 2738.5757   14.0731
   -7.5000  -37.5000   15.0000 2783.5779   12.8482
    0.0000  -37.5000   15.0000 2787.8215   12.8095
    7.5000  -37.5000   15.0000 2782.4580   13.0739
   -7.5000  -30.0000   15.0000 2838.1067   11.9668
    0.0000  -30.0000   15.0000 2845.8669   11.9516
    7.5000  -30.0000   15.0000 2836.8108   12.1886
   -7.5000  -22.5000   15.0000 2900.9382   11.2514
    0.0000  -22.5000   15.0000 2908.2847   11.2467
    7.5000  -22.5000   15.0000 2898.8047   11.4521
   -7.5000  -15.0000   15.0000 2964.0510   10.7950
    0.0000  -15.0000   15.0000 2977.2358   10.7886
    7.5000  -15.0000   15.0000 2962.2444   10.9719
   -7.5000   -7.5000   15.0000 3025.3059   10.6312
    0.0000   -7.5000   15.0000 3051.7791   10.6467
    7.5000   -7.5000   15.0000 3009.5146   10.7531
   -7.5000    0.0000   15.0000 3060.2615   10.5061
    0.0000    0.0000   15.0000 3083.6211   10.5075
    7.5000    0.0000   15.0000 3027.0310   10.6243
   -7.5000    7.5000   15.0000 3053.9468   10.4054
    0.0000    7.5000   15.0000 3056.3157   10.3533
    7.5000    7.5000   15.0000 3023.2671   10.5417
   -7.5000   15.0000   15.0000 3024.7410   10.4722
    0.0000   15.0000   15.0000 3021.7532   10.3972
    7.5000   15.0000   15.0000 3004.7942   10.6206
   -7.5000   22.5000   15.0000 2993.8125   10.7715
    0.0000   22.5000   15.0000 2996.3149   10.7033
    7.5000   22.5000   15.0000 2978.9907   10.9098
   -7.5000   30.0000   15.0000 2947.1960   11.2702
    0.0000   30.0000   15.0000 2953.6479   11.2109
    7.5000   30.0000   15.0000 2938.8274   11.3837
   -7.5000   37.5000   15.0000 2898.1843   11.8936
    0.0000   37.5000   15.0000 2903.6794   11.8627
    7.5000   37.5000   15.0000 2890.4292   11.9963
   -7.5000   45.0000   15.0000 2846.0798   12.6416
    0.0000   45.0000   15.0000 2849.4470   12.6361
    7.5000   45.0000   15.0000 2836.4141   12.7484
   -7.5000  -45.0000   22.5000 2732.6084   13.8993
    0.0000  -45.0000   22.5000 2734.6526   13.8593
    7.5000  -45.0000   22.5000 2730.7051   14.1389
   -7.5000  -37.5000   22.5000 2777.0835   12.9067
    0.0000  -37.5000   22.5000 2782.3425   12.8552
    7.5000  -37.5000   22.5000 2776.8518   13.1325
   -7.5000  -30.0000   22.5000 2830.6926   12.0519
    0.0000  -30.0000   22.5000 2836.5618   12.0014
    7.5000  -30.0000   22.5000 2837.4653   12.2742
   -7.5000  -22.5000   22.5000 2892.2930   11.3571
    0.0000  -22.5000   22.5000 2899.4050   11.3221
    7.5000  -22.5000   22.5000 2900.8875   11.5780
   -7.5000  -15.0000   22.5000 2953.7983   10.9181
    0.0000  -15.0000   22.5000 2965.8479   10.8922
    7.5000  -15.0000   22.5000 2955.5498   11.0904
   -7.5000   -7.5000   22.5000 3012.7100   10.7288
    0.0000   -7.5000   22.5000 3031.6040   10.7126
    7.5000   -7.5000   22.5000 2999.2561   10.8373
   -7.5000    0.0000   22.5000 3039.8040   10.5899
    0.0000    0.0000   22.5000 3053.6838   10.5324
    7.5000    0.0000   22.5000 3016.7693   10.6990
   -7.5000    7.5000   22.5000 3035.3762   10.5495
    0.0000    7.5000   22.5000 3038.7334   10.4734
    7.5000    7.5000   22.5000 3014.4302   10.6432
   -7.5000   15.0000   22.5000 3017.6968   10.6682
    0.0000   15.0000   22.5000 3020.7886   10.6100
    7.5000   15.0000   22.5000 2997.7986   10.7551
   -7.5000   22.5000   22.5000 2983.5002   10.9706
    0.0000   22.5000   22.5000 2988.0442   10.9204
    7.5000   22.5000   22.5000 2970.9551   11.0492
   -7.5000   30.0000   22.5000 2939.8015   11.4119
    0.0000   30.0000   22.5000 2942.7170   11.3731
    7.5000   30.0000   22.5000 2932.3391   11.4960
   -7.5000   37.5000   22.5000 2891.6223   11.9889
    0.0000   37.5000   22.5000 2894.1272   11.9447
    7.5000   37.5000   22.5000 2884.6099   12.0795
   -7.5000   45.0000   22.5000 2836.7473   12.7111
    0.0000   45.0000   22.5000 2841.5850   12.6796
    7.5000   45.0000   22.5000 2832.4548   12.8038
   -7.5000  -45.0000   30.0000 2726.4434   14.0860
    0.0000  -45.0000   30.0000 2726.8013   14.0256
    7.5000  -45.0000   30.0000 2722.7834   14.2910
   -7.5000  -37.5000   30.0000 2777.4426   13.1492
    0.0000  -37.5000   30.0000 2781.0771   13.0933
    7.5000  -37.5000   30.0000 2773.6206   13.3290
   -7.5000  -30.0000   30.0000 2833.4216   12.3350
    0.0000  -30.0000   30.0000 2840.7229   12.2924
    7.5000  -30.0000   30.0000 2833.0222   12.5182
   -7.5000  -22.5000   30.0000 2893.5833   11.6669
    0.0000  -22.5000   30.0000 2902.2266   11.6301
    7.5000  -22.5000   30.0000 2894.1970   11.8387
   -7.5000  -15.0000   30.0000 2946.2766   11.2047
    0.0000  -15.0000   30.0000 2956.6208   11.1657
    7.5000  -15.0000   30.0000 2944.6296   11.3485
   -7.5000   -7.5000   30.0000 2989.3899   10.9287
    0.0000   -7.5000   30.0000 3000.6228   10.8635
    7.5000   -7.5000   30.0000 2981.5610   11.0513
   -7.5000    0.0000   30.0000 3006.0200   10.7633
    0.0000    0.0000   30.0000 3013.3584   10.6826
    7.5000    0.0000   30.0000 2992.2876   10.8987
   -7.5000    7.5000   30.0000 3011.3872   10.7763
    0.0000    7.5000   30.0000 3016.8550   10.7313
    7.5000    7.5000   30.0000 2997.0505   10.8839
   -7.5000   15.0000   30.0000 2997.4155   10.9446
    0.0000   15.0000   30.0000 3002.9607   10.8988
    7.5000   15.0000   30.0000 2984.1091   11.0355
   -7.5000   22.5000   30.0000 2962.1843   11.2692
    0.0000   22.5000   30.0000 2967.6230   11.2275
    7.5000   22.5000   30.0000 2953.1050   11.3448
   -7.5000   30.0000   30.0000 2920.4351   11.6959
    0.0000   30.0000   30.0000 2924.5256   11.6677
    7.5000   30.0000   30.0000 2913.0203   11.7700
   -7.5000   37.5000   30.0000 2875.4827   12.2173
    0.0000   37.5000   30.0000 2877.3420   12.1873
    7.5000   37.5000   30.0000 2865.0586   12.2876
   -7.5000   45.0000   30.0000 2818.1172   12.8842
    0.0000   45.0000   30.0000 2822.7175   12.8581
    7.5000   45.0000   30.0000 2809.7764   12.9628
   -7.5000  -45.0000   37.5000 2720.7302   14.4437
    0.0000  -45.0000   37.5000 2726.4568   14.4236
    7.5000  -45.0000   37.5000 2714.4851   14.6168
   -7.5000  -37.5000   37.5000 2775.6057   13.5212
    0.0000  -37.5000   37.5000 2784.1470   13.5170
    7.5000  -37.5000   37.5000 2767.7561   13.6898
   -7.5000  -30.0000   37.5000 2832.0034   12.7360
    0.0000  -30.0000   37.5000 2843.6880   12.7121
    7.5000  -30.0000   37.5000 2826.7473   12.8954
   -7.5000  -22.5000   37.5000 2890.9268   12.0548
    0.0000  -22.5000   37.5000 2899.3350   12.0266
    7.5000  -22.5000   37.5000 2886.0933   12.2146
   -7.5000  -15.0000   37.5000 2937.2427   11.5597
    0.0000  -15.0000   37.5000 2943.1885   11.5065
    7.5000  -15.0000   37.5000 2933.6033   11.6995
   -7.5000   -7.5000   37.5000 2972.4514   11.2600
    0.0000   -7.5000   37.5000 2978.9241   11.1608
    7.5000   -7.5000   37.5000 2965.2124   11.3858
   -7.5000    0.0000   37.5000 2978.2937   11.1011
    0.0000    0.0000   37.5000 2985.8672   11.0277
    7.5000    0.0000   37.5000 2971.6465   11.2411
   -7.5000    7.5000   37.5000 2982.9727   11.1353
    0.0000    7.5000   37.5000 2991.1758   11.0781
    7.5000    7.5000   37.5000 2975.1304   11.2217
   -7.5000   15.0000   37.5000 2968.0647   11.3191
    0.0000   15.0000   37.5000 2974.2957   11.2749
    7.5000   15.0000   37.5000 2960.1665   11.4001
   -7.5000   22.5000   37.5000 2938.6484   11.6348
    0.0000   22.5000   37.5000 2942.1287   11.6021
    7.5000   22.5000   37.5000 2931.3003   11.7112
   -7.5000   30.0000   37.5000 2897.7671   12.0518
    0.0000   30.0000   37.5000 2903.0215   12.0303
    7.5000   30.0000   37.5000 2890.1008   12.1309
   -7.5000   37.5000   37.5000 2852.7285   12.5575
    0.0000   37.5000   37.5000 2856.2883   12.5434
    7.5000   37.5000   37.5000 2842.8242   12.6273
   -7.5000   45.0000   37.5000 2794.7219   13.2089
    0.0000   45.0000   37.5000 2798.6606   13.1908
    7.5000   45.0000   37.5000 2786.8174   13.2700
   -7.5000  -45.0000   45.0000 2711.4438   14.8893
    0.0000  -45.0000   45.0000 2721.5183   14.8821
    7.5000  -45.0000   45.0000 2701.9314   15.0231
   -7.5000  -37.5000   45.0000 2764.7654   13.9717
    0.0000  -37.5000   45.0000 2775.3782   13.9704
    7.5000  -37.5000   45.0000 2755.9712   14.1271
   -7.5000  -30.0000   45.0000 2816.9460   13.1733
    0.0000  -30.0000   45.0000 2829.0088   13.1538
    7.5000  -30.0000   45.0000 2809.6216   13.3146
   -7.5000  -22.5000   45.0000 2869.7432   12.4833
    0.0000  -22.5000   45.0000 2879.0146   12.4443
    7.5000  -22.5000   45.0000 2864.9231   12.6172
   -7.5000  -15.0000   45.0000 2908.2642   11.9638
    0.0000  -15.0000   45.0000 2920.2439   11.9108
    7.5000  -15.0000   45.0000 2909.8618   12.1047
   -7.5000   -7.5000   45.0000 2939.6016   11.6613
    0.0000   -7.5000   45.0000 2947.7830   11.5875
    7.5000   -7.5000   45.0000 2936.4014   11.8089
   -7.5000    0.0000   45.0000 2948.2175   11.5316
    0.0000    0.0000   45.0000 2954.7046   11.4634
    7.5000    0.0000   45.0000 2939.7917   11.6574
   -7.5000    7.5000   45.0000 2947.7012   11.5723
    0.0000    7.5000   45.0000 2957.2500   11.5031
    7.5000    7.5000   45.0000 2940.2061   11.6641
   -7.5000   15.0000   45.0000 2931.1455   11.7526
    0.0000   15.0000   45.0000 2938.8350   11.7118
    7.5000   15.0000   45.0000 2928.7981   11.8256
   -7.5000   22.5000   45.0000 2902.0537   12.0554
    0.0000   22.5000   45.0000 2907.0081   12.0180
    7.5000   22.5000   45.0000 2897.2283   12.1211
   -7.5000   30.0000   45.0000 2863.8298   12.4638
    0.0000   30.0000   45.0000 2870.9180   12.4410
    7.5000   30.0000   45.0000 2856.5425   12.5268
   -7.5000   37.5000   45.0000 2819.9353   12.9500
    0.0000   37.5000   45.0000 2826.8325   12.9397
    7.5000   37.5000   45.0000 2810.8359   13.0216
   -7.5000   45.0000   45.0000 2759.1658   13.6051
    0.0000   45.0000   45.0000 2765.7546   13.5998
    7.5000   45.0000   45.0000 2753.4021   13.6769

---------------------------------------------------------------------
imgreg_4dfp /opt/freesurfer/average/711-2C_as_mni_average_305 /opt/freesurfer/average/711-2B_as_mni_average_305_mask talsrcimg_g11 none talsrcimg_to_711-2C_as_mni_average_305_t4 1283
---------------------------------------------------------------------

freesurfer imgreg_4dfp.c
/opt/freesurfer/average/711-2C_as_mni_average_305.4dfp.img
       256       256       256         1
  1.000000  1.000000  1.000000
orientation T byte_order littleendian
Reading image: /opt/freesurfer/average/711-2C_as_mni_average_305.4dfp.img
dimensions:      256       256       256
mmppix:       1.0000   -1.0000   -1.0000
center:     128.0000 -129.0000 -129.0000
/opt/freesurfer/average/711-2B_as_mni_average_305_mask.4dfp.img
       256       256       256         1
  1.000000  1.000000  1.000000
orientation T byte_order littleendian
Reading mask: /opt/freesurfer/average/711-2B_as_mni_average_305_mask.4dfp.img (2306576 pixels)
talsrcimg_g11.4dfp.img
       256       256       256         1
  1.000000  1.000000  1.000000
orientation T byte_order littleendian
Reading image: talsrcimg_g11.4dfp.img
dimensions:      256       256       256
mmppix:       1.0000   -1.0000   -1.0000
center:     128.0000 -129.0000 -129.0000
rotation matrix determinant  1.000000
fimgreg.f
image alignment mode   1283 decimal      503 hex
parameters
    0.0000    0.0000   15.0000    0.0000    0.0000    0.0000
eta,q 0.96675 10.53831
niter,ni,del,rscale     5    3   12.0000    1.2000
parameters
   -2.4255    1.0918   14.0543    1.7296   -2.6802   -1.2371
eta,q 0.96658 10.36093
  0.0383  0.0435  0.0376  0.0375  0.0345  0.0346
  0.0346  0.0389  0.0358  0.0352  0.0334  0.0338
  0.0340  0.0346  0.0344  0.0337  0.0335  0.0335
  0.0362  0.0337  0.0340  0.0340  0.0340  0.0334
  0.0396  0.0345  0.0351  0.0340  0.0358  0.0338
  0.0451  0.0358  0.0378  0.0344  0.0386  0.0349
  0.0503  0.0378  0.0411  0.0342  0.0422  0.0366
niter,ni,del,rscale     4    3   12.0000    1.2000
parameters
   -2.0363   -0.5880   14.4844    4.0442   -3.1062   -1.6765
eta,q 0.96879 10.41261
  0.0450  0.0361  0.0371  0.0381  0.0353  0.0340
  0.0382  0.0319  0.0343  0.0352  0.0327  0.0321
  0.0341  0.0319  0.0328  0.0328  0.0312  0.0314
  0.0334  0.0336  0.0322  0.0321  0.0314  0.0313
  0.0352  0.0353  0.0321  0.0314  0.0322  0.0317
  0.0373  0.0367  0.0334  0.0317  0.0338  0.0330
  0.0413  0.0390  0.0360  0.0326  0.0361  0.0347
niter,ni,del,rscale     3    3   12.0000    1.2000
parameters
   -2.1880   -1.0571   15.3148    4.7408   -3.0591   -1.6298
eta,q 0.96949 10.43801
  0.0417  0.0374  0.0366  0.0358  0.0358  0.0345
  0.0343  0.0330  0.0343  0.0329  0.0329  0.0321
  0.0306  0.0310  0.0323  0.0314  0.0308  0.0307
  0.0312  0.0311  0.0308  0.0305  0.0305  0.0305
  0.0338  0.0333  0.0305  0.0308  0.0314  0.0310
  0.0364  0.0356  0.0317  0.0321  0.0329  0.0322
  0.0409  0.0381  0.0348  0.0336  0.0354  0.0342
niter,ni,del,rscale     2    3   12.0000    1.2000
parameters
   -2.3146   -0.9259   15.4759    4.8720   -3.0330   -1.6452
eta,q 0.96963 10.44232
  0.0417  0.0385  0.0362  0.0345  0.0359  0.0344
  0.0338  0.0340  0.0338  0.0323  0.0330  0.0320
  0.0299  0.0313  0.0316  0.0309  0.0307  0.0307
  0.0305  0.0304  0.0304  0.0304  0.0304  0.0304
  0.0333  0.0320  0.0305  0.0310  0.0314  0.0309
  0.0362  0.0344  0.0325  0.0324  0.0329  0.0322
  0.0404  0.0370  0.0365  0.0340  0.0355  0.0343
niter,ni,del,rscale     1    3   12.0000    1.2000
parameters
   -2.3287   -0.8936   15.5215    4.8944   -3.0293   -1.6393
eta,q 0.96964 10.44324
  0.0423  0.0381  0.0361  0.0343  0.0358  0.0344
  0.0342  0.0338  0.0337  0.0322  0.0330  0.0321
  0.0300  0.0311  0.0315  0.0309  0.0307  0.0307
  0.0304  0.0304  0.0304  0.0304  0.0304  0.0304
  0.0332  0.0321  0.0305  0.0310  0.0314  0.0309
  0.0360  0.0345  0.0327  0.0324  0.0330  0.0322
  0.0401  0.0372  0.0368  0.0341  0.0356  0.0343
registration optimization eta report
parameter search radius
    6.0000    6.0000    6.0000    6.0000    6.0000    6.0000
100000*second partial in parameter space
       30.       19.       17.       10.       15.       11.
  0.0423  0.0381  0.0361  0.0343  0.0358  0.0344
  0.0342  0.0338  0.0337  0.0322  0.0330  0.0321
  0.0300  0.0311  0.0315  0.0309  0.0307  0.0307
  0.0304  0.0304  0.0304  0.0304  0.0304  0.0304
  0.0332  0.0321  0.0305  0.0310  0.0314  0.0309
  0.0360  0.0345  0.0327  0.0324  0.0330  0.0322
  0.0401  0.0372  0.0368  0.0341  0.0356  0.0343
   -2.3287   -0.8936   15.5215    4.8944   -3.0293   -1.6393
eta,q 0.96964 10.44324

---------------------------------------------------------------------
imgreg_4dfp /opt/freesurfer/average/711-2C_as_mni_average_305 /opt/freesurfer/average/711-2B_as_mni_average_305_mask talsrcimg_g11 none talsrcimg_to_711-2C_as_mni_average_305_t4 3335
---------------------------------------------------------------------

freesurfer imgreg_4dfp.c
/opt/freesurfer/average/711-2C_as_mni_average_305.4dfp.img
       256       256       256         1
  1.000000  1.000000  1.000000
orientation T byte_order littleendian
Reading image: /opt/freesurfer/average/711-2C_as_mni_average_305.4dfp.img
dimensions:      256       256       256
mmppix:       1.0000   -1.0000   -1.0000
center:     128.0000 -129.0000 -129.0000
/opt/freesurfer/average/711-2B_as_mni_average_305_mask.4dfp.img
       256       256       256         1
  1.000000  1.000000  1.000000
orientation T byte_order littleendian
Reading mask: /opt/freesurfer/average/711-2B_as_mni_average_305_mask.4dfp.img (2306576 pixels)
talsrcimg_g11.4dfp.img
       256       256       256         1
  1.000000  1.000000  1.000000
orientation T byte_order littleendian
Reading image: talsrcimg_g11.4dfp.img
dimensions:      256       256       256
mmppix:       1.0000   -1.0000   -1.0000
center:     128.0000 -129.0000 -129.0000
fimgreg.f
image alignment mode   3335 decimal      D07 hex
parameters
   -2.3287   -0.8936   15.5215   -0.1806   -0.4183   -0.5039
    3.3010    5.0191   -2.8568   -8.6791   -5.2846    8.5200
eta,q 0.97229 10.52042
niter,ni,del,rscale     5    3    5.0000    1.2000
parameter  4  0.884071 ->  0.500000 qaram    1.1500
parameter  5  1.136022 ->  0.500000 qaram    1.1500
parameter 12  0.790238 ->  0.500000 qaram    1.1500
parameters
   -1.9873   -0.8551   15.4567   -4.3206   -4.5583   -4.0699
    3.8429    5.3313   -0.5887  -11.7198   -3.4673    4.3800
eta,q 0.97815 10.45296
  0.0309  0.0295  0.0289  0.0262  0.0235  0.0237  0.0263  0.0267  0.0260  0.0236  0.0243  0.0219
  0.0293  0.0285  0.0282  0.0260  0.0236  0.0234  0.0248  0.0250  0.0248  0.0228  0.0235  0.0218
  0.0282  0.0279  0.0278  0.0264  0.0245  0.0234  0.0238  0.0238  0.0239  0.0227  0.0229  0.0221
  0.0277  0.0277  0.0277  0.0277  0.0260  0.0238  0.0233  0.0233  0.0233  0.0231  0.0226  0.0226
  0.0277  0.0278  0.0278  0.0295  0.0281  0.0250  0.0235  0.0236  0.0231  0.0242  0.0226  0.0234
  0.0284  0.0284  0.0283  0.0318  0.0306  0.0271  0.0243  0.0246  0.0234  0.0257  0.0228  0.0246
  0.0295  0.0293  0.0290  0.0337  0.0330  0.0301  0.0256  0.0262  0.0240  0.0277  0.0232  0.0259
niter,ni,del,rscale     7    3    5.0000    1.2000
parameters
   -1.7967   -0.8993   15.1698   -3.8096   -5.6340   -1.8120
    2.7377    5.3544   -0.5918  -11.1758   -2.3596    1.1396
eta,q 0.97926 10.46852
  0.0251  0.0240  0.0227  0.0262  0.0248  0.0242  0.0232  0.0251  0.0231  0.0245  0.0228  0.0214
  0.0235  0.0228  0.0221  0.0244  0.0231  0.0233  0.0219  0.0229  0.0220  0.0227  0.0219  0.0209
  0.0224  0.0220  0.0219  0.0228  0.0219  0.0224  0.0212  0.0215  0.0213  0.0216  0.0213  0.0207
  0.0218  0.0218  0.0218  0.0218  0.0217  0.0217  0.0211  0.0211  0.0211  0.0211  0.0210  0.0210
  0.0220  0.0221  0.0220  0.0219  0.0226  0.0211  0.0218  0.0215  0.0213  0.0212  0.0211  0.0217
  0.0228  0.0229  0.0225  0.0232  0.0244  0.0210  0.0231  0.0228  0.0220  0.0221  0.0213  0.0229
  0.0243  0.0242  0.0232  0.0257  0.0271  0.0226  0.0248  0.0251  0.0231  0.0236  0.0220  0.0244
niter,ni,del,rscale     6    3    5.0000    1.2000
parameters
   -1.8761   -0.6407   14.7736   -3.5026   -6.0317   -2.1075
    2.4458    5.1975   -0.7166  -10.0208   -2.0738   -0.0704
eta,q 0.97942 10.45440
  0.0236  0.0236  0.0216  0.0254  0.0245  0.0233  0.0234  0.0246  0.0227  0.0245  0.0220  0.0219
  0.0220  0.0221  0.0210  0.0235  0.0226  0.0223  0.0219  0.0224  0.0216  0.0227  0.0213  0.0211
  0.0210  0.0212  0.0207  0.0218  0.0211  0.0214  0.0210  0.0211  0.0209  0.0214  0.0208  0.0207
  0.0207  0.0207  0.0207  0.0207  0.0206  0.0206  0.0207  0.0207  0.0207  0.0207  0.0206  0.0206
  0.0211  0.0208  0.0210  0.0208  0.0212  0.0202  0.0211  0.0212  0.0210  0.0207  0.0207  0.0210
  0.0223  0.0215  0.0215  0.0225  0.0229  0.0216  0.0222  0.0226  0.0217  0.0214  0.0211  0.0218
  0.0240  0.0226  0.0224  0.0253  0.0255  0.0250  0.0239  0.0250  0.0229  0.0227  0.0218  0.0230
niter,ni,del,rscale     5    3    5.0000    1.2000
parameters
   -1.8904   -0.3699   14.5397   -3.2676   -6.0526   -2.1655
    2.3786    5.2022   -0.7297   -9.3893   -2.1821   -0.8391
eta,q 0.97953 10.45155
  0.0236  0.0235  0.0216  0.0253  0.0247  0.0233  0.0234  0.0247  0.0226  0.0239  0.0218  0.0220
  0.0220  0.0220  0.0209  0.0233  0.0227  0.0223  0.0219  0.0225  0.0215  0.0222  0.0211  0.0211
  0.0209  0.0210  0.0206  0.0216  0.0212  0.0213  0.0209  0.0210  0.0208  0.0211  0.0206  0.0206
  0.0206  0.0206  0.0206  0.0205  0.0205  0.0205  0.0205  0.0205  0.0205  0.0205  0.0205  0.0205
  0.0209  0.0207  0.0208  0.0208  0.0209  0.0200  0.0209  0.0209  0.0208  0.0206  0.0207  0.0208
  0.0220  0.0213  0.0213  0.0225  0.0225  0.0213  0.0219  0.0224  0.0215  0.0215  0.0211  0.0215
  0.0237  0.0224  0.0220  0.0253  0.0250  0.0246  0.0235  0.0247  0.0226  0.0229  0.0219  0.0227
niter,ni,del,rscale     4    3    5.0000    1.2000
parameters
   -1.8929   -0.2126   14.4110   -3.2126   -6.0728   -2.1729
    2.3505    5.2656   -0.6879   -8.9704   -2.3138   -1.3092
eta,q 0.97959 10.44966
  0.0236  0.0231  0.0216  0.0251  0.0246  0.0233  0.0233  0.0247  0.0226  0.0236  0.0218  0.0220
  0.0219  0.0217  0.0209  0.0231  0.0227  0.0223  0.0218  0.0225  0.0214  0.0220  0.0210  0.0212
  0.0208  0.0208  0.0205  0.0214  0.0211  0.0213  0.0208  0.0210  0.0207  0.0209  0.0205  0.0206
  0.0205  0.0205  0.0205  0.0204  0.0204  0.0204  0.0204  0.0204  0.0204  0.0204  0.0204  0.0204
  0.0208  0.0206  0.0207  0.0208  0.0209  0.0200  0.0208  0.0209  0.0207  0.0206  0.0206  0.0207
  0.0219  0.0213  0.0211  0.0226  0.0224  0.0212  0.0218  0.0223  0.0214  0.0216  0.0211  0.0214
  0.0236  0.0225  0.0218  0.0255  0.0249  0.0245  0.0234  0.0246  0.0225  0.0230  0.0218  0.0225
niter,ni,del,rscale     3    3    5.0000    1.2000
parameters
   -1.8831   -0.1073   14.3326   -3.2025   -6.1007   -2.1774
    2.3105    5.3324   -0.6405   -8.6966   -2.4154   -1.5943
eta,q 0.97961 10.44801
  0.0235  0.0230  0.0217  0.0250  0.0246  0.0233  0.0233  0.0247  0.0225  0.0235  0.0218  0.0221
  0.0219  0.0216  0.0209  0.0231  0.0226  0.0223  0.0218  0.0224  0.0214  0.0219  0.0210  0.0212
  0.0208  0.0207  0.0205  0.0214  0.0211  0.0213  0.0208  0.0210  0.0207  0.0209  0.0205  0.0206
  0.0204  0.0204  0.0204  0.0204  0.0204  0.0204  0.0204  0.0204  0.0204  0.0204  0.0204  0.0204
  0.0208  0.0206  0.0206  0.0208  0.0208  0.0199  0.0208  0.0208  0.0206  0.0207  0.0206  0.0206
  0.0218  0.0214  0.0211  0.0226  0.0224  0.0212  0.0218  0.0223  0.0214  0.0216  0.0211  0.0213
  0.0235  0.0225  0.0217  0.0255  0.0249  0.0245  0.0234  0.0246  0.0225  0.0231  0.0218  0.0224
niter,ni,del,rscale     2    3    5.0000    1.2000
parameters
   -1.8726   -0.0369   14.2832   -3.2018   -6.1242   -2.1871
    2.2751    5.3828   -0.6033   -8.5110   -2.4878   -1.7729
eta,q 0.97962 10.44683
  0.0235  0.0229  0.0217  0.0250  0.0246  0.0233  0.0233  0.0247  0.0225  0.0234  0.0218  0.0221
  0.0219  0.0215  0.0209  0.0231  0.0226  0.0223  0.0218  0.0224  0.0214  0.0218  0.0210  0.0212
  0.0208  0.0207  0.0205  0.0214  0.0211  0.0213  0.0208  0.0210  0.0207  0.0208  0.0205  0.0206
  0.0204  0.0204  0.0204  0.0204  0.0204  0.0204  0.0204  0.0204  0.0204  0.0204  0.0204  0.0204
  0.0207  0.0206  0.0206  0.0208  0.0208  0.0199  0.0207  0.0208  0.0206  0.0207  0.0206  0.0206
  0.0218  0.0214  0.0211  0.0226  0.0224  0.0212  0.0218  0.0223  0.0213  0.0216  0.0210  0.0213
  0.0235  0.0226  0.0217  0.0255  0.0249  0.0245  0.0234  0.0246  0.0225  0.0231  0.0218  0.0223
niter,ni,del,rscale     1    3    5.0000    1.2000
parameters
   -1.8622    0.0129   14.2467   -3.2012   -6.1461   -2.1978
    2.2470    5.4208   -0.5680   -8.3845   -2.5374   -1.8940
eta,q 0.97962 10.44572
  0.0235  0.0228  0.0217  0.0250  0.0245  0.0234  0.0233  0.0247  0.0225  0.0233  0.0218  0.0222
  0.0219  0.0215  0.0209  0.0231  0.0226  0.0223  0.0218  0.0224  0.0214  0.0218  0.0210  0.0212
  0.0208  0.0207  0.0205  0.0214  0.0211  0.0213  0.0208  0.0209  0.0207  0.0208  0.0205  0.0206
  0.0204  0.0204  0.0204  0.0204  0.0204  0.0204  0.0204  0.0204  0.0204  0.0204  0.0204  0.0204
  0.0207  0.0206  0.0206  0.0208  0.0208  0.0199  0.0207  0.0208  0.0206  0.0207  0.0206  0.0206
  0.0218  0.0214  0.0210  0.0226  0.0224  0.0212  0.0218  0.0223  0.0213  0.0217  0.0210  0.0212
  0.0235  0.0226  0.0217  0.0255  0.0249  0.0246  0.0234  0.0247  0.0225  0.0232  0.0218  0.0223
registration optimization eta report
parameter search radius
    2.4000    2.4000    2.4000    8.2800    8.2800    7.2000
    7.2000    7.2000    7.2000    7.2000    7.2000    8.2800
100000*second partial in parameter space
       54.       40.       23.        7.        6.        7.
        6.        8.        4.        6.        3.        3.
  0.0235  0.0228  0.0217  0.0250  0.0245  0.0234  0.0233  0.0247  0.0225  0.0233  0.0218  0.0222
  0.0219  0.0215  0.0209  0.0231  0.0226  0.0223  0.0218  0.0224  0.0214  0.0218  0.0210  0.0212
  0.0208  0.0207  0.0205  0.0214  0.0211  0.0213  0.0208  0.0209  0.0207  0.0208  0.0205  0.0206
  0.0204  0.0204  0.0204  0.0204  0.0204  0.0204  0.0204  0.0204  0.0204  0.0204  0.0204  0.0204
  0.0207  0.0206  0.0206  0.0208  0.0208  0.0199  0.0207  0.0208  0.0206  0.0207  0.0206  0.0206
  0.0218  0.0214  0.0210  0.0226  0.0224  0.0212  0.0218  0.0223  0.0213  0.0217  0.0210  0.0212
  0.0235  0.0226  0.0217  0.0255  0.0249  0.0246  0.0234  0.0247  0.0225  0.0232  0.0218  0.0223
   -1.8622    0.0129   14.2467   -3.2012   -6.1461   -2.1978
    2.2470    5.4208   -0.5680   -8.3845   -2.5374   -1.8940
eta,q 0.97962 10.44572

---------------------------------------------------------------------
imgreg_4dfp /opt/freesurfer/average/711-2C_as_mni_average_305 /opt/freesurfer/average/711-2B_as_mni_average_305_mask talsrcimg_g11 none talsrcimg_to_711-2C_as_mni_average_305_t4 2311
---------------------------------------------------------------------

freesurfer imgreg_4dfp.c
/opt/freesurfer/average/711-2C_as_mni_average_305.4dfp.img
       256       256       256         1
  1.000000  1.000000  1.000000
orientation T byte_order littleendian
Reading image: /opt/freesurfer/average/711-2C_as_mni_average_305.4dfp.img
dimensions:      256       256       256
mmppix:       1.0000   -1.0000   -1.0000
center:     128.0000 -129.0000 -129.0000
/opt/freesurfer/average/711-2B_as_mni_average_305_mask.4dfp.img
       256       256       256         1
  1.000000  1.000000  1.000000
orientation T byte_order littleendian
Reading mask: /opt/freesurfer/average/711-2B_as_mni_average_305_mask.4dfp.img (2306576 pixels)
talsrcimg_g11.4dfp.img
       256       256       256         1
  1.000000  1.000000  1.000000
orientation T byte_order littleendian
Reading image: talsrcimg_g11.4dfp.img
dimensions:      256       256       256
mmppix:       1.0000   -1.0000   -1.0000
center:     128.0000 -129.0000 -129.0000
fimgreg.f
image alignment mode   2311 decimal      907 hex
parameters
   -1.8622    0.0129   14.2467   -3.2012   -6.1461   -2.1978
    2.2470    5.4208   -0.5680   -8.3845   -2.5374   -1.8940
eta,q 0.97962 10.44571
niter,ni,del,rscale     5    3    5.0000    0.8000
parameters
   -1.8505    0.0284   14.1523   -2.7476   -6.0043   -1.2693
    2.2166    5.5021   -0.5419   -8.5521   -2.6262   -2.4434
eta,q 0.97995 10.45960
  0.0218  0.0215  0.0209  0.0226  0.0220  0.0222  0.0215  0.0224  0.0211  0.0214  0.0208  0.0206
  0.0210  0.0209  0.0206  0.0216  0.0212  0.0215  0.0207  0.0212  0.0205  0.0207  0.0204  0.0203
  0.0206  0.0205  0.0204  0.0208  0.0206  0.0209  0.0202  0.0204  0.0202  0.0202  0.0201  0.0201
  0.0204  0.0204  0.0204  0.0204  0.0203  0.0203  0.0201  0.0201  0.0201  0.0201  0.0201  0.0201
  0.0205  0.0205  0.0205  0.0204  0.0205  0.0200  0.0202  0.0203  0.0202  0.0203  0.0202  0.0202
  0.0210  0.0208  0.0207  0.0210  0.0210  0.0203  0.0207  0.0211  0.0205  0.0208  0.0204  0.0205
  0.0218  0.0214  0.0210  0.0220  0.0219  0.0215  0.0215  0.0223  0.0211  0.0217  0.0209  0.0209
niter,ni,del,rscale     4    3    5.0000    0.7000
parameters
   -1.8804    0.0349   14.3143   -2.8663   -6.1236   -0.8299
    2.2193    5.4850   -0.5434   -8.4081   -2.7120   -2.5583
eta,q 0.98007 10.46500
  0.0212  0.0209  0.0208  0.0216  0.0213  0.0217  0.0210  0.0218  0.0207  0.0212  0.0205  0.0205
  0.0206  0.0204  0.0204  0.0208  0.0206  0.0211  0.0204  0.0208  0.0203  0.0205  0.0202  0.0202
  0.0202  0.0201  0.0201  0.0203  0.0202  0.0206  0.0201  0.0202  0.0200  0.0201  0.0200  0.0200
  0.0200  0.0201  0.0200  0.0200  0.0200  0.0201  0.0199  0.0199  0.0199  0.0199  0.0199  0.0199
  0.0202  0.0201  0.0201  0.0203  0.0202  0.0199  0.0201  0.0202  0.0200  0.0200  0.0200  0.0200
  0.0206  0.0204  0.0202  0.0209  0.0207  0.0203  0.0204  0.0208  0.0203  0.0204  0.0202  0.0202
  0.0213  0.0209  0.0205  0.0218  0.0214  0.0215  0.0211  0.0218  0.0207  0.0210  0.0206  0.0205
niter,ni,del,rscale     3    3    5.0000    0.6000
parameters
   -1.8857    0.0655   14.4142   -2.9017   -6.2013   -0.5175
    2.2349    5.4912   -0.5304   -8.3518   -2.7641   -2.6340
eta,q 0.98013 10.46824
  0.0208  0.0206  0.0205  0.0212  0.0209  0.0213  0.0207  0.0213  0.0205  0.0208  0.0203  0.0203
  0.0203  0.0202  0.0202  0.0205  0.0204  0.0208  0.0203  0.0205  0.0201  0.0203  0.0201  0.0201
  0.0200  0.0200  0.0200  0.0201  0.0200  0.0203  0.0200  0.0200  0.0199  0.0200  0.0199  0.0199
  0.0199  0.0199  0.0199  0.0199  0.0199  0.0199  0.0199  0.0199  0.0199  0.0199  0.0199  0.0199
  0.0200  0.0200  0.0200  0.0201  0.0200  0.0198  0.0200  0.0200  0.0199  0.0200  0.0199  0.0199
  0.0203  0.0202  0.0201  0.0205  0.0204  0.0202  0.0202  0.0205  0.0201  0.0202  0.0201  0.0201
  0.0208  0.0205  0.0203  0.0213  0.0210  0.0211  0.0207  0.0213  0.0204  0.0207  0.0204  0.0203
niter,ni,del,rscale     2    3    5.0000    0.5000
parameters
   -1.8889    0.0787   14.4958   -2.9272   -6.2615   -0.2420
    2.2361    5.4913   -0.5166   -8.3273   -2.8007   -2.6899
eta,q 0.98018 10.47078
  0.0205  0.0203  0.0203  0.0208  0.0205  0.0210  0.0204  0.0209  0.0202  0.0205  0.0202  0.0201
  0.0201  0.0201  0.0200  0.0203  0.0202  0.0205  0.0201  0.0203  0.0200  0.0201  0.0200  0.0200
  0.0199  0.0199  0.0199  0.0200  0.0200  0.0202  0.0199  0.0199  0.0199  0.0199  0.0199  0.0199
  0.0199  0.0199  0.0199  0.0199  0.0199  0.0199  0.0198  0.0198  0.0198  0.0198  0.0198  0.0198
  0.0199  0.0199  0.0199  0.0200  0.0199  0.0198  0.0199  0.0199  0.0199  0.0199  0.0199  0.0199
  0.0202  0.0201  0.0200  0.0203  0.0202  0.0201  0.0201  0.0203  0.0200  0.0201  0.0200  0.0200
  0.0205  0.0203  0.0201  0.0208  0.0206  0.0208  0.0204  0.0209  0.0202  0.0204  0.0202  0.0201
niter,ni,del,rscale     1    3    5.0000    0.4000
parameters
   -1.8926    0.0867   14.5708   -2.9466   -6.2983   -0.0137
    2.2441    5.4788   -0.5114   -8.3243   -2.8215   -2.7126
eta,q 0.98021 10.47294
  0.0202  0.0201  0.0201  0.0204  0.0203  0.0206  0.0202  0.0205  0.0201  0.0202  0.0200  0.0200
  0.0200  0.0200  0.0199  0.0201  0.0200  0.0203  0.0200  0.0201  0.0199  0.0200  0.0199  0.0199
  0.0199  0.0199  0.0199  0.0199  0.0199  0.0200  0.0198  0.0199  0.0198  0.0198  0.0198  0.0198
  0.0198  0.0198  0.0198  0.0198  0.0198  0.0198  0.0198  0.0198  0.0198  0.0198  0.0198  0.0198
  0.0199  0.0199  0.0198  0.0199  0.0199  0.0198  0.0198  0.0199  0.0198  0.0198  0.0198  0.0198
  0.0200  0.0199  0.0199  0.0201  0.0200  0.0200  0.0200  0.0201  0.0199  0.0200  0.0199  0.0199
  0.0202  0.0201  0.0200  0.0205  0.0203  0.0205  0.0202  0.0205  0.0201  0.0202  0.0200  0.0200
registration optimization eta report
parameter search radius
    0.8000    0.8000    0.8000    2.4000    2.4000    2.4000
    2.4000    2.4000    2.4000    2.4000    2.4000    2.4000
100000*second partial in parameter space
       64.       44.       34.       11.        8.       13.
        6.       12.        5.        7.        4.        3.
  0.0202  0.0201  0.0201  0.0204  0.0203  0.0206  0.0202  0.0205  0.0201  0.0202  0.0200  0.0200
  0.0200  0.0200  0.0199  0.0201  0.0200  0.0203  0.0200  0.0201  0.0199  0.0200  0.0199  0.0199
  0.0199  0.0199  0.0199  0.0199  0.0199  0.0200  0.0198  0.0199  0.0198  0.0198  0.0198  0.0198
  0.0198  0.0198  0.0198  0.0198  0.0198  0.0198  0.0198  0.0198  0.0198  0.0198  0.0198  0.0198
  0.0199  0.0199  0.0198  0.0199  0.0199  0.0198  0.0198  0.0199  0.0198  0.0198  0.0198  0.0198
  0.0200  0.0199  0.0199  0.0201  0.0200  0.0200  0.0200  0.0201  0.0199  0.0200  0.0199  0.0199
  0.0202  0.0201  0.0200  0.0205  0.0203  0.0205  0.0202  0.0205  0.0201  0.0202  0.0200  0.0200
   -1.8926    0.0867   14.5708   -2.9466   -6.2983   -0.0137
    2.2441    5.4788   -0.5114   -8.3243   -2.8215   -2.7126
eta,q 0.98021 10.47294

---------------------------------------------------------------------
imgreg_4dfp /opt/freesurfer/average/711-2C_as_mni_average_305 /opt/freesurfer/average/711-2B_as_mni_average_305_mask talsrcimg_g11 none talsrcimg_to_711-2C_as_mni_average_305_t4 2311
---------------------------------------------------------------------

freesurfer imgreg_4dfp.c
/opt/freesurfer/average/711-2C_as_mni_average_305.4dfp.img
       256       256       256         1
  1.000000  1.000000  1.000000
orientation T byte_order littleendian
Reading image: /opt/freesurfer/average/711-2C_as_mni_average_305.4dfp.img
dimensions:      256       256       256
mmppix:       1.0000   -1.0000   -1.0000
center:     128.0000 -129.0000 -129.0000
/opt/freesurfer/average/711-2B_as_mni_average_305_mask.4dfp.img
       256       256       256         1
  1.000000  1.000000  1.000000
orientation T byte_order littleendian
Reading mask: /opt/freesurfer/average/711-2B_as_mni_average_305_mask.4dfp.img (2306576 pixels)
talsrcimg_g11.4dfp.img
       256       256       256         1
  1.000000  1.000000  1.000000
orientation T byte_order littleendian
Reading image: talsrcimg_g11.4dfp.img
dimensions:      256       256       256
mmppix:       1.0000   -1.0000   -1.0000
center:     128.0000 -129.0000 -129.0000
fimgreg.f
image alignment mode   2311 decimal      907 hex
parameters
   -1.8926    0.0867   14.5708   -2.9466   -6.2983   -0.0137
    2.2441    5.4788   -0.5114   -8.3243   -2.8215   -2.7126
eta,q 0.98021 10.47294
niter,ni,del,rscale     5    3    5.0000    0.8000
parameters
   -1.8985    0.1014   14.6797   -3.1784   -6.4045   -0.5271
    2.2356    5.4683   -0.5197   -8.1444   -2.8013   -2.3053
eta,q 0.98011 10.47026
  0.0214  0.0209  0.0208  0.0217  0.0214  0.0216  0.0213  0.0222  0.0209  0.0215  0.0207  0.0207
  0.0205  0.0203  0.0203  0.0208  0.0206  0.0210  0.0206  0.0210  0.0204  0.0207  0.0203  0.0203
  0.0200  0.0199  0.0199  0.0201  0.0200  0.0203  0.0201  0.0202  0.0200  0.0201  0.0200  0.0200
  0.0198  0.0198  0.0198  0.0198  0.0198  0.0198  0.0199  0.0199  0.0199  0.0199  0.0199  0.0199
  0.0200  0.0199  0.0199  0.0201  0.0200  0.0200  0.0201  0.0202  0.0200  0.0200  0.0200  0.0199
  0.0205  0.0203  0.0201  0.0210  0.0206  0.0212  0.0206  0.0210  0.0204  0.0205  0.0203  0.0201
  0.0214  0.0209  0.0206  0.0223  0.0216  0.0233  0.0213  0.0222  0.0209  0.0213  0.0207  0.0205
niter,ni,del,rscale     4    3    5.0000    0.7000
parameters
   -1.8803    0.1051   14.5411   -3.0128   -6.3252   -0.6275
    2.2280    5.5106   -0.5061   -8.2936   -2.7960   -2.3663
eta,q 0.98011 10.46823
  0.0211  0.0207  0.0204  0.0216  0.0212  0.0215  0.0210  0.0218  0.0207  0.0210  0.0205  0.0204
  0.0205  0.0203  0.0201  0.0208  0.0205  0.0209  0.0204  0.0208  0.0203  0.0204  0.0202  0.0201
  0.0200  0.0200  0.0199  0.0202  0.0201  0.0203  0.0200  0.0201  0.0200  0.0200  0.0200  0.0200
  0.0199  0.0199  0.0199  0.0199  0.0199  0.0199  0.0199  0.0199  0.0199  0.0199  0.0199  0.0199
  0.0200  0.0200  0.0200  0.0200  0.0200  0.0199  0.0200  0.0201  0.0200  0.0200  0.0200  0.0200
  0.0204  0.0203  0.0203  0.0205  0.0204  0.0206  0.0204  0.0207  0.0202  0.0205  0.0202  0.0202
  0.0211  0.0207  0.0206  0.0215  0.0211  0.0220  0.0210  0.0217  0.0207  0.0211  0.0205  0.0205
niter,ni,del,rscale     3    3    5.0000    0.6000
parameters
   -1.8772    0.0807   14.4979   -2.9360   -6.2753   -0.4732
    2.2234    5.5155   -0.4974   -8.3625   -2.7951   -2.5083
eta,q 0.98014 10.46928
  0.0208  0.0205  0.0203  0.0212  0.0209  0.0212  0.0207  0.0213  0.0204  0.0207  0.0203  0.0203
  0.0203  0.0202  0.0201  0.0206  0.0204  0.0207  0.0202  0.0205  0.0201  0.0202  0.0201  0.0200
  0.0200  0.0200  0.0199  0.0201  0.0200  0.0203  0.0200  0.0200  0.0199  0.0200  0.0199  0.0199
  0.0199  0.0199  0.0199  0.0199  0.0199  0.0199  0.0199  0.0199  0.0199  0.0199  0.0199  0.0199
  0.0200  0.0200  0.0200  0.0200  0.0200  0.0198  0.0199  0.0200  0.0199  0.0200  0.0199  0.0199
  0.0203  0.0202  0.0201  0.0204  0.0203  0.0203  0.0202  0.0205  0.0201  0.0203  0.0201  0.0201
  0.0208  0.0205  0.0204  0.0211  0.0208  0.0213  0.0207  0.0213  0.0204  0.0208  0.0203  0.0203
niter,ni,del,rscale     2    3    5.0000    0.5000
parameters
   -1.8837    0.0733   14.5226   -2.9264   -6.2748   -0.2407
    2.2277    5.4967   -0.5075   -8.3654   -2.8079   -2.6143
eta,q 0.98018 10.47122
  0.0205  0.0203  0.0202  0.0208  0.0205  0.0209  0.0204  0.0208  0.0202  0.0205  0.0202  0.0201
  0.0201  0.0200  0.0200  0.0203  0.0202  0.0205  0.0201  0.0203  0.0200  0.0201  0.0200  0.0199
  0.0199  0.0199  0.0199  0.0200  0.0199  0.0201  0.0199  0.0199  0.0199  0.0199  0.0199  0.0199
  0.0199  0.0199  0.0199  0.0199  0.0199  0.0199  0.0198  0.0198  0.0198  0.0198  0.0198  0.0198
  0.0199  0.0199  0.0199  0.0200  0.0199  0.0198  0.0199  0.0199  0.0199  0.0199  0.0199  0.0199
  0.0201  0.0201  0.0200  0.0203  0.0202  0.0201  0.0201  0.0203  0.0200  0.0201  0.0200  0.0200
  0.0205  0.0203  0.0202  0.0208  0.0206  0.0208  0.0204  0.0209  0.0202  0.0205  0.0202  0.0201
niter,ni,del,rscale     1    3    5.0000    0.4000
parameters
   -1.8921    0.0767   14.5862   -2.9422   -6.2987   -0.0072
    2.2505    5.4778   -0.5225   -8.3527   -2.8179   -2.6990
eta,q 0.98021 10.47330
  0.0202  0.0201  0.0201  0.0204  0.0203  0.0206  0.0202  0.0205  0.0201  0.0202  0.0200  0.0200
  0.0200  0.0199  0.0199  0.0201  0.0200  0.0203  0.0200  0.0201  0.0199  0.0200  0.0199  0.0199
  0.0199  0.0199  0.0199  0.0199  0.0199  0.0200  0.0198  0.0199  0.0198  0.0199  0.0198  0.0198
  0.0198  0.0198  0.0198  0.0198  0.0198  0.0198  0.0198  0.0198  0.0198  0.0198  0.0198  0.0198
  0.0199  0.0199  0.0198  0.0199  0.0199  0.0198  0.0198  0.0199  0.0198  0.0198  0.0198  0.0198
  0.0200  0.0199  0.0199  0.0201  0.0200  0.0200  0.0200  0.0201  0.0199  0.0200  0.0199  0.0199
  0.0202  0.0201  0.0200  0.0205  0.0203  0.0205  0.0202  0.0205  0.0201  0.0202  0.0200  0.0200
registration optimization eta report
parameter search radius
    0.8000    0.8000    0.8000    2.4000    2.4000    2.4000
    2.4000    2.4000    2.4000    2.4000    2.4000    2.4000
100000*second partial in parameter space
       64.       44.       34.       11.        8.       13.
        7.       12.        5.        7.        4.        3.
  0.0202  0.0201  0.0201  0.0204  0.0203  0.0206  0.0202  0.0205  0.0201  0.0202  0.0200  0.0200
  0.0200  0.0199  0.0199  0.0201  0.0200  0.0203  0.0200  0.0201  0.0199  0.0200  0.0199  0.0199
  0.0199  0.0199  0.0199  0.0199  0.0199  0.0200  0.0198  0.0199  0.0198  0.0199  0.0198  0.0198
  0.0198  0.0198  0.0198  0.0198  0.0198  0.0198  0.0198  0.0198  0.0198  0.0198  0.0198  0.0198
  0.0199  0.0199  0.0198  0.0199  0.0199  0.0198  0.0198  0.0199  0.0198  0.0198  0.0198  0.0198
  0.0200  0.0199  0.0199  0.0201  0.0200  0.0200  0.0200  0.0201  0.0199  0.0200  0.0199  0.0199
  0.0202  0.0201  0.0200  0.0205  0.0203  0.0205  0.0202  0.0205  0.0201  0.0202  0.0200  0.0200
   -1.8921    0.0767   14.5862   -2.9422   -6.2987   -0.0072
    2.2505    5.4778   -0.5225   -8.3527   -2.8179   -2.6990
eta,q 0.98021 10.47330

---------------------------------------------------------------------
compute_vox2vox talsrcimg talsrcimg_to_711-2C_as_mni_average_305_t4 /opt/freesurfer/average/711-2C_as_mni_average_305
---------------------------------------------------------------------

freesurfer compute_vox2vox.c
Reading: talsrcimg.4dfp.ifh
Reading: talsrcimg_to_711-2C_as_mni_average_305_t4
Reading: /opt/freesurfer/average/711-2C_as_mni_average_305.4dfp.ifh
Writing: talsrcimg_to_711-2C_as_mni_average_305_t4_vox2vox.txt

start time Wed Mar 11 11:27:00 CET 2026
end		time Wed Mar 11 11:28:25 CET 2026

mpr2mni305 success

avi2talxfm orig_nu.mgz /opt/freesurfer/average/mni305.cor.mgz talsrcimg_to_711-2C_as_mni_average_305_t4_vox2vox.txt transforms/talairach.auto.xfm
avi2talxfm done
mv -f /out/sourcedata/freesurfer/sub-v2s16x51294_ses-1/mri/talsrcimg_to_711-2C_as_mni_average_305_t4_vox2vox.txt /out/sourcedata/freesurfer/sub-v2s16x51294_ses-1/mri/transforms/talsrcimg_to_711-2C_as_mni_average_305_t4_vox2vox.txt
lta_convert --src orig_nu.mgz --trg /opt/freesurfer/average/mni305.cor.mgz --inxfm transforms/talairach.auto.xfm --outlta transforms/talairach.auto.xfm.lta --subject fsaverage
7.3.2

--src: orig_nu.mgz src image (geometry).
--trg: /opt/freesurfer/average/mni305.cor.mgz trg image (geometry).
--inmni: transforms/talairach.auto.xfm input MNI/XFM transform.
--outlta: transforms/talairach.auto.xfm.lta output LTA.
--s: fsaverage subject name
 LTA read, type : 1
 1.02847  -0.05855  -0.02639   0.27246;
 0.02921   1.00082   0.02813  -20.22039;
 0.00834   0.08889   1.06958  -15.13522;
 0.00000   0.00000   0.00000   1.00000;
setting subject to fsaverage
Writing  LTA to file transforms/talairach.auto.xfm.lta...
lta_convert successful.
 
 
Started at Wed Mar 11 11:27:00 CET 2026
Ended   at Wed Mar 11 11:28:25 CET 2026
talairach_avi done
