/out/sourcedata/freesurfer/sub-v2s16x51243_ses-1/mri
/opt/freesurfer/bin/talairach_avi
--i orig_nu.mgz --xfm transforms/talairach.auto.xfm
talairach_avi 7.3.2
Linux dna048 5.14.0-427.37.1.el9_4.x86_64 #1 SMP PREEMPT_DYNAMIC Fri Sep 13 12:41:50 EDT 2024 x86_64 x86_64 x86_64 GNU/Linux
Wed Mar 11 10:32:41 CET 2026
mri_convert orig_nu.mgz talsrcimg.img 
reading from orig_nu.mgz...
TR=0.00, TE=0.00, TI=0.00, flip angle=0.00
i_ras = (-1, 0, 0)
j_ras = (0, 0, -1)
k_ras = (0, 1, 0)
writing to talsrcimg.img...
Analyze Output Matrix
-1.00000   0.00000   0.00000   128.02600;
 0.00000   0.00000   1.00000  -108.99805;
 0.00000  -1.00000   0.00000   131.69492;
 0.00000   0.00000   0.00000   1.00000;
--------------------
INFO: set hdr.hist.orient to -1
mpr2mni305 talsrcimg
Wed Mar 11 10:32:41 CET 2026
/opt/freesurfer/bin/mpr2mni305 talsrcimg
mpr2mni305 7.3.2
target=711-2C_as_mni_average_305

---------------------------------------------------------------------
analyzeto4dfp talsrcimg -O0 -y
---------------------------------------------------------------------

freesurfer ifh2hdr.c
Wed Mar 11 10:32:42 2026
Writing: talsrcimg.4dfp.hdr
freesurfer analyzeto4dfp.c
Reading: talsrcimg.hdr
header size 348 bytes
hdr.dime.datatype	offset=70	value=2
hdr.dime.bitpix		offset=72	value=8
hdr.hist.orient		offset=252	value=-1
dimensionality     4
dimensions       256       256       256         1
Reading: talsrcimg.img
Writing: talsrcimg.4dfp.img
Writing: talsrcimg.4dfp.ifh
ifh2hdr talsrcimg -r0to196
ori=2

---------------------------------------------------------------------
gauss_4dfp talsrcimg 1.1
---------------------------------------------------------------------

freesurfer gauss_4dfp.c
Reading: talsrcimg.4dfp.img
Writing: talsrcimg_g11.4dfp.img
image dimensions 256 256 256 padded to 288 288 288
processing volume 1freesurfer ifh2hdr.c
Wed Mar 11 10:32:43 2026
Writing: talsrcimg_g11.4dfp.hdr

Writing: talsrcimg_g11.4dfp.ifh
including: talsrcimg.4dfp.img.rec in talsrcimg_g11.4dfp.img.rec

---------------------------------------------------------------------
imgreg_4dfp /opt/freesurfer/average/711-2C_as_mni_average_305 none talsrcimg_g11 none talsrcimg_to_711-2C_as_mni_average_305_t4 4355
---------------------------------------------------------------------

freesurfer imgreg_4dfp.c
/opt/freesurfer/average/711-2C_as_mni_average_305.4dfp.img
       256       256       256         1
  1.000000  1.000000  1.000000
orientation T byte_order littleendian
Reading image: /opt/freesurfer/average/711-2C_as_mni_average_305.4dfp.img
dimensions:      256       256       256
mmppix:       1.0000   -1.0000   -1.0000
center:     128.0000 -129.0000 -129.0000
talsrcimg_g11.4dfp.img
       256       256       256         1
  1.000000  1.000000  1.000000
orientation T byte_order littleendian
Reading image: talsrcimg_g11.4dfp.img
dimensions:      256       256       256
mmppix:       1.0000   -1.0000   -1.0000
center:     128.0000 -129.0000 -129.0000
t4_read: open error in t4_sub.f l:  41 t4_file(1:l)talsrcimg_to_711-2C_as_mni_average_305_t4 
t4_read: transform initialized to I4
rotation matrix determinant  1.000000
image alignment mode   4355 decimal     1103 hex
   -7.5000  -45.0000  -45.0000 8974.7812   19.4995
    0.0000  -45.0000  -45.0000 9343.6641   19.5512
    7.5000  -45.0000  -45.0000 8879.3086   19.5621
   -7.5000  -37.5000  -45.0000 9537.5527   19.4879
    0.0000  -37.5000  -45.0000 9927.5137   19.5422
    7.5000  -37.5000  -45.0000 9404.8867   19.5471
   -7.5000  -30.0000  -45.000010310.4775   19.4917
    0.0000  -30.0000  -45.000010751.4082   19.5559
    7.5000  -30.0000  -45.000010179.1982   19.5604
   -7.5000  -22.5000  -45.000011029.5234   19.4613
    0.0000  -22.5000  -45.000011503.6816   19.5303
    7.5000  -22.5000  -45.000010900.9629   19.5401
   -7.5000  -15.0000  -45.000011705.3242   19.4282
    0.0000  -15.0000  -45.000012208.5889   19.4941
    7.5000  -15.0000  -45.000011557.0869   19.5091
   -7.5000   -7.5000  -45.000012357.9766   19.4252
    0.0000   -7.5000  -45.000012896.9648   19.4837
    7.5000   -7.5000  -45.000012200.1748   19.4991
   -7.5000    0.0000  -45.000012811.7041   19.4520
    0.0000    0.0000  -45.000013390.2051   19.5037
    7.5000    0.0000  -45.000012624.7930   19.5143
   -7.5000    7.5000  -45.000012327.1768   19.4853
    0.0000    7.5000  -45.000012892.9043   19.5397
    7.5000    7.5000  -45.000012116.9990   19.5446
   -7.5000   15.0000  -45.000011668.4238   19.4917
    0.0000   15.0000  -45.000012216.3926   19.5559
    7.5000   15.0000  -45.000011504.3496   19.5604
   -7.5000   22.5000  -45.000010755.9980   19.4586
    0.0000   22.5000  -45.000011272.6602   19.5276
    7.5000   22.5000  -45.000010613.6807   19.5374
   -7.5000   30.0000  -45.0000 9777.9912   19.1693
    0.0000   30.0000  -45.000010246.8750   19.2343
    7.5000   30.0000  -45.0000 9656.0645   19.2491
   -7.5000   37.5000  -45.0000 9282.6484   19.1664
    0.0000   37.5000  -45.0000 9716.5312   19.2240
    7.5000   37.5000  -45.0000 9152.9609   19.2393
   -7.5000   45.0000  -45.0000 8478.1943   18.7099
    0.0000   45.0000  -45.0000 8835.6318   18.7596
    7.5000   45.0000  -45.0000 8330.1699   18.7698
   -7.5000  -45.0000  -37.5000 9497.7754   19.4475
    0.0000  -45.0000  -37.5000 9873.8418   19.4996
    7.5000  -45.0000  -37.5000 9379.2012   19.4991
   -7.5000  -37.5000  -37.500010072.4131   19.4278
    0.0000  -37.5000  -37.500010476.6680   19.4845
    7.5000  -37.5000  -37.5000 9936.3838   19.4871
   -7.5000  -30.0000  -37.500010890.6377   19.4278
    0.0000  -30.0000  -37.500011342.6172   19.4955
    7.5000  -30.0000  -37.500010759.9551   19.5039
   -7.5000  -22.5000  -37.500011660.8223   19.4039
    0.0000  -22.5000  -37.500012125.5635   19.4751
    7.5000  -22.5000  -37.500011505.2773   19.4847
   -7.5000  -15.0000  -37.500012375.7090   19.3793
    0.0000  -15.0000  -37.500012869.8262   19.4458
    7.5000  -15.0000  -37.500012185.3838   19.4526
   -7.5000   -7.5000  -37.500013034.0811   19.3779
    0.0000   -7.5000  -37.500013584.0020   19.4363
    7.5000   -7.5000  -37.500012845.3818   19.4385
   -7.5000    0.0000  -37.500013465.5557   19.3999
    0.0000    0.0000  -37.500014063.5723   19.4520
    7.5000    0.0000  -37.500013282.4033   19.4513
   -7.5000    7.5000  -37.500012923.1465   19.4253
    0.0000    7.5000  -37.500013511.4453   19.4820
    7.5000    7.5000  -37.500012722.3457   19.4846
   -7.5000   15.0000  -37.500012257.1123   19.4278
    0.0000   15.0000  -37.500012823.2812   19.4955
    7.5000   15.0000  -37.500012093.6924   19.5039
   -7.5000   22.5000  -37.500011284.8535   19.4012
    0.0000   22.5000  -37.500011797.2314   19.4725
    7.5000   22.5000  -37.500011143.9482   19.4820
   -7.5000   30.0000  -37.500010239.3486   19.1211
    0.0000   30.0000  -37.500010714.5166   19.1867
    7.5000   30.0000  -37.500010128.0215   19.1934
   -7.5000   37.5000  -37.5000 9695.7148   19.1197
    0.0000   37.5000  -37.500010151.8750   19.1772
    7.5000   37.5000  -37.5000 9587.4160   19.1794
   -7.5000   45.0000  -37.5000 8826.7715   18.6594
    0.0000   45.0000  -37.5000 9229.2236   18.7095
    7.5000   45.0000  -37.5000 8697.7119   18.7088
   -7.5000  -45.0000  -30.000010189.8799   20.2516
    0.0000  -45.0000  -30.000010564.2627   20.3081
    7.5000  -45.0000  -30.000010051.5684   20.2965
   -7.5000  -37.5000  -30.000010778.2070   20.2168
    0.0000  -37.5000  -30.000011188.8066   20.2779
    7.5000  -37.5000  -30.000010632.9248   20.2753
   -7.5000  -30.0000  -30.000011659.1279   20.2061
    0.0000  -30.0000  -30.000012125.9922   20.2760
    7.5000  -30.0000  -30.000011510.0293   20.2822
   -7.5000  -22.5000  -30.000012475.1367   20.1862
    0.0000  -22.5000  -30.000012961.5820   20.2573
    7.5000  -22.5000  -30.000012295.3164   20.2614
   -7.5000  -15.0000  -30.000013219.5674   20.1751
    0.0000  -15.0000  -30.000013762.8652   20.2413
    7.5000  -15.0000  -30.000013026.7666   20.2371
   -7.5000   -7.5000  -30.000013939.8379   20.1828
    0.0000   -7.5000  -30.000014516.7568   20.2432
    7.5000   -7.5000  -30.000013730.9932   20.2319
   -7.5000    0.0000  -30.000014412.3203   20.2021
    0.0000    0.0000  -30.000015026.9941   20.2586
    7.5000    0.0000  -30.000014191.1943   20.2468
   -7.5000    7.5000  -30.000013768.4580   20.2142
    0.0000    7.5000  -30.000014356.2939   20.2753
    7.5000    7.5000  -30.000013556.2646   20.2727
   -7.5000   15.0000  -30.000013071.6631   20.2061
    0.0000   15.0000  -30.000013611.1973   20.2760
    7.5000   15.0000  -30.000012866.7637   20.2822
   -7.5000   22.5000  -30.000012034.1914   20.1813
    0.0000   22.5000  -30.000012534.9316   20.2525
    7.5000   22.5000  -30.000011885.7900   20.2566
   -7.5000   30.0000  -30.000010911.1455   19.9082
    0.0000   30.0000  -30.000011376.5684   19.9735
    7.5000   30.0000  -30.000010778.3252   19.9694
   -7.5000   37.5000  -30.000010288.5244   19.9158
    0.0000   37.5000  -30.000010745.0225   19.9754
    7.5000   37.5000  -30.000010186.9727   19.9642
   -7.5000   45.0000  -30.0000 9334.6445   19.4454
    0.0000   45.0000  -30.0000 9762.5068   19.4997
    7.5000   45.0000  -30.0000 9206.6768   19.4883
   -7.5000  -45.0000  -22.500010884.8779   20.9263
    0.0000  -45.0000  -22.500011294.0273   20.9845
    7.5000  -45.0000  -22.500010716.9854   20.9731
   -7.5000  -37.5000  -22.500011499.1250   20.8861
    0.0000  -37.5000  -22.500011953.9893   20.9458
    7.5000  -37.5000  -22.500011323.9824   20.9392
   -7.5000  -30.0000  -22.500012429.3232   20.8682
    0.0000  -30.0000  -22.500012934.0684   20.9332
    7.5000  -30.0000  -22.500012241.7129   20.9313
   -7.5000  -22.5000  -22.500013269.5771   20.8454
    0.0000  -22.5000  -22.500013788.7725   20.9116
    7.5000  -22.5000  -22.500013065.8467   20.9085
   -7.5000  -15.0000  -22.500014053.3086   20.8382
    0.0000  -15.0000  -22.500014622.1953   20.9025
    7.5000  -15.0000  -22.500013831.9648   20.8948
   -7.5000   -7.5000  -22.500014827.0049   20.8531
    0.0000   -7.5000  -22.500015458.2119   20.9146
    7.5000   -7.5000  -22.500014590.5879   20.9032
   -7.5000    0.0000  -22.500015372.2578   20.8756
    0.0000    0.0000  -22.500016023.8008   20.9337
    7.5000    0.0000  -22.500015121.6270   20.9222
   -7.5000    7.5000  -22.500014635.6074   20.8834
    0.0000    7.5000  -22.500015251.3945   20.9431
    7.5000    7.5000  -22.500014414.0146   20.9365
   -7.5000   15.0000  -22.500013845.2139   20.8682
    0.0000   15.0000  -22.500014407.7705   20.9332
    7.5000   15.0000  -22.500013628.4785   20.9313
   -7.5000   22.5000  -22.500012776.8467   20.8389
    0.0000   22.5000  -22.500013294.1221   20.9052
    7.5000   22.5000  -22.500012609.8623   20.9021
   -7.5000   30.0000  -22.500011583.5762   20.5656
    0.0000   30.0000  -22.500012072.4795   20.6291
    7.5000   30.0000  -22.500011448.8691   20.6215
   -7.5000   37.5000  -22.500010917.3320   20.5803
    0.0000   37.5000  -22.500011386.9414   20.6410
    7.5000   37.5000  -22.500010791.8301   20.6298
   -7.5000   45.0000  -22.5000 9866.3506   20.1094
    0.0000   45.0000  -22.500010303.5938   20.1653
    7.5000   45.0000  -22.5000 9731.8545   20.1542
   -7.5000  -45.0000  -15.000011526.7344   21.4197
    0.0000  -45.0000  -15.000011972.4844   21.4772
    7.5000  -45.0000  -15.000011346.5762   21.4775
   -7.5000  -37.5000  -15.000012186.8594   21.3860
    0.0000  -37.5000  -15.000012677.6240   21.4424
    7.5000  -37.5000  -15.000011997.8691   21.4376
   -7.5000  -30.0000  -15.000013169.1924   21.3707
    0.0000  -30.0000  -15.000013738.3418   21.4311
    7.5000  -30.0000  -15.000012956.9160   21.4233
   -7.5000  -22.5000  -15.000014024.3818   21.3412
    0.0000  -22.5000  -15.000014620.6914   21.4048
    7.5000  -22.5000  -15.000013821.1045   21.3992
   -7.5000  -15.0000  -15.000014805.9678   21.3264
    0.0000  -15.0000  -15.000015462.5322   21.3907
    7.5000  -15.0000  -15.000014626.7754   21.3892
   -7.5000   -7.5000  -15.000015686.7891   21.3409
    0.0000   -7.5000  -15.000016383.3428   21.4031
    7.5000   -7.5000  -15.000015476.7539   21.4043
   -7.5000    0.0000  -15.000016265.2373   21.3682
    0.0000    0.0000  -15.000017013.1230   21.4258
    7.5000    0.0000  -15.000016059.1006   21.4258
   -7.5000    7.5000  -15.000015464.8154   21.3832
    0.0000    7.5000  -15.000016160.8760   21.4397
    7.5000    7.5000  -15.000015272.4697   21.4348
   -7.5000   15.0000  -15.000014579.2412   21.3707
    0.0000   15.0000  -15.000015239.2939   21.4311
    7.5000   15.0000  -15.000014388.9561   21.4233
   -7.5000   22.5000  -15.000013492.7109   21.3337
    0.0000   22.5000  -15.000014101.0361   21.3972
    7.5000   22.5000  -15.000013338.7119   21.3916
   -7.5000   30.0000  -15.000012260.2744   21.0504
    0.0000   30.0000  -15.000012831.8184   21.1139
    7.5000   30.0000  -15.000012119.2178   21.1124
   -7.5000   37.5000  -15.000011572.1016   21.0647
    0.0000   37.5000  -15.000012110.2627   21.1261
    7.5000   37.5000  -15.000011429.4121   21.1273
   -7.5000   45.0000  -15.000010457.4492   20.5969
    0.0000   45.0000  -15.000010906.8311   20.6523
    7.5000   45.0000  -15.000010273.0566   20.6524
   -7.5000  -45.0000   -7.500012138.2129   21.6878
    0.0000  -45.0000   -7.500012663.9121   21.7442
    7.5000  -45.0000   -7.500011940.3447   21.7559
   -7.5000  -37.5000   -7.500012859.3467   21.6692
    0.0000  -37.5000   -7.500013447.4307   21.7260
    7.5000  -37.5000   -7.500012616.5000   21.7272
   -7.5000  -30.0000   -7.500013990.8760   21.6656
    0.0000  -30.0000   -7.500014680.0312   21.7290
    7.5000  -30.0000   -7.500013729.3145   21.7249
   -7.5000  -22.5000   -7.500014889.7422   21.6297
    0.0000  -22.5000   -7.500015623.2012   21.6974
    7.5000  -22.5000   -7.500014685.0928   21.6988
   -7.5000  -15.0000   -7.500015649.0312   21.5991
    0.0000  -15.0000   -7.500016466.7031   21.6660
    7.5000  -15.0000   -7.500015530.5596   21.6762
   -7.5000   -7.5000   -7.500016557.0098   21.6042
    0.0000   -7.5000   -7.500017437.3730   21.6664
    7.5000   -7.5000   -7.500016429.8320   21.6814
   -7.5000    0.0000   -7.500017157.6680   21.6356
    0.0000    0.0000   -7.500018097.6445   21.6920
    7.5000    0.0000   -7.500017000.2617   21.7035
   -7.5000    7.5000   -7.500016318.9609   21.6663
    0.0000    7.5000   -7.500017191.7500   21.7232
    7.5000    7.5000   -7.500016137.1846   21.7244
   -7.5000   15.0000   -7.500015390.4043   21.6656
    0.0000   15.0000   -7.500016181.3545   21.7290
    7.5000   15.0000   -7.500015166.9941   21.7249
   -7.5000   22.5000   -7.500014290.3330   21.6197
    0.0000   22.5000   -7.500014991.8262   21.6874
    7.5000   22.5000   -7.500014052.1504   21.6888
   -7.5000   30.0000   -7.500013058.5859   21.3190
    0.0000   30.0000   -7.500013675.1533   21.3850
    7.5000   30.0000   -7.500012799.4170   21.3951
   -7.5000   37.5000   -7.500012324.0381   21.3241
    0.0000   37.5000   -7.500012892.8379   21.3855
    7.5000   37.5000   -7.500012087.7529   21.4002
   -7.5000   45.0000   -7.500011101.0488   20.8583
    0.0000   45.0000   -7.500011587.2207   20.9127
    7.5000   45.0000   -7.500010851.8506   20.9239
   -7.5000  -45.0000    0.000012542.7969   21.7564
    0.0000  -45.0000    0.000013113.6592   21.8127
    7.5000  -45.0000    0.000012378.4346   21.8243
   -7.5000  -37.5000    0.000013329.0723   21.7455
    0.0000  -37.5000    0.000013973.5859   21.8050
    7.5000  -37.5000    0.000013110.8633   21.8100
   -7.5000  -30.0000    0.000014710.9990   21.7504
    0.0000  -30.0000    0.000015490.7031   21.8210
    7.5000  -30.0000    0.000014350.9287   21.8255
   -7.5000  -22.5000    0.000015860.0293   21.7151
    0.0000  -22.5000    0.000016854.1152   21.7908
    7.5000  -22.5000    0.000015500.0391   21.8010
   -7.5000  -15.0000    0.000016618.6348   21.6763
    0.0000  -15.0000    0.000017667.0156   21.7484
    7.5000  -15.0000    0.000016379.3506   21.7642
   -7.5000   -7.5000    0.000017476.8809   21.6724
    0.0000   -7.5000    0.000018507.6816   21.7361
    7.5000   -7.5000    0.000017269.1582   21.7526
   -7.5000    0.0000    0.000018144.9531   21.7035
    0.0000    0.0000    0.000019172.3457   21.7599
    7.5000    0.0000    0.000017841.3105   21.7712
   -7.5000    7.5000    0.000017249.7383   21.7426
    0.0000    7.5000    0.000018154.3242   21.8022
    7.5000    7.5000    0.000016896.5977   21.8072
   -7.5000   15.0000    0.000016224.6846   21.7504
    0.0000   15.0000    0.000016974.4258   21.8210
    7.5000   15.0000    0.000015829.9619   21.8255
   -7.5000   22.5000    0.000014976.9248   21.7051
    0.0000   22.5000    0.000015629.9990   21.7808
    7.5000   22.5000    0.000014615.9590   21.7909
   -7.5000   30.0000    0.000013652.3428   21.3958
    0.0000   30.0000    0.000014238.2471   21.4669
    7.5000   30.0000    0.000013312.6768   21.4825
   -7.5000   37.5000    0.000012863.7832   21.3920
    0.0000   37.5000    0.000013445.9980   21.4548
    7.5000   37.5000    0.000012564.2686   21.4711
   -7.5000   45.0000    0.000011577.8047   20.9247
    0.0000   45.0000    0.000012092.5859   20.9790
    7.5000   45.0000    0.000011288.4922   20.9899
   -7.5000  -45.0000    7.500012006.0605   21.7622
    0.0000  -45.0000    7.500012608.7871   21.8204
    7.5000  -45.0000    7.500011879.6357   21.8198
   -7.5000  -37.5000    7.500012737.2822   21.7401
    0.0000  -37.5000    7.500013379.3467   21.8035
    7.5000  -37.5000    7.500012582.4727   21.8065
   -7.5000  -30.0000    7.500014104.7100   21.7401
    0.0000  -30.0000    7.500014921.6348   21.8159
    7.5000  -30.0000    7.500013809.7305   21.8253
   -7.5000  -22.5000    7.500015500.3145   21.7133
    0.0000  -22.5000    7.500016377.3691   21.7931
    7.5000  -22.5000    7.500014965.5898   21.8038
   -7.5000  -15.0000    7.500016510.9551   21.6858
    0.0000  -15.0000    7.500017248.4980   21.7602
    7.5000  -15.0000    7.500015868.8662   21.7678
   -7.5000   -7.5000    7.500017359.4648   21.6842
    0.0000   -7.5000    7.500018070.5605   21.7495
    7.5000   -7.5000    7.500016676.5508   21.7520
   -7.5000    0.0000    7.500017878.1660   21.7088
    0.0000    0.0000    7.500018669.3574   21.7672
    7.5000    0.0000    7.500017237.4961   21.7663
   -7.5000    7.5000    7.500016817.6348   21.7373
    0.0000    7.5000    7.500017567.2422   21.8008
    7.5000    7.5000    7.500016312.6133   21.8037
   -7.5000   15.0000    7.500015619.4561   21.7401
    0.0000   15.0000    7.500016316.5225   21.8159
    7.5000   15.0000    7.500015221.2549   21.8253
   -7.5000   22.5000    7.500014366.8789   21.7033
    0.0000   22.5000    7.500014995.3809   21.7830
    7.5000   22.5000    7.500014033.6738   21.7937
   -7.5000   30.0000    7.500013101.4541   21.4051
    0.0000   30.0000    7.500013682.6074   21.4786
    7.5000   30.0000    7.500012808.0303   21.4861
   -7.5000   37.5000    7.500012388.3770   21.4036
    0.0000   37.5000    7.500012962.6230   21.4680
    7.5000   37.5000    7.500012132.4326   21.4705
   -7.5000   45.0000    7.500011129.8105   20.9293
    0.0000   45.0000    7.500011637.0400   20.9856
    7.5000   45.0000    7.500010872.0029   20.9847
   -7.5000  -45.0000   15.000011366.8125   21.7757
    0.0000  -45.0000   15.000011907.6094   21.8365
    7.5000  -45.0000   15.000011252.5684   21.8238
   -7.5000  -37.5000   15.000012051.0635   21.7382
    0.0000  -37.5000   15.000012633.3652   21.8040
    7.5000  -37.5000   15.000011892.5039   21.8010
   -7.5000  -30.0000   15.000013291.3428   21.7266
    0.0000  -30.0000   15.000014030.5723   21.8019
    7.5000  -30.0000   15.000013042.8789   21.8084
   -7.5000  -22.5000   15.000014440.7227   21.7052
    0.0000  -22.5000   15.000015226.8936   21.7818
    7.5000  -22.5000   15.000014100.4238   21.7861
   -7.5000  -15.0000   15.000015369.5420   21.6933
    0.0000  -15.0000   15.000016103.5000   21.7646
    7.5000  -15.0000   15.000014974.3848   21.7600
   -7.5000   -7.5000   15.000016276.2627   21.7017
    0.0000   -7.5000   15.000017065.0117   21.7667
    7.5000   -7.5000   15.000015854.3076   21.7544
   -7.5000    0.0000   15.000016822.9863   21.7224
    0.0000    0.0000   15.000017687.7246   21.7832
    7.5000    0.0000   15.000016389.3945   21.7703
   -7.5000    7.5000   15.000015878.9688   21.7354
    0.0000    7.5000   15.000016640.1777   21.8012
    7.5000    7.5000   15.000015510.5010   21.7982
   -7.5000   15.0000   15.000014743.9502   21.7266
    0.0000   15.0000   15.000015420.7314   21.8019
    7.5000   15.0000   15.000014443.1885   21.8084
   -7.5000   22.5000   15.000013601.4346   21.6952
    0.0000   22.5000   15.000014169.1094   21.7718
    7.5000   22.5000   15.000013319.0146   21.7760
   -7.5000   30.0000   15.000012410.8291   21.4126
    0.0000   30.0000   15.000012937.7158   21.4829
    7.5000   30.0000   15.000012151.1631   21.4783
   -7.5000   37.5000   15.000011694.2627   21.4208
    0.0000   37.5000   15.000012217.8291   21.4850
    7.5000   37.5000   15.000011480.1094   21.4728
   -7.5000   45.0000   15.000010513.9111   20.9426
    0.0000   45.0000   15.000010984.5908   21.0012
    7.5000   45.0000   15.000010299.0781   20.9887
   -7.5000  -45.0000   22.500010644.7168   21.8541
    0.0000  -45.0000   22.500011113.6191   21.9151
    7.5000  -45.0000   22.500010491.2773   21.9016
   -7.5000  -37.5000   22.500011282.2227   21.8109
    0.0000  -37.5000   22.500011807.2100   21.8736
    7.5000  -37.5000   22.500011136.9268   21.8652
   -7.5000  -30.0000   22.500012314.6787   21.7922
    0.0000  -30.0000   22.500012953.8779   21.8606
    7.5000  -30.0000   22.500012181.5020   21.8573
   -7.5000  -22.5000   22.500013277.7041   21.7697
    0.0000  -22.5000   22.500013911.7305   21.8393
    7.5000  -22.5000   22.500013119.1494   21.8348
   -7.5000  -15.0000   22.500014055.8203   21.7632
    0.0000  -15.0000   22.500014686.4131   21.8307
    7.5000  -15.0000   22.500013915.7236   21.8213
   -7.5000   -7.5000   22.500014878.7754   21.7784
    0.0000   -7.5000   22.500015581.5840   21.8429
    7.5000   -7.5000   22.500014735.7744   21.8295
   -7.5000    0.0000   22.500015491.8096   21.8008
    0.0000    0.0000   22.500016226.9785   21.8618
    7.5000    0.0000   22.500015302.3008   21.8482
   -7.5000    7.5000   22.500014724.0527   21.8080
    0.0000    7.5000   22.500015376.0693   21.8707
    7.5000    7.5000   22.500014515.7666   21.8623
   -7.5000   15.0000   22.500013695.7041   21.7922
    0.0000   15.0000   22.500014293.8838   21.8606
    7.5000   15.0000   22.500013512.2500   21.8573
   -7.5000   22.5000   22.500012661.9863   21.7597
    0.0000   22.5000   22.500013196.6533   21.8293
    7.5000   22.5000   22.500012459.1475   21.8248
   -7.5000   30.0000   22.500011545.5615   21.4815
    0.0000   30.0000   22.500012052.2070   21.5482
    7.5000   30.0000   22.500011363.0996   21.5389
   -7.5000   37.5000   22.500010881.7559   21.4965
    0.0000   37.5000   22.500011349.9043   21.5602
    7.5000   37.5000   22.500010709.6191   21.5470
   -7.5000   45.0000   22.5000 9805.0879   21.0189
    0.0000   45.0000   22.500010213.9736   21.0776
    7.5000   45.0000   22.5000 9621.6396   21.0644
   -7.5000  -45.0000   30.0000 9860.4150   22.2107
    0.0000  -45.0000   30.000010271.4336   22.2715
    7.5000  -45.0000   30.0000 9780.0195   22.2688
   -7.5000  -37.5000   30.000010440.7637   22.1733
    0.0000  -37.5000   30.000010890.5752   22.2332
    7.5000  -37.5000   30.000010362.9834   22.2251
   -7.5000  -30.0000   30.000011353.0264   22.1585
    0.0000  -30.0000   30.000011879.8799   22.2225
    7.5000  -30.0000   30.000011290.7959   22.2113
   -7.5000  -22.5000   30.000012187.4307   22.1303
    0.0000  -22.5000   30.000012685.3809   22.1972
    7.5000  -22.5000   30.000012109.7578   22.1885
   -7.5000  -15.0000   30.000012875.0908   22.1164
    0.0000  -15.0000   30.000013392.2510   22.1838
    7.5000  -15.0000   30.000012821.8477   22.1794
   -7.5000   -7.5000   30.000013628.4658   22.1303
    0.0000   -7.5000   30.000014204.3447   22.1955
    7.5000   -7.5000   30.000013553.8965   22.1941
   -7.5000    0.0000   30.000014253.9814   22.1561
    0.0000    0.0000   30.000014862.7207   22.2169
    7.5000    0.0000   30.000014106.7988   22.2140
   -7.5000    7.5000   30.000013612.3994   22.1703
    0.0000    7.5000   30.000014179.9150   22.2303
    7.5000    7.5000   30.000013476.3770   22.2222
   -7.5000   15.0000   30.000012686.2021   22.1585
    0.0000   15.0000   30.000013214.9648   22.2225
    7.5000   15.0000   30.000012579.0410   22.2113
   -7.5000   22.5000   30.000011720.6016   22.1201
    0.0000   22.5000   30.000012238.2148   22.1870
    7.5000   22.5000   30.000011597.4121   22.1783
   -7.5000   30.0000   30.000010695.8750   21.8301
    0.0000   30.0000   30.000011175.1973   21.8967
    7.5000   30.0000   30.000010568.5205   21.8924
   -7.5000   37.5000   30.000010063.2930   21.8439
    0.0000   37.5000   30.000010501.9902   21.9082
    7.5000   37.5000   30.0000 9917.9863   21.9068
   -7.5000   45.0000   30.0000 9030.8340   21.3581
    0.0000   45.0000   30.0000 9405.5576   21.4167
    7.5000   45.0000   30.0000 8893.5273   21.4139
   -7.5000  -45.0000   37.5000 9400.7881   22.7082
    0.0000  -45.0000   37.5000 9798.8545   22.7681
    7.5000  -45.0000   37.5000 9380.6074   22.7765
   -7.5000  -37.5000   37.5000 9940.6875   22.6878
    0.0000  -37.5000   37.500010372.1445   22.7487
    7.5000  -37.5000   37.5000 9931.4385   22.7455
   -7.5000  -30.0000   37.500010811.9229   22.6883
    0.0000  -30.0000   37.500011304.7891   22.7564
    7.5000  -30.0000   37.500010803.9346   22.7469
   -7.5000  -22.5000   37.500011615.3174   22.6537
    0.0000  -22.5000   37.500012098.1240   22.7257
    7.5000  -22.5000   37.500011575.2373   22.7220
   -7.5000  -15.0000   37.500012282.9277   22.6210
    0.0000  -15.0000   37.500012785.2549   22.6914
    7.5000  -15.0000   37.500012229.0977   22.6974
   -7.5000   -7.5000   37.500012961.5068   22.6220
    0.0000   -7.5000   37.500013503.0664   22.6876
    7.5000   -7.5000   37.500012897.4072   22.6991
   -7.5000    0.0000   37.500013561.6191   22.6511
    0.0000    0.0000   37.500014131.2402   22.7111
    7.5000    0.0000   37.500013471.2354   22.7192
   -7.5000    7.5000   37.500012993.7803   22.6847
    0.0000    7.5000   37.500013538.9277   22.7456
    7.5000    7.5000   37.500012902.7773   22.7425
   -7.5000   15.0000   37.500012129.4707   22.6883
    0.0000   15.0000   37.500012642.3428   22.7564
    7.5000   15.0000   37.500012055.6768   22.7469
   -7.5000   22.5000   37.500011223.5479   22.6432
    0.0000   22.5000   37.500011710.7979   22.7152
    7.5000   22.5000   37.500011140.4062   22.7115
   -7.5000   30.0000   37.500010262.9189   22.3282
    0.0000   30.0000   37.500010722.5371   22.3978
    7.5000   30.0000   37.500010169.1396   22.4037
   -7.5000   37.5000   37.5000 9643.7305   22.3292
    0.0000   37.5000   37.500010085.1875   22.3940
    7.5000   37.5000   37.5000 9531.9854   22.4053
   -7.5000   45.0000   37.5000 8657.4043   21.8336
    0.0000   45.0000   37.5000 9041.3115   21.8914
    7.5000   45.0000   37.5000 8558.8096   21.8992
   -7.5000  -45.0000   45.0000 8608.3125   23.3021
    0.0000  -45.0000   45.0000 8991.3145   23.3616
    7.5000  -45.0000   45.0000 8591.4697   23.3661
   -7.5000  -37.5000   45.0000 9112.5869   23.2884
    0.0000  -37.5000   45.0000 9520.1221   23.3522
    7.5000  -37.5000   45.0000 9100.5479   23.3481
   -7.5000  -30.0000   45.0000 9895.4648   23.2956
    0.0000  -30.0000   45.000010348.4453   23.3717
    7.5000  -30.0000   45.0000 9887.4229   23.3651
   -7.5000  -22.5000   45.000010639.3662   23.2576
    0.0000  -22.5000   45.000011092.0576   23.3385
    7.5000  -22.5000   45.000010595.7246   23.3379
   -7.5000  -15.0000   45.000011254.3330   23.2142
    0.0000  -15.0000   45.000011736.1904   23.2904
    7.5000  -15.0000   45.000011209.3916   23.2971
   -7.5000   -7.5000   45.000011836.8682   23.2080
    0.0000   -7.5000   45.000012348.4609   23.2750
    7.5000   -7.5000   45.000011800.6475   23.2842
   -7.5000    0.0000   45.000012399.2500   23.2409
    0.0000    0.0000   45.000012923.7998   23.3006
    7.5000    0.0000   45.000012346.6943   23.3048
   -7.5000    7.5000   45.000011915.4639   23.2851
    0.0000    7.5000   45.000012444.4219   23.3490
    7.5000    7.5000   45.000011857.3477   23.3449
   -7.5000   15.0000   45.000011126.2783   23.2956
    0.0000   15.0000   45.000011633.9961   23.3717
    7.5000   15.0000   45.000011091.3711   23.3651
   -7.5000   22.5000   45.000010297.4990   23.2468
    0.0000   22.5000   45.000010772.4365   23.3277
    7.5000   22.5000   45.000010243.9502   23.3271
   -7.5000   30.0000   45.0000 9416.1289   22.9118
    0.0000   30.0000   45.0000 9851.0693   22.9869
    7.5000   30.0000   45.0000 9358.4648   22.9936
   -7.5000   37.5000   45.0000 8869.2256   22.9056
    0.0000   37.5000   45.0000 9267.8164   22.9718
    7.5000   37.5000   45.0000 8808.6465   22.9808
   -7.5000   45.0000   45.0000 7967.7310   22.4119
    0.0000   45.0000   45.0000 8332.7598   22.4694
    7.5000   45.0000   45.0000 7916.9502   22.4734

---------------------------------------------------------------------
imgreg_4dfp /opt/freesurfer/average/711-2C_as_mni_average_305 /opt/freesurfer/average/711-2B_as_mni_average_305_mask talsrcimg_g11 none talsrcimg_to_711-2C_as_mni_average_305_t4 4355
---------------------------------------------------------------------

freesurfer imgreg_4dfp.c
/opt/freesurfer/average/711-2C_as_mni_average_305.4dfp.img
       256       256       256         1
  1.000000  1.000000  1.000000
orientation T byte_order littleendian
Reading image: /opt/freesurfer/average/711-2C_as_mni_average_305.4dfp.img
dimensions:      256       256       256
mmppix:       1.0000   -1.0000   -1.0000
center:     128.0000 -129.0000 -129.0000
/opt/freesurfer/average/711-2B_as_mni_average_305_mask.4dfp.img
       256       256       256         1
  1.000000  1.000000  1.000000
orientation T byte_order littleendian
Reading mask: /opt/freesurfer/average/711-2B_as_mni_average_305_mask.4dfp.img (2306576 pixels)
talsrcimg_g11.4dfp.img
       256       256       256         1
  1.000000  1.000000  1.000000
orientation T byte_order littleendian
Reading image: talsrcimg_g11.4dfp.img
dimensions:      256       256       256
mmppix:       1.0000   -1.0000   -1.0000
center:     128.0000 -129.0000 -129.0000
rotation matrix determinant  1.000000
image alignment mode   4355 decimal     1103 hex
   -7.5000  -45.0000  -45.0000 2313.5562   21.2130
    0.0000  -45.0000  -45.0000 2316.6084   21.2859
    7.5000  -45.0000  -45.0000 2297.3813   21.4390
   -7.5000  -37.5000  -45.0000 2393.0754   19.9279
    0.0000  -37.5000  -45.0000 2395.5156   19.9730
    7.5000  -37.5000  -45.0000 2368.6050   20.1233
   -7.5000  -30.0000  -45.0000 2423.7737   19.0252
    0.0000  -30.0000  -45.0000 2429.2456   19.0388
    7.5000  -30.0000  -45.0000 2399.9773   19.2175
   -7.5000  -22.5000  -45.0000 2440.4849   18.4396
    0.0000  -22.5000  -45.0000 2448.8594   18.4456
    7.5000  -22.5000  -45.0000 2421.9883   18.5914
   -7.5000  -15.0000  -45.0000 2440.3867   18.1944
    0.0000  -15.0000  -45.0000 2450.2817   18.1645
    7.5000  -15.0000  -45.0000 2421.2598   18.3451
   -7.5000   -7.5000  -45.0000 2439.2371   18.2158
    0.0000   -7.5000  -45.0000 2448.6843   18.2124
    7.5000   -7.5000  -45.0000 2423.8381   18.4318
   -7.5000    0.0000  -45.0000 2421.6526   18.6992
    0.0000    0.0000  -45.0000 2430.7600   18.6793
    7.5000    0.0000  -45.0000 2405.2920   18.8924
   -7.5000    7.5000  -45.0000 2380.4993   19.4587
    0.0000    7.5000  -45.0000 2389.2551   19.4595
    7.5000    7.5000  -45.0000 2362.7700   19.6414
   -7.5000   15.0000  -45.0000 2313.2673   20.5385
    0.0000   15.0000  -45.0000 2325.5222   20.5516
    7.5000   15.0000  -45.0000 2296.3315   20.7097
   -7.5000   22.5000  -45.0000 2232.4565   22.0119
    0.0000   22.5000  -45.0000 2242.4763   22.0281
    7.5000   22.5000  -45.0000 2214.0518   22.2495
   -7.5000   30.0000  -45.0000 2127.7195   23.9867
    0.0000   30.0000  -45.0000 2134.4390   24.0041
    7.5000   30.0000  -45.0000 2112.5205   24.3214
   -7.5000   37.5000  -45.0000 2017.7284   26.7084
    0.0000   37.5000  -45.0000 2026.7687   26.6854
    7.5000   37.5000  -45.0000 2002.9023   27.0543
   -7.5000   45.0000  -45.0000 1890.9683   30.3681
    0.0000   45.0000  -45.0000 1895.3564   30.3410
    7.5000   45.0000  -45.0000 1882.9294   30.7822
   -7.5000  -45.0000  -37.5000 2387.6030   19.9784
    0.0000  -45.0000  -37.5000 2391.7454   19.9816
    7.5000  -45.0000  -37.5000 2366.9688   20.1443
   -7.5000  -37.5000  -37.5000 2466.9570   18.6319
    0.0000  -37.5000  -37.5000 2475.5247   18.6330
    7.5000  -37.5000  -37.5000 2446.1487   18.8043
   -7.5000  -30.0000  -37.5000 2504.9055   17.7407
    0.0000  -30.0000  -37.5000 2510.0251   17.7337
    7.5000  -30.0000  -37.5000 2483.9114   17.9070
   -7.5000  -22.5000  -37.5000 2528.5068   17.1715
    0.0000  -22.5000  -37.5000 2534.3884   17.1426
    7.5000  -22.5000  -37.5000 2507.8613   17.3569
   -7.5000  -15.0000  -37.5000 2538.3340   16.9739
    0.0000  -15.0000  -37.5000 2542.9336   16.9131
    7.5000  -15.0000  -37.5000 2515.1270   17.1229
   -7.5000   -7.5000  -37.5000 2533.2148   17.0198
    0.0000   -7.5000  -37.5000 2544.1702   16.9835
    7.5000   -7.5000  -37.5000 2513.1360   17.1902
   -7.5000    0.0000  -37.5000 2509.5388   17.4166
    0.0000    0.0000  -37.5000 2521.4917   17.3862
    7.5000    0.0000  -37.5000 2490.9568   17.5558
   -7.5000    7.5000  -37.5000 2476.3923   18.1022
    0.0000    7.5000  -37.5000 2485.2271   18.0746
    7.5000    7.5000  -37.5000 2453.6221   18.2329
   -7.5000   15.0000  -37.5000 2408.3320   19.0873
    0.0000   15.0000  -37.5000 2420.4409   19.0879
    7.5000   15.0000  -37.5000 2388.6418   19.2609
   -7.5000   22.5000  -37.5000 2316.3237   20.4315
    0.0000   22.5000  -37.5000 2330.2542   20.4338
    7.5000   22.5000  -37.5000 2297.7935   20.6631
   -7.5000   30.0000  -37.5000 2209.3379   22.3077
    0.0000   30.0000  -37.5000 2219.3765   22.3057
    7.5000   30.0000  -37.5000 2189.9546   22.5510
   -7.5000   37.5000  -37.5000 2093.8918   24.8110
    0.0000   37.5000  -37.5000 2103.9397   24.7887
    7.5000   37.5000  -37.5000 2074.0813   25.0514
   -7.5000   45.0000  -37.5000 1966.4237   28.0140
    0.0000   45.0000  -37.5000 1973.5826   28.0597
    7.5000   45.0000  -37.5000 1945.8103   28.4224
   -7.5000  -45.0000  -30.0000 2495.0803   19.5039
    0.0000  -45.0000  -30.0000 2499.9761   19.4536
    7.5000  -45.0000  -30.0000 2474.2109   19.6746
   -7.5000  -37.5000  -30.0000 2575.6125   18.0832
    0.0000  -37.5000  -30.0000 2580.1709   18.0035
    7.5000  -37.5000  -30.0000 2555.4929   18.1892
   -7.5000  -30.0000  -30.0000 2628.0737   17.1045
    0.0000  -30.0000  -30.0000 2631.0723   17.0165
    7.5000  -30.0000  -30.0000 2610.9407   17.2301
   -7.5000  -22.5000  -30.0000 2661.7563   16.5214
    0.0000  -22.5000  -30.0000 2664.6521   16.4490
    7.5000  -22.5000  -30.0000 2640.7729   16.6679
   -7.5000  -15.0000  -30.0000 2678.2480   16.3116
    0.0000  -15.0000  -30.0000 2682.7395   16.2447
    7.5000  -15.0000  -30.0000 2654.2588   16.4437
   -7.5000   -7.5000  -30.0000 2676.0251   16.4134
    0.0000   -7.5000  -30.0000 2685.0291   16.3429
    7.5000   -7.5000  -30.0000 2652.5593   16.5487
   -7.5000    0.0000  -30.0000 2654.8577   16.7950
    0.0000    0.0000  -30.0000 2665.5483   16.7289
    7.5000    0.0000  -30.0000 2633.5137   16.9387
   -7.5000    7.5000  -30.0000 2613.1841   17.4238
    0.0000    7.5000  -30.0000 2625.1162   17.3462
    7.5000    7.5000  -30.0000 2590.1929   17.5585
   -7.5000   15.0000  -30.0000 2544.3027   18.3852
    0.0000   15.0000  -30.0000 2554.5303   18.3336
    7.5000   15.0000  -30.0000 2522.2551   18.5326
   -7.5000   22.5000  -30.0000 2447.2729   19.6563
    0.0000   22.5000  -30.0000 2459.6716   19.6256
    7.5000   22.5000  -30.0000 2429.9817   19.8638
   -7.5000   30.0000  -30.0000 2328.3811   21.4593
    0.0000   30.0000  -30.0000 2337.9070   21.3948
    7.5000   30.0000  -30.0000 2310.1106   21.6543
   -7.5000   37.5000  -30.0000 2198.8010   23.8696
    0.0000   37.5000  -30.0000 2204.3198   23.7701
    7.5000   37.5000  -30.0000 2183.5037   24.0687
   -7.5000   45.0000  -30.0000 2068.4773   27.0085
    0.0000   45.0000  -30.0000 2071.8103   26.9413
    7.5000   45.0000  -30.0000 2044.4338   27.3069
   -7.5000  -45.0000  -22.5000 2568.8044   18.8642
    0.0000  -45.0000  -22.5000 2572.2480   18.8101
    7.5000  -45.0000  -22.5000 2548.0452   19.0519
   -7.5000  -37.5000  -22.5000 2660.8855   17.4391
    0.0000  -37.5000  -22.5000 2667.8357   17.3849
    7.5000  -37.5000  -22.5000 2636.1562   17.5717
   -7.5000  -30.0000  -22.5000 2719.9900   16.3898
    0.0000  -30.0000  -22.5000 2726.8743   16.3334
    7.5000  -30.0000  -22.5000 2697.1404   16.5322
   -7.5000  -22.5000  -22.5000 2760.7559   15.7430
    0.0000  -22.5000  -22.5000 2766.1677   15.6739
    7.5000  -22.5000  -22.5000 2735.0718   15.8793
   -7.5000  -15.0000  -22.5000 2788.2288   15.4648
    0.0000  -15.0000  -22.5000 2787.6289   15.4130
    7.5000  -15.0000  -22.5000 2761.0930   15.6397
   -7.5000   -7.5000  -22.5000 2789.5498   15.6450
    0.0000   -7.5000  -22.5000 2799.4272   15.5675
    7.5000   -7.5000  -22.5000 2764.2959   15.8059
   -7.5000    0.0000  -22.5000 2773.2656   16.0719
    0.0000    0.0000  -22.5000 2780.0710   15.9739
    7.5000    0.0000  -22.5000 2747.9907   16.2270
   -7.5000    7.5000  -22.5000 2728.2915   16.6724
    0.0000    7.5000  -22.5000 2736.9431   16.5814
    7.5000    7.5000  -22.5000 2704.7412   16.8311
   -7.5000   15.0000  -22.5000 2652.2705   17.5554
    0.0000   15.0000  -22.5000 2663.9009   17.4845
    7.5000   15.0000  -22.5000 2630.9678   17.7381
   -7.5000   22.5000  -22.5000 2550.9727   18.8097
    0.0000   22.5000  -22.5000 2560.0730   18.7455
    7.5000   22.5000  -22.5000 2532.8372   18.9889
   -7.5000   30.0000  -22.5000 2422.4683   20.5565
    0.0000   30.0000  -22.5000 2436.4966   20.4998
    7.5000   30.0000  -22.5000 2405.8911   20.7322
   -7.5000   37.5000  -22.5000 2283.9438   22.8777
    0.0000   37.5000  -22.5000 2290.0171   22.8746
    7.5000   37.5000  -22.5000 2266.3914   23.1406
   -7.5000   45.0000  -22.5000 2139.7791   25.9699
    0.0000   45.0000  -22.5000 2141.9048   25.9474
    7.5000   45.0000  -22.5000 2117.7871   26.2434
   -7.5000  -45.0000  -15.0000 2601.5459   18.3763
    0.0000  -45.0000  -15.0000 2603.6650   18.2995
    7.5000  -45.0000  -15.0000 2585.9956   18.5716
   -7.5000  -37.5000  -15.0000 2698.6990   16.8973
    0.0000  -37.5000  -15.0000 2704.6428   16.8712
    7.5000  -37.5000  -15.0000 2681.6299   17.1102
   -7.5000  -30.0000  -15.0000 2771.7947   15.7898
    0.0000  -30.0000  -15.0000 2780.8904   15.7888
    7.5000  -30.0000  -15.0000 2748.1951   16.0038
   -7.5000  -22.5000  -15.0000 2823.0308   15.0539
    0.0000  -22.5000  -15.0000 2827.9380   15.0118
    7.5000  -22.5000  -15.0000 2798.3718   15.3019
   -7.5000  -15.0000  -15.0000 2859.8499   14.6658
    0.0000  -15.0000  -15.0000 2862.0732   14.6206
    7.5000  -15.0000  -15.0000 2834.8420   14.9951
   -7.5000   -7.5000  -15.0000 2869.3120   14.9120
    0.0000   -7.5000  -15.0000 2878.9316   14.8266
    7.5000   -7.5000  -15.0000 2849.4788   15.1854
   -7.5000    0.0000  -15.0000 2850.1160   15.3592
    0.0000    0.0000  -15.0000 2859.5476   15.2824
    7.5000    0.0000  -15.0000 2835.2988   15.5856
   -7.5000    7.5000  -15.0000 2798.5552   15.9631
    0.0000    7.5000  -15.0000 2810.3879   15.9022
    7.5000    7.5000  -15.0000 2785.1733   16.2143
   -7.5000   15.0000  -15.0000 2717.7861   16.8502
    0.0000   15.0000  -15.0000 2730.9297   16.8189
    7.5000   15.0000  -15.0000 2702.2131   17.1533
   -7.5000   22.5000  -15.0000 2612.3364   18.1258
    0.0000   22.5000  -15.0000 2624.6418   18.0731
    7.5000   22.5000  -15.0000 2599.5986   18.3988
   -7.5000   30.0000  -15.0000 2484.9666   19.8381
    0.0000   30.0000  -15.0000 2498.3882   19.8218
    7.5000   30.0000  -15.0000 2468.1821   20.1706
   -7.5000   37.5000  -15.0000 2341.7932   22.1676
    0.0000   37.5000  -15.0000 2350.6414   22.1604
    7.5000   37.5000  -15.0000 2323.0657   22.4937
   -7.5000   45.0000  -15.0000 2185.2534   25.1526
    0.0000   45.0000  -15.0000 2188.7751   25.1725
    7.5000   45.0000  -15.0000 2163.8433   25.4752
   -7.5000  -45.0000   -7.5000 2600.6038   18.1017
    0.0000  -45.0000   -7.5000 2616.6260   18.0257
    7.5000  -45.0000   -7.5000 2592.1003   18.2765
   -7.5000  -37.5000   -7.5000 2705.2056   16.6377
    0.0000  -37.5000   -7.5000 2727.0569   16.5834
    7.5000  -37.5000   -7.5000 2696.8054   16.7779
   -7.5000  -30.0000   -7.5000 2798.1855   15.5206
    0.0000  -30.0000   -7.5000 2818.5071   15.4775
    7.5000  -30.0000   -7.5000 2787.1157   15.6523
   -7.5000  -22.5000   -7.5000 2867.0608   14.6701
    0.0000  -22.5000   -7.5000 2881.2268   14.6503
    7.5000  -22.5000   -7.5000 2851.1233   14.8759
   -7.5000  -15.0000   -7.5000 2910.7793   14.1404
    0.0000  -15.0000   -7.5000 2926.3428   14.1180
    7.5000  -15.0000   -7.5000 2890.9377   14.4930
   -7.5000   -7.5000   -7.5000 2923.7229   14.3277
    0.0000   -7.5000   -7.5000 2944.5264   14.2814
    7.5000   -7.5000   -7.5000 2910.0510   14.6995
   -7.5000    0.0000   -7.5000 2901.6724   14.7712
    0.0000    0.0000   -7.5000 2926.7505   14.7594
    7.5000    0.0000   -7.5000 2891.2241   15.1307
   -7.5000    7.5000   -7.5000 2850.3147   15.4376
    0.0000    7.5000   -7.5000 2873.4629   15.4060
    7.5000    7.5000   -7.5000 2838.0957   15.7693
   -7.5000   15.0000   -7.5000 2762.5874   16.3927
    0.0000   15.0000   -7.5000 2783.3640   16.3495
    7.5000   15.0000   -7.5000 2752.5664   16.6860
   -7.5000   22.5000   -7.5000 2649.2920   17.7330
    0.0000   22.5000   -7.5000 2666.9470   17.6701
    7.5000   22.5000   -7.5000 2639.0417   18.0054
   -7.5000   30.0000   -7.5000 2521.3696   19.4650
    0.0000   30.0000   -7.5000 2541.1299   19.4321
    7.5000   30.0000   -7.5000 2508.7803   19.7719
   -7.5000   37.5000   -7.5000 2377.2256   21.6395
    0.0000   37.5000   -7.5000 2387.4998   21.6619
    7.5000   37.5000   -7.5000 2364.3230   21.9924
   -7.5000   45.0000   -7.5000 2216.2993   24.4442
    0.0000   45.0000   -7.5000 2222.0317   24.4928
    7.5000   45.0000   -7.5000 2195.5854   24.8613
   -7.5000  -45.0000    0.0000 2584.7859   18.0505
    0.0000  -45.0000    0.0000 2597.0400   17.9185
    7.5000  -45.0000    0.0000 2578.4446   18.1820
   -7.5000  -37.5000    0.0000 2696.5066   16.5685
    0.0000  -37.5000    0.0000 2713.7998   16.4674
    7.5000  -37.5000    0.0000 2691.8684   16.6790
   -7.5000  -30.0000    0.0000 2800.6377   15.4687
    0.0000  -30.0000    0.0000 2825.3613   15.4258
    7.5000  -30.0000    0.0000 2797.5713   15.5690
   -7.5000  -22.5000    0.0000 2892.9456   14.6951
    0.0000  -22.5000    0.0000 2922.4561   14.6524
    7.5000  -22.5000    0.0000 2887.2708   14.7780
   -7.5000  -15.0000    0.0000 2947.9529   14.0517
    0.0000  -15.0000    0.0000 2984.9797   14.0984
    7.5000  -15.0000    0.0000 2937.8547   14.3449
   -7.5000   -7.5000    0.0000 2966.7754   14.1090
    0.0000   -7.5000    0.0000 3001.6682   14.1188
    7.5000   -7.5000    0.0000 2948.7087   14.4536
   -7.5000    0.0000    0.0000 2941.6335   14.5809
    0.0000    0.0000    0.0000 2963.0630   14.4954
    7.5000    0.0000    0.0000 2918.8665   14.8357
   -7.5000    7.5000    0.0000 2876.5869   15.2725
    0.0000    7.5000    0.0000 2896.8789   15.1221
    7.5000    7.5000    0.0000 2861.1621   15.4574
   -7.5000   15.0000    0.0000 2785.1145   16.2443
    0.0000   15.0000    0.0000 2803.1895   16.1145
    7.5000   15.0000    0.0000 2772.0676   16.4237
   -7.5000   22.5000    0.0000 2667.8137   17.6245
    0.0000   22.5000    0.0000 2681.8767   17.4765
    7.5000   22.5000    0.0000 2657.5588   17.7673
   -7.5000   30.0000    0.0000 2542.1426   19.3310
    0.0000   30.0000    0.0000 2551.8967   19.2242
    7.5000   30.0000    0.0000 2524.5403   19.4922
   -7.5000   37.5000    0.0000 2394.0112   21.4785
    0.0000   37.5000    0.0000 2403.9407   21.4034
    7.5000   37.5000    0.0000 2378.7051   21.7115
   -7.5000   45.0000    0.0000 2233.0576   24.2326
    0.0000   45.0000    0.0000 2240.7520   24.1821
    7.5000   45.0000    0.0000 2215.2234   24.5048
   -7.5000  -45.0000    7.5000 2557.6160   18.1217
    0.0000  -45.0000    7.5000 2571.8938   18.0184
    7.5000  -45.0000    7.5000 2555.9285   18.2820
   -7.5000  -37.5000    7.5000 2672.6709   16.6254
    0.0000  -37.5000    7.5000 2690.9705   16.5552
    7.5000  -37.5000    7.5000 2675.9524   16.7867
   -7.5000  -30.0000    7.5000 2786.6313   15.5775
    0.0000  -30.0000    7.5000 2812.4402   15.5462
    7.5000  -30.0000    7.5000 2785.7856   15.6902
   -7.5000  -22.5000    7.5000 2898.4331   14.9211
    0.0000  -22.5000    7.5000 2929.6853   14.9123
    7.5000  -22.5000    7.5000 2884.9661   14.9404
   -7.5000  -15.0000    7.5000 2978.9895   14.4682
    0.0000  -15.0000    7.5000 3016.0229   14.4131
    7.5000  -15.0000    7.5000 2943.8445   14.4819
   -7.5000   -7.5000    7.5000 2993.1003   14.3665
    0.0000   -7.5000    7.5000 3022.3052   14.1685
    7.5000   -7.5000    7.5000 2956.6755   14.4371
   -7.5000    0.0000    7.5000 2952.0098   14.6442
    0.0000    0.0000    7.5000 2976.1799   14.4713
    7.5000    0.0000    7.5000 2930.3171   14.7396
   -7.5000    7.5000    7.5000 2878.6743   15.2730
    0.0000    7.5000    7.5000 2896.1677   15.1232
    7.5000    7.5000    7.5000 2869.5828   15.3998
   -7.5000   15.0000    7.5000 2783.0432   16.2408
    0.0000   15.0000    7.5000 2796.7017   16.0921
    7.5000   15.0000    7.5000 2775.5706   16.3655
   -7.5000   22.5000    7.5000 2668.1836   17.6104
    0.0000   22.5000    7.5000 2679.9902   17.4748
    7.5000   22.5000    7.5000 2657.5112   17.7239
   -7.5000   30.0000    7.5000 2542.4509   19.3691
    0.0000   30.0000    7.5000 2557.0627   19.2540
    7.5000   30.0000    7.5000 2527.1931   19.4807
   -7.5000   37.5000    7.5000 2400.0959   21.5225
    0.0000   37.5000    7.5000 2410.8186   21.4921
    7.5000   37.5000    7.5000 2383.0244   21.7044
   -7.5000   45.0000    7.5000 2235.1819   24.1893
    0.0000   45.0000    7.5000 2245.2302   24.2166
    7.5000   45.0000    7.5000 2216.3269   24.3863
   -7.5000  -45.0000   15.0000 2524.2214   18.5745
    0.0000  -45.0000   15.0000 2537.6382   18.4642
    7.5000  -45.0000   15.0000 2529.4795   18.7353
   -7.5000  -37.5000   15.0000 2646.6741   17.1022
    0.0000  -37.5000   15.0000 2658.2744   17.0352
    7.5000  -37.5000   15.0000 2645.2175   17.2265
   -7.5000  -30.0000   15.0000 2758.2820   16.0703
    0.0000  -30.0000   15.0000 2774.8152   16.0429
    7.5000  -30.0000   15.0000 2750.9746   16.1554
   -7.5000  -22.5000   15.0000 2859.0947   15.2699
    0.0000  -22.5000   15.0000 2888.9971   15.3139
    7.5000  -22.5000   15.0000 2848.5469   15.3311
   -7.5000  -15.0000   15.0000 2936.6597   14.7417
    0.0000  -15.0000   15.0000 2969.1655   14.6654
    7.5000  -15.0000   15.0000 2912.5564   14.8431
   -7.5000   -7.5000   15.0000 2963.5945   14.7033
    0.0000   -7.5000   15.0000 2996.2617   14.5520
    7.5000   -7.5000   15.0000 2935.8550   14.7779
   -7.5000    0.0000   15.0000 2927.7214   15.0439
    0.0000    0.0000   15.0000 2960.3752   14.9477
    7.5000    0.0000   15.0000 2907.4949   15.1177
   -7.5000    7.5000   15.0000 2850.3403   15.7215
    0.0000    7.5000   15.0000 2873.2759   15.6009
    7.5000    7.5000   15.0000 2840.6328   15.7838
   -7.5000   15.0000   15.0000 2754.9690   16.6095
    0.0000   15.0000   15.0000 2769.5164   16.4767
    7.5000   15.0000   15.0000 2750.1943   16.7008
   -7.5000   22.5000   15.0000 2650.3040   17.9304
    0.0000   22.5000   15.0000 2659.7263   17.7904
    7.5000   22.5000   15.0000 2642.8438   17.9962
   -7.5000   30.0000   15.0000 2527.2422   19.5946
    0.0000   30.0000   15.0000 2540.2209   19.4969
    7.5000   30.0000   15.0000 2518.9409   19.6985
   -7.5000   37.5000   15.0000 2380.2903   21.6641
    0.0000   37.5000   15.0000 2393.7998   21.6241
    7.5000   37.5000   15.0000 2370.2751   21.8304
   -7.5000   45.0000   15.0000 2215.8940   24.3456
    0.0000   45.0000   15.0000 2229.1663   24.3564
    7.5000   45.0000   15.0000 2201.6904   24.5658
   -7.5000  -45.0000   22.5000 2492.0425   19.4029
    0.0000  -45.0000   22.5000 2506.8193   19.2375
    7.5000  -45.0000   22.5000 2490.0254   19.5096
   -7.5000  -37.5000   22.5000 2610.6785   17.9025
    0.0000  -37.5000   22.5000 2619.7100   17.7508
    7.5000  -37.5000   22.5000 2609.7908   18.0081
   -7.5000  -30.0000   22.5000 2713.3647   16.7232
    0.0000  -30.0000   22.5000 2726.2083   16.6517
    7.5000  -30.0000   22.5000 2715.1785   16.8707
   -7.5000  -22.5000   22.5000 2810.4861   15.8988
    0.0000  -22.5000   22.5000 2833.4219   15.8086
    7.5000  -22.5000   22.5000 2809.3379   16.0263
   -7.5000  -15.0000   22.5000 2874.1194   15.3285
    0.0000  -15.0000   22.5000 2898.9202   15.1696
    7.5000  -15.0000   22.5000 2867.3740   15.4899
   -7.5000   -7.5000   22.5000 2905.0720   15.2600
    0.0000   -7.5000   22.5000 2931.1865   15.1330
    7.5000   -7.5000   22.5000 2894.5815   15.4126
   -7.5000    0.0000   22.5000 2878.3975   15.6471
    0.0000    0.0000   22.5000 2902.1089   15.5697
    7.5000    0.0000   22.5000 2867.2817   15.7663
   -7.5000    7.5000   22.5000 2806.0781   16.3461
    0.0000    7.5000   22.5000 2824.5510   16.2355
    7.5000    7.5000   22.5000 2798.0608   16.4245
   -7.5000   15.0000   22.5000 2708.0747   17.2675
    0.0000   15.0000   22.5000 2724.3474   17.1333
    7.5000   15.0000   22.5000 2706.8665   17.3333
   -7.5000   22.5000   22.5000 2611.5735   18.5176
    0.0000   22.5000   22.5000 2625.6108   18.4031
    7.5000   22.5000   22.5000 2608.0637   18.5707
   -7.5000   30.0000   22.5000 2489.4626   20.1450
    0.0000   30.0000   22.5000 2507.3914   20.0429
    7.5000   30.0000   22.5000 2489.7412   20.2252
   -7.5000   37.5000   22.5000 2345.3394   22.2151
    0.0000   37.5000   22.5000 2356.6609   22.1332
    7.5000   37.5000   22.5000 2343.4062   22.3006
   -7.5000   45.0000   22.5000 2183.6929   24.8233
    0.0000   45.0000   22.5000 2195.6409   24.7963
    7.5000   45.0000   22.5000 2180.7732   24.9341
   -7.5000  -45.0000   30.0000 2450.5063   20.4371
    0.0000  -45.0000   30.0000 2462.8018   20.1370
    7.5000  -45.0000   30.0000 2451.0461   20.5982
   -7.5000  -37.5000   30.0000 2568.1772   18.8511
    0.0000  -37.5000   30.0000 2577.1584   18.6074
    7.5000  -37.5000   30.0000 2568.0867   18.9972
   -7.5000  -30.0000   30.0000 2667.6741   17.5997
    0.0000  -30.0000   30.0000 2678.3696   17.3986
    7.5000  -30.0000   30.0000 2670.2090   17.7237
   -7.5000  -22.5000   30.0000 2750.7087   16.7336
    0.0000  -22.5000   30.0000 2765.7258   16.4929
    7.5000  -22.5000   30.0000 2748.3499   16.8420
   -7.5000  -15.0000   30.0000 2801.0920   16.1362
    0.0000  -15.0000   30.0000 2815.1355   15.9371
    7.5000  -15.0000   30.0000 2797.7151   16.3022
   -7.5000   -7.5000   30.0000 2826.0774   16.0786
    0.0000   -7.5000   30.0000 2843.5002   15.9121
    7.5000   -7.5000   30.0000 2821.2754   16.2443
   -7.5000    0.0000   30.0000 2801.8250   16.5033
    0.0000    0.0000   30.0000 2822.0010   16.3654
    7.5000    0.0000   30.0000 2792.7705   16.6056
   -7.5000    7.5000   30.0000 2735.2126   17.2193
    0.0000    7.5000   30.0000 2754.1711   17.0459
    7.5000    7.5000   30.0000 2732.7971   17.2584
   -7.5000   15.0000   30.0000 2649.2737   18.1348
    0.0000   15.0000   30.0000 2666.1033   17.9748
    7.5000   15.0000   30.0000 2653.0208   18.1634
   -7.5000   22.5000   30.0000 2553.3547   19.3652
    0.0000   22.5000   30.0000 2573.0620   19.2439
    7.5000   22.5000   30.0000 2556.2458   19.4132
   -7.5000   30.0000   30.0000 2435.8184   20.9888
    0.0000   30.0000   30.0000 2453.8079   20.8610
    7.5000   30.0000   30.0000 2435.7856   20.9993
   -7.5000   37.5000   30.0000 2295.8938   22.9740
    0.0000   37.5000   30.0000 2309.9929   22.9000
    7.5000   37.5000   30.0000 2291.8599   23.0410
   -7.5000   45.0000   30.0000 2142.4336   25.5361
    0.0000   45.0000   30.0000 2157.7112   25.5050
    7.5000   45.0000   30.0000 2139.2537   25.6864
   -7.5000  -45.0000   37.5000 2404.6399   21.6013
    0.0000  -45.0000   37.5000 2420.3826   21.2605
    7.5000  -45.0000   37.5000 2402.8391   21.7809
   -7.5000  -37.5000   37.5000 2513.7920   19.9437
    0.0000  -37.5000   37.5000 2526.5513   19.6467
    7.5000  -37.5000   37.5000 2510.9661   20.1031
   -7.5000  -30.0000   37.5000 2605.2854   18.6638
    0.0000  -30.0000   37.5000 2625.0337   18.4077
    7.5000  -30.0000   37.5000 2603.9089   18.7669
   -7.5000  -22.5000   37.5000 2679.8508   17.7593
    0.0000  -22.5000   37.5000 2701.4031   17.5078
    7.5000  -22.5000   37.5000 2677.6858   17.8865
   -7.5000  -15.0000   37.5000 2727.0981   17.1597
    0.0000  -15.0000   37.5000 2740.4058   16.9739
    7.5000  -15.0000   37.5000 2722.5066   17.3016
   -7.5000   -7.5000   37.5000 2740.6177   17.1153
    0.0000   -7.5000   37.5000 2760.5940   16.9252
    7.5000   -7.5000   37.5000 2736.3069   17.2086
   -7.5000    0.0000   37.5000 2714.1362   17.5311
    0.0000    0.0000   37.5000 2736.8911   17.3536
    7.5000    0.0000   37.5000 2707.2637   17.6006
   -7.5000    7.5000   37.5000 2654.6675   18.2315
    0.0000    7.5000   37.5000 2673.7095   18.0186
    7.5000    7.5000   37.5000 2653.1677   18.2604
   -7.5000   15.0000   37.5000 2576.9712   19.1022
    0.0000   15.0000   37.5000 2590.7090   18.9237
    7.5000   15.0000   37.5000 2578.9990   19.1510
   -7.5000   22.5000   37.5000 2490.0808   20.3267
    0.0000   22.5000   37.5000 2506.0049   20.2369
    7.5000   22.5000   37.5000 2487.7627   20.4268
   -7.5000   30.0000   37.5000 2373.8660   21.9966
    0.0000   30.0000   37.5000 2390.1274   21.8815
    7.5000   30.0000   37.5000 2370.3140   22.0254
   -7.5000   37.5000   37.5000 2237.0027   23.9910
    0.0000   37.5000   37.5000 2253.9612   23.8975
    7.5000   37.5000   37.5000 2229.9050   24.0589
   -7.5000   45.0000   37.5000 2099.5823   26.5609
    0.0000   45.0000   37.5000 2110.7200   26.5133
    7.5000   45.0000   37.5000 2092.8545   26.6136
   -7.5000  -45.0000   45.0000 2346.7063   23.0356
    0.0000  -45.0000   45.0000 2368.6069   22.6983
    7.5000  -45.0000   45.0000 2341.9351   23.1620
   -7.5000  -37.5000   45.0000 2450.7612   21.2903
    0.0000  -37.5000   45.0000 2469.2925   21.0253
    7.5000  -37.5000   45.0000 2445.3840   21.4423
   -7.5000  -30.0000   45.0000 2532.5759   19.9634
    0.0000  -30.0000   45.0000 2552.6838   19.7264
    7.5000  -30.0000   45.0000 2527.4404   20.0748
   -7.5000  -22.5000   45.0000 2599.7195   19.0013
    0.0000  -22.5000   45.0000 2620.2485   18.8125
    7.5000  -22.5000   45.0000 2593.6948   19.1524
   -7.5000  -15.0000   45.0000 2638.7310   18.4194
    0.0000  -15.0000   45.0000 2652.1365   18.2759
    7.5000  -15.0000   45.0000 2633.9592   18.5690
   -7.5000   -7.5000   45.0000 2642.2058   18.3541
    0.0000   -7.5000   45.0000 2661.9097   18.2080
    7.5000   -7.5000   45.0000 2641.2986   18.4768
   -7.5000    0.0000   45.0000 2620.5503   18.7675
    0.0000    0.0000   45.0000 2641.1792   18.6091
    7.5000    0.0000   45.0000 2616.0374   18.8803
   -7.5000    7.5000   45.0000 2574.8613   19.4038
    0.0000    7.5000   45.0000 2599.8154   19.2150
    7.5000    7.5000   45.0000 2568.2737   19.4866
   -7.5000   15.0000   45.0000 2498.1726   20.2673
    0.0000   15.0000   45.0000 2516.7024   20.0937
    7.5000   15.0000   45.0000 2500.3652   20.3360
   -7.5000   22.5000   45.0000 2412.7966   21.4697
    0.0000   22.5000   45.0000 2425.4663   21.3910
    7.5000   22.5000   45.0000 2410.6001   21.5890
   -7.5000   30.0000   45.0000 2298.9001   23.2050
    0.0000   30.0000   45.0000 2310.8047   23.1841
    7.5000   30.0000   45.0000 2294.5874   23.3258
   -7.5000   37.5000   45.0000 2172.9448   25.2941
    0.0000   37.5000   45.0000 2186.7136   25.2668
    7.5000   37.5000   45.0000 2169.0410   25.3999
   -7.5000   45.0000   45.0000 2040.1705   27.9443
    0.0000   45.0000   45.0000 2055.0542   27.8787
    7.5000   45.0000   45.0000 2037.9924   28.0963

---------------------------------------------------------------------
imgreg_4dfp /opt/freesurfer/average/711-2C_as_mni_average_305 /opt/freesurfer/average/711-2B_as_mni_average_305_mask talsrcimg_g11 none talsrcimg_to_711-2C_as_mni_average_305_t4 1283
---------------------------------------------------------------------

freesurfer imgreg_4dfp.c
/opt/freesurfer/average/711-2C_as_mni_average_305.4dfp.img
       256       256       256         1
  1.000000  1.000000  1.000000
orientation T byte_order littleendian
Reading image: /opt/freesurfer/average/711-2C_as_mni_average_305.4dfp.img
dimensions:      256       256       256
mmppix:       1.0000   -1.0000   -1.0000
center:     128.0000 -129.0000 -129.0000
/opt/freesurfer/average/711-2B_as_mni_average_305_mask.4dfp.img
       256       256       256         1
  1.000000  1.000000  1.000000
orientation T byte_order littleendian
Reading mask: /opt/freesurfer/average/711-2B_as_mni_average_305_mask.4dfp.img (2306576 pixels)
talsrcimg_g11.4dfp.img
       256       256       256         1
  1.000000  1.000000  1.000000
orientation T byte_order littleendian
Reading image: talsrcimg_g11.4dfp.img
dimensions:      256       256       256
mmppix:       1.0000   -1.0000   -1.0000
center:     128.0000 -129.0000 -129.0000
rotation matrix determinant  1.000000
fimgreg.f
image alignment mode   1283 decimal      503 hex
parameters
    0.0000   -7.5000    7.5000    0.0000    0.0000    0.0000
eta,q 0.94783 14.21913
niter,ni,del,rscale     5    3   12.0000    1.2000
parameter  2  0.851331 ->  0.500000 qaram    1.1500
parameter  4  0.826929 ->  0.500000 qaram    1.1500
parameters
   -2.4830  -10.9500    6.9056   -3.4500    0.3875   -0.9121
eta,q 0.95580 14.25916
  0.0575  0.0484  0.0560  0.0440  0.0551  0.0463
  0.0526  0.0462  0.0506  0.0440  0.0498  0.0449
  0.0519  0.0480  0.0469  0.0446  0.0456  0.0443
  0.0549  0.0514  0.0466  0.0465  0.0441  0.0442
  0.0596  0.0540  0.0493  0.0485  0.0450  0.0449
  0.0655  0.0569  0.0543  0.0516  0.0478  0.0462
  0.0719  0.0619  0.0596  0.0557  0.0527  0.0479
niter,ni,del,rscale     6    3   12.0000    1.2000
parameters
   -2.2591   -9.5335    5.9961   -6.6071    0.0234   -0.5724
eta,q 0.95922 14.18440
  0.0634  0.0613  0.0525  0.0447  0.0508  0.0461
  0.0543  0.0518  0.0479  0.0411  0.0458  0.0428
  0.0474  0.0467  0.0440  0.0411  0.0419  0.0411
  0.0442  0.0441  0.0442  0.0435  0.0407  0.0407
  0.0462  0.0447  0.0479  0.0466  0.0426  0.0414
  0.0527  0.0467  0.0530  0.0501  0.0471  0.0425
  0.0608  0.0505  0.0580  0.0539  0.0540  0.0446
niter,ni,del,rscale     5    3   12.0000    1.2000
parameters
   -2.1354   -8.6775    5.4100   -6.7161   -0.2081   -0.3100
eta,q 0.95925 14.12939
  0.0607  0.0597  0.0506  0.0514  0.0506  0.0462
  0.0504  0.0517  0.0461  0.0447  0.0457  0.0431
  0.0431  0.0444  0.0421  0.0408  0.0419  0.0413
  0.0408  0.0408  0.0410  0.0408  0.0407  0.0407
  0.0438  0.0425  0.0439  0.0431  0.0424  0.0412
  0.0503  0.0464  0.0486  0.0465  0.0464  0.0426
  0.0582  0.0525  0.0553  0.0505  0.0526  0.0453
niter,ni,del,rscale     4    3   12.0000    1.2000
parameters
   -2.1530   -8.5060    5.3623   -6.8416   -0.2472   -0.2598
eta,q 0.95920 14.12334
  0.0593  0.0569  0.0522  0.0516  0.0511  0.0460
  0.0490  0.0487  0.0473  0.0447  0.0462  0.0430
  0.0424  0.0420  0.0431  0.0407  0.0423  0.0414
  0.0407  0.0407  0.0409  0.0409  0.0408  0.0408
  0.0438  0.0436  0.0429  0.0431  0.0422  0.0414
  0.0505  0.0483  0.0470  0.0466  0.0459  0.0429
  0.0583  0.0543  0.0530  0.0506  0.0518  0.0458
niter,ni,del,rscale     3    3   12.0000    1.2000
parameters
   -2.1587   -8.4268    5.3524   -6.8866   -0.2523   -0.2343
eta,q 0.95916 14.11998
  0.0594  0.0566  0.0522  0.0518  0.0512  0.0460
  0.0491  0.0483  0.0473  0.0449  0.0463  0.0431
  0.0425  0.0417  0.0431  0.0408  0.0424  0.0414
  0.0408  0.0408  0.0409  0.0409  0.0408  0.0408
  0.0438  0.0438  0.0428  0.0430  0.0422  0.0415
  0.0504  0.0488  0.0468  0.0465  0.0459  0.0429
  0.0582  0.0546  0.0528  0.0505  0.0516  0.0459
niter,ni,del,rscale     2    3   12.0000    1.2000
parameters
   -2.1616   -8.3959    5.3498   -6.9035   -0.2529   -0.2234
eta,q 0.95914 14.11863
  0.0594  0.0565  0.0522  0.0519  0.0512  0.0460
  0.0491  0.0481  0.0473  0.0450  0.0464  0.0431
  0.0425  0.0416  0.0431  0.0409  0.0424  0.0414
  0.0408  0.0408  0.0409  0.0409  0.0409  0.0409
  0.0438  0.0439  0.0428  0.0429  0.0422  0.0415
  0.0504  0.0490  0.0468  0.0464  0.0459  0.0430
  0.0581  0.0547  0.0527  0.0505  0.0516  0.0460
registration optimization eta report
parameter search radius
    6.0000    6.9000    6.0000    6.9000    6.0000    6.0000
100000*second partial in parameter space
       49.       31.       31.       22.       29.       14.
  0.0594  0.0565  0.0522  0.0519  0.0512  0.0460
  0.0491  0.0481  0.0473  0.0450  0.0464  0.0431
  0.0425  0.0416  0.0431  0.0409  0.0424  0.0414
  0.0408  0.0408  0.0409  0.0409  0.0409  0.0409
  0.0438  0.0439  0.0428  0.0429  0.0422  0.0415
  0.0504  0.0490  0.0468  0.0464  0.0459  0.0430
  0.0581  0.0547  0.0527  0.0505  0.0516  0.0460
   -2.1616   -8.3959    5.3498   -6.9035   -0.2529   -0.2234
eta,q 0.95914 14.11863

---------------------------------------------------------------------
imgreg_4dfp /opt/freesurfer/average/711-2C_as_mni_average_305 /opt/freesurfer/average/711-2B_as_mni_average_305_mask talsrcimg_g11 none talsrcimg_to_711-2C_as_mni_average_305_t4 3335
---------------------------------------------------------------------

freesurfer imgreg_4dfp.c
/opt/freesurfer/average/711-2C_as_mni_average_305.4dfp.img
       256       256       256         1
  1.000000  1.000000  1.000000
orientation T byte_order littleendian
Reading image: /opt/freesurfer/average/711-2C_as_mni_average_305.4dfp.img
dimensions:      256       256       256
mmppix:       1.0000   -1.0000   -1.0000
center:     128.0000 -129.0000 -129.0000
/opt/freesurfer/average/711-2B_as_mni_average_305_mask.4dfp.img
       256       256       256         1
  1.000000  1.000000  1.000000
orientation T byte_order littleendian
Reading mask: /opt/freesurfer/average/711-2B_as_mni_average_305_mask.4dfp.img (2306576 pixels)
talsrcimg_g11.4dfp.img
       256       256       256         1
  1.000000  1.000000  1.000000
orientation T byte_order littleendian
Reading image: talsrcimg_g11.4dfp.img
dimensions:      256       256       256
mmppix:       1.0000   -1.0000   -1.0000
center:     128.0000 -129.0000 -129.0000
fimgreg.f
image alignment mode   3335 decimal      D07 hex
parameters
   -2.1616   -8.3959    5.3498   -0.0017   -0.7255   -0.7260
    0.3340    0.4850   -0.3899   12.0179   -0.4414  -12.0196
eta,q 0.95922 14.24101
niter,ni,del,rscale     5    3    5.0000    1.2000
parameter  4  1.177625 ->  0.500000 qaram    1.1500
parameter  5-19.186085 ->  0.500000 qaram    1.1500
parameter  6  0.567063 ->  0.500000 qaram    1.1500
parameters
   -2.0516   -7.8969    5.3224   -4.1417   -4.8655   -4.8660
   -0.6191    1.5971    0.0237   11.2961    2.5982  -10.3929
eta,q 0.97197 14.18276
  0.0445  0.0428  0.0429  0.0357  0.0258  0.0294  0.0307  0.0359  0.0310  0.0320  0.0315  0.0313
  0.0425  0.0419  0.0418  0.0361  0.0290  0.0286  0.0293  0.0321  0.0296  0.0299  0.0300  0.0298
  0.0413  0.0412  0.0410  0.0376  0.0327  0.0285  0.0286  0.0296  0.0287  0.0287  0.0290  0.0287
  0.0408  0.0408  0.0407  0.0407  0.0364  0.0300  0.0285  0.0285  0.0284  0.0284  0.0284  0.0281
  0.0410  0.0407  0.0409  0.0446  0.0399  0.0339  0.0291  0.0287  0.0286  0.0293  0.0281  0.0281
  0.0421  0.0410  0.0418  0.0490  0.0432  0.0401  0.0304  0.0300  0.0293  0.0312  0.0282  0.0285
  0.0439  0.0417  0.0431  0.0535  0.0464  0.0455  0.0322  0.0322  0.0305  0.0337  0.0286  0.0293
niter,ni,del,rscale     7    3    5.0000    1.2000
parameter  5  1.021049 ->  0.500000 qaram    1.3225
parameters
   -1.4786   -8.3440    4.1337   -5.7949   -9.6265   -4.9900
    0.0944    1.2242    0.1758   11.0086    3.6784  -11.5838
eta,q 0.97611 14.03325
  0.0334  0.0296  0.0277  0.0300  0.0240  0.0283  0.0273  0.0280  0.0259  0.0271  0.0251  0.0250
  0.0309  0.0282  0.0272  0.0287  0.0239  0.0267  0.0258  0.0254  0.0249  0.0251  0.0245  0.0241
  0.0291  0.0277  0.0272  0.0277  0.0250  0.0253  0.0247  0.0242  0.0243  0.0242  0.0241  0.0239
  0.0280  0.0278  0.0276  0.0272  0.0274  0.0240  0.0241  0.0240  0.0240  0.0240  0.0240  0.0240
  0.0278  0.0286  0.0285  0.0279  0.0309  0.0232  0.0242  0.0247  0.0241  0.0244  0.0240  0.0243
  0.0285  0.0298  0.0297  0.0309  0.0347  0.0247  0.0249  0.0262  0.0247  0.0255  0.0242  0.0249
  0.0300  0.0313  0.0314  0.0352  0.0384  0.0309  0.0263  0.0286  0.0258  0.0276  0.0246  0.0258
niter,ni,del,rscale     7    3    5.0000    1.2000
parameters
   -1.3037   -7.6608    4.4800   -5.4347  -13.2436   -4.8169
   -0.0186    1.0506   -0.2060   11.1029    3.1839  -13.4153
eta,q 0.97734 13.87944
  0.0275  0.0282  0.0256  0.0276  0.0252  0.0268  0.0254  0.0268  0.0245  0.0254  0.0237  0.0235
  0.0257  0.0262  0.0246  0.0259  0.0236  0.0252  0.0241  0.0243  0.0236  0.0238  0.0231  0.0229
  0.0244  0.0247  0.0239  0.0245  0.0229  0.0239  0.0232  0.0231  0.0230  0.0230  0.0229  0.0227
  0.0239  0.0238  0.0236  0.0236  0.0235  0.0229  0.0228  0.0228  0.0228  0.0228  0.0228  0.0228
  0.0240  0.0236  0.0236  0.0233  0.0261  0.0222  0.0231  0.0234  0.0231  0.0231  0.0230  0.0232
  0.0250  0.0240  0.0240  0.0246  0.0298  0.0231  0.0241  0.0248  0.0238  0.0238  0.0233  0.0238
  0.0266  0.0251  0.0247  0.0277  0.0337  0.0281  0.0257  0.0269  0.0250  0.0251  0.0239  0.0246
niter,ni,del,rscale     6    3    5.0000    1.2000
parameters
   -1.2690   -6.9074    4.6379   -5.2518  -14.5406   -5.1128
   -0.1421    1.1034   -0.4850   12.2703    3.0329  -13.9869
eta,q 0.97752 13.81858
  0.0259  0.0267  0.0242  0.0263  0.0266  0.0262  0.0251  0.0267  0.0244  0.0256  0.0235  0.0237
  0.0242  0.0248  0.0232  0.0246  0.0245  0.0246  0.0238  0.0242  0.0234  0.0239  0.0229  0.0229
  0.0231  0.0235  0.0226  0.0233  0.0230  0.0234  0.0229  0.0229  0.0228  0.0230  0.0226  0.0226
  0.0227  0.0227  0.0224  0.0224  0.0223  0.0225  0.0225  0.0226  0.0226  0.0226  0.0225  0.0225
  0.0229  0.0224  0.0225  0.0222  0.0233  0.0220  0.0228  0.0231  0.0228  0.0226  0.0227  0.0228
  0.0240  0.0227  0.0229  0.0237  0.0264  0.0234  0.0238  0.0244  0.0235  0.0231  0.0230  0.0233
  0.0258  0.0236  0.0238  0.0267  0.0303  0.0286  0.0254  0.0263  0.0247  0.0240  0.0236  0.0240
niter,ni,del,rscale     5    3    5.0000    1.2000
parameters
   -1.2273   -6.4482    4.4099   -5.2967  -15.2635   -5.3291
   -0.1836    1.2080   -0.6906   13.5564    3.4029  -14.4564
eta,q 0.97753 13.78153
  0.0257  0.0257  0.0236  0.0260  0.0268  0.0261  0.0251  0.0266  0.0243  0.0253  0.0236  0.0236
  0.0240  0.0242  0.0229  0.0244  0.0248  0.0246  0.0237  0.0242  0.0234  0.0239  0.0230  0.0229
  0.0229  0.0231  0.0225  0.0232  0.0232  0.0234  0.0229  0.0229  0.0228  0.0230  0.0226  0.0226
  0.0225  0.0225  0.0224  0.0224  0.0224  0.0225  0.0226  0.0225  0.0226  0.0226  0.0225  0.0225
  0.0227  0.0224  0.0226  0.0223  0.0228  0.0220  0.0228  0.0231  0.0228  0.0225  0.0226  0.0227
  0.0238  0.0229  0.0232  0.0238  0.0254  0.0233  0.0237  0.0243  0.0235  0.0230  0.0229  0.0232
  0.0255  0.0240  0.0242  0.0268  0.0292  0.0283  0.0252  0.0261  0.0246  0.0239  0.0233  0.0239
niter,ni,del,rscale     4    3    5.0000    1.2000
parameters
   -1.1828   -6.0143    4.0511   -5.3960  -16.0138   -5.6493
   -0.2186    1.2739   -0.9167   15.0376    3.8840  -14.7994
eta,q 0.97753 13.73530
  0.0256  0.0256  0.0234  0.0258  0.0265  0.0259  0.0250  0.0264  0.0243  0.0253  0.0235  0.0236
  0.0240  0.0241  0.0228  0.0243  0.0246  0.0245  0.0237  0.0241  0.0233  0.0240  0.0229  0.0229
  0.0229  0.0230  0.0224  0.0232  0.0231  0.0234  0.0229  0.0229  0.0228  0.0231  0.0226  0.0226
  0.0225  0.0225  0.0224  0.0223  0.0224  0.0225  0.0226  0.0226  0.0226  0.0226  0.0225  0.0225
  0.0227  0.0224  0.0227  0.0223  0.0227  0.0220  0.0228  0.0231  0.0228  0.0225  0.0225  0.0227
  0.0237  0.0229  0.0233  0.0238  0.0251  0.0233  0.0237  0.0242  0.0235  0.0229  0.0228  0.0231
  0.0254  0.0240  0.0243  0.0267  0.0289  0.0284  0.0251  0.0261  0.0245  0.0237  0.0232  0.0237
niter,ni,del,rscale     3    3    5.0000    1.2000
parameters
   -1.1355   -5.5079    3.6059   -5.4951  -16.9480   -6.0937
   -0.2709    1.3505   -0.9067   16.7060    4.1503  -15.1440
eta,q 0.97758 13.67090
  0.0255  0.0257  0.0232  0.0256  0.0260  0.0257  0.0249  0.0262  0.0244  0.0254  0.0232  0.0234
  0.0239  0.0242  0.0226  0.0241  0.0243  0.0244  0.0236  0.0240  0.0234  0.0241  0.0228  0.0229
  0.0229  0.0231  0.0224  0.0231  0.0230  0.0233  0.0229  0.0229  0.0228  0.0231  0.0225  0.0225
  0.0225  0.0225  0.0223  0.0223  0.0223  0.0224  0.0226  0.0226  0.0226  0.0226  0.0224  0.0224
  0.0227  0.0224  0.0227  0.0222  0.0227  0.0220  0.0228  0.0230  0.0228  0.0224  0.0225  0.0226
  0.0237  0.0228  0.0233  0.0237  0.0250  0.0233  0.0236  0.0241  0.0234  0.0228  0.0227  0.0230
  0.0253  0.0238  0.0243  0.0265  0.0288  0.0284  0.0250  0.0259  0.0244  0.0237  0.0231  0.0236
niter,ni,del,rscale     2    3    5.0000    1.2000
parameters
   -1.0863   -4.9444    3.0993   -5.5954  -17.9572   -6.6262
   -0.3594    1.4727   -0.7131   18.2525    4.5041  -15.5464
eta,q 0.97768 13.59255
  0.0253  0.0258  0.0230  0.0254  0.0258  0.0254  0.0247  0.0261  0.0245  0.0255  0.0230  0.0232
  0.0238  0.0242  0.0225  0.0240  0.0240  0.0242  0.0235  0.0239  0.0235  0.0241  0.0226  0.0227
  0.0228  0.0231  0.0222  0.0230  0.0228  0.0232  0.0228  0.0228  0.0228  0.0231  0.0224  0.0224
  0.0224  0.0224  0.0223  0.0222  0.0222  0.0223  0.0225  0.0225  0.0225  0.0225  0.0223  0.0223
  0.0226  0.0223  0.0226  0.0221  0.0226  0.0219  0.0227  0.0228  0.0226  0.0224  0.0223  0.0225
  0.0236  0.0227  0.0232  0.0235  0.0248  0.0232  0.0235  0.0239  0.0233  0.0228  0.0225  0.0229
  0.0252  0.0237  0.0242  0.0263  0.0286  0.0282  0.0248  0.0257  0.0243  0.0238  0.0229  0.0234
niter,ni,del,rscale     1    3    5.0000    1.2000
parameters
   -1.0511   -4.4647    2.6316   -5.6389  -18.7357   -7.0619
   -0.3982    1.5308   -0.6419   19.3926    4.8824  -16.0098
eta,q 0.97771 13.53145
  0.0251  0.0257  0.0230  0.0252  0.0258  0.0252  0.0246  0.0258  0.0244  0.0253  0.0230  0.0231
  0.0237  0.0241  0.0224  0.0239  0.0241  0.0241  0.0234  0.0238  0.0234  0.0240  0.0226  0.0226
  0.0227  0.0229  0.0222  0.0229  0.0228  0.0231  0.0227  0.0227  0.0227  0.0229  0.0224  0.0224
  0.0223  0.0223  0.0222  0.0222  0.0222  0.0222  0.0224  0.0224  0.0224  0.0224  0.0223  0.0223
  0.0225  0.0222  0.0225  0.0220  0.0225  0.0218  0.0226  0.0227  0.0226  0.0224  0.0223  0.0224
  0.0235  0.0227  0.0231  0.0234  0.0245  0.0230  0.0234  0.0238  0.0233  0.0229  0.0225  0.0228
  0.0251  0.0238  0.0239  0.0260  0.0281  0.0278  0.0247  0.0257  0.0244  0.0240  0.0228  0.0233
registration optimization eta report
parameter search radius
    2.4000    2.4000    2.4000    8.2800    9.5220    8.2800
    7.2000    7.2000    7.2000    7.2000    7.2000    7.2000
100000*second partial in parameter space
       48.       42.       22.        5.        5.        6.
        4.        7.        4.        4.        1.        2.
  0.0251  0.0257  0.0230  0.0252  0.0258  0.0252  0.0246  0.0258  0.0244  0.0253  0.0230  0.0231
  0.0237  0.0241  0.0224  0.0239  0.0241  0.0241  0.0234  0.0238  0.0234  0.0240  0.0226  0.0226
  0.0227  0.0229  0.0222  0.0229  0.0228  0.0231  0.0227  0.0227  0.0227  0.0229  0.0224  0.0224
  0.0223  0.0223  0.0222  0.0222  0.0222  0.0222  0.0224  0.0224  0.0224  0.0224  0.0223  0.0223
  0.0225  0.0222  0.0225  0.0220  0.0225  0.0218  0.0226  0.0227  0.0226  0.0224  0.0223  0.0224
  0.0235  0.0227  0.0231  0.0234  0.0245  0.0230  0.0234  0.0238  0.0233  0.0229  0.0225  0.0228
  0.0251  0.0238  0.0239  0.0260  0.0281  0.0278  0.0247  0.0257  0.0244  0.0240  0.0228  0.0233
   -1.0511   -4.4647    2.6316   -5.6389  -18.7357   -7.0619
   -0.3982    1.5308   -0.6419   19.3926    4.8824  -16.0098
eta,q 0.97771 13.53145

---------------------------------------------------------------------
imgreg_4dfp /opt/freesurfer/average/711-2C_as_mni_average_305 /opt/freesurfer/average/711-2B_as_mni_average_305_mask talsrcimg_g11 none talsrcimg_to_711-2C_as_mni_average_305_t4 2311
---------------------------------------------------------------------

freesurfer imgreg_4dfp.c
/opt/freesurfer/average/711-2C_as_mni_average_305.4dfp.img
       256       256       256         1
  1.000000  1.000000  1.000000
orientation T byte_order littleendian
Reading image: /opt/freesurfer/average/711-2C_as_mni_average_305.4dfp.img
dimensions:      256       256       256
mmppix:       1.0000   -1.0000   -1.0000
center:     128.0000 -129.0000 -129.0000
/opt/freesurfer/average/711-2B_as_mni_average_305_mask.4dfp.img
       256       256       256         1
  1.000000  1.000000  1.000000
orientation T byte_order littleendian
Reading mask: /opt/freesurfer/average/711-2B_as_mni_average_305_mask.4dfp.img (2306576 pixels)
talsrcimg_g11.4dfp.img
       256       256       256         1
  1.000000  1.000000  1.000000
orientation T byte_order littleendian
Reading image: talsrcimg_g11.4dfp.img
dimensions:      256       256       256
mmppix:       1.0000   -1.0000   -1.0000
center:     128.0000 -129.0000 -129.0000
fimgreg.f
image alignment mode   2311 decimal      907 hex
parameters
   -1.0511   -4.4647    2.6316   -5.6389  -18.7357   -7.0619
   -0.3982    1.5308   -0.6419   19.3926    4.8824  -16.0098
eta,q 0.97771 13.53145
niter,ni,del,rscale     5    3    5.0000    0.8000
parameters
   -1.0050   -4.1350    2.2946   -4.4521  -18.3685   -5.2523
   -0.4870    1.7089   -0.7650   20.0909    5.0122  -17.4763
eta,q 0.97848 13.67975
  0.0236  0.0239  0.0225  0.0237  0.0233  0.0236  0.0226  0.0239  0.0225  0.0232  0.0220  0.0217
  0.0229  0.0231  0.0223  0.0231  0.0227  0.0230  0.0221  0.0226  0.0220  0.0224  0.0217  0.0216
  0.0225  0.0226  0.0222  0.0226  0.0222  0.0225  0.0217  0.0219  0.0217  0.0219  0.0216  0.0215
  0.0223  0.0223  0.0222  0.0222  0.0220  0.0220  0.0216  0.0216  0.0216  0.0216  0.0216  0.0216
  0.0224  0.0223  0.0224  0.0220  0.0220  0.0216  0.0217  0.0218  0.0217  0.0216  0.0216  0.0217
  0.0228  0.0225  0.0226  0.0222  0.0223  0.0217  0.0221  0.0224  0.0221  0.0219  0.0217  0.0219
  0.0235  0.0229  0.0230  0.0229  0.0230  0.0224  0.0227  0.0235  0.0226  0.0225  0.0219  0.0221
niter,ni,del,rscale     4    3    5.0000    0.7000
parameters
   -1.2033   -4.3378    2.2377   -4.4448  -18.2294   -5.3856
   -0.2016    1.4769   -0.6514   20.3139    5.5621  -17.4239
eta,q 0.97853 13.69425
  0.0223  0.0221  0.0220  0.0226  0.0223  0.0229  0.0224  0.0229  0.0222  0.0225  0.0218  0.0218
  0.0218  0.0217  0.0217  0.0222  0.0219  0.0224  0.0219  0.0221  0.0218  0.0220  0.0217  0.0216
  0.0216  0.0215  0.0215  0.0218  0.0216  0.0218  0.0216  0.0216  0.0216  0.0216  0.0215  0.0215
  0.0215  0.0215  0.0215  0.0215  0.0215  0.0215  0.0215  0.0215  0.0215  0.0215  0.0215  0.0215
  0.0217  0.0217  0.0216  0.0215  0.0215  0.0215  0.0215  0.0217  0.0215  0.0215  0.0215  0.0215
  0.0222  0.0221  0.0218  0.0219  0.0217  0.0221  0.0218  0.0223  0.0218  0.0218  0.0216  0.0216
  0.0229  0.0226  0.0221  0.0228  0.0223  0.0235  0.0222  0.0233  0.0222  0.0224  0.0217  0.0218
niter,ni,del,rscale     3    3    5.0000    0.6000
parameters
   -1.2622   -4.3246    2.1506   -4.2579  -18.2492   -5.2660
   -0.1276    1.3518   -0.6876   20.3983    5.7297  -17.5951
eta,q 0.97857 13.70506
  0.0222  0.0221  0.0218  0.0224  0.0220  0.0227  0.0221  0.0226  0.0220  0.0222  0.0217  0.0216
  0.0218  0.0218  0.0216  0.0220  0.0217  0.0222  0.0217  0.0219  0.0217  0.0218  0.0215  0.0215
  0.0215  0.0216  0.0215  0.0217  0.0215  0.0217  0.0215  0.0215  0.0215  0.0215  0.0215  0.0214
  0.0215  0.0215  0.0215  0.0215  0.0214  0.0215  0.0214  0.0214  0.0214  0.0214  0.0214  0.0214
  0.0216  0.0215  0.0215  0.0215  0.0215  0.0215  0.0215  0.0216  0.0215  0.0215  0.0215  0.0215
  0.0219  0.0217  0.0217  0.0218  0.0217  0.0218  0.0217  0.0220  0.0217  0.0217  0.0215  0.0216
  0.0224  0.0221  0.0219  0.0224  0.0221  0.0227  0.0220  0.0228  0.0220  0.0221  0.0216  0.0217
niter,ni,del,rscale     2    3    5.0000    0.5000
parameters
   -1.3119   -4.3200    2.1644   -4.1310  -18.2051   -5.0900
   -0.0694    1.2633   -0.7099   20.4054    5.7498  -17.6988
eta,q 0.97859 13.71866
  0.0219  0.0219  0.0217  0.0221  0.0218  0.0224  0.0218  0.0223  0.0218  0.0219  0.0216  0.0216
  0.0217  0.0216  0.0216  0.0218  0.0216  0.0220  0.0216  0.0218  0.0216  0.0216  0.0215  0.0215
  0.0215  0.0215  0.0215  0.0216  0.0215  0.0216  0.0215  0.0215  0.0215  0.0215  0.0214  0.0214
  0.0214  0.0214  0.0214  0.0214  0.0214  0.0214  0.0214  0.0214  0.0214  0.0214  0.0214  0.0214
  0.0215  0.0215  0.0215  0.0214  0.0215  0.0214  0.0214  0.0215  0.0214  0.0215  0.0214  0.0214
  0.0217  0.0216  0.0216  0.0217  0.0216  0.0217  0.0216  0.0218  0.0216  0.0216  0.0215  0.0215
  0.0221  0.0219  0.0217  0.0221  0.0218  0.0223  0.0218  0.0224  0.0218  0.0219  0.0216  0.0216
niter,ni,del,rscale     1    3    5.0000    0.4000
parameters
   -1.3513   -4.3399    2.2154   -4.0207  -18.1670   -4.9282
   -0.0318    1.2114   -0.7057   20.3577    5.7067  -17.7229
eta,q 0.97861 13.73054
  0.0217  0.0217  0.0216  0.0219  0.0216  0.0221  0.0217  0.0220  0.0216  0.0217  0.0215  0.0215
  0.0216  0.0215  0.0215  0.0217  0.0215  0.0218  0.0215  0.0216  0.0215  0.0215  0.0214  0.0214
  0.0214  0.0214  0.0214  0.0215  0.0214  0.0215  0.0214  0.0214  0.0214  0.0214  0.0214  0.0214
  0.0214  0.0214  0.0214  0.0214  0.0214  0.0214  0.0214  0.0214  0.0214  0.0214  0.0214  0.0214
  0.0215  0.0214  0.0214  0.0214  0.0214  0.0214  0.0214  0.0215  0.0214  0.0214  0.0214  0.0214
  0.0216  0.0215  0.0215  0.0216  0.0215  0.0216  0.0215  0.0217  0.0215  0.0215  0.0214  0.0214
  0.0218  0.0217  0.0216  0.0219  0.0216  0.0220  0.0217  0.0220  0.0216  0.0217  0.0215  0.0215
registration optimization eta report
parameter search radius
    0.8000    0.8000    0.8000    2.4000    2.4000    2.4000
    2.4000    2.4000    2.4000    2.4000    2.4000    2.4000
100000*second partial in parameter space
       58.       44.       30.        8.        4.       11.
        5.       10.        4.        6.        2.        2.
  0.0217  0.0217  0.0216  0.0219  0.0216  0.0221  0.0217  0.0220  0.0216  0.0217  0.0215  0.0215
  0.0216  0.0215  0.0215  0.0217  0.0215  0.0218  0.0215  0.0216  0.0215  0.0215  0.0214  0.0214
  0.0214  0.0214  0.0214  0.0215  0.0214  0.0215  0.0214  0.0214  0.0214  0.0214  0.0214  0.0214
  0.0214  0.0214  0.0214  0.0214  0.0214  0.0214  0.0214  0.0214  0.0214  0.0214  0.0214  0.0214
  0.0215  0.0214  0.0214  0.0214  0.0214  0.0214  0.0214  0.0215  0.0214  0.0214  0.0214  0.0214
  0.0216  0.0215  0.0215  0.0216  0.0215  0.0216  0.0215  0.0217  0.0215  0.0215  0.0214  0.0214
  0.0218  0.0217  0.0216  0.0219  0.0216  0.0220  0.0217  0.0220  0.0216  0.0217  0.0215  0.0215
   -1.3513   -4.3399    2.2154   -4.0207  -18.1670   -4.9282
   -0.0318    1.2114   -0.7057   20.3577    5.7067  -17.7229
eta,q 0.97861 13.73054

---------------------------------------------------------------------
imgreg_4dfp /opt/freesurfer/average/711-2C_as_mni_average_305 /opt/freesurfer/average/711-2B_as_mni_average_305_mask talsrcimg_g11 none talsrcimg_to_711-2C_as_mni_average_305_t4 2311
---------------------------------------------------------------------

freesurfer imgreg_4dfp.c
/opt/freesurfer/average/711-2C_as_mni_average_305.4dfp.img
       256       256       256         1
  1.000000  1.000000  1.000000
orientation T byte_order littleendian
Reading image: /opt/freesurfer/average/711-2C_as_mni_average_305.4dfp.img
dimensions:      256       256       256
mmppix:       1.0000   -1.0000   -1.0000
center:     128.0000 -129.0000 -129.0000
/opt/freesurfer/average/711-2B_as_mni_average_305_mask.4dfp.img
       256       256       256         1
  1.000000  1.000000  1.000000
orientation T byte_order littleendian
Reading mask: /opt/freesurfer/average/711-2B_as_mni_average_305_mask.4dfp.img (2306576 pixels)
talsrcimg_g11.4dfp.img
       256       256       256         1
  1.000000  1.000000  1.000000
orientation T byte_order littleendian
Reading image: talsrcimg_g11.4dfp.img
dimensions:      256       256       256
mmppix:       1.0000   -1.0000   -1.0000
center:     128.0000 -129.0000 -129.0000
fimgreg.f
image alignment mode   2311 decimal      907 hex
parameters
   -1.3513   -4.3399    2.2154   -4.0207  -18.1670   -4.9282
   -0.0318    1.2114   -0.7057   20.3577    5.7067  -17.7229
eta,q 0.97861 13.73053
niter,ni,del,rscale     5    3    5.0000    0.8000
parameters
   -1.4026   -4.3847    2.2923   -4.5552  -18.3873   -5.5131
    0.0316    1.1235   -0.6364   20.3172    5.8618  -17.2917
eta,q 0.97848 13.68165
  0.0228  0.0225  0.0223  0.0226  0.0224  0.0231  0.0226  0.0235  0.0225  0.0227  0.0219  0.0220
  0.0220  0.0218  0.0218  0.0221  0.0219  0.0224  0.0220  0.0223  0.0220  0.0221  0.0217  0.0217
  0.0215  0.0215  0.0215  0.0216  0.0216  0.0218  0.0217  0.0217  0.0217  0.0217  0.0216  0.0216
  0.0214  0.0214  0.0214  0.0214  0.0214  0.0214  0.0215  0.0215  0.0215  0.0215  0.0215  0.0215
  0.0216  0.0215  0.0215  0.0216  0.0215  0.0216  0.0216  0.0218  0.0216  0.0216  0.0215  0.0215
  0.0221  0.0219  0.0217  0.0224  0.0219  0.0226  0.0220  0.0224  0.0219  0.0221  0.0217  0.0217
  0.0230  0.0226  0.0221  0.0237  0.0227  0.0251  0.0226  0.0236  0.0224  0.0228  0.0219  0.0218
niter,ni,del,rscale     4    3    5.0000    0.7000
parameters
   -1.3245   -4.2875    2.1497   -4.4072  -18.3443   -5.5001
   -0.0448    1.2181   -0.6979   20.4414    5.9221  -17.4700
eta,q 0.97853 13.68686
  0.0227  0.0225  0.0220  0.0227  0.0223  0.0229  0.0223  0.0232  0.0222  0.0225  0.0218  0.0218
  0.0221  0.0220  0.0217  0.0222  0.0219  0.0224  0.0218  0.0222  0.0218  0.0220  0.0216  0.0216
  0.0217  0.0216  0.0215  0.0218  0.0216  0.0219  0.0216  0.0217  0.0216  0.0216  0.0215  0.0215
  0.0215  0.0215  0.0215  0.0215  0.0215  0.0215  0.0215  0.0215  0.0215  0.0215  0.0215  0.0215
  0.0216  0.0216  0.0216  0.0215  0.0215  0.0215  0.0216  0.0216  0.0216  0.0215  0.0215  0.0215
  0.0219  0.0218  0.0218  0.0219  0.0218  0.0220  0.0219  0.0221  0.0218  0.0219  0.0216  0.0216
  0.0225  0.0223  0.0222  0.0227  0.0223  0.0233  0.0224  0.0230  0.0222  0.0224  0.0218  0.0218
niter,ni,del,rscale     3    3    5.0000    0.6000
parameters
   -1.3142   -4.2744    2.1049   -4.2438  -18.3105   -5.3176
   -0.0481    1.2298   -0.7245   20.4954    5.9150  -17.6645
eta,q 0.97856 13.70111
  0.0223  0.0221  0.0219  0.0224  0.0220  0.0227  0.0220  0.0227  0.0220  0.0222  0.0217  0.0216
  0.0219  0.0218  0.0216  0.0220  0.0217  0.0222  0.0217  0.0220  0.0217  0.0218  0.0215  0.0215
  0.0216  0.0216  0.0215  0.0217  0.0215  0.0218  0.0215  0.0216  0.0215  0.0215  0.0215  0.0215
  0.0215  0.0215  0.0215  0.0215  0.0215  0.0215  0.0214  0.0214  0.0214  0.0214  0.0214  0.0214
  0.0216  0.0215  0.0215  0.0215  0.0215  0.0215  0.0215  0.0216  0.0215  0.0215  0.0215  0.0215
  0.0218  0.0217  0.0217  0.0218  0.0217  0.0218  0.0217  0.0220  0.0217  0.0217  0.0215  0.0216
  0.0223  0.0221  0.0219  0.0224  0.0221  0.0227  0.0221  0.0227  0.0220  0.0222  0.0217  0.0217
niter,ni,del,rscale     2    3    5.0000    0.5000
parameters
   -1.3380   -4.2878    2.1310   -4.1173  -18.2639   -5.1257
   -0.0333    1.2014   -0.7333   20.4850    5.8642  -17.7573
eta,q 0.97859 13.71542
  0.0220  0.0219  0.0218  0.0221  0.0218  0.0224  0.0218  0.0223  0.0218  0.0219  0.0216  0.0216
  0.0217  0.0216  0.0216  0.0218  0.0216  0.0220  0.0216  0.0218  0.0216  0.0216  0.0215  0.0215
  0.0215  0.0215  0.0215  0.0216  0.0215  0.0216  0.0215  0.0215  0.0215  0.0215  0.0214  0.0214
  0.0214  0.0214  0.0214  0.0214  0.0214  0.0214  0.0214  0.0214  0.0214  0.0214  0.0214  0.0214
  0.0215  0.0215  0.0215  0.0214  0.0215  0.0214  0.0214  0.0215  0.0214  0.0215  0.0214  0.0214
  0.0217  0.0216  0.0216  0.0217  0.0216  0.0217  0.0216  0.0218  0.0216  0.0216  0.0215  0.0215
  0.0220  0.0219  0.0217  0.0221  0.0218  0.0223  0.0218  0.0223  0.0218  0.0219  0.0216  0.0216
niter,ni,del,rscale     1    3    5.0000    0.4000
parameters
   -1.3666   -4.3174    2.1884   -4.0148  -18.2042   -4.9527
   -0.0100    1.1788   -0.7201   20.4110    5.7771  -17.7747
eta,q 0.97861 13.72833
  0.0218  0.0217  0.0216  0.0219  0.0217  0.0221  0.0217  0.0220  0.0216  0.0217  0.0215  0.0215
  0.0216  0.0215  0.0215  0.0217  0.0215  0.0218  0.0215  0.0216  0.0215  0.0215  0.0214  0.0214
  0.0214  0.0214  0.0214  0.0215  0.0214  0.0215  0.0214  0.0215  0.0214  0.0214  0.0214  0.0214
  0.0214  0.0214  0.0214  0.0214  0.0214  0.0214  0.0214  0.0214  0.0214  0.0214  0.0214  0.0214
  0.0215  0.0214  0.0214  0.0214  0.0214  0.0214  0.0214  0.0215  0.0214  0.0214  0.0214  0.0214
  0.0216  0.0215  0.0215  0.0216  0.0215  0.0216  0.0215  0.0217  0.0215  0.0216  0.0214  0.0214
  0.0218  0.0217  0.0216  0.0219  0.0216  0.0220  0.0217  0.0220  0.0216  0.0217  0.0215  0.0215
registration optimization eta report
parameter search radius
    0.8000    0.8000    0.8000    2.4000    2.4000    2.4000
    2.4000    2.4000    2.4000    2.4000    2.4000    2.4000
100000*second partial in parameter space
       59.       43.       31.        8.        4.       11.
        5.       10.        4.        6.        2.        2.
  0.0218  0.0217  0.0216  0.0219  0.0217  0.0221  0.0217  0.0220  0.0216  0.0217  0.0215  0.0215
  0.0216  0.0215  0.0215  0.0217  0.0215  0.0218  0.0215  0.0216  0.0215  0.0215  0.0214  0.0214
  0.0214  0.0214  0.0214  0.0215  0.0214  0.0215  0.0214  0.0215  0.0214  0.0214  0.0214  0.0214
  0.0214  0.0214  0.0214  0.0214  0.0214  0.0214  0.0214  0.0214  0.0214  0.0214  0.0214  0.0214
  0.0215  0.0214  0.0214  0.0214  0.0214  0.0214  0.0214  0.0215  0.0214  0.0214  0.0214  0.0214
  0.0216  0.0215  0.0215  0.0216  0.0215  0.0216  0.0215  0.0217  0.0215  0.0216  0.0214  0.0214
  0.0218  0.0217  0.0216  0.0219  0.0216  0.0220  0.0217  0.0220  0.0216  0.0217  0.0215  0.0215
   -1.3666   -4.3174    2.1884   -4.0148  -18.2042   -4.9527
   -0.0100    1.1788   -0.7201   20.4110    5.7771  -17.7747
eta,q 0.97861 13.72833

---------------------------------------------------------------------
compute_vox2vox talsrcimg talsrcimg_to_711-2C_as_mni_average_305_t4 /opt/freesurfer/average/711-2C_as_mni_average_305
---------------------------------------------------------------------

freesurfer compute_vox2vox.c
Reading: talsrcimg.4dfp.ifh
Reading: talsrcimg_to_711-2C_as_mni_average_305_t4
Reading: /opt/freesurfer/average/711-2C_as_mni_average_305.4dfp.ifh
Writing: talsrcimg_to_711-2C_as_mni_average_305_t4_vox2vox.txt

start time Wed Mar 11 10:32:41 CET 2026
end		time Wed Mar 11 10:34:07 CET 2026

mpr2mni305 success

avi2talxfm orig_nu.mgz /opt/freesurfer/average/mni305.cor.mgz talsrcimg_to_711-2C_as_mni_average_305_t4_vox2vox.txt transforms/talairach.auto.xfm
avi2talxfm done
mv -f /out/sourcedata/freesurfer/sub-v2s16x51243_ses-1/mri/talsrcimg_to_711-2C_as_mni_average_305_t4_vox2vox.txt /out/sourcedata/freesurfer/sub-v2s16x51243_ses-1/mri/transforms/talsrcimg_to_711-2C_as_mni_average_305_t4_vox2vox.txt
lta_convert --src orig_nu.mgz --trg /opt/freesurfer/average/mni305.cor.mgz --inxfm transforms/talairach.auto.xfm --outlta transforms/talairach.auto.xfm.lta --subject fsaverage
7.3.2

--src: orig_nu.mgz src image (geometry).
--trg: /opt/freesurfer/average/mni305.cor.mgz trg image (geometry).
--inmni: transforms/talairach.auto.xfm input MNI/XFM transform.
--outlta: transforms/talairach.auto.xfm.lta output LTA.
--s: fsaverage subject name
 LTA read, type : 1
 1.04255  -0.01238  -0.00256   2.69836;
-0.05890   1.00590   0.21858  -22.09857;
 0.02388  -0.25112   1.16799   7.27223;
 0.00000   0.00000   0.00000   1.00000;
setting subject to fsaverage
Writing  LTA to file transforms/talairach.auto.xfm.lta...
lta_convert successful.
 
 
Started at Wed Mar 11 10:32:41 CET 2026
Ended   at Wed Mar 11 10:34:07 CET 2026
talairach_avi done
