status file for recon-all
Wed Mar 11 10:38:27 CET 2026
#@# MotionCor Wed Mar 11 10:38:29 CET 2026
#@# Talairach Wed Mar 11 10:38:37 CET 2026
#@# Talairach Failure Detection Wed Mar 11 10:42:59 CET 2026
#@# Nu Intensity Correction Wed Mar 11 10:42:59 CET 2026
#@# Intensity Normalization Wed Mar 11 10:46:15 CET 2026
recon-all -s sub-v2s16x51244_ses-1 finished without error at Wed Mar 11 10:47:38 CET 2026



#New# invocation of recon-all 



status file for recon-all
Wed Mar 11 10:54:47 CET 2026
#@# EM Registration Wed Mar 11 10:54:47 CET 2026
recon-all -s sub-v2s16x51244_ses-1 finished without error at Wed Mar 11 10:56:38 CET 2026



#New# invocation of recon-all 



status file for recon-all
Wed Mar 11 10:56:41 CET 2026
#@# CA Normalize Wed Mar 11 10:56:41 CET 2026
#@# CA Reg Wed Mar 11 10:58:01 CET 2026
#@# SubCort Seg Wed Mar 11 11:50:53 CET 2026
#@# CC Seg Wed Mar 11 12:17:36 CET 2026
#@# Merge ASeg Wed Mar 11 12:18:09 CET 2026
#@# Intensity Normalization2 Wed Mar 11 12:18:09 CET 2026
#@# Mask BFS Wed Mar 11 12:20:18 CET 2026
#@# WM Segmentation Wed Mar 11 12:20:19 CET 2026
#@# Fill Wed Mar 11 12:22:12 CET 2026
recon-all -s sub-v2s16x51244_ses-1 finished without error at Wed Mar 11 12:23:14 CET 2026



#New# invocation of recon-all 



status file for recon-all
Wed Mar 11 13:03:15 CET 2026
#@# white curv lh Wed Mar 11 13:03:15 CET 2026
#@# white area lh Wed Mar 11 13:03:15 CET 2026
#@# pial curv lh Wed Mar 11 13:03:15 CET 2026
#@# pial area lh Wed Mar 11 13:03:15 CET 2026
#@# thickness lh Wed Mar 11 13:03:15 CET 2026
#@# area and vertex vol lh Wed Mar 11 13:03:15 CET 2026
#@# white curv rh Wed Mar 11 13:03:15 CET 2026
#@# white area rh Wed Mar 11 13:03:15 CET 2026
#@# pial curv rh Wed Mar 11 13:03:15 CET 2026
#@# pial area rh Wed Mar 11 13:03:15 CET 2026
#@# thickness rh Wed Mar 11 13:03:15 CET 2026
#@# area and vertex vol rh Wed Mar 11 13:03:15 CET 2026
#@# Cortical ribbon mask Wed Mar 11 13:03:15 CET 2026
recon-all -s sub-v2s16x51244_ses-1 finished without error at Wed Mar 11 13:08:29 CET 2026



#New# invocation of recon-all 



status file for recon-all
Wed Mar 11 13:13:57 CET 2026
#@# white curv lh Wed Mar 11 13:13:57 CET 2026
#@# white area lh Wed Mar 11 13:13:57 CET 2026
#@# pial curv lh Wed Mar 11 13:13:57 CET 2026
#@# pial area lh Wed Mar 11 13:13:57 CET 2026
#@# thickness lh Wed Mar 11 13:13:57 CET 2026
#@# area and vertex vol lh Wed Mar 11 13:13:57 CET 2026
#@# white curv rh Wed Mar 11 13:13:57 CET 2026
#@# white area rh Wed Mar 11 13:13:57 CET 2026
#@# pial curv rh Wed Mar 11 13:13:57 CET 2026
#@# pial area rh Wed Mar 11 13:13:57 CET 2026
#@# thickness rh Wed Mar 11 13:13:57 CET 2026
#@# area and vertex vol rh Wed Mar 11 13:13:57 CET 2026
#@# Curvature Stats lh Wed Mar 11 13:13:57 CET 2026
#@# Curvature Stats rh Wed Mar 11 13:13:59 CET 2026
#@# Relabel Hypointensities Wed Mar 11 13:14:01 CET 2026
#@# APas-to-ASeg Wed Mar 11 13:14:16 CET 2026
#@# AParc-to-ASeg aparc Wed Mar 11 13:14:23 CET 2026
#@# AParc-to-ASeg aparc.a2009s Wed Mar 11 13:14:58 CET 2026
#@# AParc-to-ASeg aparc.DKTatlas Wed Mar 11 13:15:34 CET 2026
#@# WMParc Wed Mar 11 13:16:10 CET 2026
#@# ASeg Stats Wed Mar 11 13:20:46 CET 2026
recon-all -s sub-v2s16x51244_ses-1 finished without error at Wed Mar 11 13:21:25 CET 2026
