status file for recon-all
Wed Mar 11 12:23:17 CET 2026
#@# Tessellate lh Wed Mar 11 12:23:17 CET 2026
#@# Smooth1 lh Wed Mar 11 12:23:21 CET 2026
#@# Inflation1 lh Wed Mar 11 12:23:23 CET 2026
#@# QSphere lh Wed Mar 11 12:23:35 CET 2026
#@# Fix Topology lh Wed Mar 11 12:24:30 CET 2026
#@# Smooth2 lh Wed Mar 11 12:29:45 CET 2026
#@# Inflation2 lh Wed Mar 11 12:29:47 CET 2026
#@# Curv .H and .K lh Wed Mar 11 12:30:00 CET 2026
#@# Sphere lh Wed Mar 11 12:30:40 CET 2026
#@# Surf Reg lh Wed Mar 11 12:32:37 CET 2026
#@# Jacobian white lh Wed Mar 11 12:35:45 CET 2026
#@# AvgCurv lh Wed Mar 11 12:35:46 CET 2026
#@# Cortical Parc lh Wed Mar 11 12:35:46 CET 2026
#@# white curv lh Wed Mar 11 12:41:46 CET 2026
#@# white area lh Wed Mar 11 12:41:47 CET 2026
#@# pial curv lh Wed Mar 11 12:41:48 CET 2026
#@# pial area lh Wed Mar 11 12:41:49 CET 2026
#@# thickness lh Wed Mar 11 12:41:50 CET 2026
#@# area and vertex vol lh Wed Mar 11 12:42:16 CET 2026
#@# Curvature Stats lh Wed Mar 11 12:42:17 CET 2026
#@# Cortical Parc 2 lh Wed Mar 11 12:42:19 CET 2026
#@# Cortical Parc 3 lh Wed Mar 11 12:42:31 CET 2026
#@# WM/GM Contrast lh Wed Mar 11 12:42:40 CET 2026
recon-all -s sub-v2s16x51244_ses-1 finished without error at Wed Mar 11 12:42:42 CET 2026



#New# invocation of recon-all 



status file for recon-all
Wed Mar 11 13:08:33 CET 2026
#@# white curv lh Wed Mar 11 13:08:33 CET 2026
#@# white area lh Wed Mar 11 13:08:33 CET 2026
#@# pial curv lh Wed Mar 11 13:08:33 CET 2026
#@# pial area lh Wed Mar 11 13:08:33 CET 2026
#@# thickness lh Wed Mar 11 13:08:33 CET 2026
#@# area and vertex vol lh Wed Mar 11 13:08:33 CET 2026
#@# Parcellation Stats lh Wed Mar 11 13:08:33 CET 2026
#@# Parcellation Stats 2 lh Wed Mar 11 13:08:48 CET 2026
#@# Parcellation Stats 3 lh Wed Mar 11 13:08:56 CET 2026
#@# BA_exvivo Labels lh Wed Mar 11 13:09:03 CET 2026
recon-all -s sub-v2s16x51244_ses-1 finished without error at Wed Mar 11 13:11:14 CET 2026
