status file for recon-all
Wed Mar 11 12:42:45 CET 2026
#@# Tessellate rh Wed Mar 11 12:42:45 CET 2026
#@# Smooth1 rh Wed Mar 11 12:42:48 CET 2026
#@# Inflation1 rh Wed Mar 11 12:42:51 CET 2026
#@# QSphere rh Wed Mar 11 12:43:02 CET 2026
#@# Fix Topology rh Wed Mar 11 12:43:56 CET 2026
#@# Smooth2 rh Wed Mar 11 12:49:15 CET 2026
#@# Inflation2 rh Wed Mar 11 12:49:17 CET 2026
#@# Curv .H and .K rh Wed Mar 11 12:49:29 CET 2026
#@# Sphere rh Wed Mar 11 12:50:09 CET 2026
#@# Surf Reg rh Wed Mar 11 12:52:11 CET 2026
#@# Jacobian white rh Wed Mar 11 12:56:16 CET 2026
#@# AvgCurv rh Wed Mar 11 12:56:17 CET 2026
#@# Cortical Parc rh Wed Mar 11 12:56:18 CET 2026
#@# white curv rh Wed Mar 11 13:02:18 CET 2026
#@# white area rh Wed Mar 11 13:02:19 CET 2026
#@# pial curv rh Wed Mar 11 13:02:20 CET 2026
#@# pial area rh Wed Mar 11 13:02:21 CET 2026
#@# thickness rh Wed Mar 11 13:02:22 CET 2026
#@# area and vertex vol rh Wed Mar 11 13:02:46 CET 2026
#@# Curvature Stats rh Wed Mar 11 13:02:47 CET 2026
#@# Cortical Parc 2 rh Wed Mar 11 13:02:49 CET 2026
#@# Cortical Parc 3 rh Wed Mar 11 13:03:00 CET 2026
#@# WM/GM Contrast rh Wed Mar 11 13:03:08 CET 2026
recon-all -s sub-v2s16x51244_ses-1 finished without error at Wed Mar 11 13:03:11 CET 2026



#New# invocation of recon-all 



status file for recon-all
Wed Mar 11 13:11:17 CET 2026
#@# white curv rh Wed Mar 11 13:11:17 CET 2026
#@# white area rh Wed Mar 11 13:11:17 CET 2026
#@# pial curv rh Wed Mar 11 13:11:17 CET 2026
#@# pial area rh Wed Mar 11 13:11:17 CET 2026
#@# thickness rh Wed Mar 11 13:11:17 CET 2026
#@# area and vertex vol rh Wed Mar 11 13:11:17 CET 2026
#@# Parcellation Stats rh Wed Mar 11 13:11:17 CET 2026
#@# Parcellation Stats 2 rh Wed Mar 11 13:11:31 CET 2026
#@# Parcellation Stats 3 rh Wed Mar 11 13:11:38 CET 2026
#@# BA_exvivo Labels rh Wed Mar 11 13:11:45 CET 2026
recon-all -s sub-v2s16x51244_ses-1 finished without error at Wed Mar 11 13:13:54 CET 2026
