/out/sourcedata/freesurfer/sub-v2s16x51274_ses-1/mri
/opt/freesurfer/bin/talairach_avi
--i orig_nu.mgz --xfm transforms/talairach.auto.xfm
talairach_avi 7.3.2
Linux dna048 5.14.0-427.37.1.el9_4.x86_64 #1 SMP PREEMPT_DYNAMIC Fri Sep 13 12:41:50 EDT 2024 x86_64 x86_64 x86_64 GNU/Linux
Wed Mar 11 11:09:08 CET 2026
mri_convert orig_nu.mgz talsrcimg.img 
reading from orig_nu.mgz...
TR=0.00, TE=0.00, TI=0.00, flip angle=0.00
i_ras = (-1, 0, 0)
j_ras = (0, 0, -1)
k_ras = (0, 1, 0)
writing to talsrcimg.img...
Analyze Output Matrix
-1.00000   0.00000   0.00000   129.59985;
 0.00000   0.00000   1.00000  -124.37334;
 0.00000  -1.00000   0.00000   121.52542;
 0.00000   0.00000   0.00000   1.00000;
--------------------
INFO: set hdr.hist.orient to -1
mpr2mni305 talsrcimg
Wed Mar 11 11:09:08 CET 2026
/opt/freesurfer/bin/mpr2mni305 talsrcimg
mpr2mni305 7.3.2
target=711-2C_as_mni_average_305

---------------------------------------------------------------------
analyzeto4dfp talsrcimg -O0 -y
---------------------------------------------------------------------

freesurfer ifh2hdr.c
Wed Mar 11 11:09:08 2026
Writing: talsrcimg.4dfp.hdr
freesurfer analyzeto4dfp.c
Reading: talsrcimg.hdr
header size 348 bytes
hdr.dime.datatype	offset=70	value=2
hdr.dime.bitpix		offset=72	value=8
hdr.hist.orient		offset=252	value=-1
dimensionality     4
dimensions       256       256       256         1
Reading: talsrcimg.img
Writing: talsrcimg.4dfp.img
Writing: talsrcimg.4dfp.ifh
ifh2hdr talsrcimg -r0to171
ori=2

---------------------------------------------------------------------
gauss_4dfp talsrcimg 1.1
---------------------------------------------------------------------

freesurfer gauss_4dfp.c
Reading: talsrcimg.4dfp.img
Writing: talsrcimg_g11.4dfp.img
image dimensions 256 256 256 padded to 288 288 288
processing volume 1freesurfer ifh2hdr.c
Wed Mar 11 11:09:10 2026
Writing: talsrcimg_g11.4dfp.hdr

Writing: talsrcimg_g11.4dfp.ifh
including: talsrcimg.4dfp.img.rec in talsrcimg_g11.4dfp.img.rec

---------------------------------------------------------------------
imgreg_4dfp /opt/freesurfer/average/711-2C_as_mni_average_305 none talsrcimg_g11 none talsrcimg_to_711-2C_as_mni_average_305_t4 4355
---------------------------------------------------------------------

freesurfer imgreg_4dfp.c
/opt/freesurfer/average/711-2C_as_mni_average_305.4dfp.img
       256       256       256         1
  1.000000  1.000000  1.000000
orientation T byte_order littleendian
Reading image: /opt/freesurfer/average/711-2C_as_mni_average_305.4dfp.img
dimensions:      256       256       256
mmppix:       1.0000   -1.0000   -1.0000
center:     128.0000 -129.0000 -129.0000
talsrcimg_g11.4dfp.img
       256       256       256         1
  1.000000  1.000000  1.000000
orientation T byte_order littleendian
Reading image: talsrcimg_g11.4dfp.img
dimensions:      256       256       256
mmppix:       1.0000   -1.0000   -1.0000
center:     128.0000 -129.0000 -129.0000
t4_read: open error in t4_sub.f l:  41 t4_file(1:l)talsrcimg_to_711-2C_as_mni_average_305_t4 
t4_read: transform initialized to I4
rotation matrix determinant  1.000000
image alignment mode   4355 decimal     1103 hex
   -7.5000  -45.0000  -45.0000 8226.3838   14.7649
    0.0000  -45.0000  -45.0000 8578.3486   14.7863
    7.5000  -45.0000  -45.0000 8218.1172   14.7578
   -7.5000  -37.5000  -45.0000 8738.3145   14.4672
    0.0000  -37.5000  -45.0000 9125.5996   14.4888
    7.5000  -37.5000  -45.0000 8729.4570   14.4576
   -7.5000  -30.0000  -45.0000 9576.9512   14.2209
    0.0000  -30.0000  -45.000010004.9834   14.2466
    7.5000  -30.0000  -45.0000 9580.2656   14.2136
   -7.5000  -22.5000  -45.000010381.7031   14.0113
    0.0000  -22.5000  -45.000010845.4824   14.0400
    7.5000  -22.5000  -45.000010396.5635   14.0086
   -7.5000  -15.0000  -45.000011119.8213   13.8380
    0.0000  -15.0000  -45.000011637.5518   13.8672
    7.5000  -15.0000  -45.000011148.2354   13.8400
   -7.5000   -7.5000  -45.000011826.9814   13.6679
    0.0000   -7.5000  -45.000012380.8291   13.6952
    7.5000   -7.5000  -45.000011848.9570   13.6711
   -7.5000    0.0000  -45.000012485.5234   13.5283
    0.0000    0.0000  -45.000013085.5566   13.5527
    7.5000    0.0000  -45.000012490.3594   13.5284
   -7.5000    7.5000  -45.000012268.3799   13.5379
    0.0000    7.5000  -45.000012866.1729   13.5624
    7.5000    7.5000  -45.000012273.1855   13.5345
   -7.5000   15.0000  -45.000011918.7930   13.5949
    0.0000   15.0000  -45.000012499.3779   13.6232
    7.5000   15.0000  -45.000011925.6719   13.5931
   -7.5000   22.5000  -45.000011453.7656   13.7788
    0.0000   22.5000  -45.000011994.7158   13.8094
    7.5000   22.5000  -45.000011433.5811   13.7791
   -7.5000   30.0000  -45.000010952.0479   13.8003
    0.0000   30.0000  -45.000011472.4873   13.8305
    7.5000   30.0000  -45.000010902.6104   13.8031
   -7.5000   37.5000  -45.000010712.9814   13.9029
    0.0000   37.5000  -45.000011224.3691   13.9308
    7.5000   37.5000  -45.000010649.4717   13.9059
   -7.5000   45.0000  -45.0000 9976.9854   13.6961
    0.0000   45.0000  -45.000010448.8750   13.7197
    7.5000   45.0000  -45.0000 9899.1084   13.6944
   -7.5000  -45.0000  -37.5000 8655.8643   14.5678
    0.0000  -45.0000  -37.5000 9016.1797   14.5904
    7.5000  -45.0000  -37.5000 8625.7568   14.5659
   -7.5000  -37.5000  -37.5000 9219.8574   14.2693
    0.0000  -37.5000  -37.5000 9610.5205   14.2934
    7.5000  -37.5000  -37.5000 9193.0137   14.2686
   -7.5000  -30.0000  -37.500010121.4014   14.0226
    0.0000  -30.0000  -37.500010568.3887   14.0515
    7.5000  -30.0000  -37.500010114.4365   14.0257
   -7.5000  -22.5000  -37.500010964.9980   13.8144
    0.0000  -22.5000  -37.500011448.4395   13.8456
    7.5000  -22.5000  -37.500010962.1123   13.8197
   -7.5000  -15.0000  -37.500011755.1240   13.6417
    0.0000  -15.0000  -37.500012286.1504   13.6723
    7.5000  -15.0000  -37.500011760.6680   13.6479
   -7.5000   -7.5000  -37.500012486.9600   13.4697
    0.0000   -7.5000  -37.500013036.7432   13.4978
    7.5000   -7.5000  -37.500012476.7432   13.4757
   -7.5000    0.0000  -37.500013146.7627   13.3277
    0.0000    0.0000  -37.500013739.7461   13.3533
    7.5000    0.0000  -37.500013128.4541   13.3325
   -7.5000    7.5000  -37.500012884.5918   13.3356
    0.0000    7.5000  -37.500013472.2051   13.3623
    7.5000    7.5000  -37.500012892.5508   13.3402
   -7.5000   15.0000  -37.500012521.7910   13.3919
    0.0000   15.0000  -37.500013104.9639   13.4230
    7.5000   15.0000  -37.500012534.1875   13.3995
   -7.5000   22.5000  -37.500012028.6709   13.5732
    0.0000   22.5000  -37.500012593.1094   13.6061
    7.5000   22.5000  -37.500012006.1748   13.5810
   -7.5000   30.0000  -37.500011499.9697   13.5940
    0.0000   30.0000  -37.500012046.4873   13.6254
    7.5000   30.0000  -37.500011451.2139   13.6010
   -7.5000   37.5000  -37.500011257.4395   13.6899
    0.0000   37.5000  -37.500011801.1777   13.7185
    7.5000   37.5000  -37.500011200.0264   13.6961
   -7.5000   45.0000  -37.500010474.8252   13.4815
    0.0000   45.0000  -37.500010957.8770   13.5062
    7.5000   45.0000  -37.500010406.2441   13.4850
   -7.5000  -45.0000  -30.0000 9236.8379   15.0438
    0.0000  -45.0000  -30.0000 9624.3809   15.0709
    7.5000  -45.0000  -30.0000 9212.5264   15.0498
   -7.5000  -37.5000  -30.0000 9880.3984   14.7284
    0.0000  -37.5000  -30.000010297.4893   14.7569
    7.5000  -37.5000  -30.0000 9840.9395   14.7376
   -7.5000  -30.0000  -30.000010864.5215   14.4649
    0.0000  -30.0000  -30.000011332.9961   14.4984
    7.5000  -30.0000  -30.000010828.2246   14.4794
   -7.5000  -22.5000  -30.000011748.2969   14.2446
    0.0000  -22.5000  -30.000012260.4326   14.2803
    7.5000  -22.5000  -30.000011718.9102   14.2604
   -7.5000  -15.0000  -30.000012606.3125   14.0651
    0.0000  -15.0000  -30.000013152.1338   14.1000
    7.5000  -15.0000  -30.000012575.9062   14.0794
   -7.5000   -7.5000  -30.000013406.0518   13.8877
    0.0000   -7.5000  -30.000013952.9902   13.9201
    7.5000   -7.5000  -30.000013357.9023   13.9006
   -7.5000    0.0000  -30.000014103.6650   13.7395
    0.0000    0.0000  -30.000014697.5781   13.7694
    7.5000    0.0000  -30.000014073.0127   13.7517
   -7.5000    7.5000  -30.000013816.0752   13.7453
    0.0000    7.5000  -30.000014390.2363   13.7761
    7.5000    7.5000  -30.000013809.0098   13.7590
   -7.5000   15.0000  -30.000013419.7012   13.7999
    0.0000   15.0000  -30.000014001.7061   13.8350
    7.5000   15.0000  -30.000013424.7070   13.8178
   -7.5000   22.5000  -30.000012868.2637   13.9828
    0.0000   22.5000  -30.000013444.2900   14.0197
    7.5000   22.5000  -30.000012847.4082   14.0004
   -7.5000   30.0000  -30.000012283.2002   14.0081
    0.0000   30.0000  -30.000012823.9697   14.0432
    7.5000   30.0000  -30.000012236.5400   14.0228
   -7.5000   37.5000  -30.000012006.2988   14.1063
    0.0000   37.5000  -30.000012541.7207   14.1386
    7.5000   37.5000  -30.000011960.1230   14.1190
   -7.5000   45.0000  -30.000011170.5146   13.8985
    0.0000   45.0000  -30.000011647.0352   13.9271
    7.5000   45.0000  -30.000011107.0400   13.9093
   -7.5000  -45.0000  -22.5000 9892.7324   15.4236
    0.0000  -45.0000  -22.500010312.4160   15.4538
    7.5000  -45.0000  -22.5000 9843.8896   15.4337
   -7.5000  -37.5000  -22.500010584.1895   15.0941
    0.0000  -37.5000  -22.500011033.5420   15.1246
    7.5000  -37.5000  -22.500010521.0137   15.1057
   -7.5000  -30.0000  -22.500011646.6016   14.8151
    0.0000  -30.0000  -22.500012135.3945   14.8498
    7.5000  -30.0000  -22.500011580.2793   14.8318
   -7.5000  -22.5000  -22.500012596.9346   14.5819
    0.0000  -22.5000  -22.500013106.7100   14.6195
    7.5000  -22.5000  -22.500012526.4150   14.6015
   -7.5000  -15.0000  -22.500013520.9814   14.3946
    0.0000  -15.0000  -22.500014056.0684   14.4328
    7.5000  -15.0000  -22.500013442.6260   14.4146
   -7.5000   -7.5000  -22.500014362.3730   14.2136
    0.0000   -7.5000  -22.500014910.6338   14.2496
    7.5000   -7.5000  -22.500014276.4238   14.2320
   -7.5000    0.0000  -22.500015119.1045   14.0618
    0.0000    0.0000  -22.500015711.2178   14.0946
    7.5000    0.0000  -22.500015052.5176   14.0778
   -7.5000    7.5000  -22.500014795.6035   14.0663
    0.0000    7.5000  -22.500015379.2109   14.0990
    7.5000    7.5000  -22.500014753.8984   14.0824
   -7.5000   15.0000  -22.500014352.0225   14.1183
    0.0000   15.0000  -22.500014940.4463   14.1546
    7.5000   15.0000  -22.500014338.2129   14.1383
   -7.5000   22.5000  -22.500013734.2891   14.3007
    0.0000   22.5000  -22.500014303.2168   14.3393
    7.5000   22.5000  -22.500013704.1318   14.3220
   -7.5000   30.0000  -22.500013062.7783   14.3298
    0.0000   30.0000  -22.500013600.2109   14.3679
    7.5000   30.0000  -22.500013030.0967   14.3499
   -7.5000   37.5000  -22.500012802.4570   14.4313
    0.0000   37.5000  -22.500013316.5371   14.4669
    7.5000   37.5000  -22.500012759.3203   14.4490
   -7.5000   45.0000  -22.500011905.0098   14.2277
    0.0000   45.0000  -22.500012376.8291   14.2590
    7.5000   45.0000  -22.500011874.6543   14.2420
   -7.5000  -45.0000  -15.000010560.3447   15.6334
    0.0000  -45.0000  -15.000011014.6201   15.6644
    7.5000  -45.0000  -15.000010496.2168   15.6427
   -7.5000  -37.5000  -15.000011308.2168   15.2962
    0.0000  -37.5000  -15.000011788.6152   15.3262
    7.5000  -37.5000  -15.000011218.3652   15.3033
   -7.5000  -30.0000  -15.000012429.8467   15.0089
    0.0000  -30.0000  -15.000012946.9160   15.0423
    7.5000  -30.0000  -15.000012351.3662   15.0197
   -7.5000  -22.5000  -15.000013429.5156   14.7664
    0.0000  -22.5000  -15.000013974.2861   14.8031
    7.5000  -22.5000  -15.000013353.7695   14.7820
   -7.5000  -15.0000  -15.000014416.5215   14.5706
    0.0000  -15.0000  -15.000014995.7783   14.6093
    7.5000  -15.0000  -15.000014338.9639   14.5902
   -7.5000   -7.5000  -15.000015301.2656   14.3836
    0.0000   -7.5000  -15.000015893.0244   14.4206
    7.5000   -7.5000  -15.000015202.3877   14.4030
   -7.5000    0.0000  -15.000016083.6768   14.2281
    0.0000    0.0000  -15.000016710.2148   14.2615
    7.5000    0.0000  -15.000015984.7070   14.2436
   -7.5000    7.5000  -15.000015740.2666   14.2336
    0.0000    7.5000  -15.000016357.4258   14.2659
    7.5000    7.5000  -15.000015683.6709   14.2461
   -7.5000   15.0000  -15.000015298.1387   14.2860
    0.0000   15.0000  -15.000015922.0059   14.3212
    7.5000   15.0000  -15.000015256.7715   14.3010
   -7.5000   22.5000  -15.000014648.2764   14.4677
    0.0000   22.5000  -15.000015245.1680   14.5055
    7.5000   22.5000  -15.000014614.0146   14.4855
   -7.5000   30.0000  -15.000013881.6543   14.4980
    0.0000   30.0000  -15.000014447.1836   14.5366
    7.5000   30.0000  -15.000013866.1045   14.5177
   -7.5000   37.5000  -15.000013619.9717   14.5982
    0.0000   37.5000  -15.000014138.9854   14.6349
    7.5000   37.5000  -15.000013591.7607   14.6167
   -7.5000   45.0000  -15.000012666.4277   14.3979
    0.0000   45.0000  -15.000013141.4287   14.4299
    7.5000   45.0000  -15.000012646.8965   14.4113
   -7.5000  -45.0000   -7.500011247.7695   15.6585
    0.0000  -45.0000   -7.500011732.5977   15.6877
    7.5000  -45.0000   -7.500011168.1406   15.6634
   -7.5000  -37.5000   -7.500012034.8213   15.3206
    0.0000  -37.5000   -7.500012560.8633   15.3491
    7.5000  -37.5000   -7.500011947.9238   15.3219
   -7.5000  -30.0000   -7.500013216.2842   15.0345
    0.0000  -30.0000   -7.500013784.3643   15.0661
    7.5000  -30.0000   -7.500013150.3906   15.0380
   -7.5000  -22.5000   -7.500014288.8203   14.7892
    0.0000  -22.5000   -7.500014917.5977   14.8241
    7.5000  -22.5000   -7.500014243.2471   14.7983
   -7.5000  -15.0000   -7.500015336.7695   14.5860
    0.0000  -15.0000   -7.500016000.6992   14.6225
    7.5000  -15.0000   -7.500015277.5000   14.6009
   -7.5000   -7.5000   -7.500016294.8418   14.3903
    0.0000   -7.5000   -7.500016966.5332   14.4254
    7.5000   -7.5000   -7.500016190.9346   14.4064
   -7.5000    0.0000   -7.500017122.4883   14.2306
    0.0000    0.0000   -7.500017822.8926   14.2624
    7.5000    0.0000   -7.500017005.1289   14.2426
   -7.5000    7.5000   -7.500016751.4980   14.2389
    0.0000    7.5000   -7.500017453.7969   14.2699
    7.5000    7.5000   -7.500016677.8652   14.2465
   -7.5000   15.0000   -7.500016313.0303   14.2956
    0.0000   15.0000   -7.500017005.1348   14.3296
    7.5000   15.0000   -7.500016258.4355   14.3047
   -7.5000   22.5000   -7.500015610.4512   14.4767
    0.0000   22.5000   -7.500016287.2637   14.5132
    7.5000   22.5000   -7.500015592.1035   14.4888
   -7.5000   30.0000   -7.500014764.5293   14.5045
    0.0000   30.0000   -7.500015380.9873   14.5417
    7.5000   30.0000   -7.500014766.8193   14.5202
   -7.5000   37.5000   -7.500014459.6045   14.5975
    0.0000   37.5000   -7.500015025.5293   14.6329
    7.5000   37.5000   -7.500014436.5430   14.6134
   -7.5000   45.0000   -7.500013455.7500   14.3963
    0.0000   45.0000   -7.500013990.1660   14.4273
    7.5000   45.0000   -7.500013454.3838   14.4065
   -7.5000  -45.0000    0.000011822.1748   15.6704
    0.0000  -45.0000    0.000012333.5391   15.6973
    7.5000  -45.0000    0.000011739.0303   15.6715
   -7.5000  -37.5000    0.000012645.2529   15.3353
    0.0000  -37.5000    0.000013204.9531   15.3627
    7.5000  -37.5000    0.000012572.9727   15.3342
   -7.5000  -30.0000    0.000013913.5957   15.0543
    0.0000  -30.0000    0.000014523.8838   15.0858
    7.5000  -30.0000    0.000013848.3672   15.0558
   -7.5000  -22.5000    0.000015064.8281   14.8119
    0.0000  -22.5000    0.000015723.1094   14.8462
    7.5000  -22.5000    0.000015013.2051   14.8180
   -7.5000  -15.0000    0.000016189.5576   14.6069
    0.0000  -15.0000    0.000016889.1758   14.6417
    7.5000  -15.0000    0.000016146.0059   14.6176
   -7.5000   -7.5000    0.000017248.7695   14.4060
    0.0000   -7.5000    0.000018023.5781   14.4388
    7.5000   -7.5000    0.000017174.9980   14.4178
   -7.5000    0.0000    0.000018118.0586   14.2436
    0.0000    0.0000    0.000018982.4902   14.2735
    7.5000    0.0000    0.000018059.7520   14.2524
   -7.5000    7.5000    0.000017707.5996   14.2539
    0.0000    7.5000    0.000018599.9121   14.2840
    7.5000    7.5000    0.000017708.2969   14.2594
   -7.5000   15.0000    0.000017213.8809   14.3152
    0.0000   15.0000    0.000018101.3672   14.3492
    7.5000   15.0000    0.000017246.0684   14.3225
   -7.5000   22.5000    0.000016474.5273   14.4989
    0.0000   22.5000    0.000017299.7539   14.5353
    7.5000   22.5000    0.000016529.2930   14.5085
   -7.5000   30.0000    0.000015558.9893   14.5255
    0.0000   30.0000    0.000016283.1885   14.5613
    7.5000   30.0000    0.000015602.6797   14.5374
   -7.5000   37.5000    0.000015229.9248   14.6138
    0.0000   37.5000    0.000015890.3916   14.6474
    7.5000   37.5000    0.000015233.2607   14.6260
   -7.5000   45.0000    0.000014202.5723   14.4100
    0.0000   45.0000    0.000014810.2559   14.4394
    7.5000   45.0000    0.000014184.4863   14.4176
   -7.5000  -45.0000    7.500011506.5342   15.7004
    0.0000  -45.0000    7.500012003.7979   15.7278
    7.5000  -45.0000    7.500011439.6211   15.7046
   -7.5000  -37.5000    7.500012284.7021   15.3637
    0.0000  -37.5000    7.500012841.1572   15.3926
    7.5000  -37.5000    7.500012245.1699   15.3691
   -7.5000  -30.0000    7.500013508.8184   15.0825
    0.0000  -30.0000    7.500014121.0947   15.1164
    7.5000  -30.0000    7.500013466.7744   15.0922
   -7.5000  -22.5000    7.500014653.1504   14.8425
    0.0000  -22.5000    7.500015311.8721   14.8788
    7.5000  -22.5000    7.500014624.1152   14.8545
   -7.5000  -15.0000    7.500015809.6758   14.6400
    0.0000  -15.0000    7.500016560.5293   14.6757
    7.5000  -15.0000    7.500015814.9941   14.6531
   -7.5000   -7.5000    7.500016950.3652   14.4391
    0.0000   -7.5000    7.500017922.4609   14.4721
    7.5000   -7.5000    7.500016940.1504   14.4519
   -7.5000    0.0000    7.500017775.0918   14.2750
    0.0000    0.0000    7.500018858.6309   14.3055
    7.5000    0.0000    7.500017801.7363   14.2866
   -7.5000    7.5000    7.500017267.7676   14.2839
    0.0000    7.5000    7.500018275.7285   14.3154
    7.5000    7.5000    7.500017377.2910   14.2951
   -7.5000   15.0000    7.500016757.7246   14.3454
    0.0000   15.0000    7.500017713.6875   14.3814
    7.5000   15.0000    7.500016899.5469   14.3598
   -7.5000   22.5000    7.500016089.8281   14.5313
    0.0000   22.5000    7.500016999.7246   14.5693
    7.5000   22.5000    7.500016214.9014   14.5461
   -7.5000   30.0000    7.500015217.7275   14.5595
    0.0000   30.0000    7.500016040.8770   14.5960
    7.5000   30.0000    7.500015299.0576   14.5736
   -7.5000   37.5000    7.500014897.7969   14.6477
    0.0000   37.5000    7.500015632.6865   14.6813
    7.5000   37.5000    7.500014893.4619   14.6610
   -7.5000   45.0000    7.500013913.0420   14.4417
    0.0000   45.0000    7.500014554.5459   14.4714
    7.5000   45.0000    7.500013846.4717   14.4523
   -7.5000  -45.0000   15.000011041.7178   15.7997
    0.0000  -45.0000   15.000011555.2500   15.8300
    7.5000  -45.0000   15.000011022.2744   15.8099
   -7.5000  -37.5000   15.000011797.0518   15.4589
    0.0000  -37.5000   15.000012357.8115   15.4905
    7.5000  -37.5000   15.000011792.8896   15.4719
   -7.5000  -30.0000   15.000012939.3828   15.1722
    0.0000  -30.0000   15.000013580.9961   15.2088
    7.5000  -30.0000   15.000012957.3936   15.1906
   -7.5000  -22.5000   15.000014051.8994   14.9303
    0.0000  -22.5000   15.000014750.0459   14.9694
    7.5000  -22.5000   15.000014095.8877   14.9504
   -7.5000  -15.0000   15.000015218.6260   14.7313
    0.0000  -15.0000   15.000016084.7900   14.7697
    7.5000  -15.0000   15.000015290.1240   14.7505
   -7.5000   -7.5000   15.000016409.7188   14.5357
    0.0000   -7.5000   15.000017566.7520   14.5715
    7.5000   -7.5000   15.000016444.0801   14.5534
   -7.5000    0.0000   15.000017267.2598   14.3730
    0.0000    0.0000   15.000018423.8848   14.4060
    7.5000    0.0000   15.000017314.0195   14.3896
   -7.5000    7.5000   15.000016761.2383   14.3794
    0.0000    7.5000   15.000017772.2559   14.4132
    7.5000    7.5000   15.000016866.6172   14.3972
   -7.5000   15.0000   15.000016296.7217   14.4372
    0.0000   15.0000   15.000017274.6133   14.4753
    7.5000   15.0000   15.000016402.6562   14.4591
   -7.5000   22.5000   15.000015662.9561   14.6221
    0.0000   22.5000   15.000016629.3496   14.6623
    7.5000   22.5000   15.000015754.7969   14.6442
   -7.5000   30.0000   15.000014772.6885   14.6522
    0.0000   30.0000   15.000015662.6611   14.6909
    7.5000   30.0000   15.000014829.7129   14.6720
   -7.5000   37.5000   15.000014371.2393   14.7438
    0.0000   37.5000   15.000015182.4268   14.7795
    7.5000   37.5000   15.000014376.1055   14.7615
   -7.5000   45.0000   15.000013386.6182   14.5369
    0.0000   45.0000   15.000014118.8857   14.5685
    7.5000   45.0000   15.000013353.0146   14.5523
   -7.5000  -45.0000   22.500010549.9297   16.0193
    0.0000  -45.0000   22.500011030.6357   16.0514
    7.5000  -45.0000   22.500010582.4053   16.0320
   -7.5000  -37.5000   22.500011273.1201   15.6751
    0.0000  -37.5000   22.500011794.7900   15.7072
    7.5000  -37.5000   22.500011322.9707   15.6886
   -7.5000  -30.0000   22.500012359.7021   15.3825
    0.0000  -30.0000   22.500012950.0537   15.4187
    7.5000  -30.0000   22.500012423.5898   15.4010
   -7.5000  -22.5000   22.500013401.4316   15.1358
    0.0000  -22.5000   22.500014056.4131   15.1753
    7.5000  -22.5000   22.500013475.5459   15.1576
   -7.5000  -15.0000   22.500014512.7402   14.9372
    0.0000  -15.0000   22.500015355.3867   14.9775
    7.5000  -15.0000   22.500014582.6133   14.9600
   -7.5000   -7.5000   22.500015670.9551   14.7468
    0.0000   -7.5000   22.500016850.2109   14.7850
    7.5000   -7.5000   22.500015667.0957   14.7683
   -7.5000    0.0000   22.500016629.4746   14.5879
    0.0000    0.0000   22.500017941.2676   14.6226
    7.5000    0.0000   22.500016610.0820   14.6068
   -7.5000    7.5000   22.500016270.3818   14.5938
    0.0000    7.5000   22.500017487.8770   14.6281
    7.5000    7.5000   22.500016262.3350   14.6122
   -7.5000   15.0000   22.500015771.5254   14.6478
    0.0000   15.0000   22.500016889.1777   14.6857
    7.5000   15.0000   22.500015766.9717   14.6700
   -7.5000   22.5000   22.500015044.4287   14.8282
    0.0000   22.5000   22.500016053.1836   14.8687
    7.5000   22.5000   22.500015077.8428   14.8519
   -7.5000   30.0000   22.500014130.7812   14.8545
    0.0000   30.0000   22.500015008.4844   14.8948
    7.5000   30.0000   22.500014200.9463   14.8776
   -7.5000   37.5000   22.500013694.8174   14.9491
    0.0000   37.5000   22.500014462.9756   14.9869
    7.5000   37.5000   22.500013750.0732   14.9699
   -7.5000   45.0000   22.500012782.8789   14.7393
    0.0000   45.0000   22.500013454.9463   14.7724
    7.5000   45.0000   22.500012797.4854   14.7563
   -7.5000  -45.0000   30.0000 9920.9912   16.2328
    0.0000  -45.0000   30.000010395.8760   16.2644
    7.5000  -45.0000   30.0000 9978.2764   16.2425
   -7.5000  -37.5000   30.000010645.1055   15.8865
    0.0000  -37.5000   30.000011151.5127   15.9169
    7.5000  -37.5000   30.000010700.5410   15.8935
   -7.5000  -30.0000   30.000011683.8086   15.5925
    0.0000  -30.0000   30.000012244.6221   15.6263
    7.5000  -30.0000   30.000011741.2793   15.6030
   -7.5000  -22.5000   30.000012706.5693   15.3431
    0.0000  -22.5000   30.000013332.0400   15.3805
    7.5000  -22.5000   30.000012771.1748   15.3590
   -7.5000  -15.0000   30.000013779.7451   15.1430
    0.0000  -15.0000   30.000014559.5254   15.1826
    7.5000  -15.0000   30.000013839.7686   15.1635
   -7.5000   -7.5000   30.000014811.0098   14.9538
    0.0000   -7.5000   30.000015734.0801   14.9919
    7.5000   -7.5000   30.000014810.0166   14.9743
   -7.5000    0.0000   30.000015649.3623   14.7965
    0.0000    0.0000   30.000016577.8828   14.8307
    7.5000    0.0000   30.000015620.3135   14.8128
   -7.5000    7.5000   30.000015295.6553   14.8031
    0.0000    7.5000   30.000016220.9893   14.8360
    7.5000    7.5000   30.000015314.6318   14.8158
   -7.5000   15.0000   30.000014855.6973   14.8555
    0.0000   15.0000   30.000015785.8125   14.8914
    7.5000   15.0000   30.000014910.3369   14.8708
   -7.5000   22.5000   30.000014192.3145   15.0322
    0.0000   22.5000   30.000015066.5010   15.0708
    7.5000   22.5000   30.000014261.0605   15.0506
   -7.5000   30.0000   30.000013357.6133   15.0524
    0.0000   30.0000   30.000014160.0020   15.0921
    7.5000   30.0000   30.000013452.2031   15.0733
   -7.5000   37.5000   30.000012930.3994   15.1456
    0.0000   37.5000   30.000013679.1514   15.1834
    7.5000   37.5000   30.000013013.2734   15.1654
   -7.5000   45.0000   30.000012039.7490   14.9301
    0.0000   45.0000   30.000012727.9688   14.9629
    7.5000   45.0000   30.000012106.6924   14.9445
   -7.5000  -45.0000   37.5000 9605.8896   16.4679
    0.0000  -45.0000   37.500010090.1611   16.4968
    7.5000  -45.0000   37.5000 9658.8193   16.4706
   -7.5000  -37.5000   37.500010330.4463   16.1207
    0.0000  -37.5000   37.500010831.5781   16.1484
    7.5000  -37.5000   37.500010372.6855   16.1187
   -7.5000  -30.0000   37.500011361.3906   15.8306
    0.0000  -30.0000   37.500011884.5156   15.8618
    7.5000  -30.0000   37.500011395.2676   15.8310
   -7.5000  -22.5000   37.500012352.8320   15.5814
    0.0000  -22.5000   37.500012909.3672   15.6164
    7.5000  -22.5000   37.500012376.4170   15.5884
   -7.5000  -15.0000   37.500013337.7148   15.3785
    0.0000  -15.0000   37.500013978.2275   15.4156
    7.5000  -15.0000   37.500013369.4658   15.3924
   -7.5000   -7.5000   37.500014252.4854   15.1860
    0.0000   -7.5000   37.500014950.4932   15.2217
    7.5000   -7.5000   37.500014263.1338   15.2013
   -7.5000    0.0000   37.500015001.4473   15.0279
    0.0000    0.0000   37.500015716.5371   15.0598
    7.5000    0.0000   37.500015032.2256   15.0382
   -7.5000    7.5000   37.500014669.8740   15.0363
    0.0000    7.5000   37.500015398.2373   15.0669
    7.5000    7.5000   37.500014743.2461   15.0412
   -7.5000   15.0000   37.500014282.0840   15.0901
    0.0000   15.0000   37.500015005.5654   15.1239
    7.5000   15.0000   37.500014368.8525   15.0966
   -7.5000   22.5000   37.500013718.5811   15.2661
    0.0000   22.5000   37.500014424.3066   15.3028
    7.5000   22.5000   37.500013805.3145   15.2762
   -7.5000   30.0000   37.500012991.4922   15.2783
    0.0000   30.0000   37.500013665.3369   15.3159
    7.5000   30.0000   37.500013081.7266   15.2930
   -7.5000   37.5000   37.500012609.6963   15.3650
    0.0000   37.5000   37.500013263.7363   15.4008
    7.5000   37.5000   37.500012679.2676   15.3800
   -7.5000   45.0000   37.500011743.2549   15.1405
    0.0000   45.0000   37.500012353.9443   15.1713
    7.5000   45.0000   37.500011803.7520   15.1493
   -7.5000  -45.0000   45.0000 8873.5234   16.7764
    0.0000  -45.0000   45.0000 9301.8467   16.8025
    7.5000  -45.0000   45.0000 8903.4609   16.7739
   -7.5000  -37.5000   45.0000 9545.1309   16.4230
    0.0000  -37.5000   45.0000 9964.7764   16.4493
    7.5000  -37.5000   45.0000 9551.1875   16.4171
   -7.5000  -30.0000   45.000010488.4795   16.1358
    0.0000  -30.0000   45.000010913.5234   16.1666
    7.5000  -30.0000   45.000010482.4443   16.1327
   -7.5000  -22.5000   45.000011410.0312   15.8871
    0.0000  -22.5000   45.000011861.6934   15.9214
    7.5000  -22.5000   45.000011393.2666   15.8897
   -7.5000  -15.0000   45.000012323.8828   15.6811
    0.0000  -15.0000   45.000012827.6963   15.7162
    7.5000  -15.0000   45.000012313.4873   15.6894
   -7.5000   -7.5000   45.000013169.4209   15.4826
    0.0000   -7.5000   45.000013689.9873   15.5156
    7.5000   -7.5000   45.000013137.9287   15.4924
   -7.5000    0.0000   45.000013861.7695   15.3207
    0.0000    0.0000   45.000014409.1533   15.3503
    7.5000    0.0000   45.000013858.0840   15.3266
   -7.5000    7.5000   45.000013570.4590   15.3297
    0.0000    7.5000   45.000014132.4219   15.3589
    7.5000    7.5000   45.000013588.1357   15.3309
   -7.5000   15.0000   45.000013196.2510   15.3865
    0.0000   15.0000   45.000013779.0732   15.4202
    7.5000   15.0000   45.000013240.7158   15.3899
   -7.5000   22.5000   45.000012712.7803   15.5651
    0.0000   22.5000   45.000013275.4014   15.6015
    7.5000   22.5000   45.000012760.5615   15.5715
   -7.5000   30.0000   45.000012066.9844   15.5703
    0.0000   30.0000   45.000012628.6895   15.6064
    7.5000   30.0000   45.000012120.7773   15.5802
   -7.5000   37.5000   45.000011730.0137   15.6506
    0.0000   37.5000   45.000012303.2158   15.6840
    7.5000   37.5000   45.000011771.7910   15.6609
   -7.5000   45.0000   45.000010936.2100   15.4240
    0.0000   45.0000   45.000011466.4121   15.4526
    7.5000   45.0000   45.000010967.3408   15.4288

---------------------------------------------------------------------
imgreg_4dfp /opt/freesurfer/average/711-2C_as_mni_average_305 /opt/freesurfer/average/711-2B_as_mni_average_305_mask talsrcimg_g11 none talsrcimg_to_711-2C_as_mni_average_305_t4 4355
---------------------------------------------------------------------

freesurfer imgreg_4dfp.c
/opt/freesurfer/average/711-2C_as_mni_average_305.4dfp.img
       256       256       256         1
  1.000000  1.000000  1.000000
orientation T byte_order littleendian
Reading image: /opt/freesurfer/average/711-2C_as_mni_average_305.4dfp.img
dimensions:      256       256       256
mmppix:       1.0000   -1.0000   -1.0000
center:     128.0000 -129.0000 -129.0000
/opt/freesurfer/average/711-2B_as_mni_average_305_mask.4dfp.img
       256       256       256         1
  1.000000  1.000000  1.000000
orientation T byte_order littleendian
Reading mask: /opt/freesurfer/average/711-2B_as_mni_average_305_mask.4dfp.img (2306576 pixels)
talsrcimg_g11.4dfp.img
       256       256       256         1
  1.000000  1.000000  1.000000
orientation T byte_order littleendian
Reading image: talsrcimg_g11.4dfp.img
dimensions:      256       256       256
mmppix:       1.0000   -1.0000   -1.0000
center:     128.0000 -129.0000 -129.0000
rotation matrix determinant  1.000000
image alignment mode   4355 decimal     1103 hex
   -7.5000  -45.0000  -45.0000 2238.8647   23.8487
    0.0000  -45.0000  -45.0000 2243.6633   23.7540
    7.5000  -45.0000  -45.0000 2235.4412   23.8057
   -7.5000  -37.5000  -45.0000 2293.8333   22.1575
    0.0000  -37.5000  -45.0000 2300.2273   22.1146
    7.5000  -37.5000  -45.0000 2292.4653   22.1561
   -7.5000  -30.0000  -45.0000 2341.8354   20.7761
    0.0000  -30.0000  -45.0000 2350.2944   20.7576
    7.5000  -30.0000  -45.0000 2344.2307   20.7998
   -7.5000  -22.5000  -45.0000 2387.0681   19.7358
    0.0000  -22.5000  -45.0000 2395.4009   19.7204
    7.5000  -22.5000  -45.0000 2390.5222   19.7684
   -7.5000  -15.0000  -45.0000 2402.8621   18.9475
    0.0000  -15.0000  -45.0000 2414.3569   18.9406
    7.5000  -15.0000  -45.0000 2405.3445   18.9596
   -7.5000   -7.5000  -45.0000 2416.8411   18.4733
    0.0000   -7.5000  -45.0000 2425.4673   18.4444
    7.5000   -7.5000  -45.0000 2417.3896   18.5131
   -7.5000    0.0000  -45.0000 2421.7327   18.2733
    0.0000    0.0000  -45.0000 2434.5837   18.2197
    7.5000    0.0000  -45.0000 2422.5425   18.2741
   -7.5000    7.5000  -45.0000 2414.7812   18.2904
    0.0000    7.5000  -45.0000 2430.7688   18.2767
    7.5000    7.5000  -45.0000 2413.9941   18.3229
   -7.5000   15.0000  -45.0000 2404.9993   18.5296
    0.0000   15.0000  -45.0000 2417.7461   18.4924
    7.5000   15.0000  -45.0000 2403.5828   18.5502
   -7.5000   22.5000  -45.0000 2383.3635   19.0491
    0.0000   22.5000  -45.0000 2397.3994   18.9945
    7.5000   22.5000  -45.0000 2383.3486   19.0252
   -7.5000   30.0000  -45.0000 2358.9302   19.7266
    0.0000   30.0000  -45.0000 2373.6345   19.6662
    7.5000   30.0000  -45.0000 2357.8474   19.7134
   -7.5000   37.5000  -45.0000 2329.1125   20.7129
    0.0000   37.5000  -45.0000 2338.3430   20.6184
    7.5000   37.5000  -45.0000 2323.1062   20.6957
   -7.5000   45.0000  -45.0000 2285.1680   22.0142
    0.0000   45.0000  -45.0000 2288.1470   21.8907
    7.5000   45.0000  -45.0000 2274.6960   22.0387
   -7.5000  -45.0000  -37.5000 2301.4951   22.4288
    0.0000  -45.0000  -37.5000 2302.8020   22.4165
    7.5000  -45.0000  -37.5000 2295.3711   22.4364
   -7.5000  -37.5000  -37.5000 2362.1123   20.8442
    0.0000  -37.5000  -37.5000 2364.6526   20.8379
    7.5000  -37.5000  -37.5000 2358.5330   20.8542
   -7.5000  -30.0000  -37.5000 2420.5017   19.5392
    0.0000  -30.0000  -37.5000 2423.9768   19.5217
    7.5000  -30.0000  -37.5000 2418.0352   19.5412
   -7.5000  -22.5000  -37.5000 2466.6235   18.4842
    0.0000  -22.5000  -37.5000 2472.0388   18.4784
    7.5000  -22.5000  -37.5000 2465.4617   18.5331
   -7.5000  -15.0000  -37.5000 2489.1812   17.7334
    0.0000  -15.0000  -37.5000 2501.7925   17.7010
    7.5000  -15.0000  -37.5000 2489.8174   17.7490
   -7.5000   -7.5000  -37.5000 2499.4771   17.2302
    0.0000   -7.5000  -37.5000 2512.2920   17.2007
    7.5000   -7.5000  -37.5000 2497.3191   17.2631
   -7.5000    0.0000  -37.5000 2502.9282   16.9407
    0.0000    0.0000  -37.5000 2511.5037   16.8954
    7.5000    0.0000  -37.5000 2499.5488   16.9668
   -7.5000    7.5000  -37.5000 2496.6448   16.9065
    0.0000    7.5000  -37.5000 2510.0090   16.8654
    7.5000    7.5000  -37.5000 2495.4792   16.9257
   -7.5000   15.0000  -37.5000 2489.9609   17.0618
    0.0000   15.0000  -37.5000 2503.2412   17.0457
    7.5000   15.0000  -37.5000 2489.2905   17.1126
   -7.5000   22.5000  -37.5000 2474.8564   17.5354
    0.0000   22.5000  -37.5000 2490.7002   17.5211
    7.5000   22.5000  -37.5000 2473.9119   17.5796
   -7.5000   30.0000  -37.5000 2451.9771   18.2118
    0.0000   30.0000  -37.5000 2465.1216   18.1942
    7.5000   30.0000  -37.5000 2449.4714   18.2464
   -7.5000   37.5000  -37.5000 2419.0889   19.1676
    0.0000   37.5000  -37.5000 2427.1335   19.1133
    7.5000   37.5000  -37.5000 2411.2458   19.1508
   -7.5000   45.0000  -37.5000 2369.6335   20.3993
    0.0000   45.0000  -37.5000 2371.9956   20.3101
    7.5000   45.0000  -37.5000 2355.8423   20.3885
   -7.5000  -45.0000  -30.0000 2396.1443   22.0141
    0.0000  -45.0000  -30.0000 2400.1016   22.0198
    7.5000  -45.0000  -30.0000 2396.4915   22.0478
   -7.5000  -37.5000  -30.0000 2471.6106   20.4107
    0.0000  -37.5000  -30.0000 2476.9319   20.4119
    7.5000  -37.5000  -30.0000 2469.4580   20.4203
   -7.5000  -30.0000  -30.0000 2538.4836   19.0508
    0.0000  -30.0000  -30.0000 2543.4209   19.0328
    7.5000  -30.0000  -30.0000 2533.1550   19.0602
   -7.5000  -22.5000  -30.0000 2585.1770   17.9604
    0.0000  -22.5000  -30.0000 2591.6770   17.9232
    7.5000  -22.5000  -30.0000 2580.5608   17.9904
   -7.5000  -15.0000  -30.0000 2616.5830   17.2030
    0.0000  -15.0000  -30.0000 2626.6035   17.1448
    7.5000  -15.0000  -30.0000 2610.6018   17.2239
   -7.5000   -7.5000  -30.0000 2632.6516   16.6946
    0.0000   -7.5000  -30.0000 2638.2092   16.5848
    7.5000   -7.5000  -30.0000 2623.9333   16.6957
   -7.5000    0.0000  -30.0000 2637.4639   16.3236
    0.0000    0.0000  -30.0000 2643.1187   16.2469
    7.5000    0.0000  -30.0000 2630.9824   16.3694
   -7.5000    7.5000  -30.0000 2638.7529   16.2889
    0.0000    7.5000  -30.0000 2644.4402   16.2099
    7.5000    7.5000  -30.0000 2636.7454   16.3608
   -7.5000   15.0000  -30.0000 2631.1887   16.4583
    0.0000   15.0000  -30.0000 2641.2771   16.3947
    7.5000   15.0000  -30.0000 2628.7598   16.5487
   -7.5000   22.5000  -30.0000 2619.0786   16.9122
    0.0000   22.5000  -30.0000 2632.6255   16.8469
    7.5000   22.5000  -30.0000 2614.5896   16.9707
   -7.5000   30.0000  -30.0000 2592.1458   17.5705
    0.0000   30.0000  -30.0000 2603.1814   17.5472
    7.5000   30.0000  -30.0000 2585.5422   17.6150
   -7.5000   37.5000  -30.0000 2547.6804   18.5066
    0.0000   37.5000  -30.0000 2558.7769   18.4541
    7.5000   37.5000  -30.0000 2540.5161   18.5153
   -7.5000   45.0000  -30.0000 2491.6516   19.6751
    0.0000   45.0000  -30.0000 2498.3059   19.6316
    7.5000   45.0000  -30.0000 2479.3208   19.7056
   -7.5000  -45.0000  -22.5000 2471.7883   21.4405
    0.0000  -45.0000  -22.5000 2474.4622   21.4042
    7.5000  -45.0000  -22.5000 2465.6714   21.4192
   -7.5000  -37.5000  -22.5000 2555.2288   19.8110
    0.0000  -37.5000  -22.5000 2559.3306   19.7930
    7.5000  -37.5000  -22.5000 2546.9294   19.8195
   -7.5000  -30.0000  -22.5000 2627.6802   18.4608
    0.0000  -30.0000  -22.5000 2630.7808   18.4201
    7.5000  -30.0000  -22.5000 2617.8425   18.4694
   -7.5000  -22.5000  -22.5000 2679.8945   17.3596
    0.0000  -22.5000  -22.5000 2681.1296   17.2765
    7.5000  -22.5000  -22.5000 2669.5264   17.3403
   -7.5000  -15.0000  -22.5000 2718.1143   16.5640
    0.0000  -15.0000  -22.5000 2718.0488   16.4241
    7.5000  -15.0000  -22.5000 2708.7708   16.5356
   -7.5000   -7.5000  -22.5000 2740.2522   16.0342
    0.0000   -7.5000  -22.5000 2739.7148   15.8771
    7.5000   -7.5000  -22.5000 2729.9373   16.0003
   -7.5000    0.0000  -22.5000 2749.7153   15.6570
    0.0000    0.0000  -22.5000 2750.7029   15.5423
    7.5000    0.0000  -22.5000 2745.8408   15.6847
   -7.5000    7.5000  -22.5000 2756.1375   15.6326
    0.0000    7.5000  -22.5000 2756.3293   15.5188
    7.5000    7.5000  -22.5000 2751.3723   15.6924
   -7.5000   15.0000  -22.5000 2744.0754   15.8040
    0.0000   15.0000  -22.5000 2752.3967   15.7248
    7.5000   15.0000  -22.5000 2740.7776   15.8871
   -7.5000   22.5000  -22.5000 2730.3367   16.2247
    0.0000   22.5000  -22.5000 2743.7783   16.1372
    7.5000   22.5000  -22.5000 2721.5444   16.2914
   -7.5000   30.0000  -22.5000 2697.7722   16.8638
    0.0000   30.0000  -22.5000 2713.4011   16.8030
    7.5000   30.0000  -22.5000 2694.4453   16.9118
   -7.5000   37.5000  -22.5000 2649.1472   17.7331
    0.0000   37.5000  -22.5000 2664.8948   17.6830
    7.5000   37.5000  -22.5000 2645.9460   17.7847
   -7.5000   45.0000  -22.5000 2585.6646   18.8903
    0.0000   45.0000  -22.5000 2597.2664   18.8295
    7.5000   45.0000  -22.5000 2580.6013   18.9242
   -7.5000  -45.0000  -15.0000 2509.1719   20.9152
    0.0000  -45.0000  -15.0000 2514.4524   20.8391
    7.5000  -45.0000  -15.0000 2507.3860   20.8743
   -7.5000  -37.5000  -15.0000 2597.1528   19.2694
    0.0000  -37.5000  -15.0000 2603.4626   19.1783
    7.5000  -37.5000  -15.0000 2587.6782   19.2162
   -7.5000  -30.0000  -15.0000 2672.9265   17.8910
    0.0000  -30.0000  -15.0000 2676.9956   17.7897
    7.5000  -30.0000  -15.0000 2662.9915   17.8629
   -7.5000  -22.5000  -15.0000 2729.7983   16.7806
    0.0000  -22.5000  -15.0000 2731.6816   16.6770
    7.5000  -22.5000  -15.0000 2720.5701   16.7507
   -7.5000  -15.0000  -15.0000 2773.9236   15.9380
    0.0000  -15.0000  -15.0000 2777.2017   15.7960
    7.5000  -15.0000  -15.0000 2770.7334   15.9087
   -7.5000   -7.5000  -15.0000 2804.1814   15.3316
    0.0000   -7.5000  -15.0000 2808.3608   15.1844
    7.5000   -7.5000  -15.0000 2803.5146   15.3269
   -7.5000    0.0000  -15.0000 2818.2546   14.9572
    0.0000    0.0000  -15.0000 2825.0127   14.8288
    7.5000    0.0000  -15.0000 2816.1194   14.9819
   -7.5000    7.5000  -15.0000 2826.4731   14.9346
    0.0000    7.5000  -15.0000 2831.6902   14.8129
    7.5000    7.5000  -15.0000 2826.2439   14.9859
   -7.5000   15.0000  -15.0000 2818.6399   15.1612
    0.0000   15.0000  -15.0000 2833.5720   15.0539
    7.5000   15.0000  -15.0000 2821.9285   15.2217
   -7.5000   22.5000  -15.0000 2804.5981   15.5864
    0.0000   22.5000  -15.0000 2817.7466   15.4568
    7.5000   22.5000  -15.0000 2803.8997   15.6243
   -7.5000   30.0000  -15.0000 2768.1890   16.1929
    0.0000   30.0000  -15.0000 2783.9065   16.0747
    7.5000   30.0000  -15.0000 2772.9260   16.2264
   -7.5000   37.5000  -15.0000 2718.9802   17.0292
    0.0000   37.5000  -15.0000 2732.0903   16.9389
    7.5000   37.5000  -15.0000 2722.4446   17.0689
   -7.5000   45.0000  -15.0000 2647.8511   18.1492
    0.0000   45.0000  -15.0000 2662.0789   18.0558
    7.5000   45.0000  -15.0000 2649.2339   18.1632
   -7.5000  -45.0000   -7.5000 2525.9197   20.3740
    0.0000  -45.0000   -7.5000 2533.3965   20.3069
    7.5000  -45.0000   -7.5000 2521.4727   20.3244
   -7.5000  -37.5000   -7.5000 2614.7070   18.7049
    0.0000  -37.5000   -7.5000 2621.9875   18.6177
    7.5000  -37.5000   -7.5000 2609.2180   18.6699
   -7.5000  -30.0000   -7.5000 2690.5383   17.3304
    0.0000  -30.0000   -7.5000 2696.9958   17.2431
    7.5000  -30.0000   -7.5000 2685.9121   17.3190
   -7.5000  -22.5000   -7.5000 2754.5806   16.2302
    0.0000  -22.5000   -7.5000 2764.6787   16.1217
    7.5000  -22.5000   -7.5000 2755.3599   16.2248
   -7.5000  -15.0000   -7.5000 2806.2375   15.3756
    0.0000  -15.0000   -7.5000 2819.3408   15.2508
    7.5000  -15.0000   -7.5000 2812.0513   15.3494
   -7.5000   -7.5000   -7.5000 2846.3276   14.7200
    0.0000   -7.5000   -7.5000 2856.6313   14.5939
    7.5000   -7.5000   -7.5000 2852.1545   14.7143
   -7.5000    0.0000   -7.5000 2865.1846   14.3068
    0.0000    0.0000   -7.5000 2879.8767   14.1876
    7.5000    0.0000   -7.5000 2866.4998   14.3250
   -7.5000    7.5000   -7.5000 2877.1299   14.2372
    0.0000    7.5000   -7.5000 2889.8152   14.1199
    7.5000    7.5000   -7.5000 2885.1792   14.3112
   -7.5000   15.0000   -7.5000 2874.8760   14.5275
    0.0000   15.0000   -7.5000 2889.3074   14.4096
    7.5000   15.0000   -7.5000 2888.3184   14.5703
   -7.5000   22.5000   -7.5000 2859.8892   14.9679
    0.0000   22.5000   -7.5000 2871.1099   14.8418
    7.5000   22.5000   -7.5000 2867.4495   14.9904
   -7.5000   30.0000   -7.5000 2818.5425   15.5390
    0.0000   30.0000   -7.5000 2832.9963   15.4112
    7.5000   30.0000   -7.5000 2830.0742   15.5693
   -7.5000   37.5000   -7.5000 2766.5801   16.3530
    0.0000   37.5000   -7.5000 2776.2739   16.2232
    7.5000   37.5000   -7.5000 2771.3965   16.3776
   -7.5000   45.0000   -7.5000 2690.3770   17.4758
    0.0000   45.0000   -7.5000 2703.6951   17.3484
    7.5000   45.0000   -7.5000 2696.1284   17.5030
   -7.5000  -45.0000    0.0000 2521.2759   20.0593
    0.0000  -45.0000    0.0000 2527.0745   19.9965
    7.5000  -45.0000    0.0000 2517.3472   20.0428
   -7.5000  -37.5000    0.0000 2607.4094   18.3419
    0.0000  -37.5000    0.0000 2617.4800   18.2864
    7.5000  -37.5000    0.0000 2604.6304   18.3456
   -7.5000  -30.0000    0.0000 2687.1870   16.9716
    0.0000  -30.0000    0.0000 2696.6331   16.8915
    7.5000  -30.0000    0.0000 2685.4272   16.9812
   -7.5000  -22.5000    0.0000 2759.6960   15.8564
    0.0000  -22.5000    0.0000 2770.6902   15.7856
    7.5000  -22.5000    0.0000 2761.6677   15.8920
   -7.5000  -15.0000    0.0000 2819.5483   14.9754
    0.0000  -15.0000    0.0000 2832.4954   14.8828
    7.5000  -15.0000    0.0000 2827.2715   14.9985
   -7.5000   -7.5000    0.0000 2872.0642   14.3178
    0.0000   -7.5000    0.0000 2888.8269   14.2242
    7.5000   -7.5000    0.0000 2882.0107   14.3319
   -7.5000    0.0000    0.0000 2901.4863   13.8587
    0.0000    0.0000    0.0000 2918.7415   13.7431
    7.5000    0.0000    0.0000 2906.5356   13.8969
   -7.5000    7.5000    0.0000 2919.9707   13.7410
    0.0000    7.5000    0.0000 2933.2310   13.6211
    7.5000    7.5000    0.0000 2932.7488   13.8090
   -7.5000   15.0000    0.0000 2916.0437   14.0149
    0.0000   15.0000    0.0000 2933.7429   13.9028
    7.5000   15.0000    0.0000 2934.0715   14.0501
   -7.5000   22.5000    0.0000 2892.6572   14.4571
    0.0000   22.5000    0.0000 2908.3828   14.3472
    7.5000   22.5000    0.0000 2909.5813   14.4951
   -7.5000   30.0000    0.0000 2849.3650   15.0580
    0.0000   30.0000    0.0000 2860.8735   14.9292
    7.5000   30.0000    0.0000 2861.6655   15.1152
   -7.5000   37.5000    0.0000 2791.1719   15.8800
    0.0000   37.5000    0.0000 2801.2004   15.7302
    7.5000   37.5000    0.0000 2799.7209   15.9352
   -7.5000   45.0000    0.0000 2715.2803   16.9806
    0.0000   45.0000    0.0000 2726.0493   16.8196
    7.5000   45.0000    0.0000 2718.8320   17.0193
   -7.5000  -45.0000    7.5000 2517.1992   20.0900
    0.0000  -45.0000    7.5000 2524.4004   20.0272
    7.5000  -45.0000    7.5000 2520.9268   20.0997
   -7.5000  -37.5000    7.5000 2599.2581   18.3055
    0.0000  -37.5000    7.5000 2609.1089   18.2563
    7.5000  -37.5000    7.5000 2602.3691   18.3327
   -7.5000  -30.0000    7.5000 2676.7424   16.8752
    0.0000  -30.0000    7.5000 2685.2339   16.7939
    7.5000  -30.0000    7.5000 2677.9868   16.9035
   -7.5000  -22.5000    7.5000 2750.5366   15.7265
    0.0000  -22.5000    7.5000 2761.4829   15.6630
    7.5000  -22.5000    7.5000 2752.1304   15.7717
   -7.5000  -15.0000    7.5000 2814.0134   14.8200
    0.0000  -15.0000    7.5000 2827.4326   14.7579
    7.5000  -15.0000    7.5000 2823.6094   14.8646
   -7.5000   -7.5000    7.5000 2878.4644   14.1597
    0.0000   -7.5000    7.5000 2899.1670   14.1232
    7.5000   -7.5000    7.5000 2893.7219   14.1939
   -7.5000    0.0000    7.5000 2922.0515   13.6394
    0.0000    0.0000    7.5000 2943.1548   13.5915
    7.5000    0.0000    7.5000 2930.8862   13.7324
   -7.5000    7.5000    7.5000 2945.4517   13.4060
    0.0000    7.5000    7.5000 2963.7898   13.3419
    7.5000    7.5000    7.5000 2957.8228   13.5567
   -7.5000   15.0000    7.5000 2940.9250   13.6656
    0.0000   15.0000    7.5000 2959.4309   13.5628
    7.5000   15.0000    7.5000 2960.1560   13.7909
   -7.5000   22.5000    7.5000 2918.5425   14.1810
    0.0000   22.5000    7.5000 2933.2000   14.0277
    7.5000   22.5000    7.5000 2936.7090   14.2552
   -7.5000   30.0000    7.5000 2873.7629   14.8270
    0.0000   30.0000    7.5000 2883.9011   14.6707
    7.5000   30.0000    7.5000 2884.2153   14.8956
   -7.5000   37.5000    7.5000 2816.1021   15.6658
    0.0000   37.5000    7.5000 2817.7947   15.4799
    7.5000   37.5000    7.5000 2818.6182   15.6857
   -7.5000   45.0000    7.5000 2740.3396   16.7477
    0.0000   45.0000    7.5000 2741.9194   16.5434
    7.5000   45.0000    7.5000 2738.2500   16.7484
   -7.5000  -45.0000   15.0000 2496.1384   20.1948
    0.0000  -45.0000   15.0000 2507.0632   20.1934
    7.5000  -45.0000   15.0000 2504.2874   20.2569
   -7.5000  -37.5000   15.0000 2574.0513   18.4170
    0.0000  -37.5000   15.0000 2587.0554   18.4106
    7.5000  -37.5000   15.0000 2583.6670   18.4927
   -7.5000  -30.0000   15.0000 2649.4038   16.9486
    0.0000  -30.0000   15.0000 2663.9768   16.9308
    7.5000  -30.0000   15.0000 2657.1582   17.0094
   -7.5000  -22.5000   15.0000 2725.4453   15.7791
    0.0000  -22.5000   15.0000 2739.4651   15.7634
    7.5000  -22.5000   15.0000 2734.2537   15.8611
   -7.5000  -15.0000   15.0000 2795.2839   14.8699
    0.0000  -15.0000   15.0000 2809.3708   14.8821
    7.5000  -15.0000   15.0000 2806.2234   14.9466
   -7.5000   -7.5000   15.0000 2867.5049   14.2514
    0.0000   -7.5000   15.0000 2885.4980   14.3011
    7.5000   -7.5000   15.0000 2881.3059   14.3033
   -7.5000    0.0000   15.0000 2923.3931   13.7555
    0.0000    0.0000   15.0000 2958.0703   13.8687
    7.5000    0.0000   15.0000 2936.4966   13.8466
   -7.5000    7.5000   15.0000 2956.1741   13.4031
    0.0000    7.5000   15.0000 2987.9177   13.4047
    7.5000    7.5000   15.0000 2966.9106   13.5702
   -7.5000   15.0000   15.0000 2955.4619   13.6054
    0.0000   15.0000   15.0000 2984.2297   13.5408
    7.5000   15.0000   15.0000 2968.2522   13.7327
   -7.5000   22.5000   15.0000 2930.6174   14.1033
    0.0000   22.5000   15.0000 2953.3364   14.0368
    7.5000   22.5000   15.0000 2944.5281   14.1554
   -7.5000   30.0000   15.0000 2879.1313   14.7626
    0.0000   30.0000   15.0000 2896.9080   14.6965
    7.5000   30.0000   15.0000 2889.6023   14.8026
   -7.5000   37.5000   15.0000 2816.0776   15.6327
    0.0000   37.5000   15.0000 2828.9324   15.5315
    7.5000   37.5000   15.0000 2820.3540   15.6221
   -7.5000   45.0000   15.0000 2739.4109   16.7080
    0.0000   45.0000   15.0000 2752.9917   16.5804
    7.5000   45.0000   15.0000 2741.1267   16.6753
   -7.5000  -45.0000   22.5000 2480.8730   20.5927
    0.0000  -45.0000   22.5000 2486.8296   20.5453
    7.5000  -45.0000   22.5000 2494.0593   20.7736
   -7.5000  -37.5000   22.5000 2553.7244   18.7048
    0.0000  -37.5000   22.5000 2558.8787   18.6253
    7.5000  -37.5000   22.5000 2567.1274   18.8631
   -7.5000  -30.0000   22.5000 2626.4558   17.2107
    0.0000  -30.0000   22.5000 2629.8840   17.1354
    7.5000  -30.0000   22.5000 2638.6885   17.3246
   -7.5000  -22.5000   22.5000 2700.0959   16.0778
    0.0000  -22.5000   22.5000 2705.3381   16.0440
    7.5000  -22.5000   22.5000 2713.0645   16.1492
   -7.5000  -15.0000   22.5000 2771.0171   15.2175
    0.0000  -15.0000   22.5000 2785.8442   15.2491
    7.5000  -15.0000   22.5000 2787.0422   15.2708
   -7.5000   -7.5000   22.5000 2853.2483   14.6614
    0.0000   -7.5000   22.5000 2882.8936   14.8266
    7.5000   -7.5000   22.5000 2866.5852   14.6833
   -7.5000    0.0000   22.5000 2913.5759   14.1704
    0.0000    0.0000   22.5000 2962.7249   14.4074
    7.5000    0.0000   22.5000 2919.8931   14.2083
   -7.5000    7.5000   22.5000 2956.8372   13.8708
    0.0000    7.5000   22.5000 3001.7017   14.0178
    7.5000    7.5000   22.5000 2955.9194   13.9468
   -7.5000   15.0000   22.5000 2955.1980   13.9071
    0.0000   15.0000   22.5000 2992.3552   13.9697
    7.5000   15.0000   22.5000 2956.1028   13.9783
   -7.5000   22.5000   22.5000 2925.9475   14.2453
    0.0000   22.5000   22.5000 2955.1118   14.2432
    7.5000   22.5000   22.5000 2933.8860   14.2839
   -7.5000   30.0000   22.5000 2870.9673   14.8825
    0.0000   30.0000   22.5000 2889.4265   14.8294
    7.5000   30.0000   22.5000 2881.8601   14.9050
   -7.5000   37.5000   22.5000 2807.8735   15.7485
    0.0000   37.5000   22.5000 2816.0085   15.6527
    7.5000   37.5000   22.5000 2811.1565   15.7504
   -7.5000   45.0000   22.5000 2736.4641   16.8290
    0.0000   45.0000   22.5000 2743.1316   16.7012
    7.5000   45.0000   22.5000 2735.2446   16.8258
   -7.5000  -45.0000   30.0000 2455.9834   21.1827
    0.0000  -45.0000   30.0000 2456.2676   21.0894
    7.5000  -45.0000   30.0000 2469.7732   21.3498
   -7.5000  -37.5000   30.0000 2536.0317   19.3121
    0.0000  -37.5000   30.0000 2533.7307   19.2158
    7.5000  -37.5000   30.0000 2545.9380   19.4493
   -7.5000  -30.0000   30.0000 2605.6360   17.8325
    0.0000  -30.0000   30.0000 2608.4485   17.7951
    7.5000  -30.0000   30.0000 2617.4692   17.9488
   -7.5000  -22.5000   30.0000 2683.0847   16.7428
    0.0000  -22.5000   30.0000 2689.1626   16.7240
    7.5000  -22.5000   30.0000 2692.5852   16.8035
   -7.5000  -15.0000   30.0000 2760.3167   15.9179
    0.0000  -15.0000   30.0000 2772.4207   15.9313
    7.5000  -15.0000   30.0000 2769.8545   15.9242
   -7.5000   -7.5000   30.0000 2836.4229   15.2734
    0.0000   -7.5000   30.0000 2854.7866   15.3355
    7.5000   -7.5000   30.0000 2841.6140   15.2280
   -7.5000    0.0000   30.0000 2889.7683   14.6976
    0.0000    0.0000   30.0000 2917.9768   14.7084
    7.5000    0.0000   30.0000 2890.9807   14.6933
   -7.5000    7.5000   30.0000 2928.4500   14.4265
    0.0000    7.5000   30.0000 2957.6726   14.4040
    7.5000    7.5000   30.0000 2926.7837   14.4492
   -7.5000   15.0000   30.0000 2929.9800   14.4648
    0.0000   15.0000   30.0000 2962.2791   14.4622
    7.5000   15.0000   30.0000 2929.2422   14.4859
   -7.5000   22.5000   30.0000 2900.0012   14.7469
    0.0000   22.5000   30.0000 2926.0068   14.7411
    7.5000   22.5000   30.0000 2902.6414   14.7629
   -7.5000   30.0000   30.0000 2846.0779   15.2978
    0.0000   30.0000   30.0000 2864.7769   15.2607
    7.5000   30.0000   30.0000 2853.4812   15.3227
   -7.5000   37.5000   30.0000 2782.8313   16.0991
    0.0000   37.5000   30.0000 2794.0803   16.0214
    7.5000   37.5000   30.0000 2782.7803   16.1036
   -7.5000   45.0000   30.0000 2710.5840   17.1275
    0.0000   45.0000   30.0000 2722.8093   17.0304
    7.5000   45.0000   30.0000 2709.6216   17.1218
   -7.5000  -45.0000   37.5000 2438.0327   22.0946
    0.0000  -45.0000   37.5000 2440.5715   22.0441
    7.5000  -45.0000   37.5000 2448.3635   22.2478
   -7.5000  -37.5000   37.5000 2517.7358   20.2387
    0.0000  -37.5000   37.5000 2518.0242   20.1419
    7.5000  -37.5000   37.5000 2523.1746   20.3307
   -7.5000  -30.0000   37.5000 2591.1038   18.7365
    0.0000  -30.0000   37.5000 2590.2791   18.6256
    7.5000  -30.0000   37.5000 2596.7559   18.7669
   -7.5000  -22.5000   37.5000 2665.7234   17.5794
    0.0000  -22.5000   37.5000 2666.8223   17.4465
    7.5000  -22.5000   37.5000 2669.3669   17.5412
   -7.5000  -15.0000   37.5000 2737.1990   16.6417
    0.0000  -15.0000   37.5000 2739.3162   16.5286
    7.5000  -15.0000   37.5000 2742.3357   16.5798
   -7.5000   -7.5000   37.5000 2803.2598   15.8729
    0.0000   -7.5000   37.5000 2810.5020   15.7772
    7.5000   -7.5000   37.5000 2806.2681   15.8329
   -7.5000    0.0000   37.5000 2848.0286   15.2636
    0.0000    0.0000   37.5000 2864.1560   15.1584
    7.5000    0.0000   37.5000 2851.1702   15.2721
   -7.5000    7.5000   37.5000 2879.2593   15.0038
    0.0000    7.5000   37.5000 2897.2251   14.9193
    7.5000    7.5000   37.5000 2882.4126   15.0390
   -7.5000   15.0000   37.5000 2879.9456   15.0379
    0.0000   15.0000   37.5000 2903.5410   14.9710
    7.5000   15.0000   37.5000 2883.1221   15.0760
   -7.5000   22.5000   37.5000 2851.7029   15.3547
    0.0000   22.5000   37.5000 2871.1636   15.2741
    7.5000   22.5000   37.5000 2856.3977   15.3645
   -7.5000   30.0000   37.5000 2805.9998   15.8970
    0.0000   30.0000   37.5000 2821.9810   15.8013
    7.5000   30.0000   37.5000 2815.3154   15.9041
   -7.5000   37.5000   37.5000 2747.4082   16.6696
    0.0000   37.5000   37.5000 2758.6013   16.5650
    7.5000   37.5000   37.5000 2748.7786   16.6568
   -7.5000   45.0000   37.5000 2680.2573   17.6465
    0.0000   45.0000   37.5000 2689.1299   17.5022
    7.5000   45.0000   37.5000 2679.3110   17.6400
   -7.5000  -45.0000   45.0000 2416.6504   23.2252
    0.0000  -45.0000   45.0000 2416.8191   23.1242
    7.5000  -45.0000   45.0000 2421.6182   23.3337
   -7.5000  -37.5000   45.0000 2492.6238   21.2422
    0.0000  -37.5000   45.0000 2490.1743   21.0529
    7.5000  -37.5000   45.0000 2496.0686   21.2445
   -7.5000  -30.0000   45.0000 2561.3667   19.6649
    0.0000  -30.0000   45.0000 2556.1318   19.3995
    7.5000  -30.0000   45.0000 2562.9839   19.5614
   -7.5000  -22.5000   45.0000 2635.2419   18.4190
    0.0000  -22.5000   45.0000 2626.6028   18.1437
    7.5000  -22.5000   45.0000 2633.0981   18.2790
   -7.5000  -15.0000   45.0000 2702.3340   17.4326
    0.0000  -15.0000   45.0000 2695.5293   17.1884
    7.5000  -15.0000   45.0000 2701.8381   17.2901
   -7.5000   -7.5000   45.0000 2761.3845   16.6293
    0.0000   -7.5000   45.0000 2761.2815   16.4021
    7.5000   -7.5000   45.0000 2760.0981   16.5462
   -7.5000    0.0000   45.0000 2798.9014   16.0100
    0.0000    0.0000   45.0000 2803.9358   15.8066
    7.5000    0.0000   45.0000 2799.1912   15.9875
   -7.5000    7.5000   45.0000 2824.0593   15.7427
    0.0000    7.5000   45.0000 2830.7942   15.5693
    7.5000    7.5000   45.0000 2824.8494   15.7336
   -7.5000   15.0000   45.0000 2818.1035   15.7501
    0.0000   15.0000   45.0000 2831.9458   15.6251
    7.5000   15.0000   45.0000 2823.3757   15.7636
   -7.5000   22.5000   45.0000 2794.9751   16.0577
    0.0000   22.5000   45.0000 2805.0486   15.9482
    7.5000   22.5000   45.0000 2800.9192   16.0842
   -7.5000   30.0000   45.0000 2752.5576   16.5697
    0.0000   30.0000   45.0000 2766.1729   16.4391
    7.5000   30.0000   45.0000 2763.8779   16.5879
   -7.5000   37.5000   45.0000 2702.1145   17.3023
    0.0000   37.5000   45.0000 2716.0554   17.1579
    7.5000   37.5000   45.0000 2707.2932   17.3031
   -7.5000   45.0000   45.0000 2637.0564   18.2690
    0.0000   45.0000   45.0000 2646.4480   18.1264
    7.5000   45.0000   45.0000 2637.7024   18.2616

---------------------------------------------------------------------
imgreg_4dfp /opt/freesurfer/average/711-2C_as_mni_average_305 /opt/freesurfer/average/711-2B_as_mni_average_305_mask talsrcimg_g11 none talsrcimg_to_711-2C_as_mni_average_305_t4 1283
---------------------------------------------------------------------

freesurfer imgreg_4dfp.c
/opt/freesurfer/average/711-2C_as_mni_average_305.4dfp.img
       256       256       256         1
  1.000000  1.000000  1.000000
orientation T byte_order littleendian
Reading image: /opt/freesurfer/average/711-2C_as_mni_average_305.4dfp.img
dimensions:      256       256       256
mmppix:       1.0000   -1.0000   -1.0000
center:     128.0000 -129.0000 -129.0000
/opt/freesurfer/average/711-2B_as_mni_average_305_mask.4dfp.img
       256       256       256         1
  1.000000  1.000000  1.000000
orientation T byte_order littleendian
Reading mask: /opt/freesurfer/average/711-2B_as_mni_average_305_mask.4dfp.img (2306576 pixels)
talsrcimg_g11.4dfp.img
       256       256       256         1
  1.000000  1.000000  1.000000
orientation T byte_order littleendian
Reading image: talsrcimg_g11.4dfp.img
dimensions:      256       256       256
mmppix:       1.0000   -1.0000   -1.0000
center:     128.0000 -129.0000 -129.0000
rotation matrix determinant  1.000000
fimgreg.f
image alignment mode   1283 decimal      503 hex
parameters
    0.0000    7.5000   22.5000    0.0000    0.0000    0.0000
eta,q 0.94066 14.06692
niter,ni,del,rscale     5    3   12.0000    1.2000
parameter  4  1.066707 ->  0.500000 qaram    1.1500
parameters
    0.0099    8.6093   20.4243   -3.4500   -2.7053    0.0885
eta,q 0.94632 13.80633
  0.0727  0.0667  0.0616  0.0571  0.0573  0.0583
  0.0674  0.0629  0.0595  0.0559  0.0543  0.0560
  0.0617  0.0604  0.0587  0.0565  0.0538  0.0543
  0.0597  0.0597  0.0601  0.0587  0.0559  0.0537
  0.0631  0.0604  0.0619  0.0608  0.0599  0.0543
  0.0678  0.0609  0.0645  0.0620  0.0652  0.0558
  0.0718  0.0625  0.0691  0.0636  0.0705  0.0581
niter,ni,del,rscale     5    3   12.0000    1.2000
parameters
    0.6718    9.8264   19.6977   -4.8133   -3.6548    0.2483
eta,q 0.94756 13.72180
  0.0712  0.0612  0.0593  0.0579  0.0595  0.0572
  0.0649  0.0583  0.0572  0.0544  0.0556  0.0550
  0.0583  0.0548  0.0544  0.0528  0.0529  0.0532
  0.0537  0.0533  0.0538  0.0536  0.0527  0.0524
  0.0547  0.0543  0.0558  0.0564  0.0553  0.0528
  0.0605  0.0553  0.0589  0.0586  0.0599  0.0543
  0.0657  0.0567  0.0630  0.0606  0.0651  0.0570
niter,ni,del,rscale     4    3   12.0000    1.2000
parameters
    1.3334   10.9174   19.3970   -6.5678   -4.7716    0.0686
eta,q 0.94838 13.69576
  0.0693  0.0594  0.0595  0.0557  0.0581  0.0559
  0.0627  0.0559  0.0575  0.0532  0.0547  0.0536
  0.0565  0.0533  0.0545  0.0519  0.0521  0.0519
  0.0524  0.0522  0.0526  0.0527  0.0520  0.0516
  0.0538  0.0532  0.0542  0.0551  0.0548  0.0523
  0.0590  0.0541  0.0577  0.0573  0.0595  0.0539
  0.0636  0.0552  0.0618  0.0597  0.0646  0.0564
niter,ni,del,rscale     3    3   12.0000    1.2000
parameters
    2.0112   12.2868   18.9992   -9.2795   -5.5184   -0.3907
eta,q 0.94957 13.71970
  0.0684  0.0589  0.0578  0.0530  0.0572  0.0540
  0.0619  0.0555  0.0563  0.0512  0.0539  0.0518
  0.0557  0.0525  0.0536  0.0506  0.0513  0.0506
  0.0516  0.0513  0.0520  0.0522  0.0505  0.0505
  0.0528  0.0524  0.0533  0.0538  0.0525  0.0511
  0.0578  0.0529  0.0565  0.0554  0.0568  0.0526
  0.0627  0.0539  0.0605  0.0585  0.0617  0.0553
niter,ni,del,rscale     2    3   12.0000    1.2000
parameters
    2.2644   13.6134   18.5685  -10.5512   -5.8797   -0.2694
eta,q 0.95035 13.67447
  0.0661  0.0585  0.0558  0.0536  0.0566  0.0546
  0.0596  0.0558  0.0538  0.0517  0.0535  0.0522
  0.0538  0.0527  0.0513  0.0497  0.0508  0.0503
  0.0504  0.0504  0.0504  0.0504  0.0496  0.0497
  0.0525  0.0509  0.0516  0.0526  0.0508  0.0501
  0.0583  0.0525  0.0545  0.0540  0.0545  0.0516
  0.0638  0.0539  0.0580  0.0558  0.0590  0.0545
niter,ni,del,rscale     1    3   12.0000    1.2000
parameters
    2.3884   13.9967   18.3316  -10.9046   -6.0796   -0.3356
eta,q 0.95034 13.65012
  0.0644  0.0570  0.0554  0.0546  0.0567  0.0545
  0.0581  0.0550  0.0533  0.0527  0.0535  0.0520
  0.0527  0.0514  0.0507  0.0504  0.0509  0.0503
  0.0497  0.0496  0.0497  0.0498  0.0496  0.0497
  0.0516  0.0516  0.0507  0.0516  0.0506  0.0503
  0.0575  0.0535  0.0533  0.0534  0.0538  0.0520
  0.0634  0.0556  0.0569  0.0551  0.0581  0.0549
registration optimization eta report
parameter search radius
    6.0000    6.0000    6.0000    6.9000    6.0000    6.0000
100000*second partial in parameter space
       38.       17.       17.       10.       21.       14.
  0.0644  0.0570  0.0554  0.0546  0.0567  0.0545
  0.0581  0.0550  0.0533  0.0527  0.0535  0.0520
  0.0527  0.0514  0.0507  0.0504  0.0509  0.0503
  0.0497  0.0496  0.0497  0.0498  0.0496  0.0497
  0.0516  0.0516  0.0507  0.0516  0.0506  0.0503
  0.0575  0.0535  0.0533  0.0534  0.0538  0.0520
  0.0634  0.0556  0.0569  0.0551  0.0581  0.0549
    2.3884   13.9967   18.3316  -10.9046   -6.0796   -0.3356
eta,q 0.95034 13.65012

---------------------------------------------------------------------
imgreg_4dfp /opt/freesurfer/average/711-2C_as_mni_average_305 /opt/freesurfer/average/711-2B_as_mni_average_305_mask talsrcimg_g11 none talsrcimg_to_711-2C_as_mni_average_305_t4 3335
---------------------------------------------------------------------

freesurfer imgreg_4dfp.c
/opt/freesurfer/average/711-2C_as_mni_average_305.4dfp.img
       256       256       256         1
  1.000000  1.000000  1.000000
orientation T byte_order littleendian
Reading image: /opt/freesurfer/average/711-2C_as_mni_average_305.4dfp.img
dimensions:      256       256       256
mmppix:       1.0000   -1.0000   -1.0000
center:     128.0000 -129.0000 -129.0000
/opt/freesurfer/average/711-2B_as_mni_average_305_mask.4dfp.img
       256       256       256         1
  1.000000  1.000000  1.000000
orientation T byte_order littleendian
Reading mask: /opt/freesurfer/average/711-2B_as_mni_average_305_mask.4dfp.img (2306576 pixels)
talsrcimg_g11.4dfp.img
       256       256       256         1
  1.000000  1.000000  1.000000
orientation T byte_order littleendian
Reading image: talsrcimg_g11.4dfp.img
dimensions:      256       256       256
mmppix:       1.0000   -1.0000   -1.0000
center:     128.0000 -129.0000 -129.0000
fimgreg.f
image alignment mode   3335 decimal      D07 hex
parameters
    2.3884   13.9967   18.3316   -0.5641   -1.7956   -2.3579
   -1.4283   10.5103   -0.5825   18.8563  -10.5909  -18.8111
eta,q 0.94977 13.75065
niter,ni,del,rscale     5    3    5.0000    1.2000
parameter  4  1.218343 ->  0.500000 qaram    1.1500
parameter  5 -2.830186 ->  0.500000 qaram    1.1500
parameter  6  0.662199 ->  0.500000 qaram    1.1500
parameter 12 -1.747275 -> -0.500000 qaram    1.1500
parameters
    2.4423   14.8396   17.9132   -4.7041   -5.9356   -6.4979
   -0.8246   10.2265    0.1169   20.5026   -9.2133  -14.6711
eta,q 0.96060 13.66014
  0.0530  0.0518  0.0508  0.0453  0.0384  0.0412  0.0431  0.0448  0.0426  0.0443  0.0423  0.0454
  0.0515  0.0511  0.0504  0.0458  0.0415  0.0411  0.0420  0.0428  0.0418  0.0428  0.0417  0.0438
  0.0506  0.0506  0.0502  0.0472  0.0441  0.0411  0.0414  0.0416  0.0414  0.0417  0.0413  0.0423
  0.0502  0.0502  0.0501  0.0501  0.0461  0.0423  0.0411  0.0411  0.0411  0.0411  0.0411  0.0410
  0.0505  0.0501  0.0503  0.0540  0.0480  0.0454  0.0413  0.0414  0.0412  0.0411  0.0410  0.0400
  0.0514  0.0502  0.0508  0.0581  0.0497  0.0496  0.0417  0.0430  0.0415  0.0414  0.0412  0.0392
  0.0527  0.0505  0.0516  0.0624  0.0516  0.0533  0.0425  0.0458  0.0421  0.0424  0.0416  0.0386
niter,ni,del,rscale     7    3    5.0000    1.2000
parameter  2  0.937773 ->  0.500000 qaram    1.1500
parameter  3  3.931886 ->  0.500000 qaram    1.1500
parameter  5  7.760183 ->  0.500000 qaram    1.3225
parameter 10  1.020129 ->  0.500000 qaram    1.1500
parameter 11  0.613737 ->  0.500000 qaram    1.1500
parameters
    2.0291   13.4596   16.5332   -7.6544  -10.6966   -8.6887
   -1.4924    9.4995    0.2120   16.3626  -13.3533  -17.2556
eta,q 0.97034 13.41558
  0.0409  0.0385  0.0349  0.0374  0.0295  0.0330  0.0337  0.0341  0.0341  0.0297  0.0299  0.0302
  0.0398  0.0385  0.0359  0.0366  0.0311  0.0325  0.0327  0.0329  0.0330  0.0299  0.0298  0.0297
  0.0393  0.0388  0.0371  0.0362  0.0334  0.0321  0.0321  0.0322  0.0323  0.0306  0.0298  0.0297
  0.0394  0.0393  0.0386  0.0362  0.0362  0.0317  0.0320  0.0320  0.0320  0.0320  0.0300  0.0298
  0.0399  0.0400  0.0401  0.0375  0.0390  0.0321  0.0324  0.0322  0.0322  0.0340  0.0303  0.0302
  0.0409  0.0410  0.0417  0.0412  0.0413  0.0342  0.0332  0.0333  0.0329  0.0365  0.0306  0.0307
  0.0423  0.0421  0.0434  0.0464  0.0437  0.0388  0.0344  0.0357  0.0339  0.0390  0.0311  0.0315
niter,ni,del,rscale     7    3    5.0000    1.2000
parameter  2  0.748473 ->  0.500000 qaram    1.3225
parameter  3  4.396093 ->  0.500000 qaram    1.3225
parameter  5  0.608088 ->  0.500000 qaram    1.5209
parameters
    1.6635   11.8726   14.9462   -7.2371  -16.1718   -9.7453
   -1.9323    9.6072    0.4288   13.2926  -12.5627  -18.0638
eta,q 0.97819 13.28816
  0.0312  0.0283  0.0220  0.0277  0.0235  0.0251  0.0243  0.0259  0.0247  0.0234  0.0234  0.0230
  0.0302  0.0279  0.0237  0.0263  0.0224  0.0236  0.0232  0.0238  0.0235  0.0222  0.0224  0.0222
  0.0297  0.0284  0.0257  0.0251  0.0223  0.0227  0.0226  0.0227  0.0227  0.0218  0.0220  0.0218
  0.0297  0.0296  0.0279  0.0242  0.0241  0.0222  0.0224  0.0224  0.0224  0.0224  0.0218  0.0218
  0.0301  0.0315  0.0304  0.0237  0.0282  0.0221  0.0227  0.0227  0.0226  0.0238  0.0219  0.0221
  0.0311  0.0339  0.0329  0.0246  0.0337  0.0242  0.0236  0.0236  0.0233  0.0261  0.0222  0.0227
  0.0326  0.0367  0.0355  0.0281  0.0379  0.0290  0.0249  0.0257  0.0245  0.0292  0.0228  0.0234
niter,ni,del,rscale     7    3    5.0000    1.2000
parameter  3  1.274418 ->  0.500000 qaram    1.5209
parameters
    1.7066   12.2193   13.1211   -5.9372  -17.4501  -10.9787
   -2.3293    9.4670    0.3176   14.4601  -11.6948  -19.0585
eta,q 0.98051 13.26909
  0.0243  0.0272  0.0189  0.0240  0.0251  0.0228  0.0219  0.0239  0.0218  0.0246  0.0216  0.0208
  0.0229  0.0246  0.0192  0.0223  0.0225  0.0213  0.0206  0.0215  0.0206  0.0220  0.0204  0.0199
  0.0221  0.0227  0.0202  0.0208  0.0203  0.0201  0.0198  0.0200  0.0199  0.0204  0.0198  0.0195
  0.0218  0.0218  0.0217  0.0195  0.0190  0.0193  0.0196  0.0196  0.0196  0.0196  0.0195  0.0195
  0.0220  0.0220  0.0237  0.0187  0.0197  0.0195  0.0200  0.0200  0.0199  0.0197  0.0197  0.0199
  0.0228  0.0231  0.0259  0.0195  0.0242  0.0226  0.0210  0.0216  0.0207  0.0206  0.0201  0.0206
  0.0242  0.0254  0.0284  0.0227  0.0306  0.0278  0.0225  0.0245  0.0220  0.0224  0.0208  0.0215
niter,ni,del,rscale     7    3    5.0000    1.2000
parameters
    1.5822   12.4499   11.6617   -5.8418  -17.5630  -12.1803
   -2.2721    9.2087    0.1399   15.4799  -11.1260  -19.0315
eta,q 0.98078 13.23484
  0.0221  0.0245  0.0202  0.0232  0.0257  0.0224  0.0219  0.0236  0.0213  0.0238  0.0211  0.0210
  0.0206  0.0220  0.0190  0.0216  0.0231  0.0210  0.0204  0.0211  0.0202  0.0213  0.0200  0.0198
  0.0197  0.0202  0.0188  0.0201  0.0206  0.0198  0.0195  0.0197  0.0195  0.0198  0.0194  0.0193
  0.0195  0.0195  0.0195  0.0188  0.0188  0.0188  0.0192  0.0192  0.0192  0.0192  0.0192  0.0192
  0.0199  0.0198  0.0208  0.0185  0.0184  0.0189  0.0195  0.0197  0.0195  0.0194  0.0194  0.0195
  0.0210  0.0211  0.0227  0.0204  0.0217  0.0222  0.0204  0.0214  0.0203  0.0203  0.0198  0.0200
  0.0227  0.0233  0.0252  0.0241  0.0279  0.0274  0.0218  0.0245  0.0215  0.0219  0.0206  0.0208
niter,ni,del,rscale     6    3    5.0000    1.2000
parameters
    1.4752   12.6309   11.3444   -5.4506  -17.4648  -12.6863
   -2.1401    8.9710   -0.0403   15.7974  -10.7811  -18.9434
eta,q 0.98081 13.23413
  0.0219  0.0238  0.0218  0.0235  0.0258  0.0227  0.0220  0.0236  0.0212  0.0229  0.0210  0.0210
  0.0204  0.0214  0.0201  0.0219  0.0233  0.0212  0.0204  0.0212  0.0201  0.0207  0.0199  0.0198
  0.0195  0.0198  0.0193  0.0204  0.0209  0.0200  0.0195  0.0197  0.0194  0.0195  0.0194  0.0193
  0.0192  0.0192  0.0192  0.0192  0.0190  0.0190  0.0192  0.0192  0.0192  0.0192  0.0192  0.0192
  0.0196  0.0195  0.0198  0.0187  0.0185  0.0184  0.0194  0.0196  0.0195  0.0195  0.0193  0.0194
  0.0207  0.0208  0.0210  0.0203  0.0214  0.0207  0.0203  0.0214  0.0202  0.0205  0.0198  0.0200
  0.0224  0.0229  0.0228  0.0238  0.0274  0.0257  0.0218  0.0245  0.0214  0.0222  0.0206  0.0207
niter,ni,del,rscale     5    3    5.0000    1.2000
parameters
    1.4223   12.6834   11.2117   -5.3150  -17.4372  -12.8637
   -2.0561    8.8294   -0.1375   15.9084  -10.6024  -18.8695
eta,q 0.98081 13.23212
  0.0221  0.0234  0.0220  0.0234  0.0258  0.0229  0.0220  0.0237  0.0212  0.0227  0.0209  0.0210
  0.0205  0.0211  0.0203  0.0218  0.0233  0.0214  0.0204  0.0213  0.0201  0.0206  0.0199  0.0198
  0.0195  0.0197  0.0194  0.0204  0.0209  0.0202  0.0195  0.0198  0.0194  0.0194  0.0194  0.0193
  0.0192  0.0192  0.0192  0.0192  0.0191  0.0191  0.0192  0.0192  0.0192  0.0192  0.0192  0.0192
  0.0196  0.0196  0.0196  0.0189  0.0187  0.0184  0.0195  0.0196  0.0194  0.0196  0.0194  0.0194
  0.0206  0.0210  0.0207  0.0206  0.0216  0.0202  0.0204  0.0213  0.0202  0.0206  0.0199  0.0200
  0.0224  0.0232  0.0223  0.0242  0.0275  0.0249  0.0218  0.0244  0.0213  0.0223  0.0207  0.0207
niter,ni,del,rscale     4    3    5.0000    1.2000
parameters
    1.3937   12.7060   11.1563   -5.2620  -17.4357  -12.9307
   -2.0136    8.7569   -0.1841   15.9502  -10.5272  -18.8349
eta,q 0.98079 13.23079
  0.0222  0.0234  0.0221  0.0233  0.0258  0.0229  0.0220  0.0238  0.0213  0.0226  0.0209  0.0209
  0.0205  0.0211  0.0203  0.0218  0.0233  0.0214  0.0204  0.0214  0.0201  0.0205  0.0199  0.0198
  0.0195  0.0197  0.0194  0.0204  0.0210  0.0202  0.0195  0.0198  0.0194  0.0194  0.0194  0.0193
  0.0192  0.0192  0.0192  0.0192  0.0192  0.0192  0.0192  0.0192  0.0192  0.0192  0.0192  0.0192
  0.0196  0.0197  0.0196  0.0189  0.0187  0.0184  0.0195  0.0196  0.0195  0.0196  0.0194  0.0194
  0.0206  0.0210  0.0206  0.0208  0.0217  0.0200  0.0204  0.0213  0.0202  0.0207  0.0199  0.0200
  0.0223  0.0232  0.0222  0.0243  0.0276  0.0247  0.0218  0.0243  0.0213  0.0224  0.0207  0.0207
niter,ni,del,rscale     3    3    5.0000    1.2000
parameters
    1.3791   12.7154   11.1352   -5.2376  -17.4379  -12.9547
   -1.9935    8.7235   -0.2014   15.9708  -10.4885  -18.8221
eta,q 0.98078 13.23036
  0.0223  0.0233  0.0222  0.0233  0.0258  0.0229  0.0219  0.0239  0.0213  0.0226  0.0208  0.0209
  0.0206  0.0211  0.0204  0.0218  0.0233  0.0214  0.0204  0.0214  0.0202  0.0205  0.0199  0.0198
  0.0195  0.0197  0.0195  0.0204  0.0210  0.0202  0.0195  0.0198  0.0194  0.0194  0.0194  0.0193
  0.0192  0.0192  0.0192  0.0192  0.0192  0.0192  0.0192  0.0192  0.0192  0.0192  0.0192  0.0192
  0.0196  0.0197  0.0196  0.0190  0.0188  0.0184  0.0195  0.0196  0.0195  0.0196  0.0194  0.0195
  0.0206  0.0210  0.0206  0.0208  0.0217  0.0200  0.0204  0.0212  0.0202  0.0207  0.0199  0.0200
  0.0223  0.0233  0.0221  0.0244  0.0276  0.0246  0.0219  0.0242  0.0213  0.0224  0.0208  0.0208
registration optimization eta report
parameter search radius
    2.4000    3.1740    3.6501    8.2800   10.9503    8.2800
    7.2000    7.2000    7.2000    8.2800    8.2800    8.2800
100000*second partial in parameter space
       54.       41.       22.        7.        6.        7.
        5.        9.        4.        5.        2.        2.
  0.0223  0.0233  0.0222  0.0233  0.0258  0.0229  0.0219  0.0239  0.0213  0.0226  0.0208  0.0209
  0.0206  0.0211  0.0204  0.0218  0.0233  0.0214  0.0204  0.0214  0.0202  0.0205  0.0199  0.0198
  0.0195  0.0197  0.0195  0.0204  0.0210  0.0202  0.0195  0.0198  0.0194  0.0194  0.0194  0.0193
  0.0192  0.0192  0.0192  0.0192  0.0192  0.0192  0.0192  0.0192  0.0192  0.0192  0.0192  0.0192
  0.0196  0.0197  0.0196  0.0190  0.0188  0.0184  0.0195  0.0196  0.0195  0.0196  0.0194  0.0195
  0.0206  0.0210  0.0206  0.0208  0.0217  0.0200  0.0204  0.0212  0.0202  0.0207  0.0199  0.0200
  0.0223  0.0233  0.0221  0.0244  0.0276  0.0246  0.0219  0.0242  0.0213  0.0224  0.0208  0.0208
    1.3791   12.7154   11.1352   -5.2376  -17.4379  -12.9547
   -1.9935    8.7235   -0.2014   15.9708  -10.4885  -18.8221
eta,q 0.98078 13.23036

---------------------------------------------------------------------
imgreg_4dfp /opt/freesurfer/average/711-2C_as_mni_average_305 /opt/freesurfer/average/711-2B_as_mni_average_305_mask talsrcimg_g11 none talsrcimg_to_711-2C_as_mni_average_305_t4 2311
---------------------------------------------------------------------

freesurfer imgreg_4dfp.c
/opt/freesurfer/average/711-2C_as_mni_average_305.4dfp.img
       256       256       256         1
  1.000000  1.000000  1.000000
orientation T byte_order littleendian
Reading image: /opt/freesurfer/average/711-2C_as_mni_average_305.4dfp.img
dimensions:      256       256       256
mmppix:       1.0000   -1.0000   -1.0000
center:     128.0000 -129.0000 -129.0000
/opt/freesurfer/average/711-2B_as_mni_average_305_mask.4dfp.img
       256       256       256         1
  1.000000  1.000000  1.000000
orientation T byte_order littleendian
Reading mask: /opt/freesurfer/average/711-2B_as_mni_average_305_mask.4dfp.img (2306576 pixels)
talsrcimg_g11.4dfp.img
       256       256       256         1
  1.000000  1.000000  1.000000
orientation T byte_order littleendian
Reading image: talsrcimg_g11.4dfp.img
dimensions:      256       256       256
mmppix:       1.0000   -1.0000   -1.0000
center:     128.0000 -129.0000 -129.0000
fimgreg.f
image alignment mode   2311 decimal      907 hex
parameters
    1.3791   12.7154   11.1352   -5.2376  -17.4379  -12.9547
   -1.9935    8.7235   -0.2014   15.9708  -10.4885  -18.8221
eta,q 0.98078 13.23037
niter,ni,del,rscale     5    3    5.0000    0.8000
parameters
    1.3691   12.7126   11.0260   -3.9923  -15.4091  -11.9591
   -2.1151    8.8125   -0.2511   16.5628  -10.3998  -18.0411
eta,q 0.98184 13.39092
  0.0206  0.0203  0.0197  0.0214  0.0213  0.0203  0.0198  0.0214  0.0195  0.0202  0.0191  0.0193
  0.0198  0.0197  0.0194  0.0206  0.0204  0.0196  0.0189  0.0198  0.0188  0.0191  0.0186  0.0187
  0.0194  0.0193  0.0192  0.0199  0.0196  0.0190  0.0183  0.0187  0.0183  0.0185  0.0183  0.0183
  0.0192  0.0192  0.0192  0.0192  0.0189  0.0185  0.0182  0.0182  0.0182  0.0182  0.0182  0.0182
  0.0194  0.0193  0.0193  0.0189  0.0185  0.0181  0.0184  0.0184  0.0183  0.0182  0.0183  0.0182
  0.0198  0.0197  0.0195  0.0191  0.0185  0.0182  0.0190  0.0195  0.0188  0.0186  0.0186  0.0184
  0.0206  0.0203  0.0198  0.0202  0.0192  0.0196  0.0199  0.0213  0.0195  0.0194  0.0190  0.0187
niter,ni,del,rscale     4    3    5.0000    0.7000
parameters
    1.3476   12.3713   11.2153   -4.2668  -15.2514  -11.2015
   -1.9812    8.8550   -0.2196   16.0942  -10.5266  -17.8386
eta,q 0.98216 13.41116
  0.0195  0.0187  0.0189  0.0197  0.0197  0.0199  0.0192  0.0204  0.0188  0.0189  0.0185  0.0186
  0.0188  0.0183  0.0185  0.0190  0.0190  0.0192  0.0184  0.0191  0.0183  0.0182  0.0181  0.0182
  0.0183  0.0181  0.0182  0.0184  0.0185  0.0187  0.0180  0.0182  0.0180  0.0179  0.0179  0.0179
  0.0182  0.0182  0.0181  0.0181  0.0181  0.0181  0.0179  0.0179  0.0179  0.0179  0.0178  0.0178
  0.0183  0.0184  0.0181  0.0183  0.0181  0.0177  0.0180  0.0181  0.0180  0.0181  0.0179  0.0179
  0.0188  0.0190  0.0183  0.0191  0.0186  0.0180  0.0184  0.0190  0.0183  0.0186  0.0182  0.0181
  0.0196  0.0197  0.0185  0.0205  0.0197  0.0193  0.0190  0.0204  0.0188  0.0194  0.0186  0.0184
niter,ni,del,rscale     3    3    5.0000    0.6000
parameters
    1.3505   12.2556   11.3593   -4.3540  -15.1045  -10.8980
   -2.0074    8.9405   -0.1418   15.9324  -10.6761  -17.8354
eta,q 0.98227 13.42321
  0.0189  0.0185  0.0185  0.0192  0.0190  0.0193  0.0186  0.0197  0.0185  0.0186  0.0183  0.0182
  0.0183  0.0181  0.0181  0.0186  0.0185  0.0187  0.0181  0.0187  0.0181  0.0181  0.0180  0.0179
  0.0180  0.0179  0.0179  0.0181  0.0181  0.0183  0.0178  0.0180  0.0178  0.0178  0.0178  0.0178
  0.0178  0.0178  0.0178  0.0178  0.0178  0.0178  0.0177  0.0177  0.0177  0.0177  0.0177  0.0177
  0.0180  0.0180  0.0179  0.0179  0.0179  0.0176  0.0179  0.0179  0.0178  0.0179  0.0178  0.0178
  0.0183  0.0183  0.0180  0.0185  0.0182  0.0180  0.0182  0.0185  0.0180  0.0182  0.0180  0.0180
  0.0189  0.0188  0.0182  0.0195  0.0190  0.0192  0.0187  0.0196  0.0184  0.0188  0.0184  0.0182
niter,ni,del,rscale     2    3    5.0000    0.5000
parameters
    1.3639   12.2031   11.4301   -4.3551  -14.9992  -10.6225
   -2.0523    9.0272   -0.0941   15.9203  -10.7810  -17.7918
eta,q 0.98234 13.43409
  0.0185  0.0182  0.0182  0.0187  0.0186  0.0189  0.0183  0.0191  0.0182  0.0184  0.0181  0.0180
  0.0181  0.0180  0.0179  0.0183  0.0182  0.0184  0.0179  0.0184  0.0179  0.0180  0.0178  0.0178
  0.0178  0.0178  0.0178  0.0179  0.0179  0.0180  0.0177  0.0179  0.0177  0.0177  0.0177  0.0177
  0.0177  0.0177  0.0177  0.0177  0.0177  0.0177  0.0177  0.0177  0.0177  0.0177  0.0177  0.0177
  0.0178  0.0178  0.0178  0.0178  0.0178  0.0176  0.0177  0.0178  0.0177  0.0177  0.0177  0.0177
  0.0180  0.0180  0.0179  0.0182  0.0180  0.0179  0.0180  0.0182  0.0179  0.0180  0.0179  0.0178
  0.0184  0.0184  0.0180  0.0189  0.0186  0.0188  0.0183  0.0190  0.0182  0.0184  0.0181  0.0180
niter,ni,del,rscale     1    3    5.0000    0.4000
parameters
    1.3773   12.1689   11.4936   -4.3501  -14.9134  -10.3596
   -2.0787    9.0925   -0.0689   15.9045  -10.8412  -17.7490
eta,q 0.98240 13.44269
  0.0181  0.0180  0.0180  0.0183  0.0182  0.0185  0.0180  0.0186  0.0180  0.0181  0.0179  0.0179
  0.0179  0.0178  0.0178  0.0180  0.0180  0.0182  0.0178  0.0181  0.0178  0.0178  0.0177  0.0177
  0.0177  0.0177  0.0177  0.0178  0.0178  0.0179  0.0176  0.0177  0.0176  0.0177  0.0176  0.0176
  0.0177  0.0177  0.0177  0.0177  0.0177  0.0177  0.0176  0.0176  0.0176  0.0176  0.0176  0.0176
  0.0177  0.0177  0.0177  0.0177  0.0177  0.0176  0.0177  0.0177  0.0176  0.0177  0.0176  0.0176
  0.0179  0.0178  0.0177  0.0179  0.0179  0.0178  0.0178  0.0180  0.0177  0.0178  0.0177  0.0177
  0.0181  0.0181  0.0179  0.0184  0.0182  0.0183  0.0180  0.0185  0.0179  0.0181  0.0179  0.0178
registration optimization eta report
parameter search radius
    0.8000    0.8000    0.8000    2.4000    2.4000    2.4000
    2.4000    2.4000    2.4000    2.4000    2.4000    2.4000
100000*second partial in parameter space
       74.       59.       39.       12.       10.       13.
        7.       17.        6.        9.        5.        4.
  0.0181  0.0180  0.0180  0.0183  0.0182  0.0185  0.0180  0.0186  0.0180  0.0181  0.0179  0.0179
  0.0179  0.0178  0.0178  0.0180  0.0180  0.0182  0.0178  0.0181  0.0178  0.0178  0.0177  0.0177
  0.0177  0.0177  0.0177  0.0178  0.0178  0.0179  0.0176  0.0177  0.0176  0.0177  0.0176  0.0176
  0.0177  0.0177  0.0177  0.0177  0.0177  0.0177  0.0176  0.0176  0.0176  0.0176  0.0176  0.0176
  0.0177  0.0177  0.0177  0.0177  0.0177  0.0176  0.0177  0.0177  0.0176  0.0177  0.0176  0.0176
  0.0179  0.0178  0.0177  0.0179  0.0179  0.0178  0.0178  0.0180  0.0177  0.0178  0.0177  0.0177
  0.0181  0.0181  0.0179  0.0184  0.0182  0.0183  0.0180  0.0185  0.0179  0.0181  0.0179  0.0178
    1.3773   12.1689   11.4936   -4.3501  -14.9134  -10.3596
   -2.0787    9.0925   -0.0689   15.9045  -10.8412  -17.7490
eta,q 0.98240 13.44269

---------------------------------------------------------------------
imgreg_4dfp /opt/freesurfer/average/711-2C_as_mni_average_305 /opt/freesurfer/average/711-2B_as_mni_average_305_mask talsrcimg_g11 none talsrcimg_to_711-2C_as_mni_average_305_t4 2311
---------------------------------------------------------------------

freesurfer imgreg_4dfp.c
/opt/freesurfer/average/711-2C_as_mni_average_305.4dfp.img
       256       256       256         1
  1.000000  1.000000  1.000000
orientation T byte_order littleendian
Reading image: /opt/freesurfer/average/711-2C_as_mni_average_305.4dfp.img
dimensions:      256       256       256
mmppix:       1.0000   -1.0000   -1.0000
center:     128.0000 -129.0000 -129.0000
/opt/freesurfer/average/711-2B_as_mni_average_305_mask.4dfp.img
       256       256       256         1
  1.000000  1.000000  1.000000
orientation T byte_order littleendian
Reading mask: /opt/freesurfer/average/711-2B_as_mni_average_305_mask.4dfp.img (2306576 pixels)
talsrcimg_g11.4dfp.img
       256       256       256         1
  1.000000  1.000000  1.000000
orientation T byte_order littleendian
Reading image: talsrcimg_g11.4dfp.img
dimensions:      256       256       256
mmppix:       1.0000   -1.0000   -1.0000
center:     128.0000 -129.0000 -129.0000
fimgreg.f
image alignment mode   2311 decimal      907 hex
parameters
    1.3773   12.1689   11.4936   -4.3501  -14.9134  -10.3596
   -2.0787    9.0925   -0.0689   15.9045  -10.8412  -17.7490
eta,q 0.98240 13.44269
niter,ni,del,rscale     5    3    5.0000    0.8000
parameters
    1.3976   12.1122   11.6218   -4.9014  -15.2793  -10.8875
   -2.0072    9.0652   -0.0434   15.5103  -10.9019  -17.9479
eta,q 0.98215 13.40538
  0.0196  0.0190  0.0189  0.0195  0.0194  0.0197  0.0194  0.0208  0.0191  0.0192  0.0187  0.0186
  0.0185  0.0182  0.0182  0.0186  0.0186  0.0190  0.0185  0.0193  0.0184  0.0184  0.0182  0.0181
  0.0178  0.0178  0.0178  0.0179  0.0180  0.0183  0.0180  0.0183  0.0180  0.0180  0.0179  0.0179
  0.0176  0.0176  0.0176  0.0176  0.0177  0.0177  0.0179  0.0179  0.0179  0.0179  0.0179  0.0179
  0.0178  0.0178  0.0177  0.0179  0.0178  0.0178  0.0180  0.0181  0.0180  0.0181  0.0180  0.0180
  0.0184  0.0183  0.0180  0.0191  0.0187  0.0192  0.0185  0.0192  0.0184  0.0187  0.0183  0.0183
  0.0195  0.0192  0.0185  0.0211  0.0204  0.0218  0.0193  0.0210  0.0190  0.0198  0.0187  0.0187
niter,ni,del,rscale     4    3    5.0000    0.7000
parameters
    1.3918   12.2081   11.4290   -4.6929  -15.2498  -11.0334
   -2.0831    9.0890   -0.0501   15.7548  -10.8765  -17.9735
eta,q 0.98219 13.40814
  0.0191  0.0191  0.0183  0.0196  0.0193  0.0194  0.0190  0.0202  0.0188  0.0192  0.0185  0.0185
  0.0184  0.0184  0.0180  0.0189  0.0186  0.0188  0.0183  0.0190  0.0182  0.0185  0.0181  0.0181
  0.0180  0.0180  0.0178  0.0182  0.0181  0.0183  0.0179  0.0182  0.0179  0.0180  0.0179  0.0179
  0.0179  0.0179  0.0178  0.0178  0.0178  0.0178  0.0178  0.0178  0.0178  0.0178  0.0178  0.0178
  0.0180  0.0179  0.0180  0.0178  0.0178  0.0177  0.0180  0.0180  0.0179  0.0179  0.0179  0.0179
  0.0184  0.0182  0.0183  0.0183  0.0184  0.0185  0.0184  0.0189  0.0183  0.0183  0.0181  0.0181
  0.0192  0.0188  0.0187  0.0196  0.0195  0.0203  0.0191  0.0203  0.0188  0.0189  0.0185  0.0184
niter,ni,del,rscale     3    3    5.0000    0.6000
parameters
    1.3891   12.2274   11.3919   -4.4937  -15.1193  -10.8879
   -2.0855    9.1041   -0.0777   15.8870  -10.8622  -17.8832
eta,q 0.98226 13.42132
  0.0188  0.0186  0.0183  0.0192  0.0190  0.0192  0.0187  0.0196  0.0185  0.0188  0.0183  0.0183
  0.0182  0.0182  0.0180  0.0186  0.0185  0.0187  0.0181  0.0187  0.0181  0.0182  0.0180  0.0180
  0.0179  0.0179  0.0178  0.0181  0.0180  0.0182  0.0178  0.0180  0.0178  0.0179  0.0178  0.0178
  0.0178  0.0178  0.0178  0.0178  0.0178  0.0178  0.0177  0.0177  0.0177  0.0177  0.0177  0.0177
  0.0179  0.0179  0.0179  0.0178  0.0178  0.0176  0.0178  0.0179  0.0178  0.0178  0.0178  0.0178
  0.0183  0.0182  0.0181  0.0182  0.0182  0.0181  0.0181  0.0186  0.0181  0.0181  0.0180  0.0179
  0.0188  0.0186  0.0183  0.0191  0.0190  0.0194  0.0186  0.0197  0.0185  0.0187  0.0183  0.0182
niter,ni,del,rscale     2    3    5.0000    0.5000
parameters
    1.3892   12.2033   11.4256   -4.3968  -15.0010  -10.6346
   -2.0788    9.1166   -0.0798   15.9169  -10.8607  -17.7999
eta,q 0.98234 13.43319
  0.0185  0.0183  0.0181  0.0188  0.0186  0.0188  0.0183  0.0191  0.0182  0.0184  0.0181  0.0180
  0.0180  0.0180  0.0179  0.0183  0.0182  0.0184  0.0179  0.0183  0.0179  0.0180  0.0178  0.0178
  0.0178  0.0178  0.0178  0.0179  0.0179  0.0180  0.0177  0.0179  0.0177  0.0178  0.0177  0.0177
  0.0177  0.0177  0.0177  0.0177  0.0177  0.0177  0.0177  0.0177  0.0177  0.0177  0.0177  0.0177
  0.0178  0.0178  0.0178  0.0178  0.0177  0.0176  0.0177  0.0178  0.0177  0.0177  0.0177  0.0177
  0.0180  0.0180  0.0179  0.0181  0.0180  0.0179  0.0179  0.0183  0.0179  0.0180  0.0178  0.0178
  0.0184  0.0183  0.0181  0.0188  0.0186  0.0188  0.0183  0.0191  0.0182  0.0184  0.0181  0.0180
niter,ni,del,rscale     1    3    5.0000    0.4000
parameters
    1.3938   12.1716   11.4874   -4.3590  -14.9146  -10.3688
   -2.0877    9.1390   -0.0633   15.9061  -10.8832  -17.7494
eta,q 0.98240 13.44226
  0.0181  0.0180  0.0180  0.0183  0.0182  0.0185  0.0180  0.0186  0.0180  0.0181  0.0179  0.0179
  0.0179  0.0178  0.0178  0.0180  0.0180  0.0182  0.0178  0.0181  0.0178  0.0178  0.0177  0.0177
  0.0177  0.0177  0.0177  0.0178  0.0178  0.0179  0.0176  0.0177  0.0176  0.0177  0.0176  0.0176
  0.0177  0.0177  0.0177  0.0177  0.0177  0.0177  0.0176  0.0176  0.0176  0.0176  0.0176  0.0176
  0.0177  0.0177  0.0177  0.0177  0.0177  0.0176  0.0177  0.0177  0.0176  0.0177  0.0176  0.0176
  0.0179  0.0178  0.0178  0.0179  0.0179  0.0178  0.0178  0.0180  0.0178  0.0178  0.0177  0.0177
  0.0181  0.0181  0.0179  0.0184  0.0182  0.0183  0.0180  0.0186  0.0179  0.0181  0.0179  0.0178
registration optimization eta report
parameter search radius
    0.8000    0.8000    0.8000    2.4000    2.4000    2.4000
    2.4000    2.4000    2.4000    2.4000    2.4000    2.4000
100000*second partial in parameter space
       74.       58.       40.       12.       10.       13.
        7.       17.        6.        9.        5.        4.
  0.0181  0.0180  0.0180  0.0183  0.0182  0.0185  0.0180  0.0186  0.0180  0.0181  0.0179  0.0179
  0.0179  0.0178  0.0178  0.0180  0.0180  0.0182  0.0178  0.0181  0.0178  0.0178  0.0177  0.0177
  0.0177  0.0177  0.0177  0.0178  0.0178  0.0179  0.0176  0.0177  0.0176  0.0177  0.0176  0.0176
  0.0177  0.0177  0.0177  0.0177  0.0177  0.0177  0.0176  0.0176  0.0176  0.0176  0.0176  0.0176
  0.0177  0.0177  0.0177  0.0177  0.0177  0.0176  0.0177  0.0177  0.0176  0.0177  0.0176  0.0176
  0.0179  0.0178  0.0178  0.0179  0.0179  0.0178  0.0178  0.0180  0.0178  0.0178  0.0177  0.0177
  0.0181  0.0181  0.0179  0.0184  0.0182  0.0183  0.0180  0.0186  0.0179  0.0181  0.0179  0.0178
    1.3938   12.1716   11.4874   -4.3590  -14.9146  -10.3688
   -2.0877    9.1390   -0.0633   15.9061  -10.8832  -17.7494
eta,q 0.98240 13.44226

---------------------------------------------------------------------
compute_vox2vox talsrcimg talsrcimg_to_711-2C_as_mni_average_305_t4 /opt/freesurfer/average/711-2C_as_mni_average_305
---------------------------------------------------------------------

freesurfer compute_vox2vox.c
Reading: talsrcimg.4dfp.ifh
Reading: talsrcimg_to_711-2C_as_mni_average_305_t4
Reading: /opt/freesurfer/average/711-2C_as_mni_average_305.4dfp.ifh
Writing: talsrcimg_to_711-2C_as_mni_average_305_t4_vox2vox.txt

start time Wed Mar 11 11:09:08 CET 2026
end		time Wed Mar 11 11:10:35 CET 2026

mpr2mni305 success

avi2talxfm orig_nu.mgz /opt/freesurfer/average/mni305.cor.mgz talsrcimg_to_711-2C_as_mni_average_305_t4_vox2vox.txt transforms/talairach.auto.xfm
avi2talxfm done
mv -f /out/sourcedata/freesurfer/sub-v2s16x51274_ses-1/mri/talsrcimg_to_711-2C_as_mni_average_305_t4_vox2vox.txt /out/sourcedata/freesurfer/sub-v2s16x51274_ses-1/mri/transforms/talsrcimg_to_711-2C_as_mni_average_305_t4_vox2vox.txt
lta_convert --src orig_nu.mgz --trg /opt/freesurfer/average/mni305.cor.mgz --inxfm transforms/talairach.auto.xfm --outlta transforms/talairach.auto.xfm.lta --subject fsaverage
7.3.2

--src: orig_nu.mgz src image (geometry).
--trg: /opt/freesurfer/average/mni305.cor.mgz trg image (geometry).
--inmni: transforms/talairach.auto.xfm input MNI/XFM transform.
--outlta: transforms/talairach.auto.xfm.lta output LTA.
--s: fsaverage subject name
 LTA read, type : 1
 1.03352  -0.10596   0.00326  -0.47435;
 0.12116   1.06343   0.22481  -18.37024;
-0.02188  -0.19888   1.13327  -2.27344;
 0.00000   0.00000   0.00000   1.00000;
setting subject to fsaverage
Writing  LTA to file transforms/talairach.auto.xfm.lta...
lta_convert successful.
 
 
Started at Wed Mar 11 11:09:08 CET 2026
Ended   at Wed Mar 11 11:10:35 CET 2026
talairach_avi done
