status file for recon-all
Wed Mar 11 12:05:22 CET 2026
#@# Tessellate rh Wed Mar 11 12:05:22 CET 2026
#@# Smooth1 rh Wed Mar 11 12:05:25 CET 2026
#@# Inflation1 rh Wed Mar 11 12:05:28 CET 2026
#@# QSphere rh Wed Mar 11 12:05:42 CET 2026
#@# Fix Topology rh Wed Mar 11 12:07:09 CET 2026
#@# Smooth2 rh Wed Mar 11 12:13:30 CET 2026
#@# Inflation2 rh Wed Mar 11 12:13:33 CET 2026
#@# Curv .H and .K rh Wed Mar 11 12:13:47 CET 2026
#@# Sphere rh Wed Mar 11 12:14:31 CET 2026
#@# Surf Reg rh Wed Mar 11 12:18:57 CET 2026
#@# Jacobian white rh Wed Mar 11 12:23:05 CET 2026
#@# AvgCurv rh Wed Mar 11 12:23:06 CET 2026
#@# Cortical Parc rh Wed Mar 11 12:23:07 CET 2026
#@# white curv rh Wed Mar 11 12:29:26 CET 2026
#@# white area rh Wed Mar 11 12:29:28 CET 2026
#@# pial curv rh Wed Mar 11 12:29:28 CET 2026
#@# pial area rh Wed Mar 11 12:29:30 CET 2026
#@# thickness rh Wed Mar 11 12:29:31 CET 2026
#@# area and vertex vol rh Wed Mar 11 12:29:58 CET 2026
#@# Curvature Stats rh Wed Mar 11 12:29:59 CET 2026
#@# Cortical Parc 2 rh Wed Mar 11 12:30:02 CET 2026
#@# Cortical Parc 3 rh Wed Mar 11 12:30:15 CET 2026
#@# WM/GM Contrast rh Wed Mar 11 12:30:24 CET 2026
recon-all -s sub-v2s16x51209_ses-1 finished without error at Wed Mar 11 12:30:27 CET 2026



#New# invocation of recon-all 



status file for recon-all
Wed Mar 11 12:37:54 CET 2026
#@# white curv rh Wed Mar 11 12:37:54 CET 2026
#@# white area rh Wed Mar 11 12:37:54 CET 2026
#@# pial curv rh Wed Mar 11 12:37:54 CET 2026
#@# pial area rh Wed Mar 11 12:37:55 CET 2026
#@# thickness rh Wed Mar 11 12:37:55 CET 2026
#@# area and vertex vol rh Wed Mar 11 12:37:55 CET 2026
#@# Parcellation Stats rh Wed Mar 11 12:37:55 CET 2026
#@# Parcellation Stats 2 rh Wed Mar 11 12:38:11 CET 2026
#@# Parcellation Stats 3 rh Wed Mar 11 12:38:20 CET 2026
#@# BA_exvivo Labels rh Wed Mar 11 12:38:28 CET 2026
recon-all -s sub-v2s16x51209_ses-1 finished without error at Wed Mar 11 12:40:58 CET 2026
