status file for recon-all
Wed Mar 11 11:43:32 CET 2026
#@# Tessellate lh Wed Mar 11 11:43:32 CET 2026
#@# Smooth1 lh Wed Mar 11 11:43:35 CET 2026
#@# Inflation1 lh Wed Mar 11 11:43:38 CET 2026
#@# QSphere lh Wed Mar 11 11:43:53 CET 2026
#@# Fix Topology lh Wed Mar 11 11:45:04 CET 2026
#@# Smooth2 lh Wed Mar 11 11:50:07 CET 2026
#@# Inflation2 lh Wed Mar 11 11:50:10 CET 2026
#@# Curv .H and .K lh Wed Mar 11 11:50:25 CET 2026
#@# Sphere lh Wed Mar 11 11:51:08 CET 2026
#@# Surf Reg lh Wed Mar 11 11:54:27 CET 2026
#@# Jacobian white lh Wed Mar 11 11:58:15 CET 2026
#@# AvgCurv lh Wed Mar 11 11:58:16 CET 2026
#@# Cortical Parc lh Wed Mar 11 11:58:16 CET 2026
#@# white curv lh Wed Mar 11 12:04:20 CET 2026
#@# white area lh Wed Mar 11 12:04:22 CET 2026
#@# pial curv lh Wed Mar 11 12:04:23 CET 2026
#@# pial area lh Wed Mar 11 12:04:24 CET 2026
#@# thickness lh Wed Mar 11 12:04:25 CET 2026
#@# area and vertex vol lh Wed Mar 11 12:04:52 CET 2026
#@# Curvature Stats lh Wed Mar 11 12:04:53 CET 2026
#@# Cortical Parc 2 lh Wed Mar 11 12:04:56 CET 2026
#@# Cortical Parc 3 lh Wed Mar 11 12:05:08 CET 2026
#@# WM/GM Contrast lh Wed Mar 11 12:05:18 CET 2026
recon-all -s sub-v2s16x51209_ses-1 finished without error at Wed Mar 11 12:05:20 CET 2026



#New# invocation of recon-all 



status file for recon-all
Wed Mar 11 12:34:46 CET 2026
#@# white curv lh Wed Mar 11 12:34:46 CET 2026
#@# white area lh Wed Mar 11 12:34:46 CET 2026
#@# pial curv lh Wed Mar 11 12:34:46 CET 2026
#@# pial area lh Wed Mar 11 12:34:46 CET 2026
#@# thickness lh Wed Mar 11 12:34:46 CET 2026
#@# area and vertex vol lh Wed Mar 11 12:34:46 CET 2026
#@# Parcellation Stats lh Wed Mar 11 12:34:46 CET 2026
#@# Parcellation Stats 2 lh Wed Mar 11 12:35:03 CET 2026
#@# Parcellation Stats 3 lh Wed Mar 11 12:35:11 CET 2026
#@# BA_exvivo Labels lh Wed Mar 11 12:35:19 CET 2026
recon-all -s sub-v2s16x51209_ses-1 finished without error at Wed Mar 11 12:37:53 CET 2026
