status file for recon-all
Wed Mar 11 12:21:48 CET 2026
#@# Tessellate rh Wed Mar 11 12:21:49 CET 2026
#@# Smooth1 rh Wed Mar 11 12:21:52 CET 2026
#@# Inflation1 rh Wed Mar 11 12:21:55 CET 2026
#@# QSphere rh Wed Mar 11 12:22:04 CET 2026
#@# Fix Topology rh Wed Mar 11 12:23:04 CET 2026
#@# Smooth2 rh Wed Mar 11 12:27:41 CET 2026
#@# Inflation2 rh Wed Mar 11 12:27:44 CET 2026
#@# Curv .H and .K rh Wed Mar 11 12:27:54 CET 2026
#@# Sphere rh Wed Mar 11 12:28:41 CET 2026
#@# Surf Reg rh Wed Mar 11 12:30:18 CET 2026
#@# Jacobian white rh Wed Mar 11 12:33:45 CET 2026
#@# AvgCurv rh Wed Mar 11 12:33:46 CET 2026
#@# Cortical Parc rh Wed Mar 11 12:33:46 CET 2026
#@# white curv rh Wed Mar 11 12:39:32 CET 2026
#@# white area rh Wed Mar 11 12:39:34 CET 2026
#@# pial curv rh Wed Mar 11 12:39:34 CET 2026
#@# pial area rh Wed Mar 11 12:39:36 CET 2026
#@# thickness rh Wed Mar 11 12:39:37 CET 2026
#@# area and vertex vol rh Wed Mar 11 12:40:06 CET 2026
#@# Curvature Stats rh Wed Mar 11 12:40:07 CET 2026
#@# Cortical Parc 2 rh Wed Mar 11 12:40:10 CET 2026
#@# Cortical Parc 3 rh Wed Mar 11 12:40:22 CET 2026
#@# WM/GM Contrast rh Wed Mar 11 12:40:32 CET 2026
recon-all -s sub-v2s16x51243_ses-1 finished without error at Wed Mar 11 12:40:34 CET 2026



#New# invocation of recon-all 



status file for recon-all
Wed Mar 11 12:48:39 CET 2026
#@# white curv rh Wed Mar 11 12:48:39 CET 2026
#@# white area rh Wed Mar 11 12:48:39 CET 2026
#@# pial curv rh Wed Mar 11 12:48:39 CET 2026
#@# pial area rh Wed Mar 11 12:48:39 CET 2026
#@# thickness rh Wed Mar 11 12:48:39 CET 2026
#@# area and vertex vol rh Wed Mar 11 12:48:39 CET 2026
#@# Parcellation Stats rh Wed Mar 11 12:48:39 CET 2026
#@# Parcellation Stats 2 rh Wed Mar 11 12:48:57 CET 2026
#@# Parcellation Stats 3 rh Wed Mar 11 12:49:06 CET 2026
#@# BA_exvivo Labels rh Wed Mar 11 12:49:15 CET 2026
recon-all -s sub-v2s16x51243_ses-1 finished without error at Wed Mar 11 12:51:33 CET 2026
