status file for recon-all
Wed Mar 11 12:02:04 CET 2026
#@# Tessellate lh Wed Mar 11 12:02:04 CET 2026
#@# Smooth1 lh Wed Mar 11 12:02:07 CET 2026
#@# Inflation1 lh Wed Mar 11 12:02:10 CET 2026
#@# QSphere lh Wed Mar 11 12:02:19 CET 2026
#@# Fix Topology lh Wed Mar 11 12:03:16 CET 2026
#@# Smooth2 lh Wed Mar 11 12:08:44 CET 2026
#@# Inflation2 lh Wed Mar 11 12:08:47 CET 2026
#@# Curv .H and .K lh Wed Mar 11 12:08:57 CET 2026
#@# Sphere lh Wed Mar 11 12:09:44 CET 2026
#@# Surf Reg lh Wed Mar 11 12:11:26 CET 2026
#@# Jacobian white lh Wed Mar 11 12:14:36 CET 2026
#@# AvgCurv lh Wed Mar 11 12:14:37 CET 2026
#@# Cortical Parc lh Wed Mar 11 12:14:37 CET 2026
#@# white curv lh Wed Mar 11 12:20:43 CET 2026
#@# white area lh Wed Mar 11 12:20:45 CET 2026
#@# pial curv lh Wed Mar 11 12:20:46 CET 2026
#@# pial area lh Wed Mar 11 12:20:47 CET 2026
#@# thickness lh Wed Mar 11 12:20:48 CET 2026
#@# area and vertex vol lh Wed Mar 11 12:21:17 CET 2026
#@# Curvature Stats lh Wed Mar 11 12:21:19 CET 2026
#@# Cortical Parc 2 lh Wed Mar 11 12:21:21 CET 2026
#@# Cortical Parc 3 lh Wed Mar 11 12:21:33 CET 2026
#@# WM/GM Contrast lh Wed Mar 11 12:21:43 CET 2026
recon-all -s sub-v2s16x51243_ses-1 finished without error at Wed Mar 11 12:21:46 CET 2026



#New# invocation of recon-all 



status file for recon-all
Wed Mar 11 12:45:39 CET 2026
#@# white curv lh Wed Mar 11 12:45:39 CET 2026
#@# white area lh Wed Mar 11 12:45:39 CET 2026
#@# pial curv lh Wed Mar 11 12:45:39 CET 2026
#@# pial area lh Wed Mar 11 12:45:39 CET 2026
#@# thickness lh Wed Mar 11 12:45:39 CET 2026
#@# area and vertex vol lh Wed Mar 11 12:45:39 CET 2026
#@# Parcellation Stats lh Wed Mar 11 12:45:39 CET 2026
#@# Parcellation Stats 2 lh Wed Mar 11 12:45:57 CET 2026
#@# Parcellation Stats 3 lh Wed Mar 11 12:46:06 CET 2026
#@# BA_exvivo Labels lh Wed Mar 11 12:46:15 CET 2026
recon-all -s sub-v2s16x51243_ses-1 finished without error at Wed Mar 11 12:48:36 CET 2026
