status file for recon-all
Wed Mar 11 10:29:38 CET 2026
#@# MotionCor Wed Mar 11 10:29:39 CET 2026
#@# Talairach Wed Mar 11 10:29:47 CET 2026
#@# Talairach Failure Detection Wed Mar 11 10:34:09 CET 2026
#@# Nu Intensity Correction Wed Mar 11 10:34:09 CET 2026
#@# Intensity Normalization Wed Mar 11 10:37:23 CET 2026
recon-all -s sub-v2s16x51243_ses-1 finished without error at Wed Mar 11 10:38:47 CET 2026



#New# invocation of recon-all 



status file for recon-all
Wed Mar 11 10:45:42 CET 2026
#@# EM Registration Wed Mar 11 10:45:42 CET 2026
recon-all -s sub-v2s16x51243_ses-1 finished without error at Wed Mar 11 10:47:21 CET 2026



#New# invocation of recon-all 



status file for recon-all
Wed Mar 11 10:47:22 CET 2026
#@# CA Normalize Wed Mar 11 10:47:22 CET 2026
#@# CA Reg Wed Mar 11 10:48:40 CET 2026
#@# SubCort Seg Wed Mar 11 11:28:19 CET 2026
#@# CC Seg Wed Mar 11 11:56:23 CET 2026
#@# Merge ASeg Wed Mar 11 11:56:56 CET 2026
#@# Intensity Normalization2 Wed Mar 11 11:56:56 CET 2026
#@# Mask BFS Wed Mar 11 11:59:05 CET 2026
#@# WM Segmentation Wed Mar 11 11:59:06 CET 2026
#@# Fill Wed Mar 11 12:00:59 CET 2026
recon-all -s sub-v2s16x51243_ses-1 finished without error at Wed Mar 11 12:02:00 CET 2026



#New# invocation of recon-all 



status file for recon-all
Wed Mar 11 12:40:39 CET 2026
#@# white curv lh Wed Mar 11 12:40:39 CET 2026
#@# white area lh Wed Mar 11 12:40:39 CET 2026
#@# pial curv lh Wed Mar 11 12:40:39 CET 2026
#@# pial area lh Wed Mar 11 12:40:39 CET 2026
#@# thickness lh Wed Mar 11 12:40:39 CET 2026
#@# area and vertex vol lh Wed Mar 11 12:40:39 CET 2026
#@# white curv rh Wed Mar 11 12:40:39 CET 2026
#@# white area rh Wed Mar 11 12:40:39 CET 2026
#@# pial curv rh Wed Mar 11 12:40:39 CET 2026
#@# pial area rh Wed Mar 11 12:40:39 CET 2026
#@# thickness rh Wed Mar 11 12:40:39 CET 2026
#@# area and vertex vol rh Wed Mar 11 12:40:39 CET 2026
#@# Cortical ribbon mask Wed Mar 11 12:40:39 CET 2026
recon-all -s sub-v2s16x51243_ses-1 finished without error at Wed Mar 11 12:45:34 CET 2026



#New# invocation of recon-all 



status file for recon-all
Wed Mar 11 12:51:38 CET 2026
#@# white curv lh Wed Mar 11 12:51:38 CET 2026
#@# white area lh Wed Mar 11 12:51:38 CET 2026
#@# pial curv lh Wed Mar 11 12:51:38 CET 2026
#@# pial area lh Wed Mar 11 12:51:38 CET 2026
#@# thickness lh Wed Mar 11 12:51:38 CET 2026
#@# area and vertex vol lh Wed Mar 11 12:51:38 CET 2026
#@# white curv rh Wed Mar 11 12:51:38 CET 2026
#@# white area rh Wed Mar 11 12:51:38 CET 2026
#@# pial curv rh Wed Mar 11 12:51:38 CET 2026
#@# pial area rh Wed Mar 11 12:51:38 CET 2026
#@# thickness rh Wed Mar 11 12:51:38 CET 2026
#@# area and vertex vol rh Wed Mar 11 12:51:38 CET 2026
#@# Curvature Stats lh Wed Mar 11 12:51:38 CET 2026
#@# Curvature Stats rh Wed Mar 11 12:51:41 CET 2026
#@# Relabel Hypointensities Wed Mar 11 12:51:43 CET 2026
#@# APas-to-ASeg Wed Mar 11 12:51:58 CET 2026
#@# AParc-to-ASeg aparc Wed Mar 11 12:52:05 CET 2026
#@# AParc-to-ASeg aparc.a2009s Wed Mar 11 12:52:42 CET 2026
#@# AParc-to-ASeg aparc.DKTatlas Wed Mar 11 12:53:18 CET 2026
#@# WMParc Wed Mar 11 12:53:55 CET 2026
#@# ASeg Stats Wed Mar 11 12:57:22 CET 2026
recon-all -s sub-v2s16x51243_ses-1 finished without error at Wed Mar 11 12:57:53 CET 2026
