status file for recon-all
Wed Mar 11 11:49:07 CET 2026
#@# MotionCor Wed Mar 11 11:49:09 CET 2026
#@# Talairach Wed Mar 11 11:49:17 CET 2026
#@# Talairach Failure Detection Wed Mar 11 11:53:40 CET 2026
#@# Nu Intensity Correction Wed Mar 11 11:53:40 CET 2026
#@# Intensity Normalization Wed Mar 11 11:56:55 CET 2026
recon-all -s sub-v2s16x51307_ses-1 finished without error at Wed Mar 11 11:58:18 CET 2026



#New# invocation of recon-all 



status file for recon-all
Wed Mar 11 12:04:29 CET 2026
#@# EM Registration Wed Mar 11 12:04:29 CET 2026
recon-all -s sub-v2s16x51307_ses-1 finished without error at Wed Mar 11 12:06:54 CET 2026



#New# invocation of recon-all 



status file for recon-all
Wed Mar 11 12:06:57 CET 2026
#@# CA Normalize Wed Mar 11 12:06:57 CET 2026
#@# CA Reg Wed Mar 11 12:08:16 CET 2026
#@# SubCort Seg Wed Mar 11 12:52:50 CET 2026
#@# CC Seg Wed Mar 11 13:20:34 CET 2026
#@# Merge ASeg Wed Mar 11 13:21:20 CET 2026
#@# Intensity Normalization2 Wed Mar 11 13:21:20 CET 2026
#@# Mask BFS Wed Mar 11 13:23:26 CET 2026
#@# WM Segmentation Wed Mar 11 13:23:27 CET 2026
#@# Fill Wed Mar 11 13:25:22 CET 2026
recon-all -s sub-v2s16x51307_ses-1 finished without error at Wed Mar 11 13:26:23 CET 2026



#New# invocation of recon-all 



status file for recon-all
Wed Mar 11 14:05:39 CET 2026
#@# white curv lh Wed Mar 11 14:05:39 CET 2026
#@# white area lh Wed Mar 11 14:05:39 CET 2026
#@# pial curv lh Wed Mar 11 14:05:39 CET 2026
#@# pial area lh Wed Mar 11 14:05:39 CET 2026
#@# thickness lh Wed Mar 11 14:05:39 CET 2026
#@# area and vertex vol lh Wed Mar 11 14:05:39 CET 2026
#@# white curv rh Wed Mar 11 14:05:39 CET 2026
#@# white area rh Wed Mar 11 14:05:39 CET 2026
#@# pial curv rh Wed Mar 11 14:05:39 CET 2026
#@# pial area rh Wed Mar 11 14:05:39 CET 2026
#@# thickness rh Wed Mar 11 14:05:39 CET 2026
#@# area and vertex vol rh Wed Mar 11 14:05:39 CET 2026
#@# Cortical ribbon mask Wed Mar 11 14:05:39 CET 2026
recon-all -s sub-v2s16x51307_ses-1 finished without error at Wed Mar 11 14:10:56 CET 2026



#New# invocation of recon-all 



status file for recon-all
Wed Mar 11 14:16:42 CET 2026
#@# white curv lh Wed Mar 11 14:16:42 CET 2026
#@# white area lh Wed Mar 11 14:16:42 CET 2026
#@# pial curv lh Wed Mar 11 14:16:42 CET 2026
#@# pial area lh Wed Mar 11 14:16:42 CET 2026
#@# thickness lh Wed Mar 11 14:16:42 CET 2026
#@# area and vertex vol lh Wed Mar 11 14:16:42 CET 2026
#@# white curv rh Wed Mar 11 14:16:42 CET 2026
#@# white area rh Wed Mar 11 14:16:42 CET 2026
#@# pial curv rh Wed Mar 11 14:16:42 CET 2026
#@# pial area rh Wed Mar 11 14:16:42 CET 2026
#@# thickness rh Wed Mar 11 14:16:42 CET 2026
#@# area and vertex vol rh Wed Mar 11 14:16:42 CET 2026
#@# Curvature Stats lh Wed Mar 11 14:16:42 CET 2026
#@# Curvature Stats rh Wed Mar 11 14:16:44 CET 2026
#@# Relabel Hypointensities Wed Mar 11 14:16:46 CET 2026
#@# APas-to-ASeg Wed Mar 11 14:17:01 CET 2026
#@# AParc-to-ASeg aparc Wed Mar 11 14:17:09 CET 2026
#@# AParc-to-ASeg aparc.a2009s Wed Mar 11 14:17:42 CET 2026
#@# AParc-to-ASeg aparc.DKTatlas Wed Mar 11 14:18:14 CET 2026
#@# WMParc Wed Mar 11 14:18:48 CET 2026
#@# ASeg Stats Wed Mar 11 14:22:21 CET 2026
recon-all -s sub-v2s16x51307_ses-1 finished without error at Wed Mar 11 14:22:53 CET 2026
