status file for recon-all
Wed Mar 11 13:26:26 CET 2026
#@# Tessellate lh Wed Mar 11 13:26:26 CET 2026
#@# Smooth1 lh Wed Mar 11 13:26:29 CET 2026
#@# Inflation1 lh Wed Mar 11 13:26:31 CET 2026
#@# QSphere lh Wed Mar 11 13:26:40 CET 2026
#@# Fix Topology lh Wed Mar 11 13:27:29 CET 2026
#@# Smooth2 lh Wed Mar 11 13:32:15 CET 2026
#@# Inflation2 lh Wed Mar 11 13:32:18 CET 2026
#@# Curv .H and .K lh Wed Mar 11 13:32:27 CET 2026
#@# Sphere lh Wed Mar 11 13:33:10 CET 2026
#@# Surf Reg lh Wed Mar 11 13:36:06 CET 2026
#@# Jacobian white lh Wed Mar 11 13:39:05 CET 2026
#@# AvgCurv lh Wed Mar 11 13:39:05 CET 2026
#@# Cortical Parc lh Wed Mar 11 13:39:06 CET 2026
#@# white curv lh Wed Mar 11 13:44:48 CET 2026
#@# white area lh Wed Mar 11 13:44:49 CET 2026
#@# pial curv lh Wed Mar 11 13:44:49 CET 2026
#@# pial area lh Wed Mar 11 13:44:51 CET 2026
#@# thickness lh Wed Mar 11 13:44:51 CET 2026
#@# area and vertex vol lh Wed Mar 11 13:45:18 CET 2026
#@# Curvature Stats lh Wed Mar 11 13:45:19 CET 2026
#@# Cortical Parc 2 lh Wed Mar 11 13:45:21 CET 2026
#@# Cortical Parc 3 lh Wed Mar 11 13:45:33 CET 2026
#@# WM/GM Contrast lh Wed Mar 11 13:45:42 CET 2026
recon-all -s sub-v2s16x51307_ses-1 finished without error at Wed Mar 11 13:45:44 CET 2026



#New# invocation of recon-all 



status file for recon-all
Wed Mar 11 14:11:00 CET 2026
#@# white curv lh Wed Mar 11 14:11:00 CET 2026
#@# white area lh Wed Mar 11 14:11:00 CET 2026
#@# pial curv lh Wed Mar 11 14:11:00 CET 2026
#@# pial area lh Wed Mar 11 14:11:00 CET 2026
#@# thickness lh Wed Mar 11 14:11:00 CET 2026
#@# area and vertex vol lh Wed Mar 11 14:11:00 CET 2026
#@# Parcellation Stats lh Wed Mar 11 14:11:00 CET 2026
#@# Parcellation Stats 2 lh Wed Mar 11 14:11:16 CET 2026
#@# Parcellation Stats 3 lh Wed Mar 11 14:11:24 CET 2026
#@# BA_exvivo Labels lh Wed Mar 11 14:11:31 CET 2026
recon-all -s sub-v2s16x51307_ses-1 finished without error at Wed Mar 11 14:13:45 CET 2026
