status file for recon-all
Wed Mar 11 13:45:46 CET 2026
#@# Tessellate rh Wed Mar 11 13:45:46 CET 2026
#@# Smooth1 rh Wed Mar 11 13:45:49 CET 2026
#@# Inflation1 rh Wed Mar 11 13:45:51 CET 2026
#@# QSphere rh Wed Mar 11 13:46:00 CET 2026
#@# Fix Topology rh Wed Mar 11 13:46:51 CET 2026
#@# Smooth2 rh Wed Mar 11 13:52:06 CET 2026
#@# Inflation2 rh Wed Mar 11 13:52:08 CET 2026
#@# Curv .H and .K rh Wed Mar 11 13:52:17 CET 2026
#@# Sphere rh Wed Mar 11 13:53:00 CET 2026
#@# Surf Reg rh Wed Mar 11 13:55:54 CET 2026
#@# Jacobian white rh Wed Mar 11 13:58:56 CET 2026
#@# AvgCurv rh Wed Mar 11 13:58:56 CET 2026
#@# Cortical Parc rh Wed Mar 11 13:58:57 CET 2026
#@# white curv rh Wed Mar 11 14:04:35 CET 2026
#@# white area rh Wed Mar 11 14:04:37 CET 2026
#@# pial curv rh Wed Mar 11 14:04:37 CET 2026
#@# pial area rh Wed Mar 11 14:04:39 CET 2026
#@# thickness rh Wed Mar 11 14:04:39 CET 2026
#@# area and vertex vol rh Wed Mar 11 14:05:05 CET 2026
#@# Curvature Stats rh Wed Mar 11 14:05:06 CET 2026
#@# Cortical Parc 2 rh Wed Mar 11 14:05:08 CET 2026
#@# Cortical Parc 3 rh Wed Mar 11 14:05:20 CET 2026
#@# WM/GM Contrast rh Wed Mar 11 14:05:29 CET 2026
recon-all -s sub-v2s16x51307_ses-1 finished without error at Wed Mar 11 14:05:31 CET 2026



#New# invocation of recon-all 



status file for recon-all
Wed Mar 11 14:13:48 CET 2026
#@# white curv rh Wed Mar 11 14:13:48 CET 2026
#@# white area rh Wed Mar 11 14:13:48 CET 2026
#@# pial curv rh Wed Mar 11 14:13:48 CET 2026
#@# pial area rh Wed Mar 11 14:13:48 CET 2026
#@# thickness rh Wed Mar 11 14:13:48 CET 2026
#@# area and vertex vol rh Wed Mar 11 14:13:48 CET 2026
#@# Parcellation Stats rh Wed Mar 11 14:13:48 CET 2026
#@# Parcellation Stats 2 rh Wed Mar 11 14:14:04 CET 2026
#@# Parcellation Stats 3 rh Wed Mar 11 14:14:12 CET 2026
#@# BA_exvivo Labels rh Wed Mar 11 14:14:20 CET 2026
recon-all -s sub-v2s16x51307_ses-1 finished without error at Wed Mar 11 14:16:37 CET 2026
