status file for recon-all
Wed Mar 11 11:47:56 CET 2026
#@# Tessellate lh Wed Mar 11 11:47:56 CET 2026
#@# Smooth1 lh Wed Mar 11 11:48:00 CET 2026
#@# Inflation1 lh Wed Mar 11 11:48:03 CET 2026
#@# QSphere lh Wed Mar 11 11:48:16 CET 2026
#@# Fix Topology lh Wed Mar 11 11:49:36 CET 2026
#@# Smooth2 lh Wed Mar 11 11:54:49 CET 2026
#@# Inflation2 lh Wed Mar 11 11:54:53 CET 2026
#@# Curv .H and .K lh Wed Mar 11 11:55:08 CET 2026
#@# Sphere lh Wed Mar 11 11:55:54 CET 2026
#@# Surf Reg lh Wed Mar 11 11:58:08 CET 2026
#@# Jacobian white lh Wed Mar 11 12:02:19 CET 2026
#@# AvgCurv lh Wed Mar 11 12:02:20 CET 2026
#@# Cortical Parc lh Wed Mar 11 12:02:21 CET 2026
#@# white curv lh Wed Mar 11 12:08:47 CET 2026
#@# white area lh Wed Mar 11 12:08:48 CET 2026
#@# pial curv lh Wed Mar 11 12:08:49 CET 2026
#@# pial area lh Wed Mar 11 12:08:51 CET 2026
#@# thickness lh Wed Mar 11 12:08:52 CET 2026
#@# area and vertex vol lh Wed Mar 11 12:09:20 CET 2026
#@# Curvature Stats lh Wed Mar 11 12:09:22 CET 2026
#@# Cortical Parc 2 lh Wed Mar 11 12:09:25 CET 2026
#@# Cortical Parc 3 lh Wed Mar 11 12:09:38 CET 2026
#@# WM/GM Contrast lh Wed Mar 11 12:09:49 CET 2026
recon-all -s sub-v2s16x51215_ses-1 finished without error at Wed Mar 11 12:09:52 CET 2026



#New# invocation of recon-all 



status file for recon-all
Wed Mar 11 12:40:17 CET 2026
#@# white curv lh Wed Mar 11 12:40:17 CET 2026
#@# white area lh Wed Mar 11 12:40:17 CET 2026
#@# pial curv lh Wed Mar 11 12:40:17 CET 2026
#@# pial area lh Wed Mar 11 12:40:17 CET 2026
#@# thickness lh Wed Mar 11 12:40:17 CET 2026
#@# area and vertex vol lh Wed Mar 11 12:40:17 CET 2026
#@# Parcellation Stats lh Wed Mar 11 12:40:17 CET 2026
#@# Parcellation Stats 2 lh Wed Mar 11 12:40:35 CET 2026
#@# Parcellation Stats 3 lh Wed Mar 11 12:40:44 CET 2026
#@# BA_exvivo Labels lh Wed Mar 11 12:40:53 CET 2026
recon-all -s sub-v2s16x51215_ses-1 finished without error at Wed Mar 11 12:43:38 CET 2026
