status file for recon-all
Wed Mar 11 10:01:51 CET 2026
#@# MotionCor Wed Mar 11 10:01:54 CET 2026
#@# Talairach Wed Mar 11 10:02:02 CET 2026
#@# Talairach Failure Detection Wed Mar 11 10:06:26 CET 2026
#@# Nu Intensity Correction Wed Mar 11 10:06:26 CET 2026
#@# Intensity Normalization Wed Mar 11 10:09:40 CET 2026
recon-all -s sub-v2s16x51215_ses-1 finished without error at Wed Mar 11 10:11:08 CET 2026



#New# invocation of recon-all 



status file for recon-all
Wed Mar 11 10:17:30 CET 2026
#@# EM Registration Wed Mar 11 10:17:30 CET 2026
recon-all -s sub-v2s16x51215_ses-1 finished without error at Wed Mar 11 10:19:55 CET 2026



#New# invocation of recon-all 



status file for recon-all
Wed Mar 11 10:19:56 CET 2026
#@# CA Normalize Wed Mar 11 10:19:56 CET 2026
#@# CA Reg Wed Mar 11 10:21:14 CET 2026
#@# SubCort Seg Wed Mar 11 11:12:44 CET 2026
#@# CC Seg Wed Mar 11 11:42:18 CET 2026
#@# Merge ASeg Wed Mar 11 11:42:52 CET 2026
#@# Intensity Normalization2 Wed Mar 11 11:42:52 CET 2026
#@# Mask BFS Wed Mar 11 11:45:01 CET 2026
#@# WM Segmentation Wed Mar 11 11:45:02 CET 2026
#@# Fill Wed Mar 11 11:46:50 CET 2026
recon-all -s sub-v2s16x51215_ses-1 finished without error at Wed Mar 11 11:47:52 CET 2026



#New# invocation of recon-all 



status file for recon-all
Wed Mar 11 12:32:38 CET 2026
#@# white curv lh Wed Mar 11 12:32:38 CET 2026
#@# white area lh Wed Mar 11 12:32:38 CET 2026
#@# pial curv lh Wed Mar 11 12:32:38 CET 2026
#@# pial area lh Wed Mar 11 12:32:38 CET 2026
#@# thickness lh Wed Mar 11 12:32:38 CET 2026
#@# area and vertex vol lh Wed Mar 11 12:32:38 CET 2026
#@# white curv rh Wed Mar 11 12:32:38 CET 2026
#@# white area rh Wed Mar 11 12:32:38 CET 2026
#@# pial curv rh Wed Mar 11 12:32:38 CET 2026
#@# pial area rh Wed Mar 11 12:32:38 CET 2026
#@# thickness rh Wed Mar 11 12:32:38 CET 2026
#@# area and vertex vol rh Wed Mar 11 12:32:38 CET 2026
#@# Cortical ribbon mask Wed Mar 11 12:32:38 CET 2026
recon-all -s sub-v2s16x51215_ses-1 finished without error at Wed Mar 11 12:40:12 CET 2026



#New# invocation of recon-all 



status file for recon-all
Wed Mar 11 12:47:05 CET 2026
#@# white curv lh Wed Mar 11 12:47:05 CET 2026
#@# white area lh Wed Mar 11 12:47:05 CET 2026
#@# pial curv lh Wed Mar 11 12:47:05 CET 2026
#@# pial area lh Wed Mar 11 12:47:05 CET 2026
#@# thickness lh Wed Mar 11 12:47:05 CET 2026
#@# area and vertex vol lh Wed Mar 11 12:47:05 CET 2026
#@# white curv rh Wed Mar 11 12:47:05 CET 2026
#@# white area rh Wed Mar 11 12:47:05 CET 2026
#@# pial curv rh Wed Mar 11 12:47:05 CET 2026
#@# pial area rh Wed Mar 11 12:47:05 CET 2026
#@# thickness rh Wed Mar 11 12:47:05 CET 2026
#@# area and vertex vol rh Wed Mar 11 12:47:05 CET 2026
#@# Curvature Stats lh Wed Mar 11 12:47:05 CET 2026
#@# Curvature Stats rh Wed Mar 11 12:47:07 CET 2026
#@# Relabel Hypointensities Wed Mar 11 12:47:10 CET 2026
#@# APas-to-ASeg Wed Mar 11 12:47:25 CET 2026
#@# AParc-to-ASeg aparc Wed Mar 11 12:47:34 CET 2026
#@# AParc-to-ASeg aparc.a2009s Wed Mar 11 12:48:07 CET 2026
#@# AParc-to-ASeg aparc.DKTatlas Wed Mar 11 12:48:41 CET 2026
#@# WMParc Wed Mar 11 12:49:18 CET 2026
#@# ASeg Stats Wed Mar 11 12:52:48 CET 2026
recon-all -s sub-v2s16x51215_ses-1 finished without error at Wed Mar 11 12:53:28 CET 2026
