/out/sourcedata/freesurfer/sub-v2s16x51247_ses-1/mri
/opt/freesurfer/bin/talairach_avi
--i orig_nu.mgz --xfm transforms/talairach.auto.xfm
talairach_avi 7.3.2
Linux dna038 5.14.0-427.37.1.el9_4.x86_64 #1 SMP PREEMPT_DYNAMIC Fri Sep 13 12:41:50 EDT 2024 x86_64 x86_64 x86_64 GNU/Linux
Wed Mar 11 10:59:40 CET 2026
mri_convert orig_nu.mgz talsrcimg.img 
reading from orig_nu.mgz...
TR=0.00, TE=0.00, TI=0.00, flip angle=0.00
i_ras = (-1, -1.19326e-09, -7.45058e-09)
j_ras = (0, 2.32831e-10, -1)
k_ras = (1.19326e-09, 1, 2.32831e-10)
writing to talsrcimg.img...
Analyze Output Matrix
-1.00000   0.00000   0.00000   116.99313;
-0.00000   0.00000   1.00000  -118.44234;
-0.00000  -1.00000   0.00000   135.37981;
 0.00000   0.00000   0.00000   1.00000;
--------------------
INFO: set hdr.hist.orient to -1
mpr2mni305 talsrcimg
Wed Mar 11 10:59:40 CET 2026
/opt/freesurfer/bin/mpr2mni305 talsrcimg
mpr2mni305 7.3.2
target=711-2C_as_mni_average_305

---------------------------------------------------------------------
analyzeto4dfp talsrcimg -O0 -y
---------------------------------------------------------------------

freesurfer ifh2hdr.c
Wed Mar 11 10:59:41 2026
Writing: talsrcimg.4dfp.hdr
freesurfer analyzeto4dfp.c
Reading: talsrcimg.hdr
header size 348 bytes
hdr.dime.datatype	offset=70	value=2
hdr.dime.bitpix		offset=72	value=8
hdr.hist.orient		offset=252	value=-1
dimensionality     4
dimensions       256       256       256         1
Reading: talsrcimg.img
Writing: talsrcimg.4dfp.img
Writing: talsrcimg.4dfp.ifh
ifh2hdr talsrcimg -r0to237
ori=2

---------------------------------------------------------------------
gauss_4dfp talsrcimg 1.1
---------------------------------------------------------------------

freesurfer gauss_4dfp.c
Reading: talsrcimg.4dfp.img
Writing: talsrcimg_g11.4dfp.img
image dimensions 256 256 256 padded to 288 288 288
processing volume 1freesurfer ifh2hdr.c
Wed Mar 11 10:59:42 2026
Writing: talsrcimg_g11.4dfp.hdr

Writing: talsrcimg_g11.4dfp.ifh
including: talsrcimg.4dfp.img.rec in talsrcimg_g11.4dfp.img.rec

---------------------------------------------------------------------
imgreg_4dfp /opt/freesurfer/average/711-2C_as_mni_average_305 none talsrcimg_g11 none talsrcimg_to_711-2C_as_mni_average_305_t4 4355
---------------------------------------------------------------------

freesurfer imgreg_4dfp.c
/opt/freesurfer/average/711-2C_as_mni_average_305.4dfp.img
       256       256       256         1
  1.000000  1.000000  1.000000
orientation T byte_order littleendian
Reading image: /opt/freesurfer/average/711-2C_as_mni_average_305.4dfp.img
dimensions:      256       256       256
mmppix:       1.0000   -1.0000   -1.0000
center:     128.0000 -129.0000 -129.0000
talsrcimg_g11.4dfp.img
       256       256       256         1
  1.000000  1.000000  1.000000
orientation T byte_order littleendian
Reading image: talsrcimg_g11.4dfp.img
dimensions:      256       256       256
mmppix:       1.0000   -1.0000   -1.0000
center:     128.0000 -129.0000 -129.0000
t4_read: open error in t4_sub.f l:  41 t4_file(1:l)talsrcimg_to_711-2C_as_mni_average_305_t4 
t4_read: transform initialized to I4
rotation matrix determinant  1.000000
image alignment mode   4355 decimal     1103 hex
   -7.5000  -45.0000  -45.0000 8941.3408   16.4727
    0.0000  -45.0000  -45.0000 9445.8652   16.4892
    7.5000  -45.0000  -45.0000 9124.6328   16.5334
   -7.5000  -37.5000  -45.0000 9269.4287   16.4801
    0.0000  -37.5000  -45.0000 9788.9824   16.5034
    7.5000  -37.5000  -45.0000 9432.9590   16.5461
   -7.5000  -30.0000  -45.0000 9876.3369   16.4877
    0.0000  -30.0000  -45.000010418.0781   16.5127
    7.5000  -30.0000  -45.000010029.1787   16.5488
   -7.5000  -22.5000  -45.000010453.8799   16.4856
    0.0000  -22.5000  -45.000011003.8633   16.5060
    7.5000  -22.5000  -45.000010575.3848   16.5380
   -7.5000  -15.0000  -45.000010945.0938   16.4786
    0.0000  -15.0000  -45.000011541.6934   16.4939
    7.5000  -15.0000  -45.000011074.3877   16.5282
   -7.5000   -7.5000  -45.000011374.7803   16.4733
    0.0000   -7.5000  -45.000011991.8594   16.4863
    7.5000   -7.5000  -45.000011484.4521   16.5261
   -7.5000    0.0000  -45.000011676.4893   16.4727
    0.0000    0.0000  -45.000012322.3252   16.4892
    7.5000    0.0000  -45.000011797.9229   16.5334
   -7.5000    7.5000  -45.000010813.8926   16.4801
    0.0000    7.5000  -45.000011410.3711   16.5034
    7.5000    7.5000  -45.000010939.6250   16.5461
   -7.5000   15.0000  -45.0000 9904.7246   16.4877
    0.0000   15.0000  -45.000010431.2344   16.5127
    7.5000   15.0000  -45.0000 9979.3818   16.5488
   -7.5000   22.5000  -45.0000 9031.0186   16.4833
    0.0000   22.5000  -45.0000 9521.6514   16.5038
    7.5000   22.5000  -45.0000 9103.5967   16.5357
   -7.5000   30.0000  -45.0000 8145.9590   16.2590
    0.0000   30.0000  -45.0000 8576.9717   16.2741
    7.5000   30.0000  -45.0000 8208.5254   16.3079
   -7.5000   37.5000  -45.0000 7553.5845   16.2632
    0.0000   37.5000  -45.0000 7936.2021   16.2762
    7.5000   37.5000  -45.0000 7584.2793   16.3157
   -7.5000   45.0000  -45.0000 6708.6333   16.0916
    0.0000   45.0000  -45.0000 7057.1357   16.1062
    7.5000   45.0000  -45.0000 6733.7075   16.1498
   -7.5000  -45.0000  -37.5000 9533.2920   16.4302
    0.0000  -45.0000  -37.500010090.7256   16.4487
    7.5000  -45.0000  -37.5000 9755.9092   16.4874
   -7.5000  -37.5000  -37.5000 9859.3066   16.4306
    0.0000  -37.5000  -37.500010427.7578   16.4561
    7.5000  -37.5000  -37.500010062.5889   16.4994
   -7.5000  -30.0000  -37.500010486.3320   16.4365
    0.0000  -30.0000  -37.500011089.4307   16.4648
    7.5000  -30.0000  -37.500010684.8877   16.5080
   -7.5000  -22.5000  -37.500011076.1670   16.4408
    0.0000  -22.5000  -37.500011685.5625   16.4659
    7.5000  -22.5000  -37.500011248.0996   16.5047
   -7.5000  -15.0000  -37.500011582.8955   16.4416
    0.0000  -15.0000  -37.500012230.2646   16.4612
    7.5000  -15.0000  -37.500011747.3291   16.4959
   -7.5000   -7.5000  -37.500012010.8574   16.4368
    0.0000   -7.5000  -37.500012691.6016   16.4527
    7.5000   -7.5000  -37.500012189.4834   16.4872
   -7.5000    0.0000  -37.500012313.3213   16.4302
    0.0000    0.0000  -37.500013046.9248   16.4487
    7.5000    0.0000  -37.500012520.6084   16.4874
   -7.5000    7.5000  -37.500011387.4463   16.4306
    0.0000    7.5000  -37.500012058.5264   16.4561
    7.5000    7.5000  -37.500011566.4863   16.4994
   -7.5000   15.0000  -37.500010410.9932   16.4365
    0.0000   15.0000  -37.500010978.3867   16.4648
    7.5000   15.0000  -37.500010510.3428   16.5080
   -7.5000   22.5000  -37.5000 9470.5254   16.4385
    0.0000   22.5000  -37.5000 9980.0459   16.4636
    7.5000   22.5000  -37.5000 9557.3623   16.5024
   -7.5000   30.0000  -37.5000 8519.9121   16.2225
    0.0000   30.0000  -37.5000 8952.1025   16.2419
    7.5000   30.0000  -37.5000 8572.2520   16.2761
   -7.5000   37.5000  -37.5000 7898.0249   16.2270
    0.0000   37.5000  -37.5000 8273.4014   16.2430
    7.5000   37.5000  -37.5000 7905.4663   16.2771
   -7.5000   45.0000  -37.5000 7022.3433   16.0495
    0.0000   45.0000  -37.5000 7364.7725   16.0669
    7.5000   45.0000  -37.5000 7042.8350   16.1060
   -7.5000  -45.0000  -30.000010278.0762   17.1328
    0.0000  -45.0000  -30.000010872.9912   17.1391
    7.5000  -45.0000  -30.000010523.5049   17.1716
   -7.5000  -37.5000  -30.000010610.4678   17.1243
    0.0000  -37.5000  -30.000011224.0283   17.1388
    7.5000  -37.5000  -30.000010834.6377   17.1820
   -7.5000  -30.0000  -30.000011287.4551   17.1276
    0.0000  -30.0000  -30.000011962.5732   17.1478
    7.5000  -30.0000  -30.000011511.9541   17.1972
   -7.5000  -22.5000  -30.000011922.3057   17.1398
    0.0000  -22.5000  -30.000012609.9893   17.1580
    7.5000  -22.5000  -30.000012127.3848   17.2022
   -7.5000  -15.0000  -30.000012445.4170   17.1504
    0.0000  -15.0000  -30.000013180.6787   17.1615
    7.5000  -15.0000  -30.000012678.7480   17.1953
   -7.5000   -7.5000  -30.000012843.6396   17.1467
    0.0000   -7.5000  -30.000013611.4609   17.1518
    7.5000   -7.5000  -30.000013083.1543   17.1799
   -7.5000    0.0000  -30.000013155.3145   17.1328
    0.0000    0.0000  -30.000013948.8838   17.1391
    7.5000    0.0000  -30.000013389.0742   17.1716
   -7.5000    7.5000  -30.000012167.8145   17.1243
    0.0000    7.5000  -30.000012913.3457   17.1388
    7.5000    7.5000  -30.000012374.4150   17.1820
   -7.5000   15.0000  -30.000011123.0010   17.1276
    0.0000   15.0000  -30.000011732.7568   17.1478
    7.5000   15.0000  -30.000011229.1865   17.1972
   -7.5000   22.5000  -30.000010107.8359   17.1357
    0.0000   22.5000  -30.000010637.5469   17.1539
    7.5000   22.5000  -30.000010181.0508   17.1981
   -7.5000   30.0000  -30.0000 9064.3262   16.9235
    0.0000   30.0000  -30.0000 9541.5225   16.9344
    7.5000   30.0000  -30.0000 9132.8496   16.9678
   -7.5000   37.5000  -30.0000 8378.7441   16.9293
    0.0000   37.5000  -30.0000 8789.4072   16.9345
    7.5000   37.5000  -30.0000 8399.4463   16.9620
   -7.5000   45.0000  -30.0000 7440.6768   16.7450
    0.0000   45.0000  -30.0000 7802.1035   16.7513
    7.5000   45.0000  -30.0000 7457.7334   16.7843
   -7.5000  -45.0000  -22.500011012.2188   17.7424
    0.0000  -45.0000  -22.500011667.7129   17.7357
    7.5000  -45.0000  -22.500011252.3086   17.7690
   -7.5000  -37.5000  -22.500011352.2266   17.7308
    0.0000  -37.5000  -22.500012024.1016   17.7333
    7.5000  -37.5000  -22.500011575.3945   17.7768
   -7.5000  -30.0000  -22.500012070.3604   17.7322
    0.0000  -30.0000  -22.500012814.4297   17.7423
    7.5000  -30.0000  -22.500012304.2959   17.7914
   -7.5000  -22.5000  -22.500012751.5654   17.7463
    0.0000  -22.5000  -22.500013509.4746   17.7541
    7.5000  -22.5000  -22.500012961.9941   17.7971
   -7.5000  -15.0000  -22.500013294.1680   17.7603
    0.0000  -15.0000  -22.500014114.8535   17.7593
    7.5000  -15.0000  -22.500013552.3584   17.7923
   -7.5000   -7.5000  -22.500013661.9062   17.7578
    0.0000   -7.5000  -22.500014505.6973   17.7498
    7.5000   -7.5000  -22.500013912.1406   17.7786
   -7.5000    0.0000  -22.500013976.8613   17.7424
    0.0000    0.0000  -22.500014826.6592   17.7357
    7.5000    0.0000  -22.500014207.1133   17.7690
   -7.5000    7.5000  -22.500012954.1963   17.7308
    0.0000    7.5000  -22.500013751.9854   17.7333
    7.5000    7.5000  -22.500013163.4912   17.7768
   -7.5000   15.0000  -22.500011860.5840   17.7322
    0.0000   15.0000  -22.500012522.8408   17.7423
    7.5000   15.0000  -22.500011942.5420   17.7914
   -7.5000   22.5000  -22.500010752.7422   17.7408
    0.0000   22.5000  -22.500011327.6504   17.7486
    7.5000   22.5000  -22.500010802.6035   17.7916
   -7.5000   30.0000  -22.5000 9609.0596   17.5280
    0.0000   30.0000  -22.500010120.5273   17.5270
    7.5000   30.0000  -22.5000 9660.7334   17.5596
   -7.5000   37.5000  -22.5000 8873.4775   17.5352
    0.0000   37.5000  -22.5000 9304.6953   17.5273
    7.5000   37.5000  -22.5000 8886.0596   17.5555
   -7.5000   45.0000  -22.5000 7874.4736   17.3505
    0.0000   45.0000  -22.5000 8234.8311   17.3439
    7.5000   45.0000  -22.5000 7858.2017   17.3765
   -7.5000  -45.0000  -15.000011768.9609   18.1783
    0.0000  -45.0000  -15.000012451.3154   18.1700
    7.5000  -45.0000  -15.000011987.0059   18.2098
   -7.5000  -37.5000  -15.000012104.1211   18.1713
    0.0000  -37.5000  -15.000012792.9473   18.1722
    7.5000  -37.5000  -15.000012289.8574   18.2164
   -7.5000  -30.0000  -15.000012844.1504   18.1719
    0.0000  -30.0000  -15.000013583.9424   18.1797
    7.5000  -30.0000  -15.000013024.4580   18.2237
   -7.5000  -22.5000  -15.000013544.4189   18.1798
    0.0000  -22.5000  -15.000014330.8848   18.1840
    7.5000  -22.5000  -15.000013746.5352   18.2228
   -7.5000  -15.0000  -15.000014129.7070   18.1880
    0.0000  -15.0000  -15.000015007.5645   18.1835
    7.5000  -15.0000  -15.000014427.8789   18.2185
   -7.5000   -7.5000  -15.000014521.4102   18.1873
    0.0000   -7.5000  -15.000015405.3467   18.1770
    7.5000   -7.5000  -15.000014772.5527   18.2129
   -7.5000    0.0000  -15.000014805.2930   18.1783
    0.0000    0.0000  -15.000015690.3838   18.1700
    7.5000    0.0000  -15.000015006.1494   18.2098
   -7.5000    7.5000  -15.000013744.5586   18.1713
    0.0000    7.5000  -15.000014577.8496   18.1722
    7.5000    7.5000  -15.000013933.6035   18.2164
   -7.5000   15.0000  -15.000012586.3057   18.1719
    0.0000   15.0000  -15.000013307.6211   18.1797
    7.5000   15.0000  -15.000012686.1230   18.2237
   -7.5000   22.5000  -15.000011398.1592   18.1733
    0.0000   22.5000  -15.000012028.0586   18.1776
    7.5000   22.5000  -15.000011451.3467   18.2163
   -7.5000   30.0000  -15.000010186.5869   17.9526
    0.0000   30.0000  -15.000010730.9219   17.9482
    7.5000   30.0000  -15.000010209.6406   17.9827
   -7.5000   37.5000  -15.0000 9380.9287   17.9620
    0.0000   37.5000  -15.0000 9840.9023   17.9516
    7.5000   37.5000  -15.0000 9383.5527   17.9870
   -7.5000   45.0000  -15.0000 8284.9990   17.7872
    0.0000   45.0000  -15.0000 8682.2959   17.7781
    7.5000   45.0000  -15.0000 8266.1279   17.8162
   -7.5000  -45.0000   -7.500012565.3770   18.3758
    0.0000  -45.0000   -7.500013257.0693   18.3801
    7.5000  -45.0000   -7.500012776.2471   18.4276
   -7.5000  -37.5000   -7.500012904.7852   18.3791
    0.0000  -37.5000   -7.500013611.9629   18.3917
    7.5000  -37.5000   -7.500013083.7334   18.4377
   -7.5000  -30.0000   -7.500013676.3301   18.3824
    0.0000  -30.0000   -7.500014373.8682   18.3989
    7.5000  -30.0000   -7.500013789.4355   18.4384
   -7.5000  -22.5000   -7.500014382.3789   18.3805
    0.0000  -22.5000   -7.500015172.8379   18.3923
    7.5000  -22.5000   -7.500014571.1406   18.4276
   -7.5000  -15.0000   -7.500015023.8652   18.3775
    0.0000  -15.0000   -7.500015891.9902   18.3823
    7.5000  -15.0000   -7.500015273.4033   18.4200
   -7.5000   -7.5000   -7.500015408.7988   18.3760
    0.0000   -7.5000   -7.500016302.4004   18.3772
    7.5000   -7.5000   -7.500015655.6855   18.4209
   -7.5000    0.0000   -7.500015660.8613   18.3758
    0.0000    0.0000   -7.500016553.1328   18.3801
    7.5000    0.0000   -7.500015861.0498   18.4276
   -7.5000    7.5000   -7.500014546.9287   18.3791
    0.0000    7.5000   -7.500015401.0771   18.3917
    7.5000    7.5000   -7.500014738.9961   18.4377
   -7.5000   15.0000   -7.500013306.8184   18.3824
    0.0000   15.0000   -7.500014063.3184   18.3989
    7.5000   15.0000   -7.500013428.1387   18.4384
   -7.5000   22.5000   -7.500012045.1572   18.3720
    0.0000   22.5000   -7.500012726.6104   18.3838
    7.5000   22.5000   -7.500012116.6787   18.4191
   -7.5000   30.0000   -7.500010745.2998   18.1391
    0.0000   30.0000   -7.500011337.1807   18.1439
    7.5000   30.0000   -7.500010790.3564   18.1812
   -7.5000   37.5000   -7.5000 9864.5752   18.1481
    0.0000   37.5000   -7.500010357.7305   18.1493
    7.5000   37.5000   -7.5000 9879.8311   18.1926
   -7.5000   45.0000   -7.5000 8704.8975   17.9872
    0.0000   45.0000   -7.5000 9102.9277   17.9898
    7.5000   45.0000   -7.5000 8681.4873   18.0357
   -7.5000  -45.0000    0.000013285.7627   18.3898
    0.0000  -45.0000    0.000013981.1387   18.4096
    7.5000  -45.0000    0.000013468.0869   18.4601
   -7.5000  -37.5000    0.000013731.2988   18.3977
    0.0000  -37.5000    0.000014429.8730   18.4250
    7.5000  -37.5000    0.000013854.7871   18.4738
   -7.5000  -30.0000    0.000014532.5000   18.4050
    0.0000  -30.0000    0.000015163.6406   18.4341
    7.5000  -30.0000    0.000014565.2930   18.4754
   -7.5000  -22.5000    0.000015255.1924   18.4016
    0.0000  -22.5000    0.000015954.7930   18.4257
    7.5000  -22.5000    0.000015336.8076   18.4625
   -7.5000  -15.0000    0.000015897.9492   18.3940
    0.0000  -15.0000    0.000016677.0566   18.4124
    7.5000  -15.0000    0.000016034.9053   18.4519
   -7.5000   -7.5000    0.000016254.8486   18.3895
    0.0000   -7.5000    0.000017087.3223   18.4053
    7.5000   -7.5000    0.000016407.9727   18.4510
   -7.5000    0.0000    0.000016467.9043   18.3898
    0.0000    0.0000    0.000017295.3750   18.4096
    7.5000    0.0000    0.000016578.1680   18.4601
   -7.5000    7.5000    0.000015304.3369   18.3977
    0.0000    7.5000    0.000016082.2715   18.4250
    7.5000    7.5000    0.000015412.4111   18.4738
   -7.5000   15.0000    0.000013999.6748   18.4050
    0.0000   15.0000    0.000014734.1562   18.4341
    7.5000   15.0000    0.000014073.0547   18.4754
   -7.5000   22.5000    0.000012667.9453   18.3931
    0.0000   22.5000    0.000013349.5342   18.4172
    7.5000   22.5000    0.000012721.8467   18.4540
   -7.5000   30.0000    0.000011277.8330   18.1560
    0.0000   30.0000    0.000011899.3271   18.1742
    7.5000   30.0000    0.000011333.6523   18.2131
   -7.5000   37.5000    0.000010308.0078   18.1620
    0.0000   37.5000    0.000010824.2100   18.1778
    7.5000   37.5000    0.000010352.4092   18.2231
   -7.5000   45.0000    0.0000 9066.5576   18.0060
    0.0000   45.0000    0.0000 9467.2344   18.0236
    7.5000   45.0000    0.0000 9052.9014   18.0736
   -7.5000  -45.0000    7.500013009.9277   18.3844
    0.0000  -45.0000    7.500013638.3145   18.4052
    7.5000  -45.0000    7.500013092.3281   18.4487
   -7.5000  -37.5000    7.500013556.6201   18.3849
    0.0000  -37.5000    7.500014115.2734   18.4134
    7.5000  -37.5000    7.500013544.2158   18.4620
   -7.5000  -30.0000    7.500014326.5684   18.3915
    0.0000  -30.0000    7.500014675.3477   18.4232
    7.5000  -30.0000    7.500014222.4023   18.4717
   -7.5000  -22.5000    7.500014932.1846   18.3963
    0.0000  -22.5000    7.500015341.0410   18.4244
    7.5000  -22.5000    7.500014875.7812   18.4680
   -7.5000  -15.0000    7.500015574.3359   18.3972
    0.0000  -15.0000    7.500016104.5117   18.4193
    7.5000  -15.0000    7.500015558.9033   18.4582
   -7.5000   -7.5000    7.500015868.8359   18.3919
    0.0000   -7.5000    7.500016516.6543   18.4097
    7.5000   -7.5000    7.500015935.0508   18.4485
   -7.5000    0.0000    7.500016063.8672   18.3844
    0.0000    0.0000    7.500016708.6484   18.4052
    7.5000    0.0000    7.500016102.9795   18.4487
   -7.5000    7.5000    7.500014908.5137   18.3849
    0.0000    7.5000    7.500015569.0332   18.4134
    7.5000    7.5000    7.500014972.8535   18.4620
   -7.5000   15.0000    7.500013628.4297   18.3915
    0.0000   15.0000    7.500014260.4746   18.4232
    7.5000   15.0000    7.500013677.9844   18.4717
   -7.5000   22.5000    7.500012349.1201   18.3878
    0.0000   22.5000    7.500012942.1748   18.4159
    7.5000   22.5000    7.500012367.1953   18.4595
   -7.5000   30.0000    7.500010979.2891   18.1591
    0.0000   30.0000    7.500011520.3115   18.1809
    7.5000   30.0000    7.500011006.2539   18.2194
   -7.5000   37.5000    7.500010048.1191   18.1643
    0.0000   37.5000    7.500010506.1738   18.1822
    7.5000   37.5000    7.500010053.7363   18.2205
   -7.5000   45.0000    7.5000 8804.3818   18.0007
    0.0000   45.0000    7.5000 9179.8594   18.0203
    7.5000   45.0000    7.5000 8793.7715   18.0644
   -7.5000  -45.0000   15.000012524.1865   18.3978
    0.0000  -45.0000   15.000013062.8213   18.4046
    7.5000  -45.0000   15.000012470.2656   18.4395
   -7.5000  -37.5000   15.000013043.8193   18.3887
    0.0000  -37.5000   15.000013440.6602   18.4042
    7.5000  -37.5000   15.000012930.9746   18.4506
   -7.5000  -30.0000   15.000013835.9248   18.3922
    0.0000  -30.0000   15.000014069.7490   18.4139
    7.5000  -30.0000   15.000013688.4854   18.4669
   -7.5000  -22.5000   15.000014543.2637   18.4053
    0.0000  -22.5000   15.000014829.6289   18.4249
    7.5000  -22.5000   15.000014432.9219   18.4723
   -7.5000  -15.0000   15.000015196.4268   18.4168
    0.0000  -15.0000   15.000015641.4922   18.4287
    7.5000  -15.0000   15.000015140.8955   18.4650
   -7.5000   -7.5000   15.000015432.0186   18.4128
    0.0000   -7.5000   15.000015999.6309   18.4182
    7.5000   -7.5000   15.000015448.5156   18.4483
   -7.5000    0.0000   15.000015502.8750   18.3978
    0.0000    0.0000   15.000016101.9268   18.4046
    7.5000    0.0000   15.000015495.1914   18.4395
   -7.5000    7.5000   15.000014364.1602   18.3887
    0.0000    7.5000   15.000014973.5381   18.4042
    7.5000    7.5000   15.000014380.4443   18.4506
   -7.5000   15.0000   15.000013131.1924   18.3922
    0.0000   15.0000   15.000013722.6133   18.4139
    7.5000   15.0000   15.000013137.2666   18.4669
   -7.5000   22.5000   15.000011884.2852   18.3968
    0.0000   22.5000   15.000012424.8184   18.4164
    7.5000   22.5000   15.000011863.8428   18.4638
   -7.5000   30.0000   15.000010540.4033   18.1784
    0.0000   30.0000   15.000011049.6436   18.1902
    7.5000   30.0000   15.000010535.5625   18.2260
   -7.5000   37.5000   15.0000 9663.5859   18.1847
    0.0000   37.5000   15.000010086.9355   18.1902
    7.5000   37.5000   15.0000 9617.6162   18.2198
   -7.5000   45.0000   15.0000 8446.3057   18.0105
    0.0000   45.0000   15.0000 8795.1494   18.0173
    7.5000   45.0000   15.0000 8391.6338   18.0527
   -7.5000  -45.0000   22.500011825.1094   18.4255
    0.0000  -45.0000   22.500012441.4395   18.4184
    7.5000  -45.0000   22.500011888.1074   18.4529
   -7.5000  -37.5000   22.500012207.5859   18.4134
    0.0000  -37.5000   22.500012801.5889   18.4159
    7.5000  -37.5000   22.500012300.5293   18.4611
   -7.5000  -30.0000   22.500012999.6572   18.4148
    0.0000  -30.0000   22.500013559.1396   18.4252
    7.5000  -30.0000   22.500013052.7461   18.4761
   -7.5000  -22.5000   22.500013769.8506   18.4294
    0.0000  -22.5000   22.500014390.2207   18.4375
    7.5000  -22.5000   22.500013808.9189   18.4821
   -7.5000  -15.0000   22.500014457.7236   18.4440
    0.0000  -15.0000   22.500015108.8975   18.4429
    7.5000  -15.0000   22.500014479.2061   18.4771
   -7.5000   -7.5000   22.500014733.9189   18.4414
    0.0000   -7.5000   22.500015369.2227   18.4331
    7.5000   -7.5000   22.500014738.9971   18.4628
   -7.5000    0.0000   22.500014746.3213   18.4255
    0.0000    0.0000   22.500015334.6533   18.4184
    7.5000    0.0000   22.500014719.2061   18.4529
   -7.5000    7.5000   22.500013651.4414   18.4134
    0.0000    7.5000   22.500014199.1084   18.4159
    7.5000    7.5000   22.500013609.0254   18.4611
   -7.5000   15.0000   22.500012483.8545   18.4148
    0.0000   15.0000   22.500012991.0059   18.4252
    7.5000   15.0000   22.500012432.7383   18.4761
   -7.5000   22.5000   22.500011284.0127   18.4210
    0.0000   22.5000   22.500011725.8721   18.4290
    7.5000   22.5000   22.500011222.3047   18.4736
   -7.5000   30.0000   22.500010009.7822   18.2053
    0.0000   30.0000   22.500010413.4014   18.2042
    7.5000   30.0000   22.5000 9958.9902   18.2380
   -7.5000   37.5000   22.5000 9189.4033   18.2128
    0.0000   37.5000   22.5000 9559.0752   18.2045
    7.5000   37.5000   22.5000 9133.2178   18.2337
   -7.5000   45.0000   22.5000 8027.9111   18.0340
    0.0000   45.0000   22.5000 8346.8447   18.0272
    7.5000   45.0000   22.5000 7978.0454   18.0610
   -7.5000  -45.0000   30.000011009.4590   18.4721
    0.0000  -45.0000   30.000011653.8027   18.4634
    7.5000  -45.0000   30.000011181.7432   18.5040
   -7.5000  -37.5000   30.000011324.2734   18.4648
    0.0000  -37.5000   30.000011909.9082   18.4656
    7.5000  -37.5000   30.000011441.7451   18.5106
   -7.5000  -30.0000   30.000012045.7793   18.4653
    0.0000  -30.0000   30.000012615.7080   18.4731
    7.5000  -30.0000   30.000012086.4658   18.5180
   -7.5000  -22.5000   30.000012780.9619   18.4733
    0.0000  -22.5000   30.000013352.5322   18.4776
    7.5000  -22.5000   30.000012775.4980   18.5171
   -7.5000  -15.0000   30.000013442.6621   18.4818
    0.0000  -15.0000   30.000014006.5586   18.4772
    7.5000  -15.0000   30.000013419.8662   18.5128
   -7.5000   -7.5000   30.000013770.1494   18.4812
    0.0000   -7.5000   30.000014328.4619   18.4706
    7.5000   -7.5000   30.000013725.8154   18.5071
   -7.5000    0.0000   30.000013797.7881   18.4721
    0.0000    0.0000   30.000014339.1338   18.4634
    7.5000    0.0000   30.000013762.6914   18.5040
   -7.5000    7.5000   30.000012789.7354   18.4648
    0.0000    7.5000   30.000013332.1143   18.4656
    7.5000    7.5000   30.000012728.8887   18.5106
   -7.5000   15.0000   30.000011691.7676   18.4653
    0.0000   15.0000   30.000012177.5244   18.4731
    7.5000   15.0000   30.000011612.2754   18.5180
   -7.5000   22.5000   30.000010540.7256   18.4648
    0.0000   22.5000   30.000010957.9238   18.4691
    7.5000   22.5000   30.000010462.6104   18.5086
   -7.5000   30.0000   30.0000 9335.2031   18.2427
    0.0000   30.0000   30.0000 9708.9863   18.2381
    7.5000   30.0000   30.0000 9297.0566   18.2733
   -7.5000   37.5000   30.0000 8575.8076   18.2509
    0.0000   37.5000   30.0000 8913.4941   18.2403
    7.5000   37.5000   30.0000 8526.5967   18.2763
   -7.5000   45.0000   30.0000 7517.4414   18.0771
    0.0000   45.0000   30.0000 7794.6411   18.0678
    7.5000   45.0000   30.0000 7437.0654   18.1066
   -7.5000  -45.0000   37.500010559.9824   18.5749
    0.0000  -45.0000   37.500011107.5156   18.5792
    7.5000  -45.0000   37.500010696.0342   18.6271
   -7.5000  -37.5000   37.500010864.9082   18.5779
    0.0000  -37.5000   37.500011365.0293   18.5907
    7.5000  -37.5000   37.500010931.2607   18.6371
   -7.5000  -30.0000   37.500011544.4375   18.5812
    0.0000  -30.0000   37.500012034.3350   18.5979
    7.5000  -30.0000   37.500011548.0488   18.6379
   -7.5000  -22.5000   37.500012215.6621   18.5794
    0.0000  -22.5000   37.500012728.3086   18.5913
    7.5000  -22.5000   37.500012216.8604   18.6269
   -7.5000  -15.0000   37.500012858.4189   18.5766
    0.0000  -15.0000   37.500013365.3330   18.5814
    7.5000  -15.0000   37.500012843.7900   18.6194
   -7.5000   -7.5000   37.500013213.8477   18.5752
    0.0000   -7.5000   37.500013723.6201   18.5764
    7.5000   -7.5000   37.500013178.2842   18.6204
   -7.5000    0.0000   37.500013254.5928   18.5749
    0.0000    0.0000   37.500013767.4297   18.5792
    7.5000    0.0000   37.500013231.4854   18.6271
   -7.5000    7.5000   37.500012303.1191   18.5779
    0.0000    7.5000   37.500012798.7812   18.5907
    7.5000    7.5000   37.500012267.1650   18.6371
   -7.5000   15.0000   37.500011246.3994   18.5812
    0.0000   15.0000   37.500011705.4287   18.5979
    7.5000   15.0000   37.500011225.8223   18.6379
   -7.5000   22.5000   37.500010143.1719   18.5708
    0.0000   22.5000   37.500010547.9346   18.5827
    7.5000   22.5000   37.500010093.9102   18.6184
   -7.5000   30.0000   37.5000 8984.1621   18.3362
    0.0000   30.0000   37.5000 9361.8574   18.3409
    7.5000   30.0000   37.5000 8974.7832   18.3785
   -7.5000   37.5000   37.5000 8260.5264   18.3427
    0.0000   37.5000   37.5000 8606.7246   18.3439
    7.5000   37.5000   37.5000 8233.4492   18.3875
   -7.5000   45.0000   37.5000 7240.9302   18.1783
    0.0000   45.0000   37.5000 7503.5835   18.1810
    7.5000   45.0000   37.5000 7164.7080   18.2274
   -7.5000  -45.0000   45.0000 9656.8906   18.7545
    0.0000  -45.0000   45.000010140.1064   18.7759
    7.5000  -45.0000   45.0000 9773.9258   18.8284
   -7.5000  -37.5000   45.0000 9943.7705   18.7622
    0.0000  -37.5000   45.000010394.9629   18.7915
    7.5000  -37.5000   45.000010005.3594   18.8424
   -7.5000  -30.0000   45.000010563.6709   18.7695
    0.0000  -30.0000   45.000011004.1621   18.8006
    7.5000  -30.0000   45.000010579.0703   18.8438
   -7.5000  -22.5000   45.000011171.2871   18.7662
    0.0000  -22.5000   45.000011625.0156   18.7920
    7.5000  -22.5000   45.000011187.1846   18.8302
   -7.5000  -15.0000   45.000011750.6807   18.7588
    0.0000  -15.0000   45.000012224.7520   18.7786
    7.5000  -15.0000   45.000011759.8164   18.8194
   -7.5000   -7.5000   45.000012096.8252   18.7544
    0.0000   -7.5000   45.000012599.6260   18.7715
    7.5000   -7.5000   45.000012092.3506   18.8188
   -7.5000    0.0000   45.000012156.1621   18.7545
    0.0000    0.0000   45.000012659.0576   18.7759
    7.5000    0.0000   45.000012163.7764   18.8284
   -7.5000    7.5000   45.000011286.0332   18.7622
    0.0000    7.5000   45.000011745.1729   18.7915
    7.5000    7.5000   45.000011285.5869   18.8424
   -7.5000   15.0000   45.000010350.1045   18.7695
    0.0000   15.0000   45.000010761.7979   18.8006
    7.5000   15.0000   45.000010321.4307   18.8438
   -7.5000   22.5000   45.0000 9355.3574   18.7575
    0.0000   22.5000   45.0000 9720.9668   18.7833
    7.5000   22.5000   45.0000 9308.4619   18.8215
   -7.5000   30.0000   45.0000 8309.9551   18.5144
    0.0000   30.0000   45.0000 8634.9482   18.5340
    7.5000   30.0000   45.0000 8282.8379   18.5742
   -7.5000   37.5000   45.0000 7612.3130   18.5171
    0.0000   37.5000   45.0000 7916.2036   18.5344
    7.5000   37.5000   45.0000 7598.0942   18.5814
   -7.5000   45.0000   45.0000 6675.3945   18.3663
    0.0000   45.0000   45.0000 6918.7129   18.3857
    7.5000   45.0000   45.0000 6615.6401   18.4379

---------------------------------------------------------------------
imgreg_4dfp /opt/freesurfer/average/711-2C_as_mni_average_305 /opt/freesurfer/average/711-2B_as_mni_average_305_mask talsrcimg_g11 none talsrcimg_to_711-2C_as_mni_average_305_t4 4355
---------------------------------------------------------------------

freesurfer imgreg_4dfp.c
/opt/freesurfer/average/711-2C_as_mni_average_305.4dfp.img
       256       256       256         1
  1.000000  1.000000  1.000000
orientation T byte_order littleendian
Reading image: /opt/freesurfer/average/711-2C_as_mni_average_305.4dfp.img
dimensions:      256       256       256
mmppix:       1.0000   -1.0000   -1.0000
center:     128.0000 -129.0000 -129.0000
/opt/freesurfer/average/711-2B_as_mni_average_305_mask.4dfp.img
       256       256       256         1
  1.000000  1.000000  1.000000
orientation T byte_order littleendian
Reading mask: /opt/freesurfer/average/711-2B_as_mni_average_305_mask.4dfp.img (2306576 pixels)
talsrcimg_g11.4dfp.img
       256       256       256         1
  1.000000  1.000000  1.000000
orientation T byte_order littleendian
Reading image: talsrcimg_g11.4dfp.img
dimensions:      256       256       256
mmppix:       1.0000   -1.0000   -1.0000
center:     128.0000 -129.0000 -129.0000
rotation matrix determinant  1.000000
image alignment mode   4355 decimal     1103 hex
   -7.5000  -45.0000  -45.0000 2223.7603   16.3273
    0.0000  -45.0000  -45.0000 2247.2629   16.1170
    7.5000  -45.0000  -45.0000 2245.1956   16.1659
   -7.5000  -37.5000  -45.0000 2249.1340   15.8234
    0.0000  -37.5000  -45.0000 2273.6189   15.5377
    7.5000  -37.5000  -45.0000 2269.2087   15.5899
   -7.5000  -30.0000  -45.0000 2255.6233   15.6085
    0.0000  -30.0000  -45.0000 2278.1790   15.3043
    7.5000  -30.0000  -45.0000 2270.0811   15.3388
   -7.5000  -22.5000  -45.0000 2255.9001   15.5761
    0.0000  -22.5000  -45.0000 2274.0103   15.2933
    7.5000  -22.5000  -45.0000 2265.7170   15.3309
   -7.5000  -15.0000  -45.0000 2236.5049   15.8686
    0.0000  -15.0000  -45.0000 2262.0146   15.5517
    7.5000  -15.0000  -45.0000 2248.4011   15.6112
   -7.5000   -7.5000  -45.0000 2207.6130   16.4662
    0.0000   -7.5000  -45.0000 2231.9878   16.1251
    7.5000   -7.5000  -45.0000 2217.7654   16.2037
   -7.5000    0.0000  -45.0000 2156.5891   17.3929
    0.0000    0.0000  -45.0000 2181.6545   17.0249
    7.5000    0.0000  -45.0000 2167.7542   17.1612
   -7.5000    7.5000  -45.0000 2086.3943   18.6867
    0.0000    7.5000  -45.0000 2109.2595   18.3048
    7.5000    7.5000  -45.0000 2098.9465   18.5204
   -7.5000   15.0000  -45.0000 2000.9156   20.3848
    0.0000   15.0000  -45.0000 2022.3435   19.9978
    7.5000   15.0000  -45.0000 2004.8960   20.2257
   -7.5000   22.5000  -45.0000 1896.0908   22.6378
    0.0000   22.5000  -45.0000 1919.1051   22.2017
    7.5000   22.5000  -45.0000 1897.8123   22.4230
   -7.5000   30.0000  -45.0000 1786.8413   25.6964
    0.0000   30.0000  -45.0000 1804.8413   25.3040
    7.5000   30.0000  -45.0000 1791.9868   25.4682
   -7.5000   37.5000  -45.0000 1665.4221   29.8022
    0.0000   37.5000  -45.0000 1680.4056   29.3807
    7.5000   37.5000  -45.0000 1659.8835   29.6527
   -7.5000   45.0000  -45.0000 1529.9080   35.5388
    0.0000   45.0000  -45.0000 1547.1167   35.1219
    7.5000   45.0000  -45.0000 1533.3245   35.4129
   -7.5000  -45.0000  -37.5000 2316.1223   14.9929
    0.0000  -45.0000  -37.5000 2347.3787   14.8174
    7.5000  -45.0000  -37.5000 2345.9963   14.8822
   -7.5000  -37.5000  -37.5000 2347.3828   14.5099
    0.0000  -37.5000  -37.5000 2378.6626   14.3283
    7.5000  -37.5000  -37.5000 2371.0896   14.3678
   -7.5000  -30.0000  -37.5000 2357.3560   14.2894
    0.0000  -30.0000  -37.5000 2385.6472   14.0666
    7.5000  -30.0000  -37.5000 2378.9985   14.0952
   -7.5000  -22.5000  -37.5000 2357.1067   14.3115
    0.0000  -22.5000  -37.5000 2381.3369   14.0714
    7.5000  -22.5000  -37.5000 2370.3333   14.1038
   -7.5000  -15.0000  -37.5000 2340.6375   14.5510
    0.0000  -15.0000  -37.5000 2366.4075   14.2950
    7.5000  -15.0000  -37.5000 2351.4978   14.3507
   -7.5000   -7.5000  -37.5000 2313.0293   15.1108
    0.0000   -7.5000  -37.5000 2337.2263   14.8380
    7.5000   -7.5000  -37.5000 2323.7480   14.8974
   -7.5000    0.0000  -37.5000 2260.0928   15.9367
    0.0000    0.0000  -37.5000 2282.8120   15.6556
    7.5000    0.0000  -37.5000 2270.2766   15.7663
   -7.5000    7.5000  -37.5000 2180.2007   17.1390
    0.0000    7.5000  -37.5000 2202.8088   16.8659
    7.5000    7.5000  -37.5000 2191.5110   17.0285
   -7.5000   15.0000  -37.5000 2089.0818   18.7768
    0.0000   15.0000  -37.5000 2107.4722   18.4674
    7.5000   15.0000  -37.5000 2091.0754   18.6391
   -7.5000   22.5000  -37.5000 1981.0421   20.8849
    0.0000   22.5000  -37.5000 1998.7227   20.5241
    7.5000   22.5000  -37.5000 1983.7623   20.6873
   -7.5000   30.0000  -37.5000 1862.7477   23.6352
    0.0000   30.0000  -37.5000 1874.9447   23.2356
    7.5000   30.0000  -37.5000 1860.7883   23.4622
   -7.5000   37.5000  -37.5000 1734.8384   27.2930
    0.0000   37.5000  -37.5000 1741.2134   26.9110
    7.5000   37.5000  -37.5000 1723.0021   27.1272
   -7.5000   45.0000  -37.5000 1592.7998   32.3315
    0.0000   45.0000  -37.5000 1604.9735   31.7950
    7.5000   45.0000  -37.5000 1592.6932   31.9935
   -7.5000  -45.0000  -30.0000 2451.3469   14.3241
    0.0000  -45.0000  -30.0000 2482.7449   14.1311
    7.5000  -45.0000  -30.0000 2482.2634   14.1683
   -7.5000  -37.5000  -30.0000 2490.6531   13.8250
    0.0000  -37.5000  -30.0000 2523.3887   13.6344
    7.5000  -37.5000  -30.0000 2511.8608   13.6801
   -7.5000  -30.0000  -30.0000 2511.4478   13.5970
    0.0000  -30.0000  -30.0000 2542.8984   13.3963
    7.5000  -30.0000  -30.0000 2531.4612   13.4414
   -7.5000  -22.5000  -30.0000 2511.3521   13.6500
    0.0000  -22.5000  -30.0000 2542.4050   13.4449
    7.5000  -22.5000  -30.0000 2528.9084   13.4815
   -7.5000  -15.0000  -30.0000 2493.5139   13.8975
    0.0000  -15.0000  -30.0000 2527.2053   13.6834
    7.5000  -15.0000  -30.0000 2510.3225   13.7207
   -7.5000   -7.5000  -30.0000 2459.4060   14.4364
    0.0000   -7.5000  -30.0000 2494.3308   14.2194
    7.5000   -7.5000  -30.0000 2479.0137   14.2719
   -7.5000    0.0000  -30.0000 2402.5840   15.2325
    0.0000    0.0000  -30.0000 2429.4080   15.0020
    7.5000    0.0000  -30.0000 2413.9148   15.1019
   -7.5000    7.5000  -30.0000 2317.9800   16.3885
    0.0000    7.5000  -30.0000 2343.9473   16.1596
    7.5000    7.5000  -30.0000 2325.6050   16.2702
   -7.5000   15.0000  -30.0000 2215.1125   17.9380
    0.0000   15.0000  -30.0000 2234.5212   17.6666
    7.5000   15.0000  -30.0000 2214.7910   17.8092
   -7.5000   22.5000  -30.0000 2098.4590   19.9595
    0.0000   22.5000  -30.0000 2115.7563   19.6462
    7.5000   22.5000  -30.0000 2098.1255   19.7809
   -7.5000   30.0000  -30.0000 1963.7054   22.5516
    0.0000   30.0000  -30.0000 1983.5891   22.2479
    7.5000   30.0000  -30.0000 1964.5630   22.4488
   -7.5000   37.5000  -30.0000 1825.4502   26.0140
    0.0000   37.5000  -30.0000 1840.8523   25.6664
    7.5000   37.5000  -30.0000 1821.8519   25.8629
   -7.5000   45.0000  -30.0000 1678.6224   30.5661
    0.0000   45.0000  -30.0000 1699.2098   30.1094
    7.5000   45.0000  -30.0000 1679.1687   30.3948
   -7.5000  -45.0000  -22.5000 2558.8494   13.6351
    0.0000  -45.0000  -22.5000 2591.3882   13.4219
    7.5000  -45.0000  -22.5000 2586.1667   13.4625
   -7.5000  -37.5000  -22.5000 2607.0691   13.1051
    0.0000  -37.5000  -22.5000 2640.8667   12.9020
    7.5000  -37.5000  -22.5000 2631.7896   12.9491
   -7.5000  -30.0000  -22.5000 2635.8186   12.8267
    0.0000  -30.0000  -22.5000 2673.8796   12.6708
    7.5000  -30.0000  -22.5000 2660.2417   12.7122
   -7.5000  -22.5000  -22.5000 2643.5295   12.9022
    0.0000  -22.5000  -22.5000 2677.8367   12.7163
    7.5000  -22.5000  -22.5000 2661.1438   12.7788
   -7.5000  -15.0000  -22.5000 2622.0879   13.1895
    0.0000  -15.0000  -22.5000 2658.6694   12.9899
    7.5000  -15.0000  -22.5000 2644.7261   13.0473
   -7.5000   -7.5000  -22.5000 2582.9744   13.6872
    0.0000   -7.5000  -22.5000 2621.4673   13.5036
    7.5000   -7.5000  -22.5000 2602.7949   13.5682
   -7.5000    0.0000  -22.5000 2519.8267   14.4588
    0.0000    0.0000  -22.5000 2550.3882   14.2621
    7.5000    0.0000  -22.5000 2530.6323   14.3369
   -7.5000    7.5000  -22.5000 2428.9541   15.5980
    0.0000    7.5000  -22.5000 2458.2036   15.3671
    7.5000    7.5000  -22.5000 2438.2083   15.4403
   -7.5000   15.0000  -22.5000 2317.4373   17.0890
    0.0000   15.0000  -22.5000 2339.8643   16.8346
    7.5000   15.0000  -22.5000 2319.4604   16.9335
   -7.5000   22.5000  -22.5000 2190.4709   19.0004
    0.0000   22.5000  -22.5000 2205.1008   18.6827
    7.5000   22.5000  -22.5000 2190.5149   18.8321
   -7.5000   30.0000  -22.5000 2047.8898   21.4867
    0.0000   30.0000  -22.5000 2060.3989   21.1267
    7.5000   30.0000  -22.5000 2043.8940   21.3394
   -7.5000   37.5000  -22.5000 1900.9181   24.6842
    0.0000   37.5000  -22.5000 1911.8956   24.2437
    7.5000   37.5000  -22.5000 1898.6024   24.4837
   -7.5000   45.0000  -22.5000 1754.1787   28.9935
    0.0000   45.0000  -22.5000 1773.3955   28.5322
    7.5000   45.0000  -22.5000 1753.7933   28.7950
   -7.5000  -45.0000  -15.0000 2639.3894   12.9838
    0.0000  -45.0000  -15.0000 2671.6382   12.7690
    7.5000  -45.0000  -15.0000 2664.7637   12.8175
   -7.5000  -37.5000  -15.0000 2693.3997   12.4504
    0.0000  -37.5000  -15.0000 2729.4309   12.2484
    7.5000  -37.5000  -15.0000 2713.4045   12.2870
   -7.5000  -30.0000  -15.0000 2732.5825   12.1328
    0.0000  -30.0000  -15.0000 2768.8892   11.9591
    7.5000  -30.0000  -15.0000 2751.6755   12.0172
   -7.5000  -22.5000  -15.0000 2743.3530   12.1998
    0.0000  -22.5000  -15.0000 2781.3096   12.0150
    7.5000  -22.5000  -15.0000 2763.0188   12.0694
   -7.5000  -15.0000  -15.0000 2724.2197   12.4916
    0.0000  -15.0000  -15.0000 2764.0630   12.3054
    7.5000  -15.0000  -15.0000 2751.2395   12.3565
   -7.5000   -7.5000  -15.0000 2686.1711   13.0062
    0.0000   -7.5000  -15.0000 2721.0527   12.8226
    7.5000   -7.5000  -15.0000 2698.5007   12.8920
   -7.5000    0.0000  -15.0000 2612.4631   13.7772
    0.0000    0.0000  -15.0000 2642.7620   13.5784
    7.5000    0.0000  -15.0000 2618.0774   13.6337
   -7.5000    7.5000  -15.0000 2512.1338   14.8458
    0.0000    7.5000  -15.0000 2538.6272   14.6260
    7.5000    7.5000  -15.0000 2517.8347   14.6814
   -7.5000   15.0000  -15.0000 2394.6062   16.2969
    0.0000   15.0000  -15.0000 2417.1475   16.0514
    7.5000   15.0000  -15.0000 2398.3262   16.0952
   -7.5000   22.5000  -15.0000 2260.3552   18.1245
    0.0000   22.5000  -15.0000 2277.0325   17.8849
    7.5000   22.5000  -15.0000 2258.6267   17.9409
   -7.5000   30.0000  -15.0000 2107.6565   20.4609
    0.0000   30.0000  -15.0000 2120.6553   20.1649
    7.5000   30.0000  -15.0000 2102.4458   20.2684
   -7.5000   37.5000  -15.0000 1950.8365   23.4963
    0.0000   37.5000  -15.0000 1963.4817   23.1211
    7.5000   37.5000  -15.0000 1951.3738   23.2872
   -7.5000   45.0000  -15.0000 1796.7678   27.4738
    0.0000   45.0000  -15.0000 1818.0922   27.0667
    7.5000   45.0000  -15.0000 1806.1646   27.3068
   -7.5000  -45.0000   -7.5000 2694.9155   12.4262
    0.0000  -45.0000   -7.5000 2731.6494   12.1703
    7.5000  -45.0000   -7.5000 2723.5059   12.2156
   -7.5000  -37.5000   -7.5000 2761.8464   11.8657
    0.0000  -37.5000   -7.5000 2805.5161   11.6446
    7.5000  -37.5000   -7.5000 2787.4419   11.6942
   -7.5000  -30.0000   -7.5000 2811.9758   11.5499
    0.0000  -30.0000   -7.5000 2850.3809   11.3409
    7.5000  -30.0000   -7.5000 2828.9099   11.4030
   -7.5000  -22.5000   -7.5000 2825.2004   11.5867
    0.0000  -22.5000   -7.5000 2870.5762   11.3871
    7.5000  -22.5000   -7.5000 2847.6667   11.4203
   -7.5000  -15.0000   -7.5000 2807.7686   11.8671
    0.0000  -15.0000   -7.5000 2846.7317   11.6779
    7.5000  -15.0000   -7.5000 2830.6458   11.7182
   -7.5000   -7.5000   -7.5000 2765.4590   12.3592
    0.0000   -7.5000   -7.5000 2795.0884   12.1605
    7.5000   -7.5000   -7.5000 2775.6438   12.2397
   -7.5000    0.0000   -7.5000 2682.1987   13.1080
    0.0000    0.0000   -7.5000 2708.0635   12.9087
    7.5000    0.0000   -7.5000 2687.6680   13.0095
   -7.5000    7.5000   -7.5000 2575.8025   14.1983
    0.0000    7.5000   -7.5000 2598.9651   13.9931
    7.5000    7.5000   -7.5000 2578.4749   14.0656
   -7.5000   15.0000   -7.5000 2450.8357   15.6180
    0.0000   15.0000   -7.5000 2472.8762   15.4064
    7.5000   15.0000   -7.5000 2451.0469   15.4474
   -7.5000   22.5000   -7.5000 2304.8315   17.3549
    0.0000   22.5000   -7.5000 2325.2688   17.1245
    7.5000   22.5000   -7.5000 2304.1482   17.1647
   -7.5000   30.0000   -7.5000 2146.9182   19.5384
    0.0000   30.0000   -7.5000 2166.2732   19.3054
    7.5000   30.0000   -7.5000 2147.6843   19.3777
   -7.5000   37.5000   -7.5000 1984.1078   22.4130
    0.0000   37.5000   -7.5000 1999.0082   22.0613
    7.5000   37.5000   -7.5000 1983.5841   22.2496
   -7.5000   45.0000   -7.5000 1830.9390   26.1798
    0.0000   45.0000   -7.5000 1842.0228   25.8172
    7.5000   45.0000   -7.5000 1831.8317   26.0048
   -7.5000  -45.0000    0.0000 2723.7446   12.1021
    0.0000  -45.0000    0.0000 2767.1335   11.7572
    7.5000  -45.0000    0.0000 2760.4670   11.8256
   -7.5000  -37.5000    0.0000 2809.8850   11.5259
    0.0000  -37.5000    0.0000 2858.5681   11.2246
    7.5000  -37.5000    0.0000 2848.1526   11.2904
   -7.5000  -30.0000    0.0000 2872.3198   11.1898
    0.0000  -30.0000    0.0000 2923.9766   10.8800
    7.5000  -30.0000    0.0000 2898.8298   10.9516
   -7.5000  -22.5000    0.0000 2893.4165   11.1694
    0.0000  -22.5000    0.0000 2941.0874   10.8897
    7.5000  -22.5000    0.0000 2914.8992   10.9507
   -7.5000  -15.0000    0.0000 2867.4165   11.4476
    0.0000  -15.0000    0.0000 2905.6226   11.2159
    7.5000  -15.0000    0.0000 2886.2676   11.2661
   -7.5000   -7.5000    0.0000 2817.9612   11.9230
    0.0000   -7.5000    0.0000 2845.5142   11.6936
    7.5000   -7.5000    0.0000 2827.2026   11.7772
   -7.5000    0.0000    0.0000 2727.4382   12.6794
    0.0000    0.0000    0.0000 2750.9053   12.4486
    7.5000    0.0000    0.0000 2730.8818   12.5510
   -7.5000    7.5000    0.0000 2614.6951   13.7708
    0.0000    7.5000    0.0000 2636.5693   13.5491
    7.5000    7.5000    0.0000 2618.3496   13.6290
   -7.5000   15.0000    0.0000 2482.8960   15.1250
    0.0000   15.0000    0.0000 2506.6450   14.9110
    7.5000   15.0000    0.0000 2485.0740   14.9974
   -7.5000   22.5000    0.0000 2335.3152   16.8018
    0.0000   22.5000    0.0000 2357.7703   16.5721
    7.5000   22.5000    0.0000 2337.7043   16.6713
   -7.5000   30.0000    0.0000 2170.3335   18.8895
    0.0000   30.0000    0.0000 2194.1997   18.6083
    7.5000   30.0000    0.0000 2177.8120   18.7710
   -7.5000   37.5000    0.0000 2005.1982   21.6029
    0.0000   37.5000    0.0000 2021.2682   21.2757
    7.5000   37.5000    0.0000 2007.8774   21.4783
   -7.5000   45.0000    0.0000 1846.1036   25.2322
    0.0000   45.0000    0.0000 1858.2733   24.9063
    7.5000   45.0000    0.0000 1849.8458   25.1823
   -7.5000  -45.0000    7.5000 2739.7419   12.0241
    0.0000  -45.0000    7.5000 2782.4763   11.5623
    7.5000  -45.0000    7.5000 2776.9695   11.6524
   -7.5000  -37.5000    7.5000 2839.2397   11.4357
    0.0000  -37.5000    7.5000 2888.4045   11.0106
    7.5000  -37.5000    7.5000 2877.8813   11.0797
   -7.5000  -30.0000    7.5000 2910.3682   11.0643
    0.0000  -30.0000    7.5000 2963.3821   10.5993
    7.5000  -30.0000    7.5000 2946.7000   10.7333
   -7.5000  -22.5000    7.5000 2932.4023   10.9421
    0.0000  -22.5000    7.5000 2983.9297   10.5166
    7.5000  -22.5000    7.5000 2960.2295   10.6729
   -7.5000  -15.0000    7.5000 2906.7354   11.2388
    0.0000  -15.0000    7.5000 2943.5220   10.8746
    7.5000  -15.0000    7.5000 2924.8147   11.0228
   -7.5000   -7.5000    7.5000 2837.7500   11.7713
    0.0000   -7.5000    7.5000 2869.7451   11.4581
    7.5000   -7.5000    7.5000 2855.5012   11.5679
   -7.5000    0.0000    7.5000 2747.0957   12.5194
    0.0000    0.0000    7.5000 2771.7600   12.2167
    7.5000    0.0000    7.5000 2757.7632   12.3241
   -7.5000    7.5000    7.5000 2630.9912   13.5763
    0.0000    7.5000    7.5000 2657.6780   13.2884
    7.5000    7.5000    7.5000 2640.5813   13.3887
   -7.5000   15.0000    7.5000 2497.5085   14.9054
    0.0000   15.0000    7.5000 2520.6741   14.6247
    7.5000   15.0000    7.5000 2502.3455   14.7613
   -7.5000   22.5000    7.5000 2353.1270   16.5669
    0.0000   22.5000    7.5000 2372.1768   16.2947
    7.5000   22.5000    7.5000 2354.3059   16.4515
   -7.5000   30.0000    7.5000 2184.0422   18.6399
    0.0000   30.0000    7.5000 2205.9561   18.3178
    7.5000   30.0000    7.5000 2192.4612   18.5175
   -7.5000   37.5000    7.5000 2018.0083   21.2943
    0.0000   37.5000    7.5000 2035.6869   20.9547
    7.5000   37.5000    7.5000 2022.8855   21.1901
   -7.5000   45.0000    7.5000 1854.8384   24.7503
    0.0000   45.0000    7.5000 1870.4655   24.3932
    7.5000   45.0000    7.5000 1861.0331   24.6918
   -7.5000  -45.0000   15.0000 2733.0500   12.1444
    0.0000  -45.0000   15.0000 2767.7922   11.6311
    7.5000  -45.0000   15.0000 2757.0132   11.6589
   -7.5000  -37.5000   15.0000 2834.4746   11.5508
    0.0000  -37.5000   15.0000 2869.1931   11.0677
    7.5000  -37.5000   15.0000 2861.3928   11.1078
   -7.5000  -30.0000   15.0000 2903.4802   11.1685
    0.0000  -30.0000   15.0000 2942.8601   10.6603
    7.5000  -30.0000   15.0000 2934.5620   10.8234
   -7.5000  -22.5000   15.0000 2929.1860   11.0612
    0.0000  -22.5000   15.0000 2974.1492   10.6040
    7.5000  -22.5000   15.0000 2959.4209   10.7983
   -7.5000  -15.0000   15.0000 2906.1624   11.2644
    0.0000  -15.0000   15.0000 2948.6331   10.9045
    7.5000  -15.0000   15.0000 2927.4998   11.0706
   -7.5000   -7.5000   15.0000 2832.0828   11.8017
    0.0000   -7.5000   15.0000 2864.9375   11.4799
    7.5000   -7.5000   15.0000 2853.8843   11.5754
   -7.5000    0.0000   15.0000 2736.6858   12.5609
    0.0000    0.0000   15.0000 2765.3438   12.2483
    7.5000    0.0000   15.0000 2751.1287   12.3182
   -7.5000    7.5000   15.0000 2618.8086   13.6002
    0.0000    7.5000   15.0000 2653.2358   13.3036
    7.5000    7.5000   15.0000 2630.2458   13.3628
   -7.5000   15.0000   15.0000 2489.3713   14.8873
    0.0000   15.0000   15.0000 2518.1926   14.6370
    7.5000   15.0000   15.0000 2490.9934   14.7255
   -7.5000   22.5000   15.0000 2342.9121   16.5241
    0.0000   22.5000   15.0000 2364.5815   16.3030
    7.5000   22.5000   15.0000 2339.8564   16.3935
   -7.5000   30.0000   15.0000 2177.0825   18.6182
    0.0000   30.0000   15.0000 2194.5608   18.3655
    7.5000   30.0000   15.0000 2180.9690   18.4444
   -7.5000   37.5000   15.0000 2016.2096   21.2602
    0.0000   37.5000   15.0000 2026.9150   20.9221
    7.5000   37.5000   15.0000 2016.9341   21.1054
   -7.5000   45.0000   15.0000 1851.3301   24.6562
    0.0000   45.0000   15.0000 1865.7209   24.2959
    7.5000   45.0000   15.0000 1857.3407   24.5339
   -7.5000  -45.0000   22.5000 2709.6790   12.4911
    0.0000  -45.0000   22.5000 2745.0410   12.0445
    7.5000  -45.0000   22.5000 2734.6301   12.0522
   -7.5000  -37.5000   22.5000 2798.6592   11.8784
    0.0000  -37.5000   22.5000 2840.6262   11.4828
    7.5000  -37.5000   22.5000 2825.8115   11.5297
   -7.5000  -30.0000   22.5000 2866.4302   11.4735
    0.0000  -30.0000   22.5000 2899.3186   11.0852
    7.5000  -30.0000   22.5000 2884.7534   11.2193
   -7.5000  -22.5000   22.5000 2886.7178   11.4034
    0.0000  -22.5000   22.5000 2925.7634   11.0989
    7.5000  -22.5000   22.5000 2908.0398   11.1674
   -7.5000  -15.0000   22.5000 2864.2656   11.6224
    0.0000  -15.0000   22.5000 2900.9873   11.3635
    7.5000  -15.0000   22.5000 2884.8816   11.4292
   -7.5000   -7.5000   22.5000 2797.1917   12.1041
    0.0000   -7.5000   22.5000 2833.1565   11.8505
    7.5000   -7.5000   22.5000 2818.3667   11.9073
   -7.5000    0.0000   22.5000 2704.1719   12.8001
    0.0000    0.0000   22.5000 2733.5217   12.5306
    7.5000    0.0000   22.5000 2721.1309   12.5967
   -7.5000    7.5000   22.5000 2589.1294   13.7816
    0.0000    7.5000   22.5000 2620.8323   13.4817
    7.5000    7.5000   22.5000 2604.4390   13.5743
   -7.5000   15.0000   22.5000 2462.0515   15.0498
    0.0000   15.0000   22.5000 2491.5874   14.7527
    7.5000   15.0000   22.5000 2470.7432   14.8474
   -7.5000   22.5000   22.5000 2316.3765   16.6535
    0.0000   22.5000   22.5000 2338.3140   16.3609
    7.5000   22.5000   22.5000 2319.5371   16.4764
   -7.5000   30.0000   22.5000 2153.3210   18.7337
    0.0000   30.0000   22.5000 2171.0579   18.4376
    7.5000   30.0000   22.5000 2160.3667   18.5632
   -7.5000   37.5000   22.5000 1994.5974   21.4286
    0.0000   37.5000   22.5000 2012.1512   21.0686
    7.5000   37.5000   22.5000 2002.6212   21.2227
   -7.5000   45.0000   22.5000 1834.1952   24.8147
    0.0000   45.0000   22.5000 1856.1398   24.4582
    7.5000   45.0000   22.5000 1845.7966   24.6472
   -7.5000  -45.0000   30.0000 2664.1316   13.0147
    0.0000  -45.0000   30.0000 2701.0344   12.6362
    7.5000  -45.0000   30.0000 2691.5742   12.6679
   -7.5000  -37.5000   30.0000 2744.2849   12.3706
    0.0000  -37.5000   30.0000 2780.7544   11.9817
    7.5000  -37.5000   30.0000 2768.6167   12.0562
   -7.5000  -30.0000   30.0000 2802.2520   11.9644
    0.0000  -30.0000   30.0000 2835.9358   11.6243
    7.5000  -30.0000   30.0000 2817.3259   11.6796
   -7.5000  -22.5000   30.0000 2819.5076   11.9245
    0.0000  -22.5000   30.0000 2855.0332   11.6168
    7.5000  -22.5000   30.0000 2838.2324   11.6340
   -7.5000  -15.0000   30.0000 2793.0642   12.1445
    0.0000  -15.0000   30.0000 2825.6604   11.8547
    7.5000  -15.0000   30.0000 2813.7903   11.8941
   -7.5000   -7.5000   30.0000 2730.3125   12.6013
    0.0000   -7.5000   30.0000 2765.0417   12.3539
    7.5000   -7.5000   30.0000 2749.5925   12.3686
   -7.5000    0.0000   30.0000 2642.2573   13.2656
    0.0000    0.0000   30.0000 2675.6050   13.0399
    7.5000    0.0000   30.0000 2664.5278   13.0597
   -7.5000    7.5000   30.0000 2538.0696   14.1929
    0.0000    7.5000   30.0000 2571.7256   13.9497
    7.5000    7.5000   30.0000 2552.8271   14.0060
   -7.5000   15.0000   30.0000 2414.5408   15.4180
    0.0000   15.0000   30.0000 2443.8960   15.1303
    7.5000   15.0000   30.0000 2426.6895   15.1978
   -7.5000   22.5000   30.0000 2271.7673   16.9608
    0.0000   22.5000   30.0000 2291.4849   16.6520
    7.5000   22.5000   30.0000 2281.1904   16.7402
   -7.5000   30.0000   30.0000 2114.5298   19.0339
    0.0000   30.0000   30.0000 2132.0903   18.6769
    7.5000   30.0000   30.0000 2128.1885   18.8221
   -7.5000   37.5000   30.0000 1968.6218   21.7169
    0.0000   37.5000   30.0000 1988.2408   21.3147
    7.5000   37.5000   30.0000 1979.5088   21.5282
   -7.5000   45.0000   30.0000 1813.2073   25.2250
    0.0000   45.0000   30.0000 1833.1948   24.8041
    7.5000   45.0000   30.0000 1821.2722   25.0492
   -7.5000  -45.0000   37.5000 2606.4846   13.6725
    0.0000  -45.0000   37.5000 2643.9766   13.2565
    7.5000  -45.0000   37.5000 2640.6992   13.3283
   -7.5000  -37.5000   37.5000 2680.2463   12.9872
    0.0000  -37.5000   37.5000 2714.5955   12.6047
    7.5000  -37.5000   37.5000 2702.3250   12.6775
   -7.5000  -30.0000   37.5000 2727.1584   12.6116
    0.0000  -30.0000   37.5000 2756.1677   12.2811
    7.5000  -30.0000   37.5000 2740.0935   12.2896
   -7.5000  -22.5000   37.5000 2736.1472   12.5707
    0.0000  -22.5000   37.5000 2771.6709   12.2442
    7.5000  -22.5000   37.5000 2756.5820   12.2504
   -7.5000  -15.0000   37.5000 2709.3179   12.7996
    0.0000  -15.0000   37.5000 2742.0710   12.4719
    7.5000  -15.0000   37.5000 2728.4685   12.5084
   -7.5000   -7.5000   37.5000 2653.4839   13.2463
    0.0000   -7.5000   37.5000 2686.9817   12.9334
    7.5000   -7.5000   37.5000 2671.4065   12.9580
   -7.5000    0.0000   37.5000 2571.0378   13.8776
    0.0000    0.0000   37.5000 2605.1582   13.6009
    7.5000    0.0000   37.5000 2589.2727   13.6328
   -7.5000    7.5000   37.5000 2476.9897   14.7785
    0.0000    7.5000   37.5000 2506.0068   14.5454
    7.5000    7.5000   37.5000 2490.4131   14.6073
   -7.5000   15.0000   37.5000 2351.7817   16.0307
    0.0000   15.0000   37.5000 2378.3965   15.7573
    7.5000   15.0000   37.5000 2367.7502   15.8169
   -7.5000   22.5000   37.5000 2216.9819   17.5307
    0.0000   22.5000   37.5000 2236.0120   17.2564
    7.5000   22.5000   37.5000 2224.1958   17.3632
   -7.5000   30.0000   37.5000 2072.2241   19.5568
    0.0000   30.0000   37.5000 2087.2598   19.2268
    7.5000   30.0000   37.5000 2083.4866   19.3544
   -7.5000   37.5000   37.5000 1935.0997   22.2949
    0.0000   37.5000   37.5000 1951.4966   21.8992
    7.5000   37.5000   37.5000 1946.7346   22.0319
   -7.5000   45.0000   37.5000 1780.4001   25.8662
    0.0000   45.0000   37.5000 1794.8873   25.4204
    7.5000   45.0000   37.5000 1786.5026   25.5853
   -7.5000  -45.0000   45.0000 2539.1501   14.4769
    0.0000  -45.0000   45.0000 2574.2200   14.0964
    7.5000  -45.0000   45.0000 2564.5044   14.1907
   -7.5000  -37.5000   45.0000 2608.5579   13.7850
    0.0000  -37.5000   45.0000 2634.1890   13.4445
    7.5000  -37.5000   45.0000 2616.7190   13.5004
   -7.5000  -30.0000   45.0000 2643.1750   13.4264
    0.0000  -30.0000   45.0000 2664.1443   13.1001
    7.5000  -30.0000   45.0000 2647.0281   13.1274
   -7.5000  -22.5000   45.0000 2646.7500   13.3703
    0.0000  -22.5000   45.0000 2671.8530   13.0300
    7.5000  -22.5000   45.0000 2660.6582   13.0743
   -7.5000  -15.0000   45.0000 2620.3152   13.5882
    0.0000  -15.0000   45.0000 2645.7871   13.2651
    7.5000  -15.0000   45.0000 2630.9041   13.3188
   -7.5000   -7.5000   45.0000 2574.4214   14.0072
    0.0000   -7.5000   45.0000 2605.2915   13.6907
    7.5000   -7.5000   45.0000 2581.3062   13.7468
   -7.5000    0.0000   45.0000 2497.3977   14.6412
    0.0000    0.0000   45.0000 2527.0979   14.3578
    7.5000    0.0000   45.0000 2509.9231   14.4167
   -7.5000    7.5000   45.0000 2403.6450   15.5423
    0.0000    7.5000   45.0000 2426.3445   15.2928
    7.5000    7.5000   45.0000 2418.0947   15.3440
   -7.5000   15.0000   45.0000 2284.8708   16.8479
    0.0000   15.0000   45.0000 2302.0955   16.5742
    7.5000   15.0000   45.0000 2296.2634   16.6391
   -7.5000   22.5000   45.0000 2157.2434   18.4753
    0.0000   22.5000   45.0000 2171.9041   18.1488
    7.5000   22.5000   45.0000 2163.3167   18.2291
   -7.5000   30.0000   45.0000 2020.2955   20.5061
    0.0000   30.0000   45.0000 2032.9496   20.1522
    7.5000   30.0000   45.0000 2028.7948   20.2440
   -7.5000   37.5000   45.0000 1885.2445   23.1916
    0.0000   37.5000   45.0000 1901.1257   22.7414
    7.5000   37.5000   45.0000 1896.8799   22.8835
   -7.5000   45.0000   45.0000 1734.9073   26.8488
    0.0000   45.0000   45.0000 1751.5804   26.2751
    7.5000   45.0000   45.0000 1740.2500   26.4453

---------------------------------------------------------------------
imgreg_4dfp /opt/freesurfer/average/711-2C_as_mni_average_305 /opt/freesurfer/average/711-2B_as_mni_average_305_mask talsrcimg_g11 none talsrcimg_to_711-2C_as_mni_average_305_t4 1283
---------------------------------------------------------------------

freesurfer imgreg_4dfp.c
/opt/freesurfer/average/711-2C_as_mni_average_305.4dfp.img
       256       256       256         1
  1.000000  1.000000  1.000000
orientation T byte_order littleendian
Reading image: /opt/freesurfer/average/711-2C_as_mni_average_305.4dfp.img
dimensions:      256       256       256
mmppix:       1.0000   -1.0000   -1.0000
center:     128.0000 -129.0000 -129.0000
/opt/freesurfer/average/711-2B_as_mni_average_305_mask.4dfp.img
       256       256       256         1
  1.000000  1.000000  1.000000
orientation T byte_order littleendian
Reading mask: /opt/freesurfer/average/711-2B_as_mni_average_305_mask.4dfp.img (2306576 pixels)
talsrcimg_g11.4dfp.img
       256       256       256         1
  1.000000  1.000000  1.000000
orientation T byte_order littleendian
Reading image: talsrcimg_g11.4dfp.img
dimensions:      256       256       256
mmppix:       1.0000   -1.0000   -1.0000
center:     128.0000 -129.0000 -129.0000
rotation matrix determinant  1.000000
fimgreg.f
image alignment mode   1283 decimal      503 hex
parameters
    0.0000  -22.5000    7.5000    0.0000    0.0000    0.0000
eta,q 0.93812 10.49866
niter,ni,del,rscale     5    3   12.0000    1.2000
parameter  4  0.586982 ->  0.500000 qaram    1.1500
parameter  5 -1.410688 -> -0.500000 qaram    1.1500
parameter  6 -0.534101 -> -0.500000 qaram    1.1500
parameters
   -0.0482  -24.9338    9.6451   -3.4500    3.4500    3.4500
eta,q 0.94135 10.48902
  0.0726  0.0674  0.0744  0.0655  0.0745  0.0688
  0.0675  0.0666  0.0703  0.0646  0.0708  0.0658
  0.0664  0.0666  0.0675  0.0650  0.0675  0.0625
  0.0673  0.0672  0.0668  0.0660  0.0646  0.0597
  0.0680  0.0680  0.0660  0.0665  0.0612  0.0584
  0.0689  0.0695  0.0657  0.0677  0.0593  0.0589
  0.0714  0.0727  0.0677  0.0695  0.0596  0.0599
niter,ni,del,rscale     7    3   12.0000    1.2000
parameters
    0.2937  -22.6477    8.9099   -4.3745    6.1229    3.1687
eta,q 0.94488 10.43458
  0.0696  0.0725  0.0634  0.0638  0.0700  0.0621
  0.0638  0.0663  0.0599  0.0587  0.0659  0.0581
  0.0597  0.0611  0.0576  0.0569  0.0614  0.0556
  0.0586  0.0588  0.0583  0.0578  0.0571  0.0552
  0.0602  0.0582  0.0604  0.0607  0.0551  0.0565
  0.0631  0.0588  0.0628  0.0632  0.0565  0.0595
  0.0666  0.0603  0.0650  0.0649  0.0599  0.0627
niter,ni,del,rscale     6    3   12.0000    1.2000
parameters
    0.4428  -22.2817    8.7376   -3.8910    6.2320    3.0060
eta,q 0.94448 10.43277
  0.0664  0.0681  0.0622  0.0668  0.0658  0.0618
  0.0603  0.0621  0.0581  0.0602  0.0611  0.0582
  0.0562  0.0569  0.0554  0.0559  0.0569  0.0561
  0.0551  0.0552  0.0553  0.0553  0.0555  0.0555
  0.0571  0.0570  0.0570  0.0571  0.0571  0.0564
  0.0603  0.0604  0.0596  0.0598  0.0605  0.0591
  0.0645  0.0650  0.0618  0.0626  0.0652  0.0620
niter,ni,del,rscale     5    3   12.0000    1.2000
parameters
    0.4573  -22.3462    8.7552   -3.7692    6.2462    2.9739
eta,q 0.94441 10.43195
  0.0661  0.0662  0.0630  0.0656  0.0656  0.0620
  0.0602  0.0605  0.0586  0.0591  0.0609  0.0584
  0.0564  0.0562  0.0558  0.0555  0.0567  0.0562
  0.0555  0.0555  0.0555  0.0555  0.0556  0.0556
  0.0573  0.0577  0.0571  0.0577  0.0573  0.0564
  0.0607  0.0613  0.0596  0.0603  0.0608  0.0589
  0.0653  0.0659  0.0618  0.0631  0.0653  0.0618
niter,ni,del,rscale     4    3   12.0000    1.2000
parameters
    0.4532  -22.3746    8.7624   -3.7459    6.2429    2.9675
eta,q 0.94441 10.43200
  0.0661  0.0662  0.0630  0.0653  0.0655  0.0621
  0.0603  0.0605  0.0587  0.0589  0.0609  0.0585
  0.0564  0.0563  0.0558  0.0555  0.0567  0.0562
  0.0556  0.0556  0.0556  0.0556  0.0556  0.0556
  0.0574  0.0576  0.0572  0.0578  0.0574  0.0564
  0.0608  0.0611  0.0597  0.0605  0.0608  0.0589
  0.0655  0.0657  0.0619  0.0632  0.0654  0.0618
registration optimization eta report
parameter search radius
    6.0000    6.0000    6.0000    6.9000    6.9000    6.9000
100000*second partial in parameter space
       28.       28.       19.       18.       20.       13.
  0.0661  0.0662  0.0630  0.0653  0.0655  0.0621
  0.0603  0.0605  0.0587  0.0589  0.0609  0.0585
  0.0564  0.0563  0.0558  0.0555  0.0567  0.0562
  0.0556  0.0556  0.0556  0.0556  0.0556  0.0556
  0.0574  0.0576  0.0572  0.0578  0.0574  0.0564
  0.0608  0.0611  0.0597  0.0605  0.0608  0.0589
  0.0655  0.0657  0.0619  0.0632  0.0654  0.0618
    0.4532  -22.3746    8.7624   -3.7459    6.2429    2.9675
eta,q 0.94441 10.43200

---------------------------------------------------------------------
imgreg_4dfp /opt/freesurfer/average/711-2C_as_mni_average_305 /opt/freesurfer/average/711-2B_as_mni_average_305_mask talsrcimg_g11 none talsrcimg_to_711-2C_as_mni_average_305_t4 3335
---------------------------------------------------------------------

freesurfer imgreg_4dfp.c
/opt/freesurfer/average/711-2C_as_mni_average_305.4dfp.img
       256       256       256         1
  1.000000  1.000000  1.000000
orientation T byte_order littleendian
Reading image: /opt/freesurfer/average/711-2C_as_mni_average_305.4dfp.img
dimensions:      256       256       256
mmppix:       1.0000   -1.0000   -1.0000
center:     128.0000 -129.0000 -129.0000
/opt/freesurfer/average/711-2B_as_mni_average_305_mask.4dfp.img
       256       256       256         1
  1.000000  1.000000  1.000000
orientation T byte_order littleendian
Reading mask: /opt/freesurfer/average/711-2B_as_mni_average_305_mask.4dfp.img (2306576 pixels)
talsrcimg_g11.4dfp.img
       256       256       256         1
  1.000000  1.000000  1.000000
orientation T byte_order littleendian
Reading image: talsrcimg_g11.4dfp.img
dimensions:      256       256       256
mmppix:       1.0000   -1.0000   -1.0000
center:     128.0000 -129.0000 -129.0000
fimgreg.f
image alignment mode   3335 decimal      D07 hex
parameters
    0.4532  -22.3746    8.7624   -0.7263   -0.3107   -0.8054
   -4.4563  -11.1748    5.1462    5.9626   10.8744   -6.4944
eta,q 0.94573 10.41796
niter,ni,del,rscale     5    3    5.0000    1.2000
parameter  4 11.250699 ->  0.500000 qaram    1.1500
parameter  5  6.558361 ->  0.500000 qaram    1.1500
parameter  6  2.517059 ->  0.500000 qaram    1.1500
parameter  7  0.552535 ->  0.500000 qaram    1.1500
parameters
    0.8437  -21.6774    8.8243   -4.8663   -4.4507   -4.9454
   -8.5963   -7.7981    4.7374    4.8879    8.6711   -6.3313
eta,q 0.96595 10.08752
  0.0563  0.0563  0.0553  0.0428  0.0389  0.0332  0.0356  0.0424  0.0361  0.0369  0.0347  0.0359
  0.0552  0.0554  0.0545  0.0460  0.0416  0.0350  0.0351  0.0392  0.0351  0.0353  0.0342  0.0350
  0.0546  0.0547  0.0542  0.0500  0.0443  0.0384  0.0352  0.0366  0.0345  0.0344  0.0340  0.0343
  0.0543  0.0543  0.0541  0.0541  0.0470  0.0423  0.0358  0.0351  0.0343  0.0343  0.0342  0.0341
  0.0543  0.0541  0.0543  0.0580  0.0502  0.0465  0.0369  0.0343  0.0346  0.0351  0.0346  0.0342
  0.0546  0.0543  0.0546  0.0619  0.0534  0.0508  0.0385  0.0344  0.0354  0.0367  0.0353  0.0348
  0.0553  0.0549  0.0550  0.0662  0.0567  0.0559  0.0405  0.0353  0.0366  0.0391  0.0362  0.0358
niter,ni,del,rscale     7    3    5.0000    1.2000
parameter  4  1.597018 ->  0.500000 qaram    1.3225
parameter  5  1.515639 ->  0.500000 qaram    1.3225
parameters
    0.8057  -22.6039    9.8053   -9.6273   -9.2117   -8.9479
   -7.3152   -7.3557    6.3859    5.1095   10.1995   -3.9999
eta,q 0.97858 10.01097
  0.0372  0.0346  0.0376  0.0259  0.0221  0.0239  0.0277  0.0286  0.0255  0.0255  0.0245  0.0241
  0.0355  0.0339  0.0359  0.0269  0.0228  0.0225  0.0251  0.0256  0.0238  0.0235  0.0232  0.0229
  0.0344  0.0337  0.0346  0.0294  0.0247  0.0219  0.0231  0.0231  0.0225  0.0222  0.0223  0.0221
  0.0340  0.0341  0.0337  0.0333  0.0274  0.0232  0.0220  0.0219  0.0218  0.0217  0.0217  0.0216
  0.0344  0.0349  0.0333  0.0380  0.0305  0.0268  0.0220  0.0223  0.0217  0.0220  0.0216  0.0214
  0.0356  0.0362  0.0335  0.0429  0.0340  0.0316  0.0231  0.0243  0.0222  0.0232  0.0220  0.0216
  0.0375  0.0378  0.0341  0.0479  0.0379  0.0365  0.0251  0.0274  0.0232  0.0251  0.0229  0.0221
niter,ni,del,rscale     7    3    5.0000    1.2000
parameters
    0.7687  -22.9946    9.0305  -13.0348  -11.7141   -9.5209
   -7.6158   -7.6145    6.8766    4.2064   10.6014   -4.3485
eta,q 0.97964  9.84628
  0.0260  0.0236  0.0222  0.0232  0.0233  0.0249  0.0243  0.0256  0.0231  0.0229  0.0221  0.0217
  0.0235  0.0221  0.0213  0.0215  0.0214  0.0231  0.0222  0.0228  0.0217  0.0213  0.0212  0.0209
  0.0219  0.0214  0.0210  0.0206  0.0204  0.0215  0.0209  0.0209  0.0208  0.0205  0.0206  0.0204
  0.0214  0.0214  0.0213  0.0210  0.0207  0.0203  0.0205  0.0205  0.0205  0.0204  0.0204  0.0204
  0.0220  0.0222  0.0221  0.0238  0.0224  0.0207  0.0211  0.0213  0.0206  0.0211  0.0205  0.0206
  0.0237  0.0236  0.0234  0.0285  0.0251  0.0233  0.0227  0.0233  0.0213  0.0224  0.0209  0.0211
  0.0263  0.0255  0.0252  0.0341  0.0285  0.0276  0.0249  0.0264  0.0225  0.0244  0.0218  0.0219
niter,ni,del,rscale     6    3    5.0000    1.2000
parameters
    0.8394  -22.8355    8.8395  -13.1577  -11.8899   -9.7562
   -7.7330   -7.5385    6.8882    4.3310   10.6260   -4.6894
eta,q 0.97960  9.82527
  0.0246  0.0239  0.0221  0.0257  0.0251  0.0251  0.0244  0.0260  0.0228  0.0238  0.0219  0.0217
  0.0224  0.0221  0.0210  0.0232  0.0228  0.0231  0.0223  0.0231  0.0215  0.0219  0.0211  0.0209
  0.0209  0.0208  0.0204  0.0214  0.0211  0.0215  0.0209  0.0211  0.0207  0.0207  0.0206  0.0205
  0.0204  0.0204  0.0203  0.0203  0.0203  0.0203  0.0204  0.0204  0.0204  0.0204  0.0204  0.0204
  0.0207  0.0206  0.0207  0.0204  0.0210  0.0204  0.0210  0.0210  0.0207  0.0208  0.0206  0.0207
  0.0220  0.0215  0.0215  0.0226  0.0229  0.0226  0.0225  0.0228  0.0215  0.0218  0.0211  0.0212
  0.0242  0.0231  0.0227  0.0269  0.0256  0.0267  0.0247  0.0258  0.0228  0.0235  0.0219  0.0219
niter,ni,del,rscale     5    3    5.0000    1.2000
parameters
    0.8626  -22.7841    8.7672  -13.1081  -11.8955   -9.8109
   -7.7266   -7.5280    6.8822    4.4059   10.6487   -4.8193
eta,q 0.97960  9.82370
  0.0245  0.0237  0.0224  0.0258  0.0253  0.0252  0.0245  0.0259  0.0228  0.0237  0.0219  0.0218
  0.0223  0.0219  0.0212  0.0233  0.0230  0.0233  0.0224  0.0230  0.0215  0.0218  0.0211  0.0210
  0.0209  0.0208  0.0206  0.0215  0.0212  0.0216  0.0209  0.0210  0.0207  0.0207  0.0206  0.0205
  0.0204  0.0204  0.0204  0.0204  0.0204  0.0204  0.0204  0.0204  0.0204  0.0204  0.0204  0.0204
  0.0208  0.0207  0.0207  0.0204  0.0210  0.0203  0.0209  0.0210  0.0207  0.0208  0.0206  0.0207
  0.0222  0.0218  0.0214  0.0224  0.0228  0.0224  0.0223  0.0229  0.0215  0.0218  0.0211  0.0211
  0.0243  0.0234  0.0226  0.0266  0.0255  0.0264  0.0245  0.0259  0.0228  0.0235  0.0219  0.0218
niter,ni,del,rscale     4    3    5.0000    1.2000
parameters
    0.8665  -22.7696    8.7448  -13.1004  -11.8946   -9.8180
   -7.7206   -7.5334    6.8786    4.4353   10.6549   -4.8638
eta,q 0.97960  9.82344
  0.0244  0.0236  0.0225  0.0258  0.0253  0.0253  0.0245  0.0258  0.0227  0.0237  0.0219  0.0219
  0.0222  0.0218  0.0213  0.0233  0.0230  0.0233  0.0224  0.0230  0.0215  0.0218  0.0211  0.0210
  0.0209  0.0208  0.0206  0.0215  0.0212  0.0216  0.0209  0.0210  0.0207  0.0207  0.0206  0.0205
  0.0204  0.0204  0.0204  0.0204  0.0204  0.0204  0.0204  0.0204  0.0204  0.0204  0.0204  0.0204
  0.0209  0.0208  0.0207  0.0204  0.0210  0.0203  0.0209  0.0211  0.0207  0.0208  0.0206  0.0206
  0.0222  0.0218  0.0214  0.0225  0.0229  0.0224  0.0224  0.0229  0.0215  0.0219  0.0211  0.0211
  0.0244  0.0234  0.0225  0.0266  0.0255  0.0263  0.0245  0.0259  0.0228  0.0235  0.0219  0.0218
registration optimization eta report
parameter search radius
    2.4000    2.4000    2.4000    9.5220    9.5220    8.2800
    8.2800    7.2000    7.2000    7.2000    7.2000    7.2000
100000*second partial in parameter space
       69.       54.       36.        6.        5.        8.
        6.       10.        5.        6.        3.        3.
  0.0244  0.0236  0.0225  0.0258  0.0253  0.0253  0.0245  0.0258  0.0227  0.0237  0.0219  0.0219
  0.0222  0.0218  0.0213  0.0233  0.0230  0.0233  0.0224  0.0230  0.0215  0.0218  0.0211  0.0210
  0.0209  0.0208  0.0206  0.0215  0.0212  0.0216  0.0209  0.0210  0.0207  0.0207  0.0206  0.0205
  0.0204  0.0204  0.0204  0.0204  0.0204  0.0204  0.0204  0.0204  0.0204  0.0204  0.0204  0.0204
  0.0209  0.0208  0.0207  0.0204  0.0210  0.0203  0.0209  0.0211  0.0207  0.0208  0.0206  0.0206
  0.0222  0.0218  0.0214  0.0225  0.0229  0.0224  0.0224  0.0229  0.0215  0.0219  0.0211  0.0211
  0.0244  0.0234  0.0225  0.0266  0.0255  0.0263  0.0245  0.0259  0.0228  0.0235  0.0219  0.0218
    0.8665  -22.7696    8.7448  -13.1004  -11.8946   -9.8180
   -7.7206   -7.5334    6.8786    4.4353   10.6549   -4.8638
eta,q 0.97960  9.82344

---------------------------------------------------------------------
imgreg_4dfp /opt/freesurfer/average/711-2C_as_mni_average_305 /opt/freesurfer/average/711-2B_as_mni_average_305_mask talsrcimg_g11 none talsrcimg_to_711-2C_as_mni_average_305_t4 2311
---------------------------------------------------------------------

freesurfer imgreg_4dfp.c
/opt/freesurfer/average/711-2C_as_mni_average_305.4dfp.img
       256       256       256         1
  1.000000  1.000000  1.000000
orientation T byte_order littleendian
Reading image: /opt/freesurfer/average/711-2C_as_mni_average_305.4dfp.img
dimensions:      256       256       256
mmppix:       1.0000   -1.0000   -1.0000
center:     128.0000 -129.0000 -129.0000
/opt/freesurfer/average/711-2B_as_mni_average_305_mask.4dfp.img
       256       256       256         1
  1.000000  1.000000  1.000000
orientation T byte_order littleendian
Reading mask: /opt/freesurfer/average/711-2B_as_mni_average_305_mask.4dfp.img (2306576 pixels)
talsrcimg_g11.4dfp.img
       256       256       256         1
  1.000000  1.000000  1.000000
orientation T byte_order littleendian
Reading image: talsrcimg_g11.4dfp.img
dimensions:      256       256       256
mmppix:       1.0000   -1.0000   -1.0000
center:     128.0000 -129.0000 -129.0000
fimgreg.f
image alignment mode   2311 decimal      907 hex
parameters
    0.8665  -22.7696    8.7448  -13.1004  -11.8946   -9.8180
   -7.7206   -7.5334    6.8786    4.4353   10.6549   -4.8638
eta,q 0.97960  9.82344
niter,ni,del,rscale     5    3    5.0000    0.8000
parameters
    0.8701  -22.7803    8.7147  -11.8942  -11.8245   -9.0740
   -7.6849   -7.5385    6.8612    4.4647   10.5820   -5.1135
eta,q 0.97993  9.87893
  0.0222  0.0218  0.0213  0.0223  0.0218  0.0227  0.0217  0.0230  0.0212  0.0216  0.0209  0.0208
  0.0212  0.0210  0.0208  0.0215  0.0210  0.0217  0.0208  0.0214  0.0206  0.0207  0.0204  0.0204
  0.0206  0.0206  0.0205  0.0208  0.0204  0.0208  0.0203  0.0204  0.0202  0.0202  0.0202  0.0201
  0.0204  0.0204  0.0204  0.0204  0.0202  0.0202  0.0201  0.0201  0.0201  0.0201  0.0201  0.0201
  0.0206  0.0206  0.0205  0.0202  0.0204  0.0200  0.0202  0.0205  0.0202  0.0203  0.0202  0.0202
  0.0212  0.0211  0.0209  0.0204  0.0209  0.0205  0.0208  0.0214  0.0206  0.0207  0.0205  0.0205
  0.0222  0.0218  0.0214  0.0211  0.0217  0.0218  0.0217  0.0230  0.0212  0.0216  0.0210  0.0209
niter,ni,del,rscale     4    3    5.0000    0.7000
parameters
    0.8613  -22.8222    8.9288  -12.0310  -11.8860   -8.7081
   -7.6719   -7.5818    6.8575    4.4690   10.5634   -4.9906
eta,q 0.98000  9.88650
  0.0216  0.0211  0.0211  0.0212  0.0212  0.0220  0.0212  0.0223  0.0208  0.0212  0.0207  0.0206
  0.0207  0.0205  0.0206  0.0207  0.0206  0.0211  0.0206  0.0210  0.0204  0.0205  0.0203  0.0203
  0.0202  0.0202  0.0202  0.0203  0.0202  0.0205  0.0202  0.0202  0.0201  0.0201  0.0201  0.0201
  0.0201  0.0201  0.0201  0.0201  0.0201  0.0201  0.0200  0.0200  0.0200  0.0200  0.0200  0.0200
  0.0202  0.0202  0.0201  0.0201  0.0202  0.0200  0.0201  0.0203  0.0201  0.0201  0.0201  0.0201
  0.0208  0.0206  0.0203  0.0206  0.0206  0.0205  0.0206  0.0211  0.0204  0.0205  0.0203  0.0203
  0.0216  0.0212  0.0206  0.0216  0.0213  0.0216  0.0212  0.0223  0.0209  0.0212  0.0207  0.0205
niter,ni,del,rscale     3    3    5.0000    0.6000
parameters
    0.8484  -22.8286    9.0307  -11.9639  -11.9221   -8.5032
   -7.6708   -7.6170    6.8516    4.4510   10.5556   -4.9309
eta,q 0.98003  9.89337
  0.0211  0.0208  0.0207  0.0209  0.0209  0.0214  0.0209  0.0217  0.0206  0.0208  0.0205  0.0204
  0.0205  0.0204  0.0203  0.0205  0.0204  0.0208  0.0204  0.0207  0.0202  0.0203  0.0202  0.0202
  0.0201  0.0201  0.0201  0.0202  0.0201  0.0203  0.0201  0.0201  0.0200  0.0201  0.0200  0.0200
  0.0200  0.0200  0.0200  0.0200  0.0200  0.0200  0.0200  0.0200  0.0200  0.0200  0.0200  0.0200
  0.0201  0.0201  0.0200  0.0200  0.0201  0.0200  0.0201  0.0202  0.0200  0.0201  0.0200  0.0200
  0.0205  0.0204  0.0202  0.0203  0.0204  0.0204  0.0204  0.0208  0.0202  0.0204  0.0202  0.0202
  0.0211  0.0208  0.0205  0.0210  0.0209  0.0213  0.0209  0.0217  0.0206  0.0208  0.0205  0.0204
niter,ni,del,rscale     2    3    5.0000    0.5000
parameters
    0.8388  -22.8373    9.0970  -11.8849  -11.9541   -8.3392
   -7.6676   -7.6426    6.8476    4.4520   10.5485   -4.9142
eta,q 0.98006  9.89917
  0.0207  0.0205  0.0204  0.0206  0.0206  0.0210  0.0206  0.0212  0.0204  0.0206  0.0203  0.0203
  0.0203  0.0202  0.0202  0.0203  0.0202  0.0205  0.0202  0.0205  0.0201  0.0202  0.0201  0.0201
  0.0200  0.0200  0.0200  0.0201  0.0200  0.0202  0.0200  0.0201  0.0200  0.0200  0.0200  0.0200
  0.0200  0.0200  0.0200  0.0200  0.0200  0.0200  0.0199  0.0199  0.0199  0.0199  0.0199  0.0199
  0.0201  0.0200  0.0200  0.0200  0.0200  0.0200  0.0200  0.0201  0.0200  0.0200  0.0200  0.0200
  0.0203  0.0202  0.0201  0.0202  0.0202  0.0203  0.0202  0.0205  0.0201  0.0202  0.0201  0.0201
  0.0208  0.0206  0.0203  0.0206  0.0206  0.0209  0.0206  0.0212  0.0204  0.0206  0.0203  0.0202
niter,ni,del,rscale     1    3    5.0000    0.4000
parameters
    0.8299  -22.8390    9.1505  -11.8130  -11.9901   -8.1949
   -7.6622   -7.6723    6.8407    4.4489   10.5503   -4.9214
eta,q 0.98007  9.90371
  0.0204  0.0203  0.0203  0.0204  0.0203  0.0207  0.0204  0.0207  0.0202  0.0203  0.0202  0.0201
  0.0202  0.0201  0.0201  0.0202  0.0201  0.0203  0.0201  0.0203  0.0201  0.0201  0.0200  0.0200
  0.0200  0.0200  0.0200  0.0200  0.0200  0.0201  0.0200  0.0200  0.0200  0.0200  0.0200  0.0200
  0.0199  0.0199  0.0199  0.0199  0.0199  0.0199  0.0199  0.0199  0.0199  0.0199  0.0199  0.0199
  0.0200  0.0200  0.0200  0.0200  0.0200  0.0200  0.0200  0.0200  0.0200  0.0200  0.0200  0.0200
  0.0202  0.0201  0.0200  0.0201  0.0201  0.0201  0.0201  0.0203  0.0201  0.0201  0.0200  0.0200
  0.0205  0.0203  0.0202  0.0204  0.0204  0.0206  0.0204  0.0208  0.0202  0.0203  0.0202  0.0201
registration optimization eta report
parameter search radius
    0.8000    0.8000    0.8000    2.4000    2.4000    2.4000
    2.4000    2.4000    2.4000    2.4000    2.4000    2.4000
100000*second partial in parameter space
       79.       58.       43.        8.        7.       12.
        7.       14.        5.        7.        4.        3.
  0.0204  0.0203  0.0203  0.0204  0.0203  0.0207  0.0204  0.0207  0.0202  0.0203  0.0202  0.0201
  0.0202  0.0201  0.0201  0.0202  0.0201  0.0203  0.0201  0.0203  0.0201  0.0201  0.0200  0.0200
  0.0200  0.0200  0.0200  0.0200  0.0200  0.0201  0.0200  0.0200  0.0200  0.0200  0.0200  0.0200
  0.0199  0.0199  0.0199  0.0199  0.0199  0.0199  0.0199  0.0199  0.0199  0.0199  0.0199  0.0199
  0.0200  0.0200  0.0200  0.0200  0.0200  0.0200  0.0200  0.0200  0.0200  0.0200  0.0200  0.0200
  0.0202  0.0201  0.0200  0.0201  0.0201  0.0201  0.0201  0.0203  0.0201  0.0201  0.0200  0.0200
  0.0205  0.0203  0.0202  0.0204  0.0204  0.0206  0.0204  0.0208  0.0202  0.0203  0.0202  0.0201
    0.8299  -22.8390    9.1505  -11.8130  -11.9901   -8.1949
   -7.6622   -7.6723    6.8407    4.4489   10.5503   -4.9214
eta,q 0.98007  9.90371

---------------------------------------------------------------------
imgreg_4dfp /opt/freesurfer/average/711-2C_as_mni_average_305 /opt/freesurfer/average/711-2B_as_mni_average_305_mask talsrcimg_g11 none talsrcimg_to_711-2C_as_mni_average_305_t4 2311
---------------------------------------------------------------------

freesurfer imgreg_4dfp.c
/opt/freesurfer/average/711-2C_as_mni_average_305.4dfp.img
       256       256       256         1
  1.000000  1.000000  1.000000
orientation T byte_order littleendian
Reading image: /opt/freesurfer/average/711-2C_as_mni_average_305.4dfp.img
dimensions:      256       256       256
mmppix:       1.0000   -1.0000   -1.0000
center:     128.0000 -129.0000 -129.0000
/opt/freesurfer/average/711-2B_as_mni_average_305_mask.4dfp.img
       256       256       256         1
  1.000000  1.000000  1.000000
orientation T byte_order littleendian
Reading mask: /opt/freesurfer/average/711-2B_as_mni_average_305_mask.4dfp.img (2306576 pixels)
talsrcimg_g11.4dfp.img
       256       256       256         1
  1.000000  1.000000  1.000000
orientation T byte_order littleendian
Reading image: talsrcimg_g11.4dfp.img
dimensions:      256       256       256
mmppix:       1.0000   -1.0000   -1.0000
center:     128.0000 -129.0000 -129.0000
fimgreg.f
image alignment mode   2311 decimal      907 hex
parameters
    0.8299  -22.8390    9.1505  -11.8130  -11.9901   -8.1949
   -7.6622   -7.6723    6.8407    4.4489   10.5503   -4.9214
eta,q 0.98007  9.90371
niter,ni,del,rscale     5    3    5.0000    0.8000
parameters
    0.8174  -22.8391    9.2144  -12.2817  -12.0353   -8.4883
   -7.6787   -7.6352    6.8543    4.4198   10.5642   -4.7131
eta,q 0.98000  9.88574
  0.0219  0.0214  0.0211  0.0213  0.0215  0.0220  0.0216  0.0230  0.0211  0.0215  0.0209  0.0208
  0.0208  0.0206  0.0205  0.0206  0.0207  0.0211  0.0207  0.0213  0.0205  0.0207  0.0204  0.0204
  0.0201  0.0201  0.0201  0.0201  0.0202  0.0204  0.0202  0.0203  0.0201  0.0201  0.0201  0.0201
  0.0199  0.0199  0.0199  0.0199  0.0200  0.0200  0.0200  0.0200  0.0200  0.0200  0.0200  0.0200
  0.0202  0.0201  0.0200  0.0201  0.0201  0.0202  0.0202  0.0204  0.0201  0.0202  0.0201  0.0201
  0.0208  0.0206  0.0204  0.0209  0.0207  0.0212  0.0207  0.0213  0.0205  0.0207  0.0204  0.0203
  0.0220  0.0214  0.0209  0.0223  0.0216  0.0229  0.0216  0.0228  0.0211  0.0215  0.0208  0.0206
niter,ni,del,rscale     4    3    5.0000    0.7000
parameters
    0.8278  -22.8366    9.1164  -12.0981  -11.9663   -8.5187
   -7.6930   -7.6206    6.8504    4.4042   10.5670   -4.8180
eta,q 0.98003  9.88983
  0.0215  0.0211  0.0207  0.0213  0.0212  0.0217  0.0212  0.0223  0.0208  0.0212  0.0206  0.0205
  0.0207  0.0205  0.0203  0.0207  0.0206  0.0209  0.0205  0.0210  0.0204  0.0205  0.0203  0.0202
  0.0202  0.0201  0.0201  0.0203  0.0201  0.0203  0.0201  0.0202  0.0201  0.0201  0.0200  0.0200
  0.0200  0.0200  0.0200  0.0200  0.0200  0.0200  0.0200  0.0200  0.0200  0.0200  0.0200  0.0200
  0.0202  0.0201  0.0201  0.0200  0.0201  0.0200  0.0201  0.0203  0.0201  0.0201  0.0201  0.0201
  0.0206  0.0205  0.0204  0.0204  0.0205  0.0208  0.0205  0.0210  0.0204  0.0205  0.0203  0.0203
  0.0215  0.0211  0.0209  0.0212  0.0212  0.0220  0.0212  0.0222  0.0208  0.0212  0.0206  0.0206
niter,ni,del,rscale     3    3    5.0000    0.6000
parameters
    0.8355  -22.8388    9.1032  -11.9813  -11.9583   -8.4317
   -7.6782   -7.6278    6.8488    4.4261   10.5485   -4.8690
eta,q 0.98005  9.89474
  0.0211  0.0208  0.0206  0.0209  0.0209  0.0214  0.0209  0.0217  0.0206  0.0208  0.0205  0.0204
  0.0205  0.0203  0.0202  0.0205  0.0204  0.0207  0.0204  0.0207  0.0202  0.0204  0.0202  0.0201
  0.0201  0.0201  0.0200  0.0202  0.0201  0.0203  0.0201  0.0201  0.0200  0.0201  0.0200  0.0200
  0.0200  0.0200  0.0200  0.0200  0.0200  0.0200  0.0200  0.0200  0.0200  0.0200  0.0200  0.0200
  0.0201  0.0201  0.0201  0.0200  0.0201  0.0200  0.0201  0.0202  0.0200  0.0201  0.0200  0.0200
  0.0205  0.0203  0.0203  0.0203  0.0204  0.0205  0.0204  0.0208  0.0202  0.0203  0.0202  0.0202
  0.0211  0.0208  0.0206  0.0209  0.0209  0.0214  0.0209  0.0217  0.0206  0.0208  0.0205  0.0204
niter,ni,del,rscale     2    3    5.0000    0.5000
parameters
    0.8331  -22.8402    9.1281  -11.8867  -11.9730   -8.3127
   -7.6694   -7.6471    6.8559    4.4430   10.5423   -4.9006
eta,q 0.98006  9.89977
  0.0207  0.0205  0.0204  0.0206  0.0206  0.0210  0.0206  0.0212  0.0204  0.0206  0.0203  0.0202
  0.0203  0.0202  0.0202  0.0203  0.0202  0.0205  0.0202  0.0205  0.0201  0.0202  0.0201  0.0201
  0.0200  0.0200  0.0200  0.0201  0.0200  0.0202  0.0200  0.0201  0.0200  0.0200  0.0200  0.0200
  0.0200  0.0200  0.0200  0.0200  0.0200  0.0200  0.0199  0.0199  0.0199  0.0199  0.0199  0.0199
  0.0200  0.0200  0.0200  0.0200  0.0200  0.0200  0.0200  0.0201  0.0200  0.0200  0.0200  0.0200
  0.0203  0.0202  0.0201  0.0202  0.0202  0.0203  0.0202  0.0205  0.0201  0.0202  0.0201  0.0201
  0.0207  0.0205  0.0204  0.0206  0.0206  0.0210  0.0206  0.0212  0.0204  0.0205  0.0203  0.0202
niter,ni,del,rscale     1    3    5.0000    0.4000
parameters
    0.8272  -22.8399    9.1667  -11.8115  -11.9921   -8.1809
   -7.6693   -7.6740    6.8382    4.4579   10.5353   -4.9028
eta,q 0.98007  9.90451
  0.0204  0.0203  0.0202  0.0204  0.0203  0.0207  0.0204  0.0207  0.0202  0.0203  0.0202  0.0201
  0.0202  0.0201  0.0201  0.0202  0.0201  0.0203  0.0201  0.0203  0.0201  0.0201  0.0200  0.0200
  0.0200  0.0200  0.0200  0.0200  0.0200  0.0201  0.0200  0.0200  0.0200  0.0200  0.0200  0.0199
  0.0199  0.0199  0.0199  0.0199  0.0199  0.0199  0.0199  0.0199  0.0199  0.0199  0.0199  0.0199
  0.0200  0.0200  0.0200  0.0200  0.0200  0.0199  0.0200  0.0200  0.0200  0.0200  0.0200  0.0200
  0.0202  0.0201  0.0200  0.0201  0.0201  0.0202  0.0201  0.0203  0.0201  0.0201  0.0200  0.0200
  0.0205  0.0203  0.0202  0.0204  0.0204  0.0206  0.0203  0.0208  0.0202  0.0203  0.0202  0.0201
registration optimization eta report
parameter search radius
    0.8000    0.8000    0.8000    2.4000    2.4000    2.4000
    2.4000    2.4000    2.4000    2.4000    2.4000    2.4000
100000*second partial in parameter space
       79.       58.       43.        8.        7.       12.
        7.       14.        5.        7.        4.        3.
  0.0204  0.0203  0.0202  0.0204  0.0203  0.0207  0.0204  0.0207  0.0202  0.0203  0.0202  0.0201
  0.0202  0.0201  0.0201  0.0202  0.0201  0.0203  0.0201  0.0203  0.0201  0.0201  0.0200  0.0200
  0.0200  0.0200  0.0200  0.0200  0.0200  0.0201  0.0200  0.0200  0.0200  0.0200  0.0200  0.0199
  0.0199  0.0199  0.0199  0.0199  0.0199  0.0199  0.0199  0.0199  0.0199  0.0199  0.0199  0.0199
  0.0200  0.0200  0.0200  0.0200  0.0200  0.0199  0.0200  0.0200  0.0200  0.0200  0.0200  0.0200
  0.0202  0.0201  0.0200  0.0201  0.0201  0.0202  0.0201  0.0203  0.0201  0.0201  0.0200  0.0200
  0.0205  0.0203  0.0202  0.0204  0.0204  0.0206  0.0203  0.0208  0.0202  0.0203  0.0202  0.0201
    0.8272  -22.8399    9.1667  -11.8115  -11.9921   -8.1809
   -7.6693   -7.6740    6.8382    4.4579   10.5353   -4.9028
eta,q 0.98007  9.90451

---------------------------------------------------------------------
compute_vox2vox talsrcimg talsrcimg_to_711-2C_as_mni_average_305_t4 /opt/freesurfer/average/711-2C_as_mni_average_305
---------------------------------------------------------------------

freesurfer compute_vox2vox.c
Reading: talsrcimg.4dfp.ifh
Reading: talsrcimg_to_711-2C_as_mni_average_305_t4
Reading: /opt/freesurfer/average/711-2C_as_mni_average_305.4dfp.ifh
Writing: talsrcimg_to_711-2C_as_mni_average_305_t4_vox2vox.txt

start time Wed Mar 11 10:59:40 CET 2026
end		time Wed Mar 11 11:01:07 CET 2026

mpr2mni305 success

avi2talxfm orig_nu.mgz /opt/freesurfer/average/mni305.cor.mgz talsrcimg_to_711-2C_as_mni_average_305_t4_vox2vox.txt transforms/talairach.auto.xfm
avi2talxfm done
mv -f /out/sourcedata/freesurfer/sub-v2s16x51247_ses-1/mri/talsrcimg_to_711-2C_as_mni_average_305_t4_vox2vox.txt /out/sourcedata/freesurfer/sub-v2s16x51247_ses-1/mri/transforms/talsrcimg_to_711-2C_as_mni_average_305_t4_vox2vox.txt
lta_convert --src orig_nu.mgz --trg /opt/freesurfer/average/mni305.cor.mgz --inxfm transforms/talairach.auto.xfm --outlta transforms/talairach.auto.xfm.lta --subject fsaverage
7.3.2

--src: orig_nu.mgz src image (geometry).
--trg: /opt/freesurfer/average/mni305.cor.mgz trg image (geometry).
--inmni: transforms/talairach.auto.xfm input MNI/XFM transform.
--outlta: transforms/talairach.auto.xfm.lta output LTA.
--s: fsaverage subject name
 LTA read, type : 1
 1.11547   0.08827   0.10212   12.49869;
-0.13226   1.07569   0.04840  -21.82358;
-0.07997  -0.06135   1.12587   18.78658;
 0.00000   0.00000   0.00000   1.00000;
setting subject to fsaverage
Writing  LTA to file transforms/talairach.auto.xfm.lta...
lta_convert successful.
 
 
Started at Wed Mar 11 10:59:40 CET 2026
Ended   at Wed Mar 11 11:01:07 CET 2026
talairach_avi done
