status file for recon-all
Wed Mar 11 12:44:14 CET 2026
#@# Tessellate lh Wed Mar 11 12:44:14 CET 2026
#@# Smooth1 lh Wed Mar 11 12:44:17 CET 2026
#@# Inflation1 lh Wed Mar 11 12:44:20 CET 2026
#@# QSphere lh Wed Mar 11 12:44:36 CET 2026
#@# Fix Topology lh Wed Mar 11 12:45:49 CET 2026
#@# Smooth2 lh Wed Mar 11 12:51:57 CET 2026
#@# Inflation2 lh Wed Mar 11 12:52:00 CET 2026
#@# Curv .H and .K lh Wed Mar 11 12:52:16 CET 2026
#@# Sphere lh Wed Mar 11 12:53:04 CET 2026
#@# Surf Reg lh Wed Mar 11 12:56:09 CET 2026
#@# Jacobian white lh Wed Mar 11 13:00:26 CET 2026
#@# AvgCurv lh Wed Mar 11 13:00:27 CET 2026
#@# Cortical Parc lh Wed Mar 11 13:00:27 CET 2026
#@# white curv lh Wed Mar 11 13:07:52 CET 2026
#@# white area lh Wed Mar 11 13:07:54 CET 2026
#@# pial curv lh Wed Mar 11 13:07:55 CET 2026
#@# pial area lh Wed Mar 11 13:07:57 CET 2026
#@# thickness lh Wed Mar 11 13:07:57 CET 2026
#@# area and vertex vol lh Wed Mar 11 13:08:27 CET 2026
#@# Curvature Stats lh Wed Mar 11 13:08:29 CET 2026
#@# Cortical Parc 2 lh Wed Mar 11 13:08:31 CET 2026
#@# Cortical Parc 3 lh Wed Mar 11 13:08:45 CET 2026
#@# WM/GM Contrast lh Wed Mar 11 13:08:55 CET 2026
recon-all -s sub-v2s16x51270_ses-1 finished without error at Wed Mar 11 13:08:58 CET 2026



#New# invocation of recon-all 



status file for recon-all
Wed Mar 11 13:40:46 CET 2026
#@# white curv lh Wed Mar 11 13:40:46 CET 2026
#@# white area lh Wed Mar 11 13:40:46 CET 2026
#@# pial curv lh Wed Mar 11 13:40:46 CET 2026
#@# pial area lh Wed Mar 11 13:40:46 CET 2026
#@# thickness lh Wed Mar 11 13:40:46 CET 2026
#@# area and vertex vol lh Wed Mar 11 13:40:46 CET 2026
#@# Parcellation Stats lh Wed Mar 11 13:40:46 CET 2026
#@# Parcellation Stats 2 lh Wed Mar 11 13:41:06 CET 2026
#@# Parcellation Stats 3 lh Wed Mar 11 13:41:16 CET 2026
#@# BA_exvivo Labels lh Wed Mar 11 13:41:26 CET 2026
recon-all -s sub-v2s16x51270_ses-1 finished without error at Wed Mar 11 13:44:16 CET 2026
