status file for recon-all
Wed Mar 11 13:09:01 CET 2026
#@# Tessellate rh Wed Mar 11 13:09:01 CET 2026
#@# Smooth1 rh Wed Mar 11 13:09:05 CET 2026
#@# Inflation1 rh Wed Mar 11 13:09:08 CET 2026
#@# QSphere rh Wed Mar 11 13:09:21 CET 2026
#@# Fix Topology rh Wed Mar 11 13:10:37 CET 2026
#@# Smooth2 rh Wed Mar 11 13:16:24 CET 2026
#@# Inflation2 rh Wed Mar 11 13:16:27 CET 2026
#@# Curv .H and .K rh Wed Mar 11 13:16:41 CET 2026
#@# Sphere rh Wed Mar 11 13:17:30 CET 2026
#@# Surf Reg rh Wed Mar 11 13:20:58 CET 2026
#@# Jacobian white rh Wed Mar 11 13:25:14 CET 2026
#@# AvgCurv rh Wed Mar 11 13:25:15 CET 2026
#@# Cortical Parc rh Wed Mar 11 13:25:16 CET 2026
#@# white curv rh Wed Mar 11 13:32:40 CET 2026
#@# white area rh Wed Mar 11 13:32:42 CET 2026
#@# pial curv rh Wed Mar 11 13:32:42 CET 2026
#@# pial area rh Wed Mar 11 13:32:44 CET 2026
#@# thickness rh Wed Mar 11 13:32:45 CET 2026
#@# area and vertex vol rh Wed Mar 11 13:33:15 CET 2026
#@# Curvature Stats rh Wed Mar 11 13:33:17 CET 2026
#@# Cortical Parc 2 rh Wed Mar 11 13:33:20 CET 2026
#@# Cortical Parc 3 rh Wed Mar 11 13:33:33 CET 2026
#@# WM/GM Contrast rh Wed Mar 11 13:33:44 CET 2026
recon-all -s sub-v2s16x51270_ses-1 finished without error at Wed Mar 11 13:33:47 CET 2026



#New# invocation of recon-all 



status file for recon-all
Wed Mar 11 13:44:18 CET 2026
#@# white curv rh Wed Mar 11 13:44:18 CET 2026
#@# white area rh Wed Mar 11 13:44:18 CET 2026
#@# pial curv rh Wed Mar 11 13:44:18 CET 2026
#@# pial area rh Wed Mar 11 13:44:18 CET 2026
#@# thickness rh Wed Mar 11 13:44:18 CET 2026
#@# area and vertex vol rh Wed Mar 11 13:44:18 CET 2026
#@# Parcellation Stats rh Wed Mar 11 13:44:18 CET 2026
#@# Parcellation Stats 2 rh Wed Mar 11 13:44:38 CET 2026
#@# Parcellation Stats 3 rh Wed Mar 11 13:44:48 CET 2026
#@# BA_exvivo Labels rh Wed Mar 11 13:44:58 CET 2026
recon-all -s sub-v2s16x51270_ses-1 finished without error at Wed Mar 11 13:47:42 CET 2026
