status file for recon-all
Wed Mar 11 11:01:34 CET 2026
#@# MotionCor Wed Mar 11 11:01:36 CET 2026
#@# Talairach Wed Mar 11 11:01:44 CET 2026
#@# Talairach Failure Detection Wed Mar 11 11:06:07 CET 2026
#@# Nu Intensity Correction Wed Mar 11 11:06:07 CET 2026
#@# Intensity Normalization Wed Mar 11 11:09:23 CET 2026
recon-all -s sub-v2s16x51270_ses-1 finished without error at Wed Mar 11 11:10:46 CET 2026



#New# invocation of recon-all 



status file for recon-all
Wed Mar 11 11:18:03 CET 2026
#@# EM Registration Wed Mar 11 11:18:03 CET 2026
recon-all -s sub-v2s16x51270_ses-1 finished without error at Wed Mar 11 11:20:03 CET 2026



#New# invocation of recon-all 



status file for recon-all
Wed Mar 11 11:20:05 CET 2026
#@# CA Normalize Wed Mar 11 11:20:05 CET 2026
#@# CA Reg Wed Mar 11 11:21:23 CET 2026
#@# SubCort Seg Wed Mar 11 12:09:11 CET 2026
#@# CC Seg Wed Mar 11 12:38:23 CET 2026
#@# Merge ASeg Wed Mar 11 12:39:01 CET 2026
#@# Intensity Normalization2 Wed Mar 11 12:39:01 CET 2026
#@# Mask BFS Wed Mar 11 12:41:08 CET 2026
#@# WM Segmentation Wed Mar 11 12:41:09 CET 2026
#@# Fill Wed Mar 11 12:43:06 CET 2026
recon-all -s sub-v2s16x51270_ses-1 finished without error at Wed Mar 11 12:44:09 CET 2026



#New# invocation of recon-all 



status file for recon-all
Wed Mar 11 13:33:52 CET 2026
#@# white curv lh Wed Mar 11 13:33:52 CET 2026
#@# white area lh Wed Mar 11 13:33:52 CET 2026
#@# pial curv lh Wed Mar 11 13:33:52 CET 2026
#@# pial area lh Wed Mar 11 13:33:52 CET 2026
#@# thickness lh Wed Mar 11 13:33:52 CET 2026
#@# area and vertex vol lh Wed Mar 11 13:33:52 CET 2026
#@# white curv rh Wed Mar 11 13:33:52 CET 2026
#@# white area rh Wed Mar 11 13:33:52 CET 2026
#@# pial curv rh Wed Mar 11 13:33:52 CET 2026
#@# pial area rh Wed Mar 11 13:33:52 CET 2026
#@# thickness rh Wed Mar 11 13:33:52 CET 2026
#@# area and vertex vol rh Wed Mar 11 13:33:52 CET 2026
#@# Cortical ribbon mask Wed Mar 11 13:33:52 CET 2026
recon-all -s sub-v2s16x51270_ses-1 finished without error at Wed Mar 11 13:40:42 CET 2026



#New# invocation of recon-all 



status file for recon-all
Wed Mar 11 13:47:46 CET 2026
#@# white curv lh Wed Mar 11 13:47:46 CET 2026
#@# white area lh Wed Mar 11 13:47:46 CET 2026
#@# pial curv lh Wed Mar 11 13:47:46 CET 2026
#@# pial area lh Wed Mar 11 13:47:46 CET 2026
#@# thickness lh Wed Mar 11 13:47:46 CET 2026
#@# area and vertex vol lh Wed Mar 11 13:47:46 CET 2026
#@# white curv rh Wed Mar 11 13:47:46 CET 2026
#@# white area rh Wed Mar 11 13:47:46 CET 2026
#@# pial curv rh Wed Mar 11 13:47:46 CET 2026
#@# pial area rh Wed Mar 11 13:47:46 CET 2026
#@# thickness rh Wed Mar 11 13:47:46 CET 2026
#@# area and vertex vol rh Wed Mar 11 13:47:46 CET 2026
#@# Curvature Stats lh Wed Mar 11 13:47:46 CET 2026
#@# Curvature Stats rh Wed Mar 11 13:47:49 CET 2026
#@# Relabel Hypointensities Wed Mar 11 13:47:51 CET 2026
#@# APas-to-ASeg Wed Mar 11 13:48:07 CET 2026
#@# AParc-to-ASeg aparc Wed Mar 11 13:48:15 CET 2026
#@# AParc-to-ASeg aparc.a2009s Wed Mar 11 13:48:58 CET 2026
#@# AParc-to-ASeg aparc.DKTatlas Wed Mar 11 13:49:34 CET 2026
#@# WMParc Wed Mar 11 13:50:16 CET 2026
#@# ASeg Stats Wed Mar 11 13:55:10 CET 2026
recon-all -s sub-v2s16x51270_ses-1 finished without error at Wed Mar 11 13:55:48 CET 2026
