status file for recon-all
Wed Mar 11 12:36:50 CET 2026
#@# Tessellate lh Wed Mar 11 12:36:50 CET 2026
#@# Smooth1 lh Wed Mar 11 12:36:54 CET 2026
#@# Inflation1 lh Wed Mar 11 12:36:56 CET 2026
#@# QSphere lh Wed Mar 11 12:37:09 CET 2026
#@# Fix Topology lh Wed Mar 11 12:38:15 CET 2026
#@# Smooth2 lh Wed Mar 11 12:44:02 CET 2026
#@# Inflation2 lh Wed Mar 11 12:44:05 CET 2026
#@# Curv .H and .K lh Wed Mar 11 12:44:18 CET 2026
#@# Sphere lh Wed Mar 11 12:45:04 CET 2026
#@# Surf Reg lh Wed Mar 11 12:46:17 CET 2026
#@# Jacobian white lh Wed Mar 11 12:50:30 CET 2026
#@# AvgCurv lh Wed Mar 11 12:50:31 CET 2026
#@# Cortical Parc lh Wed Mar 11 12:50:32 CET 2026
#@# white curv lh Wed Mar 11 12:56:50 CET 2026
#@# white area lh Wed Mar 11 12:56:51 CET 2026
#@# pial curv lh Wed Mar 11 12:56:52 CET 2026
#@# pial area lh Wed Mar 11 12:56:54 CET 2026
#@# thickness lh Wed Mar 11 12:56:54 CET 2026
#@# area and vertex vol lh Wed Mar 11 12:57:24 CET 2026
#@# Curvature Stats lh Wed Mar 11 12:57:25 CET 2026
#@# Cortical Parc 2 lh Wed Mar 11 12:57:28 CET 2026
#@# Cortical Parc 3 lh Wed Mar 11 12:57:41 CET 2026
#@# WM/GM Contrast lh Wed Mar 11 12:57:51 CET 2026
recon-all -s sub-v2s16x51246_ses-1 finished without error at Wed Mar 11 12:57:54 CET 2026



#New# invocation of recon-all 



status file for recon-all
Wed Mar 11 13:26:39 CET 2026
#@# white curv lh Wed Mar 11 13:26:39 CET 2026
#@# white area lh Wed Mar 11 13:26:39 CET 2026
#@# pial curv lh Wed Mar 11 13:26:39 CET 2026
#@# pial area lh Wed Mar 11 13:26:39 CET 2026
#@# thickness lh Wed Mar 11 13:26:39 CET 2026
#@# area and vertex vol lh Wed Mar 11 13:26:39 CET 2026
#@# Parcellation Stats lh Wed Mar 11 13:26:39 CET 2026
#@# Parcellation Stats 2 lh Wed Mar 11 13:26:57 CET 2026
#@# Parcellation Stats 3 lh Wed Mar 11 13:27:07 CET 2026
#@# BA_exvivo Labels lh Wed Mar 11 13:27:16 CET 2026
recon-all -s sub-v2s16x51246_ses-1 finished without error at Wed Mar 11 13:29:45 CET 2026
