status file for recon-all
Wed Mar 11 10:47:21 CET 2026
#@# MotionCor Wed Mar 11 10:47:22 CET 2026
#@# Talairach Wed Mar 11 10:47:30 CET 2026
#@# Talairach Failure Detection Wed Mar 11 10:51:54 CET 2026
#@# Nu Intensity Correction Wed Mar 11 10:51:54 CET 2026
#@# Intensity Normalization Wed Mar 11 10:55:09 CET 2026
recon-all -s sub-v2s16x51246_ses-1 finished without error at Wed Mar 11 10:56:40 CET 2026



#New# invocation of recon-all 



status file for recon-all
Wed Mar 11 11:04:00 CET 2026
#@# EM Registration Wed Mar 11 11:04:00 CET 2026
recon-all -s sub-v2s16x51246_ses-1 finished without error at Wed Mar 11 11:05:52 CET 2026



#New# invocation of recon-all 



status file for recon-all
Wed Mar 11 11:05:54 CET 2026
#@# CA Normalize Wed Mar 11 11:05:54 CET 2026
#@# CA Reg Wed Mar 11 11:07:14 CET 2026
#@# SubCort Seg Wed Mar 11 12:01:03 CET 2026
#@# CC Seg Wed Mar 11 12:30:50 CET 2026
#@# Merge ASeg Wed Mar 11 12:31:39 CET 2026
#@# Intensity Normalization2 Wed Mar 11 12:31:39 CET 2026
#@# Mask BFS Wed Mar 11 12:33:51 CET 2026
#@# WM Segmentation Wed Mar 11 12:33:51 CET 2026
#@# Fill Wed Mar 11 12:35:47 CET 2026
recon-all -s sub-v2s16x51246_ses-1 finished without error at Wed Mar 11 12:36:46 CET 2026



#New# invocation of recon-all 



status file for recon-all
Wed Mar 11 13:19:59 CET 2026
#@# white curv lh Wed Mar 11 13:19:59 CET 2026
#@# white area lh Wed Mar 11 13:19:59 CET 2026
#@# pial curv lh Wed Mar 11 13:19:59 CET 2026
#@# pial area lh Wed Mar 11 13:19:59 CET 2026
#@# thickness lh Wed Mar 11 13:19:59 CET 2026
#@# area and vertex vol lh Wed Mar 11 13:19:59 CET 2026
#@# white curv rh Wed Mar 11 13:19:59 CET 2026
#@# white area rh Wed Mar 11 13:19:59 CET 2026
#@# pial curv rh Wed Mar 11 13:19:59 CET 2026
#@# pial area rh Wed Mar 11 13:19:59 CET 2026
#@# thickness rh Wed Mar 11 13:19:59 CET 2026
#@# area and vertex vol rh Wed Mar 11 13:19:59 CET 2026
#@# Cortical ribbon mask Wed Mar 11 13:19:59 CET 2026
recon-all -s sub-v2s16x51246_ses-1 finished without error at Wed Mar 11 13:26:35 CET 2026



#New# invocation of recon-all 



status file for recon-all
Wed Mar 11 13:32:59 CET 2026
#@# white curv lh Wed Mar 11 13:32:59 CET 2026
#@# white area lh Wed Mar 11 13:32:59 CET 2026
#@# pial curv lh Wed Mar 11 13:32:59 CET 2026
#@# pial area lh Wed Mar 11 13:32:59 CET 2026
#@# thickness lh Wed Mar 11 13:32:59 CET 2026
#@# area and vertex vol lh Wed Mar 11 13:32:59 CET 2026
#@# white curv rh Wed Mar 11 13:32:59 CET 2026
#@# white area rh Wed Mar 11 13:32:59 CET 2026
#@# pial curv rh Wed Mar 11 13:32:59 CET 2026
#@# pial area rh Wed Mar 11 13:32:59 CET 2026
#@# thickness rh Wed Mar 11 13:32:59 CET 2026
#@# area and vertex vol rh Wed Mar 11 13:32:59 CET 2026
#@# Curvature Stats lh Wed Mar 11 13:32:59 CET 2026
#@# Curvature Stats rh Wed Mar 11 13:33:01 CET 2026
#@# Relabel Hypointensities Wed Mar 11 13:33:04 CET 2026
#@# APas-to-ASeg Wed Mar 11 13:33:19 CET 2026
#@# AParc-to-ASeg aparc Wed Mar 11 13:33:27 CET 2026
#@# AParc-to-ASeg aparc.a2009s Wed Mar 11 13:33:59 CET 2026
#@# AParc-to-ASeg aparc.DKTatlas Wed Mar 11 13:34:31 CET 2026
#@# WMParc Wed Mar 11 13:35:00 CET 2026
#@# ASeg Stats Wed Mar 11 13:38:36 CET 2026
recon-all -s sub-v2s16x51246_ses-1 finished without error at Wed Mar 11 13:39:19 CET 2026
