status file for recon-all
Wed Mar 11 12:57:56 CET 2026
#@# Tessellate rh Wed Mar 11 12:57:56 CET 2026
#@# Smooth1 rh Wed Mar 11 12:58:00 CET 2026
#@# Inflation1 rh Wed Mar 11 12:58:03 CET 2026
#@# QSphere rh Wed Mar 11 12:58:15 CET 2026
#@# Fix Topology rh Wed Mar 11 12:59:21 CET 2026
#@# Smooth2 rh Wed Mar 11 13:05:05 CET 2026
#@# Inflation2 rh Wed Mar 11 13:05:08 CET 2026
#@# Curv .H and .K rh Wed Mar 11 13:05:22 CET 2026
#@# Sphere rh Wed Mar 11 13:06:09 CET 2026
#@# Surf Reg rh Wed Mar 11 13:08:10 CET 2026
#@# Jacobian white rh Wed Mar 11 13:12:22 CET 2026
#@# AvgCurv rh Wed Mar 11 13:12:23 CET 2026
#@# Cortical Parc rh Wed Mar 11 13:12:24 CET 2026
#@# white curv rh Wed Mar 11 13:18:50 CET 2026
#@# white area rh Wed Mar 11 13:18:52 CET 2026
#@# pial curv rh Wed Mar 11 13:18:53 CET 2026
#@# pial area rh Wed Mar 11 13:18:54 CET 2026
#@# thickness rh Wed Mar 11 13:18:55 CET 2026
#@# area and vertex vol rh Wed Mar 11 13:19:25 CET 2026
#@# Curvature Stats rh Wed Mar 11 13:19:26 CET 2026
#@# Cortical Parc 2 rh Wed Mar 11 13:19:29 CET 2026
#@# Cortical Parc 3 rh Wed Mar 11 13:19:42 CET 2026
#@# WM/GM Contrast rh Wed Mar 11 13:19:52 CET 2026
recon-all -s sub-v2s16x51246_ses-1 finished without error at Wed Mar 11 13:19:55 CET 2026



#New# invocation of recon-all 



status file for recon-all
Wed Mar 11 13:29:47 CET 2026
#@# white curv rh Wed Mar 11 13:29:47 CET 2026
#@# white area rh Wed Mar 11 13:29:47 CET 2026
#@# pial curv rh Wed Mar 11 13:29:47 CET 2026
#@# pial area rh Wed Mar 11 13:29:47 CET 2026
#@# thickness rh Wed Mar 11 13:29:47 CET 2026
#@# area and vertex vol rh Wed Mar 11 13:29:47 CET 2026
#@# Parcellation Stats rh Wed Mar 11 13:29:47 CET 2026
#@# Parcellation Stats 2 rh Wed Mar 11 13:30:05 CET 2026
#@# Parcellation Stats 3 rh Wed Mar 11 13:30:15 CET 2026
#@# BA_exvivo Labels rh Wed Mar 11 13:30:24 CET 2026
recon-all -s sub-v2s16x51246_ses-1 finished without error at Wed Mar 11 13:32:54 CET 2026
