/out/sourcedata/freesurfer/sub-v2s16x51270_ses-1/mri
/opt/freesurfer/bin/talairach_avi
--i orig_nu.mgz --xfm transforms/talairach.auto.xfm
talairach_avi 7.3.2
Linux dna048 5.14.0-427.37.1.el9_4.x86_64 #1 SMP PREEMPT_DYNAMIC Fri Sep 13 12:41:50 EDT 2024 x86_64 x86_64 x86_64 GNU/Linux
Wed Mar 11 11:04:38 CET 2026
mri_convert orig_nu.mgz talsrcimg.img 
reading from orig_nu.mgz...
TR=0.00, TE=0.00, TI=0.00, flip angle=0.00
i_ras = (-1, 0, 0)
j_ras = (0, 0, -1)
k_ras = (0, 1, 0)
writing to talsrcimg.img...
Analyze Output Matrix
-1.00000   0.00000   0.00000   137.47954;
 0.00000   0.00000   1.00000  -114.68811;
 0.00000  -1.00000   0.00000   134.23097;
 0.00000   0.00000   0.00000   1.00000;
--------------------
INFO: set hdr.hist.orient to -1
mpr2mni305 talsrcimg
Wed Mar 11 11:04:39 CET 2026
/opt/freesurfer/bin/mpr2mni305 talsrcimg
mpr2mni305 7.3.2
target=711-2C_as_mni_average_305

---------------------------------------------------------------------
analyzeto4dfp talsrcimg -O0 -y
---------------------------------------------------------------------

freesurfer ifh2hdr.c
Wed Mar 11 11:04:39 2026
Writing: talsrcimg.4dfp.hdr
freesurfer analyzeto4dfp.c
Reading: talsrcimg.hdr
header size 348 bytes
hdr.dime.datatype	offset=70	value=2
hdr.dime.bitpix		offset=72	value=8
hdr.hist.orient		offset=252	value=-1
dimensionality     4
dimensions       256       256       256         1
Reading: talsrcimg.img
Writing: talsrcimg.4dfp.img
Writing: talsrcimg.4dfp.ifh
ifh2hdr talsrcimg -r0to218
ori=2

---------------------------------------------------------------------
gauss_4dfp talsrcimg 1.1
---------------------------------------------------------------------

freesurfer gauss_4dfp.c
Reading: talsrcimg.4dfp.img
Writing: talsrcimg_g11.4dfp.img
image dimensions 256 256 256 padded to 288 288 288
processing volume 1freesurfer ifh2hdr.c
Wed Mar 11 11:04:41 2026
Writing: talsrcimg_g11.4dfp.hdr

Writing: talsrcimg_g11.4dfp.ifh
including: talsrcimg.4dfp.img.rec in talsrcimg_g11.4dfp.img.rec

---------------------------------------------------------------------
imgreg_4dfp /opt/freesurfer/average/711-2C_as_mni_average_305 none talsrcimg_g11 none talsrcimg_to_711-2C_as_mni_average_305_t4 4355
---------------------------------------------------------------------

freesurfer imgreg_4dfp.c
/opt/freesurfer/average/711-2C_as_mni_average_305.4dfp.img
       256       256       256         1
  1.000000  1.000000  1.000000
orientation T byte_order littleendian
Reading image: /opt/freesurfer/average/711-2C_as_mni_average_305.4dfp.img
dimensions:      256       256       256
mmppix:       1.0000   -1.0000   -1.0000
center:     128.0000 -129.0000 -129.0000
talsrcimg_g11.4dfp.img
       256       256       256         1
  1.000000  1.000000  1.000000
orientation T byte_order littleendian
Reading image: talsrcimg_g11.4dfp.img
dimensions:      256       256       256
mmppix:       1.0000   -1.0000   -1.0000
center:     128.0000 -129.0000 -129.0000
t4_read: open error in t4_sub.f l:  41 t4_file(1:l)talsrcimg_to_711-2C_as_mni_average_305_t4 
t4_read: transform initialized to I4
rotation matrix determinant  1.000000
image alignment mode   4355 decimal     1103 hex
   -7.5000  -45.0000  -45.0000 9111.7266   15.1786
    0.0000  -45.0000  -45.0000 9518.2510   15.1620
    7.5000  -45.0000  -45.0000 9054.0029   15.1880
   -7.5000  -37.5000  -45.0000 9487.6074   15.1891
    0.0000  -37.5000  -45.0000 9940.6143   15.1704
    7.5000  -37.5000  -45.0000 9420.6162   15.2010
   -7.5000  -30.0000  -45.000010163.7041   15.1843
    0.0000  -30.0000  -45.000010647.0488   15.1622
    7.5000  -30.0000  -45.000010092.9482   15.1950
   -7.5000  -22.5000  -45.000010826.0234   15.1638
    0.0000  -22.5000  -45.000011354.0850   15.1406
    7.5000  -22.5000  -45.000010750.1455   15.1707
   -7.5000  -15.0000  -45.000011473.9307   15.1508
    0.0000  -15.0000  -45.000011994.2256   15.1293
    7.5000  -15.0000  -45.000011361.4395   15.1548
   -7.5000   -7.5000  -45.000011923.0840   15.1578
    0.0000   -7.5000  -45.000012446.3633   15.1394
    7.5000   -7.5000  -45.000011791.8291   15.1631
   -7.5000    0.0000  -45.000012305.7939   15.1756
    0.0000    0.0000  -45.000012856.2617   15.1590
    7.5000    0.0000  -45.000012156.4443   15.1850
   -7.5000    7.5000  -45.000011665.8340   15.1891
    0.0000    7.5000  -45.000012187.4717   15.1704
    7.5000    7.5000  -45.000011528.4111   15.2010
   -7.5000   15.0000  -45.000010792.1973   15.1843
    0.0000   15.0000  -45.000011269.0312   15.1622
    7.5000   15.0000  -45.000010652.4453   15.1950
   -7.5000   22.5000  -45.0000 9872.8916   15.1617
    0.0000   22.5000  -45.000010329.9951   15.1385
    7.5000   22.5000  -45.0000 9742.9561   15.1686
   -7.5000   30.0000  -45.0000 9023.3838   14.9489
    0.0000   30.0000  -45.0000 9441.9043   14.9277
    7.5000   30.0000  -45.0000 8904.2119   14.9529
   -7.5000   37.5000  -45.0000 8531.8379   14.9577
    0.0000   37.5000  -45.0000 8909.4482   14.9397
    7.5000   37.5000  -45.0000 8418.9512   14.9631
   -7.5000   45.0000  -45.0000 7656.3608   14.6979
    0.0000   45.0000  -45.0000 7970.9624   14.6818
    7.5000   45.0000  -45.0000 7526.8359   14.7078
   -7.5000  -45.0000  -37.5000 9685.6367   15.0475
    0.0000  -45.0000  -37.500010140.8994   15.0384
    7.5000  -45.0000  -37.5000 9616.5830   15.0668
   -7.5000  -37.5000  -37.500010088.3320   15.0537
    0.0000  -37.5000  -37.500010573.3076   15.0423
    7.5000  -37.5000  -37.5000 9990.3086   15.0744
   -7.5000  -30.0000  -37.500010790.3154   15.0465
    0.0000  -30.0000  -37.500011290.1475   15.0291
    7.5000  -30.0000  -37.500010679.9629   15.0609
   -7.5000  -22.5000  -37.500011485.3418   15.0297
    0.0000  -22.5000  -37.500012019.8008   15.0080
    7.5000  -22.5000  -37.500011375.3799   15.0354
   -7.5000  -15.0000  -37.500012152.4473   15.0222
    0.0000  -15.0000  -37.500012675.8975   15.0010
    7.5000  -15.0000  -37.500012002.9756   15.0237
   -7.5000   -7.5000  -37.500012612.0283   15.0300
    0.0000   -7.5000  -37.500013155.7881   15.0152
    7.5000   -7.5000  -37.500012434.4277   15.0386
   -7.5000    0.0000  -37.500013023.4580   15.0446
    0.0000    0.0000  -37.500013608.0322   15.0355
    7.5000    0.0000  -37.500012821.5664   15.0639
   -7.5000    7.5000  -37.500012363.2852   15.0537
    0.0000    7.5000  -37.500012914.9883   15.0423
    7.5000    7.5000  -37.500012183.0186   15.0744
   -7.5000   15.0000  -37.500011393.8486   15.0465
    0.0000   15.0000  -37.500011920.9434   15.0291
    7.5000   15.0000  -37.500011228.6133   15.0609
   -7.5000   22.5000  -37.500010365.1064   15.0276
    0.0000   22.5000  -37.500010853.4531   15.0060
    7.5000   22.5000  -37.500010226.1836   15.0333
   -7.5000   30.0000  -37.5000 9457.2295   14.8220
    0.0000   30.0000  -37.5000 9908.0488   14.8011
    7.5000   30.0000  -37.5000 9340.1484   14.8235
   -7.5000   37.5000  -37.5000 8933.4404   14.8314
    0.0000   37.5000  -37.5000 9329.5186   14.8169
    7.5000   37.5000  -37.5000 8808.8652   14.8400
   -7.5000   45.0000  -37.5000 8007.3496   14.5692
    0.0000   45.0000  -37.5000 8343.8916   14.5603
    7.5000   45.0000  -37.5000 7878.9233   14.5880
   -7.5000  -45.0000  -30.000010458.7461   15.6461
    0.0000  -45.0000  -30.000010945.6436   15.6434
    7.5000  -45.0000  -30.000010361.2129   15.6763
   -7.5000  -37.5000  -30.000010879.3857   15.6513
    0.0000  -37.5000  -30.000011390.7715   15.6455
    7.5000  -37.5000  -30.000010765.9043   15.6812
   -7.5000  -30.0000  -30.000011628.5527   15.6432
    0.0000  -30.0000  -30.000012146.5811   15.6310
    7.5000  -30.0000  -30.000011501.9893   15.6659
   -7.5000  -22.5000  -30.000012395.1729   15.6274
    0.0000  -22.5000  -30.000012934.8145   15.6108
    7.5000  -22.5000  -30.000012223.9814   15.6412
   -7.5000  -15.0000  -30.000013083.0244   15.6223
    0.0000  -15.0000  -30.000013628.0254   15.6056
    7.5000  -15.0000  -30.000012878.6094   15.6314
   -7.5000   -7.5000  -30.000013529.2812   15.6298
    0.0000   -7.5000  -30.000014120.5205   15.6206
    7.5000   -7.5000  -30.000013332.0342   15.6480
   -7.5000    0.0000  -30.000013958.0420   15.6431
    0.0000    0.0000  -30.000014595.5078   15.6404
    7.5000    0.0000  -30.000013753.6182   15.6733
   -7.5000    7.5000  -30.000013271.6738   15.6513
    0.0000    7.5000  -30.000013873.2979   15.6455
    7.5000    7.5000  -30.000013070.1211   15.6812
   -7.5000   15.0000  -30.000012220.8330   15.6432
    0.0000   15.0000  -30.000012792.4238   15.6310
    7.5000   15.0000  -30.000012047.6240   15.6659
   -7.5000   22.5000  -30.000011096.6748   15.6236
    0.0000   22.5000  -30.000011617.5918   15.6070
    7.5000   22.5000  -30.000010962.5605   15.6374
   -7.5000   30.0000  -30.000010086.3467   15.4155
    0.0000   30.0000  -30.000010566.8213   15.3991
    7.5000   30.0000  -30.0000 9984.6299   15.4245
   -7.5000   37.5000  -30.0000 9496.9355   15.4246
    0.0000   37.5000  -30.0000 9941.4570   15.4156
    7.5000   37.5000  -30.0000 9378.5615   15.4427
   -7.5000   45.0000  -30.0000 8507.3711   15.1603
    0.0000   45.0000  -30.0000 8876.0537   15.1576
    7.5000   45.0000  -30.0000 8390.1328   15.1896
   -7.5000  -45.0000  -22.500011224.5859   16.1920
    0.0000  -45.0000  -22.500011718.6582   16.1882
    7.5000  -45.0000  -22.500011115.7979   16.2223
   -7.5000  -37.5000  -22.500011665.1855   16.1987
    0.0000  -37.5000  -22.500012175.4346   16.1916
    7.5000  -37.5000  -22.500011537.1602   16.2283
   -7.5000  -30.0000  -22.500012473.4727   16.1920
    0.0000  -30.0000  -22.500013013.0605   16.1810
    7.5000  -30.0000  -22.500012320.9824   16.2191
   -7.5000  -22.5000  -22.500013291.5684   16.1751
    0.0000  -22.5000  -22.500013858.3281   16.1627
    7.5000  -22.5000  -22.500013078.3535   16.1992
   -7.5000  -15.0000  -22.500014024.4287   16.1683
    0.0000  -15.0000  -22.500014622.6582   16.1564
    7.5000  -15.0000  -22.500013774.0098   16.1890
   -7.5000   -7.5000  -22.500014499.6367   16.1753
    0.0000   -7.5000  -22.500015126.8525   16.1681
    7.5000   -7.5000  -22.500014257.1992   16.1997
   -7.5000    0.0000  -22.500014885.9219   16.1888
    0.0000    0.0000  -22.500015542.8242   16.1851
    7.5000    0.0000  -22.500014635.0117   16.2192
   -7.5000    7.5000  -22.500014142.1943   16.1987
    0.0000    7.5000  -22.500014759.7959   16.1916
    7.5000    7.5000  -22.500013903.8652   16.2283
   -7.5000   15.0000  -22.500013003.9805   16.1920
    0.0000   15.0000  -22.500013582.0049   16.1810
    7.5000   15.0000  -22.500012821.0625   16.2191
   -7.5000   22.5000  -22.500011815.8877   16.1701
    0.0000   22.5000  -22.500012337.9512   16.1577
    7.5000   22.5000  -22.500011674.0742   16.1942
   -7.5000   30.0000  -22.500010732.0635   15.9568
    0.0000   30.0000  -22.500011222.0938   15.9450
    7.5000   30.0000  -22.500010617.0938   15.9773
   -7.5000   37.5000  -22.500010068.8867   15.9655
    0.0000   37.5000  -22.500010528.0420   15.9584
    7.5000   37.5000  -22.5000 9929.8418   15.9897
   -7.5000   45.0000  -22.5000 8988.6875   15.7030
    0.0000   45.0000  -22.5000 9371.3193   15.6995
    7.5000   45.0000  -22.5000 8871.3418   15.7333
   -7.5000  -45.0000  -15.000011982.8096   16.5903
    0.0000  -45.0000  -15.000012515.5312   16.5791
    7.5000  -45.0000  -15.000011848.4688   16.6127
   -7.5000  -37.5000  -15.000012482.8174   16.6018
    0.0000  -37.5000  -15.000013012.0244   16.5878
    7.5000  -37.5000  -15.000012321.0430   16.6244
   -7.5000  -30.0000  -15.000013318.3018   16.5971
    0.0000  -30.0000  -15.000013883.8320   16.5825
    7.5000  -30.0000  -15.000013115.1865   16.6229
   -7.5000  -22.5000  -15.000014152.9355   16.5759
    0.0000  -22.5000  -15.000014744.1816   16.5633
    7.5000  -22.5000  -15.000013906.4854   16.6043
   -7.5000  -15.0000  -15.000014972.1895   16.5631
    0.0000  -15.0000  -15.000015581.2988   16.5520
    7.5000  -15.0000  -15.000014668.6016   16.5899
   -7.5000   -7.5000  -15.000015496.6221   16.5696
    0.0000   -7.5000  -15.000016163.3965   16.5593
    7.5000   -7.5000  -15.000015209.2500   16.5934
   -7.5000    0.0000  -15.000015834.5586   16.5871
    0.0000    0.0000  -15.000016486.7598   16.5759
    7.5000    0.0000  -15.000015548.4180   16.6094
   -7.5000    7.5000  -15.000014982.8018   16.6018
    0.0000    7.5000  -15.000015626.4922   16.5878
    7.5000    7.5000  -15.000014741.3291   16.6244
   -7.5000   15.0000  -15.000013792.8721   16.5971
    0.0000   15.0000  -15.000014395.9297   16.5825
    7.5000   15.0000  -15.000013609.9238   16.6229
   -7.5000   22.5000  -15.000012520.5518   16.5700
    0.0000   22.5000  -15.000013062.6152   16.5574
    7.5000   22.5000  -15.000012371.0107   16.5984
   -7.5000   30.0000  -15.000011372.8848   16.3487
    0.0000   30.0000  -15.000011877.2461   16.3378
    7.5000   30.0000  -15.000011239.2451   16.3752
   -7.5000   37.5000  -15.000010649.9414   16.3572
    0.0000   37.5000  -15.000011114.7773   16.3470
    7.5000   37.5000  -15.000010496.1865   16.3808
   -7.5000   45.0000  -15.0000 9483.4502   16.1003
    0.0000   45.0000  -15.0000 9897.3506   16.0896
    7.5000   45.0000  -15.0000 9369.7324   16.1237
   -7.5000  -45.0000   -7.500012753.7256   16.7850
    0.0000  -45.0000   -7.500013315.2266   16.7671
    7.5000  -45.0000   -7.500012589.6465   16.7995
   -7.5000  -37.5000   -7.500013324.5371   16.7995
    0.0000  -37.5000   -7.500013888.0977   16.7792
    7.5000  -37.5000   -7.500013131.5850   16.8159
   -7.5000  -30.0000   -7.500014238.7793   16.7957
    0.0000  -30.0000   -7.500014828.4492   16.7748
    7.5000  -30.0000   -7.500013990.6426   16.8155
   -7.5000  -22.5000   -7.500015071.0967   16.7711
    0.0000  -22.5000   -7.500015663.7568   16.7525
    7.5000  -22.5000   -7.500014805.6387   16.7929
   -7.5000  -15.0000   -7.500015894.6426   16.7541
    0.0000  -15.0000   -7.500016525.2383   16.7377
    7.5000  -15.0000   -7.500015606.2080   16.7742
   -7.5000   -7.5000   -7.500016472.9805   16.7608
    0.0000   -7.5000   -7.500017163.9746   16.7446
    7.5000   -7.5000   -7.500016189.9590   16.7772
   -7.5000    0.0000   -7.500016794.1465   16.7817
    0.0000    0.0000   -7.500017487.8672   16.7638
    7.5000    0.0000   -7.500016525.8770   16.7962
   -7.5000    7.5000   -7.500015858.2188   16.7995
    0.0000    7.5000   -7.500016538.9004   16.7792
    7.5000    7.5000   -7.500015621.8398   16.8159
   -7.5000   15.0000   -7.500014618.1621   16.7957
    0.0000   15.0000   -7.500015270.4619   16.7748
    7.5000   15.0000   -7.500014444.7480   16.8155
   -7.5000   22.5000   -7.500013316.7031   16.7634
    0.0000   22.5000   -7.500013896.7686   16.7448
    7.5000   22.5000   -7.500013148.8740   16.7851
   -7.5000   30.0000   -7.500012108.5771   16.5368
    0.0000   30.0000   -7.500012645.9766   16.5206
    7.5000   30.0000   -7.500011941.2002   16.5566
   -7.5000   37.5000   -7.500011295.1211   16.5456
    0.0000   37.5000   -7.500011782.2109   16.5297
    7.5000   37.5000   -7.500011124.7363   16.5619
   -7.5000   45.0000   -7.500010027.0186   16.2912
    0.0000   45.0000   -7.500010460.7373   16.2740
    7.5000   45.0000   -7.5000 9880.2051   16.3069
   -7.5000  -45.0000    0.000013393.6025   16.8111
    0.0000  -45.0000    0.000014005.2031   16.7932
    7.5000  -45.0000    0.000013203.1729   16.8245
   -7.5000  -37.5000    0.000014077.7471   16.8233
    0.0000  -37.5000    0.000014689.0820   16.8033
    7.5000  -37.5000    0.000013790.9111   16.8398
   -7.5000  -30.0000    0.000015141.2676   16.8177
    0.0000  -30.0000    0.000015797.5449   16.7942
    7.5000  -30.0000    0.000014806.7520   16.8329
   -7.5000  -22.5000    0.000016030.6006   16.7940
    0.0000  -22.5000    0.000016665.4551   16.7692
    7.5000  -22.5000    0.000015734.4346   16.8048
   -7.5000  -15.0000    0.000016788.3086   16.7789
    0.0000  -15.0000    0.000017475.5859   16.7558
    7.5000  -15.0000    0.000016545.6719   16.7864
   -7.5000   -7.5000    0.000017352.8066   16.7869
    0.0000   -7.5000    0.000018126.1484   16.7672
    7.5000   -7.5000    0.000017117.7754   16.7959
   -7.5000    0.0000    0.000017680.3027   16.8078
    0.0000    0.0000    0.000018449.9844   16.7899
    7.5000    0.0000    0.000017423.1270   16.8213
   -7.5000    7.5000    0.000016718.0391   16.8233
    0.0000    7.5000    0.000017455.1191   16.8033
    7.5000    7.5000    0.000016418.0625   16.8398
   -7.5000   15.0000    0.000015463.5254   16.8177
    0.0000   15.0000    0.000016162.7979   16.7942
    7.5000   15.0000    0.000015180.7852   16.8329
   -7.5000   22.5000    0.000014107.0361   16.7862
    0.0000   22.5000    0.000014727.3633   16.7615
    7.5000   22.5000    0.000013824.4434   16.7971
   -7.5000   30.0000    0.000012848.9229   16.5617
    0.0000   30.0000    0.000013398.0498   16.5390
    7.5000   30.0000    0.000012572.9170   16.5692
   -7.5000   37.5000    0.000011976.3018   16.5718
    0.0000   37.5000    0.000012474.5908   16.5524
    7.5000   37.5000    0.000011730.0947   16.5808
   -7.5000   45.0000    0.000010586.7812   16.3158
    0.0000   45.0000    0.000011036.6514   16.2985
    7.5000   45.0000    0.000010372.0029   16.3298
   -7.5000  -45.0000    7.500012979.9482   16.8015
    0.0000  -45.0000    7.500013566.8926   16.7911
    7.5000  -45.0000    7.500012807.6816   16.8241
   -7.5000  -37.5000    7.500013618.8525   16.8097
    0.0000  -37.5000    7.500014258.6270   16.7969
    7.5000  -37.5000    7.500013399.2607   16.8341
   -7.5000  -30.0000    7.500014821.9238   16.8017
    0.0000  -30.0000    7.500015550.5967   16.7824
    7.5000  -30.0000    7.500014459.2031   16.8192
   -7.5000  -22.5000    7.500015948.3291   16.7816
    0.0000  -22.5000    7.500016678.7480   16.7576
    7.5000  -22.5000    7.500015493.7295   16.7894
   -7.5000  -15.0000    7.500016764.5508   16.7720
    0.0000  -15.0000    7.500017507.0645   16.7484
    7.5000  -15.0000    7.500016348.1904   16.7750
   -7.5000   -7.5000    7.500017233.1152   16.7807
    0.0000   -7.5000    7.500018019.4629   16.7641
    7.5000   -7.5000    7.500016833.0371   16.7915
   -7.5000    0.0000    7.500017462.5703   16.7982
    0.0000    0.0000    7.500018228.9961   16.7878
    7.5000    0.0000    7.500017020.8672   16.8209
   -7.5000    7.5000    7.500016426.4902   16.8097
    0.0000    7.5000    7.500017118.3008   16.7969
    7.5000    7.5000    7.500015958.1230   16.8341
   -7.5000   15.0000    7.500015161.4590   16.8017
    0.0000   15.0000    7.500015813.4873   16.7824
    7.5000   15.0000    7.500014718.5273   16.8192
   -7.5000   22.5000    7.500013818.4766   16.7739
    0.0000   22.5000    7.500014412.7012   16.7499
    7.5000   22.5000    7.500013445.8975   16.7816
   -7.5000   30.0000    7.500012559.7852   16.5549
    0.0000   30.0000    7.500013100.2031   16.5316
    7.5000   30.0000    7.500012259.7617   16.5579
   -7.5000   37.5000    7.500011707.7227   16.5654
    0.0000   37.5000    7.500012207.0576   16.5491
    7.5000   37.5000    7.500011416.7920   16.5762
   -7.5000   45.0000    7.500010314.4814   16.3054
    0.0000   45.0000    7.500010772.7002   16.2953
    7.5000   45.0000    7.500010072.7949   16.3276
   -7.5000  -45.0000   15.000012400.0068   16.8047
    0.0000  -45.0000   15.000012976.8838   16.8018
    7.5000  -45.0000   15.000012258.2783   16.8373
   -7.5000  -37.5000   15.000013001.9238   16.8104
    0.0000  -37.5000   15.000013637.4014   16.8041
    7.5000  -37.5000   15.000012834.5791   16.8427
   -7.5000  -30.0000   15.000014222.8193   16.8019
    0.0000  -30.0000   15.000014921.5244   16.7888
    7.5000  -30.0000   15.000013839.8096   16.8263
   -7.5000  -22.5000   15.000015400.4775   16.7850
    0.0000  -22.5000   15.000016065.7520   16.7670
    7.5000  -22.5000   15.000014834.1377   16.7999
   -7.5000  -15.0000   15.000016275.5479   16.7794
    0.0000  -15.0000   15.000016951.6875   16.7613
    7.5000  -15.0000   15.000015622.1572   16.7892
   -7.5000   -7.5000   15.000016753.9629   16.7873
    0.0000   -7.5000   15.000017447.7363   16.7773
    7.5000   -7.5000   15.000016094.0273   16.8069
   -7.5000    0.0000   15.000016911.5898   16.8014
    0.0000    0.0000   15.000017598.5840   16.7985
    7.5000    0.0000   15.000016268.4766   16.8341
   -7.5000    7.5000   15.000015760.0391   16.8104
    0.0000    7.5000   15.000016426.7676   16.8041
    7.5000    7.5000   15.000015221.8818   16.8427
   -7.5000   15.0000   15.000014487.9668   16.8019
    0.0000   15.0000   15.000015120.9150   16.7888
    7.5000   15.0000   15.000014057.8252   16.8263
   -7.5000   22.5000   15.000013205.3076   16.7772
    0.0000   22.5000   15.000013782.7080   16.7593
    7.5000   22.5000   15.000012860.4229   16.7921
   -7.5000   30.0000   15.000012026.6250   16.5622
    0.0000   30.0000   15.000012547.2832   16.5444
    7.5000   30.0000   15.000011733.6680   16.5719
   -7.5000   37.5000   15.000011193.5225   16.5718
    0.0000   37.5000   15.000011676.6631   16.5620
    7.5000   37.5000   15.000010933.5439   16.5913
   -7.5000   45.0000   15.0000 9895.4463   16.3093
    0.0000   45.0000   15.000010308.7480   16.3064
    7.5000   45.0000   15.0000 9659.4443   16.3409
   -7.5000  -45.0000   22.500011821.5342   16.8580
    0.0000  -45.0000   22.500012388.7041   16.8539
    7.5000  -45.0000   22.500011637.5215   16.8895
   -7.5000  -37.5000   22.500012427.7109   16.8651
    0.0000  -37.5000   22.500013021.1562   16.8575
    7.5000  -37.5000   22.500012163.7715   16.8958
   -7.5000  -30.0000   22.500013484.8477   16.8579
    0.0000  -30.0000   22.500014086.5996   16.8463
    7.5000  -30.0000   22.500013080.1846   16.8861
   -7.5000  -22.5000   22.500014405.3740   16.8401
    0.0000  -22.5000   22.500015004.9189   16.8270
    7.5000  -22.5000   22.500013964.9863   16.8652
   -7.5000  -15.0000   22.500015197.9014   16.8330
    0.0000  -15.0000   22.500015841.8145   16.8203
    7.5000  -15.0000   22.500014722.2539   16.8544
   -7.5000   -7.5000   22.500015738.2080   16.8405
    0.0000   -7.5000   22.500016434.3926   16.8327
    7.5000   -7.5000   22.500015225.9141   16.8657
   -7.5000    0.0000   22.500015949.0576   16.8548
    0.0000    0.0000   22.500016642.0547   16.8506
    7.5000    0.0000   22.500015429.2393   16.8863
   -7.5000    7.5000   22.500014851.3584   16.8651
    0.0000    7.5000   22.500015505.4326   16.8575
    7.5000    7.5000   22.500014395.9600   16.8958
   -7.5000   15.0000   22.500013722.9639   16.8579
    0.0000   15.0000   22.500014300.4932   16.8463
    7.5000   15.0000   22.500013314.6865   16.8861
   -7.5000   22.5000   22.500012511.7598   16.8323
    0.0000   22.5000   22.500013037.3271   16.8192
    7.5000   22.5000   22.500012181.2539   16.8574
   -7.5000   30.0000   22.500011363.5039   16.6152
    0.0000   30.0000   22.500011844.0225   16.6026
    7.5000   30.0000   22.500011094.0391   16.6363
   -7.5000   37.5000   22.500010551.7529   16.6243
    0.0000   37.5000   22.500011010.9189   16.6167
    7.5000   37.5000   22.500010327.6377   16.6494
   -7.5000   45.0000   22.5000 9346.0498   16.3635
    0.0000   45.0000   22.5000 9728.5957   16.3596
    7.5000   45.0000   22.5000 9132.0146   16.3950
   -7.5000  -45.0000   30.000011100.1377   16.9708
    0.0000  -45.0000   30.000011617.8457   16.9591
    7.5000  -45.0000   30.000010893.5693   16.9939
   -7.5000  -37.5000   30.000011621.0889   16.9825
    0.0000  -37.5000   30.000012151.8525   16.9676
    7.5000  -37.5000   30.000011369.2578   17.0055
   -7.5000  -30.0000   30.000012492.4102   16.9772
    0.0000  -30.0000   30.000013043.6191   16.9617
    7.5000  -30.0000   30.000012219.4121   17.0033
   -7.5000  -22.5000   30.000013241.7920   16.9549
    0.0000  -22.5000   30.000013807.7637   16.9416
    7.5000  -22.5000   30.000013008.1064   16.9841
   -7.5000  -15.0000   30.000013967.6650   16.9418
    0.0000  -15.0000   30.000014534.6465   16.9303
    7.5000  -15.0000   30.000013695.4395   16.9696
   -7.5000   -7.5000   30.000014538.7686   16.9492
    0.0000   -7.5000   30.000015152.0576   16.9385
    7.5000   -7.5000   30.000014210.6904   16.9739
   -7.5000    0.0000   30.000014795.7637   16.9675
    0.0000    0.0000   30.000015412.2207   16.9558
    7.5000    0.0000   30.000014451.5977   16.9906
   -7.5000    7.5000   30.000013800.3115   16.9825
    0.0000    7.5000   30.000014385.1543   16.9676
    7.5000    7.5000   30.000013496.7900   17.0055
   -7.5000   15.0000   30.000012772.7676   16.9772
    0.0000   15.0000   30.000013304.5527   16.9617
    7.5000   15.0000   30.000012475.0850   17.0033
   -7.5000   22.5000   30.000011661.3252   16.9471
    0.0000   22.5000   30.000012131.8213   16.9338
    7.5000   22.5000   30.000011405.2754   16.9762
   -7.5000   30.0000   30.000010584.8350   16.7226
    0.0000   30.0000   30.000011009.5137   16.7112
    7.5000   30.0000   30.000010360.6270   16.7500
   -7.5000   37.5000   30.0000 9815.1904   16.7318
    0.0000   37.5000   30.000010202.0264   16.7214
    7.5000   37.5000   30.0000 9625.4912   16.7564
   -7.5000   45.0000   30.0000 8677.5137   16.4748
    0.0000   45.0000   30.0000 9012.7217   16.4636
    7.5000   45.0000   30.0000 8522.2031   16.4989
   -7.5000  -45.0000   37.500010666.1660   17.2069
    0.0000  -45.0000   37.500011156.7471   17.1884
    7.5000  -45.0000   37.500010538.2588   17.2220
   -7.5000  -37.5000   37.500011146.7764   17.2219
    0.0000  -37.5000   37.500011648.2539   17.2008
    7.5000  -37.5000   37.500010991.5859   17.2389
   -7.5000  -30.0000   37.500011931.8955   17.2183
    0.0000  -30.0000   37.500012446.3809   17.1964
    7.5000  -30.0000   37.500011793.3447   17.2386
   -7.5000  -22.5000   37.500012656.5244   17.1931
    0.0000  -22.5000   37.500013185.1250   17.1737
    7.5000  -22.5000   37.500012528.7646   17.2154
   -7.5000  -15.0000   37.500013327.1357   17.1755
    0.0000  -15.0000   37.500013870.3281   17.1586
    7.5000  -15.0000   37.500013166.6357   17.1963
   -7.5000   -7.5000   37.500013913.8691   17.1821
    0.0000   -7.5000   37.500014489.2695   17.1655
    7.5000   -7.5000   37.500013692.7373   17.1992
   -7.5000    0.0000   37.500014233.2227   17.2034
    0.0000    0.0000   37.500014801.8877   17.1849
    7.5000    0.0000   37.500013985.3330   17.2186
   -7.5000    7.5000   37.500013306.7793   17.2219
    0.0000    7.5000   37.500013843.4014   17.2008
    7.5000    7.5000   37.500013077.9033   17.2389
   -7.5000   15.0000   37.500012297.5420   17.2183
    0.0000   15.0000   37.500012806.9639   17.1964
    7.5000   15.0000   37.500012077.3779   17.2386
   -7.5000   22.5000   37.500011233.5967   17.1852
    0.0000   22.5000   37.500011705.7061   17.1658
    7.5000   22.5000   37.500011033.1240   17.2075
   -7.5000   30.0000   37.500010163.3604   16.9532
    0.0000   30.0000   37.500010578.1777   16.9365
    7.5000   30.0000   37.5000 9992.4932   16.9738
   -7.5000   37.5000   37.5000 9397.2998   16.9606
    0.0000   37.5000   37.5000 9764.3672   16.9442
    7.5000   37.5000   37.5000 9255.5039   16.9775
   -7.5000   45.0000   37.5000 8315.1787   16.6982
    0.0000   45.0000   37.5000 8632.4463   16.6803
    7.5000   45.0000   37.5000 8210.2266   16.7144
   -7.5000  -45.0000   45.0000 9775.5068   17.4587
    0.0000  -45.0000   45.000010215.1133   17.4394
    7.5000  -45.0000   45.0000 9713.5557   17.4698
   -7.5000  -37.5000   45.000010198.4658   17.4712
    0.0000  -37.5000   45.000010640.6738   17.4490
    7.5000  -37.5000   45.000010123.9785   17.4847
   -7.5000  -30.0000   45.000010928.2002   17.4657
    0.0000  -30.0000   45.000011373.3271   17.4391
    7.5000  -30.0000   45.000010844.6875   17.4763
   -7.5000  -22.5000   45.000011587.8896   17.4415
    0.0000  -22.5000   45.000012065.8428   17.4136
    7.5000  -22.5000   45.000011517.1152   17.4470
   -7.5000  -15.0000   45.000012189.1895   17.4261
    0.0000  -15.0000   45.000012687.9053   17.4006
    7.5000  -15.0000   45.000012100.9521   17.4289
   -7.5000   -7.5000   45.000012738.3525   17.4341
    0.0000   -7.5000   45.000013269.8350   17.4127
    7.5000   -7.5000   45.000012610.6660   17.4397
   -7.5000    0.0000   45.000013072.9229   17.4552
    0.0000    0.0000   45.000013613.1924   17.4358
    7.5000    0.0000   45.000012915.2529   17.4662
   -7.5000    7.5000   45.000012224.1592   17.4712
    0.0000    7.5000   45.000012723.6240   17.4490
    7.5000    7.5000   45.000012058.5410   17.4847
   -7.5000   15.0000   45.000011318.4219   17.4657
    0.0000   15.0000   45.000011782.3145   17.4391
    7.5000   15.0000   45.000011155.1621   17.4763
   -7.5000   22.5000   45.000010346.4873   17.4335
    0.0000   22.5000   45.000010771.3506   17.4055
    7.5000   22.5000   45.000010195.4893   17.4389
   -7.5000   30.0000   45.0000 9345.5576   17.1991
    0.0000   30.0000   45.0000 9740.1318   17.1739
    7.5000   30.0000   45.0000 9214.4365   17.2018
   -7.5000   37.5000   45.0000 8648.2402   17.2074
    0.0000   37.5000   45.0000 9007.9258   17.1862
    7.5000   37.5000   45.0000 8524.5625   17.2129
   -7.5000   45.0000   45.0000 7665.7183   16.9456
    0.0000   45.0000   45.0000 7958.5581   16.9266
    7.5000   45.0000   45.0000 7557.6567   16.9571

---------------------------------------------------------------------
imgreg_4dfp /opt/freesurfer/average/711-2C_as_mni_average_305 /opt/freesurfer/average/711-2B_as_mni_average_305_mask talsrcimg_g11 none talsrcimg_to_711-2C_as_mni_average_305_t4 4355
---------------------------------------------------------------------

freesurfer imgreg_4dfp.c
/opt/freesurfer/average/711-2C_as_mni_average_305.4dfp.img
       256       256       256         1
  1.000000  1.000000  1.000000
orientation T byte_order littleendian
Reading image: /opt/freesurfer/average/711-2C_as_mni_average_305.4dfp.img
dimensions:      256       256       256
mmppix:       1.0000   -1.0000   -1.0000
center:     128.0000 -129.0000 -129.0000
/opt/freesurfer/average/711-2B_as_mni_average_305_mask.4dfp.img
       256       256       256         1
  1.000000  1.000000  1.000000
orientation T byte_order littleendian
Reading mask: /opt/freesurfer/average/711-2B_as_mni_average_305_mask.4dfp.img (2306576 pixels)
talsrcimg_g11.4dfp.img
       256       256       256         1
  1.000000  1.000000  1.000000
orientation T byte_order littleendian
Reading image: talsrcimg_g11.4dfp.img
dimensions:      256       256       256
mmppix:       1.0000   -1.0000   -1.0000
center:     128.0000 -129.0000 -129.0000
rotation matrix determinant  1.000000
image alignment mode   4355 decimal     1103 hex
   -7.5000  -45.0000  -45.0000 2299.0144   16.0974
    0.0000  -45.0000  -45.0000 2301.4192   16.1297
    7.5000  -45.0000  -45.0000 2280.5278   16.2365
   -7.5000  -37.5000  -45.0000 2341.2498   15.3213
    0.0000  -37.5000  -45.0000 2350.8333   15.3194
    7.5000  -37.5000  -45.0000 2321.5547   15.4501
   -7.5000  -30.0000  -45.0000 2365.0947   14.7927
    0.0000  -30.0000  -45.0000 2373.9512   14.7878
    7.5000  -30.0000  -45.0000 2346.1409   14.9308
   -7.5000  -22.5000  -45.0000 2370.0188   14.6381
    0.0000  -22.5000  -45.0000 2380.3955   14.5936
    7.5000  -22.5000  -45.0000 2354.2683   14.7602
   -7.5000  -15.0000  -45.0000 2376.5383   14.6972
    0.0000  -15.0000  -45.0000 2381.6741   14.6579
    7.5000  -15.0000  -45.0000 2353.2021   14.7885
   -7.5000   -7.5000  -45.0000 2360.6582   15.0785
    0.0000   -7.5000  -45.0000 2365.1978   15.0249
    7.5000   -7.5000  -45.0000 2335.7939   15.1778
   -7.5000    0.0000  -45.0000 2320.4973   15.6893
    0.0000    0.0000  -45.0000 2329.4675   15.6484
    7.5000    0.0000  -45.0000 2302.1526   15.8233
   -7.5000    7.5000  -45.0000 2262.5405   16.5706
    0.0000    7.5000  -45.0000 2268.8230   16.5671
    7.5000    7.5000  -45.0000 2244.3782   16.7735
   -7.5000   15.0000  -45.0000 2181.7993   17.7910
    0.0000   15.0000  -45.0000 2188.8513   17.7342
    7.5000   15.0000  -45.0000 2164.2043   18.0004
   -7.5000   22.5000  -45.0000 2086.7659   19.3433
    0.0000   22.5000  -45.0000 2091.0310   19.2912
    7.5000   22.5000  -45.0000 2065.8132   19.6306
   -7.5000   30.0000  -45.0000 1979.9484   21.5890
    0.0000   30.0000  -45.0000 1984.6195   21.5348
    7.5000   30.0000  -45.0000 1960.3210   21.9285
   -7.5000   37.5000  -45.0000 1865.7559   24.5759
    0.0000   37.5000  -45.0000 1868.6158   24.4767
    7.5000   37.5000  -45.0000 1851.9089   24.9117
   -7.5000   45.0000  -45.0000 1737.7880   28.5400
    0.0000   45.0000  -45.0000 1734.4977   28.4149
    7.5000   45.0000  -45.0000 1715.0760   29.1233
   -7.5000  -45.0000  -37.5000 2392.8403   14.9393
    0.0000  -45.0000  -37.5000 2402.0012   14.9732
    7.5000  -45.0000  -37.5000 2374.1875   15.0208
   -7.5000  -37.5000  -37.5000 2439.2708   14.1659
    0.0000  -37.5000  -37.5000 2449.3037   14.1832
    7.5000  -37.5000  -37.5000 2416.3218   14.2868
   -7.5000  -30.0000  -37.5000 2456.4409   13.6870
    0.0000  -30.0000  -37.5000 2466.2754   13.6924
    7.5000  -30.0000  -37.5000 2435.8108   13.8098
   -7.5000  -22.5000  -37.5000 2467.6807   13.5057
    0.0000  -22.5000  -37.5000 2478.0886   13.5009
    7.5000  -22.5000  -37.5000 2450.1670   13.6189
   -7.5000  -15.0000  -37.5000 2473.3418   13.5764
    0.0000  -15.0000  -37.5000 2479.9597   13.5284
    7.5000  -15.0000  -37.5000 2448.3521   13.6697
   -7.5000   -7.5000  -37.5000 2460.1006   13.8784
    0.0000   -7.5000  -37.5000 2466.9048   13.8562
    7.5000   -7.5000  -37.5000 2432.5818   13.9949
   -7.5000    0.0000  -37.5000 2423.3203   14.4474
    0.0000    0.0000  -37.5000 2433.8857   14.4260
    7.5000    0.0000  -37.5000 2398.2749   14.5994
   -7.5000    7.5000  -37.5000 2362.4341   15.2880
    0.0000    7.5000  -37.5000 2369.0044   15.2636
    7.5000    7.5000  -37.5000 2338.3022   15.4302
   -7.5000   15.0000  -37.5000 2277.4824   16.3779
    0.0000   15.0000  -37.5000 2286.0232   16.3228
    7.5000   15.0000  -37.5000 2254.4966   16.5470
   -7.5000   22.5000  -37.5000 2176.3074   17.8056
    0.0000   22.5000  -37.5000 2178.9424   17.7707
    7.5000   22.5000  -37.5000 2149.3606   18.0045
   -7.5000   30.0000  -37.5000 2060.2451   19.8437
    0.0000   30.0000  -37.5000 2064.8750   19.7806
    7.5000   30.0000  -37.5000 2036.2975   20.0232
   -7.5000   37.5000  -37.5000 1941.9613   22.5008
    0.0000   37.5000  -37.5000 1945.4264   22.4771
    7.5000   37.5000  -37.5000 1923.6984   22.7902
   -7.5000   45.0000  -37.5000 1804.9631   26.0344
    0.0000   45.0000  -37.5000 1801.9816   25.9807
    7.5000   45.0000  -37.5000 1780.8427   26.5037
   -7.5000  -45.0000  -30.0000 2520.4268   14.3950
    0.0000  -45.0000  -30.0000 2533.1365   14.3932
    7.5000  -45.0000  -30.0000 2499.5918   14.4840
   -7.5000  -37.5000  -30.0000 2572.7651   13.6040
    0.0000  -37.5000  -30.0000 2584.6501   13.6036
    7.5000  -37.5000  -30.0000 2548.7043   13.6998
   -7.5000  -30.0000  -30.0000 2602.1392   13.1212
    0.0000  -30.0000  -30.0000 2610.5562   13.1160
    7.5000  -30.0000  -30.0000 2580.6121   13.2306
   -7.5000  -22.5000  -30.0000 2620.1843   12.9458
    0.0000  -22.5000  -30.0000 2628.4895   12.9304
    7.5000  -22.5000  -30.0000 2597.6829   13.0586
   -7.5000  -15.0000  -30.0000 2624.1516   13.0428
    0.0000  -15.0000  -30.0000 2631.3262   12.9826
    7.5000  -15.0000  -30.0000 2597.9534   13.1128
   -7.5000   -7.5000  -30.0000 2604.2913   13.3127
    0.0000   -7.5000  -30.0000 2613.3298   13.2927
    7.5000   -7.5000  -30.0000 2576.7256   13.4149
   -7.5000    0.0000  -30.0000 2566.0911   13.8610
    0.0000    0.0000  -30.0000 2578.8284   13.8432
    7.5000    0.0000  -30.0000 2538.1372   13.9832
   -7.5000    7.5000  -30.0000 2503.6658   14.6262
    0.0000    7.5000  -30.0000 2512.2141   14.6357
    7.5000    7.5000  -30.0000 2475.4895   14.7719
   -7.5000   15.0000  -30.0000 2411.6404   15.6612
    0.0000   15.0000  -30.0000 2422.7183   15.6418
    7.5000   15.0000  -30.0000 2385.2295   15.8162
   -7.5000   22.5000  -30.0000 2302.4395   17.0503
    0.0000   22.5000  -30.0000 2308.5984   17.0098
    7.5000   22.5000  -30.0000 2274.9104   17.1944
   -7.5000   30.0000  -30.0000 2177.2771   18.9459
    0.0000   30.0000  -30.0000 2183.6211   18.8915
    7.5000   30.0000  -30.0000 2152.5376   19.0884
   -7.5000   37.5000  -30.0000 2049.0063   21.4505
    0.0000   37.5000  -30.0000 2057.5444   21.4473
    7.5000   37.5000  -30.0000 2026.4897   21.6678
   -7.5000   45.0000  -30.0000 1902.3821   24.7732
    0.0000   45.0000  -30.0000 1904.0743   24.7385
    7.5000   45.0000  -30.0000 1881.1069   25.1234
   -7.5000  -45.0000  -22.5000 2611.0991   13.7840
    0.0000  -45.0000  -22.5000 2623.5586   13.7439
    7.5000  -45.0000  -22.5000 2593.6514   13.8750
   -7.5000  -37.5000  -22.5000 2669.2888   13.0175
    0.0000  -37.5000  -22.5000 2679.3110   12.9603
    7.5000  -37.5000  -22.5000 2650.6697   13.0987
   -7.5000  -30.0000  -22.5000 2713.6384   12.5117
    0.0000  -30.0000  -22.5000 2721.3774   12.4634
    7.5000  -30.0000  -22.5000 2691.1968   12.6012
   -7.5000  -22.5000  -22.5000 2742.6917   12.3034
    0.0000  -22.5000  -22.5000 2749.0779   12.2713
    7.5000  -22.5000  -22.5000 2716.6074   12.3990
   -7.5000  -15.0000  -22.5000 2750.5620   12.3862
    0.0000  -15.0000  -22.5000 2760.5088   12.3379
    7.5000  -15.0000  -22.5000 2720.3687   12.4798
   -7.5000   -7.5000  -22.5000 2728.6541   12.6768
    0.0000   -7.5000  -22.5000 2740.6782   12.6473
    7.5000   -7.5000  -22.5000 2699.4939   12.7862
   -7.5000    0.0000  -22.5000 2685.0388   13.1965
    0.0000    0.0000  -22.5000 2697.4663   13.1620
    7.5000    0.0000  -22.5000 2653.5771   13.3162
   -7.5000    7.5000  -22.5000 2617.2876   13.9255
    0.0000    7.5000  -22.5000 2628.4346   13.9047
    7.5000    7.5000  -22.5000 2586.7012   14.0749
   -7.5000   15.0000  -22.5000 2511.7266   14.8945
    0.0000   15.0000  -22.5000 2525.6230   14.8879
    7.5000   15.0000  -22.5000 2490.4524   15.0933
   -7.5000   22.5000  -22.5000 2396.0181   16.2375
    0.0000   22.5000  -22.5000 2404.2935   16.2014
    7.5000   22.5000  -22.5000 2375.3384   16.3900
   -7.5000   30.0000  -22.5000 2269.3660   18.0079
    0.0000   30.0000  -22.5000 2277.0916   17.9779
    7.5000   30.0000  -22.5000 2244.2368   18.1694
   -7.5000   37.5000  -22.5000 2132.3252   20.3838
    0.0000   37.5000  -22.5000 2137.8201   20.3501
    7.5000   37.5000  -22.5000 2101.1172   20.5914
   -7.5000   45.0000  -22.5000 1970.5934   23.5965
    0.0000   45.0000  -22.5000 1972.8959   23.4979
    7.5000   45.0000  -22.5000 1949.6046   23.8387
   -7.5000  -45.0000  -15.0000 2667.7339   13.2279
    0.0000  -45.0000  -15.0000 2680.5989   13.1786
    7.5000  -45.0000  -15.0000 2652.2974   13.3447
   -7.5000  -37.5000  -15.0000 2737.0085   12.4457
    0.0000  -37.5000  -15.0000 2747.5413   12.3911
    7.5000  -37.5000  -15.0000 2718.1765   12.5543
   -7.5000  -30.0000  -15.0000 2789.2947   11.9386
    0.0000  -30.0000  -15.0000 2800.9897   11.8788
    7.5000  -30.0000  -15.0000 2763.4968   12.0567
   -7.5000  -22.5000  -15.0000 2830.8506   11.6620
    0.0000  -22.5000  -15.0000 2837.2437   11.6165
    7.5000  -22.5000  -15.0000 2796.7095   11.7787
   -7.5000  -15.0000  -15.0000 2843.2480   11.7514
    0.0000  -15.0000  -15.0000 2849.7651   11.7051
    7.5000  -15.0000  -15.0000 2806.1252   11.8718
   -7.5000   -7.5000  -15.0000 2825.3201   12.0632
    0.0000   -7.5000  -15.0000 2837.2603   12.0170
    7.5000   -7.5000  -15.0000 2793.1204   12.1950
   -7.5000    0.0000  -15.0000 2776.7134   12.5724
    0.0000    0.0000  -15.0000 2786.7173   12.5225
    7.5000    0.0000  -15.0000 2745.1497   12.7122
   -7.5000    7.5000  -15.0000 2698.5857   13.2756
    0.0000    7.5000  -15.0000 2708.2891   13.2321
    7.5000    7.5000  -15.0000 2669.7292   13.4403
   -7.5000   15.0000  -15.0000 2590.3733   14.2504
    0.0000   15.0000  -15.0000 2599.6055   14.2166
    7.5000   15.0000  -15.0000 2566.5881   14.4266
   -7.5000   22.5000  -15.0000 2463.5115   15.5365
    0.0000   22.5000  -15.0000 2474.6262   15.4842
    7.5000   22.5000  -15.0000 2443.1194   15.7052
   -7.5000   30.0000  -15.0000 2330.2495   17.2215
    0.0000   30.0000  -15.0000 2335.6309   17.1940
    7.5000   30.0000  -15.0000 2304.9097   17.4093
   -7.5000   37.5000  -15.0000 2185.9065   19.5176
    0.0000   37.5000  -15.0000 2187.8394   19.4761
    7.5000   37.5000  -15.0000 2155.7017   19.7391
   -7.5000   45.0000  -15.0000 2016.2576   22.5292
    0.0000   45.0000  -15.0000 2020.7627   22.4746
    7.5000   45.0000  -15.0000 2000.5750   22.8366
   -7.5000  -45.0000   -7.5000 2702.1643   12.7448
    0.0000  -45.0000   -7.5000 2713.8501   12.6832
    7.5000  -45.0000   -7.5000 2691.3130   12.8626
   -7.5000  -37.5000   -7.5000 2785.5432   11.9399
    0.0000  -37.5000   -7.5000 2795.8276   11.9105
    7.5000  -37.5000   -7.5000 2768.2344   12.0826
   -7.5000  -30.0000   -7.5000 2848.9866   11.4344
    0.0000  -30.0000   -7.5000 2855.4551   11.3832
    7.5000  -30.0000   -7.5000 2819.3596   11.5762
   -7.5000  -22.5000   -7.5000 2901.0466   11.0864
    0.0000  -22.5000   -7.5000 2908.5771   11.0429
    7.5000  -22.5000   -7.5000 2861.7759   11.2967
   -7.5000  -15.0000   -7.5000 2913.9119   11.1586
    0.0000  -15.0000   -7.5000 2920.8884   11.1069
    7.5000  -15.0000   -7.5000 2875.5361   11.3641
   -7.5000   -7.5000   -7.5000 2894.8418   11.4702
    0.0000   -7.5000   -7.5000 2906.1475   11.4146
    7.5000   -7.5000   -7.5000 2862.1609   11.6443
   -7.5000    0.0000   -7.5000 2840.1089   11.9847
    0.0000    0.0000   -7.5000 2850.7424   11.9324
    7.5000    0.0000   -7.5000 2811.4070   12.1672
   -7.5000    7.5000   -7.5000 2754.4312   12.6961
    0.0000    7.5000   -7.5000 2765.9905   12.6474
    7.5000    7.5000   -7.5000 2725.1008   12.9178
   -7.5000   15.0000   -7.5000 2642.9111   13.6718
    0.0000   15.0000   -7.5000 2652.7649   13.6223
    7.5000   15.0000   -7.5000 2614.6414   13.8860
   -7.5000   22.5000   -7.5000 2515.8298   14.9201
    0.0000   22.5000   -7.5000 2524.8254   14.8759
    7.5000   22.5000   -7.5000 2488.8379   15.1470
   -7.5000   30.0000   -7.5000 2378.6282   16.5662
    0.0000   30.0000   -7.5000 2381.4546   16.5625
    7.5000   30.0000   -7.5000 2348.3418   16.8357
   -7.5000   37.5000   -7.5000 2220.5833   18.7529
    0.0000   37.5000   -7.5000 2224.1462   18.7625
    7.5000   37.5000   -7.5000 2194.0151   19.0630
   -7.5000   45.0000   -7.5000 2049.6438   21.5472
    0.0000   45.0000   -7.5000 2052.9055   21.5704
    7.5000   45.0000   -7.5000 2027.7963   21.9367
   -7.5000  -45.0000    0.0000 2715.3848   12.4235
    0.0000  -45.0000    0.0000 2729.0256   12.3566
    7.5000  -45.0000    0.0000 2706.3303   12.5343
   -7.5000  -37.5000    0.0000 2815.6899   11.6507
    0.0000  -37.5000    0.0000 2829.7712   11.5722
    7.5000  -37.5000    0.0000 2798.2329   11.7466
   -7.5000  -30.0000    0.0000 2894.4072   11.1250
    0.0000  -30.0000    0.0000 2905.7000   11.0631
    7.5000  -30.0000    0.0000 2869.2417   11.2394
   -7.5000  -22.5000    0.0000 2961.4023   10.7985
    0.0000  -22.5000    0.0000 2972.6409   10.7386
    7.5000  -22.5000    0.0000 2921.3679   10.9891
   -7.5000  -15.0000    0.0000 2973.6597   10.7920
    0.0000  -15.0000    0.0000 2984.3186   10.7257
    7.5000  -15.0000    0.0000 2926.8110   11.0681
   -7.5000   -7.5000    0.0000 2942.6653   11.0838
    0.0000   -7.5000    0.0000 2955.7871   11.0198
    7.5000   -7.5000    0.0000 2904.6682   11.3362
   -7.5000    0.0000    0.0000 2881.5745   11.5789
    0.0000    0.0000    0.0000 2895.4185   11.5229
    7.5000    0.0000    0.0000 2847.9709   11.8205
   -7.5000    7.5000    0.0000 2793.9065   12.2917
    0.0000    7.5000    0.0000 2806.8889   12.2348
    7.5000    7.5000    0.0000 2760.1931   12.5127
   -7.5000   15.0000    0.0000 2676.0574   13.2904
    0.0000   15.0000    0.0000 2687.2537   13.2233
    7.5000   15.0000    0.0000 2647.5764   13.4942
   -7.5000   22.5000    0.0000 2548.0691   14.5810
    0.0000   22.5000    0.0000 2555.7820   14.5141
    7.5000   22.5000    0.0000 2515.6475   14.7875
   -7.5000   30.0000    0.0000 2407.1399   16.1945
    0.0000   30.0000    0.0000 2410.6648   16.1705
    7.5000   30.0000    0.0000 2374.9827   16.4675
   -7.5000   37.5000    0.0000 2246.1680   18.2947
    0.0000   37.5000    0.0000 2250.6479   18.3005
    7.5000   37.5000    0.0000 2220.5410   18.6003
   -7.5000   45.0000    0.0000 2071.8369   21.0466
    0.0000   45.0000    0.0000 2081.3015   21.0287
    7.5000   45.0000    0.0000 2048.3926   21.4119
   -7.5000  -45.0000    7.5000 2713.0674   12.2793
    0.0000  -45.0000    7.5000 2723.8623   12.1883
    7.5000  -45.0000    7.5000 2702.0605   12.4412
   -7.5000  -37.5000    7.5000 2820.0249   11.4790
    0.0000  -37.5000    7.5000 2837.2109   11.3872
    7.5000  -37.5000    7.5000 2806.9836   11.6269
   -7.5000  -30.0000    7.5000 2914.6292   10.9822
    0.0000  -30.0000    7.5000 2938.2161   10.8889
    7.5000  -30.0000    7.5000 2899.3850   11.1189
   -7.5000  -22.5000    7.5000 3001.0806   10.7574
    0.0000  -22.5000    7.5000 3026.5054   10.6594
    7.5000  -22.5000    7.5000 2962.0200   10.8744
   -7.5000  -15.0000    7.5000 3017.7629   10.7933
    0.0000  -15.0000    7.5000 3038.8997   10.6949
    7.5000  -15.0000    7.5000 2964.5396   10.9682
   -7.5000   -7.5000    7.5000 2973.8423   10.9953
    0.0000   -7.5000    7.5000 2991.5864   10.9187
    7.5000   -7.5000    7.5000 2928.7576   11.1949
   -7.5000    0.0000    7.5000 2905.0649   11.3901
    0.0000    0.0000    7.5000 2919.0215   11.3141
    7.5000    0.0000    7.5000 2868.8335   11.5931
   -7.5000    7.5000    7.5000 2812.3550   12.0879
    0.0000    7.5000    7.5000 2823.5320   12.0020
    7.5000    7.5000    7.5000 2779.6208   12.2751
   -7.5000   15.0000    7.5000 2692.2551   13.1139
    0.0000   15.0000    7.5000 2700.6096   13.0322
    7.5000   15.0000    7.5000 2659.5181   13.2859
   -7.5000   22.5000    7.5000 2562.5659   14.4137
    0.0000   22.5000    7.5000 2570.2708   14.3514
    7.5000   22.5000    7.5000 2528.3950   14.5867
   -7.5000   30.0000    7.5000 2415.6931   16.0262
    0.0000   30.0000    7.5000 2416.9602   15.9937
    7.5000   30.0000    7.5000 2387.5242   16.2411
   -7.5000   37.5000    7.5000 2257.3213   18.1314
    0.0000   37.5000    7.5000 2262.3333   18.1099
    7.5000   37.5000    7.5000 2230.1240   18.3577
   -7.5000   45.0000    7.5000 2078.1582   20.7728
    0.0000   45.0000    7.5000 2089.5867   20.7653
    7.5000   45.0000    7.5000 2056.0239   21.1060
   -7.5000  -45.0000   15.0000 2694.1550   12.3235
    0.0000  -45.0000   15.0000 2704.0427   12.2285
    7.5000  -45.0000   15.0000 2683.7439   12.5374
   -7.5000  -37.5000   15.0000 2803.1819   11.5428
    0.0000  -37.5000   15.0000 2819.7390   11.4667
    7.5000  -37.5000   15.0000 2795.9214   11.7462
   -7.5000  -30.0000   15.0000 2910.5234   11.0629
    0.0000  -30.0000   15.0000 2928.0930   11.0006
    7.5000  -30.0000   15.0000 2890.4272   11.2050
   -7.5000  -22.5000   15.0000 3004.4993   10.8825
    0.0000  -22.5000   15.0000 3029.0698   10.8027
    7.5000  -22.5000   15.0000 2956.0308   10.9692
   -7.5000  -15.0000   15.0000 3026.5168   10.8852
    0.0000  -15.0000   15.0000 3049.1602   10.8023
    7.5000  -15.0000   15.0000 2963.3376   10.9951
   -7.5000   -7.5000   15.0000 2971.6140   11.0841
    0.0000   -7.5000   15.0000 2988.4006   11.0238
    7.5000   -7.5000   15.0000 2925.9312   11.2204
   -7.5000    0.0000   15.0000 2892.9153   11.5016
    0.0000    0.0000   15.0000 2906.7346   11.4438
    7.5000    0.0000   15.0000 2856.3313   11.6421
   -7.5000    7.5000   15.0000 2796.9180   12.1576
    0.0000    7.5000   15.0000 2805.3838   12.0857
    7.5000    7.5000   15.0000 2767.7129   12.3005
   -7.5000   15.0000   15.0000 2681.1179   13.1026
    0.0000   15.0000   15.0000 2689.2534   13.0339
    7.5000   15.0000   15.0000 2651.0378   13.2446
   -7.5000   22.5000   15.0000 2551.4753   14.3773
    0.0000   22.5000   15.0000 2559.6079   14.3043
    7.5000   22.5000   15.0000 2523.3054   14.5265
   -7.5000   30.0000   15.0000 2409.3958   15.9707
    0.0000   30.0000   15.0000 2409.3596   15.9124
    7.5000   30.0000   15.0000 2378.0227   16.1488
   -7.5000   37.5000   15.0000 2248.1917   18.0273
    0.0000   37.5000   15.0000 2255.1064   18.0346
    7.5000   37.5000   15.0000 2223.8245   18.2938
   -7.5000   45.0000   15.0000 2066.9192   20.6810
    0.0000   45.0000   15.0000 2075.9180   20.7309
    7.5000   45.0000   15.0000 2047.7123   21.0389
   -7.5000  -45.0000   22.5000 2668.5061   12.6685
    0.0000  -45.0000   22.5000 2677.9971   12.5937
    7.5000  -45.0000   22.5000 2655.4585   12.8538
   -7.5000  -37.5000   22.5000 2779.1729   11.8719
    0.0000  -37.5000   22.5000 2792.0054   11.8095
    7.5000  -37.5000   22.5000 2766.1123   12.0280
   -7.5000  -30.0000   22.5000 2880.8499   11.3570
    0.0000  -30.0000   22.5000 2895.0151   11.3005
    7.5000  -30.0000   22.5000 2859.3926   11.4604
   -7.5000  -22.5000   22.5000 2966.4343   11.0983
    0.0000  -22.5000   22.5000 2991.0356   11.0397
    7.5000  -22.5000   22.5000 2923.7783   11.1952
   -7.5000  -15.0000   22.5000 2986.7922   11.0367
    0.0000  -15.0000   22.5000 3010.0552   10.9650
    7.5000  -15.0000   22.5000 2935.4739   11.1927
   -7.5000   -7.5000   22.5000 2944.4629   11.2981
    0.0000   -7.5000   22.5000 2965.9905   11.2586
    7.5000   -7.5000   22.5000 2903.0833   11.4330
   -7.5000    0.0000   22.5000 2859.9927   11.8253
    0.0000    0.0000   22.5000 2877.7847   11.7682
    7.5000    0.0000   22.5000 2829.1904   11.9189
   -7.5000    7.5000   22.5000 2760.1963   12.5057
    0.0000    7.5000   22.5000 2773.1870   12.4486
    7.5000    7.5000   22.5000 2733.5107   12.5886
   -7.5000   15.0000   22.5000 2649.8232   13.4214
    0.0000   15.0000   22.5000 2657.9294   13.3747
    7.5000   15.0000   22.5000 2622.3936   13.5144
   -7.5000   22.5000   22.5000 2524.9834   14.5935
    0.0000   22.5000   22.5000 2526.6919   14.5354
    7.5000   22.5000   22.5000 2495.8833   14.7303
   -7.5000   30.0000   22.5000 2384.5103   16.1054
    0.0000   30.0000   22.5000 2384.0425   16.0617
    7.5000   30.0000   22.5000 2353.2344   16.2687
   -7.5000   37.5000   22.5000 2219.7915   18.1700
    0.0000   37.5000   22.5000 2228.2517   18.1681
    7.5000   37.5000   22.5000 2196.8330   18.4164
   -7.5000   45.0000   22.5000 2047.0212   20.8052
    0.0000   45.0000   22.5000 2052.4934   20.8144
    7.5000   45.0000   22.5000 2024.1871   21.1177
   -7.5000  -45.0000   30.0000 2635.2161   13.1945
    0.0000  -45.0000   30.0000 2642.8174   13.1433
    7.5000  -45.0000   30.0000 2620.3755   13.3917
   -7.5000  -37.5000   30.0000 2745.5806   12.3590
    0.0000  -37.5000   30.0000 2753.1628   12.2841
    7.5000  -37.5000   30.0000 2723.9741   12.5209
   -7.5000  -30.0000   30.0000 2837.4695   11.8202
    0.0000  -30.0000   30.0000 2849.8696   11.7332
    7.5000  -30.0000   30.0000 2810.4575   11.9456
   -7.5000  -22.5000   30.0000 2900.4478   11.5061
    0.0000  -22.5000   30.0000 2916.8845   11.4064
    7.5000  -22.5000   30.0000 2865.3096   11.6597
   -7.5000  -15.0000   30.0000 2917.3625   11.4327
    0.0000  -15.0000   30.0000 2928.9922   11.3591
    7.5000  -15.0000   30.0000 2879.7502   11.5906
   -7.5000   -7.5000   30.0000 2888.8943   11.7008
    0.0000   -7.5000   30.0000 2903.5286   11.6605
    7.5000   -7.5000   30.0000 2852.5247   11.8213
   -7.5000    0.0000   30.0000 2810.6648   12.2460
    0.0000    0.0000   30.0000 2820.1226   12.1791
    7.5000    0.0000   30.0000 2778.1223   12.3417
   -7.5000    7.5000   30.0000 2710.0193   12.9686
    0.0000    7.5000   30.0000 2718.8835   12.8922
    7.5000    7.5000   30.0000 2685.5605   13.0556
   -7.5000   15.0000   30.0000 2600.9021   13.8999
    0.0000   15.0000   30.0000 2608.4570   13.8396
    7.5000   15.0000   30.0000 2575.3811   13.9982
   -7.5000   22.5000   30.0000 2475.6975   15.0528
    0.0000   22.5000   30.0000 2479.2998   14.9818
    7.5000   22.5000   30.0000 2451.7432   15.1725
   -7.5000   30.0000   30.0000 2335.5686   16.5474
    0.0000   30.0000   30.0000 2338.9778   16.5008
    7.5000   30.0000   30.0000 2312.2537   16.7074
   -7.5000   37.5000   30.0000 2178.5122   18.5633
    0.0000   37.5000   30.0000 2185.7668   18.5730
    7.5000   37.5000   30.0000 2158.7935   18.7798
   -7.5000   45.0000   30.0000 2009.7501   21.2062
    0.0000   45.0000   30.0000 2017.3007   21.1992
    7.5000   45.0000   30.0000 1995.8618   21.4786
   -7.5000  -45.0000   37.5000 2595.2788   13.8726
    0.0000  -45.0000   37.5000 2603.8296   13.7718
    7.5000  -45.0000   37.5000 2579.4812   14.0914
   -7.5000  -37.5000   37.5000 2702.5911   12.9847
    0.0000  -37.5000   37.5000 2710.8762   12.8732
    7.5000  -37.5000   37.5000 2678.4487   13.1654
   -7.5000  -30.0000   37.5000 2777.1343   12.4008
    0.0000  -30.0000   37.5000 2788.5923   12.2796
    7.5000  -30.0000   37.5000 2752.8191   12.5811
   -7.5000  -22.5000   37.5000 2827.5999   12.0719
    0.0000  -22.5000   37.5000 2835.2046   11.9511
    7.5000  -22.5000   37.5000 2797.7798   12.2822
   -7.5000  -15.0000   37.5000 2834.0554   12.0200
    0.0000  -15.0000   37.5000 2843.7468   11.9071
    7.5000  -15.0000   37.5000 2807.3396   12.1598
   -7.5000   -7.5000   37.5000 2807.1035   12.2874
    0.0000   -7.5000   37.5000 2821.4912   12.2024
    7.5000   -7.5000   37.5000 2776.9434   12.3854
   -7.5000    0.0000   37.5000 2741.6479   12.8346
    0.0000    0.0000   37.5000 2751.5020   12.7256
    7.5000    0.0000   37.5000 2713.5432   12.9214
   -7.5000    7.5000   37.5000 2651.1350   13.5595
    0.0000    7.5000   37.5000 2658.2864   13.4679
    7.5000    7.5000   37.5000 2628.5449   13.6683
   -7.5000   15.0000   37.5000 2540.9746   14.4765
    0.0000   15.0000   37.5000 2548.6487   14.4015
    7.5000   15.0000   37.5000 2522.0427   14.6175
   -7.5000   22.5000   37.5000 2419.9700   15.6712
    0.0000   22.5000   37.5000 2426.3860   15.5956
    7.5000   22.5000   37.5000 2402.6555   15.7685
   -7.5000   30.0000   37.5000 2278.3296   17.1706
    0.0000   30.0000   37.5000 2285.9102   17.1241
    7.5000   30.0000   37.5000 2265.7036   17.3268
   -7.5000   37.5000   37.5000 2127.0703   19.1666
    0.0000   37.5000   37.5000 2132.5222   19.1510
    7.5000   37.5000   37.5000 2109.6353   19.3985
   -7.5000   45.0000   37.5000 1969.3527   21.7739
    0.0000   45.0000   37.5000 1977.4877   21.7562
    7.5000   45.0000   37.5000 1957.3871   22.1434
   -7.5000  -45.0000   45.0000 2541.2312   14.6839
    0.0000  -45.0000   45.0000 2551.8892   14.5433
    7.5000  -45.0000   45.0000 2524.9712   14.9197
   -7.5000  -37.5000   45.0000 2638.4429   13.7352
    0.0000  -37.5000   45.0000 2650.6560   13.5939
    7.5000  -37.5000   45.0000 2613.8076   13.9770
   -7.5000  -30.0000   45.0000 2705.8418   13.1491
    0.0000  -30.0000   45.0000 2718.9858   12.9880
    7.5000  -30.0000   45.0000 2677.8108   13.3841
   -7.5000  -22.5000   45.0000 2746.7107   12.7991
    0.0000  -22.5000   45.0000 2753.4224   12.6766
    7.5000  -22.5000   45.0000 2720.1296   13.0047
   -7.5000  -15.0000   45.0000 2745.2966   12.7516
    0.0000  -15.0000   45.0000 2758.7122   12.6099
    7.5000  -15.0000   45.0000 2725.5442   12.8807
   -7.5000   -7.5000   45.0000 2715.2053   13.0277
    0.0000   -7.5000   45.0000 2733.1746   12.9030
    7.5000   -7.5000   45.0000 2694.7090   13.1339
   -7.5000    0.0000   45.0000 2660.4500   13.5455
    0.0000    0.0000   45.0000 2670.8110   13.4279
    7.5000    0.0000   45.0000 2636.5146   13.6495
   -7.5000    7.5000   45.0000 2578.8713   14.2271
    0.0000    7.5000   45.0000 2585.4180   14.1573
    7.5000    7.5000   45.0000 2557.7966   14.3745
   -7.5000   15.0000   45.0000 2476.7134   15.1495
    0.0000   15.0000   45.0000 2479.9238   15.0908
    7.5000   15.0000   45.0000 2457.5271   15.3252
   -7.5000   22.5000   45.0000 2357.9631   16.4053
    0.0000   22.5000   45.0000 2362.3589   16.3154
    7.5000   22.5000   45.0000 2341.4678   16.5519
   -7.5000   30.0000   45.0000 2215.6492   17.9599
    0.0000   30.0000   45.0000 2224.5364   17.8869
    7.5000   30.0000   45.0000 2201.9736   18.0926
   -7.5000   37.5000   45.0000 2072.0999   20.0056
    0.0000   37.5000   45.0000 2078.3599   19.9312
    7.5000   37.5000   45.0000 2054.6443   20.1912
   -7.5000   45.0000   45.0000 1925.6808   22.7084
    0.0000   45.0000   45.0000 1929.9220   22.6263
    7.5000   45.0000   45.0000 1912.8309   22.9935

---------------------------------------------------------------------
imgreg_4dfp /opt/freesurfer/average/711-2C_as_mni_average_305 /opt/freesurfer/average/711-2B_as_mni_average_305_mask talsrcimg_g11 none talsrcimg_to_711-2C_as_mni_average_305_t4 1283
---------------------------------------------------------------------

freesurfer imgreg_4dfp.c
/opt/freesurfer/average/711-2C_as_mni_average_305.4dfp.img
       256       256       256         1
  1.000000  1.000000  1.000000
orientation T byte_order littleendian
Reading image: /opt/freesurfer/average/711-2C_as_mni_average_305.4dfp.img
dimensions:      256       256       256
mmppix:       1.0000   -1.0000   -1.0000
center:     128.0000 -129.0000 -129.0000
/opt/freesurfer/average/711-2B_as_mni_average_305_mask.4dfp.img
       256       256       256         1
  1.000000  1.000000  1.000000
orientation T byte_order littleendian
Reading mask: /opt/freesurfer/average/711-2B_as_mni_average_305_mask.4dfp.img (2306576 pixels)
talsrcimg_g11.4dfp.img
       256       256       256         1
  1.000000  1.000000  1.000000
orientation T byte_order littleendian
Reading image: talsrcimg_g11.4dfp.img
dimensions:      256       256       256
mmppix:       1.0000   -1.0000   -1.0000
center:     128.0000 -129.0000 -129.0000
rotation matrix determinant  1.000000
fimgreg.f
image alignment mode   1283 decimal      503 hex
parameters
    0.0000  -15.0000   15.0000    0.0000    0.0000    0.0000
eta,q 0.95681 10.85129
niter,ni,del,rscale     5    3   12.0000    1.2000
parameter  4  1.434508 ->  0.500000 qaram    1.1500
parameters
   -2.4518  -16.4841   13.4117   -3.4500    1.5118    0.6689
eta,q 0.96524 10.82662
  0.0463  0.0446  0.0441  0.0338  0.0462  0.0405
  0.0411  0.0423  0.0407  0.0352  0.0418  0.0373
  0.0405  0.0404  0.0390  0.0368  0.0382  0.0356
  0.0434  0.0400  0.0398  0.0388  0.0357  0.0349
  0.0487  0.0426  0.0426  0.0424  0.0349  0.0347
  0.0576  0.0477  0.0471  0.0463  0.0363  0.0357
  0.0679  0.0543  0.0526  0.0501  0.0397  0.0385
niter,ni,del,rscale     5    3   12.0000    1.2000
parameter  4  0.524319 ->  0.500000 qaram    1.3225
parameters
   -2.6074  -16.0413   12.4151   -7.4175    1.3993    0.6868
eta,q 0.96830 10.84007
  0.0539  0.0484  0.0408  0.0346  0.0399  0.0386
  0.0432  0.0395  0.0369  0.0318  0.0359  0.0348
  0.0362  0.0350  0.0350  0.0321  0.0329  0.0326
  0.0348  0.0347  0.0349  0.0347  0.0317  0.0317
  0.0380  0.0359  0.0370  0.0373  0.0325  0.0323
  0.0457  0.0383  0.0409  0.0406  0.0356  0.0347
  0.0548  0.0436  0.0463  0.0453  0.0412  0.0387
niter,ni,del,rscale     5    3   12.0000    1.2000
parameters
   -2.6789  -15.2891   11.6596   -6.5770    1.2982    0.7866
eta,q 0.96799 10.82769
  0.0524  0.0524  0.0391  0.0468  0.0400  0.0381
  0.0418  0.0408  0.0347  0.0397  0.0363  0.0347
  0.0340  0.0335  0.0320  0.0333  0.0336  0.0328
  0.0317  0.0317  0.0322  0.0318  0.0320  0.0320
  0.0345  0.0339  0.0343  0.0338  0.0327  0.0323
  0.0429  0.0376  0.0380  0.0370  0.0358  0.0343
  0.0531  0.0423  0.0431  0.0407  0.0415  0.0379
niter,ni,del,rscale     4    3   12.0000    1.2000
parameters
   -2.6713  -15.5117   11.8071   -6.2904    1.3152    0.7896
eta,q 0.96800 10.82863
  0.0526  0.0449  0.0416  0.0455  0.0402  0.0379
  0.0423  0.0355  0.0369  0.0376  0.0366  0.0346
  0.0346  0.0318  0.0332  0.0322  0.0338  0.0327
  0.0320  0.0320  0.0318  0.0318  0.0320  0.0320
  0.0346  0.0347  0.0332  0.0347  0.0325  0.0323
  0.0426  0.0386  0.0361  0.0378  0.0355  0.0344
  0.0523  0.0449  0.0407  0.0420  0.0412  0.0382
niter,ni,del,rscale     3    3   12.0000    1.2000
parameters
   -2.6714  -15.5819   11.8717   -6.1995    1.3265    0.7916
eta,q 0.96800 10.82877
  0.0527  0.0456  0.0414  0.0450  0.0402  0.0379
  0.0423  0.0361  0.0368  0.0369  0.0366  0.0346
  0.0345  0.0320  0.0332  0.0320  0.0338  0.0328
  0.0320  0.0320  0.0319  0.0319  0.0320  0.0320
  0.0347  0.0345  0.0334  0.0349  0.0325  0.0323
  0.0427  0.0382  0.0364  0.0380  0.0356  0.0344
  0.0524  0.0443  0.0410  0.0424  0.0412  0.0382
niter,ni,del,rscale     2    3   12.0000    1.2000
parameters
   -2.6713  -15.6027   11.8917   -6.1741    1.3293    0.7920
eta,q 0.96800 10.82884
  0.0528  0.0459  0.0414  0.0448  0.0402  0.0379
  0.0423  0.0362  0.0368  0.0367  0.0366  0.0346
  0.0345  0.0321  0.0332  0.0320  0.0338  0.0328
  0.0320  0.0320  0.0320  0.0320  0.0320  0.0320
  0.0347  0.0345  0.0335  0.0350  0.0326  0.0323
  0.0427  0.0381  0.0366  0.0381  0.0356  0.0344
  0.0525  0.0441  0.0412  0.0426  0.0413  0.0382
registration optimization eta report
parameter search radius
    6.0000    6.0000    6.0000    7.9350    6.0000    6.0000
100000*second partial in parameter space
       57.       36.       25.       18.       24.       17.
  0.0528  0.0459  0.0414  0.0448  0.0402  0.0379
  0.0423  0.0362  0.0368  0.0367  0.0366  0.0346
  0.0345  0.0321  0.0332  0.0320  0.0338  0.0328
  0.0320  0.0320  0.0320  0.0320  0.0320  0.0320
  0.0347  0.0345  0.0335  0.0350  0.0326  0.0323
  0.0427  0.0381  0.0366  0.0381  0.0356  0.0344
  0.0525  0.0441  0.0412  0.0426  0.0413  0.0382
   -2.6713  -15.6027   11.8917   -6.1741    1.3293    0.7920
eta,q 0.96800 10.82884

---------------------------------------------------------------------
imgreg_4dfp /opt/freesurfer/average/711-2C_as_mni_average_305 /opt/freesurfer/average/711-2B_as_mni_average_305_mask talsrcimg_g11 none talsrcimg_to_711-2C_as_mni_average_305_t4 3335
---------------------------------------------------------------------

freesurfer imgreg_4dfp.c
/opt/freesurfer/average/711-2C_as_mni_average_305.4dfp.img
       256       256       256         1
  1.000000  1.000000  1.000000
orientation T byte_order littleendian
Reading image: /opt/freesurfer/average/711-2C_as_mni_average_305.4dfp.img
dimensions:      256       256       256
mmppix:       1.0000   -1.0000   -1.0000
center:     128.0000 -129.0000 -129.0000
/opt/freesurfer/average/711-2B_as_mni_average_305_mask.4dfp.img
       256       256       256         1
  1.000000  1.000000  1.000000
orientation T byte_order littleendian
Reading mask: /opt/freesurfer/average/711-2B_as_mni_average_305_mask.4dfp.img (2306576 pixels)
talsrcimg_g11.4dfp.img
       256       256       256         1
  1.000000  1.000000  1.000000
orientation T byte_order littleendian
Reading image: talsrcimg_g11.4dfp.img
dimensions:      256       256       256
mmppix:       1.0000   -1.0000   -1.0000
center:     128.0000 -129.0000 -129.0000
fimgreg.f
image alignment mode   3335 decimal      D07 hex
parameters
   -2.6713  -15.6027   11.8917   -0.0365   -0.5861   -0.6068
   -1.1247   -2.4548    1.3818   10.7221    2.3198  -10.7521
eta,q 0.97010 10.83245
niter,ni,del,rscale     5    3    5.0000    1.2000
parameter  4  0.971651 ->  0.500000 qaram    1.1500
parameter  5  1.088834 ->  0.500000 qaram    1.1500
parameter 12  0.640694 ->  0.500000 qaram    1.1500
parameters
   -2.6401  -15.3210   11.8292   -4.1765   -4.7261   -2.7401
   -0.3491   -1.3887    1.4462    8.6008    3.1622  -14.8921
eta,q 0.97679 10.58799
  0.0335  0.0335  0.0317  0.0268  0.0239  0.0260  0.0282  0.0310  0.0265  0.0257  0.0255  0.0235
  0.0316  0.0317  0.0307  0.0268  0.0243  0.0250  0.0264  0.0282  0.0253  0.0244  0.0247  0.0232
  0.0304  0.0305  0.0301  0.0278  0.0253  0.0245  0.0251  0.0258  0.0245  0.0239  0.0241  0.0233
  0.0299  0.0299  0.0299  0.0299  0.0270  0.0245  0.0245  0.0244  0.0242  0.0242  0.0238  0.0238
  0.0302  0.0300  0.0301  0.0327  0.0296  0.0255  0.0246  0.0244  0.0245  0.0253  0.0239  0.0247
  0.0314  0.0308  0.0308  0.0360  0.0328  0.0279  0.0254  0.0258  0.0252  0.0272  0.0242  0.0259
  0.0334  0.0321  0.0319  0.0397  0.0358  0.0316  0.0270  0.0283  0.0265  0.0299  0.0249  0.0273
niter,ni,del,rscale     7    3    5.0000    1.2000
parameters
   -2.5782  -15.4706   11.1892   -5.8025   -7.2958   -1.9697
   -0.3008   -1.4436    1.5479    9.5046    3.3005  -16.6803
eta,q 0.97743 10.47650
  0.0274  0.0258  0.0240  0.0257  0.0246  0.0258  0.0258  0.0279  0.0251  0.0267  0.0240  0.0239
  0.0252  0.0243  0.0234  0.0244  0.0235  0.0245  0.0242  0.0252  0.0239  0.0249  0.0233  0.0230
  0.0238  0.0234  0.0231  0.0234  0.0229  0.0235  0.0232  0.0234  0.0231  0.0235  0.0228  0.0226
  0.0232  0.0232  0.0232  0.0231  0.0232  0.0229  0.0228  0.0228  0.0228  0.0228  0.0227  0.0227
  0.0236  0.0237  0.0237  0.0240  0.0244  0.0226  0.0231  0.0234  0.0230  0.0228  0.0228  0.0232
  0.0249  0.0248  0.0246  0.0264  0.0267  0.0230  0.0241  0.0253  0.0238  0.0237  0.0232  0.0242
  0.0270  0.0265  0.0259  0.0296  0.0300  0.0253  0.0257  0.0281  0.0250  0.0253  0.0239  0.0257
niter,ni,del,rscale     6    3    5.0000    1.2000
parameters
   -2.5431  -15.4424   11.0626   -5.7574   -7.7690   -2.0084
   -0.2384   -1.4818    1.5593    9.8563    3.2316  -17.1216
eta,q 0.97745 10.46159
  0.0263  0.0255  0.0241  0.0262  0.0257  0.0254  0.0256  0.0277  0.0248  0.0260  0.0239  0.0244
  0.0243  0.0239  0.0232  0.0246  0.0241  0.0241  0.0240  0.0250  0.0236  0.0243  0.0231  0.0234
  0.0231  0.0229  0.0227  0.0234  0.0230  0.0232  0.0230  0.0232  0.0229  0.0231  0.0227  0.0228
  0.0226  0.0226  0.0226  0.0226  0.0226  0.0226  0.0226  0.0226  0.0226  0.0226  0.0226  0.0226
  0.0229  0.0229  0.0228  0.0226  0.0230  0.0223  0.0229  0.0232  0.0228  0.0228  0.0227  0.0229
  0.0241  0.0239  0.0235  0.0241  0.0243  0.0233  0.0239  0.0250  0.0236  0.0238  0.0232  0.0236
  0.0262  0.0253  0.0245  0.0267  0.0269  0.0263  0.0255  0.0278  0.0249  0.0255  0.0239  0.0249
niter,ni,del,rscale     5    3    5.0000    1.2000
parameters
   -2.5475  -15.3964   11.0362   -5.7249   -7.8448   -1.9915
   -0.2108   -1.4927    1.5903    9.9733    3.2032  -17.2473
eta,q 0.97746 10.46192
  0.0262  0.0255  0.0243  0.0262  0.0260  0.0254  0.0255  0.0277  0.0248  0.0257  0.0239  0.0245
  0.0242  0.0239  0.0233  0.0246  0.0243  0.0242  0.0240  0.0250  0.0236  0.0241  0.0231  0.0235
  0.0230  0.0229  0.0227  0.0234  0.0231  0.0232  0.0229  0.0232  0.0228  0.0230  0.0227  0.0228
  0.0226  0.0226  0.0225  0.0226  0.0225  0.0225  0.0225  0.0225  0.0225  0.0225  0.0225  0.0225
  0.0229  0.0229  0.0228  0.0226  0.0228  0.0222  0.0229  0.0231  0.0228  0.0228  0.0227  0.0228
  0.0242  0.0238  0.0234  0.0241  0.0240  0.0232  0.0239  0.0250  0.0236  0.0239  0.0232  0.0235
  0.0263  0.0252  0.0243  0.0267  0.0264  0.0263  0.0255  0.0278  0.0248  0.0257  0.0239  0.0247
niter,ni,del,rscale     4    3    5.0000    1.2000
parameters
   -2.5518  -15.3771   11.0326   -5.7247   -7.8669   -1.9879
   -0.2044   -1.4994    1.6021   10.0146    3.1837  -17.2818
eta,q 0.97746 10.46172
  0.0262  0.0254  0.0243  0.0261  0.0260  0.0254  0.0255  0.0277  0.0248  0.0257  0.0239  0.0245
  0.0242  0.0238  0.0233  0.0246  0.0243  0.0242  0.0239  0.0250  0.0236  0.0241  0.0232  0.0235
  0.0230  0.0228  0.0227  0.0234  0.0231  0.0232  0.0229  0.0232  0.0228  0.0230  0.0227  0.0228
  0.0225  0.0225  0.0225  0.0225  0.0225  0.0225  0.0225  0.0225  0.0225  0.0225  0.0225  0.0225
  0.0229  0.0229  0.0228  0.0226  0.0228  0.0222  0.0229  0.0231  0.0228  0.0228  0.0227  0.0228
  0.0242  0.0238  0.0233  0.0241  0.0240  0.0233  0.0239  0.0250  0.0236  0.0239  0.0232  0.0235
  0.0263  0.0253  0.0243  0.0267  0.0264  0.0263  0.0255  0.0278  0.0248  0.0257  0.0239  0.0246
registration optimization eta report
parameter search radius
    2.4000    2.4000    2.4000    8.2800    8.2800    7.2000
    7.2000    7.2000    7.2000    7.2000    7.2000    8.2800
100000*second partial in parameter space
       64.       49.       30.        6.        5.        7.
        6.       10.        4.        6.        3.        3.
  0.0262  0.0254  0.0243  0.0261  0.0260  0.0254  0.0255  0.0277  0.0248  0.0257  0.0239  0.0245
  0.0242  0.0238  0.0233  0.0246  0.0243  0.0242  0.0239  0.0250  0.0236  0.0241  0.0232  0.0235
  0.0230  0.0228  0.0227  0.0234  0.0231  0.0232  0.0229  0.0232  0.0228  0.0230  0.0227  0.0228
  0.0225  0.0225  0.0225  0.0225  0.0225  0.0225  0.0225  0.0225  0.0225  0.0225  0.0225  0.0225
  0.0229  0.0229  0.0228  0.0226  0.0228  0.0222  0.0229  0.0231  0.0228  0.0228  0.0227  0.0228
  0.0242  0.0238  0.0233  0.0241  0.0240  0.0233  0.0239  0.0250  0.0236  0.0239  0.0232  0.0235
  0.0263  0.0253  0.0243  0.0267  0.0264  0.0263  0.0255  0.0278  0.0248  0.0257  0.0239  0.0246
   -2.5518  -15.3771   11.0326   -5.7247   -7.8669   -1.9879
   -0.2044   -1.4994    1.6021   10.0146    3.1837  -17.2818
eta,q 0.97746 10.46172

---------------------------------------------------------------------
imgreg_4dfp /opt/freesurfer/average/711-2C_as_mni_average_305 /opt/freesurfer/average/711-2B_as_mni_average_305_mask talsrcimg_g11 none talsrcimg_to_711-2C_as_mni_average_305_t4 2311
---------------------------------------------------------------------

freesurfer imgreg_4dfp.c
/opt/freesurfer/average/711-2C_as_mni_average_305.4dfp.img
       256       256       256         1
  1.000000  1.000000  1.000000
orientation T byte_order littleendian
Reading image: /opt/freesurfer/average/711-2C_as_mni_average_305.4dfp.img
dimensions:      256       256       256
mmppix:       1.0000   -1.0000   -1.0000
center:     128.0000 -129.0000 -129.0000
/opt/freesurfer/average/711-2B_as_mni_average_305_mask.4dfp.img
       256       256       256         1
  1.000000  1.000000  1.000000
orientation T byte_order littleendian
Reading mask: /opt/freesurfer/average/711-2B_as_mni_average_305_mask.4dfp.img (2306576 pixels)
talsrcimg_g11.4dfp.img
       256       256       256         1
  1.000000  1.000000  1.000000
orientation T byte_order littleendian
Reading image: talsrcimg_g11.4dfp.img
dimensions:      256       256       256
mmppix:       1.0000   -1.0000   -1.0000
center:     128.0000 -129.0000 -129.0000
fimgreg.f
image alignment mode   2311 decimal      907 hex
parameters
   -2.5518  -15.3771   11.0326   -5.7247   -7.8669   -1.9879
   -0.2044   -1.4994    1.6021   10.0146    3.1837  -17.2818
eta,q 0.97746 10.46173
niter,ni,del,rscale     5    3    5.0000    0.8000
parameters
   -2.5359  -15.4038   11.0158   -4.9867   -7.5614   -1.1375
   -0.1662   -1.4064    1.6416   10.0345    3.2522  -17.3755
eta,q 0.97771 10.52435
  0.0242  0.0238  0.0233  0.0242  0.0238  0.0240  0.0237  0.0251  0.0234  0.0238  0.0231  0.0231
  0.0233  0.0231  0.0229  0.0235  0.0231  0.0233  0.0230  0.0237  0.0228  0.0230  0.0226  0.0227
  0.0227  0.0227  0.0226  0.0229  0.0227  0.0228  0.0225  0.0227  0.0224  0.0225  0.0224  0.0224
  0.0225  0.0225  0.0225  0.0225  0.0224  0.0224  0.0223  0.0223  0.0223  0.0223  0.0223  0.0223
  0.0227  0.0227  0.0226  0.0224  0.0225  0.0222  0.0224  0.0226  0.0224  0.0225  0.0224  0.0224
  0.0232  0.0232  0.0229  0.0228  0.0229  0.0224  0.0229  0.0235  0.0228  0.0230  0.0226  0.0227
  0.0242  0.0238  0.0233  0.0236  0.0235  0.0234  0.0237  0.0250  0.0234  0.0239  0.0230  0.0231
niter,ni,del,rscale     4    3    5.0000    0.7000
parameters
   -2.5528  -15.3658   11.1166   -5.0163   -7.6400   -0.9471
   -0.1668   -1.4308    1.6323   10.1431    3.2065  -17.3500
eta,q 0.97774 10.52849
  0.0236  0.0234  0.0231  0.0235  0.0232  0.0234  0.0234  0.0244  0.0231  0.0235  0.0228  0.0229
  0.0229  0.0228  0.0226  0.0229  0.0227  0.0229  0.0228  0.0232  0.0226  0.0229  0.0225  0.0226
  0.0224  0.0224  0.0224  0.0225  0.0224  0.0226  0.0224  0.0225  0.0224  0.0224  0.0223  0.0223
  0.0223  0.0223  0.0223  0.0223  0.0223  0.0223  0.0223  0.0223  0.0223  0.0223  0.0223  0.0223
  0.0224  0.0224  0.0223  0.0224  0.0224  0.0222  0.0224  0.0225  0.0224  0.0224  0.0223  0.0223
  0.0229  0.0227  0.0225  0.0228  0.0227  0.0225  0.0228  0.0232  0.0226  0.0227  0.0225  0.0225
  0.0237  0.0232  0.0229  0.0237  0.0233  0.0235  0.0234  0.0244  0.0231  0.0234  0.0229  0.0229
niter,ni,del,rscale     3    3    5.0000    0.6000
parameters
   -2.5587  -15.3569   11.1419   -4.9595   -7.6744   -0.7330
   -0.1409   -1.4218    1.6574   10.1776    3.1712  -17.3902
eta,q 0.97777 10.53530
  0.0233  0.0230  0.0228  0.0232  0.0230  0.0231  0.0231  0.0239  0.0229  0.0231  0.0227  0.0227
  0.0227  0.0226  0.0225  0.0228  0.0226  0.0228  0.0226  0.0230  0.0225  0.0227  0.0224  0.0224
  0.0224  0.0223  0.0223  0.0224  0.0223  0.0225  0.0223  0.0224  0.0223  0.0224  0.0223  0.0223
  0.0223  0.0223  0.0223  0.0223  0.0223  0.0223  0.0222  0.0222  0.0222  0.0222  0.0222  0.0222
  0.0224  0.0223  0.0223  0.0223  0.0223  0.0222  0.0223  0.0224  0.0223  0.0223  0.0223  0.0223
  0.0227  0.0226  0.0225  0.0226  0.0226  0.0224  0.0226  0.0229  0.0225  0.0226  0.0224  0.0225
  0.0233  0.0230  0.0227  0.0232  0.0230  0.0232  0.0231  0.0239  0.0228  0.0231  0.0227  0.0227
niter,ni,del,rscale     2    3    5.0000    0.5000
parameters
   -2.5628  -15.3510   11.1663   -4.9181   -7.7024   -0.4934
   -0.1148   -1.4105    1.6735   10.1917    3.1356  -17.4365
eta,q 0.97780 10.54198
  0.0229  0.0228  0.0226  0.0229  0.0227  0.0229  0.0228  0.0234  0.0226  0.0228  0.0225  0.0225
  0.0225  0.0225  0.0224  0.0226  0.0225  0.0226  0.0225  0.0227  0.0224  0.0225  0.0223  0.0224
  0.0223  0.0223  0.0223  0.0223  0.0223  0.0224  0.0223  0.0223  0.0223  0.0223  0.0222  0.0222
  0.0222  0.0222  0.0222  0.0222  0.0222  0.0222  0.0222  0.0222  0.0222  0.0222  0.0222  0.0222
  0.0223  0.0223  0.0223  0.0223  0.0223  0.0222  0.0223  0.0223  0.0222  0.0223  0.0222  0.0222
  0.0225  0.0225  0.0224  0.0225  0.0225  0.0223  0.0224  0.0227  0.0224  0.0225  0.0224  0.0224
  0.0229  0.0227  0.0226  0.0229  0.0227  0.0228  0.0228  0.0234  0.0226  0.0228  0.0225  0.0225
niter,ni,del,rscale     1    3    5.0000    0.4000
parameters
   -2.5666  -15.3437   11.1866   -4.8982   -7.7250   -0.2628
   -0.1024   -1.4032    1.6966   10.2064    3.1220  -17.4654
eta,q 0.97782 10.54778
  0.0226  0.0225  0.0225  0.0226  0.0225  0.0226  0.0226  0.0229  0.0225  0.0226  0.0224  0.0224
  0.0224  0.0223  0.0223  0.0224  0.0223  0.0225  0.0223  0.0225  0.0223  0.0224  0.0223  0.0223
  0.0223  0.0222  0.0222  0.0223  0.0222  0.0223  0.0222  0.0223  0.0222  0.0222  0.0222  0.0222
  0.0222  0.0222  0.0222  0.0222  0.0222  0.0222  0.0222  0.0222  0.0222  0.0222  0.0222  0.0222
  0.0222  0.0222  0.0222  0.0222  0.0222  0.0221  0.0222  0.0223  0.0222  0.0222  0.0222  0.0222
  0.0224  0.0223  0.0223  0.0224  0.0223  0.0223  0.0223  0.0225  0.0223  0.0224  0.0223  0.0223
  0.0227  0.0225  0.0224  0.0227  0.0225  0.0226  0.0225  0.0229  0.0225  0.0226  0.0224  0.0224
registration optimization eta report
parameter search radius
    0.8000    0.8000    0.8000    2.4000    2.4000    2.4000
    2.4000    2.4000    2.4000    2.4000    2.4000    2.4000
100000*second partial in parameter space
       71.       52.       37.        8.        6.        7.
        6.       13.        5.        7.        4.        4.
  0.0226  0.0225  0.0225  0.0226  0.0225  0.0226  0.0226  0.0229  0.0225  0.0226  0.0224  0.0224
  0.0224  0.0223  0.0223  0.0224  0.0223  0.0225  0.0223  0.0225  0.0223  0.0224  0.0223  0.0223
  0.0223  0.0222  0.0222  0.0223  0.0222  0.0223  0.0222  0.0223  0.0222  0.0222  0.0222  0.0222
  0.0222  0.0222  0.0222  0.0222  0.0222  0.0222  0.0222  0.0222  0.0222  0.0222  0.0222  0.0222
  0.0222  0.0222  0.0222  0.0222  0.0222  0.0221  0.0222  0.0223  0.0222  0.0222  0.0222  0.0222
  0.0224  0.0223  0.0223  0.0224  0.0223  0.0223  0.0223  0.0225  0.0223  0.0224  0.0223  0.0223
  0.0227  0.0225  0.0224  0.0227  0.0225  0.0226  0.0225  0.0229  0.0225  0.0226  0.0224  0.0224
   -2.5666  -15.3437   11.1866   -4.8982   -7.7250   -0.2628
   -0.1024   -1.4032    1.6966   10.2064    3.1220  -17.4654
eta,q 0.97782 10.54778

---------------------------------------------------------------------
imgreg_4dfp /opt/freesurfer/average/711-2C_as_mni_average_305 /opt/freesurfer/average/711-2B_as_mni_average_305_mask talsrcimg_g11 none talsrcimg_to_711-2C_as_mni_average_305_t4 2311
---------------------------------------------------------------------

freesurfer imgreg_4dfp.c
/opt/freesurfer/average/711-2C_as_mni_average_305.4dfp.img
       256       256       256         1
  1.000000  1.000000  1.000000
orientation T byte_order littleendian
Reading image: /opt/freesurfer/average/711-2C_as_mni_average_305.4dfp.img
dimensions:      256       256       256
mmppix:       1.0000   -1.0000   -1.0000
center:     128.0000 -129.0000 -129.0000
/opt/freesurfer/average/711-2B_as_mni_average_305_mask.4dfp.img
       256       256       256         1
  1.000000  1.000000  1.000000
orientation T byte_order littleendian
Reading mask: /opt/freesurfer/average/711-2B_as_mni_average_305_mask.4dfp.img (2306576 pixels)
talsrcimg_g11.4dfp.img
       256       256       256         1
  1.000000  1.000000  1.000000
orientation T byte_order littleendian
Reading image: talsrcimg_g11.4dfp.img
dimensions:      256       256       256
mmppix:       1.0000   -1.0000   -1.0000
center:     128.0000 -129.0000 -129.0000
fimgreg.f
image alignment mode   2311 decimal      907 hex
parameters
   -2.5666  -15.3437   11.1866   -4.8982   -7.7250   -0.2628
   -0.1024   -1.4032    1.6966   10.2064    3.1220  -17.4654
eta,q 0.97782 10.54777
niter,ni,del,rscale     5    3    5.0000    0.8000
parameters
   -2.5802  -15.3213   11.2500   -5.2573   -7.8314   -0.9532
   -0.1615   -1.4819    1.6598   10.2506    3.0906  -17.2473
eta,q 0.97772 10.51600
  0.0239  0.0235  0.0233  0.0236  0.0234  0.0234  0.0237  0.0249  0.0233  0.0238  0.0230  0.0231
  0.0230  0.0228  0.0227  0.0229  0.0227  0.0229  0.0229  0.0235  0.0228  0.0230  0.0226  0.0227
  0.0224  0.0223  0.0223  0.0224  0.0223  0.0225  0.0225  0.0226  0.0224  0.0225  0.0224  0.0224
  0.0222  0.0222  0.0222  0.0222  0.0222  0.0222  0.0223  0.0223  0.0223  0.0223  0.0223  0.0223
  0.0224  0.0223  0.0223  0.0224  0.0223  0.0223  0.0225  0.0226  0.0224  0.0224  0.0224  0.0224
  0.0230  0.0228  0.0226  0.0231  0.0228  0.0233  0.0230  0.0236  0.0228  0.0229  0.0226  0.0226
  0.0240  0.0235  0.0231  0.0243  0.0235  0.0251  0.0238  0.0251  0.0234  0.0238  0.0230  0.0230
niter,ni,del,rscale     4    3    5.0000    0.7000
parameters
   -2.5695  -15.3622   11.1696   -5.0634   -7.7283   -0.9459
   -0.1405   -1.4310    1.6738   10.1672    3.1429  -17.2828
eta,q 0.97773 10.52422
  0.0236  0.0232  0.0229  0.0236  0.0233  0.0234  0.0234  0.0244  0.0231  0.0234  0.0229  0.0229
  0.0229  0.0227  0.0225  0.0230  0.0227  0.0229  0.0228  0.0233  0.0226  0.0228  0.0225  0.0226
  0.0225  0.0224  0.0223  0.0225  0.0224  0.0225  0.0224  0.0225  0.0224  0.0224  0.0223  0.0223
  0.0223  0.0223  0.0223  0.0223  0.0223  0.0223  0.0223  0.0223  0.0223  0.0223  0.0223  0.0223
  0.0224  0.0224  0.0224  0.0223  0.0224  0.0222  0.0224  0.0225  0.0223  0.0224  0.0223  0.0223
  0.0229  0.0228  0.0226  0.0227  0.0227  0.0226  0.0228  0.0232  0.0226  0.0228  0.0225  0.0226
  0.0236  0.0233  0.0230  0.0235  0.0232  0.0237  0.0234  0.0244  0.0231  0.0235  0.0228  0.0229
niter,ni,del,rscale     3    3    5.0000    0.6000
parameters
   -2.5605  -15.3648   11.1576   -4.9651   -7.6941   -0.7285
   -0.1388   -1.4163    1.6753   10.1658    3.1599  -17.3556
eta,q 0.97777 10.53436
  0.0233  0.0230  0.0228  0.0232  0.0230  0.0231  0.0231  0.0239  0.0228  0.0231  0.0227  0.0227
  0.0227  0.0226  0.0225  0.0228  0.0226  0.0228  0.0226  0.0230  0.0225  0.0226  0.0224  0.0224
  0.0224  0.0223  0.0223  0.0224  0.0223  0.0225  0.0223  0.0224  0.0223  0.0223  0.0223  0.0223
  0.0223  0.0223  0.0223  0.0223  0.0223  0.0223  0.0222  0.0222  0.0222  0.0222  0.0222  0.0222
  0.0224  0.0223  0.0223  0.0223  0.0223  0.0222  0.0223  0.0224  0.0223  0.0223  0.0223  0.0223
  0.0227  0.0226  0.0225  0.0226  0.0226  0.0224  0.0226  0.0229  0.0225  0.0226  0.0224  0.0225
  0.0232  0.0230  0.0228  0.0232  0.0230  0.0232  0.0231  0.0238  0.0228  0.0231  0.0227  0.0227
niter,ni,del,rscale     2    3    5.0000    0.5000
parameters
   -2.5617  -15.3574   11.1704   -4.9167   -7.6981   -0.4991
   -0.1298   -1.4078    1.6806   10.1810    3.1328  -17.4220
eta,q 0.97780 10.54197
  0.0229  0.0228  0.0226  0.0229  0.0227  0.0229  0.0228  0.0234  0.0226  0.0228  0.0225  0.0225
  0.0225  0.0225  0.0224  0.0226  0.0225  0.0226  0.0225  0.0227  0.0224  0.0225  0.0223  0.0223
  0.0223  0.0223  0.0223  0.0223  0.0223  0.0224  0.0223  0.0223  0.0223  0.0223  0.0222  0.0222
  0.0222  0.0222  0.0222  0.0222  0.0222  0.0222  0.0222  0.0222  0.0222  0.0222  0.0222  0.0222
  0.0223  0.0223  0.0223  0.0223  0.0223  0.0222  0.0223  0.0223  0.0222  0.0223  0.0222  0.0222
  0.0225  0.0225  0.0224  0.0225  0.0225  0.0223  0.0225  0.0227  0.0224  0.0225  0.0224  0.0224
  0.0229  0.0227  0.0226  0.0229  0.0227  0.0228  0.0228  0.0234  0.0226  0.0228  0.0225  0.0226
niter,ni,del,rscale     1    3    5.0000    0.4000
parameters
   -2.5681  -15.3463   11.1909   -4.8897   -7.7285   -0.2655
   -0.1065   -1.4045    1.6942   10.2033    3.1220  -17.4590
eta,q 0.97782 10.54786
  0.0226  0.0225  0.0225  0.0226  0.0225  0.0226  0.0226  0.0229  0.0225  0.0226  0.0224  0.0224
  0.0224  0.0224  0.0223  0.0224  0.0223  0.0225  0.0224  0.0225  0.0223  0.0224  0.0223  0.0223
  0.0223  0.0222  0.0222  0.0223  0.0222  0.0223  0.0222  0.0223  0.0222  0.0222  0.0222  0.0222
  0.0222  0.0222  0.0222  0.0222  0.0222  0.0222  0.0222  0.0222  0.0222  0.0222  0.0222  0.0222
  0.0222  0.0222  0.0222  0.0222  0.0222  0.0222  0.0222  0.0223  0.0222  0.0222  0.0222  0.0222
  0.0224  0.0223  0.0223  0.0224  0.0223  0.0223  0.0223  0.0225  0.0223  0.0224  0.0223  0.0223
  0.0227  0.0225  0.0224  0.0227  0.0225  0.0226  0.0225  0.0229  0.0225  0.0226  0.0224  0.0224
registration optimization eta report
parameter search radius
    0.8000    0.8000    0.8000    2.4000    2.4000    2.4000
    2.4000    2.4000    2.4000    2.4000    2.4000    2.4000
100000*second partial in parameter space
       70.       52.       37.        8.        6.        7.
        7.       13.        5.        7.        4.        4.
  0.0226  0.0225  0.0225  0.0226  0.0225  0.0226  0.0226  0.0229  0.0225  0.0226  0.0224  0.0224
  0.0224  0.0224  0.0223  0.0224  0.0223  0.0225  0.0224  0.0225  0.0223  0.0224  0.0223  0.0223
  0.0223  0.0222  0.0222  0.0223  0.0222  0.0223  0.0222  0.0223  0.0222  0.0222  0.0222  0.0222
  0.0222  0.0222  0.0222  0.0222  0.0222  0.0222  0.0222  0.0222  0.0222  0.0222  0.0222  0.0222
  0.0222  0.0222  0.0222  0.0222  0.0222  0.0222  0.0222  0.0223  0.0222  0.0222  0.0222  0.0222
  0.0224  0.0223  0.0223  0.0224  0.0223  0.0223  0.0223  0.0225  0.0223  0.0224  0.0223  0.0223
  0.0227  0.0225  0.0224  0.0227  0.0225  0.0226  0.0225  0.0229  0.0225  0.0226  0.0224  0.0224
   -2.5681  -15.3463   11.1909   -4.8897   -7.7285   -0.2655
   -0.1065   -1.4045    1.6942   10.2033    3.1220  -17.4590
eta,q 0.97782 10.54786

---------------------------------------------------------------------
compute_vox2vox talsrcimg talsrcimg_to_711-2C_as_mni_average_305_t4 /opt/freesurfer/average/711-2C_as_mni_average_305
---------------------------------------------------------------------

freesurfer compute_vox2vox.c
Reading: talsrcimg.4dfp.ifh
Reading: talsrcimg_to_711-2C_as_mni_average_305_t4
Reading: /opt/freesurfer/average/711-2C_as_mni_average_305.4dfp.ifh
Writing: talsrcimg_to_711-2C_as_mni_average_305_t4_vox2vox.txt

start time Wed Mar 11 11:04:39 CET 2026
end		time Wed Mar 11 11:06:04 CET 2026

mpr2mni305 success

avi2talxfm orig_nu.mgz /opt/freesurfer/average/mni305.cor.mgz talsrcimg_to_711-2C_as_mni_average_305_t4_vox2vox.txt transforms/talairach.auto.xfm
avi2talxfm done
mv -f /out/sourcedata/freesurfer/sub-v2s16x51270_ses-1/mri/talsrcimg_to_711-2C_as_mni_average_305_t4_vox2vox.txt /out/sourcedata/freesurfer/sub-v2s16x51270_ses-1/mri/transforms/talsrcimg_to_711-2C_as_mni_average_305_t4_vox2vox.txt
lta_convert --src orig_nu.mgz --trg /opt/freesurfer/average/mni305.cor.mgz --inxfm transforms/talairach.auto.xfm --outlta transforms/talairach.auto.xfm.lta --subject fsaverage
7.3.2

--src: orig_nu.mgz src image (geometry).
--trg: /opt/freesurfer/average/mni305.cor.mgz trg image (geometry).
--inmni: transforms/talairach.auto.xfm input MNI/XFM transform.
--outlta: transforms/talairach.auto.xfm.lta output LTA.
--s: fsaverage subject name
 LTA read, type : 1
 1.05087   0.01440   0.00394  -6.52508;
-0.03558   0.98313   0.18598  -22.99789;
-0.01536  -0.10898   1.06312   13.51488;
 0.00000   0.00000   0.00000   1.00000;
setting subject to fsaverage
Writing  LTA to file transforms/talairach.auto.xfm.lta...
lta_convert successful.
 
 
Started at Wed Mar 11 11:04:38 CET 2026
Ended   at Wed Mar 11 11:06:04 CET 2026
talairach_avi done
