status file for recon-all
Wed Mar 11 12:07:32 CET 2026
#@# Tessellate rh Wed Mar 11 12:07:32 CET 2026
#@# Smooth1 rh Wed Mar 11 12:07:35 CET 2026
#@# Inflation1 rh Wed Mar 11 12:07:38 CET 2026
#@# QSphere rh Wed Mar 11 12:07:48 CET 2026
#@# Fix Topology rh Wed Mar 11 12:08:56 CET 2026
#@# Smooth2 rh Wed Mar 11 12:14:22 CET 2026
#@# Inflation2 rh Wed Mar 11 12:14:25 CET 2026
#@# Curv .H and .K rh Wed Mar 11 12:14:35 CET 2026
#@# Sphere rh Wed Mar 11 12:15:23 CET 2026
#@# Surf Reg rh Wed Mar 11 12:17:14 CET 2026
#@# Jacobian white rh Wed Mar 11 12:21:23 CET 2026
#@# AvgCurv rh Wed Mar 11 12:21:24 CET 2026
#@# Cortical Parc rh Wed Mar 11 12:21:24 CET 2026
#@# white curv rh Wed Mar 11 12:27:27 CET 2026
#@# white area rh Wed Mar 11 12:27:29 CET 2026
#@# pial curv rh Wed Mar 11 12:27:29 CET 2026
#@# pial area rh Wed Mar 11 12:27:31 CET 2026
#@# thickness rh Wed Mar 11 12:27:32 CET 2026
#@# area and vertex vol rh Wed Mar 11 12:28:01 CET 2026
#@# Curvature Stats rh Wed Mar 11 12:28:03 CET 2026
#@# Cortical Parc 2 rh Wed Mar 11 12:28:05 CET 2026
#@# Cortical Parc 3 rh Wed Mar 11 12:28:19 CET 2026
#@# WM/GM Contrast rh Wed Mar 11 12:28:29 CET 2026
recon-all -s sub-v2s16x51235_ses-1 finished without error at Wed Mar 11 12:28:32 CET 2026



#New# invocation of recon-all 



status file for recon-all
Wed Mar 11 12:38:16 CET 2026
#@# white curv rh Wed Mar 11 12:38:16 CET 2026
#@# white area rh Wed Mar 11 12:38:16 CET 2026
#@# pial curv rh Wed Mar 11 12:38:16 CET 2026
#@# pial area rh Wed Mar 11 12:38:16 CET 2026
#@# thickness rh Wed Mar 11 12:38:16 CET 2026
#@# area and vertex vol rh Wed Mar 11 12:38:16 CET 2026
#@# Parcellation Stats rh Wed Mar 11 12:38:16 CET 2026
#@# Parcellation Stats 2 rh Wed Mar 11 12:38:35 CET 2026
#@# Parcellation Stats 3 rh Wed Mar 11 12:38:44 CET 2026
#@# BA_exvivo Labels rh Wed Mar 11 12:38:54 CET 2026
recon-all -s sub-v2s16x51235_ses-1 finished without error at Wed Mar 11 12:41:18 CET 2026
