status file for recon-all
Wed Mar 11 12:38:26 CET 2026
#@# Tessellate lh Wed Mar 11 12:38:26 CET 2026
#@# Smooth1 lh Wed Mar 11 12:38:30 CET 2026
#@# Inflation1 lh Wed Mar 11 12:38:31 CET 2026
#@# QSphere lh Wed Mar 11 12:38:39 CET 2026
#@# Fix Topology lh Wed Mar 11 12:39:21 CET 2026
#@# Smooth2 lh Wed Mar 11 12:43:37 CET 2026
#@# Inflation2 lh Wed Mar 11 12:43:39 CET 2026
#@# Curv .H and .K lh Wed Mar 11 12:43:47 CET 2026
#@# Sphere lh Wed Mar 11 12:44:19 CET 2026
#@# Surf Reg lh Wed Mar 11 12:46:38 CET 2026
#@# Jacobian white lh Wed Mar 11 12:49:00 CET 2026
#@# AvgCurv lh Wed Mar 11 12:49:00 CET 2026
#@# Cortical Parc lh Wed Mar 11 12:49:01 CET 2026
#@# white curv lh Wed Mar 11 12:53:21 CET 2026
#@# white area lh Wed Mar 11 12:53:23 CET 2026
#@# pial curv lh Wed Mar 11 12:53:23 CET 2026
#@# pial area lh Wed Mar 11 12:53:24 CET 2026
#@# thickness lh Wed Mar 11 12:53:25 CET 2026
#@# area and vertex vol lh Wed Mar 11 12:53:44 CET 2026
#@# Curvature Stats lh Wed Mar 11 12:53:45 CET 2026
#@# Cortical Parc 2 lh Wed Mar 11 12:53:47 CET 2026
#@# Cortical Parc 3 lh Wed Mar 11 12:53:57 CET 2026
#@# WM/GM Contrast lh Wed Mar 11 12:54:05 CET 2026
recon-all -s sub-v2s16x51292_ses-1 finished without error at Wed Mar 11 12:54:07 CET 2026



#New# invocation of recon-all 



status file for recon-all
Wed Mar 11 13:13:18 CET 2026
#@# white curv lh Wed Mar 11 13:13:18 CET 2026
#@# white area lh Wed Mar 11 13:13:18 CET 2026
#@# pial curv lh Wed Mar 11 13:13:18 CET 2026
#@# pial area lh Wed Mar 11 13:13:18 CET 2026
#@# thickness lh Wed Mar 11 13:13:18 CET 2026
#@# area and vertex vol lh Wed Mar 11 13:13:18 CET 2026
#@# Parcellation Stats lh Wed Mar 11 13:13:18 CET 2026
#@# Parcellation Stats 2 lh Wed Mar 11 13:13:28 CET 2026
#@# Parcellation Stats 3 lh Wed Mar 11 13:13:33 CET 2026
#@# BA_exvivo Labels lh Wed Mar 11 13:13:38 CET 2026
recon-all -s sub-v2s16x51292_ses-1 finished without error at Wed Mar 11 13:15:29 CET 2026
