status file for recon-all
Wed Mar 11 11:09:52 CET 2026
#@# MotionCor Wed Mar 11 11:09:54 CET 2026
#@# Talairach Wed Mar 11 11:10:01 CET 2026
#@# Talairach Failure Detection Wed Mar 11 11:14:24 CET 2026
#@# Nu Intensity Correction Wed Mar 11 11:14:24 CET 2026
#@# Intensity Normalization Wed Mar 11 11:17:37 CET 2026
recon-all -s sub-v2s16x51292_ses-1 finished without error at Wed Mar 11 11:19:03 CET 2026



#New# invocation of recon-all 



status file for recon-all
Wed Mar 11 11:25:07 CET 2026
#@# EM Registration Wed Mar 11 11:25:07 CET 2026
recon-all -s sub-v2s16x51292_ses-1 finished without error at Wed Mar 11 11:26:32 CET 2026



#New# invocation of recon-all 



status file for recon-all
Wed Mar 11 11:26:35 CET 2026
#@# CA Normalize Wed Mar 11 11:26:35 CET 2026
#@# CA Reg Wed Mar 11 11:27:57 CET 2026
#@# SubCort Seg Wed Mar 11 12:08:55 CET 2026
#@# CC Seg Wed Mar 11 12:32:43 CET 2026
#@# Merge ASeg Wed Mar 11 12:33:22 CET 2026
#@# Intensity Normalization2 Wed Mar 11 12:33:22 CET 2026
#@# Mask BFS Wed Mar 11 12:35:31 CET 2026
#@# WM Segmentation Wed Mar 11 12:35:32 CET 2026
#@# Fill Wed Mar 11 12:37:20 CET 2026
recon-all -s sub-v2s16x51292_ses-1 finished without error at Wed Mar 11 12:38:22 CET 2026



#New# invocation of recon-all 



status file for recon-all
Wed Mar 11 13:10:57 CET 2026
#@# white curv lh Wed Mar 11 13:10:57 CET 2026
#@# white area lh Wed Mar 11 13:10:57 CET 2026
#@# pial curv lh Wed Mar 11 13:10:57 CET 2026
#@# pial area lh Wed Mar 11 13:10:57 CET 2026
#@# thickness lh Wed Mar 11 13:10:57 CET 2026
#@# area and vertex vol lh Wed Mar 11 13:10:57 CET 2026
#@# white curv rh Wed Mar 11 13:10:57 CET 2026
#@# white area rh Wed Mar 11 13:10:57 CET 2026
#@# pial curv rh Wed Mar 11 13:10:57 CET 2026
#@# pial area rh Wed Mar 11 13:10:57 CET 2026
#@# thickness rh Wed Mar 11 13:10:57 CET 2026
#@# area and vertex vol rh Wed Mar 11 13:10:57 CET 2026
#@# Cortical ribbon mask Wed Mar 11 13:10:57 CET 2026
recon-all -s sub-v2s16x51292_ses-1 finished without error at Wed Mar 11 13:13:14 CET 2026



#New# invocation of recon-all 



status file for recon-all
Wed Mar 11 13:17:46 CET 2026
#@# white curv lh Wed Mar 11 13:17:46 CET 2026
#@# white area lh Wed Mar 11 13:17:46 CET 2026
#@# pial curv lh Wed Mar 11 13:17:46 CET 2026
#@# pial area lh Wed Mar 11 13:17:46 CET 2026
#@# thickness lh Wed Mar 11 13:17:46 CET 2026
#@# area and vertex vol lh Wed Mar 11 13:17:46 CET 2026
#@# white curv rh Wed Mar 11 13:17:46 CET 2026
#@# white area rh Wed Mar 11 13:17:46 CET 2026
#@# pial curv rh Wed Mar 11 13:17:46 CET 2026
#@# pial area rh Wed Mar 11 13:17:46 CET 2026
#@# thickness rh Wed Mar 11 13:17:46 CET 2026
#@# area and vertex vol rh Wed Mar 11 13:17:46 CET 2026
#@# Curvature Stats lh Wed Mar 11 13:17:46 CET 2026
#@# Curvature Stats rh Wed Mar 11 13:17:47 CET 2026
#@# Relabel Hypointensities Wed Mar 11 13:17:49 CET 2026
#@# APas-to-ASeg Wed Mar 11 13:18:02 CET 2026
#@# AParc-to-ASeg aparc Wed Mar 11 13:18:07 CET 2026
#@# AParc-to-ASeg aparc.a2009s Wed Mar 11 13:18:20 CET 2026
#@# AParc-to-ASeg aparc.DKTatlas Wed Mar 11 13:18:34 CET 2026
#@# WMParc Wed Mar 11 13:18:46 CET 2026
#@# ASeg Stats Wed Mar 11 13:22:23 CET 2026
recon-all -s sub-v2s16x51292_ses-1 finished without error at Wed Mar 11 13:22:55 CET 2026
