/out/sourcedata/freesurfer/sub-v2s16x51292_ses-1/mri
/opt/freesurfer/bin/talairach_avi
--i orig_nu.mgz --xfm transforms/talairach.auto.xfm
talairach_avi 7.3.2
Linux dna061 5.14.0-427.37.1.el9_4.x86_64 #1 SMP PREEMPT_DYNAMIC Fri Sep 13 12:41:50 EDT 2024 x86_64 x86_64 x86_64 GNU/Linux
Wed Mar 11 11:12:56 CET 2026
mri_convert orig_nu.mgz talsrcimg.img 
reading from orig_nu.mgz...
TR=0.00, TE=0.00, TI=0.00, flip angle=0.00
i_ras = (-1, 0, 0)
j_ras = (0, 0, -1)
k_ras = (0, 1, 0)
writing to talsrcimg.img...
Analyze Output Matrix
-1.00000   0.00000   0.00000   131.51767;
 0.00000   0.00000   1.00000  -128.64969;
 0.00000  -1.00000   0.00000   122.62542;
 0.00000   0.00000   0.00000   1.00000;
--------------------
INFO: set hdr.hist.orient to -1
mpr2mni305 talsrcimg
Wed Mar 11 11:12:56 CET 2026
/opt/freesurfer/bin/mpr2mni305 talsrcimg
mpr2mni305 7.3.2
target=711-2C_as_mni_average_305

---------------------------------------------------------------------
analyzeto4dfp talsrcimg -O0 -y
---------------------------------------------------------------------

freesurfer ifh2hdr.c
Wed Mar 11 11:12:56 2026
Writing: talsrcimg.4dfp.hdr
freesurfer analyzeto4dfp.c
Reading: talsrcimg.hdr
header size 348 bytes
hdr.dime.datatype	offset=70	value=2
hdr.dime.bitpix		offset=72	value=8
hdr.hist.orient		offset=252	value=-1
dimensionality     4
dimensions       256       256       256         1
Reading: talsrcimg.img
Writing: talsrcimg.4dfp.img
Writing: talsrcimg.4dfp.ifh
ifh2hdr talsrcimg -r0to199
ori=2

---------------------------------------------------------------------
gauss_4dfp talsrcimg 1.1
---------------------------------------------------------------------

freesurfer gauss_4dfp.c
Reading: talsrcimg.4dfp.img
Writing: talsrcimg_g11.4dfp.img
image dimensions 256 256 256 padded to 288 288 288
processing volume 1freesurfer ifh2hdr.c
Wed Mar 11 11:12:58 2026
Writing: talsrcimg_g11.4dfp.hdr

Writing: talsrcimg_g11.4dfp.ifh
including: talsrcimg.4dfp.img.rec in talsrcimg_g11.4dfp.img.rec

---------------------------------------------------------------------
imgreg_4dfp /opt/freesurfer/average/711-2C_as_mni_average_305 none talsrcimg_g11 none talsrcimg_to_711-2C_as_mni_average_305_t4 4355
---------------------------------------------------------------------

freesurfer imgreg_4dfp.c
/opt/freesurfer/average/711-2C_as_mni_average_305.4dfp.img
       256       256       256         1
  1.000000  1.000000  1.000000
orientation T byte_order littleendian
Reading image: /opt/freesurfer/average/711-2C_as_mni_average_305.4dfp.img
dimensions:      256       256       256
mmppix:       1.0000   -1.0000   -1.0000
center:     128.0000 -129.0000 -129.0000
talsrcimg_g11.4dfp.img
       256       256       256         1
  1.000000  1.000000  1.000000
orientation T byte_order littleendian
Reading image: talsrcimg_g11.4dfp.img
dimensions:      256       256       256
mmppix:       1.0000   -1.0000   -1.0000
center:     128.0000 -129.0000 -129.0000
t4_read: open error in t4_sub.f l:  41 t4_file(1:l)talsrcimg_to_711-2C_as_mni_average_305_t4 
t4_read: transform initialized to I4
rotation matrix determinant  1.000000
image alignment mode   4355 decimal     1103 hex
   -7.5000  -45.0000  -45.0000 6549.1138   14.8942
    0.0000  -45.0000  -45.0000 6870.4722   14.8943
    7.5000  -45.0000  -45.0000 6642.4844   14.8973
   -7.5000  -37.5000  -45.0000 7054.1450   14.3537
    0.0000  -37.5000  -45.0000 7398.5049   14.3570
    7.5000  -37.5000  -45.0000 7157.1133   14.3596
   -7.5000  -30.0000  -45.0000 7868.6621   13.9106
    0.0000  -30.0000  -45.0000 8245.0820   13.9151
    7.5000  -30.0000  -45.0000 7984.5034   13.9196
   -7.5000  -22.5000  -45.0000 8771.2646   13.5911
    0.0000  -22.5000  -45.0000 9188.6182   13.5924
    7.5000  -22.5000  -45.0000 8892.1973   13.5980
   -7.5000  -15.0000  -45.0000 9653.7529   13.3655
    0.0000  -15.0000  -45.000010122.2822   13.3629
    7.5000  -15.0000  -45.0000 9783.3789   13.3660
   -7.5000   -7.5000  -45.000010537.8633   13.2482
    0.0000   -7.5000  -45.000011072.3291   13.2436
    7.5000   -7.5000  -45.000010689.1279   13.2418
   -7.5000    0.0000  -45.000011384.6377   13.2132
    0.0000    0.0000  -45.000011971.2979   13.2090
    7.5000    0.0000  -45.000011552.9268   13.2048
   -7.5000    7.5000  -45.000011336.0371   13.2152
    0.0000    7.5000  -45.000011960.6182   13.2137
    7.5000    7.5000  -45.000011522.9229   13.2109
   -7.5000   15.0000  -45.000011156.7930   13.2111
    0.0000   15.0000  -45.000011788.4082   13.2113
    7.5000   15.0000  -45.000011360.7979   13.2127
   -7.5000   22.5000  -45.000010898.7461   13.2247
    0.0000   22.5000  -45.000011511.1748   13.2235
    7.5000   22.5000  -45.000011119.1191   13.2279
   -7.5000   30.0000  -45.000010556.1494   13.1174
    0.0000   30.0000  -45.000011147.6699   13.1139
    7.5000   30.0000  -45.000010772.2979   13.1166
   -7.5000   37.5000  -45.000010613.7568   13.2046
    0.0000   37.5000  -45.000011207.4980   13.1992
    7.5000   37.5000  -45.000010839.3389   13.1972
   -7.5000   45.0000  -45.000010338.0605   13.0146
    0.0000   45.0000  -45.000010921.1299   13.0097
    7.5000   45.0000  -45.000010548.7539   13.0041
   -7.5000  -45.0000  -37.5000 6997.4224   14.5186
    0.0000  -45.0000  -37.5000 7340.1353   14.5209
    7.5000  -45.0000  -37.5000 7081.5366   14.5314
   -7.5000  -37.5000  -37.5000 7517.6162   13.9935
    0.0000  -37.5000  -37.5000 7896.5557   13.9980
    7.5000  -37.5000  -37.5000 7615.6592   14.0063
   -7.5000  -30.0000  -37.5000 8393.2295   13.5627
    0.0000  -30.0000  -37.5000 8809.7539   13.5671
    7.5000  -30.0000  -37.5000 8500.0254   13.5752
   -7.5000  -22.5000  -37.5000 9360.4277   13.2502
    0.0000  -22.5000  -37.5000 9837.5400   13.2516
    7.5000  -22.5000  -37.5000 9476.8057   13.2604
   -7.5000  -15.0000  -37.500010292.6436   13.0287
    0.0000  -15.0000  -37.500010846.1758   13.0269
    7.5000  -15.0000  -37.500010435.1533   13.0346
   -7.5000   -7.5000  -37.500011244.0088   12.9145
    0.0000   -7.5000  -37.500011853.2080   12.9113
    7.5000   -7.5000  -37.500011384.9736   12.9155
   -7.5000    0.0000  -37.500012138.8457   12.8811
    0.0000    0.0000  -37.500012796.8594   12.8786
    7.5000    0.0000  -37.500012300.8867   12.8803
   -7.5000    7.5000  -37.500012091.3193   12.8836
    0.0000    7.5000  -37.500012762.5869   12.8831
    7.5000    7.5000  -37.500012270.8506   12.8850
   -7.5000   15.0000  -37.500011889.8320   12.8790
    0.0000   15.0000  -37.500012575.3545   12.8793
    7.5000   15.0000  -37.500012092.0801   12.8839
   -7.5000   22.5000  -37.500011598.3447   12.8904
    0.0000   22.5000  -37.500012261.4775   12.8894
    7.5000   22.5000  -37.500011806.4775   12.8969
   -7.5000   30.0000  -37.500011216.0850   12.7843
    0.0000   30.0000  -37.500011860.5176   12.7816
    7.5000   30.0000  -37.500011432.1992   12.7888
   -7.5000   37.5000  -37.500011242.9814   12.8704
    0.0000   37.5000  -37.500011899.7881   12.8665
    7.5000   37.5000  -37.500011482.6973   12.8707
   -7.5000   45.0000  -37.500010943.5469   12.6883
    0.0000   45.0000  -37.500011575.0293   12.6851
    7.5000   45.0000  -37.500011162.7988   12.6857
   -7.5000  -45.0000  -30.0000 7606.4380   14.8732
    0.0000  -45.0000  -30.0000 7979.9395   14.8789
    7.5000  -45.0000  -30.0000 7690.1582   14.8943
   -7.5000  -37.5000  -30.0000 8182.6787   14.3332
    0.0000  -37.5000  -30.0000 8593.9951   14.3405
    7.5000  -37.5000  -30.0000 8287.4326   14.3523
   -7.5000  -30.0000  -30.0000 9159.8057   13.8927
    0.0000  -30.0000  -30.0000 9618.8535   13.8993
    7.5000  -30.0000  -30.0000 9264.6963   13.9087
   -7.5000  -22.5000  -30.000010196.4688   13.5717
    0.0000  -22.5000  -30.000010724.0928   13.5751
    7.5000  -22.5000  -30.000010316.6230   13.5845
   -7.5000  -15.0000  -30.000011193.0752   13.3416
    0.0000  -15.0000  -30.000011788.1699   13.3421
    7.5000  -15.0000  -30.000011347.4424   13.3514
   -7.5000   -7.5000  -30.000012201.8496   13.2218
    0.0000   -7.5000  -30.000012871.2344   13.2211
    7.5000   -7.5000  -30.000012376.7012   13.2283
   -7.5000    0.0000  -30.000013173.9316   13.1855
    0.0000    0.0000  -30.000013896.9941   13.1855
    7.5000    0.0000  -30.000013356.1787   13.1909
   -7.5000    7.5000  -30.000013124.0400   13.1880
    0.0000    7.5000  -30.000013852.3359   13.1897
    7.5000    7.5000  -30.000013304.4961   13.1943
   -7.5000   15.0000  -30.000012903.2334   13.1849
    0.0000   15.0000  -30.000013644.2109   13.1868
    7.5000   15.0000  -30.000013109.5322   13.1925
   -7.5000   22.5000  -30.000012562.4033   13.1959
    0.0000   22.5000  -30.000013292.3643   13.1967
    7.5000   22.5000  -30.000012775.2852   13.2046
   -7.5000   30.0000  -30.000012131.7168   13.0887
    0.0000   30.0000  -30.000012835.5449   13.0884
    7.5000   30.0000  -30.000012347.3271   13.0971
   -7.5000   37.5000  -30.000012165.3027   13.1747
    0.0000   37.5000  -30.000012875.0029   13.1732
    7.5000   37.5000  -30.000012395.0342   13.1803
   -7.5000   45.0000  -30.000011812.7500   12.9962
    0.0000   45.0000  -30.000012501.5039   12.9955
    7.5000   45.0000  -30.000012022.7705   12.9997
   -7.5000  -45.0000  -22.5000 8220.0039   15.2041
    0.0000  -45.0000  -22.5000 8630.4258   15.2107
    7.5000  -45.0000  -22.5000 8308.6904   15.2230
   -7.5000  -37.5000  -22.5000 8877.0439   14.6490
    0.0000  -37.5000  -22.5000 9312.8721   14.6572
    7.5000  -37.5000  -22.5000 8972.3096   14.6664
   -7.5000  -30.0000  -22.5000 9926.8643   14.2003
    0.0000  -30.0000  -22.500010436.4463   14.2081
    7.5000  -30.0000  -22.500010038.7021   14.2146
   -7.5000  -22.5000  -22.500011021.8613   13.8736
    0.0000  -22.5000  -22.500011585.9648   13.8786
    7.5000  -22.5000  -22.500011142.6201   13.8843
   -7.5000  -15.0000  -22.500012106.7432   13.6360
    0.0000  -15.0000  -22.500012737.3291   13.6380
    7.5000  -15.0000  -22.500012257.3203   13.6431
   -7.5000   -7.5000  -22.500013195.1504   13.5083
    0.0000   -7.5000  -22.500013896.2432   13.5086
    7.5000   -7.5000  -22.500013361.8574   13.5119
   -7.5000    0.0000  -22.500014236.0791   13.4658
    0.0000    0.0000  -22.500015007.1514   13.4663
    7.5000    0.0000  -22.500014421.2920   13.4688
   -7.5000    7.5000  -22.500014164.1494   13.4671
    0.0000    7.5000  -22.500014950.1006   13.4692
    7.5000    7.5000  -22.500014347.6982   13.4715
   -7.5000   15.0000  -22.500013914.0518   13.4671
    0.0000   15.0000  -22.500014727.3652   13.4698
    7.5000   15.0000  -22.500014145.1680   13.4727
   -7.5000   22.5000  -22.500013537.9102   13.4815
    0.0000   22.5000  -22.500014356.5674   13.4836
    7.5000   22.5000  -22.500013773.6777   13.4880
   -7.5000   30.0000  -22.500013082.2012   13.3760
    0.0000   30.0000  -22.500013870.6709   13.3770
    7.5000   30.0000  -22.500013309.0615   13.3817
   -7.5000   37.5000  -22.500013108.1426   13.4592
    0.0000   37.5000  -22.500013903.5479   13.4587
    7.5000   37.5000  -22.500013343.3203   13.4618
   -7.5000   45.0000  -22.500012706.8994   13.2795
    0.0000   45.0000  -22.500013476.4570   13.2793
    7.5000   45.0000  -22.500012925.9814   13.2805
   -7.5000  -45.0000  -15.0000 8819.4590   15.4325
    0.0000  -45.0000  -15.0000 9260.3242   15.4370
    7.5000  -45.0000  -15.0000 8923.6514   15.4417
   -7.5000  -37.5000  -15.0000 9542.8545   14.8662
    0.0000  -37.5000  -15.000010025.2949   14.8729
    7.5000  -37.5000  -15.0000 9660.9141   14.8766
   -7.5000  -30.0000  -15.000010668.8320   14.4102
    0.0000  -30.0000  -15.000011234.2178   14.4176
    7.5000  -30.0000  -15.000010803.9863   14.4204
   -7.5000  -22.5000  -15.000011832.1084   14.0789
    0.0000  -22.5000  -15.000012462.6484   14.0836
    7.5000  -22.5000  -15.000011978.1201   14.0853
   -7.5000  -15.0000  -15.000013006.9160   13.8359
    0.0000  -15.0000  -15.000013689.3818   13.8372
    7.5000  -15.0000  -15.000013167.0947   13.8367
   -7.5000   -7.5000  -15.000014167.1553   13.7022
    0.0000   -7.5000  -15.000014900.0322   13.7013
    7.5000   -7.5000  -15.000014352.6865   13.6980
   -7.5000    0.0000  -15.000015280.8408   13.6556
    0.0000    0.0000  -15.000016073.7432   13.6543
    7.5000    0.0000  -15.000015471.8066   13.6506
   -7.5000    7.5000  -15.000015183.5986   13.6557
    0.0000    7.5000  -15.000016013.8076   13.6564
    7.5000    7.5000  -15.000015395.9355   13.6539
   -7.5000   15.0000  -15.000014891.6553   13.6570
    0.0000   15.0000  -15.000015792.9590   13.6592
    7.5000   15.0000  -15.000015176.8740   13.6586
   -7.5000   22.5000  -15.000014511.8193   13.6741
    0.0000   22.5000  -15.000015391.7168   13.6757
    7.5000   22.5000  -15.000014743.7324   13.6763
   -7.5000   30.0000  -15.000014055.5889   13.5710
    0.0000   30.0000  -15.000014889.6514   13.5712
    7.5000   30.0000  -15.000014262.7881   13.5704
   -7.5000   37.5000  -15.000014080.3848   13.6520
    0.0000   37.5000  -15.000014939.0400   13.6502
    7.5000   37.5000  -15.000014295.6611   13.6466
   -7.5000   45.0000  -15.000013605.5850   13.4713
    0.0000   45.0000  -15.000014431.4785   13.4693
    7.5000   45.0000  -15.000013809.3203   13.4641
   -7.5000  -45.0000   -7.5000 9479.3438   15.6700
    0.0000  -45.0000   -7.5000 9958.9229   15.6713
    7.5000  -45.0000   -7.5000 9588.6699   15.6718
   -7.5000  -37.5000   -7.500010263.1035   15.0964
    0.0000  -37.5000   -7.500010795.8789   15.1007
    7.5000  -37.5000   -7.500010401.9414   15.1013
   -7.5000  -30.0000   -7.500011480.9385   14.6317
    0.0000  -30.0000   -7.500012076.8555   14.6373
    7.5000  -30.0000   -7.500011645.5107   14.6390
   -7.5000  -22.5000   -7.500012745.5352   14.2938
    0.0000  -22.5000   -7.500013390.6543   14.2963
    7.5000  -22.5000   -7.500012897.6445   14.2982
   -7.5000  -15.0000   -7.500014003.8164   14.0477
    0.0000  -15.0000   -7.500014679.3828   14.0464
    7.5000  -15.0000   -7.500014156.7012   14.0450
   -7.5000   -7.5000   -7.500015229.4736   13.9139
    0.0000   -7.5000   -7.500015972.4336   13.9102
    7.5000   -7.5000   -7.500015403.4482   13.9043
   -7.5000    0.0000   -7.500016393.3867   13.8691
    0.0000    0.0000   -7.500017211.2109   13.8651
    7.5000    0.0000   -7.500016596.0879   13.8580
   -7.5000    7.5000   -7.500016262.4697   13.8698
    0.0000    7.5000   -7.500017168.8008   13.8685
    7.5000    7.5000   -7.500016537.1309   13.8632
   -7.5000   15.0000   -7.500015943.0840   13.8692
    0.0000   15.0000   -7.500016914.2812   13.8698
    7.5000   15.0000   -7.500016232.3105   13.8683
   -7.5000   22.5000   -7.500015539.9404   13.8832
    0.0000   22.5000   -7.500016420.8613   13.8828
    7.5000   22.5000   -7.500015722.7715   13.8835
   -7.5000   30.0000   -7.500015053.0225   13.7796
    0.0000   30.0000   -7.500015895.1514   13.7771
    7.5000   30.0000   -7.500015210.8438   13.7755
   -7.5000   37.5000   -7.500015068.8037   13.8635
    0.0000   37.5000   -7.500015951.7109   13.8589
    7.5000   37.5000   -7.500015258.3896   13.8527
   -7.5000   45.0000   -7.500014512.6396   13.6855
    0.0000   45.0000   -7.500015367.6729   13.6808
    7.5000   45.0000   -7.500014710.2900   13.6723
   -7.5000  -45.0000    0.000010090.6045   15.7080
    0.0000  -45.0000    0.000010604.5264   15.7081
    7.5000  -45.0000    0.000010214.2402   15.7117
   -7.5000  -37.5000    0.000010924.5742   15.1350
    0.0000  -37.5000    0.000011511.2168   15.1381
    7.5000  -37.5000    0.000011071.4688   15.1411
   -7.5000  -30.0000    0.000012251.0293   14.6662
    0.0000  -30.0000    0.000012880.4912   14.6704
    7.5000  -30.0000    0.000012414.3555   14.6748
   -7.5000  -22.5000    0.000013619.0820   14.3237
    0.0000  -22.5000    0.000014268.1924   14.3245
    7.5000  -22.5000    0.000013785.6377   14.3296
   -7.5000  -15.0000    0.000014938.9863   14.0762
    0.0000  -15.0000    0.000015623.2393   14.0730
    7.5000  -15.0000    0.000015108.9580   14.0755
   -7.5000   -7.5000    0.000016215.7432   13.9449
    0.0000   -7.5000    0.000016930.3164   13.9396
    7.5000   -7.5000    0.000016393.1602   13.9373
   -7.5000    0.0000    0.000017461.6289   13.9039
    0.0000    0.0000    0.000018306.9238   13.8989
    7.5000    0.0000    0.000017714.8848   13.8944
   -7.5000    7.5000    0.000017320.3359   13.9061
    0.0000    7.5000    0.000018302.9629   13.9038
    7.5000    7.5000    0.000017637.7871   13.9005
   -7.5000   15.0000    0.000016996.8008   13.9028
    0.0000   15.0000    0.000017946.7520   13.9022
    7.5000   15.0000    0.000017207.2129   13.9030
   -7.5000   22.5000    0.000016544.2578   13.9131
    0.0000   22.5000    0.000017339.2715   13.9111
    7.5000   22.5000    0.000016628.7051   13.9150
   -7.5000   30.0000    0.000015992.6055   13.8082
    0.0000   30.0000    0.000016786.8105   13.8040
    7.5000   30.0000    0.000016113.5195   13.8061
   -7.5000   37.5000    0.000016017.5752   13.8948
    0.0000   37.5000    0.000016851.3906   13.8886
    7.5000   37.5000    0.000016173.9600   13.8862
   -7.5000   45.0000    0.000015362.4531   13.7212
    0.0000   45.0000    0.000016183.1865   13.7155
    7.5000   45.0000    0.000015536.7344   13.7097
   -7.5000  -45.0000    7.5000 9911.4746   15.6471
    0.0000  -45.0000    7.500010414.5596   15.6498
    7.5000  -45.0000    7.500010023.4697   15.6614
   -7.5000  -37.5000    7.500010725.2734   15.0769
    0.0000  -37.5000    7.500011293.5859   15.0819
    7.5000  -37.5000    7.500010876.8545   15.0909
   -7.5000  -30.0000    7.500012018.8418   14.6085
    0.0000  -30.0000    7.500012644.5273   14.6134
    7.5000  -30.0000    7.500012197.3750   14.6219
   -7.5000  -22.5000    7.500013358.7627   14.2646
    0.0000  -22.5000    7.500013996.5283   14.2661
    7.5000  -22.5000    7.500013542.0977   14.2750
   -7.5000  -15.0000    7.500014654.5059   14.0165
    0.0000  -15.0000    7.500015319.1025   14.0145
    7.5000  -15.0000    7.500014836.5283   14.0222
   -7.5000   -7.5000    7.500015936.7881   13.8866
    0.0000   -7.5000    7.500016672.4512   13.8831
    7.5000   -7.5000    7.500016163.6836   13.8872
   -7.5000    0.0000    7.500017199.3906   13.8474
    0.0000    0.0000    7.500018087.2832   13.8446
    7.5000    0.0000    7.500017513.6641   13.8462
   -7.5000    7.5000    7.500017127.9434   13.8503
    0.0000    7.5000    7.500018013.2520   13.8496
    7.5000    7.5000    7.500017403.8496   13.8515
   -7.5000   15.0000    7.500016773.1406   13.8461
    0.0000   15.0000    7.500017463.5977   13.8462
    7.5000   15.0000    7.500016820.2129   13.8508
   -7.5000   22.5000    7.500016295.2197   13.8543
    0.0000   22.5000    7.500016871.2461   13.8530
    7.5000   22.5000    7.500016255.1104   13.8604
   -7.5000   30.0000    7.500015751.2383   13.7486
    0.0000   30.0000    7.500016392.5039   13.7455
    7.5000   30.0000    7.500015802.9482   13.7527
   -7.5000   37.5000    7.500015779.2139   13.8355
    0.0000   37.5000    7.500016465.4961   13.8312
    7.5000   37.5000    7.500015870.3232   13.8353
   -7.5000   45.0000    7.500015111.7783   13.6644
    0.0000   45.0000    7.500015791.8398   13.6609
    7.5000   45.0000    7.500015204.1045   13.6615
   -7.5000  -45.0000   15.0000 9575.5088   15.5902
    0.0000  -45.0000   15.000010078.4961   15.5964
    7.5000  -45.0000   15.0000 9684.8975   15.6130
   -7.5000  -37.5000   15.000010382.1191   15.0212
    0.0000  -37.5000   15.000010925.2432   15.0291
    7.5000  -37.5000   15.000010514.7080   15.0416
   -7.5000  -30.0000   15.000011642.6445   14.5556
    0.0000  -30.0000   15.000012237.3516   14.5626
    7.5000  -30.0000   15.000011814.5254   14.5726
   -7.5000  -22.5000   15.000012935.0283   14.2133
    0.0000  -22.5000   15.000013550.8682   14.2171
    7.5000  -22.5000   15.000013120.6699   14.2267
   -7.5000  -15.0000   15.000014162.2100   13.9651
    0.0000  -15.0000   15.000014842.4854   13.9658
    7.5000  -15.0000   15.000014379.2373   13.9752
   -7.5000   -7.5000   15.000015367.2910   13.8344
    0.0000   -7.5000   15.000016122.1445   13.8338
    7.5000   -7.5000   15.000015643.0576   13.8411
   -7.5000    0.0000   15.000016540.4062   13.7939
    0.0000    0.0000   15.000017393.0137   13.7939
    7.5000    0.0000   15.000016933.9355   13.7995
   -7.5000    7.5000   15.000016468.5645   13.7966
    0.0000    7.5000   15.000017221.8262   13.7983
    7.5000    7.5000   15.000016766.4668   13.8031
   -7.5000   15.0000   15.000016198.7969   13.7939
    0.0000   15.0000   15.000016669.7930   13.7959
    7.5000   15.0000   15.000016171.6240   13.8016
   -7.5000   22.5000   15.000015728.5293   13.8028
    0.0000   22.5000   15.000016125.5068   13.8036
    7.5000   22.5000   15.000015636.0098   13.8116
   -7.5000   30.0000   15.000015235.3486   13.6969
    0.0000   30.0000   15.000015719.9541   13.6966
    7.5000   30.0000   15.000015240.7637   13.7055
   -7.5000   37.5000   15.000015296.3643   13.7825
    0.0000   37.5000   15.000015845.8447   13.7811
    7.5000   37.5000   15.000015348.0557   13.7883
   -7.5000   45.0000   15.000014647.2529   13.6107
    0.0000   45.0000   15.000015228.8643   13.6099
    7.5000   45.0000   15.000014699.2920   13.6143
   -7.5000  -45.0000   22.5000 9203.3838   15.7749
    0.0000  -45.0000   22.5000 9689.1221   15.7818
    7.5000  -45.0000   22.5000 9318.0273   15.7948
   -7.5000  -37.5000   22.5000 9951.5850   15.1986
    0.0000  -37.5000   22.500010494.5752   15.2073
    7.5000  -37.5000   22.500010090.4727   15.2171
   -7.5000  -30.0000   22.500011145.4717   14.7328
    0.0000  -30.0000   22.500011772.0732   14.7410
    7.5000  -30.0000   22.500011319.0439   14.7480
   -7.5000  -22.5000   22.500012378.5020   14.3933
    0.0000  -22.5000   22.500013058.1064   14.3986
    7.5000  -22.5000   22.500012580.5918   14.4047
   -7.5000  -15.0000   22.500013564.7832   14.1462
    0.0000  -15.0000   22.500014308.1592   14.1484
    7.5000  -15.0000   22.500013801.3662   14.1539
   -7.5000   -7.5000   22.500014733.7217   14.0135
    0.0000   -7.5000   22.500015502.5283   14.0139
    7.5000   -7.5000   22.500015008.9277   14.0175
   -7.5000    0.0000   22.500015822.0771   13.9696
    0.0000    0.0000   22.500016620.5215   13.9702
    7.5000    0.0000   22.500016193.1338   13.9729
   -7.5000    7.5000   22.500015735.6611   13.9710
    0.0000    7.5000   22.500016480.0605   13.9732
    7.5000    7.5000   22.500016067.0312   13.9759
   -7.5000   15.0000   22.500015514.1357   13.9709
    0.0000   15.0000   22.500016127.8242   13.9739
    7.5000   15.0000   22.500015654.0918   13.9771
   -7.5000   22.5000   22.500015143.3975   13.9836
    0.0000   22.5000   22.500015653.5449   13.9859
    7.5000   22.5000   22.500015150.4619   13.9907
   -7.5000   30.0000   22.500014696.1523   13.8781
    0.0000   30.0000   22.500015213.9795   13.8792
    7.5000   30.0000   22.500014689.8320   13.8843
   -7.5000   37.5000   22.500014783.9609   13.9643
    0.0000   37.5000   22.500015354.0537   13.9639
    7.5000   37.5000   22.500014772.9619   13.9673
   -7.5000   45.0000   22.500014130.6631   13.7878
    0.0000   45.0000   22.500014722.4072   13.7876
    7.5000   45.0000   22.500014129.5693   13.7890
   -7.5000  -45.0000   30.0000 8737.3809   16.0078
    0.0000  -45.0000   30.0000 9180.1328   16.0125
    7.5000  -45.0000   30.0000 8843.0850   16.0174
   -7.5000  -37.5000   30.0000 9455.9268   15.4223
    0.0000  -37.5000   30.0000 9952.8770   15.4293
    7.5000  -37.5000   30.0000 9586.2607   15.4333
   -7.5000  -30.0000   30.000010596.5957   14.9526
    0.0000  -30.0000   30.000011173.5518   14.9603
    7.5000  -30.0000   30.000010767.1250   14.9634
   -7.5000  -22.5000   30.000011753.4463   14.6140
    0.0000  -22.5000   30.000012402.8037   14.6189
    7.5000  -22.5000   30.000011957.3242   14.6212
   -7.5000  -15.0000   30.000012869.8721   14.3681
    0.0000  -15.0000   30.000013599.6455   14.3696
    7.5000  -15.0000   30.000013096.6035   14.3694
   -7.5000   -7.5000   30.000013945.7373   14.2339
    0.0000   -7.5000   30.000014729.7285   14.2330
    7.5000   -7.5000   30.000014212.1064   14.2299
   -7.5000    0.0000   30.000014948.6084   14.1876
    0.0000    0.0000   30.000015804.2842   14.1864
    7.5000    0.0000   30.000015269.4834   14.1829
   -7.5000    7.5000   30.000014853.4160   14.1877
    0.0000    7.5000   30.000015729.8682   14.1886
    7.5000    7.5000   30.000015163.7021   14.1863
   -7.5000   15.0000   30.000014651.9414   14.1886
    0.0000   15.0000   30.000015514.4414   14.1912
    7.5000   15.0000   30.000014895.7197   14.1909
   -7.5000   22.5000   30.000014323.2783   14.2047
    0.0000   22.5000   30.000015108.3486   14.2066
    7.5000   22.5000   30.000014501.1465   14.2076
   -7.5000   30.0000   30.000013915.0801   14.0999
    0.0000   30.0000   30.000014637.0166   14.1002
    7.5000   30.0000   30.000014063.5342   14.0998
   -7.5000   37.5000   30.000013966.5508   14.1881
    0.0000   37.5000   30.000014656.7363   14.1864
    7.5000   37.5000   30.000014086.1465   14.1828
   -7.5000   45.0000   30.000013307.7432   14.0062
    0.0000   45.0000   30.000013940.6982   14.0044
    7.5000   45.0000   30.000013398.4189   13.9993
   -7.5000  -45.0000   37.5000 8584.1855   16.2862
    0.0000  -45.0000   37.5000 9004.2324   16.2873
    7.5000  -45.0000   37.5000 8676.9883   16.2873
   -7.5000  -37.5000   37.5000 9282.7646   15.6909
    0.0000  -37.5000   37.5000 9764.6895   15.6952
    7.5000  -37.5000   37.5000 9389.7686   15.6956
   -7.5000  -30.0000   37.500010356.6553   15.2109
    0.0000  -30.0000   37.500010934.1387   15.2166
    7.5000  -30.0000   37.500010503.7246   15.2184
   -7.5000  -22.5000   37.500011457.7285   14.8659
    0.0000  -22.5000   37.500012112.0771   14.8684
    7.5000  -22.5000   37.500011628.0234   14.8706
   -7.5000  -15.0000   37.500012542.8438   14.6183
    0.0000  -15.0000   37.500013269.3594   14.6168
    7.5000  -15.0000   37.500012743.6172   14.6157
   -7.5000   -7.5000   37.500013598.8379   14.4852
    0.0000   -7.5000   37.500014380.0664   14.4814
    7.5000   -7.5000   37.500013838.5469   14.4754
   -7.5000    0.0000   37.500014590.8389   14.4417
    0.0000    0.0000   37.500015418.9775   14.4376
    7.5000    0.0000   37.500014866.3662   14.4303
   -7.5000    7.5000   37.500014509.3848   14.4425
    0.0000    7.5000   37.500015306.0605   14.4412
    7.5000    7.5000   37.500014780.3086   14.4358
   -7.5000   15.0000   37.500014291.5830   14.4414
    0.0000   15.0000   37.500015054.0410   14.4421
    7.5000   15.0000   37.500014538.5078   14.4407
   -7.5000   22.5000   37.500013942.5488   14.4556
    0.0000   22.5000   37.500014649.5996   14.4553
    7.5000   22.5000   37.500014158.1875   14.4563
   -7.5000   30.0000   37.500013510.7822   14.3494
    0.0000   30.0000   37.500014158.2334   14.3468
    7.5000   30.0000   37.500013695.5791   14.3454
   -7.5000   37.5000   37.500013534.8779   14.4430
    0.0000   37.5000   37.500014184.4844   14.4382
    7.5000   37.5000   37.500013709.6592   14.4319
   -7.5000   45.0000   37.500012893.9639   14.2600
    0.0000   45.0000   37.500013511.1543   14.2553
    7.5000   45.0000   37.500013038.9277   14.2464
   -7.5000  -45.0000   45.0000 8033.1431   16.4849
    0.0000  -45.0000   45.0000 8409.8018   16.4847
    7.5000  -45.0000   45.0000 8116.9004   16.4881
   -7.5000  -37.5000   45.0000 8675.8994   15.8844
    0.0000  -37.5000   45.0000 9113.2734   15.8874
    7.5000  -37.5000   45.0000 8779.3691   15.8904
   -7.5000  -30.0000   45.0000 9679.6953   15.3946
    0.0000  -30.0000   45.000010188.4219   15.3989
    7.5000  -30.0000   45.0000 9799.4844   15.4039
   -7.5000  -22.5000   45.000010703.7207   15.0415
    0.0000  -22.5000   45.000011260.3516   15.0423
    7.5000  -22.5000   45.000010835.6719   15.0485
   -7.5000  -15.0000   45.000011687.8750   14.7916
    0.0000  -15.0000   45.000012313.7305   14.7882
    7.5000  -15.0000   45.000011868.3799   14.7917
   -7.5000   -7.5000   45.000012662.2891   14.6615
    0.0000   -7.5000   45.000013336.8184   14.6558
    7.5000   -7.5000   45.000012866.1885   14.6540
   -7.5000    0.0000   45.000013565.2480   14.6225
    0.0000    0.0000   45.000014282.3369   14.6173
    7.5000    0.0000   45.000013788.2393   14.6128
   -7.5000    7.5000   45.000013450.7617   14.6248
    0.0000    7.5000   45.000014142.1875   14.6226
    7.5000    7.5000   45.000013668.0889   14.6195
   -7.5000   15.0000   45.000013218.4258   14.6204
    0.0000   15.0000   45.000013869.3828   14.6200
    7.5000   15.0000   45.000013415.4619   14.6215
   -7.5000   22.5000   45.000012893.0605   14.6308
    0.0000   22.5000   45.000013506.9238   14.6289
    7.5000   22.5000   45.000013068.7568   14.6337
   -7.5000   30.0000   45.000012510.2451   14.5215
    0.0000   30.0000   45.000013089.8896   14.5171
    7.5000   30.0000   45.000012664.6172   14.5201
   -7.5000   37.5000   45.000012550.0801   14.6215
    0.0000   37.5000   45.000013128.0703   14.6150
    7.5000   37.5000   45.000012692.6064   14.6129
   -7.5000   45.0000   45.000011952.0205   14.4474
    0.0000   45.0000   45.000012517.1074   14.4416
    7.5000   45.0000   45.000012078.8086   14.4357

---------------------------------------------------------------------
imgreg_4dfp /opt/freesurfer/average/711-2C_as_mni_average_305 /opt/freesurfer/average/711-2B_as_mni_average_305_mask talsrcimg_g11 none talsrcimg_to_711-2C_as_mni_average_305_t4 4355
---------------------------------------------------------------------

freesurfer imgreg_4dfp.c
/opt/freesurfer/average/711-2C_as_mni_average_305.4dfp.img
       256       256       256         1
  1.000000  1.000000  1.000000
orientation T byte_order littleendian
Reading image: /opt/freesurfer/average/711-2C_as_mni_average_305.4dfp.img
dimensions:      256       256       256
mmppix:       1.0000   -1.0000   -1.0000
center:     128.0000 -129.0000 -129.0000
/opt/freesurfer/average/711-2B_as_mni_average_305_mask.4dfp.img
       256       256       256         1
  1.000000  1.000000  1.000000
orientation T byte_order littleendian
Reading mask: /opt/freesurfer/average/711-2B_as_mni_average_305_mask.4dfp.img (2306576 pixels)
talsrcimg_g11.4dfp.img
       256       256       256         1
  1.000000  1.000000  1.000000
orientation T byte_order littleendian
Reading image: talsrcimg_g11.4dfp.img
dimensions:      256       256       256
mmppix:       1.0000   -1.0000   -1.0000
center:     128.0000 -129.0000 -129.0000
rotation matrix determinant  1.000000
image alignment mode   4355 decimal     1103 hex
   -7.5000  -45.0000  -45.0000 1975.2938   31.0501
    0.0000  -45.0000  -45.0000 1982.4919   30.6896
    7.5000  -45.0000  -45.0000 1976.3529   30.4529
   -7.5000  -37.5000  -45.0000 2039.9294   27.8281
    0.0000  -37.5000  -45.0000 2045.4890   27.4792
    7.5000  -37.5000  -45.0000 2040.3093   27.2726
   -7.5000  -30.0000  -45.0000 2104.6790   25.1017
    0.0000  -30.0000  -45.0000 2105.1255   24.7756
    7.5000  -30.0000  -45.0000 2104.2886   24.5664
   -7.5000  -22.5000  -45.0000 2178.6055   22.9318
    0.0000  -22.5000  -45.0000 2178.8042   22.6867
    7.5000  -22.5000  -45.0000 2179.0579   22.5185
   -7.5000  -15.0000  -45.0000 2243.8760   21.3422
    0.0000  -15.0000  -45.0000 2246.5242   21.1316
    7.5000  -15.0000  -45.0000 2249.4985   21.0007
   -7.5000   -7.5000  -45.0000 2301.1611   20.1255
    0.0000   -7.5000  -45.0000 2310.3455   19.9339
    7.5000   -7.5000  -45.0000 2310.0867   19.8226
   -7.5000    0.0000  -45.0000 2343.1116   19.2564
    0.0000    0.0000  -45.0000 2346.8176   19.0636
    7.5000    0.0000  -45.0000 2349.4570   18.9612
   -7.5000    7.5000  -45.0000 2369.4585   18.5648
    0.0000    7.5000  -45.0000 2380.0525   18.3469
    7.5000    7.5000  -45.0000 2377.7688   18.2675
   -7.5000   15.0000  -45.0000 2377.4531   18.0504
    0.0000   15.0000  -45.0000 2388.7292   17.8000
    7.5000   15.0000  -45.0000 2387.4443   17.7412
   -7.5000   22.5000  -45.0000 2375.3765   17.7369
    0.0000   22.5000  -45.0000 2386.1726   17.4668
    7.5000   22.5000  -45.0000 2384.8567   17.4260
   -7.5000   30.0000  -45.0000 2368.4092   17.7335
    0.0000   30.0000  -45.0000 2379.5229   17.4510
    7.5000   30.0000  -45.0000 2380.5127   17.4243
   -7.5000   37.5000  -45.0000 2359.2090   18.0810
    0.0000   37.5000  -45.0000 2369.2830   17.7743
    7.5000   37.5000  -45.0000 2374.5391   17.7313
   -7.5000   45.0000  -45.0000 2346.0574   18.6936
    0.0000   45.0000  -45.0000 2352.9873   18.3688
    7.5000   45.0000  -45.0000 2354.2549   18.3193
   -7.5000  -45.0000  -37.5000 2043.1140   28.6029
    0.0000  -45.0000  -37.5000 2056.6631   28.4169
    7.5000  -45.0000  -37.5000 2045.5961   28.1774
   -7.5000  -37.5000  -37.5000 2108.1516   25.5084
    0.0000  -37.5000  -37.5000 2116.9927   25.2872
    7.5000  -37.5000  -37.5000 2110.1018   25.1289
   -7.5000  -30.0000  -37.5000 2180.3296   23.0156
    0.0000  -30.0000  -37.5000 2185.2053   22.7872
    7.5000  -30.0000  -37.5000 2180.8315   22.5986
   -7.5000  -22.5000  -37.5000 2260.9502   21.0791
    0.0000  -22.5000  -37.5000 2270.9136   20.8960
    7.5000  -22.5000  -37.5000 2264.7012   20.7090
   -7.5000  -15.0000  -37.5000 2323.3311   19.5944
    0.0000  -15.0000  -37.5000 2340.5571   19.4941
    7.5000  -15.0000  -37.5000 2332.6616   19.3183
   -7.5000   -7.5000  -37.5000 2387.3806   18.4779
    0.0000   -7.5000  -37.5000 2404.1897   18.3984
    7.5000   -7.5000  -37.5000 2392.8408   18.2500
   -7.5000    0.0000  -37.5000 2431.1582   17.6518
    0.0000    0.0000  -37.5000 2445.7571   17.5579
    7.5000    0.0000  -37.5000 2438.8875   17.4289
   -7.5000    7.5000  -37.5000 2461.9197   16.9997
    0.0000    7.5000  -37.5000 2472.1497   16.8593
    7.5000    7.5000  -37.5000 2468.5605   16.7650
   -7.5000   15.0000  -37.5000 2470.0688   16.5641
    0.0000   15.0000  -37.5000 2482.2527   16.3643
    7.5000   15.0000  -37.5000 2480.3694   16.3067
   -7.5000   22.5000  -37.5000 2470.0784   16.3191
    0.0000   22.5000  -37.5000 2479.2249   16.1099
    7.5000   22.5000  -37.5000 2481.5024   16.0734
   -7.5000   30.0000  -37.5000 2458.2795   16.3169
    0.0000   30.0000  -37.5000 2470.6794   16.1029
    7.5000   30.0000  -37.5000 2471.9836   16.0793
   -7.5000   37.5000  -37.5000 2443.9006   16.5908
    0.0000   37.5000  -37.5000 2459.5366   16.3476
    7.5000   37.5000  -37.5000 2465.0183   16.3259
   -7.5000   45.0000  -37.5000 2430.0479   17.1151
    0.0000   45.0000  -37.5000 2443.2234   16.8421
    7.5000   45.0000  -37.5000 2445.7612   16.8004
   -7.5000  -45.0000  -30.0000 2139.8345   27.4202
    0.0000  -45.0000  -30.0000 2153.0886   27.2260
    7.5000  -45.0000  -30.0000 2148.2688   27.0278
   -7.5000  -37.5000  -30.0000 2214.0110   24.4505
    0.0000  -37.5000  -30.0000 2224.3743   24.2280
    7.5000  -37.5000  -30.0000 2224.6636   24.0650
   -7.5000  -30.0000  -30.0000 2295.1897   22.0466
    0.0000  -30.0000  -30.0000 2304.5081   21.8207
    7.5000  -30.0000  -30.0000 2305.3667   21.6865
   -7.5000  -22.5000  -30.0000 2374.9709   20.1419
    0.0000  -22.5000  -30.0000 2389.6440   19.9657
    7.5000  -22.5000  -30.0000 2389.8201   19.8534
   -7.5000  -15.0000  -30.0000 2440.4880   18.6964
    0.0000  -15.0000  -30.0000 2460.2358   18.5546
    7.5000  -15.0000  -30.0000 2457.2305   18.4646
   -7.5000   -7.5000  -30.0000 2506.2075   17.5979
    0.0000   -7.5000  -30.0000 2528.2141   17.4967
    7.5000   -7.5000  -30.0000 2522.2397   17.3939
   -7.5000    0.0000  -30.0000 2554.7659   16.7971
    0.0000    0.0000  -30.0000 2573.6025   16.7154
    7.5000    0.0000  -30.0000 2569.8018   16.6216
   -7.5000    7.5000  -30.0000 2585.6218   16.1670
    0.0000    7.5000  -30.0000 2602.5745   16.0497
    7.5000    7.5000  -30.0000 2599.9680   15.9579
   -7.5000   15.0000  -30.0000 2600.6743   15.7241
    0.0000   15.0000  -30.0000 2618.4932   15.5674
    7.5000   15.0000  -30.0000 2617.7371   15.4872
   -7.5000   22.5000  -30.0000 2606.6321   15.5212
    0.0000   22.5000  -30.0000 2620.8545   15.3556
    7.5000   22.5000  -30.0000 2623.4182   15.3201
   -7.5000   30.0000  -30.0000 2595.1970   15.5508
    0.0000   30.0000  -30.0000 2609.3606   15.3596
    7.5000   30.0000  -30.0000 2613.0391   15.3675
   -7.5000   37.5000  -30.0000 2586.3367   15.8265
    0.0000   37.5000  -30.0000 2602.6804   15.5999
    7.5000   37.5000  -30.0000 2609.1411   15.6008
   -7.5000   45.0000  -30.0000 2570.0740   16.3503
    0.0000   45.0000  -30.0000 2587.0320   16.0964
    7.5000   45.0000  -30.0000 2591.8711   16.0844
   -7.5000  -45.0000  -22.5000 2205.1631   26.1898
    0.0000  -45.0000  -22.5000 2218.4995   26.0070
    7.5000  -45.0000  -22.5000 2216.6672   25.7765
   -7.5000  -37.5000  -22.5000 2290.4067   23.2969
    0.0000  -37.5000  -22.5000 2302.6504   23.0832
    7.5000  -37.5000  -22.5000 2302.4041   22.9327
   -7.5000  -30.0000  -22.5000 2373.1777   20.9855
    0.0000  -30.0000  -22.5000 2387.7708   20.7487
    7.5000  -30.0000  -22.5000 2389.2839   20.6614
   -7.5000  -22.5000  -22.5000 2451.2058   19.1731
    0.0000  -22.5000  -22.5000 2466.6772   18.9613
    7.5000  -22.5000  -22.5000 2468.6860   18.9106
   -7.5000  -15.0000  -22.5000 2524.7393   17.7906
    0.0000  -15.0000  -22.5000 2543.1926   17.6363
    7.5000  -15.0000  -22.5000 2543.6909   17.5792
   -7.5000   -7.5000  -22.5000 2596.0195   16.7146
    0.0000   -7.5000  -22.5000 2615.5635   16.5644
    7.5000   -7.5000  -22.5000 2612.9556   16.4858
   -7.5000    0.0000  -22.5000 2647.8708   15.9156
    0.0000    0.0000  -22.5000 2668.0520   15.7843
    7.5000    0.0000  -22.5000 2665.1245   15.7069
   -7.5000    7.5000  -22.5000 2677.2898   15.2965
    0.0000    7.5000  -22.5000 2699.8364   15.1733
    7.5000    7.5000  -22.5000 2696.3521   15.1094
   -7.5000   15.0000  -22.5000 2698.7249   14.8795
    0.0000   15.0000  -22.5000 2721.3196   14.7340
    7.5000   15.0000  -22.5000 2720.7908   14.6752
   -7.5000   22.5000  -22.5000 2713.8120   14.7063
    0.0000   22.5000  -22.5000 2733.2764   14.5569
    7.5000   22.5000  -22.5000 2738.1243   14.5135
   -7.5000   30.0000  -22.5000 2710.5757   14.7780
    0.0000   30.0000  -22.5000 2729.0713   14.5873
    7.5000   30.0000  -22.5000 2736.7471   14.5890
   -7.5000   37.5000  -22.5000 2701.7498   15.0491
    0.0000   37.5000  -22.5000 2725.5381   14.8390
    7.5000   37.5000  -22.5000 2734.3413   14.8434
   -7.5000   45.0000  -22.5000 2679.9631   15.5647
    0.0000   45.0000  -22.5000 2707.3293   15.3420
    7.5000   45.0000  -22.5000 2712.0215   15.3436
   -7.5000  -45.0000  -15.0000 2242.6404   25.1479
    0.0000  -45.0000  -15.0000 2251.9446   24.8871
    7.5000  -45.0000  -15.0000 2248.7659   24.6791
   -7.5000  -37.5000  -15.0000 2330.1187   22.3542
    0.0000  -37.5000  -15.0000 2341.0212   22.0844
    7.5000  -37.5000  -15.0000 2343.0439   21.9933
   -7.5000  -30.0000  -15.0000 2413.2295   20.1506
    0.0000  -30.0000  -15.0000 2429.4136   19.8696
    7.5000  -30.0000  -15.0000 2432.1245   19.8162
   -7.5000  -22.5000  -15.0000 2492.9038   18.3578
    0.0000  -22.5000  -15.0000 2511.2451   18.1289
    7.5000  -22.5000  -15.0000 2510.6292   18.0765
   -7.5000  -15.0000  -15.0000 2573.6875   16.9889
    0.0000  -15.0000  -15.0000 2593.0334   16.7888
    7.5000  -15.0000  -15.0000 2592.8013   16.7257
   -7.5000   -7.5000  -15.0000 2648.9915   15.9155
    0.0000   -7.5000  -15.0000 2668.0557   15.7347
    7.5000   -7.5000  -15.0000 2671.6584   15.6726
   -7.5000    0.0000  -15.0000 2706.4172   15.1121
    0.0000    0.0000  -15.0000 2725.6753   14.9273
    7.5000    0.0000  -15.0000 2726.2820   14.8625
   -7.5000    7.5000  -15.0000 2742.0295   14.5235
    0.0000    7.5000  -15.0000 2764.6338   14.3450
    7.5000    7.5000  -15.0000 2761.8440   14.3061
   -7.5000   15.0000  -15.0000 2768.3337   14.1323
    0.0000   15.0000  -15.0000 2793.0618   13.9730
    7.5000   15.0000  -15.0000 2794.5642   13.9489
   -7.5000   22.5000  -15.0000 2788.7703   13.9703
    0.0000   22.5000  -15.0000 2814.5371   13.8118
    7.5000   22.5000  -15.0000 2817.7583   13.7708
   -7.5000   30.0000  -15.0000 2792.9556   14.0512
    0.0000   30.0000  -15.0000 2817.2031   13.8668
    7.5000   30.0000  -15.0000 2825.0723   13.8429
   -7.5000   37.5000  -15.0000 2786.0669   14.3384
    0.0000   37.5000  -15.0000 2814.5742   14.1393
    7.5000   37.5000  -15.0000 2819.1907   14.1346
   -7.5000   45.0000  -15.0000 2755.9541   14.8583
    0.0000   45.0000  -15.0000 2783.9316   14.6413
    7.5000   45.0000  -15.0000 2792.5471   14.6664
   -7.5000  -45.0000   -7.5000 2263.0012   24.2229
    0.0000  -45.0000   -7.5000 2274.9041   23.9422
    7.5000  -45.0000   -7.5000 2272.9885   23.7462
   -7.5000  -37.5000   -7.5000 2358.8174   21.5886
    0.0000  -37.5000   -7.5000 2373.7700   21.3113
    7.5000  -37.5000   -7.5000 2373.4116   21.2264
   -7.5000  -30.0000   -7.5000 2446.2622   19.4218
    0.0000  -30.0000   -7.5000 2460.9231   19.1236
    7.5000  -30.0000   -7.5000 2465.7717   19.0848
   -7.5000  -22.5000   -7.5000 2532.3459   17.6571
    0.0000  -22.5000   -7.5000 2545.1030   17.3505
    7.5000  -22.5000   -7.5000 2547.2480   17.3572
   -7.5000  -15.0000   -7.5000 2618.7224   16.2981
    0.0000  -15.0000   -7.5000 2627.7009   15.9855
    7.5000  -15.0000   -7.5000 2634.3159   15.9943
   -7.5000   -7.5000   -7.5000 2691.7866   15.2331
    0.0000   -7.5000   -7.5000 2707.7590   14.9625
    7.5000   -7.5000   -7.5000 2713.8062   14.9359
   -7.5000    0.0000   -7.5000 2750.1133   14.4042
    0.0000    0.0000   -7.5000 2772.5354   14.1835
    7.5000    0.0000   -7.5000 2772.2966   14.1356
   -7.5000    7.5000   -7.5000 2794.9949   13.8332
    0.0000    7.5000   -7.5000 2817.6492   13.6060
    7.5000    7.5000   -7.5000 2817.3564   13.5735
   -7.5000   15.0000   -7.5000 2827.7507   13.4566
    0.0000   15.0000   -7.5000 2853.7217   13.2917
    7.5000   15.0000   -7.5000 2855.2625   13.2574
   -7.5000   22.5000   -7.5000 2850.1963   13.2976
    0.0000   22.5000   -7.5000 2876.0439   13.1352
    7.5000   22.5000   -7.5000 2879.4199   13.0786
   -7.5000   30.0000   -7.5000 2856.9475   13.3876
    0.0000   30.0000   -7.5000 2880.9023   13.1894
    7.5000   30.0000   -7.5000 2886.0012   13.1493
   -7.5000   37.5000   -7.5000 2848.4648   13.6990
    0.0000   37.5000   -7.5000 2877.1018   13.4700
    7.5000   37.5000   -7.5000 2881.5886   13.4647
   -7.5000   45.0000   -7.5000 2813.5859   14.2561
    0.0000   45.0000   -7.5000 2840.2178   14.0073
    7.5000   45.0000   -7.5000 2849.9004   14.0374
   -7.5000  -45.0000    0.0000 2275.1675   23.4633
    0.0000  -45.0000    0.0000 2287.9988   23.1482
    7.5000  -45.0000    0.0000 2291.3357   23.1021
   -7.5000  -37.5000    0.0000 2377.1875   20.9425
    0.0000  -37.5000    0.0000 2395.9324   20.6357
    7.5000  -37.5000    0.0000 2392.5142   20.6355
   -7.5000  -30.0000    0.0000 2473.1274   18.7993
    0.0000  -30.0000    0.0000 2490.3201   18.5016
    7.5000  -30.0000    0.0000 2489.9102   18.5389
   -7.5000  -22.5000    0.0000 2568.9568   17.1109
    0.0000  -22.5000    0.0000 2576.4248   16.7631
    7.5000  -22.5000    0.0000 2582.7102   16.8409
   -7.5000  -15.0000    0.0000 2655.0066   15.7428
    0.0000  -15.0000    0.0000 2659.8125   15.3935
    7.5000  -15.0000    0.0000 2671.0427   15.4754
   -7.5000   -7.5000    0.0000 2723.8870   14.6915
    0.0000   -7.5000    0.0000 2733.2178   14.3583
    7.5000   -7.5000    0.0000 2744.6946   14.4023
   -7.5000    0.0000    0.0000 2784.9558   13.8867
    0.0000    0.0000    0.0000 2801.7935   13.5843
    7.5000    0.0000    0.0000 2807.4812   13.6038
   -7.5000    7.5000    0.0000 2836.8560   13.3043
    0.0000    7.5000    0.0000 2863.1021   13.0426
    7.5000    7.5000    0.0000 2863.0320   13.0350
   -7.5000   15.0000    0.0000 2878.4529   12.9230
    0.0000   15.0000    0.0000 2906.4426   12.6950
    7.5000   15.0000    0.0000 2905.9414   12.6723
   -7.5000   22.5000    0.0000 2904.3960   12.7692
    0.0000   22.5000    0.0000 2928.7065   12.5225
    7.5000   22.5000    0.0000 2929.4585   12.4895
   -7.5000   30.0000    0.0000 2908.7656   12.8973
    0.0000   30.0000    0.0000 2932.2180   12.6313
    7.5000   30.0000    0.0000 2938.9377   12.6254
   -7.5000   37.5000    0.0000 2899.2998   13.2108
    0.0000   37.5000    0.0000 2924.5093   12.9565
    7.5000   37.5000    0.0000 2930.1570   12.9612
   -7.5000   45.0000    0.0000 2858.5181   13.7829
    0.0000   45.0000    0.0000 2882.6616   13.5483
    7.5000   45.0000    0.0000 2890.3411   13.5642
   -7.5000  -45.0000    7.5000 2282.6204   22.8746
    0.0000  -45.0000    7.5000 2295.3862   22.6061
    7.5000  -45.0000    7.5000 2301.7412   22.6813
   -7.5000  -37.5000    7.5000 2388.4270   20.4216
    0.0000  -37.5000    7.5000 2411.8315   20.1133
    7.5000  -37.5000    7.5000 2412.2241   20.2091
   -7.5000  -30.0000    7.5000 2487.3213   18.3542
    0.0000  -30.0000    7.5000 2507.9648   18.0010
    7.5000  -30.0000    7.5000 2510.3267   18.1474
   -7.5000  -22.5000    7.5000 2587.0791   16.6843
    0.0000  -22.5000    7.5000 2597.1257   16.3014
    7.5000  -22.5000    7.5000 2606.0901   16.4605
   -7.5000  -15.0000    7.5000 2672.0051   15.3544
    0.0000  -15.0000    7.5000 2676.6616   14.9547
    7.5000  -15.0000    7.5000 2689.6047   15.0964
   -7.5000   -7.5000    7.5000 2746.9668   14.3242
    0.0000   -7.5000    7.5000 2756.5364   13.9192
    7.5000   -7.5000    7.5000 2772.1938   14.0461
   -7.5000    0.0000    7.5000 2815.5649   13.5315
    0.0000    0.0000    7.5000 2827.2834   13.1594
    7.5000    0.0000    7.5000 2840.4893   13.2529
   -7.5000    7.5000    7.5000 2876.2949   12.9847
    0.0000    7.5000    7.5000 2899.5183   12.6361
    7.5000    7.5000    7.5000 2904.1445   12.6770
   -7.5000   15.0000    7.5000 2920.9949   12.5560
    0.0000   15.0000    7.5000 2945.4993   12.1957
    7.5000   15.0000    7.5000 2942.5508   12.2262
   -7.5000   22.5000    7.5000 2944.3455   12.4268
    0.0000   22.5000    7.5000 2963.9966   11.9996
    7.5000   22.5000    7.5000 2962.1887   12.0506
   -7.5000   30.0000    7.5000 2949.9141   12.5785
    0.0000   30.0000    7.5000 2971.7878   12.2337
    7.5000   30.0000    7.5000 2977.5178   12.2579
   -7.5000   37.5000    7.5000 2935.5464   12.8976
    0.0000   37.5000    7.5000 2958.2961   12.6127
    7.5000   37.5000    7.5000 2963.5146   12.6313
   -7.5000   45.0000    7.5000 2890.1316   13.5171
    0.0000   45.0000    7.5000 2908.6882   13.2440
    7.5000   45.0000    7.5000 2918.0378   13.2630
   -7.5000  -45.0000   15.0000 2282.8689   22.4922
    0.0000  -45.0000   15.0000 2299.3745   22.2597
    7.5000  -45.0000   15.0000 2298.0518   22.3424
   -7.5000  -37.5000   15.0000 2394.2395   20.0906
    0.0000  -37.5000   15.0000 2414.6689   19.7955
    7.5000  -37.5000   15.0000 2413.1602   19.9176
   -7.5000  -30.0000   15.0000 2501.4287   18.1264
    0.0000  -30.0000   15.0000 2517.9038   17.7611
    7.5000  -30.0000   15.0000 2522.3994   17.9451
   -7.5000  -22.5000   15.0000 2602.1318   16.5149
    0.0000  -22.5000   15.0000 2612.6082   16.1031
    7.5000  -22.5000   15.0000 2620.3689   16.2922
   -7.5000  -15.0000   15.0000 2685.5608   15.1758
    0.0000  -15.0000   15.0000 2697.4739   14.7695
    7.5000  -15.0000   15.0000 2706.6558   14.9408
   -7.5000   -7.5000   15.0000 2761.4897   14.1265
    0.0000   -7.5000   15.0000 2775.3269   13.7270
    7.5000   -7.5000   15.0000 2788.9578   13.8905
   -7.5000    0.0000   15.0000 2827.4082   13.3124
    0.0000    0.0000   15.0000 2840.9126   12.9332
    7.5000    0.0000   15.0000 2859.5923   13.0673
   -7.5000    7.5000   15.0000 2887.4412   12.7468
    0.0000    7.5000   15.0000 2903.8711   12.3414
    7.5000    7.5000   15.0000 2918.1206   12.4704
   -7.5000   15.0000   15.0000 2932.1926   12.3888
    0.0000   15.0000   15.0000 2947.2954   11.8924
    7.5000   15.0000   15.0000 2957.9062   12.0069
   -7.5000   22.5000   15.0000 2957.2786   12.2470
    0.0000   22.5000   15.0000 2975.6189   11.7060
    7.5000   22.5000   15.0000 2980.8125   11.8116
   -7.5000   30.0000   15.0000 2965.1174   12.3887
    0.0000   30.0000   15.0000 2985.6345   11.9790
    7.5000   30.0000   15.0000 2993.7283   12.0522
   -7.5000   37.5000   15.0000 2946.4788   12.7865
    0.0000   37.5000   15.0000 2968.9285   12.4620
    7.5000   37.5000   15.0000 2979.2288   12.5093
   -7.5000   45.0000   15.0000 2896.4709   13.4581
    0.0000   45.0000   15.0000 2916.4980   13.1382
    7.5000   45.0000   15.0000 2924.7964   13.1825
   -7.5000  -45.0000   22.5000 2298.1006   22.5205
    0.0000  -45.0000   22.5000 2311.8691   22.2896
    7.5000  -45.0000   22.5000 2309.3337   22.2770
   -7.5000  -37.5000   22.5000 2406.8511   20.0946
    0.0000  -37.5000   22.5000 2421.0320   19.8607
    7.5000  -37.5000   22.5000 2418.3899   19.8909
   -7.5000  -30.0000   22.5000 2509.9060   18.1061
    0.0000  -30.0000   22.5000 2528.1953   17.8635
    7.5000  -30.0000   22.5000 2523.6211   17.9201
   -7.5000  -22.5000   22.5000 2609.9639   16.5273
    0.0000  -22.5000   22.5000 2629.9790   16.2471
    7.5000  -22.5000   22.5000 2625.5859   16.3118
   -7.5000  -15.0000   22.5000 2697.6235   15.2456
    0.0000  -15.0000   22.5000 2721.0183   14.9343
    7.5000  -15.0000   22.5000 2715.2034   15.0024
   -7.5000   -7.5000   22.5000 2776.9482   14.2270
    0.0000   -7.5000   22.5000 2794.1038   13.8850
    7.5000   -7.5000   22.5000 2796.9299   13.9538
   -7.5000    0.0000   22.5000 2840.8635   13.3933
    0.0000    0.0000   22.5000 2851.0408   13.0361
    7.5000    0.0000   22.5000 2865.2749   13.1170
   -7.5000    7.5000   22.5000 2898.4038   12.8125
    0.0000    7.5000   22.5000 2903.7095   12.3970
    7.5000    7.5000   22.5000 2921.8835   12.4894
   -7.5000   15.0000   22.5000 2935.8887   12.4563
    0.0000   15.0000   22.5000 2951.4231   12.0201
    7.5000   15.0000   22.5000 2964.8240   12.0782
   -7.5000   22.5000   22.5000 2957.0476   12.3548
    0.0000   22.5000   22.5000 2979.1384   11.9406
    7.5000   22.5000   22.5000 2984.3167   11.9572
   -7.5000   30.0000   22.5000 2960.9209   12.4982
    0.0000   30.0000   22.5000 2986.4985   12.1502
    7.5000   30.0000   22.5000 2991.0483   12.1267
   -7.5000   37.5000   22.5000 2938.4014   12.9092
    0.0000   37.5000   22.5000 2967.2134   12.6273
    7.5000   37.5000   22.5000 2970.3000   12.5683
   -7.5000   45.0000   22.5000 2887.7549   13.5601
    0.0000   45.0000   22.5000 2913.1077   13.2862
    7.5000   45.0000   22.5000 2913.9709   13.2397
   -7.5000  -45.0000   30.0000 2306.1343   22.6871
    0.0000  -45.0000   30.0000 2319.8899   22.4741
    7.5000  -45.0000   30.0000 2317.5715   22.4528
   -7.5000  -37.5000   30.0000 2412.1477   20.3105
    0.0000  -37.5000   30.0000 2427.0381   20.0872
    7.5000  -37.5000   30.0000 2424.0293   20.1209
   -7.5000  -30.0000   30.0000 2516.1250   18.3825
    0.0000  -30.0000   30.0000 2534.2805   18.1460
    7.5000  -30.0000   30.0000 2531.6528   18.1947
   -7.5000  -22.5000   30.0000 2615.7981   16.8205
    0.0000  -22.5000   30.0000 2636.6074   16.5617
    7.5000  -22.5000   30.0000 2630.9072   16.6113
   -7.5000  -15.0000   30.0000 2703.7896   15.5303
    0.0000  -15.0000   30.0000 2728.5950   15.2584
    7.5000  -15.0000   30.0000 2720.3091   15.2865
   -7.5000   -7.5000   30.0000 2779.6443   14.4782
    0.0000   -7.5000   30.0000 2799.5229   14.1982
    7.5000   -7.5000   30.0000 2799.3088   14.2091
   -7.5000    0.0000   30.0000 2837.9534   13.6482
    0.0000    0.0000   30.0000 2856.2437   13.3569
    7.5000    0.0000   30.0000 2860.2803   13.3531
   -7.5000    7.5000   30.0000 2891.2471   13.0994
    0.0000    7.5000   30.0000 2909.6836   12.7620
    7.5000    7.5000   30.0000 2914.1128   12.7411
   -7.5000   15.0000   30.0000 2924.4712   12.7691
    0.0000   15.0000   30.0000 2950.2395   12.4654
    7.5000   15.0000   30.0000 2949.6509   12.4432
   -7.5000   22.5000   30.0000 2941.7842   12.6955
    0.0000   22.5000   30.0000 2964.6357   12.4068
    7.5000   22.5000   30.0000 2963.4539   12.3786
   -7.5000   30.0000   30.0000 2935.0764   12.8193
    0.0000   30.0000   30.0000 2960.2578   12.5689
    7.5000   30.0000   30.0000 2963.1421   12.5251
   -7.5000   37.5000   30.0000 2908.2163   13.1921
    0.0000   37.5000   30.0000 2936.0610   12.9585
    7.5000   37.5000   30.0000 2937.2317   12.9249
   -7.5000   45.0000   30.0000 2856.3503   13.8216
    0.0000   45.0000   30.0000 2880.9749   13.5493
    7.5000   45.0000   30.0000 2881.5083   13.5216
   -7.5000  -45.0000   37.5000 2312.9453   22.9854
    0.0000  -45.0000   37.5000 2324.0632   22.7197
    7.5000  -45.0000   37.5000 2321.5183   22.7229
   -7.5000  -37.5000   37.5000 2414.3591   20.6517
    0.0000  -37.5000   37.5000 2430.5327   20.4237
    7.5000  -37.5000   37.5000 2426.2544   20.4188
   -7.5000  -30.0000   37.5000 2514.1174   18.7386
    0.0000  -30.0000   37.5000 2535.1123   18.5293
    7.5000  -30.0000   37.5000 2528.3843   18.5178
   -7.5000  -22.5000   37.5000 2609.2051   17.1790
    0.0000  -22.5000   37.5000 2633.1194   16.9643
    7.5000  -22.5000   37.5000 2621.2708   16.9628
   -7.5000  -15.0000   37.5000 2695.5063   15.9139
    0.0000  -15.0000   37.5000 2723.8713   15.6869
    7.5000  -15.0000   37.5000 2712.5989   15.6685
   -7.5000   -7.5000   37.5000 2768.3835   14.8875
    0.0000   -7.5000   37.5000 2793.1614   14.6371
    7.5000   -7.5000   37.5000 2789.7053   14.6329
   -7.5000    0.0000   37.5000 2824.5059   14.1086
    0.0000    0.0000   37.5000 2848.9512   13.8213
    7.5000    0.0000   37.5000 2847.7883   13.8200
   -7.5000    7.5000   37.5000 2873.1741   13.5704
    0.0000    7.5000   37.5000 2897.2996   13.2672
    7.5000    7.5000   37.5000 2898.5137   13.2748
   -7.5000   15.0000   37.5000 2899.9202   13.2536
    0.0000   15.0000   37.5000 2924.0862   12.9494
    7.5000   15.0000   37.5000 2923.1431   12.9775
   -7.5000   22.5000   37.5000 2906.9551   13.1602
    0.0000   22.5000   37.5000 2925.9309   12.8579
    7.5000   22.5000   37.5000 2929.1333   12.8853
   -7.5000   30.0000   37.5000 2892.1213   13.2575
    0.0000   30.0000   37.5000 2912.1653   12.9738
    7.5000   30.0000   37.5000 2921.1311   12.9754
   -7.5000   37.5000   37.5000 2860.3723   13.5845
    0.0000   37.5000   37.5000 2885.9155   13.3426
    7.5000   37.5000   37.5000 2892.9150   13.3282
   -7.5000   45.0000   37.5000 2811.4595   14.2136
    0.0000   45.0000   37.5000 2837.7012   13.9591
    7.5000   45.0000   37.5000 2842.5420   13.9373
   -7.5000  -45.0000   45.0000 2305.2209   23.4024
    0.0000  -45.0000   45.0000 2315.8220   23.1599
    7.5000  -45.0000   45.0000 2312.7578   23.1830
   -7.5000  -37.5000   45.0000 2410.4194   21.1255
    0.0000  -37.5000   45.0000 2426.7041   20.9296
    7.5000  -37.5000   45.0000 2418.1458   20.9217
   -7.5000  -30.0000   45.0000 2506.4131   19.2773
    0.0000  -30.0000   45.0000 2529.9316   19.0633
    7.5000  -30.0000   45.0000 2518.2219   19.0592
   -7.5000  -22.5000   45.0000 2595.7976   17.7124
    0.0000  -22.5000   45.0000 2618.8254   17.5070
    7.5000  -22.5000   45.0000 2606.4485   17.4922
   -7.5000  -15.0000   45.0000 2672.6826   16.4406
    0.0000  -15.0000   45.0000 2698.9124   16.2070
    7.5000  -15.0000   45.0000 2692.6401   16.2102
   -7.5000   -7.5000   45.0000 2739.7271   15.4403
    0.0000   -7.5000   45.0000 2768.1333   15.1781
    7.5000   -7.5000   45.0000 2762.6113   15.1888
   -7.5000    0.0000   45.0000 2791.8762   14.6646
    0.0000    0.0000   45.0000 2819.2554   14.3883
    7.5000    0.0000   45.0000 2815.7192   14.4000
   -7.5000    7.5000   45.0000 2831.9314   14.1178
    0.0000    7.5000   45.0000 2859.2356   13.8399
    7.5000    7.5000   45.0000 2857.6865   13.8573
   -7.5000   15.0000   45.0000 2854.2625   13.7846
    0.0000   15.0000   45.0000 2877.5999   13.4942
    7.5000   15.0000   45.0000 2876.8044   13.5278
   -7.5000   22.5000   45.0000 2857.7681   13.6746
    0.0000   22.5000   45.0000 2877.0068   13.3823
    7.5000   22.5000   45.0000 2881.1648   13.4224
   -7.5000   30.0000   45.0000 2840.3281   13.7530
    0.0000   30.0000   45.0000 2860.7856   13.4821
    7.5000   30.0000   45.0000 2866.3328   13.5126
   -7.5000   37.5000   45.0000 2811.4062   14.1146
    0.0000   37.5000   45.0000 2832.7683   13.8928
    7.5000   37.5000   45.0000 2836.8540   13.8971
   -7.5000   45.0000   45.0000 2760.7556   14.7356
    0.0000   45.0000   45.0000 2784.0256   14.5045
    7.5000   45.0000   45.0000 2785.8713   14.5021

---------------------------------------------------------------------
imgreg_4dfp /opt/freesurfer/average/711-2C_as_mni_average_305 /opt/freesurfer/average/711-2B_as_mni_average_305_mask talsrcimg_g11 none talsrcimg_to_711-2C_as_mni_average_305_t4 1283
---------------------------------------------------------------------

freesurfer imgreg_4dfp.c
/opt/freesurfer/average/711-2C_as_mni_average_305.4dfp.img
       256       256       256         1
  1.000000  1.000000  1.000000
orientation T byte_order littleendian
Reading image: /opt/freesurfer/average/711-2C_as_mni_average_305.4dfp.img
dimensions:      256       256       256
mmppix:       1.0000   -1.0000   -1.0000
center:     128.0000 -129.0000 -129.0000
/opt/freesurfer/average/711-2B_as_mni_average_305_mask.4dfp.img
       256       256       256         1
  1.000000  1.000000  1.000000
orientation T byte_order littleendian
Reading mask: /opt/freesurfer/average/711-2B_as_mni_average_305_mask.4dfp.img (2306576 pixels)
talsrcimg_g11.4dfp.img
       256       256       256         1
  1.000000  1.000000  1.000000
orientation T byte_order littleendian
Reading image: talsrcimg_g11.4dfp.img
dimensions:      256       256       256
mmppix:       1.0000   -1.0000   -1.0000
center:     128.0000 -129.0000 -129.0000
rotation matrix determinant  1.000000
fimgreg.f
image alignment mode   1283 decimal      503 hex
parameters
    7.5000   30.0000   15.0000    0.0000    0.0000    0.0000
eta,q 0.94041 12.06981
niter,ni,del,rscale     5    3   12.0000    1.2000
parameter  4 -0.845455 -> -0.500000 qaram    1.1500
parameters
    5.2224   29.8160   13.0846    3.4500    0.6252   -2.1558
eta,q 0.94420 11.94810
  0.0619  0.0642  0.0601  0.0636  0.0603  0.0570
  0.0599  0.0619  0.0587  0.0605  0.0585  0.0563
  0.0591  0.0600  0.0589  0.0593  0.0572  0.0558
  0.0602  0.0593  0.0592  0.0588  0.0561  0.0559
  0.0628  0.0597  0.0598  0.0571  0.0560  0.0573
  0.0646  0.0617  0.0611  0.0560  0.0573  0.0595
  0.0665  0.0655  0.0618  0.0570  0.0592  0.0615
niter,ni,del,rscale     5    3   12.0000    1.2000
parameters
    4.9435   28.9156   15.0440    4.8056    0.5289   -3.3389
eta,q 0.94544 11.89413
  0.0601  0.0614  0.0611  0.0614  0.0587  0.0562
  0.0590  0.0587  0.0581  0.0597  0.0565  0.0553
  0.0573  0.0566  0.0563  0.0576  0.0552  0.0547
  0.0558  0.0559  0.0560  0.0552  0.0546  0.0546
  0.0564  0.0577  0.0551  0.0548  0.0552  0.0552
  0.0588  0.0617  0.0551  0.0569  0.0568  0.0566
  0.0620  0.0662  0.0567  0.0587  0.0589  0.0586
niter,ni,del,rscale     4    3   12.0000    1.2000
parameters
    4.9324   28.2724   15.3232    5.5200    0.6947   -3.5312
eta,q 0.94593 11.86067
  0.0598  0.0624  0.0582  0.0613  0.0589  0.0567
  0.0577  0.0580  0.0558  0.0592  0.0565  0.0555
  0.0555  0.0546  0.0551  0.0561  0.0548  0.0546
  0.0546  0.0546  0.0542  0.0541  0.0540  0.0541
  0.0558  0.0573  0.0540  0.0551  0.0547  0.0544
  0.0577  0.0612  0.0560  0.0574  0.0564  0.0555
  0.0598  0.0655  0.0574  0.0592  0.0583  0.0573
niter,ni,del,rscale     3    3   12.0000    1.2000
parameters
    4.7511   27.8324   15.5417    5.9904    0.9563   -3.7236
eta,q 0.94622 11.83599
  0.0593  0.0627  0.0580  0.0614  0.0590  0.0566
  0.0572  0.0583  0.0556  0.0587  0.0565  0.0554
  0.0549  0.0543  0.0548  0.0553  0.0546  0.0543
  0.0541  0.0540  0.0538  0.0537  0.0537  0.0538
  0.0556  0.0568  0.0538  0.0552  0.0544  0.0541
  0.0576  0.0606  0.0560  0.0576  0.0561  0.0554
  0.0598  0.0646  0.0572  0.0595  0.0580  0.0573
niter,ni,del,rscale     2    3   12.0000    1.2000
parameters
    4.5811   27.5286   15.7038    6.3541    1.1994   -3.8537
eta,q 0.94638 11.81802
  0.0590  0.0629  0.0578  0.0614  0.0590  0.0566
  0.0571  0.0585  0.0554  0.0584  0.0564  0.0553
  0.0547  0.0543  0.0546  0.0549  0.0544  0.0542
  0.0538  0.0537  0.0536  0.0535  0.0536  0.0536
  0.0553  0.0564  0.0538  0.0553  0.0544  0.0539
  0.0573  0.0602  0.0561  0.0577  0.0561  0.0552
  0.0596  0.0640  0.0570  0.0596  0.0580  0.0572
niter,ni,del,rscale     1    3   12.0000    1.2000
parameters
    4.4407   27.2928   15.8233    6.6515    1.3795   -3.9353
eta,q 0.94642 11.80412
  0.0588  0.0628  0.0576  0.0614  0.0589  0.0567
  0.0570  0.0587  0.0553  0.0582  0.0563  0.0553
  0.0546  0.0543  0.0546  0.0547  0.0543  0.0542
  0.0536  0.0536  0.0535  0.0535  0.0536  0.0536
  0.0551  0.0562  0.0538  0.0554  0.0544  0.0538
  0.0570  0.0599  0.0562  0.0578  0.0562  0.0551
  0.0594  0.0637  0.0568  0.0596  0.0580  0.0572
registration optimization eta report
parameter search radius
    6.0000    6.0000    6.0000    6.9000    6.0000    6.0000
100000*second partial in parameter space
       14.       26.       10.       14.       13.        9.
  0.0588  0.0628  0.0576  0.0614  0.0589  0.0567
  0.0570  0.0587  0.0553  0.0582  0.0563  0.0553
  0.0546  0.0543  0.0546  0.0547  0.0543  0.0542
  0.0536  0.0536  0.0535  0.0535  0.0536  0.0536
  0.0551  0.0562  0.0538  0.0554  0.0544  0.0538
  0.0570  0.0599  0.0562  0.0578  0.0562  0.0551
  0.0594  0.0637  0.0568  0.0596  0.0580  0.0572
    4.4407   27.2928   15.8233    6.6515    1.3795   -3.9353
eta,q 0.94642 11.80412

---------------------------------------------------------------------
imgreg_4dfp /opt/freesurfer/average/711-2C_as_mni_average_305 /opt/freesurfer/average/711-2B_as_mni_average_305_mask talsrcimg_g11 none talsrcimg_to_711-2C_as_mni_average_305_t4 3335
---------------------------------------------------------------------

freesurfer imgreg_4dfp.c
/opt/freesurfer/average/711-2C_as_mni_average_305.4dfp.img
       256       256       256         1
  1.000000  1.000000  1.000000
orientation T byte_order littleendian
Reading image: /opt/freesurfer/average/711-2C_as_mni_average_305.4dfp.img
dimensions:      256       256       256
mmppix:       1.0000   -1.0000   -1.0000
center:     128.0000 -129.0000 -129.0000
/opt/freesurfer/average/711-2B_as_mni_average_305_mask.4dfp.img
       256       256       256         1
  1.000000  1.000000  1.000000
orientation T byte_order littleendian
Reading mask: /opt/freesurfer/average/711-2B_as_mni_average_305_mask.4dfp.img (2306576 pixels)
talsrcimg_g11.4dfp.img
       256       256       256         1
  1.000000  1.000000  1.000000
orientation T byte_order littleendian
Reading image: talsrcimg_g11.4dfp.img
dimensions:      256       256       256
mmppix:       1.0000   -1.0000   -1.0000
center:     128.0000 -129.0000 -129.0000
fimgreg.f
image alignment mode   3335 decimal      D07 hex
parameters
    4.4407   27.2928   15.8233   -0.2647   -0.8882   -0.7019
    6.5387   -3.1806   -6.8611  -11.3916    2.4075   11.5796
eta,q 0.94332 11.83908
niter,ni,del,rscale     5    3    5.0000    1.2000
parameter  1 -3.247176 -> -0.500000 qaram    1.1500
parameter  4 -4.211404 ->  0.500000 qaram    1.1500
parameter  5  1.232310 ->  0.500000 qaram    1.1500
parameter  6 -3.738080 ->  0.500000 qaram    1.1500
parameter  7 -1.582343 -> -0.500000 qaram    1.1500
parameter  9 -1.618346 -> -0.500000 qaram    1.1500
parameter 10  1.131115 ->  0.500000 qaram    1.1500
parameter 11  0.760112 ->  0.500000 qaram    1.1500
parameter 12  1.021018 ->  0.500000 qaram    1.1500
parameters
    5.8207   26.4129   17.0188   -4.4047   -5.0282   -4.8419
   10.6787   -2.6225   -2.7211  -15.5316   -1.7325    7.4396
eta,q 0.95511 11.44579
  0.0569  0.0566  0.0572  0.0520  0.0522  0.0448  0.0502  0.0483  0.0495  0.0458  0.0456  0.0448
  0.0568  0.0565  0.0568  0.0535  0.0526  0.0474  0.0495  0.0477  0.0487  0.0459  0.0456  0.0448
  0.0568  0.0564  0.0566  0.0550  0.0533  0.0503  0.0488  0.0474  0.0481  0.0462  0.0457  0.0451
  0.0567  0.0565  0.0564  0.0564  0.0539  0.0528  0.0482  0.0474  0.0474  0.0467  0.0460  0.0456
  0.0566  0.0567  0.0564  0.0577  0.0548  0.0545  0.0476  0.0476  0.0469  0.0472  0.0465  0.0462
  0.0565  0.0570  0.0564  0.0587  0.0562  0.0566  0.0473  0.0478  0.0466  0.0479  0.0471  0.0471
  0.0565  0.0575  0.0564  0.0599  0.0579  0.0586  0.0471  0.0478  0.0464  0.0488  0.0478  0.0480
niter,ni,del,rscale     7    3    5.0000    1.2000
parameter  1  0.525465 ->  0.500000 qaram    1.3225
parameter  2  1.294761 ->  0.500000 qaram    1.1500
parameter  3 -0.561718 -> -0.500000 qaram    1.1500
parameter  4  6.117055 ->  0.500000 qaram    1.3225
parameter  5  1.537022 ->  0.500000 qaram    1.3225
parameter  6  1.228426 ->  0.500000 qaram    1.3225
parameter  7  0.508979 ->  0.500000 qaram    1.3225
parameter 10 -1.169682 -> -0.500000 qaram    1.3225
parameter 12 -1.029801 -> -0.500000 qaram    1.3225
parameters
    4.2337   25.0329   18.3988   -9.1657   -9.7892   -9.6029
    5.9177    0.1979   -4.3245  -10.7706    1.0962   12.2006
eta,q 0.96744 11.27953
  0.0449  0.0437  0.0457  0.0373  0.0379  0.0352  0.0359  0.0413  0.0354  0.0382  0.0366  0.0358
  0.0445  0.0438  0.0449  0.0388  0.0387  0.0356  0.0356  0.0392  0.0351  0.0371  0.0352  0.0350
  0.0445  0.0441  0.0443  0.0409  0.0390  0.0368  0.0356  0.0371  0.0349  0.0360  0.0342  0.0341
  0.0449  0.0444  0.0439  0.0436  0.0393  0.0388  0.0359  0.0356  0.0349  0.0349  0.0335  0.0333
  0.0457  0.0449  0.0437  0.0467  0.0399  0.0421  0.0365  0.0349  0.0351  0.0340  0.0333  0.0328
  0.0468  0.0455  0.0436  0.0492  0.0408  0.0459  0.0372  0.0353  0.0355  0.0335  0.0336  0.0325
  0.0481  0.0461  0.0438  0.0512  0.0420  0.0486  0.0380  0.0365  0.0361  0.0336  0.0341  0.0326
niter,ni,del,rscale     7    3    5.0000    1.2000
parameter  2  1.225221 ->  0.500000 qaram    1.3225
parameter  3  0.501898 ->  0.500000 qaram    1.3225
parameter  5  2.997371 ->  0.500000 qaram    1.5209
parameter 10  0.518437 ->  0.500000 qaram    1.5209
parameters
    3.3042   23.4459   16.8118  -13.5647  -15.2643  -13.4216
    5.0167   -2.9878   -6.5716  -16.2458    1.6821    8.2052
eta,q 0.97488 11.06107
  0.0344  0.0308  0.0311  0.0315  0.0261  0.0281  0.0289  0.0273  0.0272  0.0263  0.0271  0.0259
  0.0328  0.0309  0.0305  0.0304  0.0268  0.0273  0.0279  0.0265  0.0266  0.0255  0.0262  0.0253
  0.0321  0.0314  0.0305  0.0297  0.0281  0.0270  0.0272  0.0265  0.0263  0.0256  0.0257  0.0251
  0.0326  0.0321  0.0310  0.0305  0.0299  0.0271  0.0270  0.0270  0.0264  0.0263  0.0255  0.0255
  0.0340  0.0331  0.0319  0.0338  0.0319  0.0289  0.0274  0.0279  0.0269  0.0277  0.0256  0.0263
  0.0363  0.0342  0.0331  0.0385  0.0335  0.0331  0.0284  0.0293  0.0277  0.0297  0.0260  0.0274
  0.0391  0.0354  0.0346  0.0428  0.0354  0.0376  0.0298  0.0313  0.0288  0.0322  0.0267  0.0286
niter,ni,del,rscale     7    3    5.0000    1.2000
parameter  2  1.202878 ->  0.500000 qaram    1.5209
parameters
    2.7221   21.6209   16.1300  -13.2222  -17.4135  -12.8344
    6.7535   -3.3800   -6.7995  -17.6805    3.3574   10.5228
eta,q 0.97805 11.10310
  0.0275  0.0222  0.0240  0.0272  0.0255  0.0263  0.0265  0.0254  0.0236  0.0252  0.0238  0.0247
  0.0259  0.0225  0.0231  0.0255  0.0238  0.0247  0.0247  0.0233  0.0229  0.0229  0.0229  0.0235
  0.0251  0.0235  0.0227  0.0240  0.0228  0.0235  0.0233  0.0223  0.0224  0.0221  0.0224  0.0226
  0.0251  0.0250  0.0227  0.0226  0.0225  0.0226  0.0225  0.0223  0.0223  0.0223  0.0221  0.0221
  0.0260  0.0271  0.0233  0.0221  0.0236  0.0220  0.0223  0.0229  0.0224  0.0230  0.0221  0.0219
  0.0278  0.0295  0.0243  0.0238  0.0263  0.0225  0.0230  0.0240  0.0230  0.0245  0.0223  0.0222
  0.0304  0.0321  0.0260  0.0278  0.0293  0.0267  0.0245  0.0258  0.0238  0.0271  0.0228  0.0230
niter,ni,del,rscale     7    3    5.0000    1.2000
parameters
    2.3686   19.8119   16.7395  -12.6008  -16.9642  -12.8830
    7.0598   -4.0110   -6.6554  -21.5965    2.9049   13.1060
eta,q 0.98047 11.14750
  0.0254  0.0220  0.0241  0.0260  0.0263  0.0245  0.0245  0.0236  0.0223  0.0219  0.0210  0.0228
  0.0233  0.0211  0.0226  0.0241  0.0238  0.0229  0.0226  0.0216  0.0214  0.0199  0.0202  0.0214
  0.0222  0.0211  0.0216  0.0223  0.0217  0.0215  0.0212  0.0207  0.0208  0.0198  0.0198  0.0204
  0.0219  0.0219  0.0210  0.0209  0.0206  0.0206  0.0206  0.0206  0.0205  0.0205  0.0197  0.0197
  0.0228  0.0234  0.0209  0.0204  0.0208  0.0201  0.0209  0.0212  0.0207  0.0221  0.0199  0.0195
  0.0246  0.0255  0.0214  0.0220  0.0225  0.0213  0.0221  0.0226  0.0213  0.0245  0.0204  0.0198
  0.0274  0.0281  0.0224  0.0260  0.0261  0.0262  0.0242  0.0247  0.0222  0.0278  0.0213  0.0207
niter,ni,del,rscale     6    3    5.0000    1.2000
parameters
    2.1618   18.9966   16.9889  -12.8076  -16.8857  -13.1180
    7.0289   -4.3344   -6.6337  -22.5974    2.9693   14.0471
eta,q 0.98090 11.14666
  0.0242  0.0220  0.0222  0.0243  0.0250  0.0232  0.0232  0.0230  0.0213  0.0241  0.0206  0.0217
  0.0216  0.0201  0.0207  0.0223  0.0223  0.0214  0.0212  0.0206  0.0202  0.0207  0.0198  0.0205
  0.0200  0.0193  0.0197  0.0205  0.0202  0.0201  0.0199  0.0195  0.0195  0.0192  0.0193  0.0196
  0.0195  0.0195  0.0192  0.0192  0.0193  0.0192  0.0193  0.0193  0.0193  0.0193  0.0191  0.0191
  0.0204  0.0208  0.0193  0.0192  0.0195  0.0189  0.0197  0.0199  0.0195  0.0204  0.0193  0.0192
  0.0225  0.0229  0.0201  0.0215  0.0217  0.0203  0.0212  0.0213  0.0201  0.0226  0.0197  0.0198
  0.0257  0.0257  0.0215  0.0261  0.0254  0.0252  0.0234  0.0235  0.0213  0.0256  0.0205  0.0210
niter,ni,del,rscale     5    3    5.0000    1.2000
parameters
    2.1088   18.7845   17.0800  -12.9157  -17.0126  -13.1741
    6.9593   -4.4426   -6.6637  -22.9795    3.0013   14.3942
eta,q 0.98094 11.14236
  0.0243  0.0234  0.0218  0.0242  0.0247  0.0232  0.0231  0.0231  0.0212  0.0248  0.0205  0.0214
  0.0215  0.0208  0.0204  0.0222  0.0219  0.0213  0.0210  0.0206  0.0201  0.0211  0.0197  0.0202
  0.0197  0.0194  0.0195  0.0204  0.0200  0.0199  0.0197  0.0194  0.0194  0.0193  0.0192  0.0194
  0.0191  0.0191  0.0191  0.0191  0.0191  0.0191  0.0191  0.0191  0.0191  0.0191  0.0191  0.0191
  0.0197  0.0199  0.0193  0.0190  0.0195  0.0188  0.0196  0.0197  0.0193  0.0201  0.0192  0.0192
  0.0217  0.0217  0.0201  0.0212  0.0218  0.0200  0.0210  0.0210  0.0201  0.0221  0.0197  0.0199
  0.0248  0.0243  0.0216  0.0258  0.0254  0.0247  0.0233  0.0232  0.0212  0.0251  0.0205  0.0212
niter,ni,del,rscale     4    3    5.0000    1.2000
parameters
    2.1000   18.7079   17.1306  -12.9448  -17.1014  -13.1819
    6.9339   -4.4796   -6.6830  -23.1260    2.9948   14.5418
eta,q 0.98094 11.14045
  0.0244  0.0237  0.0217  0.0242  0.0247  0.0232  0.0231  0.0232  0.0212  0.0250  0.0205  0.0213
  0.0216  0.0211  0.0204  0.0222  0.0219  0.0213  0.0210  0.0207  0.0200  0.0213  0.0197  0.0202
  0.0198  0.0195  0.0194  0.0204  0.0200  0.0199  0.0196  0.0194  0.0193  0.0194  0.0192  0.0194
  0.0191  0.0191  0.0191  0.0191  0.0191  0.0191  0.0191  0.0191  0.0191  0.0191  0.0191  0.0191
  0.0196  0.0197  0.0193  0.0189  0.0194  0.0187  0.0195  0.0196  0.0193  0.0200  0.0192  0.0192
  0.0215  0.0214  0.0201  0.0211  0.0217  0.0199  0.0210  0.0209  0.0200  0.0220  0.0197  0.0200
  0.0246  0.0240  0.0217  0.0256  0.0253  0.0245  0.0232  0.0231  0.0212  0.0249  0.0205  0.0213
niter,ni,del,rscale     3    3    5.0000    1.2000
parameters
    2.0969   18.6770   17.1520  -12.9518  -17.1422  -13.1901
    6.9282   -4.4947   -6.6838  -23.1870    2.9877   14.6016
eta,q 0.98095 11.13952
  0.0244  0.0238  0.0217  0.0242  0.0247  0.0232  0.0231  0.0232  0.0212  0.0251  0.0205  0.0213
  0.0216  0.0211  0.0203  0.0222  0.0219  0.0213  0.0210  0.0207  0.0200  0.0213  0.0197  0.0201
  0.0198  0.0195  0.0194  0.0204  0.0200  0.0199  0.0196  0.0194  0.0193  0.0194  0.0192  0.0194
  0.0191  0.0191  0.0191  0.0190  0.0190  0.0191  0.0191  0.0191  0.0191  0.0191  0.0191  0.0191
  0.0196  0.0197  0.0193  0.0189  0.0194  0.0187  0.0195  0.0196  0.0193  0.0199  0.0192  0.0192
  0.0215  0.0214  0.0202  0.0210  0.0216  0.0199  0.0209  0.0209  0.0200  0.0219  0.0197  0.0200
  0.0245  0.0239  0.0217  0.0255  0.0252  0.0245  0.0232  0.0230  0.0212  0.0248  0.0205  0.0213
registration optimization eta report
parameter search radius
    3.1740    3.6501    3.1740    9.5220   10.9503    9.5220
    9.5220    7.2000    8.2800   10.9503    8.2800    9.5220
100000*second partial in parameter space
       53.       36.       26.        6.        5.        5.
        4.        8.        3.        5.        2.        3.
  0.0244  0.0238  0.0217  0.0242  0.0247  0.0232  0.0231  0.0232  0.0212  0.0251  0.0205  0.0213
  0.0216  0.0211  0.0203  0.0222  0.0219  0.0213  0.0210  0.0207  0.0200  0.0213  0.0197  0.0201
  0.0198  0.0195  0.0194  0.0204  0.0200  0.0199  0.0196  0.0194  0.0193  0.0194  0.0192  0.0194
  0.0191  0.0191  0.0191  0.0190  0.0190  0.0191  0.0191  0.0191  0.0191  0.0191  0.0191  0.0191
  0.0196  0.0197  0.0193  0.0189  0.0194  0.0187  0.0195  0.0196  0.0193  0.0199  0.0192  0.0192
  0.0215  0.0214  0.0202  0.0210  0.0216  0.0199  0.0209  0.0209  0.0200  0.0219  0.0197  0.0200
  0.0245  0.0239  0.0217  0.0255  0.0252  0.0245  0.0232  0.0230  0.0212  0.0248  0.0205  0.0213
    2.0969   18.6770   17.1520  -12.9518  -17.1422  -13.1901
    6.9282   -4.4947   -6.6838  -23.1870    2.9877   14.6016
eta,q 0.98095 11.13952

---------------------------------------------------------------------
imgreg_4dfp /opt/freesurfer/average/711-2C_as_mni_average_305 /opt/freesurfer/average/711-2B_as_mni_average_305_mask talsrcimg_g11 none talsrcimg_to_711-2C_as_mni_average_305_t4 2311
---------------------------------------------------------------------

freesurfer imgreg_4dfp.c
/opt/freesurfer/average/711-2C_as_mni_average_305.4dfp.img
       256       256       256         1
  1.000000  1.000000  1.000000
orientation T byte_order littleendian
Reading image: /opt/freesurfer/average/711-2C_as_mni_average_305.4dfp.img
dimensions:      256       256       256
mmppix:       1.0000   -1.0000   -1.0000
center:     128.0000 -129.0000 -129.0000
/opt/freesurfer/average/711-2B_as_mni_average_305_mask.4dfp.img
       256       256       256         1
  1.000000  1.000000  1.000000
orientation T byte_order littleendian
Reading mask: /opt/freesurfer/average/711-2B_as_mni_average_305_mask.4dfp.img (2306576 pixels)
talsrcimg_g11.4dfp.img
       256       256       256         1
  1.000000  1.000000  1.000000
orientation T byte_order littleendian
Reading image: talsrcimg_g11.4dfp.img
dimensions:      256       256       256
mmppix:       1.0000   -1.0000   -1.0000
center:     128.0000 -129.0000 -129.0000
fimgreg.f
image alignment mode   2311 decimal      907 hex
parameters
    2.0969   18.6770   17.1520  -12.9518  -17.1422  -13.1901
    6.9282   -4.4947   -6.6838  -23.1870    2.9877   14.6016
eta,q 0.98095 11.13952
niter,ni,del,rscale     5    3    5.0000    0.8000
parameters
    2.1419   18.6085   17.2545  -11.4311  -16.7631  -10.9695
    6.9889   -4.2516   -6.3926  -23.7170    2.8585   14.1624
eta,q 0.98155 11.21422
  0.0206  0.0199  0.0198  0.0213  0.0201  0.0203  0.0197  0.0214  0.0193  0.0194  0.0191  0.0190
  0.0198  0.0194  0.0194  0.0204  0.0194  0.0196  0.0191  0.0197  0.0189  0.0188  0.0187  0.0187
  0.0193  0.0191  0.0192  0.0196  0.0190  0.0191  0.0186  0.0188  0.0186  0.0185  0.0185  0.0185
  0.0191  0.0190  0.0190  0.0190  0.0188  0.0188  0.0185  0.0185  0.0185  0.0185  0.0184  0.0184
  0.0192  0.0192  0.0191  0.0188  0.0188  0.0185  0.0186  0.0187  0.0185  0.0187  0.0185  0.0185
  0.0196  0.0195  0.0193  0.0189  0.0191  0.0185  0.0190  0.0195  0.0188  0.0192  0.0188  0.0188
  0.0204  0.0201  0.0197  0.0197  0.0198  0.0189  0.0197  0.0208  0.0192  0.0199  0.0192  0.0192
niter,ni,del,rscale     4    3    5.0000    0.7000
parameters
    2.0215   18.5652   17.0697  -11.6653  -16.7030  -11.3244
    7.0608   -4.3578   -6.4384  -23.7482    3.0797   14.3608
eta,q 0.98153 11.20925
  0.0195  0.0192  0.0189  0.0199  0.0194  0.0192  0.0194  0.0202  0.0191  0.0194  0.0190  0.0190
  0.0189  0.0188  0.0186  0.0192  0.0189  0.0189  0.0189  0.0192  0.0187  0.0188  0.0187  0.0187
  0.0185  0.0185  0.0184  0.0187  0.0186  0.0186  0.0186  0.0186  0.0185  0.0185  0.0185  0.0185
  0.0184  0.0184  0.0184  0.0184  0.0184  0.0184  0.0185  0.0185  0.0185  0.0185  0.0185  0.0185
  0.0187  0.0185  0.0186  0.0186  0.0185  0.0185  0.0186  0.0187  0.0185  0.0186  0.0185  0.0185
  0.0192  0.0188  0.0188  0.0192  0.0188  0.0189  0.0189  0.0194  0.0187  0.0189  0.0186  0.0186
  0.0200  0.0193  0.0192  0.0205  0.0194  0.0199  0.0194  0.0204  0.0191  0.0194  0.0189  0.0189
niter,ni,del,rscale     3    3    5.0000    0.6000
parameters
    2.0262   18.5873   17.0818  -11.5187  -16.6562  -11.1302
    7.0456   -4.3923   -6.4749  -23.7911    3.0760   14.2756
eta,q 0.98156 11.21460
  0.0194  0.0191  0.0189  0.0197  0.0191  0.0192  0.0191  0.0198  0.0189  0.0191  0.0188  0.0188
  0.0189  0.0187  0.0187  0.0191  0.0188  0.0188  0.0187  0.0190  0.0186  0.0187  0.0186  0.0186
  0.0186  0.0185  0.0185  0.0187  0.0186  0.0186  0.0185  0.0186  0.0185  0.0185  0.0185  0.0185
  0.0185  0.0185  0.0185  0.0185  0.0185  0.0185  0.0184  0.0184  0.0184  0.0184  0.0184  0.0184
  0.0186  0.0185  0.0185  0.0185  0.0185  0.0184  0.0185  0.0186  0.0185  0.0185  0.0185  0.0185
  0.0189  0.0187  0.0186  0.0189  0.0187  0.0186  0.0187  0.0191  0.0186  0.0188  0.0186  0.0186
  0.0194  0.0190  0.0189  0.0196  0.0192  0.0192  0.0191  0.0199  0.0189  0.0191  0.0188  0.0188
niter,ni,del,rscale     2    3    5.0000    0.5000
parameters
    2.0178   18.5860   17.0700  -11.4404  -16.5780  -10.9425
    7.0610   -4.4021   -6.4277  -23.8051    3.0843   14.2104
eta,q 0.98159 11.21944
  0.0191  0.0188  0.0187  0.0193  0.0189  0.0189  0.0189  0.0194  0.0187  0.0189  0.0187  0.0186
  0.0187  0.0186  0.0186  0.0189  0.0187  0.0187  0.0186  0.0188  0.0186  0.0186  0.0185  0.0185
  0.0185  0.0185  0.0185  0.0186  0.0185  0.0185  0.0185  0.0185  0.0185  0.0185  0.0184  0.0184
  0.0184  0.0184  0.0184  0.0184  0.0184  0.0184  0.0184  0.0184  0.0184  0.0184  0.0184  0.0184
  0.0185  0.0185  0.0185  0.0185  0.0184  0.0184  0.0185  0.0185  0.0184  0.0185  0.0184  0.0184
  0.0187  0.0186  0.0186  0.0187  0.0186  0.0185  0.0186  0.0189  0.0185  0.0186  0.0185  0.0185
  0.0191  0.0188  0.0188  0.0193  0.0189  0.0189  0.0189  0.0194  0.0187  0.0189  0.0187  0.0187
niter,ni,del,rscale     1    3    5.0000    0.4000
parameters
    2.0116   18.5867   17.0542  -11.3736  -16.5156  -10.7510
    7.0604   -4.4027   -6.3857  -23.8289    3.0550   14.1387
eta,q 0.98160 11.22361
  0.0188  0.0187  0.0186  0.0190  0.0187  0.0188  0.0187  0.0191  0.0186  0.0187  0.0186  0.0185
  0.0186  0.0185  0.0185  0.0187  0.0186  0.0186  0.0185  0.0187  0.0185  0.0185  0.0185  0.0185
  0.0185  0.0184  0.0184  0.0185  0.0185  0.0185  0.0184  0.0185  0.0184  0.0184  0.0184  0.0184
  0.0184  0.0184  0.0184  0.0184  0.0184  0.0184  0.0184  0.0184  0.0184  0.0184  0.0184  0.0184
  0.0185  0.0184  0.0184  0.0184  0.0184  0.0184  0.0184  0.0185  0.0184  0.0184  0.0184  0.0184
  0.0186  0.0185  0.0185  0.0186  0.0185  0.0185  0.0185  0.0187  0.0185  0.0186  0.0185  0.0185
  0.0189  0.0187  0.0186  0.0190  0.0187  0.0187  0.0187  0.0191  0.0186  0.0187  0.0186  0.0186
registration optimization eta report
parameter search radius
    0.8000    0.8000    0.8000    2.4000    2.4000    2.4000
    2.4000    2.4000    2.4000    2.4000    2.4000    2.4000
100000*second partial in parameter space
       68.       40.       32.       10.        6.        6.
        6.       12.        3.        6.        3.        3.
  0.0188  0.0187  0.0186  0.0190  0.0187  0.0188  0.0187  0.0191  0.0186  0.0187  0.0186  0.0185
  0.0186  0.0185  0.0185  0.0187  0.0186  0.0186  0.0185  0.0187  0.0185  0.0185  0.0185  0.0185
  0.0185  0.0184  0.0184  0.0185  0.0185  0.0185  0.0184  0.0185  0.0184  0.0184  0.0184  0.0184
  0.0184  0.0184  0.0184  0.0184  0.0184  0.0184  0.0184  0.0184  0.0184  0.0184  0.0184  0.0184
  0.0185  0.0184  0.0184  0.0184  0.0184  0.0184  0.0184  0.0185  0.0184  0.0184  0.0184  0.0184
  0.0186  0.0185  0.0185  0.0186  0.0185  0.0185  0.0185  0.0187  0.0185  0.0186  0.0185  0.0185
  0.0189  0.0187  0.0186  0.0190  0.0187  0.0187  0.0187  0.0191  0.0186  0.0187  0.0186  0.0186
    2.0116   18.5867   17.0542  -11.3736  -16.5156  -10.7510
    7.0604   -4.4027   -6.3857  -23.8289    3.0550   14.1387
eta,q 0.98160 11.22361

---------------------------------------------------------------------
imgreg_4dfp /opt/freesurfer/average/711-2C_as_mni_average_305 /opt/freesurfer/average/711-2B_as_mni_average_305_mask talsrcimg_g11 none talsrcimg_to_711-2C_as_mni_average_305_t4 2311
---------------------------------------------------------------------

freesurfer imgreg_4dfp.c
/opt/freesurfer/average/711-2C_as_mni_average_305.4dfp.img
       256       256       256         1
  1.000000  1.000000  1.000000
orientation T byte_order littleendian
Reading image: /opt/freesurfer/average/711-2C_as_mni_average_305.4dfp.img
dimensions:      256       256       256
mmppix:       1.0000   -1.0000   -1.0000
center:     128.0000 -129.0000 -129.0000
/opt/freesurfer/average/711-2B_as_mni_average_305_mask.4dfp.img
       256       256       256         1
  1.000000  1.000000  1.000000
orientation T byte_order littleendian
Reading mask: /opt/freesurfer/average/711-2B_as_mni_average_305_mask.4dfp.img (2306576 pixels)
talsrcimg_g11.4dfp.img
       256       256       256         1
  1.000000  1.000000  1.000000
orientation T byte_order littleendian
Reading image: talsrcimg_g11.4dfp.img
dimensions:      256       256       256
mmppix:       1.0000   -1.0000   -1.0000
center:     128.0000 -129.0000 -129.0000
fimgreg.f
image alignment mode   2311 decimal      907 hex
parameters
    2.0116   18.5867   17.0542  -11.3736  -16.5156  -10.7510
    7.0604   -4.4027   -6.3857  -23.8289    3.0550   14.1387
eta,q 0.98160 11.22361
niter,ni,del,rscale     5    3    5.0000    0.8000
parameters
    1.9899   18.5761   17.0455  -11.8745  -16.8174  -11.4865
    7.0378   -4.4197   -6.5321  -23.7055    3.1656   14.4397
eta,q 0.98148 11.20224
  0.0201  0.0194  0.0192  0.0201  0.0195  0.0194  0.0197  0.0209  0.0192  0.0198  0.0191  0.0192
  0.0192  0.0189  0.0188  0.0193  0.0190  0.0190  0.0191  0.0195  0.0188  0.0190  0.0188  0.0188
  0.0186  0.0185  0.0185  0.0187  0.0186  0.0187  0.0187  0.0187  0.0186  0.0186  0.0186  0.0186
  0.0184  0.0184  0.0184  0.0184  0.0184  0.0185  0.0185  0.0185  0.0185  0.0185  0.0185  0.0185
  0.0186  0.0185  0.0185  0.0186  0.0185  0.0185  0.0186  0.0188  0.0186  0.0187  0.0186  0.0186
  0.0192  0.0189  0.0188  0.0196  0.0191  0.0192  0.0190  0.0196  0.0189  0.0190  0.0188  0.0187
  0.0202  0.0195  0.0192  0.0214  0.0200  0.0209  0.0197  0.0208  0.0193  0.0196  0.0191  0.0190
niter,ni,del,rscale     4    3    5.0000    0.7000
parameters
    2.0345   18.5956   17.0981  -11.6216  -16.7369  -11.3506
    7.0392   -4.4076   -6.5249  -23.7603    3.0984   14.3561
eta,q 0.98154 11.20842
  0.0198  0.0193  0.0191  0.0201  0.0194  0.0194  0.0194  0.0203  0.0191  0.0194  0.0189  0.0189
  0.0191  0.0189  0.0188  0.0194  0.0190  0.0190  0.0189  0.0192  0.0187  0.0188  0.0187  0.0187
  0.0187  0.0186  0.0186  0.0189  0.0186  0.0187  0.0186  0.0186  0.0185  0.0185  0.0185  0.0185
  0.0185  0.0185  0.0185  0.0185  0.0185  0.0185  0.0185  0.0185  0.0185  0.0185  0.0185  0.0185
  0.0186  0.0186  0.0186  0.0185  0.0185  0.0184  0.0186  0.0187  0.0185  0.0186  0.0185  0.0185
  0.0190  0.0188  0.0187  0.0190  0.0188  0.0187  0.0189  0.0193  0.0187  0.0189  0.0187  0.0187
  0.0197  0.0193  0.0191  0.0200  0.0194  0.0195  0.0194  0.0203  0.0191  0.0194  0.0190  0.0190
niter,ni,del,rscale     3    3    5.0000    0.6000
parameters
    2.0229   18.5856   17.0789  -11.5179  -16.6524  -11.1361
    7.0589   -4.4036   -6.4690  -23.7939    3.0896   14.2911
eta,q 0.98156 11.21467
  0.0194  0.0190  0.0189  0.0197  0.0191  0.0192  0.0191  0.0199  0.0189  0.0191  0.0188  0.0188
  0.0189  0.0187  0.0187  0.0191  0.0188  0.0189  0.0188  0.0190  0.0186  0.0187  0.0186  0.0186
  0.0186  0.0185  0.0185  0.0187  0.0186  0.0186  0.0185  0.0186  0.0185  0.0185  0.0185  0.0185
  0.0185  0.0185  0.0185  0.0185  0.0185  0.0185  0.0184  0.0184  0.0184  0.0184  0.0184  0.0184
  0.0186  0.0185  0.0185  0.0185  0.0185  0.0184  0.0185  0.0186  0.0185  0.0185  0.0185  0.0185
  0.0189  0.0187  0.0187  0.0189  0.0187  0.0186  0.0187  0.0191  0.0186  0.0188  0.0186  0.0186
  0.0194  0.0191  0.0189  0.0197  0.0192  0.0191  0.0191  0.0198  0.0189  0.0191  0.0188  0.0188
niter,ni,del,rscale     2    3    5.0000    0.5000
parameters
    2.0159   18.5866   17.0650  -11.4389  -16.5780  -10.9315
    7.0539   -4.4061   -6.4291  -23.8132    3.0815   14.2008
eta,q 0.98159 11.21956
  0.0191  0.0188  0.0187  0.0193  0.0189  0.0189  0.0189  0.0194  0.0187  0.0189  0.0187  0.0186
  0.0187  0.0186  0.0186  0.0189  0.0187  0.0187  0.0186  0.0188  0.0186  0.0186  0.0185  0.0185
  0.0185  0.0185  0.0185  0.0186  0.0185  0.0185  0.0185  0.0185  0.0184  0.0185  0.0184  0.0184
  0.0184  0.0184  0.0184  0.0184  0.0184  0.0184  0.0184  0.0184  0.0184  0.0184  0.0184  0.0184
  0.0185  0.0185  0.0185  0.0185  0.0184  0.0184  0.0185  0.0185  0.0184  0.0185  0.0184  0.0184
  0.0187  0.0186  0.0186  0.0187  0.0186  0.0185  0.0186  0.0189  0.0185  0.0186  0.0185  0.0185
  0.0191  0.0188  0.0188  0.0193  0.0189  0.0189  0.0189  0.0194  0.0187  0.0189  0.0187  0.0187
niter,ni,del,rscale     1    3    5.0000    0.4000
parameters
    2.0125   18.5840   17.0560  -11.3749  -16.5104  -10.7513
    7.0561   -4.3994   -6.3836  -23.8259    3.0417   14.1651
eta,q 0.98160 11.22398
  0.0188  0.0187  0.0186  0.0190  0.0187  0.0188  0.0187  0.0191  0.0186  0.0187  0.0186  0.0185
  0.0186  0.0185  0.0185  0.0187  0.0186  0.0186  0.0185  0.0187  0.0185  0.0185  0.0185  0.0185
  0.0185  0.0184  0.0184  0.0185  0.0185  0.0185  0.0184  0.0185  0.0184  0.0184  0.0184  0.0184
  0.0184  0.0184  0.0184  0.0184  0.0184  0.0184  0.0184  0.0184  0.0184  0.0184  0.0184  0.0184
  0.0185  0.0184  0.0184  0.0184  0.0184  0.0184  0.0184  0.0185  0.0184  0.0184  0.0184  0.0184
  0.0186  0.0185  0.0185  0.0186  0.0185  0.0185  0.0185  0.0187  0.0185  0.0186  0.0185  0.0185
  0.0189  0.0187  0.0186  0.0190  0.0187  0.0187  0.0187  0.0191  0.0186  0.0187  0.0186  0.0186
registration optimization eta report
parameter search radius
    0.8000    0.8000    0.8000    2.4000    2.4000    2.4000
    2.4000    2.4000    2.4000    2.4000    2.4000    2.4000
100000*second partial in parameter space
       69.       41.       32.       10.        6.        6.
        6.       12.        3.        6.        3.        3.
  0.0188  0.0187  0.0186  0.0190  0.0187  0.0188  0.0187  0.0191  0.0186  0.0187  0.0186  0.0185
  0.0186  0.0185  0.0185  0.0187  0.0186  0.0186  0.0185  0.0187  0.0185  0.0185  0.0185  0.0185
  0.0185  0.0184  0.0184  0.0185  0.0185  0.0185  0.0184  0.0185  0.0184  0.0184  0.0184  0.0184
  0.0184  0.0184  0.0184  0.0184  0.0184  0.0184  0.0184  0.0184  0.0184  0.0184  0.0184  0.0184
  0.0185  0.0184  0.0184  0.0184  0.0184  0.0184  0.0184  0.0185  0.0184  0.0184  0.0184  0.0184
  0.0186  0.0185  0.0185  0.0186  0.0185  0.0185  0.0185  0.0187  0.0185  0.0186  0.0185  0.0185
  0.0189  0.0187  0.0186  0.0190  0.0187  0.0187  0.0187  0.0191  0.0186  0.0187  0.0186  0.0186
    2.0125   18.5840   17.0560  -11.3749  -16.5104  -10.7513
    7.0561   -4.3994   -6.3836  -23.8259    3.0417   14.1651
eta,q 0.98160 11.22398

---------------------------------------------------------------------
compute_vox2vox talsrcimg talsrcimg_to_711-2C_as_mni_average_305_t4 /opt/freesurfer/average/711-2C_as_mni_average_305
---------------------------------------------------------------------

freesurfer compute_vox2vox.c
Reading: talsrcimg.4dfp.ifh
Reading: talsrcimg_to_711-2C_as_mni_average_305_t4
Reading: /opt/freesurfer/average/711-2C_as_mni_average_305.4dfp.ifh
Writing: talsrcimg_to_711-2C_as_mni_average_305_t4_vox2vox.txt

start time Wed Mar 11 11:12:56 CET 2026
end		time Wed Mar 11 11:14:22 CET 2026

mpr2mni305 success

avi2talxfm orig_nu.mgz /opt/freesurfer/average/mni305.cor.mgz talsrcimg_to_711-2C_as_mni_average_305_t4_vox2vox.txt transforms/talairach.auto.xfm
avi2talxfm done
mv -f /out/sourcedata/freesurfer/sub-v2s16x51292_ses-1/mri/talsrcimg_to_711-2C_as_mni_average_305_t4_vox2vox.txt /out/sourcedata/freesurfer/sub-v2s16x51292_ses-1/mri/transforms/talsrcimg_to_711-2C_as_mni_average_305_t4_vox2vox.txt
lta_convert --src orig_nu.mgz --trg /opt/freesurfer/average/mni305.cor.mgz --inxfm transforms/talairach.auto.xfm --outlta transforms/talairach.auto.xfm.lta --subject fsaverage
7.3.2

--src: orig_nu.mgz src image (geometry).
--trg: /opt/freesurfer/average/mni305.cor.mgz trg image (geometry).
--inmni: transforms/talairach.auto.xfm input MNI/XFM transform.
--outlta: transforms/talairach.auto.xfm.lta output LTA.
--s: fsaverage subject name
 LTA read, type : 1
 1.12020   0.02865  -0.09953  -4.32945;
-0.04953   1.07065  -0.17746  -16.17432;
 0.07152   0.30773   1.13950  -19.28531;
 0.00000   0.00000   0.00000   1.00000;
setting subject to fsaverage
Writing  LTA to file transforms/talairach.auto.xfm.lta...
lta_convert successful.
 
 
Started at Wed Mar 11 11:12:56 CET 2026
Ended   at Wed Mar 11 11:14:22 CET 2026
talairach_avi done
