/out/sourcedata/freesurfer/sub-v2s16x51231_ses-1/mri
/opt/freesurfer/bin/talairach_avi
--i orig_nu.mgz --xfm transforms/talairach.auto.xfm
talairach_avi 7.3.2
Linux dna013 5.14.0-427.37.1.el9_4.x86_64 #1 SMP PREEMPT_DYNAMIC Fri Sep 13 12:41:50 EDT 2024 x86_64 x86_64 x86_64 GNU/Linux
Wed Mar 11 10:09:57 CET 2026
mri_convert orig_nu.mgz talsrcimg.img 
reading from orig_nu.mgz...
TR=0.00, TE=0.00, TI=0.00, flip angle=0.00
i_ras = (-1, 0, 0)
j_ras = (0, 0, -1)
k_ras = (0, 1, 0)
writing to talsrcimg.img...
Analyze Output Matrix
-1.00000   0.00000   0.00000   131.41583;
 0.00000   0.00000   1.00000  -126.79465;
 0.00000  -1.00000   0.00000   125.76271;
 0.00000   0.00000   0.00000   1.00000;
--------------------
INFO: set hdr.hist.orient to -1
mpr2mni305 talsrcimg
Wed Mar 11 10:09:57 CET 2026
/opt/freesurfer/bin/mpr2mni305 talsrcimg
mpr2mni305 7.3.2
target=711-2C_as_mni_average_305

---------------------------------------------------------------------
analyzeto4dfp talsrcimg -O0 -y
---------------------------------------------------------------------

freesurfer ifh2hdr.c
Wed Mar 11 10:09:58 2026
Writing: talsrcimg.4dfp.hdr
freesurfer analyzeto4dfp.c
Reading: talsrcimg.hdr
header size 348 bytes
hdr.dime.datatype	offset=70	value=2
hdr.dime.bitpix		offset=72	value=8
hdr.hist.orient		offset=252	value=-1
dimensionality     4
dimensions       256       256       256         1
Reading: talsrcimg.img
Writing: talsrcimg.4dfp.img
Writing: talsrcimg.4dfp.ifh
ifh2hdr talsrcimg -r0to189
ori=2

---------------------------------------------------------------------
gauss_4dfp talsrcimg 1.1
---------------------------------------------------------------------

freesurfer gauss_4dfp.c
Reading: talsrcimg.4dfp.img
Writing: talsrcimg_g11.4dfp.img
image dimensions 256 256 256 padded to 288 288 288
processing volume 1freesurfer ifh2hdr.c
Wed Mar 11 10:09:59 2026
Writing: talsrcimg_g11.4dfp.hdr

Writing: talsrcimg_g11.4dfp.ifh
including: talsrcimg.4dfp.img.rec in talsrcimg_g11.4dfp.img.rec

---------------------------------------------------------------------
imgreg_4dfp /opt/freesurfer/average/711-2C_as_mni_average_305 none talsrcimg_g11 none talsrcimg_to_711-2C_as_mni_average_305_t4 4355
---------------------------------------------------------------------

freesurfer imgreg_4dfp.c
/opt/freesurfer/average/711-2C_as_mni_average_305.4dfp.img
       256       256       256         1
  1.000000  1.000000  1.000000
orientation T byte_order littleendian
Reading image: /opt/freesurfer/average/711-2C_as_mni_average_305.4dfp.img
dimensions:      256       256       256
mmppix:       1.0000   -1.0000   -1.0000
center:     128.0000 -129.0000 -129.0000
talsrcimg_g11.4dfp.img
       256       256       256         1
  1.000000  1.000000  1.000000
orientation T byte_order littleendian
Reading image: talsrcimg_g11.4dfp.img
dimensions:      256       256       256
mmppix:       1.0000   -1.0000   -1.0000
center:     128.0000 -129.0000 -129.0000
t4_read: open error in t4_sub.f l:  41 t4_file(1:l)talsrcimg_to_711-2C_as_mni_average_305_t4 
t4_read: transform initialized to I4
rotation matrix determinant  1.000000
image alignment mode   4355 decimal     1103 hex
   -7.5000  -45.0000  -45.0000 7354.8105   14.4740
    0.0000  -45.0000  -45.0000 7616.4458   14.5182
    7.5000  -45.0000  -45.0000 7323.0796   14.5072
   -7.5000  -37.5000  -45.0000 7845.3496   13.9138
    0.0000  -37.5000  -45.0000 8128.8052   13.9559
    7.5000  -37.5000  -45.0000 7806.9180   13.9444
   -7.5000  -30.0000  -45.0000 8696.5322   13.4197
    0.0000  -30.0000  -45.0000 9010.9805   13.4579
    7.5000  -30.0000  -45.0000 8653.2344   13.4457
   -7.5000  -22.5000  -45.0000 9583.0225   12.9951
    0.0000  -22.5000  -45.0000 9945.4814   13.0305
    7.5000  -22.5000  -45.0000 9535.9209   13.0205
   -7.5000  -15.0000  -45.000010417.7676   12.6914
    0.0000  -15.0000  -45.000010811.9424   12.7264
    7.5000  -15.0000  -45.000010366.4277   12.7181
   -7.5000   -7.5000  -45.000011254.2334   12.4750
    0.0000   -7.5000  -45.000011674.6953   12.5111
    7.5000   -7.5000  -45.000011188.2539   12.5031
   -7.5000    0.0000  -45.000012101.0957   12.3657
    0.0000    0.0000  -45.000012551.8789   12.4026
    7.5000    0.0000  -45.000012025.3730   12.3932
   -7.5000    7.5000  -45.000012030.0283   12.3727
    0.0000    7.5000  -45.000012488.6934   12.4094
    7.5000    7.5000  -45.000011949.3652   12.3985
   -7.5000   15.0000  -45.000011863.1387   12.3772
    0.0000   15.0000  -45.000012330.3965   12.4120
    7.5000   15.0000  -45.000011784.8145   12.4005
   -7.5000   22.5000  -45.000011652.5469   12.3933
    0.0000   22.5000  -45.000012111.1641   12.4269
    7.5000   22.5000  -45.000011566.1367   12.4160
   -7.5000   30.0000  -45.000011387.1201   12.3205
    0.0000   30.0000  -45.000011825.7246   12.3548
    7.5000   30.0000  -45.000011293.4785   12.3455
   -7.5000   37.5000  -45.000011481.6875   12.3987
    0.0000   37.5000  -45.000011920.4551   12.4356
    7.5000   37.5000  -45.000011372.6143   12.4268
   -7.5000   45.0000  -45.000011040.2861   12.2334
    0.0000   45.0000  -45.000011461.4785   12.2712
    7.5000   45.0000  -45.000010912.4443   12.2612
   -7.5000  -45.0000  -37.5000 7719.0698   14.1984
    0.0000  -45.0000  -37.5000 8013.4448   14.2426
    7.5000  -45.0000  -37.5000 7697.5435   14.2351
   -7.5000  -37.5000  -37.5000 8232.9893   13.6543
    0.0000  -37.5000  -37.5000 8551.3252   13.6963
    7.5000  -37.5000  -37.5000 8210.2842   13.6870
   -7.5000  -30.0000  -37.5000 9130.7646   13.1733
    0.0000  -30.0000  -37.5000 9484.0811   13.2121
    7.5000  -30.0000  -37.5000 9097.4609   13.2010
   -7.5000  -22.5000  -37.500010061.8750   12.7538
    0.0000  -22.5000  -37.500010461.0371   12.7907
    7.5000  -22.5000  -37.500010016.2188   12.7820
   -7.5000  -15.0000  -37.500010961.8643   12.4491
    0.0000  -15.0000  -37.500011384.3779   12.4855
    7.5000  -15.0000  -37.500010907.2998   12.4795
   -7.5000   -7.5000  -37.500011845.0498   12.2319
    0.0000   -7.5000  -37.500012305.9189   12.2685
    7.5000   -7.5000  -37.500011780.2490   12.2635
   -7.5000    0.0000  -37.500012752.7627   12.1235
    0.0000    0.0000  -37.500013241.5059   12.1602
    7.5000    0.0000  -37.500012653.2383   12.1536
   -7.5000    7.5000  -37.500012692.8691   12.1352
    0.0000    7.5000  -37.500013183.9854   12.1718
    7.5000    7.5000  -37.500012584.3535   12.1628
   -7.5000   15.0000  -37.500012523.6631   12.1436
    0.0000   15.0000  -37.500012992.0049   12.1791
    7.5000   15.0000  -37.500012404.4756   12.1687
   -7.5000   22.5000  -37.500012290.4844   12.1585
    0.0000   22.5000  -37.500012746.0898   12.1936
    7.5000   22.5000  -37.500012168.0273   12.1840
   -7.5000   30.0000  -37.500011978.9912   12.0818
    0.0000   30.0000  -37.500012418.8906   12.1175
    7.5000   30.0000  -37.500011863.1074   12.1106
   -7.5000   37.5000  -37.500012060.0889   12.1516
    0.0000   37.5000  -37.500012505.7500   12.1892
    7.5000   37.5000  -37.500011921.6016   12.1835
   -7.5000   45.0000  -37.500011605.5938   11.9867
    0.0000   45.0000  -37.500012045.7383   12.0244
    7.5000   45.0000  -37.500011444.0332   12.0175
   -7.5000  -45.0000  -30.0000 8227.0762   14.6368
    0.0000  -45.0000  -30.0000 8555.7764   14.6831
    7.5000  -45.0000  -30.0000 8205.7334   14.6783
   -7.5000  -37.5000  -30.0000 8776.9639   14.0754
    0.0000  -37.5000  -30.0000 9116.7910   14.1184
    7.5000  -37.5000  -30.0000 8735.6309   14.1126
   -7.5000  -30.0000  -30.0000 9745.7646   13.5819
    0.0000  -30.0000  -30.000010126.6758   13.6221
    7.5000  -30.0000  -30.0000 9702.1357   13.6138
   -7.5000  -22.5000  -30.000010759.9102   13.1492
    0.0000  -22.5000  -30.000011180.2686   13.1889
    7.5000  -22.5000  -30.000010705.5625   13.1817
   -7.5000  -15.0000  -30.000011737.1953   12.8298
    0.0000  -15.0000  -30.000012195.2754   12.8697
    7.5000  -15.0000  -30.000011670.8975   12.8646
   -7.5000   -7.5000  -30.000012699.4639   12.5980
    0.0000   -7.5000  -30.000013202.2256   12.6376
    7.5000   -7.5000  -30.000012604.9248   12.6336
   -7.5000    0.0000  -30.000013662.5986   12.4812
    0.0000    0.0000  -30.000014199.6914   12.5197
    7.5000    0.0000  -30.000013538.0996   12.5151
   -7.5000    7.5000  -30.000013606.0010   12.4961
    0.0000    7.5000  -30.000014124.3262   12.5339
    7.5000    7.5000  -30.000013478.4600   12.5276
   -7.5000   15.0000  -30.000013431.9922   12.5100
    0.0000   15.0000  -30.000013923.9766   12.5470
    7.5000   15.0000  -30.000013297.9238   12.5390
   -7.5000   22.5000  -30.000013188.4248   12.5265
    0.0000   22.5000  -30.000013695.0000   12.5642
    7.5000   22.5000  -30.000013053.4434   12.5562
   -7.5000   30.0000  -30.000012843.8936   12.4475
    0.0000   30.0000  -30.000013312.1914   12.4867
    7.5000   30.0000  -30.000012691.7021   12.4807
   -7.5000   37.5000  -30.000012894.8271   12.5118
    0.0000   37.5000  -30.000013363.6592   12.5525
    7.5000   37.5000  -30.000012730.1064   12.5479
   -7.5000   45.0000  -30.000012403.2578   12.3450
    0.0000   45.0000  -30.000012858.5039   12.3846
    7.5000   45.0000  -30.000012223.9424   12.3796
   -7.5000  -45.0000  -22.5000 8742.9678   14.9847
    0.0000  -45.0000  -22.5000 9099.0967   15.0319
    7.5000  -45.0000  -22.5000 8724.5850   15.0267
   -7.5000  -37.5000  -22.5000 9337.8203   14.4041
    0.0000  -37.5000  -22.5000 9701.9863   14.4472
    7.5000  -37.5000  -22.5000 9299.1064   14.4431
   -7.5000  -30.0000  -22.500010392.8379   13.8976
    0.0000  -30.0000  -22.500010808.6387   13.9380
    7.5000  -30.0000  -22.500010339.0684   13.9318
   -7.5000  -22.5000  -22.500011496.8916   13.4567
    0.0000  -22.5000  -22.500011960.3076   13.4972
    7.5000  -22.5000  -22.500011427.7090   13.4902
   -7.5000  -15.0000  -22.500012540.3955   13.1284
    0.0000  -15.0000  -22.500013056.5977   13.1700
    7.5000  -15.0000  -22.500012451.3359   13.1632
   -7.5000   -7.5000  -22.500013569.8398   12.8852
    0.0000   -7.5000  -22.500014128.2100   12.9265
    7.5000   -7.5000  -22.500013474.1416   12.9204
   -7.5000    0.0000  -22.500014588.4512   12.7587
    0.0000    0.0000  -22.500015181.0420   12.7983
    7.5000    0.0000  -22.500014482.5107   12.7929
   -7.5000    7.5000  -22.500014525.2305   12.7721
    0.0000    7.5000  -22.500015108.3330   12.8104
    7.5000    7.5000  -22.500014415.4785   12.8052
   -7.5000   15.0000  -22.500014362.1523   12.7888
    0.0000   15.0000  -22.500014915.8613   12.8261
    7.5000   15.0000  -22.500014224.5889   12.8198
   -7.5000   22.5000  -22.500014133.1260   12.8093
    0.0000   22.5000  -22.500014686.8350   12.8478
    7.5000   22.5000  -22.500013972.3408   12.8400
   -7.5000   30.0000  -22.500013733.4473   12.7336
    0.0000   30.0000  -22.500014242.3262   12.7744
    7.5000   30.0000  -22.500013553.0400   12.7668
   -7.5000   37.5000  -22.500013764.9316   12.7941
    0.0000   37.5000  -22.500014275.3555   12.8364
    7.5000   37.5000  -22.500013592.6973   12.8297
   -7.5000   45.0000  -22.500013200.9395   12.6248
    0.0000   45.0000  -22.500013696.4521   12.6655
    7.5000   45.0000  -22.500013031.8799   12.6595
   -7.5000  -45.0000  -15.0000 9272.4443   15.1825
    0.0000  -45.0000  -15.0000 9663.6279   15.2308
    7.5000  -45.0000  -15.0000 9261.0332   15.2229
   -7.5000  -37.5000  -15.0000 9921.1670   14.5865
    0.0000  -37.5000  -15.000010324.1260   14.6308
    7.5000  -37.5000  -15.0000 9881.5322   14.6254
   -7.5000  -30.0000  -15.000011056.2607   14.0679
    0.0000  -30.0000  -15.000011504.9102   14.1088
    7.5000  -30.0000  -15.000010989.9414   14.1024
   -7.5000  -22.5000  -15.000012238.5029   13.6215
    0.0000  -22.5000  -15.000012737.1543   13.6615
    7.5000  -22.5000  -15.000012153.3535   13.6537
   -7.5000  -15.0000  -15.000013363.3076   13.2899
    0.0000  -15.0000  -15.000013928.8574   13.3312
    7.5000  -15.0000  -15.000013263.6572   13.3221
   -7.5000   -7.5000  -15.000014455.9102   13.0415
    0.0000   -7.5000  -15.000015051.3018   13.0833
    7.5000   -7.5000  -15.000014341.0498   13.0744
   -7.5000    0.0000  -15.000015531.1104   12.9085
    0.0000    0.0000  -15.000016166.8135   12.9492
    7.5000    0.0000  -15.000015410.4629   12.9416
   -7.5000    7.5000  -15.000015476.8779   12.9172
    0.0000    7.5000  -15.000016103.1387   12.9564
    7.5000    7.5000  -15.000015349.2617   12.9502
   -7.5000   15.0000  -15.000015323.1094   12.9322
    0.0000   15.0000  -15.000015939.5391   12.9698
    7.5000   15.0000  -15.000015169.5293   12.9632
   -7.5000   22.5000  -15.000015033.8145   12.9555
    0.0000   22.5000  -15.000015665.6328   12.9936
    7.5000   22.5000  -15.000014861.9043   12.9848
   -7.5000   30.0000  -15.000014568.8379   12.8861
    0.0000   30.0000  -15.000015160.0000   12.9266
    7.5000   30.0000  -15.000014384.8926   12.9166
   -7.5000   37.5000  -15.000014642.0039   12.9467
    0.0000   37.5000  -15.000015214.3848   12.9892
    7.5000   37.5000  -15.000014461.3359   12.9796
   -7.5000   45.0000  -15.000014050.9521   12.7769
    0.0000   45.0000  -15.000014578.9521   12.8185
    7.5000   45.0000  -15.000013867.5703   12.8102
   -7.5000  -45.0000   -7.5000 9834.1777   15.2213
    0.0000  -45.0000   -7.500010248.9766   15.2706
    7.5000  -45.0000   -7.5000 9803.1895   15.2596
   -7.5000  -37.5000   -7.500010547.4961   14.6203
    0.0000  -37.5000   -7.500010981.4561   14.6663
    7.5000  -37.5000   -7.500010496.2773   14.6569
   -7.5000  -30.0000   -7.500011751.0869   14.0938
    0.0000  -30.0000   -7.500012238.6104   14.1356
    7.5000  -30.0000   -7.500011681.6611   14.1257
   -7.5000  -22.5000   -7.500013001.2148   13.6415
    0.0000  -22.5000   -7.500013540.8672   13.6810
    7.5000  -22.5000   -7.500012905.3594   13.6713
   -7.5000  -15.0000   -7.500014197.0576   13.3081
    0.0000  -15.0000   -7.500014800.2041   13.3482
    7.5000  -15.0000   -7.500014079.7168   13.3382
   -7.5000   -7.5000   -7.500015364.1201   13.0600
    0.0000   -7.5000   -7.500016004.0244   13.1011
    7.5000   -7.5000   -7.500015216.4316   13.0912
   -7.5000    0.0000   -7.500016517.8965   12.9276
    0.0000    0.0000   -7.500017213.0156   12.9687
    7.5000    0.0000   -7.500016347.6006   12.9591
   -7.5000    7.5000   -7.500016499.6816   12.9334
    0.0000    7.5000   -7.500017173.6133   12.9736
    7.5000    7.5000   -7.500016310.8467   12.9643
   -7.5000   15.0000   -7.500016343.8965   12.9440
    0.0000   15.0000   -7.500017046.1523   12.9822
    7.5000   15.0000   -7.500016121.3057   12.9726
   -7.5000   22.5000   -7.500015968.8398   12.9646
    0.0000   22.5000   -7.500016666.2695   13.0021
    7.5000   22.5000   -7.500015730.2656   12.9915
   -7.5000   30.0000   -7.500015470.7295   12.8985
    0.0000   30.0000   -7.500016097.4629   12.9375
    7.5000   30.0000   -7.500015228.5762   12.9267
   -7.5000   37.5000   -7.500015561.6709   12.9620
    0.0000   37.5000   -7.500016196.5166   13.0037
    7.5000   37.5000   -7.500015349.2197   12.9930
   -7.5000   45.0000   -7.500014951.0938   12.7949
    0.0000   45.0000   -7.500015530.9287   12.8370
    7.5000   45.0000   -7.500014738.0645   12.8266
   -7.5000  -45.0000    0.000010304.9688   15.2300
    0.0000  -45.0000    0.000010729.9043   15.2793
    7.5000  -45.0000    0.000010258.4209   15.2678
   -7.5000  -37.5000    0.000011090.2363   14.6329
    0.0000  -37.5000    0.000011551.5645   14.6799
    7.5000  -37.5000    0.000011017.5713   14.6678
   -7.5000  -30.0000    0.000012356.6582   14.1053
    0.0000  -30.0000    0.000012876.5391   14.1482
    7.5000  -30.0000    0.000012263.0957   14.1355
   -7.5000  -22.5000    0.000013650.8926   13.6491
    0.0000  -22.5000    0.000014233.7979   13.6892
    7.5000  -22.5000    0.000013550.9863   13.6786
   -7.5000  -15.0000    0.000014901.2061   13.3144
    0.0000  -15.0000    0.000015524.3799   13.3539
    7.5000  -15.0000    0.000014772.2275   13.3452
   -7.5000   -7.5000    0.000016137.5029   13.0688
    0.0000   -7.5000    0.000016790.1426   13.1092
    7.5000   -7.5000    0.000015954.2637   13.1008
   -7.5000    0.0000    0.000017387.2188   12.9400
    0.0000    0.0000    0.000018078.2500   12.9810
    7.5000    0.0000    0.000017137.4023   12.9713
   -7.5000    7.5000    0.000017460.6309   12.9473
    0.0000    7.5000    0.000018140.9609   12.9880
    7.5000    7.5000    0.000017177.6738   12.9768
   -7.5000   15.0000    0.000017331.3086   12.9559
    0.0000   15.0000    0.000018133.4141   12.9949
    7.5000   15.0000    0.000016993.1465   12.9830
   -7.5000   22.5000    0.000016878.0020   12.9731
    0.0000   22.5000    0.000017634.9785   13.0110
    7.5000   22.5000    0.000016576.3066   12.9996
   -7.5000   30.0000    0.000016304.8027   12.9056
    0.0000   30.0000    0.000016983.3262   12.9441
    7.5000   30.0000    0.000016065.3252   12.9344
   -7.5000   37.5000    0.000016420.5449   12.9712
    0.0000   37.5000    0.000017091.1699   13.0123
    7.5000   37.5000    0.000016193.4600   13.0031
   -7.5000   45.0000    0.000015775.4336   12.8077
    0.0000   45.0000    0.000016405.2207   12.8497
    7.5000   45.0000    0.000015556.7119   12.8394
   -7.5000  -45.0000    7.5000 9949.7451   15.2531
    0.0000  -45.0000    7.500010344.8535   15.3029
    7.5000  -45.0000    7.5000 9910.4326   15.2947
   -7.5000  -37.5000    7.500010757.9658   14.6603
    0.0000  -37.5000    7.500011186.1523   14.7075
    7.5000  -37.5000    7.500010673.7188   14.6975
   -7.5000  -30.0000    7.500012012.9014   14.1360
    0.0000  -30.0000    7.500012512.3662   14.1798
    7.5000  -30.0000    7.500011909.8154   14.1680
   -7.5000  -22.5000    7.500013265.1025   13.6778
    0.0000  -22.5000    7.500013820.0391   13.7196
    7.5000  -22.5000    7.500013139.1221   13.7103
   -7.5000  -15.0000    7.500014461.7402   13.3394
    0.0000  -15.0000    7.500015056.9707   13.3806
    7.5000  -15.0000    7.500014310.8584   13.3741
   -7.5000   -7.5000    7.500015650.3955   13.0918
    0.0000   -7.5000    7.500016269.4824   13.1331
    7.5000   -7.5000    7.500015463.9268   13.1275
   -7.5000    0.0000    7.500016930.9512   12.9641
    0.0000    0.0000    7.500017554.4277   13.0054
    7.5000    0.0000    7.500016652.6035   12.9983
   -7.5000    7.5000    7.500017159.0547   12.9756
    0.0000    7.5000    7.500017817.5059   13.0168
    7.5000    7.5000    7.500016749.5547   13.0072
   -7.5000   15.0000    7.500017117.9238   12.9872
    0.0000   15.0000    7.500017946.6621   13.0272
    7.5000   15.0000    7.500016670.2500   13.0163
   -7.5000   22.5000    7.500016572.8223   13.0030
    0.0000   22.5000    7.500017305.3008   13.0426
    7.5000   22.5000    7.500016249.9902   13.0325
   -7.5000   30.0000    7.500015985.6514   12.9312
    0.0000   30.0000    7.500016652.9473   12.9715
    7.5000   30.0000    7.500015774.4404   12.9640
   -7.5000   37.5000    7.500016098.3545   12.9947
    0.0000   37.5000    7.500016775.9453   13.0369
    7.5000   37.5000    7.500015893.5439   13.0306
   -7.5000   45.0000    7.500015464.6807   12.8320
    0.0000   45.0000    7.500016111.4424   12.8743
    7.5000   45.0000    7.500015250.2070   12.8669
   -7.5000  -45.0000   15.0000 9543.7012   15.3824
    0.0000  -45.0000   15.0000 9942.0322   15.4322
    7.5000  -45.0000   15.0000 9485.8945   15.4270
   -7.5000  -37.5000   15.000010329.0215   14.7841
    0.0000  -37.5000   15.000010754.1152   14.8304
    7.5000  -37.5000   15.000010240.9277   14.8242
   -7.5000  -30.0000   15.000011561.8857   14.2577
    0.0000  -30.0000   15.000012036.3291   14.3011
    7.5000  -30.0000   15.000011452.7861   14.2925
   -7.5000  -22.5000   15.000012758.0771   13.7961
    0.0000  -22.5000   15.000013267.9727   13.8389
    7.5000  -22.5000   15.000012628.7363   13.8315
   -7.5000  -15.0000   15.000013901.2656   13.4522
    0.0000  -15.0000   15.000014435.3164   13.4952
    7.5000  -15.0000   15.000013757.8135   13.4898
   -7.5000   -7.5000   15.000015025.3887   13.1995
    0.0000   -7.5000   15.000015581.9170   13.2420
    7.5000   -7.5000   15.000014881.8369   13.2378
   -7.5000    0.0000   15.000016233.5586   13.0704
    0.0000    0.0000   15.000016821.1543   13.1117
    7.5000    0.0000   15.000016042.5410   13.1068
   -7.5000    7.5000   15.000016456.9492   13.0850
    0.0000    7.5000   15.000017103.8906   13.1257
    7.5000    7.5000   15.000016124.3428   13.1190
   -7.5000   15.0000   15.000016508.1504   13.1004
    0.0000   15.0000   15.000017208.1582   13.1405
    7.5000   15.0000   15.000016020.2695   13.1322
   -7.5000   22.5000   15.000016148.6592   13.1171
    0.0000   22.5000   15.000016786.1562   13.1578
    7.5000   22.5000   15.000015687.8730   13.1496
   -7.5000   30.0000   15.000015624.1768   13.0422
    0.0000   30.0000   15.000016239.9258   13.0843
    7.5000   30.0000   15.000015233.4463   13.0781
   -7.5000   37.5000   15.000015696.2139   13.1037
    0.0000   37.5000   15.000016315.6113   13.1471
    7.5000   37.5000   15.000015316.1914   13.1424
   -7.5000   45.0000   15.000015019.8828   12.9394
    0.0000   45.0000   15.000015612.9062   12.9819
    7.5000   45.0000   15.000014669.4033   12.9766
   -7.5000  -45.0000   22.5000 9080.4531   15.5946
    0.0000  -45.0000   22.5000 9472.2402   15.6437
    7.5000  -45.0000   22.5000 9031.0957   15.6385
   -7.5000  -37.5000   22.5000 9839.2393   14.9814
    0.0000  -37.5000   22.500010258.1846   15.0261
    7.5000  -37.5000   22.5000 9767.5928   15.0220
   -7.5000  -30.0000   22.500011024.4082   14.4463
    0.0000  -30.0000   22.500011490.7305   14.4881
    7.5000  -30.0000   22.500010936.6084   14.4821
   -7.5000  -22.5000   22.500012149.9883   13.9804
    0.0000  -22.5000   22.500012656.7090   14.0221
    7.5000  -22.5000   22.500012068.0439   14.0152
   -7.5000  -15.0000   22.500013227.7158   13.6325
    0.0000  -15.0000   22.500013763.1592   13.6754
    7.5000  -15.0000   22.500013138.1934   13.6685
   -7.5000   -7.5000   22.500014313.3809   13.3746
    0.0000   -7.5000   22.500014887.6934   13.4172
    7.5000   -7.5000   22.500014189.6094   13.4108
   -7.5000    0.0000   22.500015489.4062   13.2406
    0.0000    0.0000   22.500016085.7656   13.2817
    7.5000    0.0000   22.500015280.7451   13.2762
   -7.5000    7.5000   22.500015611.5264   13.2539
    0.0000    7.5000   22.500016247.0586   13.2936
    7.5000    7.5000   22.500015314.7607   13.2885
   -7.5000   15.0000   22.500015624.1611   13.2712
    0.0000   15.0000   22.500016260.0283   13.3098
    7.5000   15.0000   22.500015185.9863   13.3036
   -7.5000   22.5000   22.500015564.8350   13.2913
    0.0000   22.5000   22.500016085.4629   13.3310
    7.5000   22.5000   22.500014946.5889   13.3230
   -7.5000   30.0000   22.500015246.4570   13.2179
    0.0000   30.0000   22.500015686.0342   13.2599
    7.5000   30.0000   22.500014547.3516   13.2519
   -7.5000   37.5000   22.500015196.1797   13.2792
    0.0000   37.5000   22.500015652.2197   13.3229
    7.5000   37.5000   22.500014590.6064   13.3159
   -7.5000   45.0000   22.500014409.8262   13.1091
    0.0000   45.0000   22.500014883.2031   13.1513
    7.5000   45.0000   22.500013956.4873   13.1453
   -7.5000  -45.0000   30.0000 8517.4209   15.8450
    0.0000  -45.0000   30.0000 8886.7021   15.8940
    7.5000  -45.0000   30.0000 8484.6572   15.8860
   -7.5000  -37.5000   30.0000 9220.9795   15.2154
    0.0000  -37.5000   30.0000 9621.7031   15.2601
    7.5000  -37.5000   30.0000 9175.6465   15.2546
   -7.5000  -30.0000   30.000010311.7598   14.6662
    0.0000  -30.0000   30.000010760.4219   14.7070
    7.5000  -30.0000   30.000010274.3223   14.7004
   -7.5000  -22.5000   30.000011372.3438   14.1926
    0.0000  -22.5000   30.000011852.0508   14.2325
    7.5000  -22.5000   30.000011324.1895   14.2241
   -7.5000  -15.0000   30.000012412.2139   13.8410
    0.0000  -15.0000   30.000012930.0117   13.8824
    7.5000  -15.0000   30.000012337.6436   13.8726
   -7.5000   -7.5000   30.000013446.1260   13.5791
    0.0000   -7.5000   30.000014013.0244   13.6211
    7.5000   -7.5000   30.000013345.3086   13.6118
   -7.5000    0.0000   30.000014535.8945   13.4408
    0.0000    0.0000   30.000015147.1836   13.4820
    7.5000    0.0000   30.000014374.0479   13.4741
   -7.5000    7.5000   30.000014598.5557   13.4497
    0.0000    7.5000   30.000015206.6299   13.4892
    7.5000    7.5000   30.000014404.4297   13.4829
   -7.5000   15.0000   30.000014508.3105   13.4648
    0.0000   15.0000   30.000015094.8535   13.5025
    7.5000   15.0000   30.000014285.3906   13.4956
   -7.5000   22.5000   30.000014332.6514   13.4877
    0.0000   22.5000   30.000014910.2236   13.5256
    7.5000   22.5000   30.000014076.7461   13.5164
   -7.5000   30.0000   30.000014018.7549   13.4183
    0.0000   30.0000   30.000014580.1826   13.4587
    7.5000   30.0000   30.000013737.7080   13.4481
   -7.5000   37.5000   30.000014108.3633   13.4820
    0.0000   37.5000   30.000014650.9717   13.5249
    7.5000   37.5000   30.000013798.9766   13.5148
   -7.5000   45.0000   30.000013476.4404   13.3053
    0.0000   45.0000   30.000013979.5264   13.3473
    7.5000   45.0000   30.000013188.7227   13.3387
   -7.5000  -45.0000   37.5000 8246.6904   16.1511
    0.0000  -45.0000   37.5000 8590.6602   16.2001
    7.5000  -45.0000   37.5000 8211.9561   16.1884
   -7.5000  -37.5000   37.5000 8916.9639   15.5065
    0.0000  -37.5000   37.5000 9293.7139   15.5522
    7.5000  -37.5000   37.5000 8871.2207   15.5422
   -7.5000  -30.0000   37.5000 9963.9033   14.9398
    0.0000  -30.0000   37.500010375.2617   14.9810
    7.5000  -30.0000   37.5000 9919.6006   14.9704
   -7.5000  -22.5000   37.500010978.9209   14.4547
    0.0000  -22.5000   37.500011423.0391   14.4936
    7.5000  -22.5000   37.500010939.0693   14.4830
   -7.5000  -15.0000   37.500011990.9658   14.1012
    0.0000  -15.0000   37.500012469.4844   14.1407
    7.5000  -15.0000   37.500011937.8389   14.1298
   -7.5000   -7.5000   37.500013001.9541   13.8419
    0.0000   -7.5000   37.500013505.3906   13.8827
    7.5000   -7.5000   37.500012931.4365   13.8722
   -7.5000    0.0000   37.500014023.8105   13.7065
    0.0000    0.0000   37.500014566.7861   13.7477
    7.5000    0.0000   37.500013945.1494   13.7374
   -7.5000    7.5000   37.500014013.1631   13.7121
    0.0000    7.5000   37.500014532.9395   13.7524
    7.5000    7.5000   37.500013963.0322   13.7425
   -7.5000   15.0000   37.500013873.9463   13.7208
    0.0000   15.0000   37.500014381.3398   13.7588
    7.5000   15.0000   37.500013825.0947   13.7486
   -7.5000   22.5000   37.500013674.5459   13.7409
    0.0000   22.5000   37.500014170.3633   13.7778
    7.5000   22.5000   37.500013610.0010   13.7665
   -7.5000   30.0000   37.500013366.1660   13.6734
    0.0000   30.0000   37.500013855.0781   13.7120
    7.5000   30.0000   37.500013266.6650   13.7003
   -7.5000   37.5000   37.500013472.9121   13.7448
    0.0000   37.5000   37.500013976.0918   13.7864
    7.5000   37.5000   37.500013346.3926   13.7749
   -7.5000   45.0000   37.500012962.7832   13.5657
    0.0000   45.0000   37.500013446.1689   13.6077
    7.5000   45.0000   37.500012824.0615   13.5965
   -7.5000  -45.0000   45.0000 7684.9502   16.5497
    0.0000  -45.0000   45.0000 7990.1572   16.5999
    7.5000  -45.0000   45.0000 7649.5459   16.5865
   -7.5000  -37.5000   45.0000 8307.9824   15.8861
    0.0000  -37.5000   45.0000 8641.6094   15.9338
    7.5000  -37.5000   45.0000 8277.0635   15.9198
   -7.5000  -30.0000   45.0000 9283.5986   15.2986
    0.0000  -30.0000   45.0000 9650.2236   15.3417
    7.5000  -30.0000   45.0000 9249.1387   15.3272
   -7.5000  -22.5000   45.000010216.9854   14.7953
    0.0000  -22.5000   45.000010617.1807   14.8355
    7.5000  -22.5000   45.000010177.5732   14.8235
   -7.5000  -15.0000   45.000011149.5146   14.4338
    0.0000  -15.0000   45.000011565.8184   14.4736
    7.5000  -15.0000   45.000011097.8066   14.4635
   -7.5000   -7.5000   45.000012073.8418   14.1735
    0.0000   -7.5000   45.000012522.6963   14.2144
    7.5000   -7.5000   45.000012015.6152   14.2047
   -7.5000    0.0000   45.000013009.0742   14.0415
    0.0000    0.0000   45.000013491.3525   14.0836
    7.5000    0.0000   45.000012940.5312   14.0723
   -7.5000    7.5000   45.000012972.3428   14.0480
    0.0000    7.5000   45.000013436.4385   14.0898
    7.5000    7.5000   45.000012916.1738   14.0768
   -7.5000   15.0000   45.000012833.9326   14.0520
    0.0000   15.0000   45.000013283.1943   14.0916
    7.5000   15.0000   45.000012790.6279   14.0781
   -7.5000   22.5000   45.000012618.9082   14.0671
    0.0000   22.5000   45.000013069.4463   14.1053
    7.5000   22.5000   45.000012585.6377   14.0925
   -7.5000   30.0000   45.000012332.4619   13.9974
    0.0000   30.0000   45.000012760.2959   14.0363
    7.5000   30.0000   45.000012266.6797   14.0253
   -7.5000   37.5000   45.000012453.7197   14.0757
    0.0000   37.5000   45.000012880.4473   14.1173
    7.5000   37.5000   45.000012354.3057   14.1067
   -7.5000   45.0000   45.000012002.3281   13.9030
    0.0000   45.0000   45.000012440.1270   13.9459
    7.5000   45.0000   45.000011900.4072   13.9337

---------------------------------------------------------------------
imgreg_4dfp /opt/freesurfer/average/711-2C_as_mni_average_305 /opt/freesurfer/average/711-2B_as_mni_average_305_mask talsrcimg_g11 none talsrcimg_to_711-2C_as_mni_average_305_t4 4355
---------------------------------------------------------------------

freesurfer imgreg_4dfp.c
/opt/freesurfer/average/711-2C_as_mni_average_305.4dfp.img
       256       256       256         1
  1.000000  1.000000  1.000000
orientation T byte_order littleendian
Reading image: /opt/freesurfer/average/711-2C_as_mni_average_305.4dfp.img
dimensions:      256       256       256
mmppix:       1.0000   -1.0000   -1.0000
center:     128.0000 -129.0000 -129.0000
/opt/freesurfer/average/711-2B_as_mni_average_305_mask.4dfp.img
       256       256       256         1
  1.000000  1.000000  1.000000
orientation T byte_order littleendian
Reading mask: /opt/freesurfer/average/711-2B_as_mni_average_305_mask.4dfp.img (2306576 pixels)
talsrcimg_g11.4dfp.img
       256       256       256         1
  1.000000  1.000000  1.000000
orientation T byte_order littleendian
Reading image: talsrcimg_g11.4dfp.img
dimensions:      256       256       256
mmppix:       1.0000   -1.0000   -1.0000
center:     128.0000 -129.0000 -129.0000
rotation matrix determinant  1.000000
image alignment mode   4355 decimal     1103 hex
   -7.5000  -37.5000  -45.0000 2239.0630   25.7640
    0.0000  -37.5000  -45.0000 2233.0020   25.8194
    7.5000  -37.5000  -45.0000 2230.1670   26.0433
   -7.5000  -30.0000  -45.0000 2291.2039   23.5659
    0.0000  -30.0000  -45.0000 2284.8157   23.5981
    7.5000  -30.0000  -45.0000 2281.1946   23.7948
   -7.5000  -22.5000  -45.0000 2351.0632   21.6836
    0.0000  -22.5000  -45.0000 2348.5496   21.7251
    7.5000  -22.5000  -45.0000 2340.2051   21.8806
   -7.5000  -15.0000  -45.0000 2393.8533   20.2274
    0.0000  -15.0000  -45.0000 2391.6619   20.2781
    7.5000  -15.0000  -45.0000 2385.5486   20.4130
   -7.5000   -7.5000  -45.0000 2444.3645   19.2041
    0.0000   -7.5000  -45.0000 2441.6243   19.2456
    7.5000   -7.5000  -45.0000 2429.2805   19.3413
   -7.5000    0.0000  -45.0000 2480.6648   18.4179
    0.0000    0.0000  -45.0000 2476.2480   18.4486
    7.5000    0.0000  -45.0000 2467.1323   18.5535
   -7.5000    7.5000  -45.0000 2490.8513   17.7938
    0.0000    7.5000  -45.0000 2491.1094   17.8215
    7.5000    7.5000  -45.0000 2474.3391   17.9227
   -7.5000   15.0000  -45.0000 2491.4546   17.3124
    0.0000   15.0000  -45.0000 2492.9053   17.3069
    7.5000   15.0000  -45.0000 2478.1433   17.4212
   -7.5000   22.5000  -45.0000 2493.2117   17.0791
    0.0000   22.5000  -45.0000 2491.6145   17.0677
    7.5000   22.5000  -45.0000 2478.8674   17.1765
   -7.5000   30.0000  -45.0000 2488.8433   17.1545
    0.0000   30.0000  -45.0000 2488.4004   17.1155
    7.5000   30.0000  -45.0000 2469.3618   17.1719
   -7.5000   37.5000  -45.0000 2482.0330   17.3760
    0.0000   37.5000  -45.0000 2480.2629   17.3321
    7.5000   37.5000  -45.0000 2460.4851   17.4201
   -7.5000   45.0000  -45.0000 2456.0850   17.7979
    0.0000   45.0000  -45.0000 2456.3130   17.7673
    7.5000   45.0000  -45.0000 2438.6707   17.8443
   -7.5000   52.5000  -45.0000 2409.5503   18.3458
    0.0000   52.5000  -45.0000 2407.8333   18.3216
    7.5000   52.5000  -45.0000 2385.2078   18.4184
   -7.5000  -37.5000  -37.5000 2293.5884   24.2666
    0.0000  -37.5000  -37.5000 2301.4822   24.4265
    7.5000  -37.5000  -37.5000 2296.2534   24.5233
   -7.5000  -30.0000  -37.5000 2349.8506   22.1594
    0.0000  -30.0000  -37.5000 2352.9333   22.2586
    7.5000  -30.0000  -37.5000 2347.3252   22.3432
   -7.5000  -22.5000  -37.5000 2411.1130   20.3630
    0.0000  -22.5000  -37.5000 2416.8691   20.4443
    7.5000  -22.5000  -37.5000 2407.7075   20.5142
   -7.5000  -15.0000  -37.5000 2462.4746   19.0018
    0.0000  -15.0000  -37.5000 2471.0347   19.0628
    7.5000  -15.0000  -37.5000 2461.4771   19.1556
   -7.5000   -7.5000  -37.5000 2511.2117   17.9720
    0.0000   -7.5000  -37.5000 2521.5334   18.0480
    7.5000   -7.5000  -37.5000 2510.3850   18.1485
   -7.5000    0.0000  -37.5000 2555.8384   17.2339
    0.0000    0.0000  -37.5000 2562.0825   17.2860
    7.5000    0.0000  -37.5000 2547.2827   17.3874
   -7.5000    7.5000  -37.5000 2571.7402   16.6270
    0.0000    7.5000  -37.5000 2578.3831   16.6671
    7.5000    7.5000  -37.5000 2558.9316   16.7705
   -7.5000   15.0000  -37.5000 2577.1074   16.1790
    0.0000   15.0000  -37.5000 2579.4351   16.1857
    7.5000   15.0000  -37.5000 2559.3855   16.2814
   -7.5000   22.5000  -37.5000 2577.8850   15.9538
    0.0000   22.5000  -37.5000 2576.2488   15.9322
    7.5000   22.5000  -37.5000 2560.4153   16.0354
   -7.5000   30.0000  -37.5000 2570.1909   15.9395
    0.0000   30.0000  -37.5000 2569.5198   15.8870
    7.5000   30.0000  -37.5000 2555.6902   15.9861
   -7.5000   37.5000  -37.5000 2561.8530   16.0521
    0.0000   37.5000  -37.5000 2562.7146   16.0267
    7.5000   37.5000  -37.5000 2544.5989   16.1330
   -7.5000   45.0000  -37.5000 2545.7131   16.4673
    0.0000   45.0000  -37.5000 2548.6050   16.4335
    7.5000   45.0000  -37.5000 2527.6926   16.5412
   -7.5000   52.5000  -37.5000 2500.0237   17.0628
    0.0000   52.5000  -37.5000 2496.8665   17.0190
    7.5000   52.5000  -37.5000 2478.4290   17.1240
   -7.5000  -37.5000  -30.0000 2384.0808   23.8636
    0.0000  -37.5000  -30.0000 2392.4402   23.9735
    7.5000  -37.5000  -30.0000 2386.2793   24.0116
   -7.5000  -30.0000  -30.0000 2445.6277   21.7791
    0.0000  -30.0000  -30.0000 2452.9343   21.8403
    7.5000  -30.0000  -30.0000 2449.4058   21.9059
   -7.5000  -22.5000  -30.0000 2516.5955   20.0651
    0.0000  -22.5000  -30.0000 2525.1052   20.1018
    7.5000  -22.5000  -30.0000 2516.0164   20.1525
   -7.5000  -15.0000  -30.0000 2575.5432   18.6548
    0.0000  -15.0000  -30.0000 2584.9797   18.6953
    7.5000  -15.0000  -30.0000 2574.5552   18.7867
   -7.5000   -7.5000  -30.0000 2629.8679   17.5547
    0.0000   -7.5000  -30.0000 2640.3992   17.6140
    7.5000   -7.5000  -30.0000 2627.1631   17.7176
   -7.5000    0.0000  -30.0000 2671.6692   16.7598
    0.0000    0.0000  -30.0000 2681.6497   16.8200
    7.5000    0.0000  -30.0000 2660.7629   16.9120
   -7.5000    7.5000  -30.0000 2692.5444   16.1586
    0.0000    7.5000  -30.0000 2697.2212   16.1699
    7.5000    7.5000  -30.0000 2679.1021   16.2944
   -7.5000   15.0000  -30.0000 2704.0762   15.7292
    0.0000   15.0000  -30.0000 2704.8108   15.7130
    7.5000   15.0000  -30.0000 2686.8130   15.8306
   -7.5000   22.5000  -30.0000 2706.7798   15.4329
    0.0000   22.5000  -30.0000 2709.1367   15.4221
    7.5000   22.5000  -30.0000 2691.4019   15.5370
   -7.5000   30.0000  -30.0000 2706.3362   15.3861
    0.0000   30.0000  -30.0000 2703.9204   15.3509
    7.5000   30.0000  -30.0000 2688.9170   15.4807
   -7.5000   37.5000  -30.0000 2694.4348   15.4917
    0.0000   37.5000  -30.0000 2694.4871   15.4763
    7.5000   37.5000  -30.0000 2677.0220   15.6061
   -7.5000   45.0000  -30.0000 2682.0054   15.8970
    0.0000   45.0000  -30.0000 2685.0684   15.8636
    7.5000   45.0000  -30.0000 2660.5500   16.0008
   -7.5000   52.5000  -30.0000 2633.3127   16.5147
    0.0000   52.5000  -30.0000 2633.1702   16.4792
    7.5000   52.5000  -30.0000 2609.2632   16.5804
   -7.5000  -37.5000  -22.5000 2450.2844   23.2983
    0.0000  -37.5000  -22.5000 2453.2024   23.3729
    7.5000  -37.5000  -22.5000 2450.4373   23.4615
   -7.5000  -30.0000  -22.5000 2512.4949   21.2312
    0.0000  -30.0000  -22.5000 2521.9431   21.2909
    7.5000  -30.0000  -22.5000 2512.4814   21.3546
   -7.5000  -22.5000  -22.5000 2589.4666   19.5356
    0.0000  -22.5000  -22.5000 2599.7073   19.5804
    7.5000  -22.5000  -22.5000 2585.2412   19.6142
   -7.5000  -15.0000  -22.5000 2656.9224   18.1614
    0.0000  -15.0000  -22.5000 2668.0183   18.2040
    7.5000  -15.0000  -22.5000 2650.0576   18.2757
   -7.5000   -7.5000  -22.5000 2716.8899   17.0837
    0.0000   -7.5000  -22.5000 2726.7871   17.1176
    7.5000   -7.5000  -22.5000 2707.7444   17.2054
   -7.5000    0.0000  -22.5000 2756.2480   16.2215
    0.0000    0.0000  -22.5000 2763.4866   16.2395
    7.5000    0.0000  -22.5000 2743.8638   16.3465
   -7.5000    7.5000  -22.5000 2778.6716   15.5642
    0.0000    7.5000  -22.5000 2781.5862   15.5618
    7.5000    7.5000  -22.5000 2765.8362   15.7061
   -7.5000   15.0000  -22.5000 2798.1509   15.1294
    0.0000   15.0000  -22.5000 2796.9434   15.1079
    7.5000   15.0000  -22.5000 2783.3384   15.2446
   -7.5000   22.5000  -22.5000 2810.0012   14.8058
    0.0000   22.5000  -22.5000 2809.9919   14.7999
    7.5000   22.5000  -22.5000 2792.3076   14.9180
   -7.5000   30.0000  -22.5000 2814.9897   14.7420
    0.0000   30.0000  -22.5000 2811.5398   14.6913
    7.5000   30.0000  -22.5000 2795.4702   14.8437
   -7.5000   37.5000  -22.5000 2799.9331   14.8729
    0.0000   37.5000  -22.5000 2803.1953   14.8385
    7.5000   37.5000  -22.5000 2780.4685   14.9787
   -7.5000   45.0000  -22.5000 2787.5076   15.3021
    0.0000   45.0000  -22.5000 2791.6360   15.2589
    7.5000   45.0000  -22.5000 2766.0281   15.4036
   -7.5000   52.5000  -22.5000 2737.0627   15.8802
    0.0000   52.5000  -22.5000 2738.9250   15.8659
    7.5000   52.5000  -22.5000 2711.0916   16.0053
   -7.5000  -37.5000  -15.0000 2481.8406   22.7651
    0.0000  -37.5000  -15.0000 2483.7041   22.8177
    7.5000  -37.5000  -15.0000 2480.3997   22.8976
   -7.5000  -30.0000  -15.0000 2549.1677   20.7212
    0.0000  -30.0000  -15.0000 2556.6101   20.7432
    7.5000  -30.0000  -15.0000 2546.3835   20.8073
   -7.5000  -22.5000  -15.0000 2629.8357   19.0312
    0.0000  -22.5000  -15.0000 2639.2881   19.0381
    7.5000  -22.5000  -15.0000 2623.6663   19.0829
   -7.5000  -15.0000  -15.0000 2696.1235   17.6461
    0.0000  -15.0000  -15.0000 2708.3486   17.6608
    7.5000  -15.0000  -15.0000 2687.7944   17.7185
   -7.5000   -7.5000  -15.0000 2753.9468   16.5559
    0.0000   -7.5000  -15.0000 2763.1375   16.5688
    7.5000   -7.5000  -15.0000 2744.3323   16.6531
   -7.5000    0.0000  -15.0000 2800.6038   15.7123
    0.0000    0.0000  -15.0000 2806.6218   15.7105
    7.5000    0.0000  -15.0000 2791.1255   15.8093
   -7.5000    7.5000  -15.0000 2827.2717   15.0262
    0.0000    7.5000  -15.0000 2830.1833   15.0021
    7.5000    7.5000  -15.0000 2816.7810   15.1135
   -7.5000   15.0000  -15.0000 2850.2305   14.5289
    0.0000   15.0000  -15.0000 2851.1819   14.4952
    7.5000   15.0000  -15.0000 2839.2314   14.6306
   -7.5000   22.5000  -15.0000 2866.9272   14.1852
    0.0000   22.5000  -15.0000 2870.5959   14.1658
    7.5000   22.5000  -15.0000 2851.3604   14.2988
   -7.5000   30.0000  -15.0000 2869.9148   14.0730
    0.0000   30.0000  -15.0000 2872.3181   14.0284
    7.5000   30.0000  -15.0000 2855.2271   14.1935
   -7.5000   37.5000  -15.0000 2866.5725   14.2687
    0.0000   37.5000  -15.0000 2867.9312   14.2148
    7.5000   37.5000  -15.0000 2852.4124   14.3997
   -7.5000   45.0000  -15.0000 2855.7651   14.7119
    0.0000   45.0000  -15.0000 2856.4558   14.6639
    7.5000   45.0000  -15.0000 2839.4556   14.8593
   -7.5000   52.5000  -15.0000 2797.0813   15.3011
    0.0000   52.5000  -15.0000 2795.2642   15.2611
    7.5000   52.5000  -15.0000 2777.8083   15.4311
   -7.5000  -37.5000   -7.5000 2493.4634   22.2802
    0.0000  -37.5000   -7.5000 2501.5605   22.3753
    7.5000  -37.5000   -7.5000 2492.6660   22.4139
   -7.5000  -30.0000   -7.5000 2567.0266   20.2636
    0.0000  -30.0000   -7.5000 2573.9707   20.2819
    7.5000  -30.0000   -7.5000 2567.2673   20.3303
   -7.5000  -22.5000   -7.5000 2647.8015   18.5530
    0.0000  -22.5000   -7.5000 2654.9114   18.5503
    7.5000  -22.5000   -7.5000 2643.9966   18.6129
   -7.5000  -15.0000   -7.5000 2709.7363   17.1466
    0.0000  -15.0000   -7.5000 2719.9224   17.1715
    7.5000  -15.0000   -7.5000 2705.9417   17.2254
   -7.5000   -7.5000   -7.5000 2770.9675   16.0812
    0.0000   -7.5000   -7.5000 2779.1047   16.0961
    7.5000   -7.5000   -7.5000 2764.6199   16.1570
   -7.5000    0.0000   -7.5000 2821.4204   15.1994
    0.0000    0.0000   -7.5000 2830.7419   15.2102
    7.5000    0.0000   -7.5000 2812.2620   15.2999
   -7.5000    7.5000   -7.5000 2858.7190   14.4905
    0.0000    7.5000   -7.5000 2865.8911   14.5000
    7.5000    7.5000   -7.5000 2848.3064   14.5930
   -7.5000   15.0000   -7.5000 2887.9224   13.9535
    0.0000   15.0000   -7.5000 2887.9824   13.9483
    7.5000   15.0000   -7.5000 2871.5542   14.0630
   -7.5000   22.5000   -7.5000 2907.2874   13.5766
    0.0000   22.5000   -7.5000 2908.4021   13.5732
    7.5000   22.5000   -7.5000 2886.9392   13.7255
   -7.5000   30.0000   -7.5000 2914.9631   13.4497
    0.0000   30.0000   -7.5000 2908.3459   13.4098
    7.5000   30.0000   -7.5000 2894.3835   13.6123
   -7.5000   37.5000   -7.5000 2911.9834   13.7104
    0.0000   37.5000   -7.5000 2912.1250   13.6460
    7.5000   37.5000   -7.5000 2899.9270   13.8653
   -7.5000   45.0000   -7.5000 2899.8376   14.1724
    0.0000   45.0000   -7.5000 2899.0479   14.1199
    7.5000   45.0000   -7.5000 2883.1270   14.3426
   -7.5000   52.5000   -7.5000 2838.4856   14.7604
    0.0000   52.5000   -7.5000 2832.0854   14.7200
    7.5000   52.5000   -7.5000 2823.1560   14.9306
   -7.5000  -37.5000    0.0000 2497.3633   22.1099
    0.0000  -37.5000    0.0000 2509.7258   22.1780
    7.5000  -37.5000    0.0000 2501.4819   22.2514
   -7.5000  -30.0000    0.0000 2568.3914   20.0250
    0.0000  -30.0000    0.0000 2581.6331   20.0788
    7.5000  -30.0000    0.0000 2572.8506   20.1354
   -7.5000  -22.5000    0.0000 2648.5146   18.2848
    0.0000  -22.5000    0.0000 2656.8303   18.3017
    7.5000  -22.5000    0.0000 2650.3962   18.3788
   -7.5000  -15.0000    0.0000 2712.8057   16.8595
    0.0000  -15.0000    0.0000 2718.0103   16.8780
    7.5000  -15.0000    0.0000 2711.3923   16.9771
   -7.5000   -7.5000    0.0000 2770.6753   15.7632
    0.0000   -7.5000    0.0000 2775.9294   15.7700
    7.5000   -7.5000    0.0000 2767.3701   15.8891
   -7.5000    0.0000    0.0000 2828.2563   14.8773
    0.0000    0.0000    0.0000 2833.4841   14.8883
    7.5000    0.0000    0.0000 2819.6155   15.0248
   -7.5000    7.5000    0.0000 2874.6179   14.1557
    0.0000    7.5000    0.0000 2880.6782   14.1535
    7.5000    7.5000    0.0000 2863.3555   14.2834
   -7.5000   15.0000    0.0000 2912.5828   13.5949
    0.0000   15.0000    0.0000 2918.4026   13.6074
    7.5000   15.0000    0.0000 2895.7744   13.7282
   -7.5000   22.5000    0.0000 2936.3765   13.1492
    0.0000   22.5000    0.0000 2934.4465   13.1599
    7.5000   22.5000    0.0000 2912.1655   13.3472
   -7.5000   30.0000    0.0000 2944.1746   13.0143
    0.0000   30.0000    0.0000 2935.4531   12.9877
    7.5000   30.0000    0.0000 2924.8523   13.2774
   -7.5000   37.5000    0.0000 2940.4146   13.2975
    0.0000   37.5000    0.0000 2940.9202   13.2590
    7.5000   37.5000    0.0000 2930.1912   13.5692
   -7.5000   45.0000    0.0000 2924.4163   13.7903
    0.0000   45.0000    0.0000 2924.8992   13.7361
    7.5000   45.0000    0.0000 2916.2427   14.0572
   -7.5000   52.5000    0.0000 2854.7075   14.4057
    0.0000   52.5000    0.0000 2854.2876   14.3698
    7.5000   52.5000    0.0000 2849.7712   14.6576
   -7.5000  -37.5000    7.5000 2495.7043   22.1812
    0.0000  -37.5000    7.5000 2504.4717   22.1294
    7.5000  -37.5000    7.5000 2508.1399   22.2843
   -7.5000  -30.0000    7.5000 2573.9993   20.0666
    0.0000  -30.0000    7.5000 2583.0649   19.9985
    7.5000  -30.0000    7.5000 2582.6084   20.1479
   -7.5000  -22.5000    7.5000 2651.3811   18.2733
    0.0000  -22.5000    7.5000 2657.8196   18.2136
    7.5000  -22.5000    7.5000 2658.1055   18.3836
   -7.5000  -15.0000    7.5000 2714.1265   16.8292
    0.0000  -15.0000    7.5000 2717.2795   16.7624
    7.5000  -15.0000    7.5000 2713.7241   16.9505
   -7.5000   -7.5000    7.5000 2769.4224   15.6852
    0.0000   -7.5000    7.5000 2772.6602   15.6189
    7.5000   -7.5000    7.5000 2765.5569   15.8224
   -7.5000    0.0000    7.5000 2826.8818   14.7868
    0.0000    0.0000    7.5000 2829.5332   14.7266
    7.5000    0.0000    7.5000 2819.8071   14.9014
   -7.5000    7.5000    7.5000 2882.5886   14.0535
    0.0000    7.5000    7.5000 2884.6965   14.0037
    7.5000    7.5000    7.5000 2868.6724   14.1414
   -7.5000   15.0000    7.5000 2937.2620   13.5135
    0.0000   15.0000    7.5000 2941.0747   13.5010
    7.5000   15.0000    7.5000 2917.6663   13.5985
   -7.5000   22.5000    7.5000 2961.3586   12.9793
    0.0000   22.5000    7.5000 2970.5259   13.0227
    7.5000   22.5000    7.5000 2939.0198   13.1964
   -7.5000   30.0000    7.5000 2963.0923   12.7607
    0.0000   30.0000    7.5000 2968.2705   12.7823
    7.5000   30.0000    7.5000 2951.0427   13.1370
   -7.5000   37.5000    7.5000 2957.1174   13.1161
    0.0000   37.5000    7.5000 2964.0183   13.1068
    7.5000   37.5000    7.5000 2953.7974   13.4717
   -7.5000   45.0000    7.5000 2940.4275   13.6281
    0.0000   45.0000    7.5000 2947.5271   13.6226
    7.5000   45.0000    7.5000 2935.1738   13.9326
   -7.5000   52.5000    7.5000 2875.4966   14.2601
    0.0000   52.5000    7.5000 2879.2134   14.2347
    7.5000   52.5000    7.5000 2866.3125   14.4918
   -7.5000  -37.5000   15.0000 2489.4187   22.4093
    0.0000  -37.5000   15.0000 2488.7930   22.2576
    7.5000  -37.5000   15.0000 2497.4434   22.4205
   -7.5000  -30.0000   15.0000 2568.2207   20.2222
    0.0000  -30.0000   15.0000 2570.0820   20.0535
    7.5000  -30.0000   15.0000 2574.3115   20.2294
   -7.5000  -22.5000   15.0000 2646.2561   18.4094
    0.0000  -22.5000   15.0000 2644.5632   18.2352
    7.5000  -22.5000   15.0000 2649.3655   18.4527
   -7.5000  -15.0000   15.0000 2706.4949   16.9396
    0.0000  -15.0000   15.0000 2698.5996   16.7723
    7.5000  -15.0000   15.0000 2708.2529   17.0344
   -7.5000   -7.5000   15.0000 2761.8787   15.7911
    0.0000   -7.5000   15.0000 2752.0413   15.6570
    7.5000   -7.5000   15.0000 2760.7935   15.9138
   -7.5000    0.0000   15.0000 2819.5662   14.8786
    0.0000    0.0000   15.0000 2809.9492   14.7765
    7.5000    0.0000   15.0000 2817.9910   14.9976
   -7.5000    7.5000   15.0000 2877.6265   14.1411
    0.0000    7.5000   15.0000 2872.4060   14.0656
    7.5000    7.5000   15.0000 2874.1482   14.2497
   -7.5000   15.0000   15.0000 2940.7236   13.6015
    0.0000   15.0000   15.0000 2943.7722   13.5863
    7.5000   15.0000   15.0000 2931.7292   13.6691
   -7.5000   22.5000   15.0000 2980.9111   13.1742
    0.0000   22.5000   15.0000 2993.2300   13.1445
    7.5000   22.5000   15.0000 2957.7578   13.2808
   -7.5000   30.0000   15.0000 2993.1780   12.9673
    0.0000   30.0000   15.0000 3007.0808   12.9595
    7.5000   30.0000   15.0000 2968.0798   13.1989
   -7.5000   37.5000   15.0000 2974.7859   13.2329
    0.0000   37.5000   15.0000 2982.8147   13.2431
    7.5000   37.5000   15.0000 2961.3745   13.4742
   -7.5000   45.0000   15.0000 2942.9790   13.7333
    0.0000   45.0000   15.0000 2948.5881   13.6866
    7.5000   45.0000   15.0000 2936.6682   13.8994
   -7.5000   52.5000   15.0000 2877.6362   14.3649
    0.0000   52.5000   15.0000 2879.4592   14.2766
    7.5000   52.5000   15.0000 2862.7415   14.4581
   -7.5000  -37.5000   22.5000 2482.6909   22.7505
    0.0000  -37.5000   22.5000 2480.0303   22.6280
    7.5000  -37.5000   22.5000 2482.2188   22.7201
   -7.5000  -30.0000   22.5000 2562.9885   20.5307
    0.0000  -30.0000   22.5000 2556.7520   20.3760
    7.5000  -30.0000   22.5000 2562.2422   20.5407
   -7.5000  -22.5000   22.5000 2637.0540   18.6320
    0.0000  -22.5000   22.5000 2630.9148   18.4909
    7.5000  -22.5000   22.5000 2640.9314   18.7200
   -7.5000  -15.0000   22.5000 2696.7439   17.1613
    0.0000  -15.0000   22.5000 2685.5281   17.0224
    7.5000  -15.0000   22.5000 2699.4402   17.2689
   -7.5000   -7.5000   22.5000 2751.1697   16.0616
    0.0000   -7.5000   22.5000 2741.7249   15.9394
    7.5000   -7.5000   22.5000 2754.8538   16.1775
   -7.5000    0.0000   22.5000 2816.3474   15.2135
    0.0000    0.0000   22.5000 2804.2971   15.1156
    7.5000    0.0000   22.5000 2813.7646   15.2784
   -7.5000    7.5000   22.5000 2881.0991   14.5029
    0.0000    7.5000   22.5000 2873.7339   14.4638
    7.5000    7.5000   22.5000 2869.8206   14.5351
   -7.5000   15.0000   22.5000 2943.2437   13.9513
    0.0000   15.0000   22.5000 2947.3508   13.9665
    7.5000   15.0000   22.5000 2921.8198   13.9486
   -7.5000   22.5000   22.5000 2997.6443   13.6723
    0.0000   22.5000   22.5000 3001.7366   13.6053
    7.5000   22.5000   22.5000 2957.2117   13.6286
   -7.5000   30.0000   22.5000 3027.2695   13.6266
    0.0000   30.0000   22.5000 3030.1626   13.5663
    7.5000   30.0000   22.5000 2968.7869   13.5455
   -7.5000   37.5000   22.5000 2989.7349   13.7489
    0.0000   37.5000   22.5000 2992.4707   13.6867
    7.5000   37.5000   22.5000 2951.9624   13.7317
   -7.5000   45.0000   22.5000 2940.1394   14.0554
    0.0000   45.0000   22.5000 2943.6333   14.0063
    7.5000   45.0000   22.5000 2921.3616   14.1267
   -7.5000   52.5000   22.5000 2865.1128   14.5739
    0.0000   52.5000   22.5000 2864.2434   14.4959
    7.5000   52.5000   22.5000 2853.7566   14.6484
   -7.5000  -37.5000   30.0000 2469.3384   23.2055
    0.0000  -37.5000   30.0000 2464.7791   23.1435
    7.5000  -37.5000   30.0000 2473.0862   23.3043
   -7.5000  -30.0000   30.0000 2542.5315   20.9200
    0.0000  -30.0000   30.0000 2539.0833   20.8527
    7.5000  -30.0000   30.0000 2549.4832   21.0312
   -7.5000  -22.5000   30.0000 2620.8433   19.0490
    0.0000  -22.5000   30.0000 2614.0327   18.9517
    7.5000  -22.5000   30.0000 2623.0784   19.1747
   -7.5000  -15.0000   30.0000 2687.9211   17.6201
    0.0000  -15.0000   30.0000 2681.9392   17.5354
    7.5000  -15.0000   30.0000 2685.3933   17.7617
   -7.5000   -7.5000   30.0000 2748.6992   16.5573
    0.0000   -7.5000   30.0000 2746.0134   16.5164
    7.5000   -7.5000   30.0000 2741.4092   16.7029
   -7.5000    0.0000   30.0000 2817.3035   15.7644
    0.0000    0.0000   30.0000 2811.3960   15.7103
    7.5000    0.0000   30.0000 2801.9353   15.8411
   -7.5000    7.5000   30.0000 2881.0271   15.0337
    0.0000    7.5000   30.0000 2874.0808   14.9889
    7.5000    7.5000   30.0000 2860.9556   15.0690
   -7.5000   15.0000   30.0000 2934.0610   14.4417
    0.0000   15.0000   30.0000 2929.1145   14.3635
    7.5000   15.0000   30.0000 2909.9768   14.4835
   -7.5000   22.5000   30.0000 2975.5554   14.0863
    0.0000   22.5000   30.0000 2976.0864   14.0369
    7.5000   22.5000   30.0000 2945.9668   14.1336
   -7.5000   30.0000   30.0000 2989.1851   14.0500
    0.0000   30.0000   30.0000 2995.4653   14.0421
    7.5000   30.0000   30.0000 2958.0786   14.0864
   -7.5000   37.5000   30.0000 2965.5168   14.2452
    0.0000   37.5000   30.0000 2975.0269   14.2283
    7.5000   37.5000   30.0000 2935.7424   14.2554
   -7.5000   45.0000   30.0000 2922.4102   14.6071
    0.0000   45.0000   30.0000 2926.0984   14.5514
    7.5000   45.0000   30.0000 2899.8831   14.6150
   -7.5000   52.5000   30.0000 2845.3030   15.1058
    0.0000   52.5000   30.0000 2846.5293   15.0170
    7.5000   52.5000   30.0000 2828.2732   15.0989
   -7.5000  -37.5000   37.5000 2452.1218   23.7614
    0.0000  -37.5000   37.5000 2451.1370   23.7181
    7.5000  -37.5000   37.5000 2458.1899   23.8892
   -7.5000  -30.0000   37.5000 2528.0532   21.4587
    0.0000  -30.0000   37.5000 2525.2542   21.3753
    7.5000  -30.0000   37.5000 2532.5178   21.5989
   -7.5000  -22.5000   37.5000 2607.3252   19.5975
    0.0000  -22.5000   37.5000 2604.2100   19.4954
    7.5000  -22.5000   37.5000 2607.9260   19.7721
   -7.5000  -15.0000   37.5000 2679.7656   18.1952
    0.0000  -15.0000   37.5000 2678.0532   18.1310
    7.5000  -15.0000   37.5000 2674.6506   18.4004
   -7.5000   -7.5000   37.5000 2744.7427   17.1725
    0.0000   -7.5000   37.5000 2740.2800   17.0928
    7.5000   -7.5000   37.5000 2732.6265   17.3593
   -7.5000    0.0000   37.5000 2808.0549   16.3140
    0.0000    0.0000   37.5000 2801.2673   16.2376
    7.5000    0.0000   37.5000 2795.6956   16.4904
   -7.5000    7.5000   37.5000 2866.5918   15.5387
    0.0000    7.5000   37.5000 2857.4749   15.4331
    7.5000    7.5000   37.5000 2855.0820   15.6977
   -7.5000   15.0000   37.5000 2909.0010   14.9432
    0.0000   15.0000   37.5000 2902.9453   14.8245
    7.5000   15.0000   37.5000 2896.6633   15.0863
   -7.5000   22.5000   37.5000 2939.4272   14.6149
    0.0000   22.5000   37.5000 2934.5913   14.5268
    7.5000   22.5000   37.5000 2925.8757   14.7340
   -7.5000   30.0000   37.5000 2949.1140   14.6008
    0.0000   30.0000   37.5000 2946.2581   14.5270
    7.5000   30.0000   37.5000 2931.8015   14.7016
   -7.5000   37.5000   37.5000 2924.8340   14.7927
    0.0000   37.5000   37.5000 2930.0076   14.7298
    7.5000   37.5000   37.5000 2909.9487   14.8565
   -7.5000   45.0000   37.5000 2888.4597   15.1745
    0.0000   45.0000   37.5000 2889.8877   15.0971
    7.5000   45.0000   37.5000 2874.7588   15.2249
   -7.5000   52.5000   37.5000 2815.3113   15.6765
    0.0000   52.5000   37.5000 2818.0261   15.5943
    7.5000   52.5000   37.5000 2803.7427   15.7013
   -7.5000  -37.5000   45.0000 2426.1025   24.4885
    0.0000  -37.5000   45.0000 2429.4224   24.4651
    7.5000  -37.5000   45.0000 2437.0461   24.6818
   -7.5000  -30.0000   45.0000 2508.9871   22.1226
    0.0000  -30.0000   45.0000 2510.3516   22.0656
    7.5000  -30.0000   45.0000 2513.9890   22.3215
   -7.5000  -22.5000   45.0000 2592.2002   20.2654
    0.0000  -22.5000   45.0000 2592.7332   20.1723
    7.5000  -22.5000   45.0000 2588.9221   20.4600
   -7.5000  -15.0000   45.0000 2663.1765   18.8461
    0.0000  -15.0000   45.0000 2662.9941   18.7639
    7.5000  -15.0000   45.0000 2653.1882   19.0574
   -7.5000   -7.5000   45.0000 2723.6267   17.7770
    0.0000   -7.5000   45.0000 2720.7285   17.6904
    7.5000   -7.5000   45.0000 2713.3093   17.9998
   -7.5000    0.0000   45.0000 2781.5977   16.9164
    0.0000    0.0000   45.0000 2778.0730   16.8286
    7.5000    0.0000   45.0000 2770.9126   17.1182
   -7.5000    7.5000   45.0000 2831.0652   16.1409
    0.0000    7.5000   45.0000 2827.5046   16.0332
    7.5000    7.5000   45.0000 2819.9363   16.3308
   -7.5000   15.0000   45.0000 2870.6033   15.5727
    0.0000   15.0000   45.0000 2863.9612   15.4686
    7.5000   15.0000   45.0000 2858.7305   15.7547
   -7.5000   22.5000   45.0000 2890.9065   15.2584
    0.0000   22.5000   45.0000 2888.0696   15.1971
    7.5000   22.5000   45.0000 2883.8938   15.4285
   -7.5000   30.0000   45.0000 2897.8357   15.2507
    0.0000   30.0000   45.0000 2895.6418   15.1640
    7.5000   30.0000   45.0000 2885.1064   15.3699
   -7.5000   37.5000   45.0000 2879.5044   15.4266
    0.0000   37.5000   45.0000 2877.6108   15.3504
    7.5000   37.5000   45.0000 2865.3105   15.5208
   -7.5000   45.0000   45.0000 2845.4158   15.8125
    0.0000   45.0000   45.0000 2846.6963   15.7291
    7.5000   45.0000   45.0000 2832.7058   15.8995
   -7.5000   52.5000   45.0000 2778.4241   16.3120
    0.0000   52.5000   45.0000 2781.0139   16.2116
    7.5000   52.5000   45.0000 2765.2219   16.3713

---------------------------------------------------------------------
imgreg_4dfp /opt/freesurfer/average/711-2C_as_mni_average_305 /opt/freesurfer/average/711-2B_as_mni_average_305_mask talsrcimg_g11 none talsrcimg_to_711-2C_as_mni_average_305_t4 1283
---------------------------------------------------------------------

freesurfer imgreg_4dfp.c
/opt/freesurfer/average/711-2C_as_mni_average_305.4dfp.img
       256       256       256         1
  1.000000  1.000000  1.000000
orientation T byte_order littleendian
Reading image: /opt/freesurfer/average/711-2C_as_mni_average_305.4dfp.img
dimensions:      256       256       256
mmppix:       1.0000   -1.0000   -1.0000
center:     128.0000 -129.0000 -129.0000
/opt/freesurfer/average/711-2B_as_mni_average_305_mask.4dfp.img
       256       256       256         1
  1.000000  1.000000  1.000000
orientation T byte_order littleendian
Reading mask: /opt/freesurfer/average/711-2B_as_mni_average_305_mask.4dfp.img (2306576 pixels)
talsrcimg_g11.4dfp.img
       256       256       256         1
  1.000000  1.000000  1.000000
orientation T byte_order littleendian
Reading image: talsrcimg_g11.4dfp.img
dimensions:      256       256       256
mmppix:       1.0000   -1.0000   -1.0000
center:     128.0000 -129.0000 -129.0000
rotation matrix determinant  1.000000
fimgreg.f
image alignment mode   1283 decimal      503 hex
parameters
    0.0000   30.0000   22.5000    0.0000    0.0000    0.0000
eta,q 0.94856 13.60941
niter,ni,del,rscale     5    3   12.0000    1.2000
parameter  1  1.090348 ->  0.500000 qaram    1.1500
parameters
   -3.4500   29.6273   21.6894   -0.1925    1.6397   -1.4230
eta,q 0.95359 13.55893
  0.0497  0.0552  0.0535  0.0509  0.0564  0.0479
  0.0480  0.0516  0.0490  0.0483  0.0529  0.0469
  0.0491  0.0484  0.0468  0.0473  0.0495  0.0465
  0.0536  0.0478  0.0475  0.0471  0.0470  0.0464
  0.0598  0.0497  0.0496  0.0480  0.0464  0.0471
  0.0639  0.0531  0.0528  0.0492  0.0473  0.0487
  0.0674  0.0568  0.0563  0.0509  0.0505  0.0506
niter,ni,del,rscale     5    3   12.0000    1.2000
parameters
   -4.4366   29.5047   21.4765    0.2503    2.5364   -1.0345
eta,q 0.95462 13.55297
  0.0577  0.0546  0.0543  0.0507  0.0549  0.0489
  0.0513  0.0513  0.0493  0.0483  0.0510  0.0471
  0.0465  0.0474  0.0456  0.0465  0.0475  0.0461
  0.0464  0.0458  0.0458  0.0457  0.0457  0.0454
  0.0511  0.0475  0.0480  0.0462  0.0455  0.0454
  0.0585  0.0513  0.0509  0.0474  0.0473  0.0463
  0.0636  0.0557  0.0543  0.0494  0.0512  0.0484
niter,ni,del,rscale     4    3   12.0000    1.2000
parameters
   -4.8083   29.3066   21.3631    0.4902    2.9104   -0.8437
eta,q 0.95492 13.54645
  0.0602  0.0539  0.0542  0.0500  0.0538  0.0485
  0.0530  0.0505  0.0494  0.0476  0.0497  0.0470
  0.0470  0.0467  0.0454  0.0458  0.0465  0.0458
  0.0454  0.0453  0.0452  0.0452  0.0452  0.0451
  0.0490  0.0469  0.0473  0.0457  0.0455  0.0450
  0.0566  0.0508  0.0503  0.0471  0.0481  0.0462
  0.0622  0.0555  0.0540  0.0492  0.0522  0.0486
niter,ni,del,rscale     3    3   12.0000    1.2000
parameters
   -4.9746   29.1706   21.3062    0.6462    3.0820   -0.7576
eta,q 0.95502 13.54263
  0.0612  0.0537  0.0543  0.0498  0.0534  0.0483
  0.0537  0.0505  0.0497  0.0473  0.0492  0.0469
  0.0474  0.0466  0.0455  0.0456  0.0461  0.0458
  0.0451  0.0450  0.0451  0.0450  0.0450  0.0450
  0.0483  0.0466  0.0471  0.0456  0.0456  0.0450
  0.0559  0.0503  0.0502  0.0471  0.0484  0.0462
  0.0618  0.0551  0.0539  0.0492  0.0526  0.0487
niter,ni,del,rscale     2    3   12.0000    1.2000
parameters
   -5.0505   29.0895   21.2878    0.7291    3.1672   -0.7082
eta,q 0.95504 13.54115
  0.0616  0.0536  0.0544  0.0496  0.0532  0.0483
  0.0540  0.0505  0.0499  0.0472  0.0490  0.0469
  0.0476  0.0467  0.0455  0.0455  0.0460  0.0457
  0.0450  0.0450  0.0450  0.0450  0.0450  0.0450
  0.0480  0.0464  0.0470  0.0456  0.0456  0.0449
  0.0555  0.0500  0.0501  0.0471  0.0486  0.0463
  0.0615  0.0548  0.0539  0.0493  0.0529  0.0488
niter,ni,del,rscale     1    3   12.0000    1.2000
parameters
   -5.0866   29.0464   21.2800    0.7720    3.2113   -0.6782
eta,q 0.95505 13.54052
  0.0618  0.0535  0.0544  0.0496  0.0531  0.0483
  0.0542  0.0505  0.0499  0.0471  0.0489  0.0469
  0.0477  0.0468  0.0456  0.0454  0.0460  0.0457
  0.0450  0.0450  0.0450  0.0450  0.0450  0.0450
  0.0478  0.0463  0.0470  0.0456  0.0456  0.0449
  0.0554  0.0498  0.0501  0.0472  0.0487  0.0463
  0.0614  0.0546  0.0539  0.0493  0.0530  0.0488
registration optimization eta report
parameter search radius
    6.9000    6.0000    6.0000    6.0000    6.0000    6.0000
100000*second partial in parameter space
       34.       24.       25.       12.       22.       10.
  0.0618  0.0535  0.0544  0.0496  0.0531  0.0483
  0.0542  0.0505  0.0499  0.0471  0.0489  0.0469
  0.0477  0.0468  0.0456  0.0454  0.0460  0.0457
  0.0450  0.0450  0.0450  0.0450  0.0450  0.0450
  0.0478  0.0463  0.0470  0.0456  0.0456  0.0449
  0.0554  0.0498  0.0501  0.0472  0.0487  0.0463
  0.0614  0.0546  0.0539  0.0493  0.0530  0.0488
   -5.0866   29.0464   21.2800    0.7720    3.2113   -0.6782
eta,q 0.95505 13.54052

---------------------------------------------------------------------
imgreg_4dfp /opt/freesurfer/average/711-2C_as_mni_average_305 /opt/freesurfer/average/711-2B_as_mni_average_305_mask talsrcimg_g11 none talsrcimg_to_711-2C_as_mni_average_305_t4 3335
---------------------------------------------------------------------

freesurfer imgreg_4dfp.c
/opt/freesurfer/average/711-2C_as_mni_average_305.4dfp.img
       256       256       256         1
  1.000000  1.000000  1.000000
orientation T byte_order littleendian
Reading image: /opt/freesurfer/average/711-2C_as_mni_average_305.4dfp.img
dimensions:      256       256       256
mmppix:       1.0000   -1.0000   -1.0000
center:     128.0000 -129.0000 -129.0000
/opt/freesurfer/average/711-2B_as_mni_average_305_mask.4dfp.img
       256       256       256         1
  1.000000  1.000000  1.000000
orientation T byte_order littleendian
Reading mask: /opt/freesurfer/average/711-2B_as_mni_average_305_mask.4dfp.img (2306576 pixels)
talsrcimg_g11.4dfp.img
       256       256       256         1
  1.000000  1.000000  1.000000
orientation T byte_order littleendian
Reading image: talsrcimg_g11.4dfp.img
dimensions:      256       256       256
mmppix:       1.0000   -1.0000   -1.0000
center:     128.0000 -129.0000 -129.0000
fimgreg.f
image alignment mode   3335 decimal      D07 hex
parameters
   -5.0866   29.0464   21.2800   -0.1640   -0.0152   -0.1661
    1.1081   -5.6170   -1.1818   -1.2810    5.6019    1.3453
eta,q 0.95511 13.61804
niter,ni,del,rscale     5    3    5.0000    1.2000
parameter  4  0.901826 ->  0.500000 qaram    1.1500
parameter  5  2.639363 ->  0.500000 qaram    1.1500
parameter  7  0.561170 ->  0.500000 qaram    1.1500
parameter 12 -1.632866 -> -0.500000 qaram    1.1500
parameters
   -4.7031   29.4880   20.5682   -4.3040   -4.1552   -2.4093
   -3.0319   -5.5513   -1.2137    1.8282    8.5824    5.4853
eta,q 0.96300 13.55191
  0.0485  0.0465  0.0454  0.0413  0.0370  0.0402  0.0389  0.0427  0.0402  0.0437  0.0394  0.0407
  0.0468  0.0457  0.0448  0.0415  0.0382  0.0397  0.0386  0.0398  0.0393  0.0415  0.0387  0.0397
  0.0456  0.0452  0.0446  0.0425  0.0399  0.0392  0.0387  0.0386  0.0388  0.0398  0.0383  0.0388
  0.0449  0.0448  0.0447  0.0445  0.0417  0.0387  0.0391  0.0386  0.0386  0.0386  0.0381  0.0380
  0.0448  0.0447  0.0452  0.0481  0.0437  0.0397  0.0399  0.0393  0.0388  0.0381  0.0380  0.0374
  0.0455  0.0450  0.0462  0.0526  0.0463  0.0432  0.0410  0.0404  0.0394  0.0383  0.0380  0.0369
  0.0468  0.0457  0.0473  0.0569  0.0487  0.0484  0.0423  0.0418  0.0401  0.0390  0.0381  0.0366
niter,ni,del,rscale     7    3    5.0000    1.2000
parameter  1 -0.505248 -> -0.500000 qaram    1.1500
parameter  3  2.141700 ->  0.500000 qaram    1.1500
parameter  5  1.122563 ->  0.500000 qaram    1.3225
parameters
   -3.3231   29.5462   19.1882   -7.1351   -8.9162   -4.2016
   -1.2949   -5.2327   -0.1880    0.3334    7.1539    5.1550
eta,q 0.96660 13.25440
  0.0406  0.0381  0.0341  0.0359  0.0328  0.0346  0.0366  0.0370  0.0350  0.0346  0.0337  0.0339
  0.0391  0.0372  0.0346  0.0351  0.0330  0.0344  0.0352  0.0347  0.0343  0.0339  0.0334  0.0337
  0.0379  0.0367  0.0354  0.0346  0.0336  0.0338  0.0342  0.0336  0.0338  0.0335  0.0334  0.0335
  0.0370  0.0365  0.0365  0.0348  0.0346  0.0332  0.0336  0.0335  0.0335  0.0335  0.0334  0.0334
  0.0365  0.0366  0.0377  0.0359  0.0364  0.0339  0.0335  0.0340  0.0336  0.0340  0.0336  0.0334
  0.0365  0.0372  0.0390  0.0389  0.0383  0.0357  0.0340  0.0348  0.0338  0.0348  0.0337  0.0336
  0.0370  0.0380  0.0403  0.0436  0.0400  0.0394  0.0349  0.0359  0.0343  0.0362  0.0339  0.0341
niter,ni,del,rscale     7    3    5.0000    1.2000
parameter  2  0.832465 ->  0.500000 qaram    1.1500
parameter  3  3.325223 ->  0.500000 qaram    1.3225
parameter  5  0.755563 ->  0.500000 qaram    1.5209
parameter  6  0.537880 ->  0.500000 qaram    1.1500
parameter 10  1.431466 ->  0.500000 qaram    1.1500
parameter 12  1.229903 ->  0.500000 qaram    1.3225
parameters
   -3.0175   28.1662   17.6012   -7.6709  -14.3913   -8.3416
   -0.3129   -5.1945    0.4266   -3.8066    6.5870    0.3940
eta,q 0.97474 13.07534
  0.0365  0.0326  0.0288  0.0329  0.0289  0.0280  0.0313  0.0310  0.0297  0.0263  0.0274  0.0250
  0.0350  0.0325  0.0298  0.0316  0.0286  0.0282  0.0298  0.0292  0.0289  0.0265  0.0269  0.0252
  0.0339  0.0328  0.0311  0.0307  0.0291  0.0285  0.0287  0.0284  0.0284  0.0272  0.0267  0.0257
  0.0334  0.0333  0.0326  0.0301  0.0302  0.0287  0.0282  0.0282  0.0282  0.0282  0.0266  0.0266
  0.0335  0.0342  0.0342  0.0301  0.0317  0.0296  0.0284  0.0286  0.0283  0.0294  0.0268  0.0278
  0.0342  0.0353  0.0359  0.0314  0.0339  0.0316  0.0290  0.0294  0.0286  0.0307  0.0271  0.0292
  0.0355  0.0365  0.0377  0.0347  0.0366  0.0356  0.0301  0.0307  0.0293  0.0322  0.0277  0.0306
niter,ni,del,rscale     7    3    5.0000    1.2000
parameter  3  1.153032 ->  0.500000 qaram    1.5209
parameters
   -2.6809   27.3431   15.7761   -4.7710  -14.9423   -9.1739
   -0.9305   -4.2598    1.0836   -4.3148    7.5353   -0.6130
eta,q 0.97780 13.13963
  0.0290  0.0265  0.0222  0.0271  0.0276  0.0257  0.0247  0.0283  0.0242  0.0248  0.0237  0.0236
  0.0271  0.0254  0.0226  0.0255  0.0252  0.0242  0.0232  0.0246  0.0232  0.0233  0.0229  0.0229
  0.0259  0.0249  0.0235  0.0241  0.0231  0.0228  0.0223  0.0226  0.0225  0.0224  0.0224  0.0224
  0.0253  0.0252  0.0249  0.0228  0.0218  0.0219  0.0221  0.0221  0.0222  0.0222  0.0222  0.0222
  0.0254  0.0262  0.0269  0.0218  0.0224  0.0220  0.0226  0.0226  0.0223  0.0227  0.0222  0.0224
  0.0261  0.0279  0.0294  0.0218  0.0254  0.0247  0.0238  0.0237  0.0227  0.0238  0.0225  0.0232
  0.0275  0.0300  0.0320  0.0240  0.0298  0.0292  0.0255  0.0251  0.0236  0.0255  0.0230  0.0246
niter,ni,del,rscale     7    3    5.0000    1.2000
parameter  3  0.512498 ->  0.500000 qaram    1.7490
parameters
   -2.8807   27.8577   13.6773   -4.5603  -14.2552   -9.8681
   -1.1183   -3.5832    1.2774   -2.8420    9.5859   -1.8496
eta,q 0.97863 13.15590
  0.0250  0.0262  0.0220  0.0253  0.0281  0.0249  0.0241  0.0269  0.0232  0.0253  0.0228  0.0226
  0.0235  0.0243  0.0214  0.0238  0.0256  0.0236  0.0226  0.0234  0.0223  0.0233  0.0221  0.0218
  0.0225  0.0230  0.0214  0.0225  0.0232  0.0224  0.0217  0.0216  0.0217  0.0220  0.0216  0.0215
  0.0222  0.0222  0.0221  0.0213  0.0212  0.0210  0.0214  0.0214  0.0215  0.0215  0.0214  0.0214
  0.0227  0.0221  0.0234  0.0208  0.0209  0.0205  0.0217  0.0220  0.0216  0.0215  0.0214  0.0217
  0.0240  0.0228  0.0254  0.0223  0.0232  0.0229  0.0228  0.0230  0.0221  0.0221  0.0215  0.0224
  0.0261  0.0241  0.0282  0.0261  0.0278  0.0292  0.0244  0.0245  0.0230  0.0232  0.0218  0.0235
niter,ni,del,rscale     7    3    5.0000    1.2000
parameters
   -2.9349   28.2722   13.1511   -3.9653  -14.1509  -10.0002
   -0.8654   -3.8027    0.7341   -1.9607   10.6444   -2.4344
eta,q 0.97901 13.17297
  0.0242  0.0250  0.0238  0.0252  0.0275  0.0248  0.0241  0.0251  0.0224  0.0243  0.0222  0.0225
  0.0227  0.0233  0.0221  0.0238  0.0251  0.0235  0.0225  0.0222  0.0216  0.0224  0.0215  0.0216
  0.0217  0.0220  0.0213  0.0225  0.0228  0.0223  0.0215  0.0210  0.0211  0.0214  0.0211  0.0211
  0.0214  0.0214  0.0213  0.0212  0.0210  0.0210  0.0210  0.0210  0.0210  0.0210  0.0210  0.0210
  0.0217  0.0214  0.0219  0.0204  0.0211  0.0198  0.0213  0.0217  0.0212  0.0212  0.0210  0.0212
  0.0227  0.0221  0.0233  0.0216  0.0238  0.0215  0.0222  0.0230  0.0219  0.0219  0.0212  0.0218
  0.0246  0.0234  0.0255  0.0254  0.0286  0.0276  0.0238  0.0251  0.0229  0.0229  0.0216  0.0229
niter,ni,del,rscale     6    3    5.0000    1.2000
parameters
   -3.0171   28.4286   12.9401   -3.9303  -14.1133  -10.1444
   -0.5806   -4.1547    0.3008   -1.6014   11.2746   -2.6069
eta,q 0.97905 13.17285
  0.0240  0.0241  0.0243  0.0249  0.0274  0.0248  0.0241  0.0249  0.0223  0.0238  0.0220  0.0226
  0.0224  0.0225  0.0220  0.0235  0.0250  0.0235  0.0225  0.0221  0.0215  0.0221  0.0214  0.0216
  0.0214  0.0215  0.0211  0.0222  0.0227  0.0223  0.0215  0.0210  0.0211  0.0212  0.0211  0.0211
  0.0210  0.0210  0.0210  0.0210  0.0209  0.0209  0.0210  0.0210  0.0210  0.0209  0.0210  0.0209
  0.0213  0.0212  0.0215  0.0204  0.0210  0.0197  0.0212  0.0217  0.0212  0.0213  0.0210  0.0211
  0.0225  0.0220  0.0227  0.0221  0.0238  0.0214  0.0222  0.0230  0.0218  0.0220  0.0212  0.0217
  0.0246  0.0235  0.0248  0.0263  0.0286  0.0277  0.0238  0.0253  0.0227  0.0231  0.0217  0.0227
niter,ni,del,rscale     5    3    5.0000    1.2000
parameters
   -3.0614   28.5001   12.8488   -3.8986  -14.1192  -10.2502
   -0.4336   -4.3617    0.0413   -1.4476   11.6117   -2.6531
eta,q 0.97903 13.17140
  0.0241  0.0239  0.0245  0.0249  0.0273  0.0248  0.0240  0.0251  0.0224  0.0236  0.0219  0.0226
  0.0224  0.0224  0.0221  0.0235  0.0249  0.0235  0.0224  0.0222  0.0216  0.0220  0.0214  0.0217
  0.0213  0.0214  0.0211  0.0222  0.0227  0.0223  0.0214  0.0210  0.0211  0.0212  0.0211  0.0212
  0.0210  0.0210  0.0210  0.0209  0.0209  0.0209  0.0210  0.0210  0.0210  0.0210  0.0210  0.0210
  0.0213  0.0212  0.0214  0.0204  0.0210  0.0197  0.0213  0.0216  0.0212  0.0213  0.0210  0.0211
  0.0224  0.0221  0.0226  0.0222  0.0238  0.0213  0.0223  0.0229  0.0217  0.0220  0.0212  0.0217
  0.0245  0.0237  0.0246  0.0263  0.0286  0.0275  0.0238  0.0252  0.0226  0.0232  0.0218  0.0227
niter,ni,del,rscale     4    3    5.0000    1.2000
parameters
   -3.0857   28.5397   12.7988   -3.8807  -14.1361  -10.3154
   -0.3479   -4.4734   -0.1123   -1.3627   11.7934   -2.6602
eta,q 0.97901 13.17006
  0.0242  0.0238  0.0245  0.0249  0.0273  0.0248  0.0240  0.0252  0.0225  0.0236  0.0219  0.0227
  0.0225  0.0223  0.0222  0.0235  0.0249  0.0235  0.0224  0.0223  0.0216  0.0219  0.0214  0.0217
  0.0214  0.0214  0.0211  0.0222  0.0227  0.0223  0.0214  0.0211  0.0211  0.0212  0.0211  0.0212
  0.0210  0.0210  0.0210  0.0210  0.0210  0.0210  0.0210  0.0210  0.0210  0.0210  0.0210  0.0210
  0.0213  0.0212  0.0214  0.0204  0.0211  0.0197  0.0213  0.0215  0.0212  0.0213  0.0210  0.0211
  0.0224  0.0222  0.0225  0.0222  0.0239  0.0213  0.0223  0.0228  0.0217  0.0221  0.0213  0.0217
  0.0245  0.0237  0.0245  0.0263  0.0286  0.0274  0.0239  0.0251  0.0226  0.0233  0.0218  0.0227
niter,ni,del,rscale     3    3    5.0000    1.2000
parameters
   -3.1004   28.5640   12.7720   -3.8637  -14.1512  -10.3547
   -0.3020   -4.5395   -0.2005   -1.3148   11.9122   -2.6676
eta,q 0.97900 13.16919
  0.0243  0.0238  0.0246  0.0250  0.0273  0.0248  0.0240  0.0253  0.0225  0.0235  0.0219  0.0227
  0.0225  0.0223  0.0222  0.0236  0.0250  0.0235  0.0224  0.0223  0.0216  0.0219  0.0214  0.0217
  0.0214  0.0214  0.0212  0.0222  0.0227  0.0223  0.0214  0.0211  0.0212  0.0212  0.0211  0.0212
  0.0210  0.0210  0.0210  0.0210  0.0210  0.0210  0.0210  0.0210  0.0210  0.0210  0.0210  0.0210
  0.0213  0.0213  0.0214  0.0204  0.0211  0.0197  0.0213  0.0215  0.0212  0.0214  0.0210  0.0211
  0.0224  0.0222  0.0225  0.0223  0.0239  0.0213  0.0223  0.0228  0.0217  0.0221  0.0213  0.0217
  0.0245  0.0238  0.0245  0.0264  0.0286  0.0274  0.0239  0.0251  0.0226  0.0233  0.0219  0.0227
niter,ni,del,rscale     2    3    5.0000    1.2000
parameters
   -3.1088   28.5790   12.7551   -3.8549  -14.1611  -10.3775
   -0.2692   -4.5788   -0.2564   -1.2797   11.9835   -2.6723
eta,q 0.97900 13.16863
  0.0243  0.0238  0.0246  0.0250  0.0273  0.0248  0.0240  0.0253  0.0225  0.0235  0.0219  0.0227
  0.0225  0.0223  0.0222  0.0236  0.0250  0.0235  0.0224  0.0224  0.0217  0.0219  0.0214  0.0217
  0.0214  0.0214  0.0212  0.0223  0.0227  0.0223  0.0214  0.0211  0.0212  0.0212  0.0211  0.0212
  0.0210  0.0210  0.0210  0.0210  0.0210  0.0210  0.0210  0.0210  0.0210  0.0210  0.0210  0.0210
  0.0213  0.0213  0.0214  0.0205  0.0211  0.0197  0.0213  0.0215  0.0212  0.0214  0.0210  0.0211
  0.0224  0.0222  0.0225  0.0223  0.0239  0.0212  0.0224  0.0228  0.0217  0.0221  0.0213  0.0217
  0.0245  0.0238  0.0244  0.0264  0.0286  0.0273  0.0240  0.0251  0.0226  0.0233  0.0219  0.0227
registration optimization eta report
parameter search radius
    2.7600    2.7600    4.1976    8.2800   10.9503    8.2800
    8.2800    7.2000    7.2000    8.2800    7.2000    9.5220
100000*second partial in parameter space
       45.       37.       20.        7.        6.        8.
        4.        8.        3.        3.        2.        2.
  0.0243  0.0238  0.0246  0.0250  0.0273  0.0248  0.0240  0.0253  0.0225  0.0235  0.0219  0.0227
  0.0225  0.0223  0.0222  0.0236  0.0250  0.0235  0.0224  0.0224  0.0217  0.0219  0.0214  0.0217
  0.0214  0.0214  0.0212  0.0223  0.0227  0.0223  0.0214  0.0211  0.0212  0.0212  0.0211  0.0212
  0.0210  0.0210  0.0210  0.0210  0.0210  0.0210  0.0210  0.0210  0.0210  0.0210  0.0210  0.0210
  0.0213  0.0213  0.0214  0.0205  0.0211  0.0197  0.0213  0.0215  0.0212  0.0214  0.0210  0.0211
  0.0224  0.0222  0.0225  0.0223  0.0239  0.0212  0.0224  0.0228  0.0217  0.0221  0.0213  0.0217
  0.0245  0.0238  0.0244  0.0264  0.0286  0.0273  0.0240  0.0251  0.0226  0.0233  0.0219  0.0227
   -3.1088   28.5790   12.7551   -3.8549  -14.1611  -10.3775
   -0.2692   -4.5788   -0.2564   -1.2797   11.9835   -2.6723
eta,q 0.97900 13.16863

---------------------------------------------------------------------
imgreg_4dfp /opt/freesurfer/average/711-2C_as_mni_average_305 /opt/freesurfer/average/711-2B_as_mni_average_305_mask talsrcimg_g11 none talsrcimg_to_711-2C_as_mni_average_305_t4 2311
---------------------------------------------------------------------

freesurfer imgreg_4dfp.c
/opt/freesurfer/average/711-2C_as_mni_average_305.4dfp.img
       256       256       256         1
  1.000000  1.000000  1.000000
orientation T byte_order littleendian
Reading image: /opt/freesurfer/average/711-2C_as_mni_average_305.4dfp.img
dimensions:      256       256       256
mmppix:       1.0000   -1.0000   -1.0000
center:     128.0000 -129.0000 -129.0000
/opt/freesurfer/average/711-2B_as_mni_average_305_mask.4dfp.img
       256       256       256         1
  1.000000  1.000000  1.000000
orientation T byte_order littleendian
Reading mask: /opt/freesurfer/average/711-2B_as_mni_average_305_mask.4dfp.img (2306576 pixels)
talsrcimg_g11.4dfp.img
       256       256       256         1
  1.000000  1.000000  1.000000
orientation T byte_order littleendian
Reading image: talsrcimg_g11.4dfp.img
dimensions:      256       256       256
mmppix:       1.0000   -1.0000   -1.0000
center:     128.0000 -129.0000 -129.0000
fimgreg.f
image alignment mode   2311 decimal      907 hex
parameters
   -3.1088   28.5790   12.7551   -3.8549  -14.1611  -10.3775
   -0.2692   -4.5788   -0.2564   -1.2797   11.9835   -2.6723
eta,q 0.97900 13.16864
niter,ni,del,rscale     5    3    5.0000    0.8000
parameters
   -3.0463   28.6150   12.4832   -2.1585  -12.9833   -8.9298
   -0.3558   -4.4115   -0.2532   -0.6945   11.6969   -3.1773
eta,q 0.98041 13.25917
  0.0222  0.0220  0.0213  0.0233  0.0229  0.0225  0.0210  0.0235  0.0206  0.0211  0.0205  0.0201
  0.0216  0.0215  0.0211  0.0225  0.0219  0.0218  0.0202  0.0213  0.0200  0.0203  0.0200  0.0198
  0.0212  0.0211  0.0210  0.0217  0.0211  0.0211  0.0198  0.0200  0.0197  0.0198  0.0197  0.0196
  0.0210  0.0210  0.0210  0.0210  0.0205  0.0203  0.0196  0.0196  0.0196  0.0196  0.0196  0.0196
  0.0211  0.0211  0.0211  0.0205  0.0203  0.0195  0.0198  0.0200  0.0197  0.0197  0.0197  0.0197
  0.0214  0.0214  0.0213  0.0206  0.0206  0.0197  0.0203  0.0211  0.0200  0.0199  0.0201  0.0200
  0.0221  0.0219  0.0215  0.0216  0.0215  0.0213  0.0212  0.0229  0.0206  0.0205  0.0208  0.0204
niter,ni,del,rscale     4    3    5.0000    0.7000
parameters
   -3.2322   28.3633   12.7016   -2.6879  -12.6268   -8.4950
   -0.0794   -4.5855   -0.2474   -1.0730   11.7205   -3.2161
eta,q 0.98066 13.27377
  0.0206  0.0201  0.0205  0.0211  0.0213  0.0218  0.0206  0.0218  0.0201  0.0201  0.0201  0.0198
  0.0200  0.0198  0.0200  0.0204  0.0206  0.0211  0.0200  0.0203  0.0197  0.0196  0.0197  0.0195
  0.0196  0.0196  0.0197  0.0198  0.0200  0.0204  0.0196  0.0195  0.0194  0.0194  0.0194  0.0194
  0.0196  0.0196  0.0195  0.0195  0.0196  0.0196  0.0194  0.0194  0.0194  0.0194  0.0193  0.0193
  0.0199  0.0198  0.0196  0.0198  0.0196  0.0192  0.0194  0.0198  0.0194  0.0195  0.0194  0.0194
  0.0204  0.0202  0.0197  0.0208  0.0201  0.0199  0.0198  0.0207  0.0197  0.0199  0.0197  0.0196
  0.0213  0.0208  0.0200  0.0227  0.0209  0.0216  0.0203  0.0222  0.0201  0.0205  0.0201  0.0199
niter,ni,del,rscale     3    3    5.0000    0.6000
parameters
   -3.2760   28.2354   12.8124   -2.7596  -12.5009   -8.1610
   -0.0539   -4.6443   -0.2006   -1.2323   11.7153   -3.2052
eta,q 0.98078 13.28163
  0.0202  0.0199  0.0200  0.0207  0.0206  0.0213  0.0201  0.0212  0.0198  0.0199  0.0198  0.0196
  0.0197  0.0195  0.0196  0.0202  0.0200  0.0207  0.0196  0.0200  0.0195  0.0195  0.0195  0.0194
  0.0194  0.0194  0.0194  0.0197  0.0196  0.0200  0.0193  0.0194  0.0193  0.0193  0.0193  0.0192
  0.0193  0.0193  0.0193  0.0193  0.0193  0.0193  0.0192  0.0192  0.0192  0.0192  0.0192  0.0192
  0.0195  0.0195  0.0194  0.0194  0.0194  0.0191  0.0193  0.0195  0.0193  0.0193  0.0193  0.0193
  0.0198  0.0197  0.0195  0.0200  0.0198  0.0197  0.0196  0.0202  0.0194  0.0196  0.0195  0.0194
  0.0204  0.0202  0.0198  0.0212  0.0205  0.0212  0.0200  0.0213  0.0197  0.0200  0.0198  0.0196
niter,ni,del,rscale     2    3    5.0000    0.5000
parameters
   -3.3014   28.1669   12.9296   -2.7122  -12.4601   -7.8788
   -0.0654   -4.6718   -0.1725   -1.3393   11.6633   -3.2405
eta,q 0.98088 13.28668
  0.0199  0.0196  0.0197  0.0203  0.0201  0.0208  0.0197  0.0206  0.0195  0.0196  0.0195  0.0194
  0.0195  0.0194  0.0195  0.0198  0.0196  0.0203  0.0194  0.0198  0.0193  0.0193  0.0193  0.0192
  0.0193  0.0192  0.0193  0.0194  0.0193  0.0197  0.0192  0.0193  0.0192  0.0192  0.0192  0.0191
  0.0192  0.0192  0.0192  0.0192  0.0192  0.0192  0.0191  0.0191  0.0191  0.0191  0.0191  0.0191
  0.0193  0.0193  0.0192  0.0192  0.0193  0.0191  0.0192  0.0193  0.0192  0.0192  0.0192  0.0192
  0.0195  0.0195  0.0193  0.0196  0.0196  0.0196  0.0194  0.0198  0.0193  0.0194  0.0193  0.0193
  0.0199  0.0198  0.0195  0.0204  0.0201  0.0206  0.0197  0.0206  0.0195  0.0197  0.0196  0.0194
niter,ni,del,rscale     1    3    5.0000    0.4000
parameters
   -3.3274   28.1139   13.0375   -2.6563  -12.4326   -7.6470
   -0.0719   -4.6813   -0.1629   -1.4254   11.6189   -3.2864
eta,q 0.98093 13.29023
  0.0195  0.0194  0.0195  0.0199  0.0197  0.0203  0.0194  0.0201  0.0193  0.0194  0.0194  0.0192
  0.0193  0.0192  0.0193  0.0195  0.0194  0.0199  0.0192  0.0195  0.0192  0.0192  0.0192  0.0191
  0.0192  0.0191  0.0192  0.0193  0.0192  0.0194  0.0191  0.0192  0.0191  0.0191  0.0191  0.0191
  0.0191  0.0191  0.0191  0.0191  0.0191  0.0191  0.0191  0.0191  0.0191  0.0191  0.0191  0.0191
  0.0192  0.0192  0.0191  0.0191  0.0192  0.0191  0.0191  0.0192  0.0191  0.0191  0.0191  0.0191
  0.0193  0.0193  0.0192  0.0194  0.0193  0.0194  0.0192  0.0195  0.0192  0.0192  0.0192  0.0192
  0.0196  0.0195  0.0193  0.0199  0.0197  0.0201  0.0195  0.0201  0.0193  0.0195  0.0194  0.0192
registration optimization eta report
parameter search radius
    0.8000    0.8000    0.8000    2.4000    2.4000    2.4000
    2.4000    2.4000    2.4000    2.4000    2.4000    2.4000
100000*second partial in parameter space
       70.       49.       44.       13.       10.       19.
        7.       17.        4.        6.        5.        3.
  0.0195  0.0194  0.0195  0.0199  0.0197  0.0203  0.0194  0.0201  0.0193  0.0194  0.0194  0.0192
  0.0193  0.0192  0.0193  0.0195  0.0194  0.0199  0.0192  0.0195  0.0192  0.0192  0.0192  0.0191
  0.0192  0.0191  0.0192  0.0193  0.0192  0.0194  0.0191  0.0192  0.0191  0.0191  0.0191  0.0191
  0.0191  0.0191  0.0191  0.0191  0.0191  0.0191  0.0191  0.0191  0.0191  0.0191  0.0191  0.0191
  0.0192  0.0192  0.0191  0.0191  0.0192  0.0191  0.0191  0.0192  0.0191  0.0191  0.0191  0.0191
  0.0193  0.0193  0.0192  0.0194  0.0193  0.0194  0.0192  0.0195  0.0192  0.0192  0.0192  0.0192
  0.0196  0.0195  0.0193  0.0199  0.0197  0.0201  0.0195  0.0201  0.0193  0.0195  0.0194  0.0192
   -3.3274   28.1139   13.0375   -2.6563  -12.4326   -7.6470
   -0.0719   -4.6813   -0.1629   -1.4254   11.6189   -3.2864
eta,q 0.98093 13.29023

---------------------------------------------------------------------
imgreg_4dfp /opt/freesurfer/average/711-2C_as_mni_average_305 /opt/freesurfer/average/711-2B_as_mni_average_305_mask talsrcimg_g11 none talsrcimg_to_711-2C_as_mni_average_305_t4 2311
---------------------------------------------------------------------

freesurfer imgreg_4dfp.c
/opt/freesurfer/average/711-2C_as_mni_average_305.4dfp.img
       256       256       256         1
  1.000000  1.000000  1.000000
orientation T byte_order littleendian
Reading image: /opt/freesurfer/average/711-2C_as_mni_average_305.4dfp.img
dimensions:      256       256       256
mmppix:       1.0000   -1.0000   -1.0000
center:     128.0000 -129.0000 -129.0000
/opt/freesurfer/average/711-2B_as_mni_average_305_mask.4dfp.img
       256       256       256         1
  1.000000  1.000000  1.000000
orientation T byte_order littleendian
Reading mask: /opt/freesurfer/average/711-2B_as_mni_average_305_mask.4dfp.img (2306576 pixels)
talsrcimg_g11.4dfp.img
       256       256       256         1
  1.000000  1.000000  1.000000
orientation T byte_order littleendian
Reading image: talsrcimg_g11.4dfp.img
dimensions:      256       256       256
mmppix:       1.0000   -1.0000   -1.0000
center:     128.0000 -129.0000 -129.0000
fimgreg.f
image alignment mode   2311 decimal      907 hex
parameters
   -3.3274   28.1139   13.0375   -2.6563  -12.4326   -7.6470
   -0.0719   -4.6813   -0.1629   -1.4254   11.6189   -3.2864
eta,q 0.98093 13.29023
niter,ni,del,rscale     5    3    5.0000    0.8000
parameters
   -3.3631   28.0448   13.1981   -3.3567  -12.6296   -8.1140
   -0.0140   -4.7357   -0.0736   -1.7008   11.5484   -2.9678
eta,q 0.98066 13.27684
  0.0208  0.0202  0.0205  0.0209  0.0210  0.0218  0.0207  0.0223  0.0203  0.0205  0.0201  0.0201
  0.0198  0.0196  0.0197  0.0201  0.0201  0.0210  0.0200  0.0205  0.0198  0.0198  0.0197  0.0196
  0.0193  0.0192  0.0192  0.0194  0.0195  0.0200  0.0195  0.0196  0.0195  0.0194  0.0194  0.0194
  0.0191  0.0191  0.0191  0.0191  0.0192  0.0192  0.0194  0.0194  0.0194  0.0194  0.0193  0.0193
  0.0193  0.0192  0.0191  0.0194  0.0194  0.0194  0.0195  0.0198  0.0194  0.0196  0.0194  0.0194
  0.0199  0.0197  0.0195  0.0208  0.0202  0.0210  0.0199  0.0207  0.0197  0.0200  0.0197  0.0195
  0.0210  0.0204  0.0200  0.0233  0.0216  0.0243  0.0206  0.0223  0.0202  0.0207  0.0202  0.0199
niter,ni,del,rscale     4    3    5.0000    0.7000
parameters
   -3.2873   28.1019   13.0176   -3.0899  -12.5753   -8.1660
   -0.1427   -4.6244   -0.0239   -1.5859   11.5673   -3.0093
eta,q 0.98073 13.27872
  0.0206  0.0203  0.0198  0.0211  0.0208  0.0215  0.0202  0.0219  0.0200  0.0203  0.0200  0.0197
  0.0199  0.0198  0.0195  0.0205  0.0201  0.0208  0.0197  0.0204  0.0196  0.0197  0.0196  0.0195
  0.0195  0.0195  0.0193  0.0198  0.0195  0.0200  0.0194  0.0195  0.0194  0.0194  0.0194  0.0193
  0.0193  0.0193  0.0193  0.0193  0.0192  0.0192  0.0193  0.0193  0.0193  0.0193  0.0193  0.0193
  0.0194  0.0194  0.0195  0.0192  0.0193  0.0192  0.0194  0.0195  0.0193  0.0194  0.0193  0.0193
  0.0198  0.0197  0.0198  0.0197  0.0199  0.0202  0.0198  0.0203  0.0196  0.0197  0.0196  0.0195
  0.0204  0.0202  0.0202  0.0211  0.0209  0.0224  0.0204  0.0215  0.0200  0.0202  0.0200  0.0198
niter,ni,del,rscale     3    3    5.0000    0.6000
parameters
   -3.2778   28.1251   12.9713   -2.8767  -12.5239   -8.0132
   -0.1584   -4.6021   -0.0552   -1.4874   11.5640   -3.1065
eta,q 0.98082 13.28333
  0.0202  0.0200  0.0198  0.0207  0.0204  0.0212  0.0200  0.0212  0.0197  0.0200  0.0197  0.0195
  0.0197  0.0196  0.0195  0.0202  0.0198  0.0205  0.0195  0.0200  0.0194  0.0195  0.0194  0.0193
  0.0194  0.0194  0.0193  0.0196  0.0194  0.0198  0.0193  0.0194  0.0192  0.0193  0.0192  0.0192
  0.0193  0.0193  0.0193  0.0193  0.0192  0.0192  0.0192  0.0192  0.0192  0.0192  0.0192  0.0192
  0.0194  0.0193  0.0194  0.0192  0.0193  0.0191  0.0193  0.0194  0.0192  0.0193  0.0192  0.0192
  0.0197  0.0195  0.0195  0.0196  0.0197  0.0198  0.0195  0.0201  0.0194  0.0195  0.0194  0.0193
  0.0202  0.0199  0.0198  0.0207  0.0205  0.0214  0.0200  0.0211  0.0197  0.0199  0.0198  0.0196
niter,ni,del,rscale     2    3    5.0000    0.5000
parameters
   -3.2971   28.1193   13.0122   -2.7512  -12.4766   -7.8044
   -0.1343   -4.6148   -0.0876   -1.4576   11.5535   -3.1988
eta,q 0.98090 13.28749
  0.0198  0.0197  0.0196  0.0203  0.0200  0.0208  0.0197  0.0206  0.0195  0.0197  0.0195  0.0194
  0.0195  0.0194  0.0194  0.0198  0.0196  0.0202  0.0194  0.0197  0.0193  0.0194  0.0193  0.0192
  0.0192  0.0192  0.0192  0.0194  0.0193  0.0196  0.0192  0.0192  0.0191  0.0192  0.0192  0.0191
  0.0192  0.0192  0.0192  0.0192  0.0192  0.0192  0.0191  0.0191  0.0191  0.0191  0.0191  0.0191
  0.0193  0.0192  0.0192  0.0192  0.0192  0.0191  0.0192  0.0193  0.0191  0.0192  0.0192  0.0191
  0.0195  0.0194  0.0193  0.0195  0.0195  0.0196  0.0194  0.0198  0.0193  0.0194  0.0193  0.0192
  0.0199  0.0197  0.0195  0.0203  0.0200  0.0207  0.0197  0.0206  0.0195  0.0196  0.0195  0.0194
niter,ni,del,rscale     1    3    5.0000    0.4000
parameters
   -3.3177   28.0954   13.0828   -2.6742  -12.4475   -7.6031
   -0.1111   -4.6339   -0.1093   -1.4863   11.5354   -3.2609
eta,q 0.98095 13.29036
  0.0195  0.0194  0.0194  0.0199  0.0197  0.0203  0.0194  0.0200  0.0193  0.0194  0.0193  0.0192
  0.0193  0.0192  0.0193  0.0195  0.0194  0.0198  0.0192  0.0195  0.0192  0.0192  0.0192  0.0191
  0.0192  0.0191  0.0191  0.0193  0.0192  0.0194  0.0191  0.0192  0.0191  0.0191  0.0191  0.0191
  0.0191  0.0191  0.0191  0.0191  0.0191  0.0191  0.0191  0.0191  0.0191  0.0191  0.0191  0.0191
  0.0192  0.0191  0.0191  0.0191  0.0191  0.0191  0.0191  0.0192  0.0191  0.0191  0.0191  0.0191
  0.0193  0.0193  0.0192  0.0194  0.0193  0.0194  0.0192  0.0195  0.0192  0.0192  0.0192  0.0191
  0.0196  0.0194  0.0193  0.0199  0.0197  0.0201  0.0194  0.0200  0.0193  0.0194  0.0194  0.0192
registration optimization eta report
parameter search radius
    0.8000    0.8000    0.8000    2.4000    2.4000    2.4000
    2.4000    2.4000    2.4000    2.4000    2.4000    2.4000
100000*second partial in parameter space
       69.       49.       43.       13.       10.       19.
        7.       17.        4.        6.        5.        3.
  0.0195  0.0194  0.0194  0.0199  0.0197  0.0203  0.0194  0.0200  0.0193  0.0194  0.0193  0.0192
  0.0193  0.0192  0.0193  0.0195  0.0194  0.0198  0.0192  0.0195  0.0192  0.0192  0.0192  0.0191
  0.0192  0.0191  0.0191  0.0193  0.0192  0.0194  0.0191  0.0192  0.0191  0.0191  0.0191  0.0191
  0.0191  0.0191  0.0191  0.0191  0.0191  0.0191  0.0191  0.0191  0.0191  0.0191  0.0191  0.0191
  0.0192  0.0191  0.0191  0.0191  0.0191  0.0191  0.0191  0.0192  0.0191  0.0191  0.0191  0.0191
  0.0193  0.0193  0.0192  0.0194  0.0193  0.0194  0.0192  0.0195  0.0192  0.0192  0.0192  0.0191
  0.0196  0.0194  0.0193  0.0199  0.0197  0.0201  0.0194  0.0200  0.0193  0.0194  0.0194  0.0192
   -3.3177   28.0954   13.0828   -2.6742  -12.4475   -7.6031
   -0.1111   -4.6339   -0.1093   -1.4863   11.5354   -3.2609
eta,q 0.98095 13.29036

---------------------------------------------------------------------
compute_vox2vox talsrcimg talsrcimg_to_711-2C_as_mni_average_305_t4 /opt/freesurfer/average/711-2C_as_mni_average_305
---------------------------------------------------------------------

freesurfer compute_vox2vox.c
Reading: talsrcimg.4dfp.ifh
Reading: talsrcimg_to_711-2C_as_mni_average_305_t4
Reading: /opt/freesurfer/average/711-2C_as_mni_average_305.4dfp.ifh
Writing: talsrcimg_to_711-2C_as_mni_average_305_t4_vox2vox.txt

start time Wed Mar 11 10:09:57 CET 2026
end		time Wed Mar 11 10:11:25 CET 2026

mpr2mni305 success

avi2talxfm orig_nu.mgz /opt/freesurfer/average/mni305.cor.mgz talsrcimg_to_711-2C_as_mni_average_305_t4_vox2vox.txt transforms/talairach.auto.xfm
avi2talxfm done
mv -f /out/sourcedata/freesurfer/sub-v2s16x51231_ses-1/mri/talsrcimg_to_711-2C_as_mni_average_305_t4_vox2vox.txt /out/sourcedata/freesurfer/sub-v2s16x51231_ses-1/mri/transforms/talsrcimg_to_711-2C_as_mni_average_305_t4_vox2vox.txt
lta_convert --src orig_nu.mgz --trg /opt/freesurfer/average/mni305.cor.mgz --inxfm transforms/talairach.auto.xfm --outlta transforms/talairach.auto.xfm.lta --subject fsaverage
7.3.2

--src: orig_nu.mgz src image (geometry).
--trg: /opt/freesurfer/average/mni305.cor.mgz trg image (geometry).
--inmni: transforms/talairach.auto.xfm input MNI/XFM transform.
--outlta: transforms/talairach.auto.xfm.lta output LTA.
--s: fsaverage subject name
 LTA read, type : 1
 1.02140   0.05128   0.00321   0.10879;
-0.12755   1.07653   0.03993  -17.48936;
-0.00089   0.01834   1.14285  -28.67204;
 0.00000   0.00000   0.00000   1.00000;
setting subject to fsaverage
Writing  LTA to file transforms/talairach.auto.xfm.lta...
lta_convert successful.
 
 
Started at Wed Mar 11 10:09:57 CET 2026
Ended   at Wed Mar 11 10:11:25 CET 2026
talairach_avi done
