/out/sourcedata/freesurfer/sub-v2s16x51258_ses-1/mri
/opt/freesurfer/bin/talairach_avi
--i orig_nu.mgz --xfm transforms/talairach.auto.xfm
talairach_avi 7.3.2
Linux dna056 5.14.0-427.37.1.el9_4.x86_64 #1 SMP PREEMPT_DYNAMIC Fri Sep 13 12:41:50 EDT 2024 x86_64 x86_64 x86_64 GNU/Linux
Wed Mar 11 11:02:50 CET 2026
mri_convert orig_nu.mgz talsrcimg.img 
reading from orig_nu.mgz...
TR=0.00, TE=0.00, TI=0.00, flip angle=0.00
i_ras = (-1, 0, 0)
j_ras = (0, 0, -1)
k_ras = (0, 1, 0)
writing to talsrcimg.img...
Analyze Output Matrix
-1.00000   0.00000   0.00000   121.73060;
 0.00000   0.00000   1.00000  -125.58400;
 0.00000  -1.00000   0.00000   140.29056;
 0.00000   0.00000   0.00000   1.00000;
--------------------
INFO: set hdr.hist.orient to -1
mpr2mni305 talsrcimg
Wed Mar 11 11:02:51 CET 2026
/opt/freesurfer/bin/mpr2mni305 talsrcimg
mpr2mni305 7.3.2
target=711-2C_as_mni_average_305

---------------------------------------------------------------------
analyzeto4dfp talsrcimg -O0 -y
---------------------------------------------------------------------

freesurfer ifh2hdr.c
Wed Mar 11 11:02:51 2026
Writing: talsrcimg.4dfp.hdr
freesurfer analyzeto4dfp.c
Reading: talsrcimg.hdr
header size 348 bytes
hdr.dime.datatype	offset=70	value=2
hdr.dime.bitpix		offset=72	value=8
hdr.hist.orient		offset=252	value=-1
dimensionality     4
dimensions       256       256       256         1
Reading: talsrcimg.img
Writing: talsrcimg.4dfp.img
Writing: talsrcimg.4dfp.ifh
ifh2hdr talsrcimg -r0to170
ori=2

---------------------------------------------------------------------
gauss_4dfp talsrcimg 1.1
---------------------------------------------------------------------

freesurfer gauss_4dfp.c
Reading: talsrcimg.4dfp.img
Writing: talsrcimg_g11.4dfp.img
image dimensions 256 256 256 padded to 288 288 288
processing volume 1freesurfer ifh2hdr.c
Wed Mar 11 11:02:53 2026
Writing: talsrcimg_g11.4dfp.hdr

Writing: talsrcimg_g11.4dfp.ifh
including: talsrcimg.4dfp.img.rec in talsrcimg_g11.4dfp.img.rec

---------------------------------------------------------------------
imgreg_4dfp /opt/freesurfer/average/711-2C_as_mni_average_305 none talsrcimg_g11 none talsrcimg_to_711-2C_as_mni_average_305_t4 4355
---------------------------------------------------------------------

freesurfer imgreg_4dfp.c
/opt/freesurfer/average/711-2C_as_mni_average_305.4dfp.img
       256       256       256         1
  1.000000  1.000000  1.000000
orientation T byte_order littleendian
Reading image: /opt/freesurfer/average/711-2C_as_mni_average_305.4dfp.img
dimensions:      256       256       256
mmppix:       1.0000   -1.0000   -1.0000
center:     128.0000 -129.0000 -129.0000
talsrcimg_g11.4dfp.img
       256       256       256         1
  1.000000  1.000000  1.000000
orientation T byte_order littleendian
Reading image: talsrcimg_g11.4dfp.img
dimensions:      256       256       256
mmppix:       1.0000   -1.0000   -1.0000
center:     128.0000 -129.0000 -129.0000
t4_read: open error in t4_sub.f l:  41 t4_file(1:l)talsrcimg_to_711-2C_as_mni_average_305_t4 
t4_read: transform initialized to I4
rotation matrix determinant  1.000000
image alignment mode   4355 decimal     1103 hex
   -7.5000  -45.0000  -45.000010477.5820   12.5905
    0.0000  -45.0000  -45.000010915.7285   12.6470
    7.5000  -45.0000  -45.000010518.2266   12.6432
   -7.5000  -37.5000  -45.000010776.3721   12.5388
    0.0000  -37.5000  -45.000011221.2578   12.5972
    7.5000  -37.5000  -45.000010810.0654   12.5941
   -7.5000  -30.0000  -45.000011411.5615   12.2933
    0.0000  -30.0000  -45.000011889.2002   12.3519
    7.5000  -30.0000  -45.000011429.6416   12.3525
   -7.5000  -22.5000  -45.000012012.5117   12.0686
    0.0000  -22.5000  -45.000012507.6426   12.1247
    7.5000  -22.5000  -45.000012031.1133   12.1280
   -7.5000  -15.0000  -45.000012570.8447   11.8830
    0.0000  -15.0000  -45.000013077.3789   11.9367
    7.5000  -15.0000  -45.000012563.0088   11.9385
   -7.5000   -7.5000  -45.000013128.1650   11.7365
    0.0000   -7.5000  -45.000013643.2539   11.7890
    7.5000   -7.5000  -45.000013091.0684   11.7865
   -7.5000    0.0000  -45.000013590.2314   11.6686
    0.0000    0.0000  -45.000014104.0625   11.7217
    7.5000    0.0000  -45.000013528.8154   11.7161
   -7.5000    7.5000  -45.000013020.7744   11.8032
    0.0000    7.5000  -45.000013490.4219   11.8586
    7.5000    7.5000  -45.000012939.9912   11.8543
   -7.5000   15.0000  -45.000012222.4775   11.9995
    0.0000   15.0000  -45.000012656.1611   12.0561
    7.5000   15.0000  -45.000012151.0078   12.0559
   -7.5000   22.5000  -45.000011379.6953   12.2115
    0.0000   22.5000  -45.000011786.3906   12.2670
    7.5000   22.5000  -45.000011322.1250   12.2697
   -7.5000   30.0000  -45.000010572.3447   12.2735
    0.0000   30.0000  -45.000010936.5625   12.3266
    7.5000   30.0000  -45.000010496.1113   12.3277
   -7.5000   37.5000  -45.000010103.7402   12.4537
    0.0000   37.5000  -45.000010439.1982   12.5061
    7.5000   37.5000  -45.000010003.5029   12.5020
   -7.5000   45.0000  -45.0000 9280.4863   12.3285
    0.0000   45.0000  -45.0000 9586.4355   12.3810
    7.5000   45.0000  -45.0000 9165.2637   12.3735
   -7.5000  -45.0000  -37.500011036.9307   12.3387
    0.0000  -45.0000  -37.500011507.6953   12.3975
    7.5000  -45.0000  -37.500011075.0107   12.3961
   -7.5000  -37.5000  -37.500011346.5918   12.2862
    0.0000  -37.5000  -37.500011821.4023   12.3474
    7.5000  -37.5000  -37.500011365.2832   12.3461
   -7.5000  -30.0000  -37.500012006.3857   12.0417
    0.0000  -30.0000  -37.500012517.2754   12.1029
    7.5000  -30.0000  -37.500011995.0928   12.1039
   -7.5000  -22.5000  -37.500012614.3594   11.8179
    0.0000  -22.5000  -37.500013150.7891   11.8759
    7.5000  -22.5000  -37.500012594.3457   11.8787
   -7.5000  -15.0000  -37.500013185.7588   11.6342
    0.0000  -15.0000  -37.500013738.2607   11.6893
    7.5000  -15.0000  -37.500013152.5762   11.6907
   -7.5000   -7.5000  -37.500013753.1035   11.4916
    0.0000   -7.5000  -37.500014313.1904   11.5455
    7.5000   -7.5000  -37.500013695.5430   11.5441
   -7.5000    0.0000  -37.500014219.5508   11.4262
    0.0000    0.0000  -37.500014794.9512   11.4808
    7.5000    0.0000  -37.500014160.0508   11.4774
   -7.5000    7.5000  -37.500013609.6240   11.5586
    0.0000    7.5000  -37.500014157.0410   11.6157
    7.5000    7.5000  -37.500013533.2773   11.6128
   -7.5000   15.0000  -37.500012768.5547   11.7518
    0.0000   15.0000  -37.500013257.7021   11.8101
    7.5000   15.0000  -37.500012687.9209   11.8101
   -7.5000   22.5000  -37.500011876.8506   11.9613
    0.0000   22.5000  -37.500012323.4873   12.0182
    7.5000   22.5000  -37.500011797.8682   12.0202
   -7.5000   30.0000  -37.500011000.0762   12.0244
    0.0000   30.0000  -37.500011406.2188   12.0789
    7.5000   30.0000  -37.500010915.8975   12.0798
   -7.5000   37.5000  -37.500010509.1533   12.2045
    0.0000   37.5000  -37.500010857.3203   12.2588
    7.5000   37.5000  -37.500010397.5352   12.2562
   -7.5000   45.0000  -37.5000 9650.1885   12.0857
    0.0000   45.0000  -37.5000 9950.4570   12.1405
    7.5000   45.0000  -37.5000 9516.6475   12.1356
   -7.5000  -45.0000  -30.000011766.1885   12.6702
    0.0000  -45.0000  -30.000012297.0605   12.7331
    7.5000  -45.0000  -30.000011821.7402   12.7315
   -7.5000  -37.5000  -30.000012088.0264   12.6094
    0.0000  -37.5000  -30.000012616.2588   12.6743
    7.5000  -37.5000  -30.000012106.7012   12.6719
   -7.5000  -30.0000  -30.000012796.7764   12.3562
    0.0000  -30.0000  -30.000013353.1318   12.4208
    7.5000  -30.0000  -30.000012769.7412   12.4188
   -7.5000  -22.5000  -30.000013450.6426   12.1256
    0.0000  -22.5000  -30.000014046.9473   12.1870
    7.5000  -22.5000  -30.000013400.5430   12.1864
   -7.5000  -15.0000  -30.000014053.9219   11.9367
    0.0000  -15.0000  -30.000014661.1162   11.9951
    7.5000  -15.0000  -30.000013983.1748   11.9939
   -7.5000   -7.5000  -30.000014631.6016   11.7910
    0.0000   -7.5000  -30.000015254.7637   11.8486
    7.5000   -7.5000  -30.000014560.3154   11.8462
   -7.5000    0.0000  -30.000015100.7041   11.7232
    0.0000    0.0000  -30.000015737.5205   11.7814
    7.5000    0.0000  -30.000015020.4561   11.7782
   -7.5000    7.5000  -30.000014433.9971   11.8554
    0.0000    7.5000  -30.000015020.4961   11.9157
    7.5000    7.5000  -30.000014336.2031   11.9122
   -7.5000   15.0000  -30.000013540.3242   12.0559
    0.0000   15.0000  -30.000014094.7695   12.1173
    7.5000   15.0000  -30.000013445.1816   12.1149
   -7.5000   22.5000  -30.000012581.1680   12.2733
    0.0000   22.5000  -30.000013085.6465   12.3334
    7.5000   22.5000  -30.000012485.7559   12.3320
   -7.5000   30.0000  -30.000011624.0957   12.3440
    0.0000   30.0000  -30.000012085.8584   12.4020
    7.5000   30.0000  -30.000011542.1768   12.4001
   -7.5000   37.5000  -30.000011092.6543   12.5310
    0.0000   37.5000  -30.000011496.1836   12.5891
    7.5000   37.5000  -30.000010992.8584   12.5854
   -7.5000   45.0000  -30.000010173.9658   12.4181
    0.0000   45.0000  -30.000010509.7578   12.4771
    7.5000   45.0000  -30.000010051.6523   12.4722
   -7.5000  -45.0000  -22.500012531.3975   12.9168
    0.0000  -45.0000  -22.500013083.3936   12.9799
    7.5000  -45.0000  -22.500012555.5225   12.9754
   -7.5000  -37.5000  -22.500012861.1396   12.8486
    0.0000  -37.5000  -22.500013412.2627   12.9128
    7.5000  -37.5000  -22.500012846.2412   12.9070
   -7.5000  -30.0000  -22.500013616.4463   12.5898
    0.0000  -30.0000  -22.500014193.6631   12.6533
    7.5000  -30.0000  -22.500013552.8350   12.6475
   -7.5000  -22.5000  -22.500014321.7510   12.3549
    0.0000  -22.5000  -22.500014937.6475   12.4159
    7.5000  -22.5000  -22.500014219.5176   12.4119
   -7.5000  -15.0000  -22.500014955.6689   12.1623
    0.0000  -15.0000  -22.500015589.1963   12.2211
    7.5000  -15.0000  -22.500014843.6455   12.2171
   -7.5000   -7.5000  -22.500015535.0684   12.0131
    0.0000   -7.5000  -22.500016205.9424   12.0714
    7.5000   -7.5000  -22.500015450.0459   12.0664
   -7.5000    0.0000  -22.500016003.6816   11.9427
    0.0000    0.0000  -22.500016679.5508   12.0014
    7.5000    0.0000  -22.500015887.5615   11.9960
   -7.5000    7.5000  -22.500015273.8115   12.0751
    0.0000    7.5000  -22.500015904.3154   12.1354
    7.5000    7.5000  -22.500015137.2119   12.1294
   -7.5000   15.0000  -22.500014348.3047   12.2779
    0.0000   15.0000  -22.500014950.5010   12.3391
    7.5000   15.0000  -22.500014218.0645   12.3337
   -7.5000   22.5000  -22.500013324.9678   12.5029
    0.0000   22.5000  -22.500013869.1943   12.5632
    7.5000   22.5000  -22.500013192.6191   12.5586
   -7.5000   30.0000  -22.500012283.1279   12.5817
    0.0000   30.0000  -22.500012757.1309   12.6403
    7.5000   30.0000  -22.500012150.9209   12.6354
   -7.5000   37.5000  -22.500011709.1162   12.7746
    0.0000   37.5000  -22.500012136.1416   12.8334
    7.5000   37.5000  -22.500011581.4092   12.8268
   -7.5000   45.0000  -22.500010732.0527   12.6680
    0.0000   45.0000  -22.500011096.2031   12.7275
    7.5000   45.0000  -22.500010598.1279   12.7201
   -7.5000  -45.0000  -15.000013319.2334   13.0172
    0.0000  -45.0000  -15.000013905.7217   13.0776
    7.5000  -45.0000  -15.000013319.7783   13.0703
   -7.5000  -37.5000  -15.000013663.5811   12.9425
    0.0000  -37.5000  -15.000014255.5137   13.0030
    7.5000  -37.5000  -15.000013618.6006   12.9946
   -7.5000  -30.0000  -15.000014461.1982   12.6806
    0.0000  -30.0000  -15.000015076.1973   12.7402
    7.5000  -30.0000  -15.000014359.1768   12.7329
   -7.5000  -22.5000  -15.000015197.3906   12.4454
    0.0000  -22.5000  -15.000015833.9102   12.5032
    7.5000  -22.5000  -15.000015050.0391   12.4982
   -7.5000  -15.0000  -15.000015863.9873   12.2523
    0.0000  -15.0000  -15.000016528.7734   12.3090
    7.5000  -15.0000  -15.000015735.5664   12.3041
   -7.5000   -7.5000  -15.000016476.2832   12.1014
    0.0000   -7.5000  -15.000017197.1387   12.1579
    7.5000   -7.5000  -15.000016374.0420   12.1513
   -7.5000    0.0000  -15.000016971.4199   12.0292
    0.0000    0.0000  -15.000017691.9590   12.0859
    7.5000    0.0000  -15.000016816.1523   12.0783
   -7.5000    7.5000  -15.000016161.1719   12.1611
    0.0000    7.5000  -15.000016840.1094   12.2189
    7.5000    7.5000  -15.000015977.2578   12.2109
   -7.5000   15.0000  -15.000015160.9912   12.3647
    0.0000   15.0000  -15.000015823.0225   12.4230
    7.5000   15.0000  -15.000015015.3818   12.4162
   -7.5000   22.5000  -15.000014090.5693   12.5900
    0.0000   22.5000  -15.000014681.4893   12.6478
    7.5000   22.5000  -15.000013940.0967   12.6426
   -7.5000   30.0000  -15.000012976.2451   12.6744
    0.0000   30.0000  -15.000013464.5596   12.7310
    7.5000   30.0000  -15.000012806.5840   12.7251
   -7.5000   37.5000  -15.000012360.1299   12.8717
    0.0000   37.5000  -15.000012798.4365   12.9286
    7.5000   37.5000  -15.000012204.7617   12.9200
   -7.5000   45.0000  -15.000011316.2334   12.7731
    0.0000   45.0000  -15.000011703.4258   12.8302
    7.5000   45.0000  -15.000011168.6787   12.8201
   -7.5000  -45.0000   -7.500014176.5010   13.0302
    0.0000  -45.0000   -7.500014803.9561   13.0882
    7.5000  -45.0000   -7.500014165.5996   13.0813
   -7.5000  -37.5000   -7.500014539.9990   12.9499
    0.0000  -37.5000   -7.500015179.4375   13.0084
    7.5000  -37.5000   -7.500014492.9951   13.0012
   -7.5000  -30.0000   -7.500015380.0342   12.6830
    0.0000  -30.0000   -7.500016035.3125   12.7409
    7.5000  -30.0000   -7.500015250.6719   12.7365
   -7.5000  -22.5000   -7.500016119.9316   12.4457
    0.0000  -22.5000   -7.500016761.9531   12.5019
    7.5000  -22.5000   -7.500015954.8447   12.5001
   -7.5000  -15.0000   -7.500016782.2637   12.2530
    0.0000  -15.0000   -7.500017499.1230   12.3083
    7.5000  -15.0000   -7.500016676.0566   12.3059
   -7.5000   -7.5000   -7.500017450.7773   12.1040
    0.0000   -7.5000   -7.500018233.3008   12.1586
    7.5000   -7.5000   -7.500017362.8770   12.1532
   -7.5000    0.0000   -7.500017961.7637   12.0336
    0.0000    0.0000   -7.500018727.8828   12.0883
    7.5000    0.0000   -7.500017791.3535   12.0807
   -7.5000    7.5000   -7.500017079.2129   12.1647
    0.0000    7.5000   -7.500017795.6172   12.2206
    7.5000    7.5000   -7.500016887.9785   12.2133
   -7.5000   15.0000   -7.500016038.5273   12.3665
    0.0000   15.0000   -7.500016717.2012   12.4231
    7.5000   15.0000   -7.500015865.0977   12.4187
   -7.5000   22.5000   -7.500014923.6328   12.5879
    0.0000   22.5000   -7.500015532.0430   12.6444
    7.5000   22.5000   -7.500014745.1084   12.6425
   -7.5000   30.0000   -7.500013750.5713   12.6705
    0.0000   30.0000   -7.500014258.0742   12.7256
    7.5000   30.0000   -7.500013573.7275   12.7224
   -7.5000   37.5000   -7.500013059.3574   12.8672
    0.0000   37.5000   -7.500013530.1260   12.9221
    7.5000   37.5000   -7.500012893.8057   12.9147
   -7.5000   45.0000   -7.500011934.6738   12.7740
    0.0000   45.0000   -7.500012337.0146   12.8287
    7.5000   45.0000   -7.500011786.4717   12.8185
   -7.5000  -45.0000    0.000014938.0342   13.0401
    0.0000  -45.0000    0.000015563.2441   13.0988
    7.5000  -45.0000    0.000014887.3379   13.0940
   -7.5000  -37.5000    0.000015390.2344   12.9598
    0.0000  -37.5000    0.000016037.1465   13.0201
    7.5000  -37.5000    0.000015279.3965   13.0157
   -7.5000  -30.0000    0.000016255.9805   12.6894
    0.0000  -30.0000    0.000016879.8770   12.7498
    7.5000  -30.0000    0.000016070.1475   12.7489
   -7.5000  -22.5000    0.000016954.7246   12.4490
    0.0000  -22.5000    0.000017568.2109   12.5070
    7.5000  -22.5000    0.000016797.7090   12.5089
   -7.5000  -15.0000    0.000017647.4707   12.2565
    0.0000  -15.0000    0.000018330.4473   12.3125
    7.5000  -15.0000    0.000017529.3730   12.3131
   -7.5000   -7.5000    0.000018354.7676   12.1106
    0.0000   -7.5000    0.000019106.6289   12.1654
    7.5000   -7.5000    0.000018239.0957   12.1621
   -7.5000    0.0000    0.000018826.6543   12.0439
    0.0000    0.0000    0.000019578.4551   12.0989
    7.5000    0.0000    0.000018654.4121   12.0925
   -7.5000    7.5000    0.000017885.8242   12.1749
    0.0000    7.5000    0.000018577.5781   12.2319
    7.5000    7.5000    0.000017686.4824   12.2265
   -7.5000   15.0000    0.000016832.4531   12.3745
    0.0000   15.0000    0.000017466.5684   12.4327
    7.5000   15.0000    0.000016616.0527   12.4312
   -7.5000   22.5000    0.000015691.9521   12.5938
    0.0000   22.5000    0.000016271.8145   12.6518
    7.5000   22.5000    0.000015478.5752   12.6533
   -7.5000   30.0000    0.000014470.8857   12.6761
    0.0000   30.0000    0.000014995.2109   12.7319
    7.5000   30.0000    0.000014266.2227   12.7322
   -7.5000   37.5000    0.000013712.0225   12.8761
    0.0000   37.5000    0.000014206.7832   12.9313
    7.5000   37.5000    0.000013533.8584   12.9265
   -7.5000   45.0000    0.000012478.1807   12.7881
    0.0000   45.0000    0.000012908.0088   12.8432
    7.5000   45.0000    0.000012334.4863   12.8348
   -7.5000  -45.0000    7.500014527.2207   13.0675
    0.0000  -45.0000    7.500015109.2285   13.1297
    7.5000  -45.0000    7.500014432.3906   13.1272
   -7.5000  -37.5000    7.500015037.1582   12.9881
    0.0000  -37.5000    7.500015654.4609   13.0528
    7.5000  -37.5000    7.500014885.4268   13.0502
   -7.5000  -30.0000    7.500015867.9756   12.7171
    0.0000  -30.0000    7.500016408.3750   12.7818
    7.5000  -30.0000    7.500015723.2725   12.7816
   -7.5000  -22.5000    7.500016486.8281   12.4747
    0.0000  -22.5000    7.500016985.3281   12.5363
    7.5000  -22.5000    7.500016384.3711   12.5381
   -7.5000  -15.0000    7.500017221.8301   12.2813
    0.0000  -15.0000    7.500017727.5371   12.3399
    7.5000  -15.0000    7.500017070.9785   12.3405
   -7.5000   -7.5000    7.500017925.6523   12.1367
    0.0000   -7.5000    7.500018486.9199   12.1941
    7.5000   -7.5000    7.500017765.6445   12.1918
   -7.5000    0.0000    7.500018343.8672   12.0715
    0.0000    0.0000    7.500018957.4004   12.1293
    7.5000    0.0000    7.500018180.0000   12.1248
   -7.5000    7.5000    7.500017381.0332   12.2027
    0.0000    7.5000    7.500017980.4336   12.2630
    7.5000    7.5000    7.500017199.6074   12.2590
   -7.5000   15.0000    7.500016351.2373   12.4011
    0.0000   15.0000    7.500016945.3711   12.4628
    7.5000   15.0000    7.500016141.8008   12.4618
   -7.5000   22.5000    7.500015223.7988   12.6202
    0.0000   22.5000    7.500015794.6963   12.6810
    7.5000   22.5000    7.500015037.1650   12.6822
   -7.5000   30.0000    7.500014031.3027   12.7028
    0.0000   30.0000    7.500014573.5703   12.7613
    7.5000   30.0000    7.500013863.0391   12.7614
   -7.5000   37.5000    7.500013297.9727   12.9043
    0.0000   37.5000    7.500013801.2158   12.9625
    7.5000   37.5000    7.500013136.7246   12.9590
   -7.5000   45.0000    7.500012115.8516   12.8169
    0.0000   45.0000    7.500012536.6992   12.8757
    7.5000   45.0000    7.500011962.8984   12.8696
   -7.5000  -45.0000   15.000013962.0439   13.2065
    0.0000  -45.0000   15.000014452.0928   13.2721
    7.5000  -45.0000   15.000013848.2842   13.2696
   -7.5000  -37.5000   15.000014366.5371   13.1267
    0.0000  -37.5000   15.000014915.0020   13.1944
    7.5000  -37.5000   15.000014281.7451   13.1912
   -7.5000  -30.0000   15.000015169.1465   12.8562
    0.0000  -30.0000   15.000015679.8301   12.9237
    7.5000  -30.0000   15.000015152.1660   12.9212
   -7.5000  -22.5000   15.000015884.5547   12.6133
    0.0000  -22.5000   15.000016328.1523   12.6777
    7.5000  -22.5000   15.000015864.6641   12.6767
   -7.5000  -15.0000   15.000016686.6719   12.4180
    0.0000  -15.0000   15.000017114.3301   12.4792
    7.5000  -15.0000   15.000016561.2500   12.4775
   -7.5000   -7.5000   15.000017378.9824   12.2715
    0.0000   -7.5000   15.000017879.1445   12.3317
    7.5000   -7.5000   15.000017252.0723   12.3286
   -7.5000    0.0000   15.000017756.8320   12.2033
    0.0000    0.0000   15.000018315.6953   12.2642
    7.5000    0.0000   15.000017622.8730   12.2602
   -7.5000    7.5000   15.000016751.1680   12.3343
    0.0000    7.5000   15.000017338.9785   12.3975
    7.5000    7.5000   15.000016592.5781   12.3935
   -7.5000   15.0000   15.000015709.3857   12.5340
    0.0000   15.0000   15.000016322.6094   12.5984
    7.5000   15.0000   15.000015552.8369   12.5956
   -7.5000   22.5000   15.000014648.3311   12.7550
    0.0000   22.5000   15.000015225.8066   12.8182
    7.5000   22.5000   15.000014480.5127   12.8165
   -7.5000   30.0000   15.000013495.1738   12.8378
    0.0000   30.0000   15.000014023.9551   12.8988
    7.5000   30.0000   15.000013335.1084   12.8964
   -7.5000   37.5000   15.000012784.8125   13.0376
    0.0000   37.5000   15.000013278.6953   13.0988
    7.5000   37.5000   15.000012624.9375   13.0945
   -7.5000   45.0000   15.000011640.0996   12.9439
    0.0000   45.0000   15.000012060.5859   13.0062
    7.5000   45.0000   15.000011477.0244   13.0008
   -7.5000  -45.0000   22.500013320.4375   13.4402
    0.0000  -45.0000   22.500013791.2334   13.5057
    7.5000  -45.0000   22.500013213.2441   13.5003
   -7.5000  -37.5000   22.500013696.1523   13.3595
    0.0000  -37.5000   22.500014201.4580   13.4262
    7.5000  -37.5000   22.500013629.3652   13.4195
   -7.5000  -30.0000   22.500014473.9990   13.0910
    0.0000  -30.0000   22.500014999.8730   13.1570
    7.5000  -30.0000   22.500014475.8281   13.1504
   -7.5000  -22.5000   22.500015235.0254   12.8503
    0.0000  -22.5000   22.500015797.0146   12.9137
    7.5000  -22.5000   22.500015218.7080   12.9092
   -7.5000  -15.0000   22.500016005.1299   12.6551
    0.0000  -15.0000   22.500016610.3398   12.7164
    7.5000  -15.0000   22.500015920.5156   12.7119
   -7.5000   -7.5000   22.500016649.8027   12.5060
    0.0000   -7.5000   22.500017307.0645   12.5666
    7.5000   -7.5000   22.500016572.8125   12.5610
   -7.5000    0.0000   22.500017008.7207   12.4346
    0.0000    0.0000   22.500017667.4961   12.4956
    7.5000    0.0000   22.500016897.9492   12.4895
   -7.5000    7.5000   22.500016023.4023   12.5662
    0.0000    7.5000   22.500016636.6602   12.6290
    7.5000    7.5000   22.500015881.3564   12.6224
   -7.5000   15.0000   22.500015020.2500   12.7686
    0.0000   15.0000   22.500015600.7949   12.8324
    7.5000   15.0000   22.500014857.8604   12.8265
   -7.5000   22.5000   22.500014002.9512   12.9924
    0.0000   22.5000   22.500014528.6143   13.0553
    7.5000   22.5000   22.500013842.6055   13.0504
   -7.5000   30.0000   22.500012894.7256   13.0741
    0.0000   30.0000   22.500013367.4023   13.1353
    7.5000   30.0000   22.500012738.9424   13.1300
   -7.5000   37.5000   22.500012217.9531   13.2729
    0.0000   37.5000   22.500012665.3467   13.3342
    7.5000   37.5000   22.500012087.1650   13.3270
   -7.5000   45.0000   22.500011107.2598   13.1712
    0.0000   45.0000   22.500011507.1885   13.2334
    7.5000   45.0000   22.500010984.3174   13.2253
   -7.5000  -45.0000   30.000012593.5234   13.6928
    0.0000  -45.0000   30.000013113.2207   13.7555
    7.5000  -45.0000   30.000012546.6553   13.7475
   -7.5000  -37.5000   30.000012944.7246   13.6099
    0.0000  -37.5000   30.000013475.0820   13.6727
    7.5000  -37.5000   30.000012922.5273   13.6636
   -7.5000  -30.0000   30.000013685.5098   13.3413
    0.0000  -30.0000   30.000014224.1641   13.4032
    7.5000  -30.0000   30.000013680.4824   13.3952
   -7.5000  -22.5000   30.000014399.8096   13.1023
    0.0000  -22.5000   30.000014959.8604   13.1625
    7.5000  -22.5000   30.000014361.2480   13.1572
   -7.5000  -15.0000   30.000015102.0088   12.9076
    0.0000  -15.0000   30.000015683.3750   12.9668
    7.5000  -15.0000   30.000015008.3203   12.9616
   -7.5000   -7.5000   30.000015742.1748   12.7555
    0.0000   -7.5000   30.000016349.5977   12.8146
    7.5000   -7.5000   30.000015651.5771   12.8075
   -7.5000    0.0000   30.000016083.4316   12.6815
    0.0000    0.0000   30.000016706.7793   12.7404
    7.5000    0.0000   30.000015977.3643   12.7321
   -7.5000    7.5000   30.000015168.9043   12.8141
    0.0000    7.5000   30.000015754.3877   12.8741
    7.5000    7.5000   30.000015033.1094   12.8653
   -7.5000   15.0000   30.000014228.2578   13.0199
    0.0000   15.0000   30.000014779.4766   13.0805
    7.5000   15.0000   30.000014068.5869   13.0731
   -7.5000   22.5000   30.000013248.2441   13.2458
    0.0000   22.5000   30.000013743.0918   13.3063
    7.5000   22.5000   30.000013081.7305   13.3006
   -7.5000   30.0000   30.000012189.9199   13.3250
    0.0000   30.0000   30.000012643.9580   13.3844
    7.5000   30.0000   30.000012041.7871   13.3782
   -7.5000   37.5000   30.000011560.3467   13.5219
    0.0000   37.5000   30.000011974.4209   13.5813
    7.5000   37.5000   30.000011433.7812   13.5723
   -7.5000   45.0000   30.000010513.6211   13.4133
    0.0000   45.0000   30.000010872.4121   13.4727
    7.5000   45.0000   30.000010397.5107   13.4620
   -7.5000  -45.0000   37.500012333.0811   14.0086
    0.0000  -45.0000   37.500012832.4688   14.0700
    7.5000  -45.0000   37.500012268.5713   14.0619
   -7.5000  -37.5000   37.500012646.6055   13.9223
    0.0000  -37.5000   37.500013144.0664   13.9842
    7.5000  -37.5000   37.500012589.2803   13.9760
   -7.5000  -30.0000   37.500013364.5098   13.6483
    0.0000  -30.0000   37.500013862.7383   13.7097
    7.5000  -30.0000   37.500013309.1162   13.7049
   -7.5000  -22.5000   37.500014070.5791   13.4067
    0.0000  -22.5000   37.500014585.4785   13.4664
    7.5000  -22.5000   37.500013989.6719   13.4648
   -7.5000  -15.0000   37.500014743.5752   13.2115
    0.0000  -15.0000   37.500015275.8691   13.2703
    7.5000  -15.0000   37.500014625.6289   13.2680
   -7.5000   -7.5000   37.500015377.1895   13.0598
    0.0000   -7.5000   37.500015930.6562   13.1179
    7.5000   -7.5000   37.500015261.7812   13.1119
   -7.5000    0.0000   37.500015749.1553   12.9861
    0.0000    0.0000   37.500016346.9932   13.0439
    7.5000    0.0000   37.500015631.5879   13.0351
   -7.5000    7.5000   37.500014882.5273   13.1196
    0.0000    7.5000   37.500015438.9346   13.1788
    7.5000    7.5000   37.500014732.9717   13.1703
   -7.5000   15.0000   37.500013955.0186   13.3267
    0.0000   15.0000   37.500014482.4082   13.3868
    7.5000   15.0000   37.500013797.0605   13.3816
   -7.5000   22.5000   37.500012977.6152   13.5539
    0.0000   22.5000   37.500013453.9775   13.6143
    7.5000   22.5000   37.500012824.0273   13.6119
   -7.5000   30.0000   37.500011960.5410   13.6305
    0.0000   30.0000   37.500012381.0967   13.6896
    7.5000   30.0000   37.500011799.1982   13.6860
   -7.5000   37.5000   37.500011339.7988   13.8296
    0.0000   37.5000   37.500011734.4805   13.8883
    7.5000   37.5000   37.500011210.8271   13.8801
   -7.5000   45.0000   37.500010305.3193   13.7178
    0.0000   45.0000   37.500010655.2646   13.7759
    7.5000   45.0000   37.500010194.6465   13.7645
   -7.5000  -45.0000   45.000011489.1982   14.3042
    0.0000  -45.0000   45.000011945.8457   14.3678
    7.5000  -45.0000   45.000011411.3457   14.3625
   -7.5000  -37.5000   45.000011778.2480   14.2146
    0.0000  -37.5000   45.000012236.9473   14.2803
    7.5000  -37.5000   45.000011691.7246   14.2756
   -7.5000  -30.0000   45.000012438.5869   13.9340
    0.0000  -30.0000   45.000012908.2646   14.0000
    7.5000  -30.0000   45.000012366.3379   13.9998
   -7.5000  -22.5000   45.000013084.5029   13.6879
    0.0000  -22.5000   45.000013558.8115   13.7514
    7.5000  -22.5000   45.000013000.4287   13.7546
   -7.5000  -15.0000   45.000013700.5508   13.4926
    0.0000  -15.0000   45.000014204.5664   13.5537
    7.5000  -15.0000   45.000013610.6084   13.5554
   -7.5000   -7.5000   45.000014323.2305   13.3439
    0.0000   -7.5000   45.000014844.4727   13.4037
    7.5000   -7.5000   45.000014212.6182   13.4006
   -7.5000    0.0000   45.000014698.2002   13.2726
    0.0000    0.0000   45.000015266.2412   13.3324
    7.5000    0.0000   45.000014586.1816   13.3255
   -7.5000    7.5000   45.000013897.8291   13.4058
    0.0000    7.5000   45.000014414.5420   13.4680
    7.5000    7.5000   45.000013762.4717   13.4622
   -7.5000   15.0000   45.000013018.9502   13.6119
    0.0000   15.0000   45.000013505.2959   13.6760
    7.5000   15.0000   45.000012895.4326   13.6745
   -7.5000   22.5000   45.000012129.4746   13.8395
    0.0000   22.5000   45.000012565.7354   13.9035
    7.5000   22.5000   45.000011999.9023   13.9058
   -7.5000   30.0000   45.000011190.5117   13.9135
    0.0000   30.0000   45.000011579.9473   13.9751
    7.5000   30.0000   45.000011050.0254   13.9762
   -7.5000   37.5000   45.000010616.9092   14.1179
    0.0000   37.5000   45.000010988.7471   14.1785
    7.5000   37.5000   45.000010503.6299   14.1738
   -7.5000   45.0000   45.0000 9658.8418   14.0127
    0.0000   45.0000   45.0000 9973.7588   14.0730
    7.5000   45.0000   45.0000 9549.0498   14.0641

---------------------------------------------------------------------
imgreg_4dfp /opt/freesurfer/average/711-2C_as_mni_average_305 /opt/freesurfer/average/711-2B_as_mni_average_305_mask talsrcimg_g11 none talsrcimg_to_711-2C_as_mni_average_305_t4 4355
---------------------------------------------------------------------

freesurfer imgreg_4dfp.c
/opt/freesurfer/average/711-2C_as_mni_average_305.4dfp.img
       256       256       256         1
  1.000000  1.000000  1.000000
orientation T byte_order littleendian
Reading image: /opt/freesurfer/average/711-2C_as_mni_average_305.4dfp.img
dimensions:      256       256       256
mmppix:       1.0000   -1.0000   -1.0000
center:     128.0000 -129.0000 -129.0000
/opt/freesurfer/average/711-2B_as_mni_average_305_mask.4dfp.img
       256       256       256         1
  1.000000  1.000000  1.000000
orientation T byte_order littleendian
Reading mask: /opt/freesurfer/average/711-2B_as_mni_average_305_mask.4dfp.img (2306576 pixels)
talsrcimg_g11.4dfp.img
       256       256       256         1
  1.000000  1.000000  1.000000
orientation T byte_order littleendian
Reading image: talsrcimg_g11.4dfp.img
dimensions:      256       256       256
mmppix:       1.0000   -1.0000   -1.0000
center:     128.0000 -129.0000 -129.0000
rotation matrix determinant  1.000000
image alignment mode   4355 decimal     1103 hex
   -7.5000  -45.0000  -45.0000 2515.8923   17.6756
    0.0000  -45.0000  -45.0000 2523.3682   17.5980
    7.5000  -45.0000  -45.0000 2518.9805   17.7135
   -7.5000  -37.5000  -45.0000 2530.3230   17.1352
    0.0000  -37.5000  -45.0000 2537.6743   17.0394
    7.5000  -37.5000  -45.0000 2535.2124   17.1534
   -7.5000  -30.0000  -45.0000 2542.1809   16.7238
    0.0000  -30.0000  -45.0000 2544.8826   16.6461
    7.5000  -30.0000  -45.0000 2541.6316   16.8141
   -7.5000  -22.5000  -45.0000 2546.5925   16.5934
    0.0000  -22.5000  -45.0000 2546.1057   16.4689
    7.5000  -22.5000  -45.0000 2541.3516   16.6444
   -7.5000  -15.0000  -45.0000 2543.4465   16.6011
    0.0000  -15.0000  -45.0000 2540.2964   16.4681
    7.5000  -15.0000  -45.0000 2532.7261   16.6362
   -7.5000   -7.5000  -45.0000 2541.2896   16.8661
    0.0000   -7.5000  -45.0000 2539.9895   16.7104
    7.5000   -7.5000  -45.0000 2528.5793   16.8786
   -7.5000    0.0000  -45.0000 2524.5300   17.2830
    0.0000    0.0000  -45.0000 2523.5081   17.1416
    7.5000    0.0000  -45.0000 2514.7874   17.3307
   -7.5000    7.5000  -45.0000 2500.6697   17.8822
    0.0000    7.5000  -45.0000 2500.1179   17.7544
    7.5000    7.5000  -45.0000 2492.5249   17.9608
   -7.5000   15.0000  -45.0000 2465.0679   18.6816
    0.0000   15.0000  -45.0000 2466.2715   18.5544
    7.5000   15.0000  -45.0000 2459.1113   18.8054
   -7.5000   22.5000  -45.0000 2424.8767   19.7070
    0.0000   22.5000  -45.0000 2424.3938   19.5319
    7.5000   22.5000  -45.0000 2415.0225   19.7696
   -7.5000   30.0000  -45.0000 2381.6033   20.9945
    0.0000   30.0000  -45.0000 2377.1924   20.8198
    7.5000   30.0000  -45.0000 2368.4521   21.0371
   -7.5000   37.5000  -45.0000 2335.8772   22.7403
    0.0000   37.5000  -45.0000 2330.8396   22.5719
    7.5000   37.5000  -45.0000 2323.6382   22.7262
   -7.5000   45.0000  -45.0000 2291.6880   24.9078
    0.0000   45.0000  -45.0000 2289.2842   24.7281
    7.5000   45.0000  -45.0000 2279.8499   24.8533
   -7.5000  -45.0000  -37.5000 2588.5752   16.4953
    0.0000  -45.0000  -37.5000 2600.1255   16.4638
    7.5000  -45.0000  -37.5000 2595.6914   16.5795
   -7.5000  -37.5000  -37.5000 2607.5107   15.9474
    0.0000  -37.5000  -37.5000 2615.9771   15.9050
    7.5000  -37.5000  -37.5000 2610.3799   16.0052
   -7.5000  -30.0000  -37.5000 2618.3860   15.5806
    0.0000  -30.0000  -37.5000 2624.5425   15.5556
    7.5000  -30.0000  -37.5000 2614.6462   15.6708
   -7.5000  -22.5000  -37.5000 2619.7505   15.4382
    0.0000  -22.5000  -37.5000 2626.2192   15.3842
    7.5000  -22.5000  -37.5000 2614.0693   15.5048
   -7.5000  -15.0000  -37.5000 2615.2629   15.4309
    0.0000  -15.0000  -37.5000 2620.4128   15.3778
    7.5000  -15.0000  -37.5000 2609.9075   15.4888
   -7.5000   -7.5000  -37.5000 2615.7354   15.6761
    0.0000   -7.5000  -37.5000 2620.4497   15.5961
    7.5000   -7.5000  -37.5000 2604.9595   15.7315
   -7.5000    0.0000  -37.5000 2602.2812   16.1030
    0.0000    0.0000  -37.5000 2603.7432   16.0277
    7.5000    0.0000  -37.5000 2594.4988   16.1887
   -7.5000    7.5000  -37.5000 2578.6306   16.7032
    0.0000    7.5000  -37.5000 2581.0076   16.6386
    7.5000    7.5000  -37.5000 2571.2708   16.8174
   -7.5000   15.0000  -37.5000 2540.3772   17.5039
    0.0000   15.0000  -37.5000 2540.4609   17.4073
    7.5000   15.0000  -37.5000 2531.6973   17.6018
   -7.5000   22.5000  -37.5000 2494.4438   18.4848
    0.0000   22.5000  -37.5000 2492.5872   18.3543
    7.5000   22.5000  -37.5000 2482.9670   18.5480
   -7.5000   30.0000  -37.5000 2446.8447   19.7227
    0.0000   30.0000  -37.5000 2446.9104   19.5923
    7.5000   30.0000  -37.5000 2432.6938   19.7714
   -7.5000   37.5000  -37.5000 2394.1689   21.2962
    0.0000   37.5000  -37.5000 2390.5291   21.1878
    7.5000   37.5000  -37.5000 2379.5073   21.3436
   -7.5000   45.0000  -37.5000 2341.6597   23.3054
    0.0000   45.0000  -37.5000 2339.5227   23.1776
    7.5000   45.0000  -37.5000 2329.5825   23.2916
   -7.5000  -45.0000  -30.0000 2696.8396   15.9749
    0.0000  -45.0000  -30.0000 2709.8960   15.9569
    7.5000  -45.0000  -30.0000 2703.7173   16.0550
   -7.5000  -37.5000  -30.0000 2719.8503   15.4097
    0.0000  -37.5000  -30.0000 2729.4355   15.4041
    7.5000  -37.5000  -30.0000 2717.8018   15.4855
   -7.5000  -30.0000  -30.0000 2737.1731   15.0688
    0.0000  -30.0000  -30.0000 2744.7009   15.0752
    7.5000  -30.0000  -30.0000 2726.0312   15.1313
   -7.5000  -22.5000  -30.0000 2744.6316   14.9115
    0.0000  -22.5000  -30.0000 2752.0408   14.9012
    7.5000  -22.5000  -30.0000 2734.2646   14.9771
   -7.5000  -15.0000  -30.0000 2742.9785   14.9365
    0.0000  -15.0000  -30.0000 2752.6160   14.9356
    7.5000  -15.0000  -30.0000 2735.4180   15.0083
   -7.5000   -7.5000  -30.0000 2738.9932   15.1798
    0.0000   -7.5000  -30.0000 2750.0330   15.1717
    7.5000   -7.5000  -30.0000 2730.4209   15.2751
   -7.5000    0.0000  -30.0000 2723.0100   15.6241
    0.0000    0.0000  -30.0000 2731.6135   15.6139
    7.5000    0.0000  -30.0000 2714.7048   15.7337
   -7.5000    7.5000  -30.0000 2696.5068   16.2303
    0.0000    7.5000  -30.0000 2701.2446   16.2254
    7.5000    7.5000  -30.0000 2688.6843   16.3751
   -7.5000   15.0000  -30.0000 2651.5330   17.0198
    0.0000   15.0000  -30.0000 2657.4070   16.9909
    7.5000   15.0000  -30.0000 2644.7114   17.1568
   -7.5000   22.5000  -30.0000 2602.1260   17.9938
    0.0000   22.5000  -30.0000 2603.1697   17.9215
    7.5000   22.5000  -30.0000 2591.3301   18.1073
   -7.5000   30.0000  -30.0000 2543.1616   19.2212
    0.0000   30.0000  -30.0000 2547.6116   19.1427
    7.5000   30.0000  -30.0000 2536.7915   19.3133
   -7.5000   37.5000  -30.0000 2483.3259   20.7814
    0.0000   37.5000  -30.0000 2484.2888   20.6587
    7.5000   37.5000  -30.0000 2476.2085   20.8477
   -7.5000   45.0000  -30.0000 2424.4773   22.7079
    0.0000   45.0000  -30.0000 2427.4155   22.5664
    7.5000   45.0000  -30.0000 2419.9187   22.7101
   -7.5000  -45.0000  -22.5000 2775.7773   15.3692
    0.0000  -45.0000  -22.5000 2785.9858   15.3429
    7.5000  -45.0000  -22.5000 2777.3630   15.3990
   -7.5000  -37.5000  -22.5000 2805.5784   14.7704
    0.0000  -37.5000  -22.5000 2809.7805   14.7565
    7.5000  -37.5000  -22.5000 2798.5898   14.8130
   -7.5000  -30.0000  -22.5000 2828.2107   14.4240
    0.0000  -30.0000  -22.5000 2833.6206   14.4368
    7.5000  -30.0000  -22.5000 2814.2737   14.5020
   -7.5000  -22.5000  -22.5000 2842.5339   14.2845
    0.0000  -22.5000  -22.5000 2849.2939   14.3044
    7.5000  -22.5000  -22.5000 2829.7429   14.3490
   -7.5000  -15.0000  -22.5000 2843.9153   14.3466
    0.0000  -15.0000  -22.5000 2853.7622   14.3783
    7.5000  -15.0000  -22.5000 2831.8538   14.4150
   -7.5000   -7.5000  -22.5000 2836.6135   14.6014
    0.0000   -7.5000  -22.5000 2847.7620   14.6237
    7.5000   -7.5000  -22.5000 2825.6995   14.7076
   -7.5000    0.0000  -22.5000 2818.3167   15.0347
    0.0000    0.0000  -22.5000 2826.9585   15.0680
    7.5000    0.0000  -22.5000 2805.0315   15.1869
   -7.5000    7.5000  -22.5000 2785.1924   15.6336
    0.0000    7.5000  -22.5000 2793.7207   15.6677
    7.5000    7.5000  -22.5000 2777.2996   15.7999
   -7.5000   15.0000  -22.5000 2736.4971   16.4211
    0.0000   15.0000  -22.5000 2743.6956   16.4107
    7.5000   15.0000  -22.5000 2727.9558   16.5703
   -7.5000   22.5000  -22.5000 2679.1655   17.4091
    0.0000   22.5000  -22.5000 2683.3359   17.3776
    7.5000   22.5000  -22.5000 2670.5796   17.5389
   -7.5000   30.0000  -22.5000 2614.4175   18.6320
    0.0000   30.0000  -22.5000 2613.5288   18.5495
    7.5000   30.0000  -22.5000 2604.8330   18.7260
   -7.5000   37.5000  -22.5000 2549.9692   20.1446
    0.0000   37.5000  -22.5000 2547.6213   20.0150
    7.5000   37.5000  -22.5000 2541.0171   20.1931
   -7.5000   45.0000  -22.5000 2484.5032   21.9832
    0.0000   45.0000  -22.5000 2484.1335   21.8316
    7.5000   45.0000  -22.5000 2481.6792   22.0219
   -7.5000  -45.0000  -15.0000 2823.7686   14.7891
    0.0000  -45.0000  -15.0000 2834.9536   14.7541
    7.5000  -45.0000  -15.0000 2824.3542   14.8045
   -7.5000  -37.5000  -15.0000 2862.7917   14.1838
    0.0000  -37.5000  -15.0000 2868.7527   14.1598
    7.5000  -37.5000  -15.0000 2852.2012   14.2127
   -7.5000  -30.0000  -15.0000 2889.4185   13.8321
    0.0000  -30.0000  -15.0000 2895.9910   13.8244
    7.5000  -30.0000  -15.0000 2874.6257   13.8900
   -7.5000  -22.5000  -15.0000 2908.9866   13.6848
    0.0000  -22.5000  -15.0000 2916.2605   13.6855
    7.5000  -22.5000  -15.0000 2889.3091   13.7452
   -7.5000  -15.0000  -15.0000 2911.2871   13.7840
    0.0000  -15.0000  -15.0000 2921.1079   13.7842
    7.5000  -15.0000  -15.0000 2897.7329   13.8278
   -7.5000   -7.5000  -15.0000 2905.5925   14.0503
    0.0000   -7.5000  -15.0000 2916.5525   14.0599
    7.5000   -7.5000  -15.0000 2893.7485   14.1432
   -7.5000    0.0000  -15.0000 2882.2456   14.4930
    0.0000    0.0000  -15.0000 2891.9336   14.5191
    7.5000    0.0000  -15.0000 2867.9932   14.6339
   -7.5000    7.5000  -15.0000 2842.5874   15.1035
    0.0000    7.5000  -15.0000 2852.5056   15.1199
    7.5000    7.5000  -15.0000 2830.3975   15.2432
   -7.5000   15.0000  -15.0000 2785.2485   15.9046
    0.0000   15.0000  -15.0000 2795.2717   15.8820
    7.5000   15.0000  -15.0000 2776.3560   16.0117
   -7.5000   22.5000  -15.0000 2724.1831   16.8908
    0.0000   22.5000  -15.0000 2730.9902   16.8602
    7.5000   22.5000  -15.0000 2712.4648   16.9604
   -7.5000   30.0000  -15.0000 2653.7795   18.0886
    0.0000   30.0000  -15.0000 2650.9565   18.0371
    7.5000   30.0000  -15.0000 2636.9443   18.1482
   -7.5000   37.5000  -15.0000 2582.9626   19.5644
    0.0000   37.5000  -15.0000 2582.8247   19.4838
    7.5000   37.5000  -15.0000 2571.9810   19.6224
   -7.5000   45.0000  -15.0000 2510.7532   21.3902
    0.0000   45.0000  -15.0000 2514.1013   21.2581
    7.5000   45.0000  -15.0000 2508.8745   21.3953
   -7.5000  -45.0000   -7.5000 2852.7939   14.3132
    0.0000  -45.0000   -7.5000 2864.5869   14.2610
    7.5000  -45.0000   -7.5000 2854.0586   14.3371
   -7.5000  -37.5000   -7.5000 2902.4038   13.6899
    0.0000  -37.5000   -7.5000 2910.1855   13.6321
    7.5000  -37.5000   -7.5000 2894.1570   13.7240
   -7.5000  -30.0000   -7.5000 2936.3418   13.3128
    0.0000  -30.0000   -7.5000 2945.1565   13.2650
    7.5000  -30.0000   -7.5000 2920.7014   13.3445
   -7.5000  -22.5000   -7.5000 2959.8796   13.1427
    0.0000  -22.5000   -7.5000 2965.9473   13.1149
    7.5000  -22.5000   -7.5000 2936.4946   13.2154
   -7.5000  -15.0000   -7.5000 2960.8625   13.2429
    0.0000  -15.0000   -7.5000 2972.9094   13.2001
    7.5000  -15.0000   -7.5000 2946.6340   13.2865
   -7.5000   -7.5000   -7.5000 2953.1978   13.5330
    0.0000   -7.5000   -7.5000 2967.1965   13.5199
    7.5000   -7.5000   -7.5000 2941.1514   13.6296
   -7.5000    0.0000   -7.5000 2926.6072   13.9950
    0.0000    0.0000   -7.5000 2933.3977   13.9928
    7.5000    0.0000   -7.5000 2909.1589   14.1219
   -7.5000    7.5000   -7.5000 2877.5007   14.6350
    0.0000    7.5000   -7.5000 2884.4980   14.6349
    7.5000    7.5000   -7.5000 2861.6140   14.7442
   -7.5000   15.0000   -7.5000 2816.2686   15.4591
    0.0000   15.0000   -7.5000 2822.7825   15.4454
    7.5000   15.0000   -7.5000 2803.9932   15.5335
   -7.5000   22.5000   -7.5000 2752.4219   16.4454
    0.0000   22.5000   -7.5000 2759.6819   16.3998
    7.5000   22.5000   -7.5000 2739.1001   16.5011
   -7.5000   30.0000   -7.5000 2677.1631   17.6324
    0.0000   30.0000   -7.5000 2677.2197   17.5813
    7.5000   30.0000   -7.5000 2660.9595   17.6861
   -7.5000   37.5000   -7.5000 2598.7900   19.0902
    0.0000   37.5000   -7.5000 2600.9080   18.9917
    7.5000   37.5000   -7.5000 2589.0962   19.1349
   -7.5000   45.0000   -7.5000 2521.4607   20.8499
    0.0000   45.0000   -7.5000 2524.8872   20.7009
    7.5000   45.0000   -7.5000 2518.9497   20.8673
   -7.5000  -45.0000    0.0000 2866.3411   14.0284
    0.0000  -45.0000    0.0000 2875.8564   13.9432
    7.5000  -45.0000    0.0000 2862.8079   14.0586
   -7.5000  -37.5000    0.0000 2926.0342   13.4128
    0.0000  -37.5000    0.0000 2933.5479   13.3089
    7.5000  -37.5000    0.0000 2914.3230   13.4341
   -7.5000  -30.0000    0.0000 2970.0046   12.9983
    0.0000  -30.0000    0.0000 2983.2747   12.8832
    7.5000  -30.0000    0.0000 2952.9473   13.0308
   -7.5000  -22.5000    0.0000 2999.3948   12.7611
    0.0000  -22.5000    0.0000 3005.6094   12.6375
    7.5000  -22.5000    0.0000 2976.1907   12.8212
   -7.5000  -15.0000    0.0000 3000.7764   12.8409
    0.0000  -15.0000    0.0000 3006.8411   12.7528
    7.5000  -15.0000    0.0000 2984.0112   12.8892
   -7.5000   -7.5000    0.0000 2987.8906   13.1694
    0.0000   -7.5000    0.0000 2996.7498   13.1128
    7.5000   -7.5000    0.0000 2972.1384   13.2420
   -7.5000    0.0000    0.0000 2953.7468   13.6766
    0.0000    0.0000    0.0000 2956.4634   13.6362
    7.5000    0.0000    0.0000 2932.4265   13.7606
   -7.5000    7.5000    0.0000 2900.2458   14.3807
    0.0000    7.5000    0.0000 2902.6069   14.3280
    7.5000    7.5000    0.0000 2883.9626   14.4433
   -7.5000   15.0000    0.0000 2835.3877   15.2111
    0.0000   15.0000    0.0000 2835.4248   15.1450
    7.5000   15.0000    0.0000 2818.7019   15.2720
   -7.5000   22.5000    0.0000 2766.0950   16.1804
    0.0000   22.5000    0.0000 2769.2539   16.0904
    7.5000   22.5000    0.0000 2750.2693   16.2460
   -7.5000   30.0000    0.0000 2686.9553   17.3377
    0.0000   30.0000    0.0000 2687.2161   17.2419
    7.5000   30.0000    0.0000 2670.3733   17.4033
   -7.5000   37.5000    0.0000 2604.2751   18.7600
    0.0000   37.5000    0.0000 2606.3840   18.6272
    7.5000   37.5000    0.0000 2595.0857   18.8163
   -7.5000   45.0000    0.0000 2522.6665   20.4704
    0.0000   45.0000    0.0000 2523.2803   20.2917
    7.5000   45.0000    0.0000 2518.7251   20.4932
   -7.5000  -45.0000    7.5000 2872.9204   13.8843
    0.0000  -45.0000    7.5000 2878.8093   13.7766
    7.5000  -45.0000    7.5000 2864.2314   13.9402
   -7.5000  -37.5000    7.5000 2937.6763   13.2552
    0.0000  -37.5000    7.5000 2943.3496   13.1402
    7.5000  -37.5000    7.5000 2922.1353   13.3093
   -7.5000  -30.0000    7.5000 2992.9004   12.8506
    0.0000  -30.0000    7.5000 3004.5405   12.7233
    7.5000  -30.0000    7.5000 2974.6660   12.8932
   -7.5000  -22.5000    7.5000 3025.3271   12.5068
    0.0000  -22.5000    7.5000 3028.7058   12.3148
    7.5000  -22.5000    7.5000 3002.7732   12.6208
   -7.5000  -15.0000    7.5000 3033.7844   12.6010
    0.0000  -15.0000    7.5000 3027.7715   12.4272
    7.5000  -15.0000    7.5000 3006.5757   12.6829
   -7.5000   -7.5000    7.5000 3011.4624   13.0338
    0.0000   -7.5000    7.5000 3007.9546   12.8805
    7.5000   -7.5000    7.5000 2989.0500   13.0734
   -7.5000    0.0000    7.5000 2966.7720   13.5732
    0.0000    0.0000    7.5000 2966.3730   13.4577
    7.5000    0.0000    7.5000 2947.7041   13.6284
   -7.5000    7.5000    7.5000 2910.7451   14.2426
    0.0000    7.5000    7.5000 2910.9597   14.1572
    7.5000    7.5000    7.5000 2895.1306   14.3094
   -7.5000   15.0000    7.5000 2842.6777   15.0495
    0.0000   15.0000    7.5000 2843.3679   15.0000
    7.5000   15.0000    7.5000 2822.9421   15.1397
   -7.5000   22.5000    7.5000 2767.1406   16.0148
    0.0000   22.5000    7.5000 2772.1921   15.9683
    7.5000   22.5000    7.5000 2754.1562   16.1160
   -7.5000   30.0000    7.5000 2685.2205   17.1707
    0.0000   30.0000    7.5000 2689.1340   17.1008
    7.5000   30.0000    7.5000 2676.2424   17.2722
   -7.5000   37.5000    7.5000 2601.0337   18.6108
    0.0000   37.5000    7.5000 2604.5083   18.4794
    7.5000   37.5000    7.5000 2595.4514   18.6706
   -7.5000   45.0000    7.5000 2527.0110   20.2993
    0.0000   45.0000    7.5000 2524.2827   20.1419
    7.5000   45.0000    7.5000 2521.1021   20.3604
   -7.5000  -45.0000   15.0000 2869.0020   13.9103
    0.0000  -45.0000   15.0000 2866.5439   13.7354
    7.5000  -45.0000   15.0000 2855.1233   13.9386
   -7.5000  -37.5000   15.0000 2932.3481   13.2346
    0.0000  -37.5000   15.0000 2929.7227   13.0636
    7.5000  -37.5000   15.0000 2916.8052   13.2833
   -7.5000  -30.0000   15.0000 2984.5676   12.7734
    0.0000  -30.0000   15.0000 2984.9565   12.6331
    7.5000  -30.0000   15.0000 2968.1250   12.8817
   -7.5000  -22.5000   15.0000 3018.3218   12.5148
    0.0000  -22.5000   15.0000 3015.4646   12.3308
    7.5000  -22.5000   15.0000 3001.9792   12.6793
   -7.5000  -15.0000   15.0000 3036.1333   12.6491
    0.0000  -15.0000   15.0000 3031.9734   12.4644
    7.5000  -15.0000   15.0000 3010.8274   12.7505
   -7.5000   -7.5000   15.0000 3008.9414   13.0400
    0.0000   -7.5000   15.0000 3011.0613   12.8898
    7.5000   -7.5000   15.0000 2993.3704   13.1145
   -7.5000    0.0000   15.0000 2962.4092   13.5588
    0.0000    0.0000   15.0000 2961.1177   13.4479
    7.5000    0.0000   15.0000 2947.5225   13.6222
   -7.5000    7.5000   15.0000 2904.5168   14.2361
    0.0000    7.5000   15.0000 2905.2148   14.1464
    7.5000    7.5000   15.0000 2888.8914   14.2734
   -7.5000   15.0000   15.0000 2834.2322   15.0486
    0.0000   15.0000   15.0000 2838.2412   14.9832
    7.5000   15.0000   15.0000 2817.9482   15.0968
   -7.5000   22.5000   15.0000 2764.4570   16.0188
    0.0000   22.5000   15.0000 2771.3252   15.9830
    7.5000   22.5000   15.0000 2748.0269   16.0974
   -7.5000   30.0000   15.0000 2676.7744   17.1818
    0.0000   30.0000   15.0000 2683.2449   17.1287
    7.5000   30.0000   15.0000 2667.9448   17.2588
   -7.5000   37.5000   15.0000 2591.0981   18.5857
    0.0000   37.5000   15.0000 2598.5132   18.5157
    7.5000   37.5000   15.0000 2591.1997   18.6715
   -7.5000   45.0000   15.0000 2525.3257   20.2813
    0.0000   45.0000   15.0000 2524.7527   20.1599
    7.5000   45.0000   15.0000 2518.0764   20.3552
   -7.5000  -45.0000   22.5000 2869.5120   14.1299
    0.0000  -45.0000   22.5000 2860.8433   13.9344
    7.5000  -45.0000   22.5000 2845.1331   14.1296
   -7.5000  -37.5000   22.5000 2930.1199   13.4789
    0.0000  -37.5000   22.5000 2921.6741   13.3120
    7.5000  -37.5000   22.5000 2903.7090   13.5362
   -7.5000  -30.0000   22.5000 2973.1099   13.0107
    0.0000  -30.0000   22.5000 2970.5581   12.8859
    7.5000  -30.0000   22.5000 2953.9683   13.1759
   -7.5000  -22.5000   22.5000 3004.4236   12.8205
    0.0000  -22.5000   22.5000 3003.6106   12.7180
    7.5000  -22.5000   22.5000 2981.7500   12.9746
   -7.5000  -15.0000   22.5000 3017.2087   12.9357
    0.0000  -15.0000   22.5000 3020.4421   12.8587
    7.5000  -15.0000   22.5000 2987.4719   13.0171
   -7.5000   -7.5000   22.5000 2987.4285   13.2578
    0.0000   -7.5000   22.5000 2996.8918   13.2201
    7.5000   -7.5000   22.5000 2969.6587   13.3421
   -7.5000    0.0000   22.5000 2945.0759   13.7580
    0.0000    0.0000   22.5000 2949.1960   13.7132
    7.5000    0.0000   22.5000 2927.3647   13.8319
   -7.5000    7.5000   22.5000 2887.0354   14.4009
    0.0000    7.5000   22.5000 2891.1826   14.3463
    7.5000    7.5000   22.5000 2870.5559   14.4467
   -7.5000   15.0000   22.5000 2819.4905   15.1817
    0.0000   15.0000   22.5000 2825.1926   15.1122
    7.5000   15.0000   22.5000 2805.6833   15.2104
   -7.5000   22.5000   22.5000 2751.5503   16.1302
    0.0000   22.5000   22.5000 2754.3525   16.0561
    7.5000   22.5000   22.5000 2735.3264   16.1573
   -7.5000   30.0000   22.5000 2666.6802   17.2937
    0.0000   30.0000   22.5000 2669.4912   17.2149
    7.5000   30.0000   22.5000 2655.7239   17.3494
   -7.5000   37.5000   22.5000 2586.7480   18.7122
    0.0000   37.5000   22.5000 2588.7024   18.6125
    7.5000   37.5000   22.5000 2581.8628   18.7863
   -7.5000   45.0000   22.5000 2512.9966   20.3871
    0.0000   45.0000   22.5000 2515.7056   20.2740
    7.5000   45.0000   22.5000 2507.7271   20.4309
   -7.5000  -45.0000   30.0000 2861.2261   14.5100
    0.0000  -45.0000   30.0000 2858.8872   14.4028
    7.5000  -45.0000   30.0000 2836.6418   14.5814
   -7.5000  -37.5000   30.0000 2914.9919   13.8685
    0.0000  -37.5000   30.0000 2909.3459   13.7696
    7.5000  -37.5000   30.0000 2889.2502   14.0131
   -7.5000  -30.0000   30.0000 2950.9873   13.4270
    0.0000  -30.0000   30.0000 2946.4106   13.3277
    7.5000  -30.0000   30.0000 2926.8679   13.6050
   -7.5000  -22.5000   30.0000 2974.2622   13.2523
    0.0000  -22.5000   30.0000 2971.3735   13.1547
    7.5000  -22.5000   30.0000 2951.7812   13.3814
   -7.5000  -15.0000   30.0000 2977.3391   13.3466
    0.0000  -15.0000   30.0000 2983.8943   13.2558
    7.5000  -15.0000   30.0000 2953.0964   13.4030
   -7.5000   -7.5000   30.0000 2955.4575   13.6448
    0.0000   -7.5000   30.0000 2961.2646   13.5775
    7.5000   -7.5000   30.0000 2934.8870   13.6958
   -7.5000    0.0000   30.0000 2911.7715   14.1056
    0.0000    0.0000   30.0000 2917.9155   14.0648
    7.5000    0.0000   30.0000 2893.9951   14.1573
   -7.5000    7.5000   30.0000 2858.8945   14.7133
    0.0000    7.5000   30.0000 2866.3076   14.7110
    7.5000    7.5000   30.0000 2844.9136   14.7668
   -7.5000   15.0000   30.0000 2798.5347   15.4643
    0.0000   15.0000   30.0000 2807.1565   15.4337
    7.5000   15.0000   30.0000 2785.2427   15.4950
   -7.5000   22.5000   30.0000 2727.6348   16.3731
    0.0000   22.5000   30.0000 2734.0547   16.3144
    7.5000   22.5000   30.0000 2713.7244   16.3951
   -7.5000   30.0000   30.0000 2646.0286   17.5140
    0.0000   30.0000   30.0000 2649.9995   17.4368
    7.5000   30.0000   30.0000 2635.6130   17.5672
   -7.5000   37.5000   30.0000 2572.0906   18.9254
    0.0000   37.5000   30.0000 2571.8306   18.8119
    7.5000   37.5000   30.0000 2566.6794   18.9908
   -7.5000   45.0000   30.0000 2497.4534   20.6100
    0.0000   45.0000   30.0000 2498.8013   20.4676
    7.5000   45.0000   30.0000 2496.7815   20.6473
   -7.5000  -45.0000   37.5000 2844.8945   15.0183
    0.0000  -45.0000   37.5000 2843.2249   14.9351
    7.5000  -45.0000   37.5000 2818.7380   15.1083
   -7.5000  -37.5000   37.5000 2888.2275   14.3793
    0.0000  -37.5000   37.5000 2887.2944   14.2936
    7.5000  -37.5000   37.5000 2864.5723   14.5157
   -7.5000  -30.0000   37.5000 2916.2300   13.9516
    0.0000  -30.0000   37.5000 2914.0449   13.8683
    7.5000  -30.0000   37.5000 2893.5981   14.1076
   -7.5000  -22.5000   37.5000 2935.9695   13.7792
    0.0000  -22.5000   37.5000 2934.5383   13.6922
    7.5000  -22.5000   37.5000 2915.2415   13.9020
   -7.5000  -15.0000   37.5000 2933.6531   13.8458
    0.0000  -15.0000   37.5000 2937.0979   13.7483
    7.5000  -15.0000   37.5000 2911.5459   13.9098
   -7.5000   -7.5000   37.5000 2913.8789   14.1303
    0.0000   -7.5000   37.5000 2913.6450   14.0335
    7.5000   -7.5000   37.5000 2891.7002   14.1677
   -7.5000    0.0000   37.5000 2871.6021   14.5811
    0.0000    0.0000   37.5000 2877.3926   14.5094
    7.5000    0.0000   37.5000 2854.2432   14.6034
   -7.5000    7.5000   37.5000 2825.7361   15.1594
    0.0000    7.5000   37.5000 2832.9226   15.1319
    7.5000    7.5000   37.5000 2809.7151   15.1924
   -7.5000   15.0000   37.5000 2767.5461   15.8920
    0.0000   15.0000   37.5000 2774.9839   15.8739
    7.5000   15.0000   37.5000 2753.9209   15.9220
   -7.5000   22.5000   37.5000 2694.6357   16.7702
    0.0000   22.5000   37.5000 2701.1968   16.7294
    7.5000   22.5000   37.5000 2686.0442   16.8367
   -7.5000   30.0000   37.5000 2624.3767   17.8647
    0.0000   30.0000   37.5000 2625.4924   17.8025
    7.5000   30.0000   37.5000 2611.3286   17.9502
   -7.5000   37.5000   37.5000 2551.8538   19.2672
    0.0000   37.5000   37.5000 2552.2795   19.1705
    7.5000   37.5000   37.5000 2545.9287   19.3245
   -7.5000   45.0000   37.5000 2478.0037   20.9219
    0.0000   45.0000   37.5000 2477.8774   20.7893
    7.5000   45.0000   37.5000 2478.2109   20.9732
   -7.5000  -45.0000   45.0000 2813.6321   15.6104
    0.0000  -45.0000   45.0000 2813.1838   15.5465
    7.5000  -45.0000   45.0000 2786.9673   15.7026
   -7.5000  -37.5000   45.0000 2853.4055   15.0002
    0.0000  -37.5000   45.0000 2851.2625   14.9291
    7.5000  -37.5000   45.0000 2824.7964   15.1219
   -7.5000  -30.0000   45.0000 2874.2839   14.5713
    0.0000  -30.0000   45.0000 2872.6609   14.5102
    7.5000  -30.0000   45.0000 2852.0574   14.7123
   -7.5000  -22.5000   45.0000 2887.0620   14.4026
    0.0000  -22.5000   45.0000 2884.6238   14.3231
    7.5000  -22.5000   45.0000 2867.3870   14.5224
   -7.5000  -15.0000   45.0000 2880.2017   14.4204
    0.0000  -15.0000   45.0000 2883.6936   14.3385
    7.5000  -15.0000   45.0000 2864.5859   14.5023
   -7.5000   -7.5000   45.0000 2865.7607   14.7106
    0.0000   -7.5000   45.0000 2865.5662   14.6154
    7.5000   -7.5000   45.0000 2843.2634   14.7555
   -7.5000    0.0000   45.0000 2827.7844   15.1403
    0.0000    0.0000   45.0000 2834.6851   15.0650
    7.5000    0.0000   45.0000 2810.6816   15.1639
   -7.5000    7.5000   45.0000 2784.8696   15.7072
    0.0000    7.5000   45.0000 2790.6272   15.6600
    7.5000    7.5000   45.0000 2770.3623   15.7523
   -7.5000   15.0000   45.0000 2725.4795   16.4310
    0.0000   15.0000   45.0000 2732.5354   16.3971
    7.5000   15.0000   45.0000 2716.8777   16.4857
   -7.5000   22.5000   45.0000 2661.2417   17.3123
    0.0000   22.5000   45.0000 2664.4673   17.2536
    7.5000   22.5000   45.0000 2650.5176   17.3682
   -7.5000   30.0000   45.0000 2593.2104   18.3847
    0.0000   30.0000   45.0000 2594.0940   18.3398
    7.5000   30.0000   45.0000 2582.8413   18.4531
   -7.5000   37.5000   45.0000 2525.6060   19.7359
    0.0000   37.5000   45.0000 2530.0593   19.6550
    7.5000   37.5000   45.0000 2521.1877   19.7812
   -7.5000   45.0000   45.0000 2460.6399   21.4011
    0.0000   45.0000   45.0000 2459.4209   21.2702
    7.5000   45.0000   45.0000 2455.7012   21.4537

---------------------------------------------------------------------
imgreg_4dfp /opt/freesurfer/average/711-2C_as_mni_average_305 /opt/freesurfer/average/711-2B_as_mni_average_305_mask talsrcimg_g11 none talsrcimg_to_711-2C_as_mni_average_305_t4 1283
---------------------------------------------------------------------

freesurfer imgreg_4dfp.c
/opt/freesurfer/average/711-2C_as_mni_average_305.4dfp.img
       256       256       256         1
  1.000000  1.000000  1.000000
orientation T byte_order littleendian
Reading image: /opt/freesurfer/average/711-2C_as_mni_average_305.4dfp.img
dimensions:      256       256       256
mmppix:       1.0000   -1.0000   -1.0000
center:     128.0000 -129.0000 -129.0000
/opt/freesurfer/average/711-2B_as_mni_average_305_mask.4dfp.img
       256       256       256         1
  1.000000  1.000000  1.000000
orientation T byte_order littleendian
Reading mask: /opt/freesurfer/average/711-2B_as_mni_average_305_mask.4dfp.img (2306576 pixels)
talsrcimg_g11.4dfp.img
       256       256       256         1
  1.000000  1.000000  1.000000
orientation T byte_order littleendian
Reading image: talsrcimg_g11.4dfp.img
dimensions:      256       256       256
mmppix:       1.0000   -1.0000   -1.0000
center:     128.0000 -129.0000 -129.0000
rotation matrix determinant  1.000000
fimgreg.f
image alignment mode   1283 decimal      503 hex
parameters
   -7.5000  -15.0000   15.0000    0.0000    0.0000    0.0000
eta,q 0.95375 12.69364
niter,ni,del,rscale     5    3   12.0000    1.2000
parameter  3  2.488527 ->  0.500000 qaram    1.1500
parameter  4 -0.731722 -> -0.500000 qaram    1.1500
parameter  5 -0.687328 -> -0.500000 qaram    1.1500
parameter  6 -0.714490 -> -0.500000 qaram    1.1500
parameters
   -5.4305  -14.8185   11.5500    3.4500    3.4500    3.4500
eta,q 0.95292 12.36125
  0.0628  0.0539  0.0494  0.0508  0.0535  0.0514
  0.0570  0.0527  0.0496  0.0502  0.0515  0.0508
  0.0526  0.0519  0.0508  0.0498  0.0502  0.0495
  0.0507  0.0516  0.0515  0.0496  0.0491  0.0480
  0.0516  0.0516  0.0516  0.0494  0.0483  0.0472
  0.0524  0.0520  0.0526  0.0491  0.0481  0.0471
  0.0523  0.0540  0.0540  0.0493  0.0484  0.0478
niter,ni,del,rscale     7    3   12.0000    1.2000
parameter  5 -0.562336 -> -0.500000 qaram    1.3225
parameters
   -5.1165  -16.5889   12.2380    0.6656    7.4175    4.5307
eta,q 0.95357 12.28993
  0.0540  0.0490  0.0504  0.0477  0.0515  0.0498
  0.0488  0.0479  0.0492  0.0471  0.0502  0.0484
  0.0464  0.0473  0.0476  0.0472  0.0484  0.0475
  0.0471  0.0472  0.0473  0.0474  0.0472  0.0467
  0.0475  0.0482  0.0478  0.0479  0.0468  0.0464
  0.0489  0.0515  0.0483  0.0502  0.0466  0.0472
  0.0516  0.0557  0.0493  0.0528  0.0472  0.0485
niter,ni,del,rscale     7    3   12.0000    1.2000
parameters
   -2.5293  -18.2121   11.2473    1.0228    8.0456    5.3387
eta,q 0.95506 12.18675
  0.0504  0.0476  0.0462  0.0500  0.0500  0.0498
  0.0476  0.0457  0.0453  0.0464  0.0474  0.0479
  0.0477  0.0450  0.0451  0.0450  0.0454  0.0465
  0.0464  0.0457  0.0450  0.0451  0.0452  0.0453
  0.0456  0.0472  0.0454  0.0457  0.0458  0.0447
  0.0463  0.0487  0.0460  0.0468  0.0466  0.0460
  0.0465  0.0499  0.0470  0.0482  0.0484  0.0487
niter,ni,del,rscale     6    3   12.0000    1.2000
parameters
   -2.3259  -18.0982   11.3112    1.0519    8.2731    5.4113
eta,q 0.95507 12.18838
  0.0481  0.0490  0.0467  0.0494  0.0495  0.0489
  0.0472  0.0472  0.0455  0.0457  0.0471  0.0473
  0.0456  0.0457  0.0451  0.0450  0.0454  0.0461
  0.0449  0.0449  0.0449  0.0449  0.0449  0.0450
  0.0452  0.0459  0.0449  0.0455  0.0455  0.0448
  0.0458  0.0472  0.0457  0.0468  0.0468  0.0466
  0.0485  0.0485  0.0466  0.0484  0.0488  0.0495
niter,ni,del,rscale     5    3   12.0000    1.2000
parameters
   -2.2386  -18.0045   11.1209    1.0149    8.2586    5.3824
eta,q 0.95502 12.19165
  0.0483  0.0490  0.0467  0.0492  0.0491  0.0488
  0.0472  0.0472  0.0454  0.0456  0.0468  0.0472
  0.0455  0.0456  0.0450  0.0450  0.0455  0.0461
  0.0449  0.0449  0.0450  0.0450  0.0450  0.0450
  0.0451  0.0459  0.0451  0.0455  0.0456  0.0449
  0.0458  0.0472  0.0457  0.0468  0.0470  0.0467
  0.0489  0.0485  0.0467  0.0483  0.0490  0.0496
niter,ni,del,rscale     4    3   12.0000    1.2000
parameters
   -2.2237  -17.9790   11.1379    1.0283    8.2790    5.3860
eta,q 0.95502 12.19262
  0.0482  0.0488  0.0468  0.0492  0.0491  0.0488
  0.0471  0.0471  0.0454  0.0456  0.0469  0.0472
  0.0455  0.0456  0.0450  0.0450  0.0455  0.0461
  0.0450  0.0450  0.0450  0.0450  0.0450  0.0450
  0.0451  0.0459  0.0450  0.0455  0.0455  0.0449
  0.0459  0.0472  0.0457  0.0468  0.0470  0.0467
  0.0490  0.0486  0.0466  0.0483  0.0490  0.0495
registration optimization eta report
parameter search radius
    6.0000    6.0000    6.9000    6.9000    7.9350    6.9000
100000*second partial in parameter space
       10.       10.        4.        8.        6.        9.
  0.0482  0.0488  0.0468  0.0492  0.0491  0.0488
  0.0471  0.0471  0.0454  0.0456  0.0469  0.0472
  0.0455  0.0456  0.0450  0.0450  0.0455  0.0461
  0.0450  0.0450  0.0450  0.0450  0.0450  0.0450
  0.0451  0.0459  0.0450  0.0455  0.0455  0.0449
  0.0459  0.0472  0.0457  0.0468  0.0470  0.0467
  0.0490  0.0486  0.0466  0.0483  0.0490  0.0495
   -2.2237  -17.9790   11.1379    1.0283    8.2790    5.3860
eta,q 0.95502 12.19262

---------------------------------------------------------------------
imgreg_4dfp /opt/freesurfer/average/711-2C_as_mni_average_305 /opt/freesurfer/average/711-2B_as_mni_average_305_mask talsrcimg_g11 none talsrcimg_to_711-2C_as_mni_average_305_t4 3335
---------------------------------------------------------------------

freesurfer imgreg_4dfp.c
/opt/freesurfer/average/711-2C_as_mni_average_305.4dfp.img
       256       256       256         1
  1.000000  1.000000  1.000000
orientation T byte_order littleendian
Reading image: /opt/freesurfer/average/711-2C_as_mni_average_305.4dfp.img
dimensions:      256       256       256
mmppix:       1.0000   -1.0000   -1.0000
center:     128.0000 -129.0000 -129.0000
/opt/freesurfer/average/711-2B_as_mni_average_305_mask.4dfp.img
       256       256       256         1
  1.000000  1.000000  1.000000
orientation T byte_order littleendian
Reading mask: /opt/freesurfer/average/711-2B_as_mni_average_305_mask.4dfp.img (2306576 pixels)
talsrcimg_g11.4dfp.img
       256       256       256         1
  1.000000  1.000000  1.000000
orientation T byte_order littleendian
Reading image: talsrcimg_g11.4dfp.img
dimensions:      256       256       256
mmppix:       1.0000   -1.0000   -1.0000
center:     128.0000 -129.0000 -129.0000
fimgreg.f
image alignment mode   3335 decimal      D07 hex
parameters
   -2.2237  -17.9790   11.1379   -1.4790   -0.4818   -1.0581
   -9.6422  -14.1651    9.2886   -3.1380   14.3994    1.7759
eta,q 0.95794 12.22523
niter,ni,del,rscale     5    3    5.0000    1.2000
parameter  3 -0.668139 -> -0.500000 qaram    1.1500
parameter  4 -1.705527 ->  0.500000 qaram    1.1500
parameter  5  8.762854 ->  0.500000 qaram    1.1500
parameter  6  6.091281 ->  0.500000 qaram    1.1500
parameter  9  0.584774 ->  0.500000 qaram    1.1500
parameter 11  1.441449 ->  0.500000 qaram    1.1500
parameter 12  0.666941 ->  0.500000 qaram    1.1500
parameters
   -3.2750  -17.0056   12.5179   -5.6190   -4.6218   -5.1981
  -10.9988  -10.8062    5.1486   -3.1163   10.2594   -2.3641
eta,q 0.97010 11.99323
  0.0422  0.0435  0.0423  0.0348  0.0349  0.0312  0.0328  0.0370  0.0315  0.0337  0.0300  0.0300
  0.0419  0.0429  0.0420  0.0376  0.0362  0.0319  0.0324  0.0352  0.0313  0.0325  0.0301  0.0299
  0.0419  0.0423  0.0418  0.0401  0.0374  0.0337  0.0322  0.0335  0.0314  0.0316  0.0306  0.0300
  0.0421  0.0419  0.0417  0.0417  0.0384  0.0366  0.0323  0.0322  0.0316  0.0313  0.0313  0.0302
  0.0424  0.0417  0.0417  0.0431  0.0394  0.0396  0.0325  0.0316  0.0321  0.0316  0.0322  0.0307
  0.0428  0.0418  0.0417  0.0445  0.0408  0.0417  0.0329  0.0318  0.0328  0.0324  0.0332  0.0314
  0.0432  0.0421  0.0416  0.0456  0.0423  0.0430  0.0334  0.0326  0.0336  0.0337  0.0342  0.0322
niter,ni,del,rscale     7    3    5.0000    1.2000
parameter  2  0.721098 ->  0.500000 qaram    1.1500
parameter  3  0.568990 ->  0.500000 qaram    1.3225
parameter  4  3.252665 ->  0.500000 qaram    1.3225
parameter  5  3.156258 ->  0.500000 qaram    1.3225
parameter  7 -0.628180 -> -0.500000 qaram    1.1500
parameters
   -3.5869  -18.3855   10.9309  -10.3800   -9.3828   -8.1139
   -6.8588  -10.2256    8.1189   -2.5772    9.4191   -4.5585
eta,q 0.98121 11.93810
  0.0314  0.0293  0.0291  0.0224  0.0194  0.0220  0.0255  0.0255  0.0236  0.0227  0.0206  0.0200
  0.0305  0.0292  0.0286  0.0231  0.0199  0.0211  0.0235  0.0226  0.0218  0.0209  0.0197  0.0192
  0.0300  0.0294  0.0286  0.0253  0.0215  0.0203  0.0217  0.0204  0.0203  0.0196  0.0191  0.0188
  0.0299  0.0299  0.0292  0.0285  0.0235  0.0203  0.0204  0.0194  0.0194  0.0190  0.0189  0.0189
  0.0303  0.0306  0.0303  0.0317  0.0253  0.0222  0.0196  0.0197  0.0190  0.0191  0.0193  0.0196
  0.0312  0.0317  0.0317  0.0343  0.0271  0.0265  0.0194  0.0214  0.0192  0.0201  0.0202  0.0207
  0.0325  0.0329  0.0332  0.0368  0.0290  0.0307  0.0199  0.0239  0.0202  0.0219  0.0216  0.0222
niter,ni,del,rscale     7    3    5.0000    1.2000
parameters
   -3.2357  -18.8247   10.5269  -13.5758  -10.9473   -7.1617
   -7.6527  -10.1084    9.4428   -2.1823    9.9671   -4.4132
eta,q 0.98269 11.91413
  0.0235  0.0212  0.0206  0.0208  0.0221  0.0217  0.0205  0.0227  0.0210  0.0210  0.0192  0.0195
  0.0212  0.0196  0.0193  0.0192  0.0198  0.0202  0.0187  0.0198  0.0193  0.0192  0.0183  0.0184
  0.0196  0.0187  0.0186  0.0181  0.0182  0.0190  0.0177  0.0180  0.0181  0.0179  0.0177  0.0176
  0.0188  0.0187  0.0186  0.0185  0.0182  0.0179  0.0175  0.0175  0.0175  0.0174  0.0173  0.0173
  0.0188  0.0196  0.0192  0.0209  0.0200  0.0169  0.0182  0.0180  0.0174  0.0176  0.0173  0.0175
  0.0197  0.0212  0.0203  0.0248  0.0225  0.0177  0.0198  0.0196  0.0181  0.0186  0.0178  0.0182
  0.0214  0.0234  0.0219  0.0281  0.0249  0.0213  0.0218  0.0223  0.0193  0.0204  0.0189  0.0194
niter,ni,del,rscale     6    3    5.0000    1.2000
parameters
   -3.1333  -18.6972   10.5465  -13.9736  -11.2370   -7.2838
   -8.0809  -10.1283    9.6370   -2.1648   10.2058   -4.4363
eta,q 0.98260 11.89801
  0.0211  0.0214  0.0201  0.0223  0.0229  0.0211  0.0208  0.0223  0.0202  0.0206  0.0190  0.0194
  0.0191  0.0193  0.0185  0.0203  0.0203  0.0197  0.0189  0.0196  0.0188  0.0189  0.0183  0.0184
  0.0178  0.0179  0.0175  0.0185  0.0183  0.0185  0.0177  0.0179  0.0178  0.0178  0.0177  0.0177
  0.0173  0.0173  0.0173  0.0173  0.0174  0.0174  0.0174  0.0174  0.0174  0.0174  0.0174  0.0174
  0.0176  0.0176  0.0176  0.0177  0.0185  0.0168  0.0180  0.0180  0.0177  0.0177  0.0175  0.0176
  0.0187  0.0188  0.0185  0.0202  0.0210  0.0186  0.0195  0.0196  0.0186  0.0189  0.0180  0.0183
  0.0205  0.0207  0.0199  0.0241  0.0234  0.0229  0.0215  0.0223  0.0200  0.0206  0.0190  0.0195
niter,ni,del,rscale     5    3    5.0000    1.2000
parameters
   -3.1274  -18.6644   10.5377  -13.9755  -11.2836   -7.3254
   -8.1615  -10.1624    9.6405   -2.1525   10.2413   -4.4594
eta,q 0.98258 11.89624
  0.0208  0.0212  0.0200  0.0226  0.0231  0.0211  0.0210  0.0223  0.0201  0.0206  0.0190  0.0194
  0.0190  0.0192  0.0185  0.0206  0.0206  0.0197  0.0191  0.0196  0.0187  0.0189  0.0182  0.0184
  0.0178  0.0179  0.0176  0.0188  0.0184  0.0186  0.0178  0.0179  0.0178  0.0178  0.0177  0.0177
  0.0174  0.0174  0.0174  0.0174  0.0174  0.0174  0.0174  0.0174  0.0174  0.0174  0.0174  0.0174
  0.0178  0.0178  0.0177  0.0175  0.0184  0.0168  0.0179  0.0180  0.0177  0.0177  0.0175  0.0176
  0.0189  0.0191  0.0186  0.0198  0.0208  0.0185  0.0192  0.0196  0.0187  0.0189  0.0180  0.0183
  0.0208  0.0210  0.0200  0.0236  0.0232  0.0227  0.0212  0.0224  0.0201  0.0206  0.0191  0.0195
niter,ni,del,rscale     4    3    5.0000    1.2000
parameters
   -3.1306  -18.6551   10.5347  -13.9616  -11.2904   -7.3300
   -8.1628  -10.1723    9.6337   -2.1443   10.2445   -4.4672
eta,q 0.98258 11.89637
  0.0208  0.0212  0.0200  0.0226  0.0232  0.0211  0.0211  0.0223  0.0201  0.0206  0.0189  0.0194
  0.0190  0.0192  0.0185  0.0206  0.0206  0.0197  0.0192  0.0196  0.0187  0.0189  0.0182  0.0184
  0.0178  0.0179  0.0176  0.0188  0.0185  0.0186  0.0179  0.0180  0.0177  0.0178  0.0177  0.0177
  0.0174  0.0174  0.0174  0.0174  0.0174  0.0174  0.0174  0.0174  0.0174  0.0174  0.0174  0.0174
  0.0178  0.0179  0.0177  0.0175  0.0184  0.0167  0.0179  0.0179  0.0177  0.0177  0.0175  0.0176
  0.0190  0.0191  0.0186  0.0198  0.0207  0.0184  0.0192  0.0196  0.0187  0.0189  0.0180  0.0183
  0.0208  0.0211  0.0199  0.0236  0.0231  0.0227  0.0211  0.0223  0.0201  0.0206  0.0191  0.0195
registration optimization eta report
parameter search radius
    2.4000    2.7600    3.1740    9.5220    9.5220    8.2800
    8.2800    7.2000    8.2800    7.2000    8.2800    8.2800
100000*second partial in parameter space
       58.       49.       25.        6.        6.        7.
        5.        9.        4.        6.        2.        3.
  0.0208  0.0212  0.0200  0.0226  0.0232  0.0211  0.0211  0.0223  0.0201  0.0206  0.0189  0.0194
  0.0190  0.0192  0.0185  0.0206  0.0206  0.0197  0.0192  0.0196  0.0187  0.0189  0.0182  0.0184
  0.0178  0.0179  0.0176  0.0188  0.0185  0.0186  0.0179  0.0180  0.0177  0.0178  0.0177  0.0177
  0.0174  0.0174  0.0174  0.0174  0.0174  0.0174  0.0174  0.0174  0.0174  0.0174  0.0174  0.0174
  0.0178  0.0179  0.0177  0.0175  0.0184  0.0167  0.0179  0.0179  0.0177  0.0177  0.0175  0.0176
  0.0190  0.0191  0.0186  0.0198  0.0207  0.0184  0.0192  0.0196  0.0187  0.0189  0.0180  0.0183
  0.0208  0.0211  0.0199  0.0236  0.0231  0.0227  0.0211  0.0223  0.0201  0.0206  0.0191  0.0195
   -3.1306  -18.6551   10.5347  -13.9616  -11.2904   -7.3300
   -8.1628  -10.1723    9.6337   -2.1443   10.2445   -4.4672
eta,q 0.98258 11.89637

---------------------------------------------------------------------
imgreg_4dfp /opt/freesurfer/average/711-2C_as_mni_average_305 /opt/freesurfer/average/711-2B_as_mni_average_305_mask talsrcimg_g11 none talsrcimg_to_711-2C_as_mni_average_305_t4 2311
---------------------------------------------------------------------

freesurfer imgreg_4dfp.c
/opt/freesurfer/average/711-2C_as_mni_average_305.4dfp.img
       256       256       256         1
  1.000000  1.000000  1.000000
orientation T byte_order littleendian
Reading image: /opt/freesurfer/average/711-2C_as_mni_average_305.4dfp.img
dimensions:      256       256       256
mmppix:       1.0000   -1.0000   -1.0000
center:     128.0000 -129.0000 -129.0000
/opt/freesurfer/average/711-2B_as_mni_average_305_mask.4dfp.img
       256       256       256         1
  1.000000  1.000000  1.000000
orientation T byte_order littleendian
Reading mask: /opt/freesurfer/average/711-2B_as_mni_average_305_mask.4dfp.img (2306576 pixels)
talsrcimg_g11.4dfp.img
       256       256       256         1
  1.000000  1.000000  1.000000
orientation T byte_order littleendian
Reading image: talsrcimg_g11.4dfp.img
dimensions:      256       256       256
mmppix:       1.0000   -1.0000   -1.0000
center:     128.0000 -129.0000 -129.0000
fimgreg.f
image alignment mode   2311 decimal      907 hex
parameters
   -3.1306  -18.6551   10.5347  -13.9616  -11.2904   -7.3300
   -8.1628  -10.1723    9.6337   -2.1443   10.2445   -4.4672
eta,q 0.98258 11.89636
niter,ni,del,rscale     5    3    5.0000    0.8000
parameters
   -3.1273  -18.6583   10.4614  -12.8846  -11.3898   -5.7057
   -8.1464  -10.4557    9.4213   -2.1790    9.8422   -4.6302
eta,q 0.98327 11.94726
  0.0190  0.0187  0.0180  0.0197  0.0192  0.0193  0.0182  0.0195  0.0177  0.0185  0.0174  0.0175
  0.0181  0.0180  0.0177  0.0188  0.0182  0.0186  0.0174  0.0179  0.0171  0.0176  0.0170  0.0171
  0.0176  0.0176  0.0175  0.0180  0.0175  0.0179  0.0169  0.0169  0.0168  0.0170  0.0168  0.0168
  0.0174  0.0174  0.0174  0.0174  0.0172  0.0172  0.0167  0.0168  0.0167  0.0167  0.0167  0.0167
  0.0176  0.0176  0.0175  0.0172  0.0175  0.0168  0.0169  0.0173  0.0169  0.0169  0.0169  0.0168
  0.0181  0.0180  0.0177  0.0176  0.0183  0.0168  0.0174  0.0184  0.0173  0.0175  0.0172  0.0171
  0.0190  0.0187  0.0181  0.0185  0.0195  0.0179  0.0182  0.0201  0.0179  0.0186  0.0178  0.0177
niter,ni,del,rscale     4    3    5.0000    0.7000
parameters
   -3.1364  -18.6774   10.6884  -13.0859  -11.6045   -5.5353
   -8.0464  -10.4046    9.5141   -2.1615    9.8551   -4.5749
eta,q 0.98332 11.94545
  0.0181  0.0178  0.0177  0.0182  0.0182  0.0184  0.0179  0.0191  0.0175  0.0180  0.0173  0.0173
  0.0173  0.0172  0.0172  0.0175  0.0175  0.0178  0.0172  0.0178  0.0171  0.0173  0.0170  0.0170
  0.0169  0.0168  0.0169  0.0169  0.0169  0.0172  0.0168  0.0169  0.0168  0.0169  0.0168  0.0168
  0.0167  0.0167  0.0167  0.0167  0.0167  0.0167  0.0167  0.0167  0.0167  0.0167  0.0167  0.0167
  0.0169  0.0169  0.0167  0.0169  0.0170  0.0166  0.0168  0.0170  0.0168  0.0168  0.0167  0.0167
  0.0174  0.0172  0.0169  0.0176  0.0177  0.0172  0.0172  0.0177  0.0170  0.0173  0.0169  0.0170
  0.0181  0.0178  0.0172  0.0187  0.0187  0.0186  0.0178  0.0189  0.0174  0.0181  0.0173  0.0173
niter,ni,del,rscale     3    3    5.0000    0.6000
parameters
   -3.1410  -18.6756   10.7099  -13.0336  -11.6231   -5.3411
   -8.0755  -10.4556    9.5054   -2.1708    9.8311   -4.6196
eta,q 0.98335 11.94847
  0.0177  0.0175  0.0172  0.0179  0.0179  0.0181  0.0175  0.0184  0.0172  0.0177  0.0171  0.0171
  0.0171  0.0170  0.0169  0.0174  0.0173  0.0176  0.0170  0.0174  0.0169  0.0171  0.0169  0.0169
  0.0168  0.0168  0.0167  0.0169  0.0169  0.0171  0.0167  0.0168  0.0167  0.0168  0.0167  0.0167
  0.0167  0.0167  0.0167  0.0167  0.0167  0.0167  0.0166  0.0166  0.0166  0.0166  0.0166  0.0166
  0.0168  0.0168  0.0167  0.0168  0.0168  0.0166  0.0167  0.0169  0.0167  0.0167  0.0167  0.0167
  0.0171  0.0170  0.0169  0.0172  0.0173  0.0171  0.0170  0.0175  0.0169  0.0171  0.0169  0.0169
  0.0177  0.0175  0.0172  0.0180  0.0180  0.0181  0.0175  0.0184  0.0172  0.0177  0.0171  0.0171
niter,ni,del,rscale     2    3    5.0000    0.5000
parameters
   -3.1442  -18.6780   10.7354  -13.0064  -11.6211   -5.1335
   -8.0614  -10.5005    9.4869   -2.1609    9.8004   -4.6689
eta,q 0.98339 11.95127
  0.0173  0.0172  0.0170  0.0176  0.0176  0.0177  0.0172  0.0179  0.0170  0.0173  0.0169  0.0169
  0.0170  0.0169  0.0168  0.0171  0.0171  0.0173  0.0169  0.0171  0.0168  0.0170  0.0168  0.0168
  0.0167  0.0167  0.0167  0.0168  0.0168  0.0169  0.0167  0.0167  0.0166  0.0167  0.0166  0.0166
  0.0166  0.0166  0.0166  0.0166  0.0166  0.0166  0.0166  0.0166  0.0166  0.0166  0.0166  0.0166
  0.0167  0.0167  0.0167  0.0167  0.0167  0.0166  0.0167  0.0168  0.0166  0.0167  0.0166  0.0166
  0.0170  0.0169  0.0168  0.0170  0.0171  0.0169  0.0169  0.0172  0.0168  0.0169  0.0168  0.0168
  0.0174  0.0172  0.0170  0.0176  0.0176  0.0177  0.0172  0.0179  0.0170  0.0174  0.0170  0.0170
niter,ni,del,rscale     1    3    5.0000    0.4000
parameters
   -3.1477  -18.6844   10.7673  -12.9966  -11.6266   -4.9431
   -8.0391  -10.5394    9.4880   -2.1469    9.7706   -4.7314
eta,q 0.98342 11.95328
  0.0171  0.0170  0.0169  0.0172  0.0172  0.0174  0.0170  0.0174  0.0168  0.0171  0.0168  0.0168
  0.0168  0.0168  0.0167  0.0169  0.0169  0.0171  0.0168  0.0169  0.0167  0.0168  0.0167  0.0167
  0.0167  0.0166  0.0166  0.0167  0.0167  0.0168  0.0166  0.0167  0.0166  0.0166  0.0166  0.0166
  0.0166  0.0166  0.0166  0.0166  0.0166  0.0166  0.0166  0.0166  0.0166  0.0166  0.0166  0.0166
  0.0167  0.0166  0.0166  0.0167  0.0167  0.0166  0.0166  0.0167  0.0166  0.0166  0.0166  0.0166
  0.0168  0.0168  0.0167  0.0169  0.0169  0.0168  0.0167  0.0170  0.0167  0.0168  0.0167  0.0167
  0.0171  0.0170  0.0168  0.0172  0.0172  0.0173  0.0170  0.0174  0.0168  0.0171  0.0168  0.0168
registration optimization eta report
parameter search radius
    0.8000    0.8000    0.8000    2.4000    2.4000    2.4000
    2.4000    2.4000    2.4000    2.4000    2.4000    2.4000
100000*second partial in parameter space
       73.       56.       39.       11.       11.       13.
        7.       14.        5.        9.        4.        4.
  0.0171  0.0170  0.0169  0.0172  0.0172  0.0174  0.0170  0.0174  0.0168  0.0171  0.0168  0.0168
  0.0168  0.0168  0.0167  0.0169  0.0169  0.0171  0.0168  0.0169  0.0167  0.0168  0.0167  0.0167
  0.0167  0.0166  0.0166  0.0167  0.0167  0.0168  0.0166  0.0167  0.0166  0.0166  0.0166  0.0166
  0.0166  0.0166  0.0166  0.0166  0.0166  0.0166  0.0166  0.0166  0.0166  0.0166  0.0166  0.0166
  0.0167  0.0166  0.0166  0.0167  0.0167  0.0166  0.0166  0.0167  0.0166  0.0166  0.0166  0.0166
  0.0168  0.0168  0.0167  0.0169  0.0169  0.0168  0.0167  0.0170  0.0167  0.0168  0.0167  0.0167
  0.0171  0.0170  0.0168  0.0172  0.0172  0.0173  0.0170  0.0174  0.0168  0.0171  0.0168  0.0168
   -3.1477  -18.6844   10.7673  -12.9966  -11.6266   -4.9431
   -8.0391  -10.5394    9.4880   -2.1469    9.7706   -4.7314
eta,q 0.98342 11.95328

---------------------------------------------------------------------
imgreg_4dfp /opt/freesurfer/average/711-2C_as_mni_average_305 /opt/freesurfer/average/711-2B_as_mni_average_305_mask talsrcimg_g11 none talsrcimg_to_711-2C_as_mni_average_305_t4 2311
---------------------------------------------------------------------

freesurfer imgreg_4dfp.c
/opt/freesurfer/average/711-2C_as_mni_average_305.4dfp.img
       256       256       256         1
  1.000000  1.000000  1.000000
orientation T byte_order littleendian
Reading image: /opt/freesurfer/average/711-2C_as_mni_average_305.4dfp.img
dimensions:      256       256       256
mmppix:       1.0000   -1.0000   -1.0000
center:     128.0000 -129.0000 -129.0000
/opt/freesurfer/average/711-2B_as_mni_average_305_mask.4dfp.img
       256       256       256         1
  1.000000  1.000000  1.000000
orientation T byte_order littleendian
Reading mask: /opt/freesurfer/average/711-2B_as_mni_average_305_mask.4dfp.img (2306576 pixels)
talsrcimg_g11.4dfp.img
       256       256       256         1
  1.000000  1.000000  1.000000
orientation T byte_order littleendian
Reading image: talsrcimg_g11.4dfp.img
dimensions:      256       256       256
mmppix:       1.0000   -1.0000   -1.0000
center:     128.0000 -129.0000 -129.0000
fimgreg.f
image alignment mode   2311 decimal      907 hex
parameters
   -3.1477  -18.6844   10.7673  -12.9966  -11.6266   -4.9431
   -8.0391  -10.5394    9.4880   -2.1469    9.7706   -4.7314
eta,q 0.98342 11.95327
niter,ni,del,rscale     5    3    5.0000    0.8000
parameters
   -3.1556  -18.6842   10.8253  -13.3277  -11.8023   -5.5059
   -8.0624  -10.3863    9.5806   -2.1944    9.8752   -4.5236
eta,q 0.98328 11.93967
  0.0184  0.0180  0.0177  0.0184  0.0186  0.0185  0.0181  0.0198  0.0178  0.0184  0.0175  0.0176
  0.0174  0.0172  0.0171  0.0175  0.0176  0.0178  0.0174  0.0181  0.0172  0.0175  0.0171  0.0171
  0.0168  0.0167  0.0167  0.0169  0.0169  0.0171  0.0169  0.0171  0.0169  0.0169  0.0168  0.0168
  0.0166  0.0166  0.0166  0.0166  0.0166  0.0166  0.0167  0.0167  0.0167  0.0167  0.0167  0.0167
  0.0168  0.0167  0.0167  0.0169  0.0169  0.0168  0.0169  0.0170  0.0168  0.0169  0.0168  0.0168
  0.0174  0.0172  0.0170  0.0178  0.0177  0.0181  0.0174  0.0179  0.0171  0.0175  0.0170  0.0170
  0.0184  0.0180  0.0175  0.0192  0.0190  0.0203  0.0182  0.0194  0.0177  0.0185  0.0175  0.0175
niter,ni,del,rscale     4    3    5.0000    0.7000
parameters
   -3.1492  -18.6700   10.7204  -13.0936  -11.6881   -5.5272
   -8.1105  -10.4165    9.5346   -2.2018    9.8687   -4.5392
eta,q 0.98331 11.94445
  0.0181  0.0178  0.0173  0.0184  0.0184  0.0183  0.0178  0.0190  0.0175  0.0180  0.0173  0.0173
  0.0173  0.0172  0.0169  0.0177  0.0176  0.0177  0.0172  0.0177  0.0170  0.0173  0.0170  0.0170
  0.0169  0.0168  0.0168  0.0171  0.0170  0.0171  0.0168  0.0169  0.0168  0.0169  0.0168  0.0168
  0.0167  0.0167  0.0167  0.0167  0.0167  0.0167  0.0167  0.0167  0.0167  0.0167  0.0167  0.0167
  0.0169  0.0168  0.0168  0.0168  0.0168  0.0166  0.0168  0.0170  0.0168  0.0168  0.0167  0.0168
  0.0173  0.0172  0.0171  0.0173  0.0174  0.0173  0.0172  0.0178  0.0171  0.0173  0.0170  0.0170
  0.0180  0.0177  0.0175  0.0182  0.0183  0.0188  0.0178  0.0190  0.0175  0.0181  0.0173  0.0173
niter,ni,del,rscale     3    3    5.0000    0.6000
parameters
   -3.1442  -18.6727   10.7143  -13.0220  -11.6426   -5.3397
   -8.0885  -10.4593    9.5023   -2.1867    9.8353   -4.6057
eta,q 0.98336 11.94832
  0.0177  0.0175  0.0172  0.0180  0.0180  0.0181  0.0175  0.0184  0.0172  0.0177  0.0171  0.0171
  0.0171  0.0170  0.0169  0.0174  0.0174  0.0176  0.0170  0.0174  0.0169  0.0171  0.0169  0.0169
  0.0168  0.0168  0.0167  0.0169  0.0169  0.0171  0.0167  0.0168  0.0167  0.0168  0.0167  0.0167
  0.0167  0.0167  0.0167  0.0167  0.0167  0.0167  0.0166  0.0166  0.0166  0.0166  0.0166  0.0166
  0.0168  0.0168  0.0168  0.0168  0.0168  0.0166  0.0167  0.0169  0.0167  0.0167  0.0167  0.0167
  0.0171  0.0170  0.0169  0.0172  0.0172  0.0171  0.0170  0.0175  0.0169  0.0171  0.0169  0.0169
  0.0177  0.0175  0.0172  0.0180  0.0180  0.0181  0.0175  0.0184  0.0172  0.0177  0.0171  0.0172
niter,ni,del,rscale     2    3    5.0000    0.5000
parameters
   -3.1453  -18.6789   10.7415  -13.0051  -11.6286   -5.1267
   -8.0620  -10.5009    9.4920   -2.1746    9.8064   -4.6643
eta,q 0.98340 11.95124
  0.0174  0.0172  0.0170  0.0176  0.0176  0.0177  0.0172  0.0179  0.0170  0.0173  0.0169  0.0169
  0.0170  0.0169  0.0168  0.0171  0.0171  0.0173  0.0169  0.0171  0.0168  0.0170  0.0168  0.0168
  0.0167  0.0167  0.0167  0.0168  0.0168  0.0169  0.0167  0.0167  0.0166  0.0167  0.0166  0.0166
  0.0166  0.0166  0.0166  0.0166  0.0166  0.0166  0.0166  0.0166  0.0166  0.0166  0.0166  0.0166
  0.0167  0.0167  0.0167  0.0167  0.0167  0.0166  0.0167  0.0168  0.0166  0.0167  0.0166  0.0166
  0.0170  0.0169  0.0168  0.0170  0.0170  0.0169  0.0169  0.0172  0.0168  0.0169  0.0168  0.0168
  0.0174  0.0172  0.0170  0.0176  0.0176  0.0177  0.0172  0.0179  0.0170  0.0174  0.0170  0.0170
niter,ni,del,rscale     1    3    5.0000    0.4000
parameters
   -3.1462  -18.6856   10.7682  -12.9999  -11.6291   -4.9428
   -8.0369  -10.5399    9.4814   -2.1566    9.7840   -4.7256
eta,q 0.98342 11.95314
  0.0171  0.0170  0.0169  0.0172  0.0172  0.0174  0.0170  0.0174  0.0168  0.0171  0.0168  0.0168
  0.0168  0.0168  0.0167  0.0169  0.0169  0.0171  0.0168  0.0169  0.0167  0.0168  0.0167  0.0167
  0.0167  0.0166  0.0166  0.0167  0.0167  0.0168  0.0166  0.0167  0.0166  0.0166  0.0166  0.0166
  0.0166  0.0166  0.0166  0.0166  0.0166  0.0166  0.0166  0.0166  0.0166  0.0166  0.0166  0.0166
  0.0167  0.0166  0.0166  0.0167  0.0167  0.0166  0.0166  0.0167  0.0166  0.0166  0.0166  0.0166
  0.0168  0.0168  0.0167  0.0169  0.0169  0.0168  0.0167  0.0170  0.0167  0.0168  0.0167  0.0167
  0.0171  0.0170  0.0168  0.0172  0.0172  0.0173  0.0170  0.0174  0.0169  0.0171  0.0168  0.0168
registration optimization eta report
parameter search radius
    0.8000    0.8000    0.8000    2.4000    2.4000    2.4000
    2.4000    2.4000    2.4000    2.4000    2.4000    2.4000
100000*second partial in parameter space
       72.       56.       39.       11.       11.       13.
        7.       15.        5.        9.        4.        4.
  0.0171  0.0170  0.0169  0.0172  0.0172  0.0174  0.0170  0.0174  0.0168  0.0171  0.0168  0.0168
  0.0168  0.0168  0.0167  0.0169  0.0169  0.0171  0.0168  0.0169  0.0167  0.0168  0.0167  0.0167
  0.0167  0.0166  0.0166  0.0167  0.0167  0.0168  0.0166  0.0167  0.0166  0.0166  0.0166  0.0166
  0.0166  0.0166  0.0166  0.0166  0.0166  0.0166  0.0166  0.0166  0.0166  0.0166  0.0166  0.0166
  0.0167  0.0166  0.0166  0.0167  0.0167  0.0166  0.0166  0.0167  0.0166  0.0166  0.0166  0.0166
  0.0168  0.0168  0.0167  0.0169  0.0169  0.0168  0.0167  0.0170  0.0167  0.0168  0.0167  0.0167
  0.0171  0.0170  0.0168  0.0172  0.0172  0.0173  0.0170  0.0174  0.0169  0.0171  0.0168  0.0168
   -3.1462  -18.6856   10.7682  -12.9999  -11.6291   -4.9428
   -8.0369  -10.5399    9.4814   -2.1566    9.7840   -4.7256
eta,q 0.98342 11.95314

---------------------------------------------------------------------
compute_vox2vox talsrcimg talsrcimg_to_711-2C_as_mni_average_305_t4 /opt/freesurfer/average/711-2C_as_mni_average_305
---------------------------------------------------------------------

freesurfer compute_vox2vox.c
Reading: talsrcimg.4dfp.ifh
Reading: talsrcimg_to_711-2C_as_mni_average_305_t4
Reading: /opt/freesurfer/average/711-2C_as_mni_average_305.4dfp.ifh
Writing: talsrcimg_to_711-2C_as_mni_average_305_t4_vox2vox.txt

start time Wed Mar 11 11:02:51 CET 2026
end		time Wed Mar 11 11:04:17 CET 2026

mpr2mni305 success

avi2talxfm orig_nu.mgz /opt/freesurfer/average/mni305.cor.mgz talsrcimg_to_711-2C_as_mni_average_305_t4_vox2vox.txt transforms/talairach.auto.xfm
avi2talxfm done
mv -f /out/sourcedata/freesurfer/sub-v2s16x51258_ses-1/mri/talsrcimg_to_711-2C_as_mni_average_305_t4_vox2vox.txt /out/sourcedata/freesurfer/sub-v2s16x51258_ses-1/mri/transforms/talsrcimg_to_711-2C_as_mni_average_305_t4_vox2vox.txt
lta_convert --src orig_nu.mgz --trg /opt/freesurfer/average/mni305.cor.mgz --inxfm transforms/talairach.auto.xfm --outlta transforms/talairach.auto.xfm.lta --subject fsaverage
7.3.2

--src: orig_nu.mgz src image (geometry).
--trg: /opt/freesurfer/average/mni305.cor.mgz trg image (geometry).
--inmni: transforms/talairach.auto.xfm input MNI/XFM transform.
--outlta: transforms/talairach.auto.xfm.lta output LTA.
--s: fsaverage subject name
 LTA read, type : 1
 1.12327   0.12702   0.10895   10.83049;
-0.12175   1.03951   0.04451  -15.64404;
-0.12349   0.01174   1.12099   6.84883;
 0.00000   0.00000   0.00000   1.00000;
setting subject to fsaverage
Writing  LTA to file transforms/talairach.auto.xfm.lta...
lta_convert successful.
 
 
Started at Wed Mar 11 11:02:50 CET 2026
Ended   at Wed Mar 11 11:04:18 CET 2026
talairach_avi done
