status file for recon-all
Wed Mar 11 11:53:06 CET 2026
#@# Tessellate lh Wed Mar 11 11:53:06 CET 2026
#@# Smooth1 lh Wed Mar 11 11:53:09 CET 2026
#@# Inflation1 lh Wed Mar 11 11:53:12 CET 2026
#@# QSphere lh Wed Mar 11 11:53:28 CET 2026
#@# Fix Topology lh Wed Mar 11 11:54:38 CET 2026
#@# Smooth2 lh Wed Mar 11 12:00:02 CET 2026
#@# Inflation2 lh Wed Mar 11 12:00:05 CET 2026
#@# Curv .H and .K lh Wed Mar 11 12:00:18 CET 2026
#@# Sphere lh Wed Mar 11 12:00:59 CET 2026
#@# Surf Reg lh Wed Mar 11 12:05:13 CET 2026
#@# Jacobian white lh Wed Mar 11 12:09:50 CET 2026
#@# AvgCurv lh Wed Mar 11 12:09:51 CET 2026
#@# Cortical Parc lh Wed Mar 11 12:09:52 CET 2026
#@# white curv lh Wed Mar 11 12:15:59 CET 2026
#@# white area lh Wed Mar 11 12:16:01 CET 2026
#@# pial curv lh Wed Mar 11 12:16:01 CET 2026
#@# pial area lh Wed Mar 11 12:16:03 CET 2026
#@# thickness lh Wed Mar 11 12:16:04 CET 2026
#@# area and vertex vol lh Wed Mar 11 12:16:32 CET 2026
#@# Curvature Stats lh Wed Mar 11 12:16:33 CET 2026
#@# Cortical Parc 2 lh Wed Mar 11 12:16:35 CET 2026
#@# Cortical Parc 3 lh Wed Mar 11 12:16:49 CET 2026
#@# WM/GM Contrast lh Wed Mar 11 12:16:58 CET 2026
recon-all -s sub-v2s16x51234_ses-1 finished without error at Wed Mar 11 12:17:01 CET 2026



#New# invocation of recon-all 



status file for recon-all
Wed Mar 11 12:45:14 CET 2026
#@# white curv lh Wed Mar 11 12:45:14 CET 2026
#@# white area lh Wed Mar 11 12:45:14 CET 2026
#@# pial curv lh Wed Mar 11 12:45:14 CET 2026
#@# pial area lh Wed Mar 11 12:45:14 CET 2026
#@# thickness lh Wed Mar 11 12:45:14 CET 2026
#@# area and vertex vol lh Wed Mar 11 12:45:14 CET 2026
#@# Parcellation Stats lh Wed Mar 11 12:45:14 CET 2026
#@# Parcellation Stats 2 lh Wed Mar 11 12:45:30 CET 2026
#@# Parcellation Stats 3 lh Wed Mar 11 12:45:38 CET 2026
#@# BA_exvivo Labels lh Wed Mar 11 12:45:46 CET 2026
recon-all -s sub-v2s16x51234_ses-1 finished without error at Wed Mar 11 12:48:08 CET 2026
