status file for recon-all
Wed Mar 11 10:06:54 CET 2026
#@# MotionCor Wed Mar 11 10:06:57 CET 2026
#@# Talairach Wed Mar 11 10:07:05 CET 2026
#@# Talairach Failure Detection Wed Mar 11 10:11:35 CET 2026
#@# Nu Intensity Correction Wed Mar 11 10:11:35 CET 2026
#@# Intensity Normalization Wed Mar 11 10:14:50 CET 2026
recon-all -s sub-v2s16x51234_ses-1 finished without error at Wed Mar 11 10:16:18 CET 2026



#New# invocation of recon-all 



status file for recon-all
Wed Mar 11 10:22:43 CET 2026
#@# EM Registration Wed Mar 11 10:22:43 CET 2026
recon-all -s sub-v2s16x51234_ses-1 finished without error at Wed Mar 11 10:24:33 CET 2026



#New# invocation of recon-all 



status file for recon-all
Wed Mar 11 10:24:35 CET 2026
#@# CA Normalize Wed Mar 11 10:24:35 CET 2026
#@# CA Reg Wed Mar 11 10:25:53 CET 2026
#@# SubCort Seg Wed Mar 11 11:20:59 CET 2026
#@# CC Seg Wed Mar 11 11:47:23 CET 2026
#@# Merge ASeg Wed Mar 11 11:47:58 CET 2026
#@# Intensity Normalization2 Wed Mar 11 11:47:58 CET 2026
#@# Mask BFS Wed Mar 11 11:50:07 CET 2026
#@# WM Segmentation Wed Mar 11 11:50:08 CET 2026
#@# Fill Wed Mar 11 11:51:57 CET 2026
recon-all -s sub-v2s16x51234_ses-1 finished without error at Wed Mar 11 11:53:01 CET 2026



#New# invocation of recon-all 



status file for recon-all
Wed Mar 11 12:40:08 CET 2026
#@# white curv lh Wed Mar 11 12:40:08 CET 2026
#@# white area lh Wed Mar 11 12:40:08 CET 2026
#@# pial curv lh Wed Mar 11 12:40:08 CET 2026
#@# pial area lh Wed Mar 11 12:40:08 CET 2026
#@# thickness lh Wed Mar 11 12:40:08 CET 2026
#@# area and vertex vol lh Wed Mar 11 12:40:08 CET 2026
#@# white curv rh Wed Mar 11 12:40:08 CET 2026
#@# white area rh Wed Mar 11 12:40:08 CET 2026
#@# pial curv rh Wed Mar 11 12:40:08 CET 2026
#@# pial area rh Wed Mar 11 12:40:08 CET 2026
#@# thickness rh Wed Mar 11 12:40:08 CET 2026
#@# area and vertex vol rh Wed Mar 11 12:40:08 CET 2026
#@# Cortical ribbon mask Wed Mar 11 12:40:08 CET 2026
recon-all -s sub-v2s16x51234_ses-1 finished without error at Wed Mar 11 12:45:10 CET 2026



#New# invocation of recon-all 



status file for recon-all
Wed Mar 11 12:51:08 CET 2026
#@# white curv lh Wed Mar 11 12:51:08 CET 2026
#@# white area lh Wed Mar 11 12:51:08 CET 2026
#@# pial curv lh Wed Mar 11 12:51:08 CET 2026
#@# pial area lh Wed Mar 11 12:51:08 CET 2026
#@# thickness lh Wed Mar 11 12:51:08 CET 2026
#@# area and vertex vol lh Wed Mar 11 12:51:08 CET 2026
#@# white curv rh Wed Mar 11 12:51:08 CET 2026
#@# white area rh Wed Mar 11 12:51:08 CET 2026
#@# pial curv rh Wed Mar 11 12:51:08 CET 2026
#@# pial area rh Wed Mar 11 12:51:08 CET 2026
#@# thickness rh Wed Mar 11 12:51:08 CET 2026
#@# area and vertex vol rh Wed Mar 11 12:51:08 CET 2026
#@# Curvature Stats lh Wed Mar 11 12:51:08 CET 2026
#@# Curvature Stats rh Wed Mar 11 12:51:10 CET 2026
#@# Relabel Hypointensities Wed Mar 11 12:51:13 CET 2026
#@# APas-to-ASeg Wed Mar 11 12:51:27 CET 2026
#@# AParc-to-ASeg aparc Wed Mar 11 12:51:35 CET 2026
#@# AParc-to-ASeg aparc.a2009s Wed Mar 11 12:52:14 CET 2026
#@# AParc-to-ASeg aparc.DKTatlas Wed Mar 11 12:52:49 CET 2026
#@# WMParc Wed Mar 11 12:53:22 CET 2026
#@# ASeg Stats Wed Mar 11 12:57:41 CET 2026
recon-all -s sub-v2s16x51234_ses-1 finished without error at Wed Mar 11 12:58:21 CET 2026
