status file for recon-all
Wed Mar 11 10:59:44 CET 2026
#@# MotionCor Wed Mar 11 10:59:47 CET 2026
#@# Talairach Wed Mar 11 10:59:55 CET 2026
#@# Talairach Failure Detection Wed Mar 11 11:04:20 CET 2026
#@# Nu Intensity Correction Wed Mar 11 11:04:20 CET 2026
#@# Intensity Normalization Wed Mar 11 11:07:37 CET 2026
recon-all -s sub-v2s16x51258_ses-1 finished without error at Wed Mar 11 11:09:00 CET 2026



#New# invocation of recon-all 



status file for recon-all
Wed Mar 11 11:15:42 CET 2026
#@# EM Registration Wed Mar 11 11:15:42 CET 2026
recon-all -s sub-v2s16x51258_ses-1 finished without error at Wed Mar 11 11:18:00 CET 2026



#New# invocation of recon-all 



status file for recon-all
Wed Mar 11 11:18:02 CET 2026
#@# CA Normalize Wed Mar 11 11:18:02 CET 2026
#@# CA Reg Wed Mar 11 11:19:22 CET 2026
#@# SubCort Seg Wed Mar 11 12:12:09 CET 2026
#@# CC Seg Wed Mar 11 12:44:22 CET 2026
#@# Merge ASeg Wed Mar 11 12:45:13 CET 2026
#@# Intensity Normalization2 Wed Mar 11 12:45:13 CET 2026
#@# Mask BFS Wed Mar 11 12:47:22 CET 2026
#@# WM Segmentation Wed Mar 11 12:47:23 CET 2026
#@# Fill Wed Mar 11 12:49:11 CET 2026
recon-all -s sub-v2s16x51258_ses-1 finished without error at Wed Mar 11 12:50:14 CET 2026



#New# invocation of recon-all 



status file for recon-all
Wed Mar 11 13:38:43 CET 2026
#@# white curv lh Wed Mar 11 13:38:43 CET 2026
#@# white area lh Wed Mar 11 13:38:43 CET 2026
#@# pial curv lh Wed Mar 11 13:38:43 CET 2026
#@# pial area lh Wed Mar 11 13:38:44 CET 2026
#@# thickness lh Wed Mar 11 13:38:44 CET 2026
#@# area and vertex vol lh Wed Mar 11 13:38:44 CET 2026
#@# white curv rh Wed Mar 11 13:38:44 CET 2026
#@# white area rh Wed Mar 11 13:38:44 CET 2026
#@# pial curv rh Wed Mar 11 13:38:44 CET 2026
#@# pial area rh Wed Mar 11 13:38:44 CET 2026
#@# thickness rh Wed Mar 11 13:38:44 CET 2026
#@# area and vertex vol rh Wed Mar 11 13:38:44 CET 2026
#@# Cortical ribbon mask Wed Mar 11 13:38:44 CET 2026
recon-all -s sub-v2s16x51258_ses-1 finished without error at Wed Mar 11 13:43:50 CET 2026



#New# invocation of recon-all 



status file for recon-all
Wed Mar 11 13:50:21 CET 2026
#@# white curv lh Wed Mar 11 13:50:21 CET 2026
#@# white area lh Wed Mar 11 13:50:21 CET 2026
#@# pial curv lh Wed Mar 11 13:50:21 CET 2026
#@# pial area lh Wed Mar 11 13:50:21 CET 2026
#@# thickness lh Wed Mar 11 13:50:21 CET 2026
#@# area and vertex vol lh Wed Mar 11 13:50:21 CET 2026
#@# white curv rh Wed Mar 11 13:50:21 CET 2026
#@# white area rh Wed Mar 11 13:50:21 CET 2026
#@# pial curv rh Wed Mar 11 13:50:21 CET 2026
#@# pial area rh Wed Mar 11 13:50:21 CET 2026
#@# thickness rh Wed Mar 11 13:50:21 CET 2026
#@# area and vertex vol rh Wed Mar 11 13:50:21 CET 2026
#@# Curvature Stats lh Wed Mar 11 13:50:21 CET 2026
#@# Curvature Stats rh Wed Mar 11 13:50:23 CET 2026
#@# Relabel Hypointensities Wed Mar 11 13:50:25 CET 2026
#@# APas-to-ASeg Wed Mar 11 13:50:40 CET 2026
#@# AParc-to-ASeg aparc Wed Mar 11 13:50:48 CET 2026
#@# AParc-to-ASeg aparc.a2009s Wed Mar 11 13:51:33 CET 2026
#@# AParc-to-ASeg aparc.DKTatlas Wed Mar 11 13:52:13 CET 2026
#@# WMParc Wed Mar 11 13:52:49 CET 2026
#@# ASeg Stats Wed Mar 11 13:57:26 CET 2026
recon-all -s sub-v2s16x51258_ses-1 finished without error at Wed Mar 11 13:58:06 CET 2026
