status file for recon-all
Wed Mar 11 12:50:19 CET 2026
#@# Tessellate lh Wed Mar 11 12:50:19 CET 2026
#@# Smooth1 lh Wed Mar 11 12:50:22 CET 2026
#@# Inflation1 lh Wed Mar 11 12:50:25 CET 2026
#@# QSphere lh Wed Mar 11 12:50:38 CET 2026
#@# Fix Topology lh Wed Mar 11 12:52:01 CET 2026
#@# Smooth2 lh Wed Mar 11 12:57:42 CET 2026
#@# Inflation2 lh Wed Mar 11 12:57:45 CET 2026
#@# Curv .H and .K lh Wed Mar 11 12:57:59 CET 2026
#@# Sphere lh Wed Mar 11 12:58:42 CET 2026
#@# Surf Reg lh Wed Mar 11 13:02:48 CET 2026
#@# Jacobian white lh Wed Mar 11 13:07:12 CET 2026
#@# AvgCurv lh Wed Mar 11 13:07:13 CET 2026
#@# Cortical Parc lh Wed Mar 11 13:07:14 CET 2026
#@# white curv lh Wed Mar 11 13:13:34 CET 2026
#@# white area lh Wed Mar 11 13:13:36 CET 2026
#@# pial curv lh Wed Mar 11 13:13:36 CET 2026
#@# pial area lh Wed Mar 11 13:13:38 CET 2026
#@# thickness lh Wed Mar 11 13:13:39 CET 2026
#@# area and vertex vol lh Wed Mar 11 13:14:06 CET 2026
#@# Curvature Stats lh Wed Mar 11 13:14:07 CET 2026
#@# Cortical Parc 2 lh Wed Mar 11 13:14:10 CET 2026
#@# Cortical Parc 3 lh Wed Mar 11 13:14:23 CET 2026
#@# WM/GM Contrast lh Wed Mar 11 13:14:34 CET 2026
recon-all -s sub-v2s16x51258_ses-1 finished without error at Wed Mar 11 13:14:37 CET 2026



#New# invocation of recon-all 



status file for recon-all
Wed Mar 11 13:43:55 CET 2026
#@# white curv lh Wed Mar 11 13:43:55 CET 2026
#@# white area lh Wed Mar 11 13:43:55 CET 2026
#@# pial curv lh Wed Mar 11 13:43:55 CET 2026
#@# pial area lh Wed Mar 11 13:43:55 CET 2026
#@# thickness lh Wed Mar 11 13:43:55 CET 2026
#@# area and vertex vol lh Wed Mar 11 13:43:55 CET 2026
#@# Parcellation Stats lh Wed Mar 11 13:43:55 CET 2026
#@# Parcellation Stats 2 lh Wed Mar 11 13:44:11 CET 2026
#@# Parcellation Stats 3 lh Wed Mar 11 13:44:20 CET 2026
#@# BA_exvivo Labels lh Wed Mar 11 13:44:28 CET 2026
recon-all -s sub-v2s16x51258_ses-1 finished without error at Wed Mar 11 13:47:03 CET 2026
